2025-09-15 22:51:54,475 - INFO - Parsed arguments:
2025-09-15 22:51:54,475 - INFO -   amp_dtype = None
2025-09-15 22:51:54,475 - INFO -   bars_npy = /home/projects/bagon/andreyg/Projects/BMM_school/Universal_learning/Programming/bars/geq6wrong_21017_geq6correct_1525_imagenet.npy
2025-09-15 22:51:54,475 - INFO -   cka_layer_fraction = 0.05
2025-09-15 22:51:54,475 - INFO -   deterministic = True
2025-09-15 22:51:54,475 - INFO -   device = cuda
2025-09-15 22:51:54,475 - INFO -   epsilon = 0.001
2025-09-15 22:51:54,475 - INFO -   examples_csv = /home/projects/bagon/andreyg/Projects/BMM_school/Universal_learning/Programming/bars/geq6wrong_21017_geq6correct_1525_imagenet_examples_ammended.csv
2025-09-15 22:51:54,475 - INFO -   grad_clip_norm = 1.0
2025-09-15 22:51:54,475 - INFO -   hierarchy_json = /home/projects/bagon/andreyg/Projects/BMM_school/Universal_learning/Programming/bars/imagenet_synset_hierarchy.json
2025-09-15 22:51:54,475 - INFO -   imagenet_models_csv = /home/projects/bagon/andreyg/Projects/BMM_school/Universal_learning/Programming/bars/imagenet_models.csv
2025-09-15 22:51:54,475 - INFO -   lr = 0.0005
2025-09-15 22:51:54,475 - INFO -   max_examples = 150
2025-09-15 22:51:54,475 - INFO -   max_steps_per_example = 10000
2025-09-15 22:51:54,475 - INFO -   model_csv_name = mobilenetv3_small_075_224_lamb_imagenet_1k
2025-09-15 22:51:54,475 - INFO -   model_name = mobilenetv3_small_075.lamb_in1k
2025-09-15 22:51:54,475 - INFO -   no_amp = False
2025-09-15 22:51:54,475 - INFO -   output_dir = /home/projects/bagon/andreyg/Projects/BMM_school/Universal_learning/Programming/training_gradient_evaluator_single_loss/outputs_lr_0.0005_150_examples
2025-09-15 22:51:54,475 - INFO -   root_dir = None
2025-09-15 22:51:54,475 - INFO -   seed = 1337
2025-09-15 22:51:54,475 - INFO -   weight_decay = 0.0
2025-09-15 22:51:54,475 - INFO -   zero_aug_train = True
2025-09-15 22:51:54,505 - INFO - Loaded 50000 examples in difficulty order
2025-09-15 22:51:55,143 - INFO - Loaded TIMM pretrained weights for mobilenetv3_small_075.lamb_in1k
2025-09-15 22:51:55,143 - INFO - pretrained_cfg.url=https://github.com/rwightman/pytorch-image-models/releases/download/v0.1-weights/mobilenetv3_small_075_lambc-384766db.pth hf_hub_id=timm/mobilenetv3_small_075.lamb_in1k
2025-09-15 22:51:55,461 - INFO - Stored original model weights for reset
2025-09-15 22:51:55,490 - INFO - Training configuration:
2025-09-15 22:51:55,490 - INFO -   lr = 0.0005
2025-09-15 22:51:55,490 - INFO -   weight_decay = 0.0
2025-09-15 22:51:55,490 - INFO -   max_steps = 10000
2025-09-15 22:51:55,491 - INFO -   epsilon = 0.001
2025-09-15 22:51:55,491 - INFO -   device = cuda
2025-09-15 22:51:55,491 - INFO -   use_amp = True
2025-09-15 22:51:55,491 - INFO -   amp_dtype = bfloat16
2025-09-15 22:51:55,491 - INFO -   gradient_clip_norm = 1.0
2025-09-15 22:51:55,512 - INFO - Resolved model_csv_name='mobilenetv3_small_075_224_lamb_imagenet_1k' to mask_row_index=1016
2025-09-15 22:52:21,833 - INFO - Selected 150 wrong examples for training (sorted by difficulty)
2025-09-15 22:52:21,837 - INFO - Training examples (rank indices, 0-based): 21060, 21207, 21216, 21649, 21742, 21781, 22269, 22372, 22847, 22888, 23028, 23158, 23201, 23243, 23549, 23804, 23936, 24273, 24287, 24586, 24589, 24688, 24924, 24969, 25183, 25348, 25420, 25608, 25925, 26134, 26251, 26348, 26675, 27013, 27019, 27193, 28125, 28163, 28366, 28602, 28799, 28937, 29151, 29229, 29288, 29455, 29876, 29975, 30041, 30503, 30694, 30894, 31134, 31140, 31425, 31589, 32181, 32240, 32441, 32907, 33021, 33031, 33079, 33209, 33301, 33391, 33423, 33567, 33657, 33738, 33870, 33964, 34006, 34089, 34151, 34331, 34449, 34552, 34642, 34827, 35416, 36360, 36388, 36464, 36520, 36689, 36792, 36882, 37092, 37140, 37232, 37320, 37416, 38470, 38544, 38575, 38661, 38914, 39090, 39447, 39519, 39534, 39630, 39670, 40022, 40035, 40417, 40448, 40512, 40527, 40677, 41027, 41105, 41186, 41818, 42191, 42203, 42282, 42389, 42639, 42760, 42770, 42826, 42884, 42922, 42981, 43007, 43528, 43785, 44025, 44164, 44174, 44294, 44305, 44905, 44998, 45054, 46043, 46152, 46299, 46467, 46919, 46964, 47250, 47743, 47817, 47934, 47966, 47995, 48087
2025-09-15 22:52:21,867 - INFO - CKA layer subset: selecting 4/88 layers (~5%)
2025-09-15 22:52:23,063 - INFO - 
=== Training Example 1/150: /home/projects/bagon/shared/imagenet512/val/n01877812/ILSVRC2012_val_00031435.JPEG ===
2025-09-15 22:52:40,934 - INFO - Example /home/projects/bagon/shared/imagenet512/val/n01877812/ILSVRC2012_val_00031435.JPEG reached epsilon at step 428, loss sum: 35.5690, final loss: 0.00096130, weight distance: 0.0691
2025-09-15 22:52:41,861 - INFO - Example 1 completed: 428 steps, loss sum: 35.5690, final loss: 0.00096130, weight distance: 0.0691 (universal rank: 21061)
2025-09-15 22:52:41,861 - INFO - 
=== Training Example 2/150: /home/projects/bagon/shared/imagenet512/val/n01943899/ILSVRC2012_val_00036272.JPEG ===
2025-09-15 22:52:47,087 - INFO - Example /home/projects/bagon/shared/imagenet512/val/n01943899/ILSVRC2012_val_00036272.JPEG reached epsilon at step 124, loss sum: 46.2271, final loss: 0.00099182, weight distance: 0.0358
2025-09-15 22:52:48,079 - INFO - Example 2 completed: 124 steps, loss sum: 46.2271, final loss: 0.00099182, weight distance: 0.0358 (universal rank: 21208)
2025-09-15 22:52:48,079 - INFO - 
=== Training Example 3/150: /home/projects/bagon/shared/imagenet512/val/n04254680/ILSVRC2012_val_00005713.JPEG ===
2025-09-15 22:53:00,166 - INFO - Example /home/projects/bagon/shared/imagenet512/val/n04254680/ILSVRC2012_val_00005713.JPEG reached epsilon at step 292, loss sum: 5.6853, final loss: 0.00099182, weight distance: 0.0381
2025-09-15 22:53:01,242 - INFO - Example 3 completed: 292 steps, loss sum: 5.6853, final loss: 0.00099182, weight distance: 0.0381 (universal rank: 21217)
2025-09-15 22:53:01,242 - INFO - 
=== Training Example 4/150: /home/projects/bagon/shared/imagenet512/val/n03445777/ILSVRC2012_val_00046468.JPEG ===
2025-09-15 22:53:19,424 - INFO - Example /home/projects/bagon/shared/imagenet512/val/n03445777/ILSVRC2012_val_00046468.JPEG reached epsilon at step 442, loss sum: 123.2903, final loss: 0.00096893, weight distance: 0.0746
2025-09-15 22:53:20,179 - INFO - Example 4 completed: 442 steps, loss sum: 123.2903, final loss: 0.00096893, weight distance: 0.0746 (universal rank: 21650)
2025-09-15 22:53:20,180 - INFO - 
=== Training Example 5/150: /home/projects/bagon/shared/imagenet512/val/n02102040/ILSVRC2012_val_00008162.JPEG ===
2025-09-15 22:53:42,530 - INFO - Example /home/projects/bagon/shared/imagenet512/val/n02102040/ILSVRC2012_val_00008162.JPEG reached epsilon at step 542, loss sum: 7.3961, final loss: 0.00099182, weight distance: 0.0589
2025-09-15 22:53:43,258 - INFO - Example 5 completed: 542 steps, loss sum: 7.3961, final loss: 0.00099182, weight distance: 0.0589 (universal rank: 21743)
2025-09-15 22:53:43,258 - INFO - 
=== Training Example 6/150: /home/projects/bagon/shared/imagenet512/val/n02236044/ILSVRC2012_val_00013395.JPEG ===
2025-09-15 22:53:49,192 - INFO - Example /home/projects/bagon/shared/imagenet512/val/n02236044/ILSVRC2012_val_00013395.JPEG reached epsilon at step 143, loss sum: 2.9502, final loss: 0.00096512, weight distance: 0.0250
2025-09-15 22:53:49,926 - INFO - Example 6 completed: 143 steps, loss sum: 2.9502, final loss: 0.00096512, weight distance: 0.0250 (universal rank: 21782)
2025-09-15 22:53:49,926 - INFO - 
=== Training Example 7/150: /home/projects/bagon/shared/imagenet512/val/n01735189/ILSVRC2012_val_00044086.JPEG ===
2025-09-15 22:54:00,109 - INFO - Example /home/projects/bagon/shared/imagenet512/val/n01735189/ILSVRC2012_val_00044086.JPEG reached epsilon at step 246, loss sum: 72.4926, final loss: 0.00094223, weight distance: 0.0463
2025-09-15 22:54:01,057 - INFO - Example 7 completed: 246 steps, loss sum: 72.4926, final loss: 0.00094223, weight distance: 0.0463 (universal rank: 22270)
2025-09-15 22:54:01,057 - INFO - 
=== Training Example 8/150: /home/projects/bagon/shared/imagenet512/val/n04118776/ILSVRC2012_val_00023733.JPEG ===
2025-09-15 22:54:21,789 - INFO - Example /home/projects/bagon/shared/imagenet512/val/n04118776/ILSVRC2012_val_00023733.JPEG reached epsilon at step 500, loss sum: 50.2106, final loss: 0.00099945, weight distance: 0.0791
2025-09-15 22:54:23,089 - INFO - Example 8 completed: 500 steps, loss sum: 50.2106, final loss: 0.00099945, weight distance: 0.0791 (universal rank: 22373)
2025-09-15 22:54:23,089 - INFO - 
=== Training Example 9/150: /home/projects/bagon/shared/imagenet512/val/n03131574/ILSVRC2012_val_00032491.JPEG ===
2025-09-15 22:54:52,555 - INFO - Example /home/projects/bagon/shared/imagenet512/val/n03131574/ILSVRC2012_val_00032491.JPEG reached epsilon at step 717, loss sum: 58.1583, final loss: 0.00099945, weight distance: 0.1030
2025-09-15 22:54:53,283 - INFO - Example 9 completed: 717 steps, loss sum: 58.1583, final loss: 0.00099945, weight distance: 0.1030 (universal rank: 22848)
2025-09-15 22:54:53,283 - INFO - 
=== Training Example 10/150: /home/projects/bagon/shared/imagenet512/val/n03781244/ILSVRC2012_val_00035772.JPEG ===
2025-09-15 22:55:22,099 - INFO - Example /home/projects/bagon/shared/imagenet512/val/n03781244/ILSVRC2012_val_00035772.JPEG reached epsilon at step 698, loss sum: 35.1867, final loss: 0.00099182, weight distance: 0.0832
2025-09-15 22:55:22,832 - INFO - Example 10 completed: 698 steps, loss sum: 35.1867, final loss: 0.00099182, weight distance: 0.0832 (universal rank: 22889)
2025-09-15 22:55:22,832 - INFO - 
=== Training Example 11/150: /home/projects/bagon/shared/imagenet512/val/n02177972/ILSVRC2012_val_00009282.JPEG ===
