2025-09-15 13:29:37,124 - INFO - Parsed arguments:
2025-09-15 13:29:37,124 - INFO -   amp_dtype = None
2025-09-15 13:29:37,124 - INFO -   bars_npy = /home/projects/bagon/andreyg/Projects/BMM_school/Universal_learning/Programming/bars/geq6wrong_21017_geq6correct_1525_imagenet.npy
2025-09-15 13:29:37,124 - INFO -   deterministic = True
2025-09-15 13:29:37,124 - INFO -   device = cuda
2025-09-15 13:29:37,124 - INFO -   epsilon = 0.001
2025-09-15 13:29:37,124 - INFO -   examples_csv = /home/projects/bagon/andreyg/Projects/BMM_school/Universal_learning/Programming/bars/geq6wrong_21017_geq6correct_1525_imagenet_examples_ammended.csv
2025-09-15 13:29:37,124 - INFO -   grad_clip_norm = 1.0
2025-09-15 13:29:37,124 - INFO -   hierarchy_json = /home/projects/bagon/andreyg/Projects/BMM_school/Universal_learning/Programming/bars/imagenet_synset_hierarchy.json
2025-09-15 13:29:37,124 - INFO -   imagenet_models_csv = /home/projects/bagon/andreyg/Projects/BMM_school/Universal_learning/Programming/bars/imagenet_models.csv
2025-09-15 13:29:37,124 - INFO -   lr = 0.0001
2025-09-15 13:29:37,124 - INFO -   max_examples = 1500
2025-09-15 13:29:37,124 - INFO -   max_steps_per_example = 10000
2025-09-15 13:29:37,124 - INFO -   model_csv_name = efficientvit_medium_0_224_classification_imagenet_1k
2025-09-15 13:29:37,124 - INFO -   model_name = efficientvit_m0.r224_in1k
2025-09-15 13:29:37,124 - INFO -   no_amp = False
2025-09-15 13:29:37,124 - INFO -   output_dir = /home/projects/bagon/andreyg/Projects/BMM_school/Universal_learning/Programming/training_gradient_evaluator_single_loss/outputs_lr_0.0001
2025-09-15 13:29:37,124 - INFO -   root_dir = None
2025-09-15 13:29:37,124 - INFO -   seed = 1337
2025-09-15 13:29:37,124 - INFO -   weight_decay = 0.0
2025-09-15 13:29:37,124 - INFO -   zero_aug_train = True
2025-09-15 13:29:37,197 - INFO - Loaded 50000 examples in difficulty order
2025-09-15 13:29:37,914 - INFO - Loaded TIMM pretrained weights for efficientvit_m0.r224_in1k
2025-09-15 13:29:37,914 - INFO - pretrained_cfg.url= hf_hub_id=timm/efficientvit_m0.r224_in1k
2025-09-15 13:29:38,311 - INFO - Stored original model weights for reset
2025-09-15 13:29:38,337 - INFO - Training configuration:
2025-09-15 13:29:38,337 - INFO -   lr = 0.0001
2025-09-15 13:29:38,337 - INFO -   weight_decay = 0.0
2025-09-15 13:29:38,337 - INFO -   max_steps = 10000
2025-09-15 13:29:38,337 - INFO -   epsilon = 0.001
2025-09-15 13:29:38,337 - INFO -   device = cuda
2025-09-15 13:29:38,337 - INFO -   use_amp = True
2025-09-15 13:29:38,337 - INFO -   amp_dtype = bfloat16
2025-09-15 13:29:38,337 - INFO -   gradient_clip_norm = 1.0
2025-09-15 13:29:38,398 - INFO - Resolved model_csv_name='efficientvit_medium_0_224_classification_imagenet_1k' to mask_row_index=1018
2025-09-15 13:29:54,280 - INFO - Selected 1500 wrong examples for training (sorted by difficulty)
2025-09-15 13:29:54,285 - INFO - Training examples (rank indices, 0-based): 21020, 21022, 21023, 21028, 21040, 21042, 21044, 21047, 21065, 21072, 21078, 21094, 21113, 21128, 21136, 21163, 21173, 21174, 21190, 21208, 21217, 21220, 21224, 21231, 21233, 21237, 21241, 21245, 21304, 21423, 21450, 21453, 21528, 21550, 21690, 21693, 21698, 21699, 21706, 21709, 21720, 21739, 21740, 21752, 21761, 21767, 21786, 21806, 21812, 21815, 21833, 21839, 21849, 21904, 21953, 21955, 21971, 21979, 21991, 22024, 22032, 22062, 22073, 22149, 22196, 22197, 22201, 22203, 22210, 22221, 22235, 22237, 22255, 22280, 22281, 22291, 22294, 22299, 22306, 22336, 22347, 22351, 22358, 22419, 22425, 22428, 22431, 22435, 22438, 22497, 22714, 22717, 22782, 22790, 22800, 22828, 22836, 22867, 22924, 22935, 22947, 23011, 23144, 23168, 23173, 23178, 23184, 23201, 23213, 23244, 23246, 23247, 23249, 23256, 23260, 23272, 23289, 23310, 23316, 23362, 23368, 23388, 23390, 23418, 23455, 23551, 23556, 23569, 23574, 23575, 23594, 23601, 23604, 23609, 23617, 23630, 23631, 23635, 23647, 23659, 23660, 23681, 23699, 23701, 23705, 23770, 23786, 23809, 23835, 23851, 23859, 23917, 23921, 23927, 23934, 23935, 23938, 23944, 23950, 23955, 23977, 23991, 23992, 24002, 24012, 24029, 24040, 24044, 24057, 24087, 24125, 24178, 24232, 24265, 24281, 24293, 24296, 24352, 24355, 24359, 24363, 24372, 24399, 24405, 24408, 24414, 24421, 24424, 24431, 24432, 24437, 24561, 24570, 24573, 24574, 24592, 24623, 24634, 24635, 24647, 24664, 24686, 24701, 24740, 24754, 24811, 24885, 24890, 24908, 24914, 24919, 24928, 24930, 24933, 24938, 24961, 24965, 24971, 24981, 25014, 25016, 25163, 25167, 25173, 25179, 25188, 25223, 25225, 25236, 25237, 25241, 25272, 25284, 25285, 25288, 25293, 25294, 25356, 25403, 25406, 25426, 25451, 25454, 25466, 25482, 25503, 25504, 25558, 25601, 25642, 25643, 25647, 25652, 25655, 25662, 25669, 25685, 25687, 25712, 25725, 25757, 25778, 25888, 25890, 25899, 25919, 25922, 25926, 25935, 25936, 25954, 25955, 25992, 26003, 26012, 26021, 26030, 26137, 26147, 26152, 26167, 26174, 26192, 26195, 26228, 26230, 26236, 26274, 26337, 26339, 26340, 26341, 26344, 26346, 26375, 26392, 26401, 26427, 26428, 26429, 26440, 26447, 26460, 26464, 26483, 26589, 26594, 26595, 26639, 26641, 26650, 26664, 26744, 26759, 26780, 26783, 26786, 26822, 26989, 26999, 27020, 27026, 27034, 27058, 27067, 27098, 27121, 27125, 27133, 27135, 27148, 27172, 27175, 27178, 27208, 27224, 27265, 27292, 27297, 27298, 27314, 27336, 27375, 27397, 27399, 27408, 27453, 27466, 27484, 27487, 27495, 27502, 27516, 27538, 27553, 27632, 27633, 27641, 27658, 27719, 27749, 27755, 27804, 27810, 27827, 27850, 27896, 27919, 27945, 27974, 27990, 27991, 28075, 28107, 28111, 28131, 28151, 28166, 28222, 28268, 28271, 28275, 28276, 28336, 28353, 28360, 28372, 28403, 28407, 28492, 28493, 28550, 28557, 28563, 28565, 28620, 28624, 28634, 28649, 28656, 28661, 28720, 28727, 28756, 28758, 28759, 28785, 28791, 28861, 28884, 28930, 28986, 28994, 29004, 29010, 29018, 29067, 29077, 29090, 29122, 29128, 29135, 29148, 29152, 29162, 29173, 29227, 29231, 29232, 29239, 29245, 29248, 29253, 29284, 29334, 29432, 29437, 29441, 29465, 29469, 29513, 29537, 29541, 29564, 29573, 29599, 29608, 29625, 29656, 29662, 29663, 29675, 29705, 29706, 29719, 29736, 29760, 29761, 29770, 29774, 29780, 29801, 29861, 29870, 29883, 29901, 29905, 29945, 29960, 29971, 29986, 30006, 30056, 30070, 30078, 30079, 30083, 30144, 30186, 30214, 30231, 30233, 30235, 30252, 30284, 30308, 30315, 30316, 30320, 30330, 30355, 30381, 30394, 30406, 30423, 30435, 30467, 30481, 30483, 30613, 30668, 30747, 30767, 30840, 30841, 30854, 30856, 30860, 30939, 30972, 30981, 31000, 31001, 31004, 31033, 31050, 31098, 31123, 31129, 31130, 31137, 31160, 31169, 31185, 31193, 31194, 31203, 31209, 31214, 31289, 31296, 31304, 31305, 31348, 31355, 31367, 31384, 31429, 31433, 31515, 31538, 31553, 31574, 31591, 31618, 31625, 31645, 31669, 31718, 31720, 31756, 31784, 31786, 31787, 31798, 31826, 31845, 31850, 31854, 31862, 31898, 31914, 31925, 31930, 31936, 31965, 31966, 31969, 32003, 32009, 32013, 32015, 32034, 32036, 32074, 32096, 32123, 32126, 32159, 32194, 32200, 32227, 32231, 32233, 32239, 32258, 32310, 32315, 32351, 32367, 32379, 32427, 32435, 32441, 32442, 32446, 32474, 32487, 32490, 32491, 32504, 32512, 32544, 32559, 32588, 32604, 32605, 32621, 32654, 32660, 32695, 32744, 32749, 32772, 32814, 32844, 32849, 32851, 32853, 32854, 32865, 32893, 32906, 32943, 32946, 32953, 32988, 33004, 33010, 33011, 33029, 33059, 33060, 33064, 33073, 33096, 33122, 33125, 33182, 33215, 33242, 33260, 33297, 33298, 33365, 33366, 33374, 33393, 33406, 33410, 33422, 33451, 33504, 33509, 33526, 33545, 33547, 33558, 33573, 33592, 33593, 33633, 33642, 33648, 33697, 33706, 33708, 33726, 33728, 33729, 33747, 33771, 33803, 33808, 33809, 33823, 33831, 33859, 33863, 33892, 33897, 33920, 33930, 33937, 33947, 33952, 33959, 33962, 33992, 34041, 34057, 34084, 34085, 34123, 34126, 34130, 34132, 34136, 34176, 34194, 34195, 34223, 34232, 34251, 34259, 34276, 34282, 34295, 34299, 34305, 34311, 34410, 34411, 34418, 34438, 34461, 34487, 34504, 34509, 34512, 34527, 34541, 34543, 34562, 34585, 34614, 34620, 34632, 34635, 34654, 34671, 34691, 34699, 34705, 34723, 34752, 34756, 34812, 34813, 34818, 34908, 34920, 34926, 34933, 34939, 34964, 34996, 35018, 35039, 35048, 35054, 35075, 35188, 35230, 35245, 35246, 35256, 35277, 35286, 35302, 35320, 35335, 35368, 35393, 35408, 35410, 35411, 35416, 35422, 35460, 35462, 35469, 35478, 35506, 35509, 35542, 35570, 35677, 35680, 35709, 35711, 35717, 35722, 35735, 35762, 35793, 35815, 35822, 35842, 35856, 35861, 35869, 35870, 35884, 35931, 35944, 35978, 35986, 36026, 36036, 36063, 36093, 36125, 36233, 36285, 36319, 36337, 36338, 36340, 36357, 36358, 36361, 36380, 36387, 36388, 36391, 36399, 36409, 36415, 36425, 36451, 36517, 36570, 36575, 36583, 36596, 36605, 36640, 36653, 36672, 36676, 36679, 36690, 36708, 36724, 36738, 36756, 36778, 36781, 36797, 36816, 36860, 36873, 36889, 36929, 36962, 36980, 37018, 37043, 37087, 37093, 37112, 37139, 37141, 37142, 37233, 37236, 37244, 37246, 37274, 37285, 37296, 37312, 37329, 37341, 37342, 37376, 37397, 37400, 37402, 37415, 37417, 37418, 37423, 37479, 37500, 37503, 37516, 37521, 37523, 37544, 37556, 37565, 37606, 37646, 37676, 37680, 37683, 37714, 37716, 37734, 37738, 37779, 37795, 37860, 37861, 37891, 37922, 37937, 37968, 37973, 37978, 37984, 37988, 38004, 38024, 38083, 38131, 38134, 38149, 38178, 38206, 38220, 38231, 38233, 38248, 38255, 38298, 38301, 38320, 38414, 38430, 38461, 38467, 38536, 38543, 38555, 38561, 38575, 38591, 38594, 38612, 38619, 38639, 38646, 38648, 38653, 38662, 38664, 38666, 38710, 38739, 38752, 38759, 38788, 38802, 38845, 38888, 38932, 38958, 39002, 39007, 39024, 39047, 39055, 39080, 39081, 39097, 39105, 39148, 39159, 39167, 39175, 39177, 39178, 39180, 39188, 39195, 39204, 39206, 39222, 39265, 39281, 39286, 39332, 39353, 39373, 39388, 39390, 39437, 39445, 39456, 39464, 39480, 39481, 39500, 39504, 39521, 39537, 39568, 39619, 39627, 39641, 39644, 39658, 39682, 39698, 39724, 39734, 39753, 39766, 39813, 39816, 39835, 39872, 39890, 39898, 39899, 39913, 39950, 39978, 39986, 40031, 40033, 40046, 40054, 40095, 40118, 40126, 40135, 40137, 40179, 40238, 40252, 40331, 40362, 40376, 40414, 40447, 40468, 40471, 40513, 40515, 40530, 40548, 40561, 40577, 40605, 40658, 40667, 40676, 40687, 40754, 40761, 40805, 40813, 40824, 40830, 40860, 40915, 40977, 41025, 41047, 41053, 41095, 41101, 41110, 41127, 41132, 41170, 41185, 41206, 41217, 41264, 41279, 41281, 41291, 41312, 41336, 41390, 41429, 41460, 41488, 41493, 41520, 41524, 41528, 41533, 41575, 41606, 41627, 41629, 41640, 41652, 41726, 41728, 41743, 41752, 41775, 41778, 41817, 41822, 41830, 41853, 41873, 41921, 41929, 41949, 41958, 41967, 41970, 41986, 42007, 42021, 42034, 42069, 42089, 42120, 42125, 42197, 42202, 42206, 42210, 42213, 42258, 42263, 42278, 42285, 42294, 42324, 42328, 42338, 42365, 42379, 42385, 42392, 42397, 42494, 42495, 42550, 42582, 42584, 42593, 42601, 42608, 42632, 42639, 42648, 42649, 42661, 42668, 42677, 42715, 42732, 42733, 42756, 42763, 42772, 42779, 42795, 42806, 42817, 42824, 42828, 42846, 42859, 42865, 42881, 42884, 42893, 42921, 42925, 42931, 42952, 42988, 43005, 43012, 43024, 43026, 43029, 43118, 43156, 43196, 43206, 43207, 43230, 43241, 43249, 43269, 43275, 43297, 43318, 43335, 43371, 43372, 43388, 43407, 43415, 43417, 43419, 43429, 43431, 43453, 43463, 43500, 43511, 43519, 43529, 43569, 43602, 43625, 43644, 43698, 43762, 43785, 43806, 43845, 43862, 43907, 43935, 43951, 43993, 43996, 44022, 44035, 44040, 44049, 44077, 44091, 44110, 44134, 44145, 44151, 44160, 44174, 44199, 44219, 44222, 44232, 44237, 44269, 44298, 44302, 44310, 44316, 44339, 44377, 44417, 44418, 44435, 44451, 44453, 44461, 44469, 44498, 44502, 44556, 44577, 44581, 44582, 44616, 44623, 44624, 44651, 44654, 44692, 44698, 44712, 44773, 44797, 44798, 44825, 44831, 44850, 44856, 44874, 44877, 44880, 44887, 44898, 44914, 44915, 44931, 44965, 44971, 44978, 44995, 45004, 45006, 45034, 45049, 45065, 45075, 45116, 45126, 45128, 45130, 45132, 45185, 45221, 45260, 45264, 45284, 45301, 45316, 45322, 45328, 45433, 45476, 45488, 45505, 45516, 45524, 45535, 45537, 45538, 45581, 45624, 45631, 45644, 45645, 45651, 45655, 45691, 45707, 45796, 45814, 45857, 45862, 45892, 45902, 45903, 45912, 45946, 45956, 45966, 45983, 46007, 46028, 46044, 46046, 46055, 46084, 46086, 46089, 46113, 46126, 46127, 46145, 46153, 46154, 46163, 46191, 46209, 46219, 46286, 46309, 46311, 46312, 46321, 46331, 46350, 46436, 46475, 46490, 46503, 46524, 46531, 46570, 46580, 46583, 46586, 46660, 46672, 46679, 46687, 46703, 46715, 46745, 46755, 46756, 46811, 46818, 46820, 46841, 46896, 46898, 46899, 46923, 46926, 46927, 46934, 46978, 46998, 46999, 47000, 47006, 47058, 47076, 47085, 47099, 47134, 47146, 47149, 47152, 47211, 47216, 47224, 47226, 47228, 47230, 47231, 47244, 47247, 47272, 47329, 47345, 47350, 47367, 47410, 47463, 47467, 47474, 47505, 47510, 47534, 47538, 47539, 47567, 47581, 47597, 47620, 47633, 47634, 47636, 47640, 47676, 47685, 47691, 47721, 47751, 47754, 47757, 47760, 47768, 47771, 47779, 47812, 47815, 47822, 47852, 47859, 47876, 47896, 47912, 47937, 47960, 47968, 47980, 47997, 48000, 48017, 48068, 48088, 48089, 48092, 48094, 48099, 48109, 48118, 48130, 48135, 48142, 48152, 48158, 48166, 48169, 48179, 48188, 48195, 48201, 48204, 48222, 48241, 48242, 48256, 48275, 48306, 48314, 48332, 48333, 48353, 48354, 48357, 48362, 48372, 48376, 48379, 48399, 48400, 48401, 48410, 48427, 48432, 48439, 48454, 48455, 48456, 48460, 48465
2025-09-15 13:29:54,322 - INFO - CKA layer subset: selecting 12/236 layers (~5%)
2025-09-15 13:29:55,929 - INFO - 
=== Training Example 1/1500: /home/projects/bagon/shared/imagenet512/val/n01980166/ILSVRC2012_val_00034670.JPEG ===
2025-09-15 13:33:00,906 - INFO - Example /home/projects/bagon/shared/imagenet512/val/n01980166/ILSVRC2012_val_00034670.JPEG reached epsilon at step 1554, loss sum: 60.7303, final loss: 0.00098419, weight distance: 0.0568
2025-09-15 13:33:02,072 - INFO - Example 1 completed: 1554 steps, loss sum: 60.7303, final loss: 0.00098419, weight distance: 0.0568 (universal rank: 21021)
2025-09-15 13:33:02,072 - INFO - 
=== Training Example 2/1500: /home/projects/bagon/shared/imagenet512/val/n02127052/ILSVRC2012_val_00036933.JPEG ===
2025-09-15 13:35:04,114 - INFO - Example /home/projects/bagon/shared/imagenet512/val/n02127052/ILSVRC2012_val_00036933.JPEG reached epsilon at step 994, loss sum: 6.2279, final loss: 0.00099945, weight distance: 0.0318
2025-09-15 13:35:05,511 - INFO - Example 2 completed: 994 steps, loss sum: 6.2279, final loss: 0.00099945, weight distance: 0.0318 (universal rank: 21023)
2025-09-15 13:35:05,511 - INFO - 
=== Training Example 3/1500: /home/projects/bagon/shared/imagenet512/val/n02099849/ILSVRC2012_val_00042884.JPEG ===
2025-09-15 13:41:39,697 - INFO - Example /home/projects/bagon/shared/imagenet512/val/n02099849/ILSVRC2012_val_00042884.JPEG reached epsilon at step 3257, loss sum: 75.7122, final loss: 0.00097656, weight distance: 0.0747
2025-09-15 13:41:40,837 - INFO - Example 3 completed: 3257 steps, loss sum: 75.7122, final loss: 0.00097656, weight distance: 0.0747 (universal rank: 21024)
2025-09-15 13:41:40,837 - INFO - 
=== Training Example 4/1500: /home/projects/bagon/shared/imagenet512/val/n01774750/ILSVRC2012_val_00030405.JPEG ===
2025-09-15 13:45:20,346 - INFO - Example /home/projects/bagon/shared/imagenet512/val/n01774750/ILSVRC2012_val_00030405.JPEG reached epsilon at step 1827, loss sum: 190.6398, final loss: 0.00099945, weight distance: 0.0675
2025-09-15 13:45:21,212 - INFO - Example 4 completed: 1827 steps, loss sum: 190.6398, final loss: 0.00099945, weight distance: 0.0675 (universal rank: 21029)
2025-09-15 13:45:21,213 - INFO - 
=== Training Example 5/1500: /home/projects/bagon/shared/imagenet512/val/n01531178/ILSVRC2012_val_00009831.JPEG ===
2025-09-15 13:51:55,465 - INFO - Example /home/projects/bagon/shared/imagenet512/val/n01531178/ILSVRC2012_val_00009831.JPEG reached epsilon at step 3310, loss sum: 83.6610, final loss: 0.00099182, weight distance: 0.0817
2025-09-15 13:51:56,382 - INFO - Example 5 completed: 3310 steps, loss sum: 83.6610, final loss: 0.00099182, weight distance: 0.0817 (universal rank: 21041)
2025-09-15 13:51:56,382 - INFO - 
=== Training Example 6/1500: /home/projects/bagon/shared/imagenet512/val/n03794056/ILSVRC2012_val_00009087.JPEG ===
2025-09-15 13:55:00,400 - INFO - Example /home/projects/bagon/shared/imagenet512/val/n03794056/ILSVRC2012_val_00009087.JPEG reached epsilon at step 1563, loss sum: 184.3437, final loss: 0.00099182, weight distance: 0.0582
2025-09-15 13:55:01,306 - INFO - Example 6 completed: 1563 steps, loss sum: 184.3437, final loss: 0.00099182, weight distance: 0.0582 (universal rank: 21043)
2025-09-15 13:55:01,306 - INFO - 
=== Training Example 7/1500: /home/projects/bagon/shared/imagenet512/val/n01630670/ILSVRC2012_val_00000498.JPEG ===
2025-09-15 14:01:09,650 - INFO - Example /home/projects/bagon/shared/imagenet512/val/n01630670/ILSVRC2012_val_00000498.JPEG reached epsilon at step 3134, loss sum: 188.5283, final loss: 0.00096893, weight distance: 0.0816
2025-09-15 14:01:10,796 - INFO - Example 7 completed: 3134 steps, loss sum: 188.5283, final loss: 0.00096893, weight distance: 0.0816 (universal rank: 21045)
2025-09-15 14:01:10,796 - INFO - 
=== Training Example 8/1500: /home/projects/bagon/shared/imagenet512/val/n04127249/ILSVRC2012_val_00033544.JPEG ===
2025-09-15 14:08:56,357 - INFO - Example /home/projects/bagon/shared/imagenet512/val/n04127249/ILSVRC2012_val_00033544.JPEG reached epsilon at step 3954, loss sum: 339.2682, final loss: 0.00099945, weight distance: 0.0848
2025-09-15 14:08:57,798 - INFO - Example 8 completed: 3954 steps, loss sum: 339.2682, final loss: 0.00099945, weight distance: 0.0848 (universal rank: 21048)
2025-09-15 14:08:57,799 - INFO - 
=== Training Example 9/1500: /home/projects/bagon/shared/imagenet512/val/n02018207/ILSVRC2012_val_00006231.JPEG ===
2025-09-15 14:13:07,924 - INFO - Example /home/projects/bagon/shared/imagenet512/val/n02018207/ILSVRC2012_val_00006231.JPEG reached epsilon at step 2120, loss sum: 130.2250, final loss: 0.00097275, weight distance: 0.0780
2025-09-15 14:13:08,849 - INFO - Example 9 completed: 2120 steps, loss sum: 130.2250, final loss: 0.00097275, weight distance: 0.0780 (universal rank: 21066)
2025-09-15 14:13:08,849 - INFO - 
=== Training Example 10/1500: /home/projects/bagon/shared/imagenet512/val/n04507155/ILSVRC2012_val_00039938.JPEG ===
2025-09-15 14:16:19,456 - INFO - Example /home/projects/bagon/shared/imagenet512/val/n04507155/ILSVRC2012_val_00039938.JPEG reached epsilon at step 1608, loss sum: 167.8242, final loss: 0.00099945, weight distance: 0.0505
2025-09-15 14:16:20,359 - INFO - Example 10 completed: 1608 steps, loss sum: 167.8242, final loss: 0.00099945, weight distance: 0.0505 (universal rank: 21073)
2025-09-15 14:16:20,359 - INFO - 
=== Training Example 11/1500: /home/projects/bagon/shared/imagenet512/val/n03584829/ILSVRC2012_val_00034648.JPEG ===
2025-09-15 14:18:32,213 - INFO - Example /home/projects/bagon/shared/imagenet512/val/n03584829/ILSVRC2012_val_00034648.JPEG reached epsilon at step 1117, loss sum: 71.1174, final loss: 0.00098419, weight distance: 0.0389
2025-09-15 14:18:33,654 - INFO - Example 11 completed: 1117 steps, loss sum: 71.1174, final loss: 0.00098419, weight distance: 0.0389 (universal rank: 21079)
2025-09-15 14:18:33,654 - INFO - 
=== Training Example 12/1500: /home/projects/bagon/shared/imagenet512/val/n03127747/ILSVRC2012_val_00001689.JPEG ===
2025-09-15 14:24:25,330 - INFO - Example /home/projects/bagon/shared/imagenet512/val/n03127747/ILSVRC2012_val_00001689.JPEG reached epsilon at step 2975, loss sum: 98.3265, final loss: 0.00099182, weight distance: 0.0724
2025-09-15 14:24:26,523 - INFO - Example 12 completed: 2975 steps, loss sum: 98.3265, final loss: 0.00099182, weight distance: 0.0724 (universal rank: 21095)
2025-09-15 14:24:26,523 - INFO - 
=== Training Example 13/1500: /home/projects/bagon/shared/imagenet512/val/n02086240/ILSVRC2012_val_00004557.JPEG ===
2025-09-15 14:36:18,041 - INFO - Example /home/projects/bagon/shared/imagenet512/val/n02086240/ILSVRC2012_val_00004557.JPEG reached epsilon at step 5974, loss sum: 291.4237, final loss: 0.00098419, weight distance: 0.1379
2025-09-15 14:36:18,991 - INFO - Example 13 completed: 5974 steps, loss sum: 291.4237, final loss: 0.00098419, weight distance: 0.1379 (universal rank: 21114)
2025-09-15 14:36:18,991 - INFO - 
=== Training Example 14/1500: /home/projects/bagon/shared/imagenet512/val/n03868242/ILSVRC2012_val_00009767.JPEG ===
2025-09-15 14:44:39,487 - INFO - Example /home/projects/bagon/shared/imagenet512/val/n03868242/ILSVRC2012_val_00009767.JPEG reached epsilon at step 4189, loss sum: 198.7250, final loss: 0.00096512, weight distance: 0.1073
2025-09-15 14:44:40,314 - INFO - Example 14 completed: 4189 steps, loss sum: 198.7250, final loss: 0.00096512, weight distance: 0.1073 (universal rank: 21129)
2025-09-15 14:44:40,314 - INFO - 
=== Training Example 15/1500: /home/projects/bagon/shared/imagenet512/val/n04141975/ILSVRC2012_val_00008190.JPEG ===
2025-09-15 14:47:04,232 - INFO - Example /home/projects/bagon/shared/imagenet512/val/n04141975/ILSVRC2012_val_00008190.JPEG reached epsilon at step 1202, loss sum: 506.2938, final loss: 0.00099182, weight distance: 0.0660
2025-09-15 14:47:05,364 - INFO - Example 15 completed: 1202 steps, loss sum: 506.2938, final loss: 0.00099182, weight distance: 0.0660 (universal rank: 21137)
2025-09-15 14:47:05,364 - INFO - 
=== Training Example 16/1500: /home/projects/bagon/shared/imagenet512/val/n07583066/ILSVRC2012_val_00043744.JPEG ===
2025-09-15 14:49:35,886 - INFO - Example /home/projects/bagon/shared/imagenet512/val/n07583066/ILSVRC2012_val_00043744.JPEG reached epsilon at step 1271, loss sum: 54.3691, final loss: 0.00097656, weight distance: 0.0619
2025-09-15 14:49:36,715 - INFO - Example 16 completed: 1271 steps, loss sum: 54.3691, final loss: 0.00097656, weight distance: 0.0619 (universal rank: 21164)
2025-09-15 14:49:36,715 - INFO - 
=== Training Example 17/1500: /home/projects/bagon/shared/imagenet512/val/n03742115/ILSVRC2012_val_00043885.JPEG ===
2025-09-15 14:53:39,162 - INFO - Example /home/projects/bagon/shared/imagenet512/val/n03742115/ILSVRC2012_val_00043885.JPEG reached epsilon at step 2061, loss sum: 131.2589, final loss: 0.00099945, weight distance: 0.0641
2025-09-15 14:53:39,974 - INFO - Example 17 completed: 2061 steps, loss sum: 131.2589, final loss: 0.00099945, weight distance: 0.0641 (universal rank: 21174)
2025-09-15 14:53:39,974 - INFO - 
=== Training Example 18/1500: /home/projects/bagon/shared/imagenet512/val/n04540053/ILSVRC2012_val_00028392.JPEG ===
2025-09-15 14:56:39,514 - INFO - Example /home/projects/bagon/shared/imagenet512/val/n04540053/ILSVRC2012_val_00028392.JPEG reached epsilon at step 1552, loss sum: 170.9992, final loss: 0.00098419, weight distance: 0.0547
2025-09-15 14:56:40,433 - INFO - Example 18 completed: 1552 steps, loss sum: 170.9992, final loss: 0.00098419, weight distance: 0.0547 (universal rank: 21175)
2025-09-15 14:56:40,433 - INFO - 
=== Training Example 19/1500: /home/projects/bagon/shared/imagenet512/val/n02009912/ILSVRC2012_val_00005474.JPEG ===
2025-09-15 15:07:14,119 - INFO - Example /home/projects/bagon/shared/imagenet512/val/n02009912/ILSVRC2012_val_00005474.JPEG reached epsilon at step 5424, loss sum: 174.0828, final loss: 0.00099945, weight distance: 0.1288
2025-09-15 15:07:15,360 - INFO - Example 19 completed: 5424 steps, loss sum: 174.0828, final loss: 0.00099945, weight distance: 0.1288 (universal rank: 21191)
2025-09-15 15:07:15,360 - INFO - 
=== Training Example 20/1500: /home/projects/bagon/shared/imagenet512/val/n02111129/ILSVRC2012_val_00026684.JPEG ===
2025-09-15 15:12:11,943 - INFO - Example /home/projects/bagon/shared/imagenet512/val/n02111129/ILSVRC2012_val_00026684.JPEG reached epsilon at step 2567, loss sum: 69.0074, final loss: 0.00099945, weight distance: 0.0710
2025-09-15 15:12:12,769 - INFO - Example 20 completed: 2567 steps, loss sum: 69.0074, final loss: 0.00099945, weight distance: 0.0710 (universal rank: 21209)
2025-09-15 15:12:12,769 - INFO - 
=== Training Example 21/1500: /home/projects/bagon/shared/imagenet512/val/n07697313/ILSVRC2012_val_00018040.JPEG ===
2025-09-15 15:15:42,945 - INFO - Example /home/projects/bagon/shared/imagenet512/val/n07697313/ILSVRC2012_val_00018040.JPEG reached epsilon at step 1812, loss sum: 57.9784, final loss: 0.00099945, weight distance: 0.0640
2025-09-15 15:15:43,800 - INFO - Example 21 completed: 1812 steps, loss sum: 57.9784, final loss: 0.00099945, weight distance: 0.0640 (universal rank: 21218)
2025-09-15 15:15:43,800 - INFO - 
=== Training Example 22/1500: /home/projects/bagon/shared/imagenet512/val/n01560419/ILSVRC2012_val_00031649.JPEG ===
2025-09-15 15:19:15,691 - INFO - Example /home/projects/bagon/shared/imagenet512/val/n01560419/ILSVRC2012_val_00031649.JPEG reached epsilon at step 1801, loss sum: 34.7552, final loss: 0.00099182, weight distance: 0.0530
2025-09-15 15:19:16,518 - INFO - Example 22 completed: 1801 steps, loss sum: 34.7552, final loss: 0.00099182, weight distance: 0.0530 (universal rank: 21221)
2025-09-15 15:19:16,518 - INFO - 
=== Training Example 23/1500: /home/projects/bagon/shared/imagenet512/val/n02094114/ILSVRC2012_val_00031981.JPEG ===
2025-09-15 15:27:48,311 - INFO - Example /home/projects/bagon/shared/imagenet512/val/n02094114/ILSVRC2012_val_00031981.JPEG reached epsilon at step 4381, loss sum: 423.9578, final loss: 0.00099182, weight distance: 0.1467
2025-09-15 15:27:49,156 - INFO - Example 23 completed: 4381 steps, loss sum: 423.9578, final loss: 0.00099182, weight distance: 0.1467 (universal rank: 21225)
2025-09-15 15:27:49,156 - INFO - 
=== Training Example 24/1500: /home/projects/bagon/shared/imagenet512/val/n02480855/ILSVRC2012_val_00044145.JPEG ===
2025-09-15 15:33:18,270 - INFO - Example /home/projects/bagon/shared/imagenet512/val/n02480855/ILSVRC2012_val_00044145.JPEG reached epsilon at step 2833, loss sum: 91.7200, final loss: 0.00097656, weight distance: 0.0755
2025-09-15 15:33:19,110 - INFO - Example 24 completed: 2833 steps, loss sum: 91.7200, final loss: 0.00097656, weight distance: 0.0755 (universal rank: 21232)
2025-09-15 15:33:19,111 - INFO - 
=== Training Example 25/1500: /home/projects/bagon/shared/imagenet512/val/n01820546/ILSVRC2012_val_00037672.JPEG ===
2025-09-15 15:37:37,480 - INFO - Example /home/projects/bagon/shared/imagenet512/val/n01820546/ILSVRC2012_val_00037672.JPEG reached epsilon at step 2218, loss sum: 627.1346, final loss: 0.00099945, weight distance: 0.0827
2025-09-15 15:37:38,454 - INFO - Example 25 completed: 2218 steps, loss sum: 627.1346, final loss: 0.00099945, weight distance: 0.0827 (universal rank: 21234)
2025-09-15 15:37:38,454 - INFO - 
=== Training Example 26/1500: /home/projects/bagon/shared/imagenet512/val/n04442312/ILSVRC2012_val_00026916.JPEG ===
2025-09-15 15:40:17,307 - INFO - Example /home/projects/bagon/shared/imagenet512/val/n04442312/ILSVRC2012_val_00026916.JPEG reached epsilon at step 1362, loss sum: 72.3630, final loss: 0.00097656, weight distance: 0.0486
2025-09-15 15:40:18,423 - INFO - Example 26 completed: 1362 steps, loss sum: 72.3630, final loss: 0.00097656, weight distance: 0.0486 (universal rank: 21238)
2025-09-15 15:40:18,423 - INFO - 
=== Training Example 27/1500: /home/projects/bagon/shared/imagenet512/val/n02113978/ILSVRC2012_val_00014711.JPEG ===
2025-09-15 15:42:16,232 - INFO - Example /home/projects/bagon/shared/imagenet512/val/n02113978/ILSVRC2012_val_00014711.JPEG reached epsilon at step 1004, loss sum: 36.2013, final loss: 0.00099182, weight distance: 0.0381
2025-09-15 15:42:17,809 - INFO - Example 27 completed: 1004 steps, loss sum: 36.2013, final loss: 0.00099182, weight distance: 0.0381 (universal rank: 21242)
2025-09-15 15:42:17,809 - INFO - 
=== Training Example 28/1500: /home/projects/bagon/shared/imagenet512/val/n02408429/ILSVRC2012_val_00008103.JPEG ===
2025-09-15 15:47:02,083 - INFO - Example /home/projects/bagon/shared/imagenet512/val/n02408429/ILSVRC2012_val_00008103.JPEG reached epsilon at step 2435, loss sum: 64.6135, final loss: 0.00099945, weight distance: 0.0672
2025-09-15 15:47:02,995 - INFO - Example 28 completed: 2435 steps, loss sum: 64.6135, final loss: 0.00099945, weight distance: 0.0672 (universal rank: 21246)
2025-09-15 15:47:02,995 - INFO - 
=== Training Example 29/1500: /home/projects/bagon/shared/imagenet512/val/n04523525/ILSVRC2012_val_00018504.JPEG ===
2025-09-15 15:52:24,545 - INFO - Example /home/projects/bagon/shared/imagenet512/val/n04523525/ILSVRC2012_val_00018504.JPEG reached epsilon at step 2759, loss sum: 67.6794, final loss: 0.00098419, weight distance: 0.0851
2025-09-15 15:52:25,667 - INFO - Example 29 completed: 2759 steps, loss sum: 67.6794, final loss: 0.00098419, weight distance: 0.0851 (universal rank: 21305)
2025-09-15 15:52:25,667 - INFO - 
=== Training Example 30/1500: /home/projects/bagon/shared/imagenet512/val/n02277742/ILSVRC2012_val_00015608.JPEG ===
2025-09-15 15:58:00,180 - INFO - Example /home/projects/bagon/shared/imagenet512/val/n02277742/ILSVRC2012_val_00015608.JPEG reached epsilon at step 2864, loss sum: 334.4756, final loss: 0.00099945, weight distance: 0.0810
2025-09-15 15:58:01,024 - INFO - Example 30 completed: 2864 steps, loss sum: 334.4756, final loss: 0.00099945, weight distance: 0.0810 (universal rank: 21424)
2025-09-15 15:58:01,024 - INFO - 
=== Training Example 31/1500: /home/projects/bagon/shared/imagenet512/val/n04070727/ILSVRC2012_val_00018472.JPEG ===
2025-09-15 15:59:48,463 - INFO - Example /home/projects/bagon/shared/imagenet512/val/n04070727/ILSVRC2012_val_00018472.JPEG reached epsilon at step 910, loss sum: 118.5974, final loss: 0.00096130, weight distance: 0.0493
2025-09-15 15:59:49,299 - INFO - Example 31 completed: 910 steps, loss sum: 118.5974, final loss: 0.00096130, weight distance: 0.0493 (universal rank: 21451)
2025-09-15 15:59:49,299 - INFO - 
=== Training Example 32/1500: /home/projects/bagon/shared/imagenet512/val/n07875152/ILSVRC2012_val_00015388.JPEG ===
2025-09-15 16:04:27,053 - INFO - Example /home/projects/bagon/shared/imagenet512/val/n07875152/ILSVRC2012_val_00015388.JPEG reached epsilon at step 2369, loss sum: 119.3485, final loss: 0.00099945, weight distance: 0.0745
2025-09-15 16:04:27,878 - INFO - Example 32 completed: 2369 steps, loss sum: 119.3485, final loss: 0.00099945, weight distance: 0.0745 (universal rank: 21454)
2025-09-15 16:04:27,878 - INFO - 
=== Training Example 33/1500: /home/projects/bagon/shared/imagenet512/val/n02106550/ILSVRC2012_val_00014320.JPEG ===
2025-09-15 16:14:52,228 - INFO - Example /home/projects/bagon/shared/imagenet512/val/n02106550/ILSVRC2012_val_00014320.JPEG reached epsilon at step 5340, loss sum: 248.3517, final loss: 0.00097656, weight distance: 0.1163
2025-09-15 16:14:53,492 - INFO - Example 33 completed: 5340 steps, loss sum: 248.3517, final loss: 0.00097656, weight distance: 0.1163 (universal rank: 21529)
2025-09-15 16:14:53,492 - INFO - 
=== Training Example 34/1500: /home/projects/bagon/shared/imagenet512/val/n02114855/ILSVRC2012_val_00035375.JPEG ===
2025-09-15 16:20:58,519 - INFO - Example /home/projects/bagon/shared/imagenet512/val/n02114855/ILSVRC2012_val_00035375.JPEG reached epsilon at step 3124, loss sum: 353.5899, final loss: 0.00097656, weight distance: 0.0953
2025-09-15 16:20:59,343 - INFO - Example 34 completed: 3124 steps, loss sum: 353.5899, final loss: 0.00097656, weight distance: 0.0953 (universal rank: 21551)
2025-09-15 16:20:59,344 - INFO - 
=== Training Example 35/1500: /home/projects/bagon/shared/imagenet512/val/n01944390/ILSVRC2012_val_00036200.JPEG ===
2025-09-15 16:24:43,243 - INFO - Example /home/projects/bagon/shared/imagenet512/val/n01944390/ILSVRC2012_val_00036200.JPEG reached epsilon at step 1916, loss sum: 136.6822, final loss: 0.00096893, weight distance: 0.0551
2025-09-15 16:24:44,079 - INFO - Example 35 completed: 1916 steps, loss sum: 136.6822, final loss: 0.00096893, weight distance: 0.0551 (universal rank: 21691)
2025-09-15 16:24:44,079 - INFO - 
=== Training Example 36/1500: /home/projects/bagon/shared/imagenet512/val/n02417914/ILSVRC2012_val_00038004.JPEG ===
2025-09-15 16:27:34,451 - INFO - Example /home/projects/bagon/shared/imagenet512/val/n02417914/ILSVRC2012_val_00038004.JPEG reached epsilon at step 1391, loss sum: 117.1201, final loss: 0.00099945, weight distance: 0.0553
2025-09-15 16:27:35,293 - INFO - Example 36 completed: 1391 steps, loss sum: 117.1201, final loss: 0.00099945, weight distance: 0.0553 (universal rank: 21694)
2025-09-15 16:27:35,293 - INFO - 
=== Training Example 37/1500: /home/projects/bagon/shared/imagenet512/val/n01632777/ILSVRC2012_val_00019710.JPEG ===
2025-09-15 16:30:35,859 - INFO - Example /home/projects/bagon/shared/imagenet512/val/n01632777/ILSVRC2012_val_00019710.JPEG reached epsilon at step 1546, loss sum: 310.2433, final loss: 0.00099945, weight distance: 0.0538
2025-09-15 16:30:36,683 - INFO - Example 37 completed: 1546 steps, loss sum: 310.2433, final loss: 0.00099945, weight distance: 0.0538 (universal rank: 21699)
2025-09-15 16:30:36,683 - INFO - 
=== Training Example 38/1500: /home/projects/bagon/shared/imagenet512/val/n02236044/ILSVRC2012_val_00026885.JPEG ===
2025-09-15 16:34:18,206 - INFO - Example /home/projects/bagon/shared/imagenet512/val/n02236044/ILSVRC2012_val_00026885.JPEG reached epsilon at step 1906, loss sum: 127.9170, final loss: 0.00099945, weight distance: 0.0579
2025-09-15 16:34:19,034 - INFO - Example 38 completed: 1906 steps, loss sum: 127.9170, final loss: 0.00099945, weight distance: 0.0579 (universal rank: 21700)
2025-09-15 16:34:19,034 - INFO - 
=== Training Example 39/1500: /home/projects/bagon/shared/imagenet512/val/n04325704/ILSVRC2012_val_00012317.JPEG ===
2025-09-15 16:39:48,923 - INFO - Example /home/projects/bagon/shared/imagenet512/val/n04325704/ILSVRC2012_val_00012317.JPEG reached epsilon at step 2845, loss sum: 164.8118, final loss: 0.00098419, weight distance: 0.0877
2025-09-15 16:39:50,116 - INFO - Example 39 completed: 2845 steps, loss sum: 164.8118, final loss: 0.00098419, weight distance: 0.0877 (universal rank: 21707)
2025-09-15 16:39:50,116 - INFO - 
=== Training Example 40/1500: /home/projects/bagon/shared/imagenet512/val/n03666591/ILSVRC2012_val_00005516.JPEG ===
2025-09-15 16:44:31,441 - INFO - Example /home/projects/bagon/shared/imagenet512/val/n03666591/ILSVRC2012_val_00005516.JPEG reached epsilon at step 2419, loss sum: 123.1988, final loss: 0.00099182, weight distance: 0.0697
2025-09-15 16:44:32,336 - INFO - Example 40 completed: 2419 steps, loss sum: 123.1988, final loss: 0.00099182, weight distance: 0.0697 (universal rank: 21710)
2025-09-15 16:44:32,336 - INFO - 
=== Training Example 41/1500: /home/projects/bagon/shared/imagenet512/val/n03000684/ILSVRC2012_val_00042907.JPEG ===
2025-09-15 16:46:22,014 - INFO - Example /home/projects/bagon/shared/imagenet512/val/n03000684/ILSVRC2012_val_00042907.JPEG reached epsilon at step 938, loss sum: 453.7109, final loss: 0.00099182, weight distance: 0.0516
2025-09-15 16:46:23,159 - INFO - Example 41 completed: 938 steps, loss sum: 453.7109, final loss: 0.00099182, weight distance: 0.0516 (universal rank: 21721)
2025-09-15 16:46:23,159 - INFO - 
=== Training Example 42/1500: /home/projects/bagon/shared/imagenet512/val/n02133161/ILSVRC2012_val_00029278.JPEG ===
2025-09-15 16:51:41,732 - INFO - Example /home/projects/bagon/shared/imagenet512/val/n02133161/ILSVRC2012_val_00029278.JPEG reached epsilon at step 2736, loss sum: 110.5396, final loss: 0.00099945, weight distance: 0.0676
2025-09-15 16:51:42,861 - INFO - Example 42 completed: 2736 steps, loss sum: 110.5396, final loss: 0.00099945, weight distance: 0.0676 (universal rank: 21740)
2025-09-15 16:51:42,861 - INFO - 
=== Training Example 43/1500: /home/projects/bagon/shared/imagenet512/val/n03796401/ILSVRC2012_val_00026301.JPEG ===
2025-09-15 16:55:57,378 - INFO - Example /home/projects/bagon/shared/imagenet512/val/n03796401/ILSVRC2012_val_00026301.JPEG reached epsilon at step 2186, loss sum: 243.4718, final loss: 0.00099182, weight distance: 0.0682
2025-09-15 16:55:58,197 - INFO - Example 43 completed: 2186 steps, loss sum: 243.4718, final loss: 0.00099182, weight distance: 0.0682 (universal rank: 21741)
2025-09-15 16:55:58,197 - INFO - 
=== Training Example 44/1500: /home/projects/bagon/shared/imagenet512/val/n01784675/ILSVRC2012_val_00030825.JPEG ===
2025-09-15 16:59:57,489 - INFO - Example /home/projects/bagon/shared/imagenet512/val/n01784675/ILSVRC2012_val_00030825.JPEG reached epsilon at step 2044, loss sum: 260.5535, final loss: 0.00099182, weight distance: 0.0602
2025-09-15 16:59:58,315 - INFO - Example 44 completed: 2044 steps, loss sum: 260.5535, final loss: 0.00099182, weight distance: 0.0602 (universal rank: 21753)
2025-09-15 16:59:58,315 - INFO - 
=== Training Example 45/1500: /home/projects/bagon/shared/imagenet512/val/n03710193/ILSVRC2012_val_00019392.JPEG ===
2025-09-15 17:02:56,954 - INFO - Example /home/projects/bagon/shared/imagenet512/val/n03710193/ILSVRC2012_val_00019392.JPEG reached epsilon at step 1531, loss sum: 137.1594, final loss: 0.00099182, weight distance: 0.0557
2025-09-15 17:02:57,811 - INFO - Example 45 completed: 1531 steps, loss sum: 137.1594, final loss: 0.00099182, weight distance: 0.0557 (universal rank: 21762)
2025-09-15 17:02:57,811 - INFO - 
=== Training Example 46/1500: /home/projects/bagon/shared/imagenet512/val/n02892767/ILSVRC2012_val_00041849.JPEG ===
2025-09-15 17:05:44,857 - INFO - Example /home/projects/bagon/shared/imagenet512/val/n02892767/ILSVRC2012_val_00041849.JPEG reached epsilon at step 1431, loss sum: 102.2797, final loss: 0.00099945, weight distance: 0.0445
2025-09-15 17:05:45,694 - INFO - Example 46 completed: 1431 steps, loss sum: 102.2797, final loss: 0.00099945, weight distance: 0.0445 (universal rank: 21768)
2025-09-15 17:05:45,694 - INFO - 
=== Training Example 47/1500: /home/projects/bagon/shared/imagenet512/val/n02102177/ILSVRC2012_val_00013127.JPEG ===
2025-09-15 17:18:44,330 - INFO - Example /home/projects/bagon/shared/imagenet512/val/n02102177/ILSVRC2012_val_00013127.JPEG reached epsilon at step 6734, loss sum: 142.9768, final loss: 0.00098419, weight distance: 0.1193
2025-09-15 17:18:45,136 - INFO - Example 47 completed: 6734 steps, loss sum: 142.9768, final loss: 0.00098419, weight distance: 0.1193 (universal rank: 21787)
2025-09-15 17:18:45,136 - INFO - 
=== Training Example 48/1500: /home/projects/bagon/shared/imagenet512/val/n04259630/ILSVRC2012_val_00013978.JPEG ===
2025-09-15 17:27:27,900 - INFO - Example /home/projects/bagon/shared/imagenet512/val/n04259630/ILSVRC2012_val_00013978.JPEG reached epsilon at step 4483, loss sum: 381.4058, final loss: 0.00099945, weight distance: 0.1097
2025-09-15 17:27:28,728 - INFO - Example 48 completed: 4483 steps, loss sum: 381.4058, final loss: 0.00099945, weight distance: 0.1097 (universal rank: 21807)
2025-09-15 17:27:28,728 - INFO - 
=== Training Example 49/1500: /home/projects/bagon/shared/imagenet512/val/n03125729/ILSVRC2012_val_00010259.JPEG ===
2025-09-15 17:33:24,326 - INFO - Example /home/projects/bagon/shared/imagenet512/val/n03125729/ILSVRC2012_val_00010259.JPEG reached epsilon at step 3039, loss sum: 101.8103, final loss: 0.00099945, weight distance: 0.0816
2025-09-15 17:33:25,165 - INFO - Example 49 completed: 3039 steps, loss sum: 101.8103, final loss: 0.00099945, weight distance: 0.0816 (universal rank: 21813)
2025-09-15 17:33:25,165 - INFO - 
=== Training Example 50/1500: /home/projects/bagon/shared/imagenet512/val/n02526121/ILSVRC2012_val_00015752.JPEG ===
2025-09-15 17:35:45,476 - INFO - Example /home/projects/bagon/shared/imagenet512/val/n02526121/ILSVRC2012_val_00015752.JPEG reached epsilon at step 1205, loss sum: 276.4501, final loss: 0.00096130, weight distance: 0.0588
2025-09-15 17:35:46,632 - INFO - Example 50 completed: 1205 steps, loss sum: 276.4501, final loss: 0.00096130, weight distance: 0.0588 (universal rank: 21816)
2025-09-15 17:35:46,632 - INFO - 
=== Training Example 51/1500: /home/projects/bagon/shared/imagenet512/val/n02783161/ILSVRC2012_val_00033768.JPEG ===
2025-09-15 17:43:06,085 - INFO - Example /home/projects/bagon/shared/imagenet512/val/n02783161/ILSVRC2012_val_00033768.JPEG reached epsilon at step 3770, loss sum: 128.6992, final loss: 0.00099182, weight distance: 0.0940
2025-09-15 17:43:07,003 - INFO - Example 51 completed: 3770 steps, loss sum: 128.6992, final loss: 0.00099182, weight distance: 0.0940 (universal rank: 21834)
2025-09-15 17:43:07,003 - INFO - 
=== Training Example 52/1500: /home/projects/bagon/shared/imagenet512/val/n03584829/ILSVRC2012_val_00009366.JPEG ===
2025-09-15 17:44:34,979 - INFO - Example /home/projects/bagon/shared/imagenet512/val/n03584829/ILSVRC2012_val_00009366.JPEG reached epsilon at step 749, loss sum: 8.9474, final loss: 0.00099182, weight distance: 0.0292
2025-09-15 17:44:35,817 - INFO - Example 52 completed: 749 steps, loss sum: 8.9474, final loss: 0.00099182, weight distance: 0.0292 (universal rank: 21840)
2025-09-15 17:44:35,817 - INFO - 
=== Training Example 53/1500: /home/projects/bagon/shared/imagenet512/val/n02097209/ILSVRC2012_val_00004287.JPEG ===
2025-09-15 17:53:14,789 - INFO - Example /home/projects/bagon/shared/imagenet512/val/n02097209/ILSVRC2012_val_00004287.JPEG reached epsilon at step 4426, loss sum: 458.7085, final loss: 0.00099182, weight distance: 0.1109
2025-09-15 17:53:15,627 - INFO - Example 53 completed: 4426 steps, loss sum: 458.7085, final loss: 0.00099182, weight distance: 0.1109 (universal rank: 21850)
2025-09-15 17:53:15,628 - INFO - 
=== Training Example 54/1500: /home/projects/bagon/shared/imagenet512/val/n02128385/ILSVRC2012_val_00000650.JPEG ===
2025-09-15 18:04:15,363 - INFO - Example /home/projects/bagon/shared/imagenet512/val/n02128385/ILSVRC2012_val_00000650.JPEG reached epsilon at step 5651, loss sum: 244.0857, final loss: 0.00099182, weight distance: 0.1307
2025-09-15 18:04:16,929 - INFO - Example 54 completed: 5651 steps, loss sum: 244.0857, final loss: 0.00099182, weight distance: 0.1307 (universal rank: 21905)
2025-09-15 18:04:16,929 - INFO - 
=== Training Example 55/1500: /home/projects/bagon/shared/imagenet512/val/n03014705/ILSVRC2012_val_00008418.JPEG ===
2025-09-15 18:08:32,929 - INFO - Example /home/projects/bagon/shared/imagenet512/val/n03014705/ILSVRC2012_val_00008418.JPEG reached epsilon at step 2186, loss sum: 103.0149, final loss: 0.00099945, weight distance: 0.0681
2025-09-15 18:08:33,756 - INFO - Example 55 completed: 2186 steps, loss sum: 103.0149, final loss: 0.00099945, weight distance: 0.0681 (universal rank: 21954)
2025-09-15 18:08:33,757 - INFO - 
=== Training Example 56/1500: /home/projects/bagon/shared/imagenet512/val/n04409515/ILSVRC2012_val_00000397.JPEG ===
2025-09-15 18:13:45,056 - INFO - Example /home/projects/bagon/shared/imagenet512/val/n04409515/ILSVRC2012_val_00000397.JPEG reached epsilon at step 2644, loss sum: 141.1552, final loss: 0.00099945, weight distance: 0.0889
2025-09-15 18:13:45,892 - INFO - Example 56 completed: 2644 steps, loss sum: 141.1552, final loss: 0.00099945, weight distance: 0.0889 (universal rank: 21956)
2025-09-15 18:13:45,893 - INFO - 
=== Training Example 57/1500: /home/projects/bagon/shared/imagenet512/val/n02111129/ILSVRC2012_val_00028913.JPEG ===
2025-09-15 18:18:29,639 - INFO - Example /home/projects/bagon/shared/imagenet512/val/n02111129/ILSVRC2012_val_00028913.JPEG reached epsilon at step 2408, loss sum: 97.3141, final loss: 0.00099945, weight distance: 0.0674
2025-09-15 18:18:30,457 - INFO - Example 57 completed: 2408 steps, loss sum: 97.3141, final loss: 0.00099945, weight distance: 0.0674 (universal rank: 21972)
2025-09-15 18:18:30,457 - INFO - 
=== Training Example 58/1500: /home/projects/bagon/shared/imagenet512/val/n02097474/ILSVRC2012_val_00003485.JPEG ===
2025-09-15 18:24:23,833 - INFO - Example /home/projects/bagon/shared/imagenet512/val/n02097474/ILSVRC2012_val_00003485.JPEG reached epsilon at step 3013, loss sum: 232.6426, final loss: 0.00099945, weight distance: 0.0851
2025-09-15 18:24:24,966 - INFO - Example 58 completed: 3013 steps, loss sum: 232.6426, final loss: 0.00099945, weight distance: 0.0851 (universal rank: 21980)
2025-09-15 18:24:24,966 - INFO - 
=== Training Example 59/1500: /home/projects/bagon/shared/imagenet512/val/n03584829/ILSVRC2012_val_00000208.JPEG ===
2025-09-15 18:26:27,526 - INFO - Example /home/projects/bagon/shared/imagenet512/val/n03584829/ILSVRC2012_val_00000208.JPEG reached epsilon at step 1043, loss sum: 62.6837, final loss: 0.00094986, weight distance: 0.0403
2025-09-15 18:26:28,333 - INFO - Example 59 completed: 1043 steps, loss sum: 62.6837, final loss: 0.00094986, weight distance: 0.0403 (universal rank: 21992)
2025-09-15 18:26:28,333 - INFO - 
=== Training Example 60/1500: /home/projects/bagon/shared/imagenet512/val/n01774384/ILSVRC2012_val_00001454.JPEG ===
2025-09-15 18:30:59,919 - INFO - Example /home/projects/bagon/shared/imagenet512/val/n01774384/ILSVRC2012_val_00001454.JPEG reached epsilon at step 2304, loss sum: 119.0866, final loss: 0.00099945, weight distance: 0.0629
2025-09-15 18:31:01,427 - INFO - Example 60 completed: 2304 steps, loss sum: 119.0866, final loss: 0.00099945, weight distance: 0.0629 (universal rank: 22025)
2025-09-15 18:31:01,427 - INFO - 
=== Training Example 61/1500: /home/projects/bagon/shared/imagenet512/val/n02108000/ILSVRC2012_val_00018779.JPEG ===
2025-09-15 18:40:33,740 - INFO - Example /home/projects/bagon/shared/imagenet512/val/n02108000/ILSVRC2012_val_00018779.JPEG reached epsilon at step 4925, loss sum: 174.5065, final loss: 0.00099945, weight distance: 0.1201
2025-09-15 18:40:34,596 - INFO - Example 61 completed: 4925 steps, loss sum: 174.5065, final loss: 0.00099945, weight distance: 0.1201 (universal rank: 22033)
2025-09-15 18:40:34,596 - INFO - 
=== Training Example 62/1500: /home/projects/bagon/shared/imagenet512/val/n02102318/ILSVRC2012_val_00016445.JPEG ===
2025-09-15 18:46:53,866 - INFO - Example /home/projects/bagon/shared/imagenet512/val/n02102318/ILSVRC2012_val_00016445.JPEG reached epsilon at step 3257, loss sum: 241.2595, final loss: 0.00099945, weight distance: 0.0850
2025-09-15 18:46:54,783 - INFO - Example 62 completed: 3257 steps, loss sum: 241.2595, final loss: 0.00099945, weight distance: 0.0850 (universal rank: 22063)
2025-09-15 18:46:54,783 - INFO - 
=== Training Example 63/1500: /home/projects/bagon/shared/imagenet512/val/n02111277/ILSVRC2012_val_00049046.JPEG ===
2025-09-15 18:54:41,400 - INFO - Example /home/projects/bagon/shared/imagenet512/val/n02111277/ILSVRC2012_val_00049046.JPEG reached epsilon at step 4008, loss sum: 247.1261, final loss: 0.00099182, weight distance: 0.1107
2025-09-15 18:54:42,542 - INFO - Example 63 completed: 4008 steps, loss sum: 247.1261, final loss: 0.00099182, weight distance: 0.1107 (universal rank: 22074)
2025-09-15 18:54:42,542 - INFO - 
=== Training Example 64/1500: /home/projects/bagon/shared/imagenet512/val/n03272562/ILSVRC2012_val_00043187.JPEG ===
2025-09-15 19:00:32,238 - INFO - Example /home/projects/bagon/shared/imagenet512/val/n03272562/ILSVRC2012_val_00043187.JPEG reached epsilon at step 3005, loss sum: 144.5410, final loss: 0.00098419, weight distance: 0.0848
2025-09-15 19:00:33,053 - INFO - Example 64 completed: 3005 steps, loss sum: 144.5410, final loss: 0.00098419, weight distance: 0.0848 (universal rank: 22150)
2025-09-15 19:00:33,053 - INFO - 
=== Training Example 65/1500: /home/projects/bagon/shared/imagenet512/val/n01829413/ILSVRC2012_val_00033259.JPEG ===
2025-09-15 19:04:59,490 - INFO - Example /home/projects/bagon/shared/imagenet512/val/n01829413/ILSVRC2012_val_00033259.JPEG reached epsilon at step 2291, loss sum: 195.8062, final loss: 0.00099945, weight distance: 0.0701
2025-09-15 19:05:01,269 - INFO - Example 65 completed: 2291 steps, loss sum: 195.8062, final loss: 0.00099945, weight distance: 0.0701 (universal rank: 22197)
2025-09-15 19:05:01,269 - INFO - 
=== Training Example 66/1500: /home/projects/bagon/shared/imagenet512/val/n02437312/ILSVRC2012_val_00032207.JPEG ===
2025-09-15 19:10:57,289 - INFO - Example /home/projects/bagon/shared/imagenet512/val/n02437312/ILSVRC2012_val_00032207.JPEG reached epsilon at step 3060, loss sum: 297.6815, final loss: 0.00099945, weight distance: 0.0805
2025-09-15 19:10:58,121 - INFO - Example 66 completed: 3060 steps, loss sum: 297.6815, final loss: 0.00099945, weight distance: 0.0805 (universal rank: 22198)
2025-09-15 19:10:58,121 - INFO - 
=== Training Example 67/1500: /home/projects/bagon/shared/imagenet512/val/n02088094/ILSVRC2012_val_00029861.JPEG ===
2025-09-15 19:15:29,508 - INFO - Example /home/projects/bagon/shared/imagenet512/val/n02088094/ILSVRC2012_val_00029861.JPEG reached epsilon at step 2332, loss sum: 1005.0862, final loss: 0.00099182, weight distance: 0.0927
2025-09-15 19:15:30,336 - INFO - Example 67 completed: 2332 steps, loss sum: 1005.0862, final loss: 0.00099182, weight distance: 0.0927 (universal rank: 22202)
2025-09-15 19:15:30,336 - INFO - 
=== Training Example 68/1500: /home/projects/bagon/shared/imagenet512/val/n02134084/ILSVRC2012_val_00016340.JPEG ===
2025-09-15 19:18:04,359 - INFO - Example /home/projects/bagon/shared/imagenet512/val/n02134084/ILSVRC2012_val_00016340.JPEG reached epsilon at step 1319, loss sum: 35.3825, final loss: 0.00099182, weight distance: 0.0385
2025-09-15 19:18:05,485 - INFO - Example 68 completed: 1319 steps, loss sum: 35.3825, final loss: 0.00099182, weight distance: 0.0385 (universal rank: 22204)
2025-09-15 19:18:05,485 - INFO - 
=== Training Example 69/1500: /home/projects/bagon/shared/imagenet512/val/n01770393/ILSVRC2012_val_00048800.JPEG ===
2025-09-15 19:21:09,965 - INFO - Example /home/projects/bagon/shared/imagenet512/val/n01770393/ILSVRC2012_val_00048800.JPEG reached epsilon at step 1583, loss sum: 50.8761, final loss: 0.00099945, weight distance: 0.0446
2025-09-15 19:21:10,777 - INFO - Example 69 completed: 1583 steps, loss sum: 50.8761, final loss: 0.00099945, weight distance: 0.0446 (universal rank: 22211)
2025-09-15 19:21:10,777 - INFO - 
=== Training Example 70/1500: /home/projects/bagon/shared/imagenet512/val/n02483708/ILSVRC2012_val_00011520.JPEG ===
2025-09-15 19:29:21,996 - INFO - Example /home/projects/bagon/shared/imagenet512/val/n02483708/ILSVRC2012_val_00011520.JPEG reached epsilon at step 4220, loss sum: 244.0110, final loss: 0.00099182, weight distance: 0.1020
2025-09-15 19:29:23,246 - INFO - Example 70 completed: 4220 steps, loss sum: 244.0110, final loss: 0.00099182, weight distance: 0.1020 (universal rank: 22222)
2025-09-15 19:29:23,246 - INFO - 
=== Training Example 71/1500: /home/projects/bagon/shared/imagenet512/val/n02510455/ILSVRC2012_val_00006012.JPEG ===
2025-09-15 19:34:25,886 - INFO - Example /home/projects/bagon/shared/imagenet512/val/n02510455/ILSVRC2012_val_00006012.JPEG reached epsilon at step 2603, loss sum: 537.9181, final loss: 0.00096512, weight distance: 0.0804
2025-09-15 19:34:26,938 - INFO - Example 71 completed: 2603 steps, loss sum: 537.9181, final loss: 0.00096512, weight distance: 0.0804 (universal rank: 22236)
2025-09-15 19:34:26,939 - INFO - 
=== Training Example 72/1500: /home/projects/bagon/shared/imagenet512/val/n02437312/ILSVRC2012_val_00011354.JPEG ===
2025-09-15 19:37:36,186 - INFO - Example /home/projects/bagon/shared/imagenet512/val/n02437312/ILSVRC2012_val_00011354.JPEG reached epsilon at step 1630, loss sum: 582.2618, final loss: 0.00099182, weight distance: 0.0636
2025-09-15 19:37:37,037 - INFO - Example 72 completed: 1630 steps, loss sum: 582.2618, final loss: 0.00099182, weight distance: 0.0636 (universal rank: 22238)
2025-09-15 19:37:37,037 - INFO - 
=== Training Example 73/1500: /home/projects/bagon/shared/imagenet512/val/n02106382/ILSVRC2012_val_00028103.JPEG ===
