2025-09-23 01:02:57,882 - INFO - Parsed arguments:
2025-09-23 01:02:57,883 - INFO -   amp_dtype = None
2025-09-23 01:02:57,883 - INFO -   bars_npy = /home/projects/bagon/andreyg/Projects/BMM_school/Universal_learning/Programming/bars/geq6wrong_21017_geq6correct_1525_imagenet.npy
2025-09-23 01:02:57,883 - INFO -   cka_layer_fraction = 0.05
2025-09-23 01:02:57,883 - INFO -   current_worker = 4
2025-09-23 01:02:57,883 - INFO -   deterministic = True
2025-09-23 01:02:57,883 - INFO -   device = cuda
2025-09-23 01:02:57,883 - INFO -   epsilon = 0.001
2025-09-23 01:02:57,883 - INFO -   examples_csv = /home/projects/bagon/andreyg/Projects/BMM_school/Universal_learning/Programming/bars/geq6wrong_21017_geq6correct_1525_imagenet_examples_ammended.csv
2025-09-23 01:02:57,883 - INFO -   explicit_examples_for_training = None
2025-09-23 01:02:57,883 - INFO -   grad_clip_norm = 1.0
2025-09-23 01:02:57,883 - INFO -   hierarchy_json = /home/projects/bagon/andreyg/Projects/BMM_school/Universal_learning/Programming/bars/imagenet_synset_hierarchy.json
2025-09-23 01:02:57,883 - INFO -   imagenet_models_csv = /home/projects/bagon/andreyg/Projects/BMM_school/Universal_learning/Programming/bars/imagenet_models.csv
2025-09-23 01:02:57,883 - INFO -   lr = 0.0001
2025-09-23 01:02:57,883 - INFO -   max_examples = 50000
2025-09-23 01:02:57,883 - INFO -   max_steps_per_example = 10000
2025-09-23 01:02:57,883 - INFO -   model_csv_name = efficientvit_base_2_224_classification_imagenet_1k
2025-09-23 01:02:57,883 - INFO -   model_name = efficientvit_b2.r224_in1k
2025-09-23 01:02:57,883 - INFO -   no_amp = False
2025-09-23 01:02:57,883 - INFO -   num_workers = 8
2025-09-23 01:02:57,883 - INFO -   output_dir = /home/projects/bagon/andreyg/Projects/BMM_school/Universal_learning/Programming/training_gradient_evaluator_single_loss_parallel/output_parallel_8_workers_trial_2
2025-09-23 01:02:57,883 - INFO -   root_dir = None
2025-09-23 01:02:57,883 - INFO -   seed = 1337
2025-09-23 01:02:57,883 - INFO -   time_limit_seconds = 6300
2025-09-23 01:02:57,883 - INFO -   weight_decay = 0.0
2025-09-23 01:02:57,883 - INFO -   zero_aug_train = False
2025-09-23 01:02:58,685 - INFO - Loaded TIMM pretrained weights for efficientvit_b2.r224_in1k
2025-09-23 01:02:58,686 - INFO - pretrained_cfg.url= hf_hub_id=timm/efficientvit_b2.r224_in1k
2025-09-23 01:02:59,235 - INFO - Training configuration:
2025-09-23 01:02:59,236 - INFO -   lr = 0.0001
2025-09-23 01:02:59,236 - INFO -   weight_decay = 0.0
2025-09-23 01:02:59,236 - INFO -   max_steps = 10000
2025-09-23 01:02:59,236 - INFO -   epsilon = 0.001
2025-09-23 01:02:59,236 - INFO -   device = cuda
2025-09-23 01:02:59,236 - INFO -   use_amp = True
2025-09-23 01:02:59,236 - INFO -   amp_dtype = None
2025-09-23 01:02:59,236 - INFO -   gradient_clip_norm = 1.0
2025-09-23 01:03:31,471 - INFO - Example /home/projects/bagon/shared/imagenet512/val/n02841315/ILSVRC2012_val_00010394.JPEG reached epsilon at step 351, loss sum: 13.1394, final loss: 0.00099850, weight distance: 0.0127
2025-09-23 01:03:46,145 - INFO - Example /home/projects/bagon/shared/imagenet512/val/n03291819/ILSVRC2012_val_00007215.JPEG reached epsilon at step 139, loss sum: 24.6581, final loss: 0.00098991, weight distance: 0.0078
2025-09-23 01:04:06,534 - INFO - Example /home/projects/bagon/shared/imagenet512/val/n03602883/ILSVRC2012_val_00042275.JPEG reached epsilon at step 203, loss sum: 91.9985, final loss: 0.00099659, weight distance: 0.0130
2025-09-23 01:04:32,449 - INFO - Example /home/projects/bagon/shared/imagenet512/val/n02415577/ILSVRC2012_val_00042432.JPEG reached epsilon at step 251, loss sum: 25.1115, final loss: 0.00099945, weight distance: 0.0125
2025-09-23 01:05:05,716 - INFO - Example /home/projects/bagon/shared/imagenet512/val/n02484975/ILSVRC2012_val_00001092.JPEG reached epsilon at step 252, loss sum: 111.3957, final loss: 0.00099754, weight distance: 0.0125
2025-09-23 01:05:25,080 - INFO - Example /home/projects/bagon/shared/imagenet512/val/n03710721/ILSVRC2012_val_00030318.JPEG reached epsilon at step 213, loss sum: 35.3263, final loss: 0.00099277, weight distance: 0.0141
2025-09-23 01:06:07,524 - INFO - Example /home/projects/bagon/shared/imagenet512/val/n01807496/ILSVRC2012_val_00049353.JPEG reached epsilon at step 524, loss sum: 185.7205, final loss: 0.00099659, weight distance: 0.0159
2025-09-23 01:06:28,094 - INFO - Example /home/projects/bagon/shared/imagenet512/val/n04591157/ILSVRC2012_val_00000285.JPEG reached epsilon at step 195, loss sum: 36.4163, final loss: 0.00099182, weight distance: 0.0113
2025-09-23 01:06:41,821 - INFO - Example /home/projects/bagon/shared/imagenet512/val/n03637318/ILSVRC2012_val_00007656.JPEG reached epsilon at step 151, loss sum: 74.8361, final loss: 0.00099659, weight distance: 0.0092
2025-09-23 01:06:59,967 - INFO - Example /home/projects/bagon/shared/imagenet512/val/n02894605/ILSVRC2012_val_00028816.JPEG reached epsilon at step 203, loss sum: 86.5726, final loss: 0.00098515, weight distance: 0.0133
2025-09-23 01:07:14,304 - INFO - Example /home/projects/bagon/shared/imagenet512/val/n02093991/ILSVRC2012_val_00046443.JPEG reached epsilon at step 153, loss sum: 74.8906, final loss: 0.00099850, weight distance: 0.0108
2025-09-23 01:07:28,440 - INFO - Example /home/projects/bagon/shared/imagenet512/val/n04074963/ILSVRC2012_val_00042305.JPEG reached epsilon at step 148, loss sum: 55.1678, final loss: 0.00099468, weight distance: 0.0083
2025-09-23 01:07:49,199 - INFO - Example /home/projects/bagon/shared/imagenet512/val/n03388183/ILSVRC2012_val_00005686.JPEG reached epsilon at step 237, loss sum: 47.0855, final loss: 0.00099182, weight distance: 0.0121
2025-09-23 01:08:05,139 - INFO - Example /home/projects/bagon/shared/imagenet512/val/n04179913/ILSVRC2012_val_00029533.JPEG reached epsilon at step 174, loss sum: 103.0452, final loss: 0.00099945, weight distance: 0.0100
2025-09-23 01:08:20,773 - INFO - Example /home/projects/bagon/shared/imagenet512/val/n03803284/ILSVRC2012_val_00019525.JPEG reached epsilon at step 171, loss sum: 57.7450, final loss: 0.00099659, weight distance: 0.0094
2025-09-23 01:08:36,437 - INFO - Example /home/projects/bagon/shared/imagenet512/val/n04152593/ILSVRC2012_val_00042892.JPEG reached epsilon at step 161, loss sum: 34.8139, final loss: 0.00099564, weight distance: 0.0112
2025-09-23 01:08:53,039 - INFO - Example /home/projects/bagon/shared/imagenet512/val/n04493381/ILSVRC2012_val_00048028.JPEG reached epsilon at step 181, loss sum: 91.2808, final loss: 0.00099659, weight distance: 0.0144
2025-09-23 01:09:04,607 - INFO - Example /home/projects/bagon/shared/imagenet512/val/n02999410/ILSVRC2012_val_00002229.JPEG reached epsilon at step 116, loss sum: 7.8585, final loss: 0.00099564, weight distance: 0.0070
2025-09-23 01:09:22,797 - INFO - Example /home/projects/bagon/shared/imagenet512/val/n02099267/ILSVRC2012_val_00039543.JPEG reached epsilon at step 202, loss sum: 9.2521, final loss: 0.00099945, weight distance: 0.0102
2025-09-23 01:09:34,301 - INFO - Example /home/projects/bagon/shared/imagenet512/val/n01693334/ILSVRC2012_val_00033120.JPEG reached epsilon at step 115, loss sum: 7.7741, final loss: 0.00099182, weight distance: 0.0078
2025-09-23 01:09:53,261 - INFO - Example /home/projects/bagon/shared/imagenet512/val/n01667778/ILSVRC2012_val_00013301.JPEG reached epsilon at step 176, loss sum: 145.9036, final loss: 0.00098515, weight distance: 0.0116
2025-09-23 01:10:07,015 - INFO - Example /home/projects/bagon/shared/imagenet512/val/n04254120/ILSVRC2012_val_00040456.JPEG reached epsilon at step 113, loss sum: 33.6182, final loss: 0.00098610, weight distance: 0.0076
2025-09-23 01:10:19,111 - INFO - Example /home/projects/bagon/shared/imagenet512/val/n04357314/ILSVRC2012_val_00011920.JPEG reached epsilon at step 119, loss sum: 171.6465, final loss: 0.00098991, weight distance: 0.0093
2025-09-23 01:10:36,228 - INFO - Example /home/projects/bagon/shared/imagenet512/val/n02974003/ILSVRC2012_val_00019701.JPEG reached epsilon at step 157, loss sum: 40.8231, final loss: 0.00099564, weight distance: 0.0109
2025-09-23 01:10:58,799 - INFO - Example /home/projects/bagon/shared/imagenet512/val/n04417672/ILSVRC2012_val_00025908.JPEG reached epsilon at step 179, loss sum: 32.5935, final loss: 0.00099945, weight distance: 0.0095
2025-09-23 01:11:27,292 - INFO - Example /home/projects/bagon/shared/imagenet512/val/n03793489/ILSVRC2012_val_00004642.JPEG reached epsilon at step 337, loss sum: 41.7121, final loss: 0.00099182, weight distance: 0.0152
2025-09-23 01:11:47,603 - INFO - Example /home/projects/bagon/shared/imagenet512/val/n02669723/ILSVRC2012_val_00012762.JPEG reached epsilon at step 231, loss sum: 86.8554, final loss: 0.00099277, weight distance: 0.0139
2025-09-23 01:12:11,534 - INFO - Example /home/projects/bagon/shared/imagenet512/val/n01756291/ILSVRC2012_val_00013418.JPEG reached epsilon at step 278, loss sum: 43.6008, final loss: 0.00099468, weight distance: 0.0131
2025-09-23 01:12:26,851 - INFO - Example /home/projects/bagon/shared/imagenet512/val/n04209133/ILSVRC2012_val_00029858.JPEG reached epsilon at step 166, loss sum: 0.5949, final loss: 0.00099373, weight distance: 0.0096
2025-09-23 01:12:40,941 - INFO - Example /home/projects/bagon/shared/imagenet512/val/n03032252/ILSVRC2012_val_00022304.JPEG reached epsilon at step 139, loss sum: 2.8444, final loss: 0.00098610, weight distance: 0.0076
2025-09-23 01:12:53,498 - INFO - Example /home/projects/bagon/shared/imagenet512/val/n03041632/ILSVRC2012_val_00004379.JPEG reached epsilon at step 129, loss sum: 45.8309, final loss: 0.00099087, weight distance: 0.0085
2025-09-23 01:13:07,110 - INFO - Example /home/projects/bagon/shared/imagenet512/val/n02974003/ILSVRC2012_val_00040366.JPEG reached epsilon at step 144, loss sum: 90.3605, final loss: 0.00099564, weight distance: 0.0095
2025-09-23 01:13:23,468 - INFO - Example /home/projects/bagon/shared/imagenet512/val/n03207941/ILSVRC2012_val_00015960.JPEG reached epsilon at step 138, loss sum: 68.1858, final loss: 0.00099373, weight distance: 0.0105
2025-09-23 01:13:39,497 - INFO - Example /home/projects/bagon/shared/imagenet512/val/n04404412/ILSVRC2012_val_00043496.JPEG reached epsilon at step 140, loss sum: 33.8932, final loss: 0.00098801, weight distance: 0.0102
2025-09-23 01:13:55,531 - INFO - Example /home/projects/bagon/shared/imagenet512/val/n04332243/ILSVRC2012_val_00044443.JPEG reached epsilon at step 175, loss sum: 77.8506, final loss: 0.00099277, weight distance: 0.0106
2025-09-23 01:14:10,632 - INFO - Example /home/projects/bagon/shared/imagenet512/val/n03903868/ILSVRC2012_val_00035124.JPEG reached epsilon at step 160, loss sum: 28.5708, final loss: 0.00099754, weight distance: 0.0103
2025-09-23 01:14:26,723 - INFO - Example /home/projects/bagon/shared/imagenet512/val/n03000134/ILSVRC2012_val_00046648.JPEG reached epsilon at step 176, loss sum: 21.5153, final loss: 0.00099945, weight distance: 0.0110
2025-09-23 01:14:41,526 - INFO - Example /home/projects/bagon/shared/imagenet512/val/n04330267/ILSVRC2012_val_00027327.JPEG reached epsilon at step 157, loss sum: 94.0517, final loss: 0.00099277, weight distance: 0.0101
2025-09-23 01:15:00,530 - INFO - Example /home/projects/bagon/shared/imagenet512/val/n03970156/ILSVRC2012_val_00047886.JPEG reached epsilon at step 212, loss sum: 170.9019, final loss: 0.00099564, weight distance: 0.0155
2025-09-23 01:15:14,649 - INFO - Example /home/projects/bagon/shared/imagenet512/val/n03602883/ILSVRC2012_val_00030050.JPEG reached epsilon at step 150, loss sum: 5.7243, final loss: 0.00099850, weight distance: 0.0088
2025-09-23 01:15:28,546 - INFO - Example /home/projects/bagon/shared/imagenet512/val/n04501370/ILSVRC2012_val_00032392.JPEG reached epsilon at step 146, loss sum: 8.4616, final loss: 0.00099754, weight distance: 0.0080
2025-09-23 01:15:38,717 - INFO - Example /home/projects/bagon/shared/imagenet512/val/n03633091/ILSVRC2012_val_00010243.JPEG reached epsilon at step 99, loss sum: 43.3267, final loss: 0.00099564, weight distance: 0.0075
2025-09-23 01:15:48,898 - INFO - Example /home/projects/bagon/shared/imagenet512/val/n02795169/ILSVRC2012_val_00031245.JPEG reached epsilon at step 97, loss sum: 31.1576, final loss: 0.00099945, weight distance: 0.0079
2025-09-23 01:16:07,405 - INFO - Example /home/projects/bagon/shared/imagenet512/val/n03337140/ILSVRC2012_val_00042663.JPEG reached epsilon at step 200, loss sum: 200.3622, final loss: 0.00099945, weight distance: 0.0122
2025-09-23 01:16:19,345 - INFO - Example /home/projects/bagon/shared/imagenet512/val/n04067472/ILSVRC2012_val_00002556.JPEG reached epsilon at step 122, loss sum: 216.9855, final loss: 0.00099659, weight distance: 0.0090
2025-09-23 01:16:32,339 - INFO - Example /home/projects/bagon/shared/imagenet512/val/n03457902/ILSVRC2012_val_00041313.JPEG reached epsilon at step 137, loss sum: 316.5701, final loss: 0.00098419, weight distance: 0.0079
2025-09-23 01:16:50,556 - INFO - Example /home/projects/bagon/shared/imagenet512/val/n02950826/ILSVRC2012_val_00005016.JPEG reached epsilon at step 203, loss sum: 149.0070, final loss: 0.00098896, weight distance: 0.0110
2025-09-23 01:17:13,061 - INFO - Example /home/projects/bagon/shared/imagenet512/val/n04591157/ILSVRC2012_val_00009248.JPEG reached epsilon at step 258, loss sum: 131.9994, final loss: 0.00099850, weight distance: 0.0128
2025-09-23 01:17:21,789 - INFO - Example /home/projects/bagon/shared/imagenet512/val/n02783161/ILSVRC2012_val_00024451.JPEG reached epsilon at step 78, loss sum: 44.5406, final loss: 0.00099564, weight distance: 0.0062
2025-09-23 01:17:33,415 - INFO - Example /home/projects/bagon/shared/imagenet512/val/n02895154/ILSVRC2012_val_00015819.JPEG reached epsilon at step 118, loss sum: 92.8883, final loss: 0.00098896, weight distance: 0.0094
2025-09-23 01:17:45,957 - INFO - Example /home/projects/bagon/shared/imagenet512/val/n04263257/ILSVRC2012_val_00045099.JPEG reached epsilon at step 128, loss sum: 13.6957, final loss: 0.00099373, weight distance: 0.0078
2025-09-23 01:18:00,833 - INFO - Example /home/projects/bagon/shared/imagenet512/val/n03733805/ILSVRC2012_val_00035975.JPEG reached epsilon at step 159, loss sum: 33.1942, final loss: 0.00099850, weight distance: 0.0092
2025-09-23 01:18:13,555 - INFO - Example /home/projects/bagon/shared/imagenet512/val/n09332890/ILSVRC2012_val_00043027.JPEG reached epsilon at step 131, loss sum: 22.1034, final loss: 0.00099087, weight distance: 0.0097
2025-09-23 01:18:22,936 - INFO - Example /home/projects/bagon/shared/imagenet512/val/n04009552/ILSVRC2012_val_00029794.JPEG reached epsilon at step 85, loss sum: 38.3259, final loss: 0.00099850, weight distance: 0.0063
2025-09-23 01:18:40,700 - INFO - Example /home/projects/bagon/shared/imagenet512/val/n02092339/ILSVRC2012_val_00015848.JPEG reached epsilon at step 196, loss sum: 67.2871, final loss: 0.00099468, weight distance: 0.0091
2025-09-23 01:19:07,986 - INFO - Example /home/projects/bagon/shared/imagenet512/val/n01735189/ILSVRC2012_val_00023442.JPEG reached epsilon at step 319, loss sum: 131.3732, final loss: 0.00099754, weight distance: 0.0128
2025-09-23 01:19:27,051 - INFO - Example /home/projects/bagon/shared/imagenet512/val/n01776313/ILSVRC2012_val_00035573.JPEG reached epsilon at step 211, loss sum: 7.5239, final loss: 0.00099087, weight distance: 0.0111
2025-09-23 01:19:35,218 - INFO - Example /home/projects/bagon/shared/imagenet512/val/n04005630/ILSVRC2012_val_00041376.JPEG reached epsilon at step 70, loss sum: 59.4505, final loss: 0.00099564, weight distance: 0.0059
2025-09-23 01:19:59,222 - INFO - Example /home/projects/bagon/shared/imagenet512/val/n03888257/ILSVRC2012_val_00009593.JPEG reached epsilon at step 277, loss sum: 154.8709, final loss: 0.00099754, weight distance: 0.0131
2025-09-23 01:20:13,095 - INFO - Example /home/projects/bagon/shared/imagenet512/val/n04370456/ILSVRC2012_val_00025992.JPEG reached epsilon at step 147, loss sum: 11.9623, final loss: 0.00099468, weight distance: 0.0085
2025-09-23 01:20:33,982 - INFO - Example /home/projects/bagon/shared/imagenet512/val/n03676483/ILSVRC2012_val_00029032.JPEG reached epsilon at step 238, loss sum: 8.0351, final loss: 0.00099945, weight distance: 0.0092
2025-09-23 01:20:44,884 - INFO - Example /home/projects/bagon/shared/imagenet512/val/n04090263/ILSVRC2012_val_00029019.JPEG reached epsilon at step 108, loss sum: 17.3182, final loss: 0.00099468, weight distance: 0.0086
2025-09-23 01:20:57,447 - INFO - Example /home/projects/bagon/shared/imagenet512/val/n03372029/ILSVRC2012_val_00021856.JPEG reached epsilon at step 130, loss sum: 111.7186, final loss: 0.00099468, weight distance: 0.0078
2025-09-23 01:21:17,097 - INFO - Example /home/projects/bagon/shared/imagenet512/val/n07584110/ILSVRC2012_val_00030817.JPEG reached epsilon at step 224, loss sum: 192.3058, final loss: 0.00099468, weight distance: 0.0115
2025-09-23 01:21:33,721 - INFO - Example /home/projects/bagon/shared/imagenet512/val/n03347037/ILSVRC2012_val_00037640.JPEG reached epsilon at step 176, loss sum: 128.8700, final loss: 0.00098515, weight distance: 0.0091
2025-09-23 01:21:55,402 - INFO - Example /home/projects/bagon/shared/imagenet512/val/n02403003/ILSVRC2012_val_00042936.JPEG reached epsilon at step 249, loss sum: 40.3740, final loss: 0.00099945, weight distance: 0.0126
2025-09-23 01:22:21,223 - INFO - Example /home/projects/bagon/shared/imagenet512/val/n01682714/ILSVRC2012_val_00031816.JPEG reached epsilon at step 305, loss sum: 19.3438, final loss: 0.00099850, weight distance: 0.0133
2025-09-23 01:22:34,851 - INFO - Example /home/projects/bagon/shared/imagenet512/val/n02119789/ILSVRC2012_val_00042460.JPEG reached epsilon at step 143, loss sum: 25.3438, final loss: 0.00099850, weight distance: 0.0090
2025-09-23 01:22:47,384 - INFO - Example /home/projects/bagon/shared/imagenet512/val/n03871628/ILSVRC2012_val_00008492.JPEG reached epsilon at step 129, loss sum: 288.2676, final loss: 0.00099945, weight distance: 0.0089
2025-09-23 01:22:56,051 - INFO - Example /home/projects/bagon/shared/imagenet512/val/n04507155/ILSVRC2012_val_00009473.JPEG reached epsilon at step 79, loss sum: 129.8796, final loss: 0.00094748, weight distance: 0.0066
2025-09-23 01:23:16,353 - INFO - Example /home/projects/bagon/shared/imagenet512/val/n03075370/ILSVRC2012_val_00020842.JPEG reached epsilon at step 229, loss sum: 2.3342, final loss: 0.00099850, weight distance: 0.0117
2025-09-23 01:23:31,446 - INFO - Example /home/projects/bagon/shared/imagenet512/val/n04254120/ILSVRC2012_val_00034006.JPEG reached epsilon at step 163, loss sum: 30.7839, final loss: 0.00098896, weight distance: 0.0108
2025-09-23 01:23:43,340 - INFO - Example /home/projects/bagon/shared/imagenet512/val/n03785016/ILSVRC2012_val_00017422.JPEG reached epsilon at step 121, loss sum: 47.0633, final loss: 0.00095654, weight distance: 0.0098
2025-09-23 01:23:56,249 - INFO - Example /home/projects/bagon/shared/imagenet512/val/n02977058/ILSVRC2012_val_00005655.JPEG reached epsilon at step 134, loss sum: 12.6752, final loss: 0.00099754, weight distance: 0.0074
2025-09-23 01:24:12,915 - INFO - Example /home/projects/bagon/shared/imagenet512/val/n07693725/ILSVRC2012_val_00004675.JPEG reached epsilon at step 182, loss sum: 77.2118, final loss: 0.00099087, weight distance: 0.0088
2025-09-23 01:24:30,815 - INFO - Example /home/projects/bagon/shared/imagenet512/val/n03899768/ILSVRC2012_val_00013559.JPEG reached epsilon at step 200, loss sum: 77.2823, final loss: 0.00099182, weight distance: 0.0116
2025-09-23 01:24:45,201 - INFO - Example /home/projects/bagon/shared/imagenet512/val/n02443114/ILSVRC2012_val_00016853.JPEG reached epsilon at step 154, loss sum: 27.0640, final loss: 0.00099850, weight distance: 0.0096
2025-09-23 01:24:56,900 - INFO - Example /home/projects/bagon/shared/imagenet512/val/n03063599/ILSVRC2012_val_00048882.JPEG reached epsilon at step 119, loss sum: 60.6391, final loss: 0.00098801, weight distance: 0.0088
2025-09-23 01:25:07,046 - INFO - Example /home/projects/bagon/shared/imagenet512/val/n03476684/ILSVRC2012_val_00012538.JPEG reached epsilon at step 97, loss sum: 34.0051, final loss: 0.00099850, weight distance: 0.0058
2025-09-23 01:25:24,088 - INFO - Example /home/projects/bagon/shared/imagenet512/val/n04131690/ILSVRC2012_val_00041553.JPEG reached epsilon at step 188, loss sum: 23.5825, final loss: 0.00099659, weight distance: 0.0094
2025-09-23 01:25:41,329 - INFO - Example /home/projects/bagon/shared/imagenet512/val/n03657121/ILSVRC2012_val_00048132.JPEG reached epsilon at step 191, loss sum: 37.2999, final loss: 0.00099945, weight distance: 0.0108
2025-09-23 01:25:57,256 - INFO - Example /home/projects/bagon/shared/imagenet512/val/n02012849/ILSVRC2012_val_00032698.JPEG reached epsilon at step 174, loss sum: 19.6506, final loss: 0.00099564, weight distance: 0.0105
2025-09-23 01:26:10,482 - INFO - Example /home/projects/bagon/shared/imagenet512/val/n03899768/ILSVRC2012_val_00014309.JPEG reached epsilon at step 139, loss sum: 60.8080, final loss: 0.00099564, weight distance: 0.0097
2025-09-23 01:26:24,262 - INFO - Example /home/projects/bagon/shared/imagenet512/val/n03873416/ILSVRC2012_val_00039481.JPEG reached epsilon at step 143, loss sum: 52.7850, final loss: 0.00098515, weight distance: 0.0105
2025-09-23 01:26:45,717 - INFO - Example /home/projects/bagon/shared/imagenet512/val/n02699494/ILSVRC2012_val_00012734.JPEG reached epsilon at step 247, loss sum: 37.1346, final loss: 0.00099564, weight distance: 0.0125
2025-09-23 01:26:55,043 - INFO - Example /home/projects/bagon/shared/imagenet512/val/n04443257/ILSVRC2012_val_00000561.JPEG reached epsilon at step 88, loss sum: 134.7385, final loss: 0.00098896, weight distance: 0.0072
2025-09-23 01:27:11,052 - INFO - Example /home/projects/bagon/shared/imagenet512/val/n04584207/ILSVRC2012_val_00041682.JPEG reached epsilon at step 177, loss sum: 43.7409, final loss: 0.00099754, weight distance: 0.0110
2025-09-23 01:27:37,405 - INFO - Example /home/projects/bagon/shared/imagenet512/val/n02916936/ILSVRC2012_val_00048317.JPEG reached epsilon at step 282, loss sum: 79.7968, final loss: 0.00099659, weight distance: 0.0119
2025-09-23 01:27:50,219 - INFO - Example /home/projects/bagon/shared/imagenet512/val/n03843555/ILSVRC2012_val_00030676.JPEG reached epsilon at step 135, loss sum: 163.4767, final loss: 0.00098610, weight distance: 0.0084
2025-09-23 01:28:01,975 - INFO - Example /home/projects/bagon/shared/imagenet512/val/n04125021/ILSVRC2012_val_00032650.JPEG reached epsilon at step 119, loss sum: 34.3677, final loss: 0.00099373, weight distance: 0.0072
2025-09-23 01:28:24,969 - INFO - Example /home/projects/bagon/shared/imagenet512/val/n01882714/ILSVRC2012_val_00047899.JPEG reached epsilon at step 266, loss sum: 126.1606, final loss: 0.00099945, weight distance: 0.0107
2025-09-23 01:28:45,519 - INFO - Example /home/projects/bagon/shared/imagenet512/val/n07836838/ILSVRC2012_val_00034148.JPEG reached epsilon at step 235, loss sum: 114.4437, final loss: 0.00099850, weight distance: 0.0111
2025-09-23 01:29:00,535 - INFO - Example /home/projects/bagon/shared/imagenet512/val/n02999410/ILSVRC2012_val_00017085.JPEG reached epsilon at step 162, loss sum: 138.3402, final loss: 0.00099277, weight distance: 0.0099
2025-09-23 01:29:23,855 - INFO - Example /home/projects/bagon/shared/imagenet512/val/n03947888/ILSVRC2012_val_00001660.JPEG reached epsilon at step 250, loss sum: 84.2329, final loss: 0.00099754, weight distance: 0.0123
2025-09-23 01:29:34,158 - INFO - Example /home/projects/bagon/shared/imagenet512/val/n03983396/ILSVRC2012_val_00045396.JPEG reached epsilon at step 101, loss sum: 23.3348, final loss: 0.00099468, weight distance: 0.0063
2025-09-23 01:29:51,513 - INFO - Example /home/projects/bagon/shared/imagenet512/val/n03814639/ILSVRC2012_val_00005600.JPEG reached epsilon at step 189, loss sum: 207.0723, final loss: 0.00099754, weight distance: 0.0121
2025-09-23 01:30:10,345 - INFO - Example /home/projects/bagon/shared/imagenet512/val/n02114367/ILSVRC2012_val_00041991.JPEG reached epsilon at step 212, loss sum: 34.5306, final loss: 0.00099659, weight distance: 0.0101
2025-09-23 01:30:30,969 - INFO - Example /home/projects/bagon/shared/imagenet512/val/n01784675/ILSVRC2012_val_00046006.JPEG reached epsilon at step 235, loss sum: 73.3205, final loss: 0.00099754, weight distance: 0.0101
2025-09-23 01:30:52,631 - INFO - Example /home/projects/bagon/shared/imagenet512/val/n02692877/ILSVRC2012_val_00048017.JPEG reached epsilon at step 248, loss sum: 0.5843, final loss: 0.00099564, weight distance: 0.0098
2025-09-23 01:31:03,031 - INFO - Example /home/projects/bagon/shared/imagenet512/val/n03690938/ILSVRC2012_val_00004454.JPEG reached epsilon at step 103, loss sum: 9.4275, final loss: 0.00099087, weight distance: 0.0063
2025-09-23 01:31:14,504 - INFO - Example /home/projects/bagon/shared/imagenet512/val/n04336792/ILSVRC2012_val_00022108.JPEG reached epsilon at step 101, loss sum: 33.0904, final loss: 0.00099468, weight distance: 0.0068
2025-09-23 01:31:34,008 - INFO - Example /home/projects/bagon/shared/imagenet512/val/n04456115/ILSVRC2012_val_00018946.JPEG reached epsilon at step 221, loss sum: 230.5378, final loss: 0.00099850, weight distance: 0.0133
2025-09-23 01:31:45,132 - INFO - Example /home/projects/bagon/shared/imagenet512/val/n02113712/ILSVRC2012_val_00031415.JPEG reached epsilon at step 114, loss sum: 25.3825, final loss: 0.00099468, weight distance: 0.0076
2025-09-23 01:32:03,681 - INFO - Example /home/projects/bagon/shared/imagenet512/val/n07684084/ILSVRC2012_val_00006605.JPEG reached epsilon at step 211, loss sum: 31.1047, final loss: 0.00099945, weight distance: 0.0092
2025-09-23 01:32:20,448 - INFO - Example /home/projects/bagon/shared/imagenet512/val/n07583066/ILSVRC2012_val_00024633.JPEG reached epsilon at step 190, loss sum: 106.4337, final loss: 0.00099468, weight distance: 0.0107
2025-09-23 01:32:37,677 - INFO - Example /home/projects/bagon/shared/imagenet512/val/n04590129/ILSVRC2012_val_00002189.JPEG reached epsilon at step 190, loss sum: 54.9909, final loss: 0.00099182, weight distance: 0.0108
2025-09-23 01:32:51,020 - INFO - Example /home/projects/bagon/shared/imagenet512/val/n03877845/ILSVRC2012_val_00005039.JPEG reached epsilon at step 138, loss sum: 94.9056, final loss: 0.00098991, weight distance: 0.0085
2025-09-23 01:33:03,194 - INFO - Example /home/projects/bagon/shared/imagenet512/val/n04330267/ILSVRC2012_val_00019610.JPEG reached epsilon at step 123, loss sum: 30.5466, final loss: 0.00099659, weight distance: 0.0083
2025-09-23 01:33:13,429 - INFO - Example /home/projects/bagon/shared/imagenet512/val/n02776631/ILSVRC2012_val_00041465.JPEG reached epsilon at step 90, loss sum: 82.6524, final loss: 0.00099277, weight distance: 0.0053
2025-09-23 01:33:29,968 - INFO - Example /home/projects/bagon/shared/imagenet512/val/n04136333/ILSVRC2012_val_00024839.JPEG reached epsilon at step 182, loss sum: 0.8168, final loss: 0.00099468, weight distance: 0.0088
2025-09-23 01:33:46,200 - INFO - Example /home/projects/bagon/shared/imagenet512/val/n04270147/ILSVRC2012_val_00031162.JPEG reached epsilon at step 178, loss sum: 82.6311, final loss: 0.00099659, weight distance: 0.0110
2025-09-23 01:34:04,637 - INFO - Example /home/projects/bagon/shared/imagenet512/val/n02916936/ILSVRC2012_val_00020142.JPEG reached epsilon at step 208, loss sum: 35.0000, final loss: 0.00099277, weight distance: 0.0101
2025-09-23 01:34:26,885 - INFO - Example /home/projects/bagon/shared/imagenet512/val/n04152593/ILSVRC2012_val_00043058.JPEG reached epsilon at step 207, loss sum: 72.8765, final loss: 0.00099277, weight distance: 0.0144
2025-09-23 01:34:47,159 - INFO - Example /home/projects/bagon/shared/imagenet512/val/n02229544/ILSVRC2012_val_00003874.JPEG reached epsilon at step 215, loss sum: 51.4391, final loss: 0.00099850, weight distance: 0.0121
2025-09-23 01:35:11,845 - INFO - Example /home/projects/bagon/shared/imagenet512/val/n04258138/ILSVRC2012_val_00028128.JPEG reached epsilon at step 288, loss sum: 248.8216, final loss: 0.00099659, weight distance: 0.0126
2025-09-23 01:35:30,803 - INFO - Example /home/projects/bagon/shared/imagenet512/val/n01687978/ILSVRC2012_val_00014902.JPEG reached epsilon at step 213, loss sum: 23.8642, final loss: 0.00099945, weight distance: 0.0106
2025-09-23 01:35:42,187 - INFO - Example /home/projects/bagon/shared/imagenet512/val/n04404412/ILSVRC2012_val_00019108.JPEG reached epsilon at step 115, loss sum: 43.9679, final loss: 0.00098324, weight distance: 0.0092
2025-09-23 01:36:06,809 - INFO - Example /home/projects/bagon/shared/imagenet512/val/n02916936/ILSVRC2012_val_00019991.JPEG reached epsilon at step 288, loss sum: 51.0413, final loss: 0.00099945, weight distance: 0.0136
2025-09-23 01:36:32,987 - INFO - Example /home/projects/bagon/shared/imagenet512/val/n01665541/ILSVRC2012_val_00042049.JPEG reached epsilon at step 309, loss sum: 48.5005, final loss: 0.00099945, weight distance: 0.0131
2025-09-23 01:36:51,685 - INFO - Example /home/projects/bagon/shared/imagenet512/val/n03630383/ILSVRC2012_val_00040554.JPEG reached epsilon at step 209, loss sum: 63.2031, final loss: 0.00099945, weight distance: 0.0113
2025-09-23 01:37:07,600 - INFO - Example /home/projects/bagon/shared/imagenet512/val/n04264628/ILSVRC2012_val_00039462.JPEG reached epsilon at step 177, loss sum: 25.4414, final loss: 0.00099945, weight distance: 0.0102
2025-09-23 01:37:25,586 - INFO - Example /home/projects/bagon/shared/imagenet512/val/n01775062/ILSVRC2012_val_00017986.JPEG reached epsilon at step 207, loss sum: 8.2768, final loss: 0.00099564, weight distance: 0.0109
2025-09-23 01:37:38,773 - INFO - Example /home/projects/bagon/shared/imagenet512/val/n03742115/ILSVRC2012_val_00015528.JPEG reached epsilon at step 135, loss sum: 121.0817, final loss: 0.00098610, weight distance: 0.0078
2025-09-23 01:38:07,042 - INFO - Example /home/projects/bagon/shared/imagenet512/val/n01873310/ILSVRC2012_val_00011130.JPEG reached epsilon at step 341, loss sum: 228.8802, final loss: 0.00099754, weight distance: 0.0124
2025-09-23 01:38:19,564 - INFO - Example /home/projects/bagon/shared/imagenet512/val/n03089624/ILSVRC2012_val_00002618.JPEG reached epsilon at step 132, loss sum: 49.1577, final loss: 0.00099754, weight distance: 0.0074
2025-09-23 01:38:50,218 - INFO - Example /home/projects/bagon/shared/imagenet512/val/n02422699/ILSVRC2012_val_00026299.JPEG reached epsilon at step 375, loss sum: 118.1540, final loss: 0.00099754, weight distance: 0.0150
2025-09-23 01:39:08,645 - INFO - Example /home/projects/bagon/shared/imagenet512/val/n02643566/ILSVRC2012_val_00021303.JPEG reached epsilon at step 208, loss sum: 157.8502, final loss: 0.00099373, weight distance: 0.0092
2025-09-23 01:39:23,570 - INFO - Example /home/projects/bagon/shared/imagenet512/val/n03445924/ILSVRC2012_val_00022238.JPEG reached epsilon at step 162, loss sum: 8.4831, final loss: 0.00099945, weight distance: 0.0084
2025-09-23 01:39:45,722 - INFO - Example /home/projects/bagon/shared/imagenet512/val/n01742172/ILSVRC2012_val_00036657.JPEG reached epsilon at step 256, loss sum: 61.3732, final loss: 0.00099850, weight distance: 0.0115
2025-09-23 01:40:05,217 - INFO - Example /home/projects/bagon/shared/imagenet512/val/n02480855/ILSVRC2012_val_00041155.JPEG reached epsilon at step 228, loss sum: 106.1794, final loss: 0.00099182, weight distance: 0.0094
2025-09-23 01:40:16,041 - INFO - Example /home/projects/bagon/shared/imagenet512/val/n09421951/ILSVRC2012_val_00022914.JPEG reached epsilon at step 111, loss sum: 32.3318, final loss: 0.00098038, weight distance: 0.0088
2025-09-23 01:40:33,396 - INFO - Example /home/projects/bagon/shared/imagenet512/val/n03527444/ILSVRC2012_val_00045803.JPEG reached epsilon at step 159, loss sum: 35.3287, final loss: 0.00099659, weight distance: 0.0087
2025-09-23 01:41:16,133 - INFO - Example /home/projects/bagon/shared/imagenet512/val/n02128925/ILSVRC2012_val_00012994.JPEG reached epsilon at step 393, loss sum: 45.0673, final loss: 0.00099945, weight distance: 0.0134
2025-09-23 01:41:28,841 - INFO - Example /home/projects/bagon/shared/imagenet512/val/n03127925/ILSVRC2012_val_00039897.JPEG reached epsilon at step 136, loss sum: 4.5862, final loss: 0.00098896, weight distance: 0.0088
2025-09-23 01:41:40,768 - INFO - Example /home/projects/bagon/shared/imagenet512/val/n04154565/ILSVRC2012_val_00014997.JPEG reached epsilon at step 126, loss sum: 41.3294, final loss: 0.00099850, weight distance: 0.0087
2025-09-23 01:41:48,954 - INFO - Example /home/projects/bagon/shared/imagenet512/val/n04525038/ILSVRC2012_val_00008068.JPEG reached epsilon at step 75, loss sum: 30.5314, final loss: 0.00099373, weight distance: 0.0060
2025-09-23 01:42:05,018 - INFO - Example /home/projects/bagon/shared/imagenet512/val/n04023962/ILSVRC2012_val_00031476.JPEG reached epsilon at step 131, loss sum: 0.4025, final loss: 0.00099850, weight distance: 0.0070
2025-09-23 01:42:28,995 - INFO - Example /home/projects/bagon/shared/imagenet512/val/n02791270/ILSVRC2012_val_00001520.JPEG reached epsilon at step 241, loss sum: 17.0324, final loss: 0.00098801, weight distance: 0.0119
2025-09-23 01:42:43,237 - INFO - Example /home/projects/bagon/shared/imagenet512/val/n03916031/ILSVRC2012_val_00021942.JPEG reached epsilon at step 111, loss sum: 69.1884, final loss: 0.00099850, weight distance: 0.0079
2025-09-23 01:42:54,763 - INFO - Example /home/projects/bagon/shared/imagenet512/val/n07579787/ILSVRC2012_val_00049211.JPEG reached epsilon at step 120, loss sum: 21.1444, final loss: 0.00099754, weight distance: 0.0083
2025-09-23 01:43:13,722 - INFO - Example /home/projects/bagon/shared/imagenet512/val/n04192698/ILSVRC2012_val_00023156.JPEG reached epsilon at step 221, loss sum: 52.3279, final loss: 0.00099659, weight distance: 0.0117
2025-09-23 01:43:22,716 - INFO - Example /home/projects/bagon/shared/imagenet512/val/n02089867/ILSVRC2012_val_00010626.JPEG reached epsilon at step 79, loss sum: 9.8035, final loss: 0.00096989, weight distance: 0.0064
2025-09-23 01:43:33,611 - INFO - Example /home/projects/bagon/shared/imagenet512/val/n02871525/ILSVRC2012_val_00026973.JPEG reached epsilon at step 112, loss sum: 70.4513, final loss: 0.00099277, weight distance: 0.0074
2025-09-23 01:43:50,747 - INFO - Example /home/projects/bagon/shared/imagenet512/val/n04019541/ILSVRC2012_val_00040797.JPEG reached epsilon at step 196, loss sum: 41.9812, final loss: 0.00099373, weight distance: 0.0087
2025-09-23 01:44:08,836 - INFO - Example /home/projects/bagon/shared/imagenet512/val/n04037443/ILSVRC2012_val_00037055.JPEG reached epsilon at step 206, loss sum: 257.1872, final loss: 0.00099850, weight distance: 0.0114
2025-09-23 01:44:21,760 - INFO - Example /home/projects/bagon/shared/imagenet512/val/n03255030/ILSVRC2012_val_00026185.JPEG reached epsilon at step 138, loss sum: 25.6140, final loss: 0.00099659, weight distance: 0.0083
2025-09-23 01:44:41,671 - INFO - Example /home/projects/bagon/shared/imagenet512/val/n03290653/ILSVRC2012_val_00036174.JPEG reached epsilon at step 234, loss sum: 38.8736, final loss: 0.00099754, weight distance: 0.0124
2025-09-23 01:44:59,915 - INFO - Example /home/projects/bagon/shared/imagenet512/val/n02514041/ILSVRC2012_val_00004565.JPEG reached epsilon at step 210, loss sum: 135.7568, final loss: 0.00099850, weight distance: 0.0093
2025-09-23 01:45:13,829 - INFO - Example /home/projects/bagon/shared/imagenet512/val/n04118776/ILSVRC2012_val_00043998.JPEG reached epsilon at step 152, loss sum: 180.7660, final loss: 0.00099373, weight distance: 0.0104
2025-09-23 01:45:41,570 - INFO - Example /home/projects/bagon/shared/imagenet512/val/n02395406/ILSVRC2012_val_00032867.JPEG reached epsilon at step 337, loss sum: 47.5254, final loss: 0.00099850, weight distance: 0.0125
2025-09-23 01:46:00,374 - INFO - Example /home/projects/bagon/shared/imagenet512/val/n02979186/ILSVRC2012_val_00043731.JPEG reached epsilon at step 219, loss sum: 82.6714, final loss: 0.00099373, weight distance: 0.0114
2025-09-23 01:46:10,677 - INFO - Example /home/projects/bagon/shared/imagenet512/val/n03908714/ILSVRC2012_val_00049814.JPEG reached epsilon at step 105, loss sum: 3.1314, final loss: 0.00099945, weight distance: 0.0071
2025-09-23 01:46:34,059 - INFO - Example /home/projects/bagon/shared/imagenet512/val/n04536866/ILSVRC2012_val_00012680.JPEG reached epsilon at step 281, loss sum: 119.4191, final loss: 0.00099659, weight distance: 0.0107
2025-09-23 01:46:47,091 - INFO - Example /home/projects/bagon/shared/imagenet512/val/n07932039/ILSVRC2012_val_00032520.JPEG reached epsilon at step 141, loss sum: 84.2813, final loss: 0.00098991, weight distance: 0.0099
2025-09-23 01:47:03,383 - INFO - Example /home/projects/bagon/shared/imagenet512/val/n03498962/ILSVRC2012_val_00012745.JPEG reached epsilon at step 185, loss sum: 35.8974, final loss: 0.00099945, weight distance: 0.0105
2025-09-23 01:47:23,627 - INFO - Example /home/projects/bagon/shared/imagenet512/val/n01981276/ILSVRC2012_val_00011525.JPEG reached epsilon at step 238, loss sum: 161.6926, final loss: 0.00099945, weight distance: 0.0101
2025-09-23 01:47:40,920 - INFO - Example /home/projects/bagon/shared/imagenet512/val/n07718472/ILSVRC2012_val_00040986.JPEG reached epsilon at step 198, loss sum: 39.7748, final loss: 0.00099277, weight distance: 0.0104
2025-09-23 01:48:02,111 - INFO - Example /home/projects/bagon/shared/imagenet512/val/n03658185/ILSVRC2012_val_00043645.JPEG reached epsilon at step 104, loss sum: 47.7492, final loss: 0.00098991, weight distance: 0.0081
2025-09-23 01:48:15,005 - INFO - Example /home/projects/bagon/shared/imagenet512/val/n03871628/ILSVRC2012_val_00045732.JPEG reached epsilon at step 128, loss sum: 25.5901, final loss: 0.00099468, weight distance: 0.0078
2025-09-23 01:48:27,724 - INFO - Example /home/projects/bagon/shared/imagenet512/val/n02799071/ILSVRC2012_val_00044225.JPEG reached epsilon at step 116, loss sum: 16.1000, final loss: 0.00098419, weight distance: 0.0075
2025-09-23 01:48:43,983 - INFO - Example /home/projects/bagon/shared/imagenet512/val/n01728572/ILSVRC2012_val_00041383.JPEG reached epsilon at step 184, loss sum: 99.3579, final loss: 0.00099564, weight distance: 0.0105
2025-09-23 01:48:55,930 - INFO - Example /home/projects/bagon/shared/imagenet512/val/n02107574/ILSVRC2012_val_00034221.JPEG reached epsilon at step 124, loss sum: 76.7455, final loss: 0.00098419, weight distance: 0.0101
2025-09-23 01:49:21,507 - INFO - Example /home/projects/bagon/shared/imagenet512/val/n02108915/ILSVRC2012_val_00041623.JPEG reached epsilon at step 307, loss sum: 94.3626, final loss: 0.00099468, weight distance: 0.0134
2025-09-23 01:49:32,100 - INFO - Example /home/projects/bagon/shared/imagenet512/val/n02123159/ILSVRC2012_val_00028302.JPEG reached epsilon at step 108, loss sum: 16.6721, final loss: 0.00099087, weight distance: 0.0074
2025-09-23 01:50:13,182 - INFO - Example /home/projects/bagon/shared/imagenet512/val/n09246464/ILSVRC2012_val_00008965.JPEG reached epsilon at step 437, loss sum: 71.0512, final loss: 0.00099182, weight distance: 0.0155
2025-09-23 01:50:28,280 - INFO - Example /home/projects/bagon/shared/imagenet512/val/n03532672/ILSVRC2012_val_00029596.JPEG reached epsilon at step 103, loss sum: 94.9828, final loss: 0.00098705, weight distance: 0.0070
2025-09-23 01:50:42,992 - INFO - Example /home/projects/bagon/shared/imagenet512/val/n04591713/ILSVRC2012_val_00037871.JPEG reached epsilon at step 163, loss sum: 224.0693, final loss: 0.00098991, weight distance: 0.0108
2025-09-23 01:50:57,892 - INFO - Example /home/projects/bagon/shared/imagenet512/val/n03787032/ILSVRC2012_val_00011355.JPEG reached epsilon at step 166, loss sum: 98.4014, final loss: 0.00099945, weight distance: 0.0100
2025-09-23 01:51:21,074 - INFO - Example /home/projects/bagon/shared/imagenet512/val/n02317335/ILSVRC2012_val_00003995.JPEG reached epsilon at step 225, loss sum: 98.6607, final loss: 0.00099659, weight distance: 0.0109
2025-09-23 01:51:47,578 - INFO - Example /home/projects/bagon/shared/imagenet512/val/n01824575/ILSVRC2012_val_00006716.JPEG reached epsilon at step 217, loss sum: 111.1301, final loss: 0.00099850, weight distance: 0.0108
2025-09-23 01:52:01,513 - INFO - Example /home/projects/bagon/shared/imagenet512/val/n02808304/ILSVRC2012_val_00039179.JPEG reached epsilon at step 152, loss sum: 117.6626, final loss: 0.00099373, weight distance: 0.0080
2025-09-23 01:52:14,934 - INFO - Example /home/projects/bagon/shared/imagenet512/val/n03763968/ILSVRC2012_val_00041428.JPEG reached epsilon at step 144, loss sum: 148.5756, final loss: 0.00099945, weight distance: 0.0085
2025-09-23 01:52:25,634 - INFO - Example /home/projects/bagon/shared/imagenet512/val/n03532672/ILSVRC2012_val_00026821.JPEG reached epsilon at step 83, loss sum: 19.7610, final loss: 0.00099277, weight distance: 0.0062
2025-09-23 01:52:36,926 - INFO - Example /home/projects/bagon/shared/imagenet512/val/n03642806/ILSVRC2012_val_00024496.JPEG reached epsilon at step 113, loss sum: 21.5648, final loss: 0.00097656, weight distance: 0.0094
2025-09-23 01:52:47,677 - INFO - Example /home/projects/bagon/shared/imagenet512/val/n02094114/ILSVRC2012_val_00001997.JPEG reached epsilon at step 110, loss sum: 49.9363, final loss: 0.00098610, weight distance: 0.0081
2025-09-23 01:52:58,250 - INFO - Example /home/projects/bagon/shared/imagenet512/val/n04404412/ILSVRC2012_val_00048910.JPEG reached epsilon at step 109, loss sum: 26.3435, final loss: 0.00099373, weight distance: 0.0084
2025-09-23 01:53:22,680 - INFO - Example /home/projects/bagon/shared/imagenet512/val/n02916936/ILSVRC2012_val_00046174.JPEG reached epsilon at step 295, loss sum: 53.4401, final loss: 0.00099277, weight distance: 0.0118
2025-09-23 01:53:35,972 - INFO - Example /home/projects/bagon/shared/imagenet512/val/n04355933/ILSVRC2012_val_00029889.JPEG reached epsilon at step 144, loss sum: 100.4127, final loss: 0.00098515, weight distance: 0.0119
2025-09-23 01:54:00,360 - INFO - Example /home/projects/bagon/shared/imagenet512/val/n03394916/ILSVRC2012_val_00041247.JPEG reached epsilon at step 294, loss sum: 192.9387, final loss: 0.00099754, weight distance: 0.0140
2025-09-23 01:54:19,049 - INFO - Example /home/projects/bagon/shared/imagenet512/val/n03485407/ILSVRC2012_val_00041025.JPEG reached epsilon at step 217, loss sum: 5.3807, final loss: 0.00099468, weight distance: 0.0105
2025-09-23 01:54:29,564 - INFO - Example /home/projects/bagon/shared/imagenet512/val/n03045698/ILSVRC2012_val_00010803.JPEG reached epsilon at step 104, loss sum: 26.9025, final loss: 0.00099659, weight distance: 0.0073
2025-09-23 01:54:51,701 - INFO - Example /home/projects/bagon/shared/imagenet512/val/n01742172/ILSVRC2012_val_00047227.JPEG reached epsilon at step 263, loss sum: 60.7735, final loss: 0.00099277, weight distance: 0.0115
2025-09-23 01:55:11,354 - INFO - Example /home/projects/bagon/shared/imagenet512/val/n04008634/ILSVRC2012_val_00009388.JPEG reached epsilon at step 229, loss sum: 28.5446, final loss: 0.00099754, weight distance: 0.0149
2025-09-23 01:55:35,359 - INFO - Example /home/projects/bagon/shared/imagenet512/val/n01729322/ILSVRC2012_val_00035784.JPEG reached epsilon at step 170, loss sum: 5.8471, final loss: 0.00099850, weight distance: 0.0086
2025-09-23 01:55:57,932 - INFO - Example /home/projects/bagon/shared/imagenet512/val/n02444819/ILSVRC2012_val_00039796.JPEG reached epsilon at step 270, loss sum: 53.6537, final loss: 0.00099945, weight distance: 0.0110
2025-09-23 01:56:26,065 - INFO - Example /home/projects/bagon/shared/imagenet512/val/n01729977/ILSVRC2012_val_00031456.JPEG reached epsilon at step 343, loss sum: 40.0387, final loss: 0.00099277, weight distance: 0.0130
2025-09-23 01:56:42,333 - INFO - Example /home/projects/bagon/shared/imagenet512/val/n04065272/ILSVRC2012_val_00021804.JPEG reached epsilon at step 164, loss sum: 63.6439, final loss: 0.00099945, weight distance: 0.0097
2025-09-23 01:56:56,793 - INFO - Example /home/projects/bagon/shared/imagenet512/val/n04258138/ILSVRC2012_val_00037563.JPEG reached epsilon at step 160, loss sum: 3.0237, final loss: 0.00099468, weight distance: 0.0092
2025-09-23 01:57:16,153 - INFO - Example /home/projects/bagon/shared/imagenet512/val/n04008634/ILSVRC2012_val_00018494.JPEG reached epsilon at step 223, loss sum: 36.2545, final loss: 0.00098991, weight distance: 0.0140
2025-09-23 01:57:47,372 - INFO - Example /home/projects/bagon/shared/imagenet512/val/n04204347/ILSVRC2012_val_00006082.JPEG reached epsilon at step 316, loss sum: 88.4789, final loss: 0.00099659, weight distance: 0.0167
2025-09-23 01:58:18,905 - INFO - Example /home/projects/bagon/shared/imagenet512/val/n03443371/ILSVRC2012_val_00007935.JPEG reached epsilon at step 114, loss sum: 33.8051, final loss: 0.00098324, weight distance: 0.0084
2025-09-23 01:58:35,151 - INFO - Example /home/projects/bagon/shared/imagenet512/val/n03661043/ILSVRC2012_val_00014517.JPEG reached epsilon at step 183, loss sum: 58.7259, final loss: 0.00099373, weight distance: 0.0102
2025-09-23 01:58:51,829 - INFO - Example /home/projects/bagon/shared/imagenet512/val/n02879718/ILSVRC2012_val_00047335.JPEG reached epsilon at step 189, loss sum: 166.1745, final loss: 0.00099087, weight distance: 0.0104
2025-09-23 01:59:02,632 - INFO - Example /home/projects/bagon/shared/imagenet512/val/n03041632/ILSVRC2012_val_00014528.JPEG reached epsilon at step 110, loss sum: 34.8064, final loss: 0.00098419, weight distance: 0.0062
2025-09-23 01:59:19,802 - INFO - Example /home/projects/bagon/shared/imagenet512/val/n03110669/ILSVRC2012_val_00048631.JPEG reached epsilon at step 194, loss sum: 17.2281, final loss: 0.00099182, weight distance: 0.0107
2025-09-23 01:59:41,452 - INFO - Example /home/projects/bagon/shared/imagenet512/val/n03259280/ILSVRC2012_val_00048045.JPEG reached epsilon at step 253, loss sum: 30.4160, final loss: 0.00099659, weight distance: 0.0114
2025-09-23 01:59:55,676 - INFO - Example /home/projects/bagon/shared/imagenet512/val/n03709823/ILSVRC2012_val_00004303.JPEG reached epsilon at step 155, loss sum: 50.5300, final loss: 0.00099087, weight distance: 0.0107
2025-09-23 02:00:28,104 - INFO - Example /home/projects/bagon/shared/imagenet512/val/n01740131/ILSVRC2012_val_00018388.JPEG reached epsilon at step 100, loss sum: 19.3814, final loss: 0.00099945, weight distance: 0.0074
2025-09-23 02:00:45,236 - INFO - Example /home/projects/bagon/shared/imagenet512/val/n03759954/ILSVRC2012_val_00001982.JPEG reached epsilon at step 175, loss sum: 77.3007, final loss: 0.00099087, weight distance: 0.0123
2025-09-23 02:01:03,557 - INFO - Example /home/projects/bagon/shared/imagenet512/val/n04591157/ILSVRC2012_val_00011733.JPEG reached epsilon at step 211, loss sum: 38.3483, final loss: 0.00099182, weight distance: 0.0127
2025-09-23 02:01:15,533 - INFO - Example /home/projects/bagon/shared/imagenet512/val/n07930864/ILSVRC2012_val_00026174.JPEG reached epsilon at step 125, loss sum: 33.3393, final loss: 0.00099564, weight distance: 0.0091
2025-09-23 02:01:42,169 - INFO - Example /home/projects/bagon/shared/imagenet512/val/n04008634/ILSVRC2012_val_00018756.JPEG reached epsilon at step 322, loss sum: 177.7375, final loss: 0.00099850, weight distance: 0.0175
2025-09-23 02:02:07,499 - INFO - Example /home/projects/bagon/shared/imagenet512/val/n02963159/ILSVRC2012_val_00029879.JPEG reached epsilon at step 263, loss sum: 82.5904, final loss: 0.00099945, weight distance: 0.0124
2025-09-23 02:02:25,242 - INFO - Example /home/projects/bagon/shared/imagenet512/val/n02699494/ILSVRC2012_val_00019197.JPEG reached epsilon at step 122, loss sum: 73.2270, final loss: 0.00099850, weight distance: 0.0076
2025-09-23 02:02:51,340 - INFO - Example /home/projects/bagon/shared/imagenet512/val/n03983396/ILSVRC2012_val_00011279.JPEG reached epsilon at step 128, loss sum: 31.1569, final loss: 0.00098324, weight distance: 0.0086
2025-09-23 02:03:02,412 - INFO - Example /home/projects/bagon/shared/imagenet512/val/n04286575/ILSVRC2012_val_00015779.JPEG reached epsilon at step 114, loss sum: 72.1411, final loss: 0.00099564, weight distance: 0.0078
2025-09-23 02:03:17,093 - INFO - Example /home/projects/bagon/shared/imagenet512/val/n12144580/ILSVRC2012_val_00008525.JPEG reached epsilon at step 157, loss sum: 46.6587, final loss: 0.00098896, weight distance: 0.0113
2025-09-23 02:03:29,988 - INFO - Example /home/projects/bagon/shared/imagenet512/val/n01728572/ILSVRC2012_val_00004269.JPEG reached epsilon at step 137, loss sum: 18.5434, final loss: 0.00099754, weight distance: 0.0079
2025-09-23 02:03:46,423 - INFO - Example /home/projects/bagon/shared/imagenet512/val/n02797295/ILSVRC2012_val_00007717.JPEG reached epsilon at step 185, loss sum: 260.3828, final loss: 0.00099087, weight distance: 0.0119
2025-09-23 02:04:04,896 - INFO - Example /home/projects/bagon/shared/imagenet512/val/n02814860/ILSVRC2012_val_00026607.JPEG reached epsilon at step 183, loss sum: 0.4848, final loss: 0.00098896, weight distance: 0.0086
2025-09-23 02:04:19,458 - INFO - Example /home/projects/bagon/shared/imagenet512/val/n03498962/ILSVRC2012_val_00040559.JPEG reached epsilon at step 161, loss sum: 109.8510, final loss: 0.00099087, weight distance: 0.0097
2025-09-23 02:04:33,541 - INFO - Example /home/projects/bagon/shared/imagenet512/val/n07248320/ILSVRC2012_val_00008799.JPEG reached epsilon at step 155, loss sum: 5.7975, final loss: 0.00099659, weight distance: 0.0091
2025-09-23 02:05:08,903 - INFO - Example /home/projects/bagon/shared/imagenet512/val/n03983396/ILSVRC2012_val_00029146.JPEG reached epsilon at step 148, loss sum: 88.6588, final loss: 0.00099564, weight distance: 0.0087
2025-09-23 02:05:25,305 - INFO - Example /home/projects/bagon/shared/imagenet512/val/n04376876/ILSVRC2012_val_00004096.JPEG reached epsilon at step 118, loss sum: 129.7304, final loss: 0.00099659, weight distance: 0.0087
2025-09-23 02:05:39,837 - INFO - Example /home/projects/bagon/shared/imagenet512/val/n02102318/ILSVRC2012_val_00020250.JPEG reached epsilon at step 135, loss sum: 140.1849, final loss: 0.00099659, weight distance: 0.0084
2025-09-23 02:05:59,607 - INFO - Example /home/projects/bagon/shared/imagenet512/val/n02095889/ILSVRC2012_val_00027256.JPEG reached epsilon at step 230, loss sum: 138.1196, final loss: 0.00099659, weight distance: 0.0130
2025-09-23 02:06:11,660 - INFO - Example /home/projects/bagon/shared/imagenet512/val/n02087394/ILSVRC2012_val_00047173.JPEG reached epsilon at step 127, loss sum: 91.5300, final loss: 0.00099373, weight distance: 0.0082
2025-09-23 02:06:23,235 - INFO - Example /home/projects/bagon/shared/imagenet512/val/n03710637/ILSVRC2012_val_00021142.JPEG reached epsilon at step 121, loss sum: 20.3950, final loss: 0.00097942, weight distance: 0.0092
2025-09-23 02:06:34,604 - INFO - Example /home/projects/bagon/shared/imagenet512/val/n02108000/ILSVRC2012_val_00012740.JPEG reached epsilon at step 118, loss sum: 4.3075, final loss: 0.00099277, weight distance: 0.0074
2025-09-23 02:07:08,319 - INFO - Example /home/projects/bagon/shared/imagenet512/val/n02655020/ILSVRC2012_val_00019369.JPEG reached epsilon at step 418, loss sum: 306.9169, final loss: 0.00099468, weight distance: 0.0157
2025-09-23 02:07:24,111 - INFO - Example /home/projects/bagon/shared/imagenet512/val/n02965783/ILSVRC2012_val_00049299.JPEG reached epsilon at step 173, loss sum: 93.6779, final loss: 0.00099659, weight distance: 0.0095
2025-09-23 02:07:52,473 - INFO - Example /home/projects/bagon/shared/imagenet512/val/n04238763/ILSVRC2012_val_00043886.JPEG reached epsilon at step 343, loss sum: 93.5293, final loss: 0.00099659, weight distance: 0.0108
2025-09-23 02:08:06,629 - INFO - Example /home/projects/bagon/shared/imagenet512/val/n04131690/ILSVRC2012_val_00014536.JPEG reached epsilon at step 154, loss sum: 61.9513, final loss: 0.00099373, weight distance: 0.0092
2025-09-23 02:08:22,124 - INFO - Example /home/projects/bagon/shared/imagenet512/val/n04259630/ILSVRC2012_val_00035937.JPEG reached epsilon at step 172, loss sum: 72.9195, final loss: 0.00099468, weight distance: 0.0105
2025-09-23 02:08:36,642 - INFO - Example /home/projects/bagon/shared/imagenet512/val/n04356056/ILSVRC2012_val_00022285.JPEG reached epsilon at step 159, loss sum: 55.8734, final loss: 0.00099182, weight distance: 0.0124
2025-09-23 02:08:54,432 - INFO - Example /home/projects/bagon/shared/imagenet512/val/n02106030/ILSVRC2012_val_00036360.JPEG reached epsilon at step 150, loss sum: 88.8859, final loss: 0.00099564, weight distance: 0.0100
2025-09-23 02:09:26,151 - INFO - Example /home/projects/bagon/shared/imagenet512/val/n02927161/ILSVRC2012_val_00020167.JPEG reached epsilon at step 285, loss sum: 11.1032, final loss: 0.00099754, weight distance: 0.0115
2025-09-23 02:09:44,785 - INFO - Example /home/projects/bagon/shared/imagenet512/val/n03127925/ILSVRC2012_val_00001452.JPEG reached epsilon at step 198, loss sum: 213.8453, final loss: 0.00098705, weight distance: 0.0116
2025-09-23 02:09:57,515 - INFO - Example /home/projects/bagon/shared/imagenet512/val/n03998194/ILSVRC2012_val_00028039.JPEG reached epsilon at step 129, loss sum: 137.6717, final loss: 0.00098610, weight distance: 0.0091
2025-09-23 02:10:12,057 - INFO - Example /home/projects/bagon/shared/imagenet512/val/n07734744/ILSVRC2012_val_00028371.JPEG reached epsilon at step 160, loss sum: 67.7294, final loss: 0.00098991, weight distance: 0.0103
2025-09-23 02:10:27,797 - INFO - Example /home/projects/bagon/shared/imagenet512/val/n02086646/ILSVRC2012_val_00030642.JPEG reached epsilon at step 176, loss sum: 109.5071, final loss: 0.00098896, weight distance: 0.0103
2025-09-23 02:10:51,489 - INFO - Example /home/projects/bagon/shared/imagenet512/val/n02097298/ILSVRC2012_val_00024756.JPEG reached epsilon at step 280, loss sum: 27.8333, final loss: 0.00099373, weight distance: 0.0127
2025-09-23 02:11:06,624 - INFO - Example /home/projects/bagon/shared/imagenet512/val/n04039381/ILSVRC2012_val_00031371.JPEG reached epsilon at step 169, loss sum: 154.4904, final loss: 0.00098801, weight distance: 0.0109
2025-09-23 02:11:22,748 - INFO - Example /home/projects/bagon/shared/imagenet512/val/n02948072/ILSVRC2012_val_00031683.JPEG reached epsilon at step 176, loss sum: 366.2099, final loss: 0.00099373, weight distance: 0.0110
2025-09-23 02:11:41,811 - INFO - Example /home/projects/bagon/shared/imagenet512/val/n03259280/ILSVRC2012_val_00000182.JPEG reached epsilon at step 220, loss sum: 6.5551, final loss: 0.00099945, weight distance: 0.0100
2025-09-23 02:11:52,374 - INFO - Example /home/projects/bagon/shared/imagenet512/val/n04372370/ILSVRC2012_val_00045927.JPEG reached epsilon at step 107, loss sum: 16.6247, final loss: 0.00099754, weight distance: 0.0063
2025-09-23 02:12:02,566 - INFO - Example /home/projects/bagon/shared/imagenet512/val/n02108000/ILSVRC2012_val_00033553.JPEG reached epsilon at step 102, loss sum: 56.2579, final loss: 0.00099277, weight distance: 0.0087
2025-09-23 02:12:13,565 - INFO - Example /home/projects/bagon/shared/imagenet512/val/n03998194/ILSVRC2012_val_00038469.JPEG reached epsilon at step 109, loss sum: 39.8631, final loss: 0.00099945, weight distance: 0.0070
2025-09-23 02:12:26,947 - INFO - Example /home/projects/bagon/shared/imagenet512/val/n03180011/ILSVRC2012_val_00016800.JPEG reached epsilon at step 139, loss sum: 44.2832, final loss: 0.00099659, weight distance: 0.0114
2025-09-23 02:12:38,662 - INFO - Example /home/projects/bagon/shared/imagenet512/val/n04154565/ILSVRC2012_val_00013516.JPEG reached epsilon at step 121, loss sum: 63.9980, final loss: 0.00099373, weight distance: 0.0077
2025-09-23 02:13:00,401 - INFO - Example /home/projects/bagon/shared/imagenet512/val/n02672831/ILSVRC2012_val_00009773.JPEG reached epsilon at step 238, loss sum: 325.5896, final loss: 0.00099277, weight distance: 0.0120
2025-09-23 02:13:12,184 - INFO - Example /home/projects/bagon/shared/imagenet512/val/n04553703/ILSVRC2012_val_00025271.JPEG reached epsilon at step 124, loss sum: 137.5250, final loss: 0.00099468, weight distance: 0.0090
2025-09-23 02:13:40,774 - INFO - Example /home/projects/bagon/shared/imagenet512/val/n02099267/ILSVRC2012_val_00003898.JPEG reached epsilon at step 254, loss sum: 99.8472, final loss: 0.00099945, weight distance: 0.0123
2025-09-23 02:13:51,408 - INFO - Example /home/projects/bagon/shared/imagenet512/val/n03032252/ILSVRC2012_val_00036856.JPEG reached epsilon at step 107, loss sum: 70.2611, final loss: 0.00099659, weight distance: 0.0078
2025-09-23 02:14:11,827 - INFO - Example /home/projects/bagon/shared/imagenet512/val/n04086273/ILSVRC2012_val_00037225.JPEG reached epsilon at step 239, loss sum: 80.5789, final loss: 0.00099468, weight distance: 0.0128
2025-09-23 02:14:26,753 - INFO - Example /home/projects/bagon/shared/imagenet512/val/n04355338/ILSVRC2012_val_00008323.JPEG reached epsilon at step 165, loss sum: 40.9490, final loss: 0.00099754, weight distance: 0.0089
2025-09-23 02:14:41,277 - INFO - Example /home/projects/bagon/shared/imagenet512/val/n04517823/ILSVRC2012_val_00012535.JPEG reached epsilon at step 153, loss sum: 111.9390, final loss: 0.00099564, weight distance: 0.0101
2025-09-23 02:14:57,039 - INFO - Example /home/projects/bagon/shared/imagenet512/val/n04033901/ILSVRC2012_val_00015664.JPEG reached epsilon at step 177, loss sum: 88.2121, final loss: 0.00099945, weight distance: 0.0097
2025-09-23 02:15:12,430 - INFO - Example /home/projects/bagon/shared/imagenet512/val/n09229709/ILSVRC2012_val_00039170.JPEG reached epsilon at step 171, loss sum: 166.9249, final loss: 0.00099468, weight distance: 0.0098
2025-09-23 02:15:29,276 - INFO - Example /home/projects/bagon/shared/imagenet512/val/n12144580/ILSVRC2012_val_00033564.JPEG reached epsilon at step 192, loss sum: 106.5893, final loss: 0.00099564, weight distance: 0.0106
2025-09-23 02:15:47,775 - INFO - Example /home/projects/bagon/shared/imagenet512/val/n04428191/ILSVRC2012_val_00003542.JPEG reached epsilon at step 214, loss sum: 145.8100, final loss: 0.00099659, weight distance: 0.0114
2025-09-23 02:16:11,364 - INFO - Example /home/projects/bagon/shared/imagenet512/val/n04120489/ILSVRC2012_val_00043700.JPEG reached epsilon at step 282, loss sum: 73.0430, final loss: 0.00099850, weight distance: 0.0121
2025-09-23 02:16:38,275 - INFO - Example /home/projects/bagon/shared/imagenet512/val/n02109961/ILSVRC2012_val_00005521.JPEG reached epsilon at step 245, loss sum: 40.2342, final loss: 0.00099659, weight distance: 0.0135
2025-09-23 02:16:50,422 - INFO - Example /home/projects/bagon/shared/imagenet512/val/n03787032/ILSVRC2012_val_00024968.JPEG reached epsilon at step 121, loss sum: 72.4193, final loss: 0.00099373, weight distance: 0.0068
2025-09-23 02:17:09,367 - INFO - Example /home/projects/bagon/shared/imagenet512/val/n04429376/ILSVRC2012_val_00017455.JPEG reached epsilon at step 206, loss sum: 176.5069, final loss: 0.00099754, weight distance: 0.0113
2025-09-23 02:17:20,718 - INFO - Example /home/projects/bagon/shared/imagenet512/val/n04355933/ILSVRC2012_val_00013274.JPEG reached epsilon at step 118, loss sum: 157.9848, final loss: 0.00098419, weight distance: 0.0085
2025-09-23 02:17:37,709 - INFO - Example /home/projects/bagon/shared/imagenet512/val/n03777754/ILSVRC2012_val_00026631.JPEG reached epsilon at step 187, loss sum: 77.6016, final loss: 0.00099564, weight distance: 0.0107
2025-09-23 02:17:48,023 - INFO - Example /home/projects/bagon/shared/imagenet512/val/n04443257/ILSVRC2012_val_00030711.JPEG reached epsilon at step 101, loss sum: 45.4650, final loss: 0.00099277, weight distance: 0.0075
2025-09-23 02:18:05,775 - INFO - Example /home/projects/bagon/shared/imagenet512/val/n04120489/ILSVRC2012_val_00039619.JPEG reached epsilon at step 201, loss sum: 119.8408, final loss: 0.00099659, weight distance: 0.0095
2025-09-23 02:18:51,721 - INFO - Example /home/projects/bagon/shared/imagenet512/val/n01855672/ILSVRC2012_val_00025667.JPEG reached epsilon at step 531, loss sum: 44.8369, final loss: 0.00099850, weight distance: 0.0164
2025-09-23 02:19:05,549 - INFO - Example /home/projects/bagon/shared/imagenet512/val/n07930864/ILSVRC2012_val_00028858.JPEG reached epsilon at step 119, loss sum: 124.4684, final loss: 0.00098705, weight distance: 0.0090
2025-09-23 02:19:27,494 - INFO - Example /home/projects/bagon/shared/imagenet512/val/n03838899/ILSVRC2012_val_00016801.JPEG reached epsilon at step 260, loss sum: 21.0617, final loss: 0.00099659, weight distance: 0.0121
2025-09-23 02:19:44,458 - INFO - Example /home/projects/bagon/shared/imagenet512/val/n03670208/ILSVRC2012_val_00042844.JPEG reached epsilon at step 192, loss sum: 77.4235, final loss: 0.00099754, weight distance: 0.0100
2025-09-23 02:20:06,037 - INFO - Example /home/projects/bagon/shared/imagenet512/val/n07711569/ILSVRC2012_val_00037511.JPEG reached epsilon at step 218, loss sum: 155.8993, final loss: 0.00099659, weight distance: 0.0113
2025-09-23 02:20:52,564 - INFO - Example /home/projects/bagon/shared/imagenet512/val/n03290653/ILSVRC2012_val_00022494.JPEG reached epsilon at step 210, loss sum: 127.8393, final loss: 0.00098801, weight distance: 0.0139
2025-09-23 02:21:10,606 - INFO - Example /home/projects/bagon/shared/imagenet512/val/n02321529/ILSVRC2012_val_00015243.JPEG reached epsilon at step 156, loss sum: 7.3028, final loss: 0.00099659, weight distance: 0.0071
2025-09-23 02:21:27,666 - INFO - Example /home/projects/bagon/shared/imagenet512/val/n02672831/ILSVRC2012_val_00000204.JPEG reached epsilon at step 194, loss sum: 138.4744, final loss: 0.00099277, weight distance: 0.0109
2025-09-23 02:21:39,134 - INFO - Example /home/projects/bagon/shared/imagenet512/val/n03837869/ILSVRC2012_val_00025846.JPEG reached epsilon at step 119, loss sum: 44.2567, final loss: 0.00098515, weight distance: 0.0082
2025-09-23 02:22:00,745 - INFO - Example /home/projects/bagon/shared/imagenet512/val/n03240683/ILSVRC2012_val_00010303.JPEG reached epsilon at step 250, loss sum: 39.6040, final loss: 0.00099754, weight distance: 0.0094
2025-09-23 02:22:20,875 - INFO - Example /home/projects/bagon/shared/imagenet512/val/n02894605/ILSVRC2012_val_00037316.JPEG reached epsilon at step 236, loss sum: 60.2369, final loss: 0.00099277, weight distance: 0.0120
2025-09-23 02:22:32,782 - INFO - Example /home/projects/bagon/shared/imagenet512/val/n04557648/ILSVRC2012_val_00046459.JPEG reached epsilon at step 124, loss sum: 72.5443, final loss: 0.00099754, weight distance: 0.0098
2025-09-23 02:22:45,640 - INFO - Example /home/projects/bagon/shared/imagenet512/val/n03761084/ILSVRC2012_val_00021354.JPEG reached epsilon at step 137, loss sum: 1.2481, final loss: 0.00099850, weight distance: 0.0075
2025-09-23 02:23:00,748 - INFO - Example /home/projects/bagon/shared/imagenet512/val/n02788148/ILSVRC2012_val_00016408.JPEG reached epsilon at step 168, loss sum: 31.1406, final loss: 0.00099277, weight distance: 0.0102
2025-09-23 02:23:13,285 - INFO - Example /home/projects/bagon/shared/imagenet512/val/n04317175/ILSVRC2012_val_00039435.JPEG reached epsilon at step 134, loss sum: 12.0452, final loss: 0.00099659, weight distance: 0.0079
2025-09-23 02:23:31,065 - INFO - Example /home/projects/bagon/shared/imagenet512/val/n03584254/ILSVRC2012_val_00048390.JPEG reached epsilon at step 205, loss sum: 130.9353, final loss: 0.00099182, weight distance: 0.0102
2025-09-23 02:23:42,455 - INFO - Example /home/projects/bagon/shared/imagenet512/val/n03691459/ILSVRC2012_val_00008456.JPEG reached epsilon at step 118, loss sum: 21.1937, final loss: 0.00099277, weight distance: 0.0072
2025-09-23 02:24:07,859 - INFO - Example /home/projects/bagon/shared/imagenet512/val/n02814860/ILSVRC2012_val_00020080.JPEG reached epsilon at step 212, loss sum: 58.1933, final loss: 0.00099850, weight distance: 0.0122
2025-09-23 02:24:27,849 - INFO - Example /home/projects/bagon/shared/imagenet512/val/n09256479/ILSVRC2012_val_00004126.JPEG reached epsilon at step 231, loss sum: 27.5563, final loss: 0.00099945, weight distance: 0.0111
2025-09-23 02:24:43,131 - INFO - Example /home/projects/bagon/shared/imagenet512/val/n04254120/ILSVRC2012_val_00030184.JPEG reached epsilon at step 171, loss sum: 151.4995, final loss: 0.00099277, weight distance: 0.0101
2025-09-23 02:25:14,475 - INFO - Example /home/projects/bagon/shared/imagenet512/val/n02492660/ILSVRC2012_val_00008204.JPEG reached epsilon at step 352, loss sum: 54.2316, final loss: 0.00099754, weight distance: 0.0152
2025-09-23 02:25:33,408 - INFO - Example /home/projects/bagon/shared/imagenet512/val/n04404412/ILSVRC2012_val_00049571.JPEG reached epsilon at step 131, loss sum: 23.0531, final loss: 0.00099373, weight distance: 0.0098
2025-09-23 02:25:44,598 - INFO - Example /home/projects/bagon/shared/imagenet512/val/n03483316/ILSVRC2012_val_00019454.JPEG reached epsilon at step 115, loss sum: 70.4804, final loss: 0.00098991, weight distance: 0.0069
2025-09-23 02:25:54,946 - INFO - Example /home/projects/bagon/shared/imagenet512/val/n03976657/ILSVRC2012_val_00018564.JPEG reached epsilon at step 102, loss sum: 73.9380, final loss: 0.00099468, weight distance: 0.0085
2025-09-23 02:26:12,552 - INFO - Example /home/projects/bagon/shared/imagenet512/val/n03065424/ILSVRC2012_val_00038925.JPEG reached epsilon at step 201, loss sum: 51.4366, final loss: 0.00099659, weight distance: 0.0109
2025-09-23 02:26:34,702 - INFO - Example /home/projects/bagon/shared/imagenet512/val/n03710721/ILSVRC2012_val_00041693.JPEG reached epsilon at step 253, loss sum: 144.6103, final loss: 0.00099182, weight distance: 0.0148
2025-09-23 02:26:47,283 - INFO - Example /home/projects/bagon/shared/imagenet512/val/n02441942/ILSVRC2012_val_00029560.JPEG reached epsilon at step 134, loss sum: 27.2360, final loss: 0.00097847, weight distance: 0.0100
2025-09-23 02:27:01,716 - INFO - Example /home/projects/bagon/shared/imagenet512/val/n03637318/ILSVRC2012_val_00018590.JPEG reached epsilon at step 159, loss sum: 185.6310, final loss: 0.00099373, weight distance: 0.0105
2025-09-23 02:27:26,725 - INFO - Example /home/projects/bagon/shared/imagenet512/val/n04033995/ILSVRC2012_val_00007459.JPEG reached epsilon at step 299, loss sum: 75.7362, final loss: 0.00099945, weight distance: 0.0119
2025-09-23 02:27:37,318 - INFO - Example /home/projects/bagon/shared/imagenet512/val/n07579787/ILSVRC2012_val_00028525.JPEG reached epsilon at step 105, loss sum: 34.2632, final loss: 0.00097656, weight distance: 0.0085
2025-09-23 02:27:47,154 - INFO - Example /home/projects/bagon/shared/imagenet512/val/n02113712/ILSVRC2012_val_00044968.JPEG reached epsilon at step 96, loss sum: 39.5251, final loss: 0.00098896, weight distance: 0.0070
2025-09-23 02:28:04,505 - INFO - Example /home/projects/bagon/shared/imagenet512/val/n03796401/ILSVRC2012_val_00048418.JPEG reached epsilon at step 196, loss sum: 52.7306, final loss: 0.00099373, weight distance: 0.0121
2025-09-23 02:28:24,837 - INFO - Example /home/projects/bagon/shared/imagenet512/val/n04033995/ILSVRC2012_val_00047408.JPEG reached epsilon at step 236, loss sum: 14.4127, final loss: 0.00099659, weight distance: 0.0116
2025-09-23 02:28:38,375 - INFO - Example /home/projects/bagon/shared/imagenet512/val/n02091032/ILSVRC2012_val_00019087.JPEG reached epsilon at step 135, loss sum: 41.6746, final loss: 0.00099850, weight distance: 0.0098
2025-09-23 02:28:56,317 - INFO - Example /home/projects/bagon/shared/imagenet512/val/n03697007/ILSVRC2012_val_00034390.JPEG reached epsilon at step 198, loss sum: 48.8356, final loss: 0.00099850, weight distance: 0.0103
2025-09-23 02:29:10,472 - INFO - Example /home/projects/bagon/shared/imagenet512/val/n04465501/ILSVRC2012_val_00003326.JPEG reached epsilon at step 153, loss sum: 193.8672, final loss: 0.00099850, weight distance: 0.0083
2025-09-23 02:29:24,159 - INFO - Example /home/projects/bagon/shared/imagenet512/val/n04254777/ILSVRC2012_val_00028826.JPEG reached epsilon at step 149, loss sum: 228.8471, final loss: 0.00099182, weight distance: 0.0085
2025-09-23 02:29:43,948 - INFO - Example /home/projects/bagon/shared/imagenet512/val/n02676566/ILSVRC2012_val_00005850.JPEG reached epsilon at step 231, loss sum: 83.8378, final loss: 0.00099087, weight distance: 0.0114
2025-09-23 02:30:12,044 - INFO - Example /home/projects/bagon/shared/imagenet512/val/n03895866/ILSVRC2012_val_00010334.JPEG reached epsilon at step 332, loss sum: 43.1342, final loss: 0.00099754, weight distance: 0.0135
2025-09-23 02:30:36,376 - INFO - Example /home/projects/bagon/shared/imagenet512/val/n03980874/ILSVRC2012_val_00004159.JPEG reached epsilon at step 293, loss sum: 38.0033, final loss: 0.00099659, weight distance: 0.0111
2025-09-23 02:30:51,018 - INFO - Example /home/projects/bagon/shared/imagenet512/val/n02095570/ILSVRC2012_val_00036454.JPEG reached epsilon at step 162, loss sum: 48.8436, final loss: 0.00099850, weight distance: 0.0113
2025-09-23 02:31:06,839 - INFO - Example /home/projects/bagon/shared/imagenet512/val/n04462240/ILSVRC2012_val_00017863.JPEG reached epsilon at step 178, loss sum: 48.0925, final loss: 0.00099754, weight distance: 0.0107
2025-09-23 02:31:39,207 - INFO - Example /home/projects/bagon/shared/imagenet512/val/n01756291/ILSVRC2012_val_00048299.JPEG reached epsilon at step 401, loss sum: 19.9270, final loss: 0.00099850, weight distance: 0.0157
2025-09-23 02:31:51,962 - INFO - Example /home/projects/bagon/shared/imagenet512/val/n04591713/ILSVRC2012_val_00006632.JPEG reached epsilon at step 137, loss sum: 27.2589, final loss: 0.00099945, weight distance: 0.0097
2025-09-23 02:32:05,602 - INFO - Example /home/projects/bagon/shared/imagenet512/val/n04131690/ILSVRC2012_val_00025444.JPEG reached epsilon at step 148, loss sum: 9.1848, final loss: 0.00098705, weight distance: 0.0084
2025-09-23 02:32:19,578 - INFO - Example /home/projects/bagon/shared/imagenet512/val/n03770679/ILSVRC2012_val_00048610.JPEG reached epsilon at step 153, loss sum: 4.3149, final loss: 0.00099373, weight distance: 0.0077
2025-09-23 02:32:39,733 - INFO - Example /home/projects/bagon/shared/imagenet512/val/n04317175/ILSVRC2012_val_00032866.JPEG reached epsilon at step 233, loss sum: 265.9976, final loss: 0.00098705, weight distance: 0.0134
2025-09-23 02:32:53,080 - INFO - Example /home/projects/bagon/shared/imagenet512/val/n04141327/ILSVRC2012_val_00005711.JPEG reached epsilon at step 143, loss sum: 19.6991, final loss: 0.00099277, weight distance: 0.0088
2025-09-23 02:33:07,754 - INFO - Example /home/projects/bagon/shared/imagenet512/val/n02096177/ILSVRC2012_val_00006615.JPEG reached epsilon at step 162, loss sum: 53.9699, final loss: 0.00099182, weight distance: 0.0107
2025-09-23 02:33:22,216 - INFO - Example /home/projects/bagon/shared/imagenet512/val/n02099712/ILSVRC2012_val_00044639.JPEG reached epsilon at step 144, loss sum: 106.0050, final loss: 0.00099373, weight distance: 0.0086
2025-09-23 02:33:44,187 - INFO - Example /home/projects/bagon/shared/imagenet512/val/n07614500/ILSVRC2012_val_00008264.JPEG reached epsilon at step 262, loss sum: 64.1974, final loss: 0.00099850, weight distance: 0.0126
2025-09-23 02:34:04,037 - INFO - Example /home/projects/bagon/shared/imagenet512/val/n03637318/ILSVRC2012_val_00018140.JPEG reached epsilon at step 230, loss sum: 75.3315, final loss: 0.00099373, weight distance: 0.0127
2025-09-23 02:34:25,203 - INFO - Example /home/projects/bagon/shared/imagenet512/val/n03796401/ILSVRC2012_val_00038712.JPEG reached epsilon at step 205, loss sum: 38.6199, final loss: 0.00099373, weight distance: 0.0113
2025-09-23 02:34:39,152 - INFO - Example /home/projects/bagon/shared/imagenet512/val/n02526121/ILSVRC2012_val_00036535.JPEG reached epsilon at step 145, loss sum: 177.5814, final loss: 0.00099659, weight distance: 0.0086
2025-09-23 02:35:03,392 - INFO - Example /home/projects/bagon/shared/imagenet512/val/n04350905/ILSVRC2012_val_00001133.JPEG reached epsilon at step 289, loss sum: 169.5274, final loss: 0.00099850, weight distance: 0.0162
2025-09-23 02:35:18,818 - INFO - Example /home/projects/bagon/shared/imagenet512/val/n03995372/ILSVRC2012_val_00040657.JPEG reached epsilon at step 171, loss sum: 161.9892, final loss: 0.00099468, weight distance: 0.0107
2025-09-23 02:35:26,456 - INFO - Example /home/projects/bagon/shared/imagenet512/val/n04239074/ILSVRC2012_val_00006127.JPEG reached epsilon at step 67, loss sum: 43.6631, final loss: 0.00096083, weight distance: 0.0057
2025-09-23 02:35:44,044 - INFO - Example /home/projects/bagon/shared/imagenet512/val/n02676566/ILSVRC2012_val_00043972.JPEG reached epsilon at step 194, loss sum: 8.6464, final loss: 0.00099659, weight distance: 0.0106
2025-09-23 02:36:11,215 - INFO - Example /home/projects/bagon/shared/imagenet512/val/n02788148/ILSVRC2012_val_00044590.JPEG reached epsilon at step 186, loss sum: 39.4460, final loss: 0.00099659, weight distance: 0.0087
2025-09-23 02:36:24,693 - INFO - Example /home/projects/bagon/shared/imagenet512/val/n03223299/ILSVRC2012_val_00035550.JPEG reached epsilon at step 138, loss sum: 76.2751, final loss: 0.00099373, weight distance: 0.0079
2025-09-23 02:36:42,639 - INFO - Example /home/projects/bagon/shared/imagenet512/val/n03976467/ILSVRC2012_val_00012287.JPEG reached epsilon at step 204, loss sum: 50.2986, final loss: 0.00099659, weight distance: 0.0106
2025-09-23 02:37:02,655 - INFO - Example /home/projects/bagon/shared/imagenet512/val/n04462240/ILSVRC2012_val_00008535.JPEG reached epsilon at step 159, loss sum: 55.7358, final loss: 0.00098610, weight distance: 0.0092
2025-09-23 02:37:20,160 - INFO - Example /home/projects/bagon/shared/imagenet512/val/n03710637/ILSVRC2012_val_00011548.JPEG reached epsilon at step 198, loss sum: 33.1994, final loss: 0.00098991, weight distance: 0.0139
2025-09-23 02:37:45,849 - INFO - Example /home/projects/bagon/shared/imagenet512/val/n03710721/ILSVRC2012_val_00006538.JPEG reached epsilon at step 305, loss sum: 36.8830, final loss: 0.00099659, weight distance: 0.0161
2025-09-23 02:37:56,258 - INFO - Example /home/projects/bagon/shared/imagenet512/val/n04127249/ILSVRC2012_val_00040482.JPEG reached epsilon at step 104, loss sum: 105.8873, final loss: 0.00099468, weight distance: 0.0076
2025-09-23 02:38:19,256 - INFO - Example /home/projects/bagon/shared/imagenet512/val/n03995372/ILSVRC2012_val_00026148.JPEG reached epsilon at step 174, loss sum: 302.3986, final loss: 0.00096464, weight distance: 0.0137
2025-09-23 02:38:28,079 - INFO - Example /home/projects/bagon/shared/imagenet512/val/n04081281/ILSVRC2012_val_00039132.JPEG reached epsilon at step 83, loss sum: 44.5455, final loss: 0.00099564, weight distance: 0.0056
2025-09-23 02:38:46,783 - INFO - Example /home/projects/bagon/shared/imagenet512/val/n03930630/ILSVRC2012_val_00007733.JPEG reached epsilon at step 216, loss sum: 42.5783, final loss: 0.00099850, weight distance: 0.0119
2025-09-23 02:39:02,558 - INFO - Example /home/projects/bagon/shared/imagenet512/val/n03063689/ILSVRC2012_val_00017357.JPEG reached epsilon at step 176, loss sum: 96.3445, final loss: 0.00098801, weight distance: 0.0101
2025-09-23 02:39:16,431 - INFO - Example /home/projects/bagon/shared/imagenet512/val/n03991062/ILSVRC2012_val_00042420.JPEG reached epsilon at step 146, loss sum: 62.0790, final loss: 0.00098801, weight distance: 0.0091
2025-09-23 02:39:29,183 - INFO - Example /home/projects/bagon/shared/imagenet512/val/n04355933/ILSVRC2012_val_00040219.JPEG reached epsilon at step 135, loss sum: 35.4450, final loss: 0.00097942, weight distance: 0.0110
2025-09-23 02:39:51,993 - INFO - Example /home/projects/bagon/shared/imagenet512/val/n02206856/ILSVRC2012_val_00037491.JPEG reached epsilon at step 269, loss sum: 108.6343, final loss: 0.00099277, weight distance: 0.0101
2025-09-23 02:40:05,590 - INFO - Example /home/projects/bagon/shared/imagenet512/val/n03314780/ILSVRC2012_val_00047251.JPEG reached epsilon at step 146, loss sum: 50.9379, final loss: 0.00099754, weight distance: 0.0083
2025-09-23 02:40:29,577 - INFO - Example /home/projects/bagon/shared/imagenet512/val/n03250847/ILSVRC2012_val_00045452.JPEG reached epsilon at step 211, loss sum: 91.0166, final loss: 0.00099277, weight distance: 0.0112
2025-09-23 02:40:42,235 - INFO - Example /home/projects/bagon/shared/imagenet512/val/n03485407/ILSVRC2012_val_00049544.JPEG reached epsilon at step 135, loss sum: 37.2943, final loss: 0.00099373, weight distance: 0.0074
2025-09-23 02:41:04,960 - INFO - Example /home/projects/bagon/shared/imagenet512/val/n02504458/ILSVRC2012_val_00027908.JPEG reached epsilon at step 167, loss sum: 6.6028, final loss: 0.00099564, weight distance: 0.0097
2025-09-23 02:41:25,003 - INFO - Example /home/projects/bagon/shared/imagenet512/val/n02110627/ILSVRC2012_val_00002296.JPEG reached epsilon at step 228, loss sum: 150.0003, final loss: 0.00099945, weight distance: 0.0118
2025-09-23 02:41:45,632 - INFO - Example /home/projects/bagon/shared/imagenet512/val/n03657121/ILSVRC2012_val_00035676.JPEG reached epsilon at step 241, loss sum: 102.1420, final loss: 0.00098991, weight distance: 0.0123
2025-09-23 02:41:55,985 - INFO - Example /home/projects/bagon/shared/imagenet512/val/n02107574/ILSVRC2012_val_00033915.JPEG reached epsilon at step 104, loss sum: 35.4321, final loss: 0.00098038, weight distance: 0.0082
2025-09-23 02:42:14,530 - INFO - Example /home/projects/bagon/shared/imagenet512/val/n03062245/ILSVRC2012_val_00017110.JPEG reached epsilon at step 213, loss sum: 37.2871, final loss: 0.00099659, weight distance: 0.0111
2025-09-23 02:42:29,355 - INFO - Example /home/projects/bagon/shared/imagenet512/val/n02782093/ILSVRC2012_val_00014172.JPEG reached epsilon at step 161, loss sum: 0.5864, final loss: 0.00099182, weight distance: 0.0086
2025-09-23 02:42:45,574 - INFO - Example /home/projects/bagon/shared/imagenet512/val/n02088466/ILSVRC2012_val_00043153.JPEG reached epsilon at step 182, loss sum: 43.2781, final loss: 0.00098991, weight distance: 0.0106
2025-09-23 02:43:03,770 - INFO - Example /home/projects/bagon/shared/imagenet512/val/n02869837/ILSVRC2012_val_00036133.JPEG reached epsilon at step 208, loss sum: 32.3065, final loss: 0.00099850, weight distance: 0.0086
2025-09-23 02:43:18,159 - INFO - Example /home/projects/bagon/shared/imagenet512/val/n03063599/ILSVRC2012_val_00023142.JPEG reached epsilon at step 157, loss sum: 37.3629, final loss: 0.00099850, weight distance: 0.0112
2025-09-23 02:43:30,053 - INFO - Example /home/projects/bagon/shared/imagenet512/val/n03895866/ILSVRC2012_val_00020623.JPEG reached epsilon at step 124, loss sum: 3.9122, final loss: 0.00099659, weight distance: 0.0073
2025-09-23 02:43:45,707 - INFO - Example /home/projects/bagon/shared/imagenet512/val/n02988304/ILSVRC2012_val_00017461.JPEG reached epsilon at step 174, loss sum: 15.4424, final loss: 0.00098896, weight distance: 0.0118
2025-09-23 02:44:01,375 - INFO - Example /home/projects/bagon/shared/imagenet512/val/n03047690/ILSVRC2012_val_00015826.JPEG reached epsilon at step 175, loss sum: 39.2751, final loss: 0.00098896, weight distance: 0.0085
2025-09-23 02:44:18,772 - INFO - Example /home/projects/bagon/shared/imagenet512/val/n02133161/ILSVRC2012_val_00006793.JPEG reached epsilon at step 190, loss sum: 38.6903, final loss: 0.00098896, weight distance: 0.0105
2025-09-23 02:44:36,831 - INFO - Example /home/projects/bagon/shared/imagenet512/val/n03733281/ILSVRC2012_val_00036740.JPEG reached epsilon at step 205, loss sum: 181.3427, final loss: 0.00099945, weight distance: 0.0107
2025-09-23 02:44:48,978 - INFO - Example /home/projects/bagon/shared/imagenet512/val/n02113624/ILSVRC2012_val_00039376.JPEG reached epsilon at step 127, loss sum: 18.8695, final loss: 0.00098228, weight distance: 0.0090
2025-09-23 02:45:09,464 - INFO - Example /home/projects/bagon/shared/imagenet512/val/n03814639/ILSVRC2012_val_00018259.JPEG reached epsilon at step 223, loss sum: 458.7234, final loss: 0.00095701, weight distance: 0.0161
2025-09-23 02:45:26,474 - INFO - Example /home/projects/bagon/shared/imagenet512/val/n03075370/ILSVRC2012_val_00041941.JPEG reached epsilon at step 191, loss sum: 76.5328, final loss: 0.00099468, weight distance: 0.0101
2025-09-23 02:45:39,040 - INFO - Example /home/projects/bagon/shared/imagenet512/val/n02747177/ILSVRC2012_val_00046749.JPEG reached epsilon at step 132, loss sum: 68.2112, final loss: 0.00097418, weight distance: 0.0095
2025-09-23 02:45:59,517 - INFO - Example /home/projects/bagon/shared/imagenet512/val/n04131690/ILSVRC2012_val_00001319.JPEG reached epsilon at step 217, loss sum: 92.1329, final loss: 0.00099754, weight distance: 0.0110
2025-09-23 02:46:18,183 - INFO - Example /home/projects/bagon/shared/imagenet512/val/n02749479/ILSVRC2012_val_00018759.JPEG reached epsilon at step 213, loss sum: 104.3563, final loss: 0.00099850, weight distance: 0.0122
2025-09-23 02:46:49,227 - INFO - Example /home/projects/bagon/shared/imagenet512/val/n01675722/ILSVRC2012_val_00006853.JPEG reached epsilon at step 251, loss sum: 63.9377, final loss: 0.00099754, weight distance: 0.0119
2025-09-23 02:47:12,262 - INFO - Example /home/projects/bagon/shared/imagenet512/val/n13054560/ILSVRC2012_val_00031250.JPEG reached epsilon at step 270, loss sum: 35.9883, final loss: 0.00099945, weight distance: 0.0120
2025-09-23 02:47:27,240 - INFO - Example /home/projects/bagon/shared/imagenet512/val/n07930864/ILSVRC2012_val_00003109.JPEG reached epsilon at step 164, loss sum: 10.3336, final loss: 0.00098515, weight distance: 0.0095
2025-09-23 02:47:50,412 - INFO - Example /home/projects/bagon/shared/imagenet512/val/n02804610/ILSVRC2012_val_00002180.JPEG reached epsilon at step 273, loss sum: 87.1771, final loss: 0.00099564, weight distance: 0.0128
2025-09-23 02:48:24,942 - INFO - Example /home/projects/bagon/shared/imagenet512/val/n04399382/ILSVRC2012_val_00030762.JPEG reached epsilon at step 423, loss sum: 30.7611, final loss: 0.00099850, weight distance: 0.0136
2025-09-23 02:48:34,151 - INFO - Time limit reached. Exiting before starting next example.
