2025-09-23 01:18:56,482 - INFO - Parsed arguments:
2025-09-23 01:18:56,482 - INFO -   amp_dtype = None
2025-09-23 01:18:56,482 - INFO -   bars_npy = /home/projects/bagon/andreyg/Projects/BMM_school/Universal_learning/Programming/bars/geq6wrong_21017_geq6correct_1525_imagenet.npy
2025-09-23 01:18:56,482 - INFO -   cka_layer_fraction = 0.05
2025-09-23 01:18:56,482 - INFO -   current_worker = 7
2025-09-23 01:18:56,482 - INFO -   deterministic = True
2025-09-23 01:18:56,482 - INFO -   device = cuda
2025-09-23 01:18:56,482 - INFO -   epsilon = 0.001
2025-09-23 01:18:56,482 - INFO -   examples_csv = /home/projects/bagon/andreyg/Projects/BMM_school/Universal_learning/Programming/bars/geq6wrong_21017_geq6correct_1525_imagenet_examples_ammended.csv
2025-09-23 01:18:56,482 - INFO -   explicit_examples_for_training = None
2025-09-23 01:18:56,482 - INFO -   grad_clip_norm = 1.0
2025-09-23 01:18:56,482 - INFO -   hierarchy_json = /home/projects/bagon/andreyg/Projects/BMM_school/Universal_learning/Programming/bars/imagenet_synset_hierarchy.json
2025-09-23 01:18:56,482 - INFO -   imagenet_models_csv = /home/projects/bagon/andreyg/Projects/BMM_school/Universal_learning/Programming/bars/imagenet_models.csv
2025-09-23 01:18:56,482 - INFO -   lr = 0.0001
2025-09-23 01:18:56,482 - INFO -   max_examples = 50000
2025-09-23 01:18:56,482 - INFO -   max_steps_per_example = 10000
2025-09-23 01:18:56,482 - INFO -   model_csv_name = efficientvit_base_2_224_classification_imagenet_1k
2025-09-23 01:18:56,482 - INFO -   model_name = efficientvit_b2.r224_in1k
2025-09-23 01:18:56,482 - INFO -   no_amp = False
2025-09-23 01:18:56,482 - INFO -   num_workers = 8
2025-09-23 01:18:56,482 - INFO -   output_dir = /home/projects/bagon/andreyg/Projects/BMM_school/Universal_learning/Programming/training_gradient_evaluator_single_loss_parallel/output_parallel_8_workers_trial_2
2025-09-23 01:18:56,482 - INFO -   root_dir = None
2025-09-23 01:18:56,482 - INFO -   seed = 1337
2025-09-23 01:18:56,483 - INFO -   time_limit_seconds = 6300
2025-09-23 01:18:56,483 - INFO -   weight_decay = 0.0
2025-09-23 01:18:56,483 - INFO -   zero_aug_train = False
2025-09-23 01:18:57,514 - INFO - Loaded TIMM pretrained weights for efficientvit_b2.r224_in1k
2025-09-23 01:18:57,514 - INFO - pretrained_cfg.url= hf_hub_id=timm/efficientvit_b2.r224_in1k
2025-09-23 01:18:57,783 - INFO - Training configuration:
2025-09-23 01:18:57,783 - INFO -   lr = 0.0001
2025-09-23 01:18:57,783 - INFO -   weight_decay = 0.0
2025-09-23 01:18:57,784 - INFO -   max_steps = 10000
2025-09-23 01:18:57,784 - INFO -   epsilon = 0.001
2025-09-23 01:18:57,784 - INFO -   device = cuda
2025-09-23 01:18:57,784 - INFO -   use_amp = True
2025-09-23 01:18:57,784 - INFO -   amp_dtype = None
2025-09-23 01:18:57,784 - INFO -   gradient_clip_norm = 1.0
2025-09-23 01:19:12,000 - INFO - Example /home/projects/bagon/shared/imagenet512/val/n04286575/ILSVRC2012_val_00023584.JPEG reached epsilon at step 110, loss sum: 146.7763, final loss: 0.00098896, weight distance: 0.0082
2025-09-23 01:19:32,118 - INFO - Example /home/projects/bagon/shared/imagenet512/val/n04328186/ILSVRC2012_val_00041340.JPEG reached epsilon at step 235, loss sum: 188.7352, final loss: 0.00098991, weight distance: 0.0164
2025-09-23 01:19:52,222 - INFO - Example /home/projects/bagon/shared/imagenet512/val/n01985128/ILSVRC2012_val_00010640.JPEG reached epsilon at step 214, loss sum: 220.9277, final loss: 0.00099564, weight distance: 0.0124
2025-09-23 01:20:07,243 - INFO - Example /home/projects/bagon/shared/imagenet512/val/n04154565/ILSVRC2012_val_00002631.JPEG reached epsilon at step 164, loss sum: 202.1028, final loss: 0.00099087, weight distance: 0.0122
2025-09-23 01:20:34,474 - INFO - Example /home/projects/bagon/shared/imagenet512/val/n03895866/ILSVRC2012_val_00038339.JPEG reached epsilon at step 305, loss sum: 287.3701, final loss: 0.00099659, weight distance: 0.0141
2025-09-23 01:20:45,726 - INFO - Example /home/projects/bagon/shared/imagenet512/val/n03345487/ILSVRC2012_val_00032745.JPEG reached epsilon at step 123, loss sum: 69.8424, final loss: 0.00099564, weight distance: 0.0068
2025-09-23 01:21:03,543 - INFO - Example /home/projects/bagon/shared/imagenet512/val/n04067472/ILSVRC2012_val_00043400.JPEG reached epsilon at step 201, loss sum: 135.8718, final loss: 0.00098705, weight distance: 0.0132
2025-09-23 01:21:19,183 - INFO - Example /home/projects/bagon/shared/imagenet512/val/n04523525/ILSVRC2012_val_00049794.JPEG reached epsilon at step 172, loss sum: 102.3716, final loss: 0.00099468, weight distance: 0.0105
2025-09-23 01:21:35,705 - INFO - Example /home/projects/bagon/shared/imagenet512/val/n02403003/ILSVRC2012_val_00041495.JPEG reached epsilon at step 183, loss sum: 192.9711, final loss: 0.00099754, weight distance: 0.0090
2025-09-23 01:21:51,810 - INFO - Example /home/projects/bagon/shared/imagenet512/val/n02791270/ILSVRC2012_val_00010017.JPEG reached epsilon at step 171, loss sum: 96.8008, final loss: 0.00098801, weight distance: 0.0128
2025-09-23 01:22:18,321 - INFO - Example /home/projects/bagon/shared/imagenet512/val/n02492035/ILSVRC2012_val_00019469.JPEG reached epsilon at step 313, loss sum: 163.2728, final loss: 0.00099659, weight distance: 0.0139
2025-09-23 01:22:40,960 - INFO - Example /home/projects/bagon/shared/imagenet512/val/n09472597/ILSVRC2012_val_00031246.JPEG reached epsilon at step 267, loss sum: 247.1758, final loss: 0.00099850, weight distance: 0.0127
2025-09-23 01:23:07,499 - INFO - Example /home/projects/bagon/shared/imagenet512/val/n01739381/ILSVRC2012_val_00024092.JPEG reached epsilon at step 296, loss sum: 297.8105, final loss: 0.00099850, weight distance: 0.0135
2025-09-23 01:23:22,396 - INFO - Example /home/projects/bagon/shared/imagenet512/val/n02992529/ILSVRC2012_val_00037257.JPEG reached epsilon at step 160, loss sum: 116.2842, final loss: 0.00099373, weight distance: 0.0120
2025-09-23 01:23:35,553 - INFO - Example /home/projects/bagon/shared/imagenet512/val/n02093428/ILSVRC2012_val_00011381.JPEG reached epsilon at step 149, loss sum: 161.2406, final loss: 0.00099277, weight distance: 0.0105
2025-09-23 01:23:55,562 - INFO - Example /home/projects/bagon/shared/imagenet512/val/n03710637/ILSVRC2012_val_00018505.JPEG reached epsilon at step 240, loss sum: 48.6517, final loss: 0.00099659, weight distance: 0.0167
2025-09-23 01:24:18,046 - INFO - Example /home/projects/bagon/shared/imagenet512/val/n04326547/ILSVRC2012_val_00008758.JPEG reached epsilon at step 270, loss sum: 240.2269, final loss: 0.00099659, weight distance: 0.0143
2025-09-23 01:24:51,698 - INFO - Example /home/projects/bagon/shared/imagenet512/val/n02206856/ILSVRC2012_val_00036958.JPEG reached epsilon at step 388, loss sum: 104.7886, final loss: 0.00099659, weight distance: 0.0128
2025-09-23 01:25:12,180 - INFO - Example /home/projects/bagon/shared/imagenet512/val/n02119022/ILSVRC2012_val_00039745.JPEG reached epsilon at step 230, loss sum: 42.3838, final loss: 0.00099945, weight distance: 0.0103
2025-09-23 01:25:32,044 - INFO - Example /home/projects/bagon/shared/imagenet512/val/n02704792/ILSVRC2012_val_00039906.JPEG reached epsilon at step 237, loss sum: 104.8466, final loss: 0.00099945, weight distance: 0.0106
2025-09-23 01:25:44,179 - INFO - Example /home/projects/bagon/shared/imagenet512/val/n04336792/ILSVRC2012_val_00048036.JPEG reached epsilon at step 144, loss sum: 164.8572, final loss: 0.00099373, weight distance: 0.0100
2025-09-23 01:26:09,069 - INFO - Example /home/projects/bagon/shared/imagenet512/val/n02403003/ILSVRC2012_val_00010029.JPEG reached epsilon at step 296, loss sum: 141.0161, final loss: 0.00099564, weight distance: 0.0194
2025-09-23 01:26:21,931 - INFO - Example /home/projects/bagon/shared/imagenet512/val/n02895154/ILSVRC2012_val_00008405.JPEG reached epsilon at step 141, loss sum: 34.8307, final loss: 0.00098515, weight distance: 0.0108
2025-09-23 01:26:38,945 - INFO - Example /home/projects/bagon/shared/imagenet512/val/n01739381/ILSVRC2012_val_00009754.JPEG reached epsilon at step 189, loss sum: 47.2686, final loss: 0.00098896, weight distance: 0.0104
2025-09-23 01:26:55,493 - INFO - Example /home/projects/bagon/shared/imagenet512/val/n02102318/ILSVRC2012_val_00024691.JPEG reached epsilon at step 174, loss sum: 137.2035, final loss: 0.00099659, weight distance: 0.0092
2025-09-23 01:27:09,601 - INFO - Example /home/projects/bagon/shared/imagenet512/val/n07920052/ILSVRC2012_val_00032379.JPEG reached epsilon at step 161, loss sum: 96.5191, final loss: 0.00098991, weight distance: 0.0117
2025-09-23 01:27:23,116 - INFO - Example /home/projects/bagon/shared/imagenet512/val/n04209133/ILSVRC2012_val_00010607.JPEG reached epsilon at step 157, loss sum: 124.4497, final loss: 0.00099564, weight distance: 0.0085
2025-09-23 01:27:33,994 - INFO - Example /home/projects/bagon/shared/imagenet512/val/n04081281/ILSVRC2012_val_00005240.JPEG reached epsilon at step 116, loss sum: 154.3682, final loss: 0.00099373, weight distance: 0.0083
2025-09-23 01:27:52,035 - INFO - Example /home/projects/bagon/shared/imagenet512/val/n03781244/ILSVRC2012_val_00021768.JPEG reached epsilon at step 196, loss sum: 300.8749, final loss: 0.00099850, weight distance: 0.0129
2025-09-23 01:28:09,648 - INFO - Example /home/projects/bagon/shared/imagenet512/val/n02834397/ILSVRC2012_val_00011752.JPEG reached epsilon at step 190, loss sum: 163.4427, final loss: 0.00099754, weight distance: 0.0112
2025-09-23 01:28:29,719 - INFO - Example /home/projects/bagon/shared/imagenet512/val/n07579787/ILSVRC2012_val_00030901.JPEG reached epsilon at step 221, loss sum: 221.7915, final loss: 0.00099564, weight distance: 0.0142
2025-09-23 01:28:52,479 - INFO - Example /home/projects/bagon/shared/imagenet512/val/n02097047/ILSVRC2012_val_00032277.JPEG reached epsilon at step 267, loss sum: 360.8226, final loss: 0.00099277, weight distance: 0.0149
2025-09-23 01:29:01,401 - INFO - Example /home/projects/bagon/shared/imagenet512/val/n03532672/ILSVRC2012_val_00023777.JPEG reached epsilon at step 97, loss sum: 103.9176, final loss: 0.00098038, weight distance: 0.0076
2025-09-23 01:29:25,175 - INFO - Example /home/projects/bagon/shared/imagenet512/val/n07831146/ILSVRC2012_val_00036499.JPEG reached epsilon at step 289, loss sum: 100.6510, final loss: 0.00099277, weight distance: 0.0128
2025-09-23 01:29:35,302 - INFO - Example /home/projects/bagon/shared/imagenet512/val/n03908618/ILSVRC2012_val_00049972.JPEG reached epsilon at step 113, loss sum: 91.4357, final loss: 0.00098228, weight distance: 0.0080
2025-09-23 01:29:50,852 - INFO - Example /home/projects/bagon/shared/imagenet512/val/n03000134/ILSVRC2012_val_00048435.JPEG reached epsilon at step 182, loss sum: 143.1445, final loss: 0.00099945, weight distance: 0.0110
2025-09-23 01:30:06,076 - INFO - Example /home/projects/bagon/shared/imagenet512/val/n04372370/ILSVRC2012_val_00047334.JPEG reached epsilon at step 174, loss sum: 84.9845, final loss: 0.00099564, weight distance: 0.0095
2025-09-23 01:30:27,604 - INFO - Example /home/projects/bagon/shared/imagenet512/val/n04081281/ILSVRC2012_val_00027720.JPEG reached epsilon at step 241, loss sum: 224.1560, final loss: 0.00098705, weight distance: 0.0134
2025-09-23 01:30:44,143 - INFO - Example /home/projects/bagon/shared/imagenet512/val/n03125729/ILSVRC2012_val_00000041.JPEG reached epsilon at step 177, loss sum: 39.5006, final loss: 0.00099754, weight distance: 0.0103
2025-09-23 01:31:01,742 - INFO - Example /home/projects/bagon/shared/imagenet512/val/n02999410/ILSVRC2012_val_00029452.JPEG reached epsilon at step 202, loss sum: 80.8860, final loss: 0.00098896, weight distance: 0.0108
2025-09-23 01:31:16,413 - INFO - Example /home/projects/bagon/shared/imagenet512/val/n04522168/ILSVRC2012_val_00007642.JPEG reached epsilon at step 168, loss sum: 155.6185, final loss: 0.00098896, weight distance: 0.0120
2025-09-23 01:31:42,569 - INFO - Example /home/projects/bagon/shared/imagenet512/val/n02106030/ILSVRC2012_val_00027583.JPEG reached epsilon at step 296, loss sum: 77.2096, final loss: 0.00099659, weight distance: 0.0184
2025-09-23 01:31:59,287 - INFO - Example /home/projects/bagon/shared/imagenet512/val/n02979186/ILSVRC2012_val_00049106.JPEG reached epsilon at step 197, loss sum: 24.8899, final loss: 0.00099468, weight distance: 0.0123
2025-09-23 01:32:21,232 - INFO - Example /home/projects/bagon/shared/imagenet512/val/n02500267/ILSVRC2012_val_00020449.JPEG reached epsilon at step 266, loss sum: 97.8428, final loss: 0.00099182, weight distance: 0.0128
2025-09-23 01:32:39,440 - INFO - Example /home/projects/bagon/shared/imagenet512/val/n04493381/ILSVRC2012_val_00046954.JPEG reached epsilon at step 199, loss sum: 60.9066, final loss: 0.00099182, weight distance: 0.0136
2025-09-23 01:33:06,666 - INFO - Example /home/projects/bagon/shared/imagenet512/val/n01756291/ILSVRC2012_val_00012006.JPEG reached epsilon at step 311, loss sum: 41.1286, final loss: 0.00099945, weight distance: 0.0149
2025-09-23 01:33:27,381 - INFO - Example /home/projects/bagon/shared/imagenet512/val/n02264363/ILSVRC2012_val_00012045.JPEG reached epsilon at step 259, loss sum: 113.8119, final loss: 0.00099850, weight distance: 0.0111
2025-09-23 01:33:43,108 - INFO - Example /home/projects/bagon/shared/imagenet512/val/n02107908/ILSVRC2012_val_00036796.JPEG reached epsilon at step 187, loss sum: 29.3281, final loss: 0.00099277, weight distance: 0.0103
2025-09-23 01:33:57,373 - INFO - Example /home/projects/bagon/shared/imagenet512/val/n03782006/ILSVRC2012_val_00027545.JPEG reached epsilon at step 162, loss sum: 88.1946, final loss: 0.00099945, weight distance: 0.0123
2025-09-23 01:34:17,783 - INFO - Example /home/projects/bagon/shared/imagenet512/val/n02119789/ILSVRC2012_val_00021730.JPEG reached epsilon at step 236, loss sum: 51.8893, final loss: 0.00099564, weight distance: 0.0112
2025-09-23 01:34:29,546 - INFO - Example /home/projects/bagon/shared/imagenet512/val/n07734744/ILSVRC2012_val_00005527.JPEG reached epsilon at step 135, loss sum: 153.2712, final loss: 0.00099182, weight distance: 0.0079
2025-09-23 01:35:24,830 - INFO - Example /home/projects/bagon/shared/imagenet512/val/n04487394/ILSVRC2012_val_00034253.JPEG reached epsilon at step 686, loss sum: 75.2925, final loss: 0.00099850, weight distance: 0.0182
2025-09-23 01:35:44,962 - INFO - Example /home/projects/bagon/shared/imagenet512/val/n04254777/ILSVRC2012_val_00032386.JPEG reached epsilon at step 251, loss sum: 249.1615, final loss: 0.00099850, weight distance: 0.0157
2025-09-23 01:36:04,456 - INFO - Example /home/projects/bagon/shared/imagenet512/val/n04479046/ILSVRC2012_val_00037129.JPEG reached epsilon at step 234, loss sum: 228.3689, final loss: 0.00099754, weight distance: 0.0130
2025-09-23 01:36:26,639 - INFO - Example /home/projects/bagon/shared/imagenet512/val/n04485082/ILSVRC2012_val_00009669.JPEG reached epsilon at step 254, loss sum: 574.0575, final loss: 0.00099564, weight distance: 0.0166
2025-09-23 01:36:46,277 - INFO - Example /home/projects/bagon/shared/imagenet512/val/n03125729/ILSVRC2012_val_00019971.JPEG reached epsilon at step 226, loss sum: 442.1939, final loss: 0.00099468, weight distance: 0.0126
2025-09-23 01:37:02,879 - INFO - Example /home/projects/bagon/shared/imagenet512/val/n03014705/ILSVRC2012_val_00024442.JPEG reached epsilon at step 183, loss sum: 365.1781, final loss: 0.00099277, weight distance: 0.0124
2025-09-23 01:37:32,239 - INFO - Example /home/projects/bagon/shared/imagenet512/val/n01688243/ILSVRC2012_val_00014439.JPEG reached epsilon at step 341, loss sum: 52.9594, final loss: 0.00099850, weight distance: 0.0131
2025-09-23 01:37:46,195 - INFO - Example /home/projects/bagon/shared/imagenet512/val/n03958227/ILSVRC2012_val_00007326.JPEG reached epsilon at step 154, loss sum: 27.8430, final loss: 0.00099754, weight distance: 0.0096
2025-09-23 01:38:03,551 - INFO - Example /home/projects/bagon/shared/imagenet512/val/n03207941/ILSVRC2012_val_00026376.JPEG reached epsilon at step 205, loss sum: 247.9098, final loss: 0.00099850, weight distance: 0.0131
2025-09-23 01:38:12,779 - INFO - Example /home/projects/bagon/shared/imagenet512/val/n04263257/ILSVRC2012_val_00044538.JPEG reached epsilon at step 101, loss sum: 43.3566, final loss: 0.00099754, weight distance: 0.0078
2025-09-23 01:38:26,490 - INFO - Example /home/projects/bagon/shared/imagenet512/val/n02105251/ILSVRC2012_val_00038285.JPEG reached epsilon at step 168, loss sum: 188.1208, final loss: 0.00098705, weight distance: 0.0102
2025-09-23 01:38:47,065 - INFO - Example /home/projects/bagon/shared/imagenet512/val/n02999410/ILSVRC2012_val_00015508.JPEG reached epsilon at step 236, loss sum: 186.9417, final loss: 0.00099754, weight distance: 0.0133
2025-09-23 01:39:02,099 - INFO - Example /home/projects/bagon/shared/imagenet512/val/n03937543/ILSVRC2012_val_00023359.JPEG reached epsilon at step 186, loss sum: 198.7229, final loss: 0.00099850, weight distance: 0.0106
2025-09-23 01:39:17,555 - INFO - Example /home/projects/bagon/shared/imagenet512/val/n03759954/ILSVRC2012_val_00015866.JPEG reached epsilon at step 186, loss sum: 141.8108, final loss: 0.00098801, weight distance: 0.0140
2025-09-23 01:39:26,483 - INFO - Example /home/projects/bagon/shared/imagenet512/val/n04286575/ILSVRC2012_val_00042961.JPEG reached epsilon at step 95, loss sum: 38.9566, final loss: 0.00099564, weight distance: 0.0075
2025-09-23 01:39:56,537 - INFO - Example /home/projects/bagon/shared/imagenet512/val/n01806143/ILSVRC2012_val_00038324.JPEG reached epsilon at step 374, loss sum: 529.2965, final loss: 0.00099564, weight distance: 0.0121
2025-09-23 01:40:18,781 - INFO - Example /home/projects/bagon/shared/imagenet512/val/n02009912/ILSVRC2012_val_00031170.JPEG reached epsilon at step 267, loss sum: 141.3041, final loss: 0.00099659, weight distance: 0.0132
2025-09-23 01:40:37,843 - INFO - Example /home/projects/bagon/shared/imagenet512/val/n02916936/ILSVRC2012_val_00027911.JPEG reached epsilon at step 240, loss sum: 91.2605, final loss: 0.00099182, weight distance: 0.0121
2025-09-23 01:40:59,458 - INFO - Example /home/projects/bagon/shared/imagenet512/val/n07584110/ILSVRC2012_val_00026066.JPEG reached epsilon at step 252, loss sum: 155.0188, final loss: 0.00099945, weight distance: 0.0119
2025-09-23 01:41:06,822 - INFO - Example /home/projects/bagon/shared/imagenet512/val/n02090379/ILSVRC2012_val_00031821.JPEG reached epsilon at step 76, loss sum: 26.8137, final loss: 0.00098801, weight distance: 0.0063
2025-09-23 01:41:16,231 - INFO - Example /home/projects/bagon/shared/imagenet512/val/n02098413/ILSVRC2012_val_00036023.JPEG reached epsilon at step 108, loss sum: 63.2085, final loss: 0.00098515, weight distance: 0.0079
2025-09-23 01:41:33,245 - INFO - Example /home/projects/bagon/shared/imagenet512/val/n04367480/ILSVRC2012_val_00010134.JPEG reached epsilon at step 205, loss sum: 176.0397, final loss: 0.00099182, weight distance: 0.0124
2025-09-23 01:41:47,601 - INFO - Example /home/projects/bagon/shared/imagenet512/val/n01693334/ILSVRC2012_val_00034369.JPEG reached epsilon at step 171, loss sum: 45.3224, final loss: 0.00099468, weight distance: 0.0121
2025-09-23 01:42:09,717 - INFO - Example /home/projects/bagon/shared/imagenet512/val/n01914609/ILSVRC2012_val_00042456.JPEG reached epsilon at step 286, loss sum: 84.3263, final loss: 0.00099659, weight distance: 0.0134
2025-09-23 01:42:30,540 - INFO - Example /home/projects/bagon/shared/imagenet512/val/n03710637/ILSVRC2012_val_00002513.JPEG reached epsilon at step 252, loss sum: 78.1579, final loss: 0.00099945, weight distance: 0.0188
2025-09-23 01:43:04,017 - INFO - Example /home/projects/bagon/shared/imagenet512/val/n02168699/ILSVRC2012_val_00026324.JPEG reached epsilon at step 422, loss sum: 156.1202, final loss: 0.00099277, weight distance: 0.0148
2025-09-23 01:43:15,673 - INFO - Example /home/projects/bagon/shared/imagenet512/val/n02447366/ILSVRC2012_val_00019336.JPEG reached epsilon at step 139, loss sum: 199.7726, final loss: 0.00098133, weight distance: 0.0083
2025-09-23 01:43:30,650 - INFO - Example /home/projects/bagon/shared/imagenet512/val/n04376876/ILSVRC2012_val_00042241.JPEG reached epsilon at step 180, loss sum: 352.6837, final loss: 0.00099468, weight distance: 0.0104
2025-09-23 01:43:47,755 - INFO - Example /home/projects/bagon/shared/imagenet512/val/n07584110/ILSVRC2012_val_00040293.JPEG reached epsilon at step 212, loss sum: 164.7033, final loss: 0.00099754, weight distance: 0.0111
2025-09-23 01:44:07,083 - INFO - Example /home/projects/bagon/shared/imagenet512/val/n04133789/ILSVRC2012_val_00029180.JPEG reached epsilon at step 221, loss sum: 210.8272, final loss: 0.00098801, weight distance: 0.0132
2025-09-23 01:44:20,536 - INFO - Example /home/projects/bagon/shared/imagenet512/val/n02815834/ILSVRC2012_val_00009678.JPEG reached epsilon at step 158, loss sum: 131.8451, final loss: 0.00099182, weight distance: 0.0098
2025-09-23 01:44:28,691 - INFO - Example /home/projects/bagon/shared/imagenet512/val/n04560804/ILSVRC2012_val_00005333.JPEG reached epsilon at step 92, loss sum: 114.7982, final loss: 0.00096893, weight distance: 0.0071
2025-09-23 01:44:41,015 - INFO - Example /home/projects/bagon/shared/imagenet512/val/n04370456/ILSVRC2012_val_00020241.JPEG reached epsilon at step 147, loss sum: 176.2788, final loss: 0.00098324, weight distance: 0.0119
2025-09-23 01:44:57,643 - INFO - Example /home/projects/bagon/shared/imagenet512/val/n03461385/ILSVRC2012_val_00028915.JPEG reached epsilon at step 199, loss sum: 146.2669, final loss: 0.00098801, weight distance: 0.0154
2025-09-23 01:45:22,037 - INFO - Example /home/projects/bagon/shared/imagenet512/val/n02454379/ILSVRC2012_val_00015170.JPEG reached epsilon at step 301, loss sum: 310.3107, final loss: 0.00099373, weight distance: 0.0141
2025-09-23 01:45:34,764 - INFO - Example /home/projects/bagon/shared/imagenet512/val/n01990800/ILSVRC2012_val_00021319.JPEG reached epsilon at step 150, loss sum: 123.0474, final loss: 0.00099945, weight distance: 0.0077
2025-09-23 01:45:53,775 - INFO - Example /home/projects/bagon/shared/imagenet512/val/n07711569/ILSVRC2012_val_00011549.JPEG reached epsilon at step 242, loss sum: 164.4523, final loss: 0.00099277, weight distance: 0.0107
2025-09-23 01:46:30,827 - INFO - Example /home/projects/bagon/shared/imagenet512/val/n02497673/ILSVRC2012_val_00036690.JPEG reached epsilon at step 471, loss sum: 99.0449, final loss: 0.00099945, weight distance: 0.0169
2025-09-23 01:47:01,150 - INFO - Example /home/projects/bagon/shared/imagenet512/val/n01689811/ILSVRC2012_val_00043246.JPEG reached epsilon at step 387, loss sum: 329.2389, final loss: 0.00099754, weight distance: 0.0175
2025-09-23 01:47:13,698 - INFO - Example /home/projects/bagon/shared/imagenet512/val/n03481172/ILSVRC2012_val_00027296.JPEG reached epsilon at step 152, loss sum: 127.4774, final loss: 0.00099945, weight distance: 0.0092
2025-09-23 01:47:46,576 - INFO - Example /home/projects/bagon/shared/imagenet512/val/n02009912/ILSVRC2012_val_00001871.JPEG reached epsilon at step 431, loss sum: 128.6582, final loss: 0.00099945, weight distance: 0.0195
2025-09-23 01:48:09,060 - INFO - Example /home/projects/bagon/shared/imagenet512/val/n09193705/ILSVRC2012_val_00000270.JPEG reached epsilon at step 272, loss sum: 97.3535, final loss: 0.00099850, weight distance: 0.0144
2025-09-23 01:48:26,824 - INFO - Example /home/projects/bagon/shared/imagenet512/val/n04040759/ILSVRC2012_val_00046601.JPEG reached epsilon at step 212, loss sum: 104.1033, final loss: 0.00099850, weight distance: 0.0121
2025-09-23 01:48:48,381 - INFO - Example /home/projects/bagon/shared/imagenet512/val/n03977966/ILSVRC2012_val_00015758.JPEG reached epsilon at step 245, loss sum: 81.0921, final loss: 0.00099373, weight distance: 0.0109
2025-09-23 01:49:17,221 - INFO - Example /home/projects/bagon/shared/imagenet512/val/n07747607/ILSVRC2012_val_00029447.JPEG reached epsilon at step 361, loss sum: 205.6390, final loss: 0.00099945, weight distance: 0.0157
2025-09-23 01:49:42,616 - INFO - Example /home/projects/bagon/shared/imagenet512/val/n02346627/ILSVRC2012_val_00013237.JPEG reached epsilon at step 308, loss sum: 278.5185, final loss: 0.00099945, weight distance: 0.0139
2025-09-23 01:49:52,208 - INFO - Example /home/projects/bagon/shared/imagenet512/val/n03532672/ILSVRC2012_val_00032965.JPEG reached epsilon at step 101, loss sum: 119.8368, final loss: 0.00097370, weight distance: 0.0071
2025-09-23 01:50:04,308 - INFO - Example /home/projects/bagon/shared/imagenet512/val/n02089973/ILSVRC2012_val_00003671.JPEG reached epsilon at step 142, loss sum: 4.0848, final loss: 0.00099945, weight distance: 0.0082
2025-09-23 01:50:12,219 - INFO - Example /home/projects/bagon/shared/imagenet512/val/n02089973/ILSVRC2012_val_00033611.JPEG reached epsilon at step 87, loss sum: 13.5877, final loss: 0.00097847, weight distance: 0.0072
2025-09-23 01:50:33,185 - INFO - Example /home/projects/bagon/shared/imagenet512/val/n03452741/ILSVRC2012_val_00021188.JPEG reached epsilon at step 256, loss sum: 94.4401, final loss: 0.00099945, weight distance: 0.0109
2025-09-23 01:50:47,285 - INFO - Example /home/projects/bagon/shared/imagenet512/val/n03690938/ILSVRC2012_val_00039984.JPEG reached epsilon at step 150, loss sum: 180.9727, final loss: 0.00099754, weight distance: 0.0110
2025-09-23 01:51:12,100 - INFO - Example /home/projects/bagon/shared/imagenet512/val/n03017168/ILSVRC2012_val_00041177.JPEG reached epsilon at step 286, loss sum: 34.0418, final loss: 0.00098801, weight distance: 0.0177
2025-09-23 01:51:34,048 - INFO - Example /home/projects/bagon/shared/imagenet512/val/n02412080/ILSVRC2012_val_00010829.JPEG reached epsilon at step 250, loss sum: 33.0583, final loss: 0.00099754, weight distance: 0.0138
2025-09-23 01:51:46,942 - INFO - Example /home/projects/bagon/shared/imagenet512/val/n04596742/ILSVRC2012_val_00004525.JPEG reached epsilon at step 136, loss sum: 123.3558, final loss: 0.00099087, weight distance: 0.0091
2025-09-23 01:52:11,264 - INFO - Example /home/projects/bagon/shared/imagenet512/val/n03272562/ILSVRC2012_val_00022251.JPEG reached epsilon at step 277, loss sum: 212.5856, final loss: 0.00099850, weight distance: 0.0107
2025-09-23 01:52:28,462 - INFO - Example /home/projects/bagon/shared/imagenet512/val/n02443114/ILSVRC2012_val_00019825.JPEG reached epsilon at step 198, loss sum: 40.0842, final loss: 0.00099754, weight distance: 0.0117
2025-09-23 01:52:59,352 - INFO - Example /home/projects/bagon/shared/imagenet512/val/n02607072/ILSVRC2012_val_00047682.JPEG reached epsilon at step 381, loss sum: 371.3760, final loss: 0.00099564, weight distance: 0.0132
2025-09-23 01:53:15,877 - INFO - Example /home/projects/bagon/shared/imagenet512/val/n02229544/ILSVRC2012_val_00015068.JPEG reached epsilon at step 203, loss sum: 86.8699, final loss: 0.00099659, weight distance: 0.0114
2025-09-23 01:53:31,157 - INFO - Example /home/projects/bagon/shared/imagenet512/val/n03983396/ILSVRC2012_val_00011692.JPEG reached epsilon at step 186, loss sum: 234.3643, final loss: 0.00098801, weight distance: 0.0104
2025-09-23 01:53:53,764 - INFO - Example /home/projects/bagon/shared/imagenet512/val/n01981276/ILSVRC2012_val_00049981.JPEG reached epsilon at step 280, loss sum: 139.3841, final loss: 0.00099468, weight distance: 0.0125
2025-09-23 01:54:11,821 - INFO - Example /home/projects/bagon/shared/imagenet512/val/n03761084/ILSVRC2012_val_00015519.JPEG reached epsilon at step 220, loss sum: 184.9136, final loss: 0.00099850, weight distance: 0.0134
2025-09-23 01:54:27,931 - INFO - Example /home/projects/bagon/shared/imagenet512/val/n03180011/ILSVRC2012_val_00036393.JPEG reached epsilon at step 190, loss sum: 123.3493, final loss: 0.00099754, weight distance: 0.0126
2025-09-23 01:54:51,529 - INFO - Example /home/projects/bagon/shared/imagenet512/val/n01980166/ILSVRC2012_val_00012779.JPEG reached epsilon at step 303, loss sum: 186.6593, final loss: 0.00099468, weight distance: 0.0135
2025-09-23 01:55:05,391 - INFO - Example /home/projects/bagon/shared/imagenet512/val/n03691459/ILSVRC2012_val_00003180.JPEG reached epsilon at step 158, loss sum: 288.7379, final loss: 0.00098991, weight distance: 0.0103
2025-09-23 01:55:15,385 - INFO - Example /home/projects/bagon/shared/imagenet512/val/n03908714/ILSVRC2012_val_00034483.JPEG reached epsilon at step 105, loss sum: 126.4191, final loss: 0.00098991, weight distance: 0.0067
2025-09-23 01:55:28,511 - INFO - Example /home/projects/bagon/shared/imagenet512/val/n01728572/ILSVRC2012_val_00036190.JPEG reached epsilon at step 141, loss sum: 27.2820, final loss: 0.00099277, weight distance: 0.0096
2025-09-23 01:55:52,487 - INFO - Example /home/projects/bagon/shared/imagenet512/val/n03796401/ILSVRC2012_val_00045490.JPEG reached epsilon at step 272, loss sum: 128.9558, final loss: 0.00099945, weight distance: 0.0124
2025-09-23 01:56:02,428 - INFO - Example /home/projects/bagon/shared/imagenet512/val/n02776631/ILSVRC2012_val_00021290.JPEG reached epsilon at step 104, loss sum: 57.5474, final loss: 0.00099277, weight distance: 0.0069
2025-09-23 01:56:16,783 - INFO - Example /home/projects/bagon/shared/imagenet512/val/n03938244/ILSVRC2012_val_00008191.JPEG reached epsilon at step 174, loss sum: 132.2428, final loss: 0.00098228, weight distance: 0.0109
2025-09-23 01:56:37,594 - INFO - Example /home/projects/bagon/shared/imagenet512/val/n03710637/ILSVRC2012_val_00003007.JPEG reached epsilon at step 250, loss sum: 177.1115, final loss: 0.00099087, weight distance: 0.0168
2025-09-23 01:56:53,299 - INFO - Example /home/projects/bagon/shared/imagenet512/val/n02999410/ILSVRC2012_val_00032688.JPEG reached epsilon at step 176, loss sum: 113.7961, final loss: 0.00099468, weight distance: 0.0110
2025-09-23 01:57:05,642 - INFO - Example /home/projects/bagon/shared/imagenet512/val/n02730930/ILSVRC2012_val_00009021.JPEG reached epsilon at step 140, loss sum: 183.6665, final loss: 0.00098801, weight distance: 0.0082
2025-09-23 01:57:25,485 - INFO - Example /home/projects/bagon/shared/imagenet512/val/n04326547/ILSVRC2012_val_00005354.JPEG reached epsilon at step 227, loss sum: 318.0439, final loss: 0.00099659, weight distance: 0.0135
2025-09-23 01:57:40,422 - INFO - Example /home/projects/bagon/shared/imagenet512/val/n01644900/ILSVRC2012_val_00030622.JPEG reached epsilon at step 167, loss sum: 36.0051, final loss: 0.00099087, weight distance: 0.0093
2025-09-23 01:58:05,089 - INFO - Example /home/projects/bagon/shared/imagenet512/val/n02226429/ILSVRC2012_val_00038662.JPEG reached epsilon at step 318, loss sum: 173.2945, final loss: 0.00099945, weight distance: 0.0151
2025-09-23 01:58:18,213 - INFO - Example /home/projects/bagon/shared/imagenet512/val/n04286575/ILSVRC2012_val_00028258.JPEG reached epsilon at step 153, loss sum: 118.3743, final loss: 0.00099754, weight distance: 0.0099
2025-09-23 01:58:33,058 - INFO - Example /home/projects/bagon/shared/imagenet512/val/n02808440/ILSVRC2012_val_00020254.JPEG reached epsilon at step 175, loss sum: 185.4240, final loss: 0.00099087, weight distance: 0.0128
2025-09-23 01:58:48,732 - INFO - Example /home/projects/bagon/shared/imagenet512/val/n07718472/ILSVRC2012_val_00018495.JPEG reached epsilon at step 183, loss sum: 72.7751, final loss: 0.00099850, weight distance: 0.0101
2025-09-23 01:59:18,070 - INFO - Example /home/projects/bagon/shared/imagenet512/val/n02110341/ILSVRC2012_val_00049881.JPEG reached epsilon at step 375, loss sum: 75.3311, final loss: 0.00099754, weight distance: 0.0164
2025-09-23 01:59:41,780 - INFO - Example /home/projects/bagon/shared/imagenet512/val/n01677366/ILSVRC2012_val_00004201.JPEG reached epsilon at step 309, loss sum: 118.1215, final loss: 0.00099373, weight distance: 0.0130
2025-09-23 01:59:55,781 - INFO - Example /home/projects/bagon/shared/imagenet512/val/n03838899/ILSVRC2012_val_00043268.JPEG reached epsilon at step 163, loss sum: 87.9924, final loss: 0.00099277, weight distance: 0.0096
2025-09-23 02:00:13,208 - INFO - Example /home/projects/bagon/shared/imagenet512/val/n04344873/ILSVRC2012_val_00021180.JPEG reached epsilon at step 220, loss sum: 396.5015, final loss: 0.00099850, weight distance: 0.0108
2025-09-23 02:00:25,485 - INFO - Example /home/projects/bagon/shared/imagenet512/val/n04370456/ILSVRC2012_val_00027573.JPEG reached epsilon at step 149, loss sum: 363.9393, final loss: 0.00096416, weight distance: 0.0109
2025-09-23 02:00:41,980 - INFO - Example /home/projects/bagon/shared/imagenet512/val/n04074963/ILSVRC2012_val_00031846.JPEG reached epsilon at step 195, loss sum: 213.0254, final loss: 0.00097752, weight distance: 0.0124
2025-09-23 02:01:01,721 - INFO - Example /home/projects/bagon/shared/imagenet512/val/n02980441/ILSVRC2012_val_00023472.JPEG reached epsilon at step 252, loss sum: 83.8849, final loss: 0.00099850, weight distance: 0.0119
2025-09-23 02:01:15,367 - INFO - Example /home/projects/bagon/shared/imagenet512/val/n04579432/ILSVRC2012_val_00006029.JPEG reached epsilon at step 160, loss sum: 266.2289, final loss: 0.00099373, weight distance: 0.0098
2025-09-23 02:01:32,735 - INFO - Example /home/projects/bagon/shared/imagenet512/val/n04136333/ILSVRC2012_val_00019371.JPEG reached epsilon at step 211, loss sum: 326.2689, final loss: 0.00099373, weight distance: 0.0122
2025-09-23 02:01:44,469 - INFO - Example /home/projects/bagon/shared/imagenet512/val/n02909870/ILSVRC2012_val_00001126.JPEG reached epsilon at step 137, loss sum: 154.3092, final loss: 0.00099659, weight distance: 0.0086
2025-09-23 02:01:58,244 - INFO - Example /home/projects/bagon/shared/imagenet512/val/n02098413/ILSVRC2012_val_00048235.JPEG reached epsilon at step 168, loss sum: 238.3324, final loss: 0.00099277, weight distance: 0.0114
2025-09-23 02:02:19,703 - INFO - Example /home/projects/bagon/shared/imagenet512/val/n04209239/ILSVRC2012_val_00040307.JPEG reached epsilon at step 257, loss sum: 197.8146, final loss: 0.00099945, weight distance: 0.0109
2025-09-23 02:02:39,901 - INFO - Example /home/projects/bagon/shared/imagenet512/val/n03063599/ILSVRC2012_val_00023189.JPEG reached epsilon at step 258, loss sum: 343.7673, final loss: 0.00099945, weight distance: 0.0177
2025-09-23 02:02:58,200 - INFO - Example /home/projects/bagon/shared/imagenet512/val/n03016953/ILSVRC2012_val_00006766.JPEG reached epsilon at step 227, loss sum: 75.5782, final loss: 0.00099182, weight distance: 0.0098
2025-09-23 02:03:21,046 - INFO - Example /home/projects/bagon/shared/imagenet512/val/n01773549/ILSVRC2012_val_00023989.JPEG reached epsilon at step 282, loss sum: 112.8577, final loss: 0.00099945, weight distance: 0.0145
2025-09-23 02:03:47,513 - INFO - Example /home/projects/bagon/shared/imagenet512/val/n02088238/ILSVRC2012_val_00035117.JPEG reached epsilon at step 347, loss sum: 157.4406, final loss: 0.00099564, weight distance: 0.0132
2025-09-23 02:04:01,771 - INFO - Example /home/projects/bagon/shared/imagenet512/val/n02137549/ILSVRC2012_val_00036537.JPEG reached epsilon at step 172, loss sum: 22.7104, final loss: 0.00098991, weight distance: 0.0089
2025-09-23 02:04:16,753 - INFO - Example /home/projects/bagon/shared/imagenet512/val/n03443371/ILSVRC2012_val_00034156.JPEG reached epsilon at step 180, loss sum: 104.9020, final loss: 0.00099754, weight distance: 0.0102
2025-09-23 02:04:33,959 - INFO - Example /home/projects/bagon/shared/imagenet512/val/n03291819/ILSVRC2012_val_00048896.JPEG reached epsilon at step 210, loss sum: 138.6334, final loss: 0.00099277, weight distance: 0.0108
2025-09-23 02:04:48,882 - INFO - Example /home/projects/bagon/shared/imagenet512/val/n02526121/ILSVRC2012_val_00000933.JPEG reached epsilon at step 184, loss sum: 224.7214, final loss: 0.00099277, weight distance: 0.0112
2025-09-23 02:05:05,693 - INFO - Example /home/projects/bagon/shared/imagenet512/val/n02877765/ILSVRC2012_val_00012104.JPEG reached epsilon at step 201, loss sum: 375.2930, final loss: 0.00099468, weight distance: 0.0129
2025-09-23 02:05:12,387 - INFO - Example /home/projects/bagon/shared/imagenet512/val/n02094114/ILSVRC2012_val_00042473.JPEG reached epsilon at step 68, loss sum: 156.4254, final loss: 0.00085926, weight distance: 0.0057
2025-09-23 02:05:24,898 - INFO - Example /home/projects/bagon/shared/imagenet512/val/n02096294/ILSVRC2012_val_00009818.JPEG reached epsilon at step 153, loss sum: 169.3667, final loss: 0.00098991, weight distance: 0.0111
2025-09-23 02:05:37,654 - INFO - Example /home/projects/bagon/shared/imagenet512/val/n07930864/ILSVRC2012_val_00037077.JPEG reached epsilon at step 149, loss sum: 56.5625, final loss: 0.00098515, weight distance: 0.0111
2025-09-23 02:06:00,186 - INFO - Example /home/projects/bagon/shared/imagenet512/val/n01641577/ILSVRC2012_val_00034226.JPEG reached epsilon at step 289, loss sum: 58.1750, final loss: 0.00099373, weight distance: 0.0129
2025-09-23 02:06:17,653 - INFO - Example /home/projects/bagon/shared/imagenet512/val/n03642806/ILSVRC2012_val_00022256.JPEG reached epsilon at step 208, loss sum: 94.1124, final loss: 0.00099182, weight distance: 0.0150
2025-09-23 02:06:54,662 - INFO - Example /home/projects/bagon/shared/imagenet512/val/n02493793/ILSVRC2012_val_00024437.JPEG reached epsilon at step 469, loss sum: 149.4185, final loss: 0.00099468, weight distance: 0.0219
2025-09-23 02:07:10,358 - INFO - Example /home/projects/bagon/shared/imagenet512/val/n02815834/ILSVRC2012_val_00027232.JPEG reached epsilon at step 195, loss sum: 207.2671, final loss: 0.00099659, weight distance: 0.0110
2025-09-23 02:07:28,456 - INFO - Example /home/projects/bagon/shared/imagenet512/val/n04346328/ILSVRC2012_val_00024070.JPEG reached epsilon at step 233, loss sum: 109.2624, final loss: 0.00099373, weight distance: 0.0102
2025-09-23 02:07:38,032 - INFO - Example /home/projects/bagon/shared/imagenet512/val/n04443257/ILSVRC2012_val_00009808.JPEG reached epsilon at step 114, loss sum: 215.4006, final loss: 0.00098896, weight distance: 0.0092
2025-09-23 02:08:14,068 - INFO - Example /home/projects/bagon/shared/imagenet512/val/n01753488/ILSVRC2012_val_00033674.JPEG reached epsilon at step 468, loss sum: 186.2452, final loss: 0.00099277, weight distance: 0.0163
2025-09-23 02:08:26,232 - INFO - Example /home/projects/bagon/shared/imagenet512/val/n03697007/ILSVRC2012_val_00013144.JPEG reached epsilon at step 147, loss sum: 65.9064, final loss: 0.00099373, weight distance: 0.0086
2025-09-23 02:08:37,514 - INFO - Example /home/projects/bagon/shared/imagenet512/val/n07579787/ILSVRC2012_val_00024184.JPEG reached epsilon at step 134, loss sum: 63.6859, final loss: 0.00098705, weight distance: 0.0089
2025-09-23 02:09:03,104 - INFO - Example /home/projects/bagon/shared/imagenet512/val/n04350905/ILSVRC2012_val_00027101.JPEG reached epsilon at step 318, loss sum: 361.0633, final loss: 0.00099659, weight distance: 0.0180
2025-09-23 02:09:14,059 - INFO - Example /home/projects/bagon/shared/imagenet512/val/n04270147/ILSVRC2012_val_00016879.JPEG reached epsilon at step 120, loss sum: 140.8042, final loss: 0.00098324, weight distance: 0.0096
2025-09-23 02:09:35,031 - INFO - Example /home/projects/bagon/shared/imagenet512/val/n01498041/ILSVRC2012_val_00042175.JPEG reached epsilon at step 255, loss sum: 178.6998, final loss: 0.00099754, weight distance: 0.0131
2025-09-23 02:09:45,937 - INFO - Example /home/projects/bagon/shared/imagenet512/val/n02783161/ILSVRC2012_val_00002507.JPEG reached epsilon at step 119, loss sum: 34.0457, final loss: 0.00099754, weight distance: 0.0088
2025-09-23 02:10:03,468 - INFO - Example /home/projects/bagon/shared/imagenet512/val/n04591157/ILSVRC2012_val_00022572.JPEG reached epsilon at step 203, loss sum: 129.5143, final loss: 0.00099754, weight distance: 0.0130
2025-09-23 02:10:27,143 - INFO - Example /home/projects/bagon/shared/imagenet512/val/n03908714/ILSVRC2012_val_00029113.JPEG reached epsilon at step 305, loss sum: 337.6259, final loss: 0.00099468, weight distance: 0.0200
2025-09-23 02:10:40,990 - INFO - Example /home/projects/bagon/shared/imagenet512/val/n04265275/ILSVRC2012_val_00015735.JPEG reached epsilon at step 150, loss sum: 213.6331, final loss: 0.00098991, weight distance: 0.0103
2025-09-23 02:10:52,256 - INFO - Example /home/projects/bagon/shared/imagenet512/val/n02094114/ILSVRC2012_val_00011404.JPEG reached epsilon at step 121, loss sum: 109.3183, final loss: 0.00098896, weight distance: 0.0073
2025-09-23 02:11:08,422 - INFO - Example /home/projects/bagon/shared/imagenet512/val/n01756291/ILSVRC2012_val_00046311.JPEG reached epsilon at step 196, loss sum: 42.9511, final loss: 0.00099087, weight distance: 0.0132
2025-09-23 02:11:21,062 - INFO - Example /home/projects/bagon/shared/imagenet512/val/n02871525/ILSVRC2012_val_00034632.JPEG reached epsilon at step 138, loss sum: 134.8323, final loss: 0.00098610, weight distance: 0.0087
2025-09-23 02:11:34,704 - INFO - Example /home/projects/bagon/shared/imagenet512/val/n04081281/ILSVRC2012_val_00027988.JPEG reached epsilon at step 147, loss sum: 47.5142, final loss: 0.00099373, weight distance: 0.0113
2025-09-23 02:11:49,100 - INFO - Example /home/projects/bagon/shared/imagenet512/val/n02974003/ILSVRC2012_val_00017438.JPEG reached epsilon at step 161, loss sum: 77.4835, final loss: 0.00099087, weight distance: 0.0120
2025-09-23 02:12:03,168 - INFO - Example /home/projects/bagon/shared/imagenet512/val/n03124043/ILSVRC2012_val_00033631.JPEG reached epsilon at step 164, loss sum: 139.2760, final loss: 0.00099468, weight distance: 0.0109
2025-09-23 02:12:16,523 - INFO - Example /home/projects/bagon/shared/imagenet512/val/n02088466/ILSVRC2012_val_00038054.JPEG reached epsilon at step 163, loss sum: 133.4577, final loss: 0.00099182, weight distance: 0.0103
2025-09-23 02:12:23,674 - INFO - Example /home/projects/bagon/shared/imagenet512/val/n02094114/ILSVRC2012_val_00010253.JPEG reached epsilon at step 80, loss sum: 208.0213, final loss: 0.00095606, weight distance: 0.0066
2025-09-23 02:12:34,065 - INFO - Example /home/projects/bagon/shared/imagenet512/val/n09428293/ILSVRC2012_val_00003056.JPEG reached epsilon at step 117, loss sum: 98.6913, final loss: 0.00098991, weight distance: 0.0088
2025-09-23 02:12:59,033 - INFO - Example /home/projects/bagon/shared/imagenet512/val/n02134418/ILSVRC2012_val_00018303.JPEG reached epsilon at step 311, loss sum: 87.8123, final loss: 0.00099850, weight distance: 0.0116
2025-09-23 02:13:42,038 - INFO - Example /home/projects/bagon/shared/imagenet512/val/n07715103/ILSVRC2012_val_00003699.JPEG reached epsilon at step 542, loss sum: 30.1449, final loss: 0.00099850, weight distance: 0.0126
2025-09-23 02:13:53,126 - INFO - Example /home/projects/bagon/shared/imagenet512/val/n03866082/ILSVRC2012_val_00015286.JPEG reached epsilon at step 117, loss sum: 28.6125, final loss: 0.00099373, weight distance: 0.0069
2025-09-23 02:14:17,610 - INFO - Example /home/projects/bagon/shared/imagenet512/val/n03291819/ILSVRC2012_val_00025948.JPEG reached epsilon at step 287, loss sum: 97.2450, final loss: 0.00099945, weight distance: 0.0122
2025-09-23 02:14:25,979 - INFO - Example /home/projects/bagon/shared/imagenet512/val/n02113712/ILSVRC2012_val_00009464.JPEG reached epsilon at step 85, loss sum: 50.1644, final loss: 0.00097656, weight distance: 0.0062
2025-09-23 02:14:47,622 - INFO - Example /home/projects/bagon/shared/imagenet512/val/n02669723/ILSVRC2012_val_00008367.JPEG reached epsilon at step 261, loss sum: 55.7830, final loss: 0.00099468, weight distance: 0.0145
2025-09-23 02:14:57,497 - INFO - Example /home/projects/bagon/shared/imagenet512/val/n02105412/ILSVRC2012_val_00027094.JPEG reached epsilon at step 103, loss sum: 102.8590, final loss: 0.00097609, weight distance: 0.0078
2025-09-23 02:15:10,106 - INFO - Example /home/projects/bagon/shared/imagenet512/val/n03709823/ILSVRC2012_val_00032241.JPEG reached epsilon at step 133, loss sum: 82.2593, final loss: 0.00099850, weight distance: 0.0102
2025-09-23 02:15:30,198 - INFO - Example /home/projects/bagon/shared/imagenet512/val/n02229544/ILSVRC2012_val_00031335.JPEG reached epsilon at step 240, loss sum: 103.0185, final loss: 0.00099277, weight distance: 0.0124
2025-09-23 02:15:40,408 - INFO - Example /home/projects/bagon/shared/imagenet512/val/n03976657/ILSVRC2012_val_00019249.JPEG reached epsilon at step 118, loss sum: 49.4008, final loss: 0.00099850, weight distance: 0.0082
2025-09-23 02:15:56,082 - INFO - Example /home/projects/bagon/shared/imagenet512/val/n01729322/ILSVRC2012_val_00038823.JPEG reached epsilon at step 197, loss sum: 116.6668, final loss: 0.00099945, weight distance: 0.0091
2025-09-23 02:16:13,684 - INFO - Example /home/projects/bagon/shared/imagenet512/val/n03838899/ILSVRC2012_val_00021762.JPEG reached epsilon at step 216, loss sum: 297.8750, final loss: 0.00099182, weight distance: 0.0130
2025-09-23 02:16:35,088 - INFO - Example /home/projects/bagon/shared/imagenet512/val/n02169497/ILSVRC2012_val_00029421.JPEG reached epsilon at step 245, loss sum: 124.7895, final loss: 0.00099659, weight distance: 0.0131
2025-09-23 02:16:49,505 - INFO - Example /home/projects/bagon/shared/imagenet512/val/n02107908/ILSVRC2012_val_00036497.JPEG reached epsilon at step 171, loss sum: 60.0733, final loss: 0.00099754, weight distance: 0.0104
2025-09-23 02:17:04,327 - INFO - Example /home/projects/bagon/shared/imagenet512/val/n02091134/ILSVRC2012_val_00036765.JPEG reached epsilon at step 168, loss sum: 71.2500, final loss: 0.00098991, weight distance: 0.0102
2025-09-23 02:17:23,439 - INFO - Example /home/projects/bagon/shared/imagenet512/val/n02441942/ILSVRC2012_val_00009986.JPEG reached epsilon at step 229, loss sum: 115.3941, final loss: 0.00098896, weight distance: 0.0143
2025-09-23 02:17:49,974 - INFO - Example /home/projects/bagon/shared/imagenet512/val/n01484850/ILSVRC2012_val_00031720.JPEG reached epsilon at step 333, loss sum: 95.8200, final loss: 0.00099564, weight distance: 0.0133
2025-09-23 02:18:06,176 - INFO - Example /home/projects/bagon/shared/imagenet512/val/n03692522/ILSVRC2012_val_00028897.JPEG reached epsilon at step 180, loss sum: 349.7345, final loss: 0.00099850, weight distance: 0.0131
2025-09-23 02:18:24,956 - INFO - Example /home/projects/bagon/shared/imagenet512/val/n04554684/ILSVRC2012_val_00014173.JPEG reached epsilon at step 211, loss sum: 274.1374, final loss: 0.00099659, weight distance: 0.0130
2025-09-23 02:18:39,295 - INFO - Example /home/projects/bagon/shared/imagenet512/val/n03637318/ILSVRC2012_val_00026568.JPEG reached epsilon at step 163, loss sum: 141.5283, final loss: 0.00099659, weight distance: 0.0113
2025-09-23 02:18:55,334 - INFO - Example /home/projects/bagon/shared/imagenet512/val/n03690938/ILSVRC2012_val_00017504.JPEG reached epsilon at step 185, loss sum: 287.5047, final loss: 0.00097513, weight distance: 0.0119
2025-09-23 02:19:11,929 - INFO - Example /home/projects/bagon/shared/imagenet512/val/n03658185/ILSVRC2012_val_00027231.JPEG reached epsilon at step 210, loss sum: 450.4056, final loss: 0.00095320, weight distance: 0.0165
2025-09-23 02:19:26,091 - INFO - Example /home/projects/bagon/shared/imagenet512/val/n04442312/ILSVRC2012_val_00026183.JPEG reached epsilon at step 169, loss sum: 40.9719, final loss: 0.00099850, weight distance: 0.0089
2025-09-23 02:19:39,851 - INFO - Example /home/projects/bagon/shared/imagenet512/val/n04355933/ILSVRC2012_val_00032393.JPEG reached epsilon at step 163, loss sum: 410.7631, final loss: 0.00098896, weight distance: 0.0116
2025-09-23 02:19:49,816 - INFO - Example /home/projects/bagon/shared/imagenet512/val/n04599235/ILSVRC2012_val_00015838.JPEG reached epsilon at step 111, loss sum: 132.9523, final loss: 0.00098991, weight distance: 0.0091
2025-09-23 02:20:11,811 - INFO - Example /home/projects/bagon/shared/imagenet512/val/n02971356/ILSVRC2012_val_00040517.JPEG reached epsilon at step 250, loss sum: 335.2512, final loss: 0.00099468, weight distance: 0.0159
2025-09-23 02:20:40,985 - INFO - Example /home/projects/bagon/shared/imagenet512/val/n01768244/ILSVRC2012_val_00040255.JPEG reached epsilon at step 345, loss sum: 213.7641, final loss: 0.00099659, weight distance: 0.0136
2025-09-23 02:21:10,440 - INFO - Example /home/projects/bagon/shared/imagenet512/val/n02704792/ILSVRC2012_val_00041201.JPEG reached epsilon at step 349, loss sum: 483.1402, final loss: 0.00099468, weight distance: 0.0140
2025-09-23 02:21:48,845 - INFO - Example /home/projects/bagon/shared/imagenet512/val/n02226429/ILSVRC2012_val_00020985.JPEG reached epsilon at step 458, loss sum: 135.1800, final loss: 0.00099850, weight distance: 0.0163
2025-09-23 02:22:04,971 - INFO - Example /home/projects/bagon/shared/imagenet512/val/n03085013/ILSVRC2012_val_00048307.JPEG reached epsilon at step 194, loss sum: 148.5126, final loss: 0.00099468, weight distance: 0.0130
2025-09-23 02:22:22,407 - INFO - Example /home/projects/bagon/shared/imagenet512/val/n07892512/ILSVRC2012_val_00031066.JPEG reached epsilon at step 213, loss sum: 37.0665, final loss: 0.00099182, weight distance: 0.0120
2025-09-23 02:22:39,309 - INFO - Example /home/projects/bagon/shared/imagenet512/val/n07873807/ILSVRC2012_val_00035995.JPEG reached epsilon at step 201, loss sum: 120.5451, final loss: 0.00099277, weight distance: 0.0099
2025-09-23 02:23:00,094 - INFO - Example /home/projects/bagon/shared/imagenet512/val/n02500267/ILSVRC2012_val_00040939.JPEG reached epsilon at step 241, loss sum: 60.6214, final loss: 0.00099277, weight distance: 0.0112
2025-09-23 02:23:20,406 - INFO - Example /home/projects/bagon/shared/imagenet512/val/n02106030/ILSVRC2012_val_00011698.JPEG reached epsilon at step 239, loss sum: 43.7277, final loss: 0.00098991, weight distance: 0.0145
2025-09-23 02:23:43,269 - INFO - Example /home/projects/bagon/shared/imagenet512/val/n09256479/ILSVRC2012_val_00047681.JPEG reached epsilon at step 284, loss sum: 26.7179, final loss: 0.00099373, weight distance: 0.0137
2025-09-23 02:23:57,917 - INFO - Example /home/projects/bagon/shared/imagenet512/val/n04330267/ILSVRC2012_val_00028834.JPEG reached epsilon at step 173, loss sum: 111.4583, final loss: 0.00099659, weight distance: 0.0108
2025-09-23 02:24:17,413 - INFO - Example /home/projects/bagon/shared/imagenet512/val/n02791270/ILSVRC2012_val_00019912.JPEG reached epsilon at step 239, loss sum: 74.2044, final loss: 0.00099659, weight distance: 0.0151
2025-09-23 02:24:36,190 - INFO - Example /home/projects/bagon/shared/imagenet512/val/n04008634/ILSVRC2012_val_00014496.JPEG reached epsilon at step 232, loss sum: 56.5794, final loss: 0.00099564, weight distance: 0.0147
2025-09-23 02:24:48,340 - INFO - Example /home/projects/bagon/shared/imagenet512/val/n02098413/ILSVRC2012_val_00005685.JPEG reached epsilon at step 143, loss sum: 233.1133, final loss: 0.00098801, weight distance: 0.0103
2025-09-23 02:25:04,999 - INFO - Example /home/projects/bagon/shared/imagenet512/val/n03793489/ILSVRC2012_val_00022389.JPEG reached epsilon at step 197, loss sum: 28.2913, final loss: 0.00099182, weight distance: 0.0135
2025-09-23 02:25:16,106 - INFO - Example /home/projects/bagon/shared/imagenet512/val/n02783161/ILSVRC2012_val_00046011.JPEG reached epsilon at step 128, loss sum: 90.8672, final loss: 0.00099564, weight distance: 0.0090
2025-09-23 02:25:37,006 - INFO - Example /home/projects/bagon/shared/imagenet512/val/n03787032/ILSVRC2012_val_00049767.JPEG reached epsilon at step 242, loss sum: 53.4507, final loss: 0.00099659, weight distance: 0.0119
2025-09-23 02:25:59,106 - INFO - Example /home/projects/bagon/shared/imagenet512/val/n01796340/ILSVRC2012_val_00031689.JPEG reached epsilon at step 266, loss sum: 185.7615, final loss: 0.00099659, weight distance: 0.0107
2025-09-23 02:26:19,576 - INFO - Example /home/projects/bagon/shared/imagenet512/val/n02410509/ILSVRC2012_val_00041565.JPEG reached epsilon at step 249, loss sum: 62.1557, final loss: 0.00099754, weight distance: 0.0104
2025-09-23 02:26:34,603 - INFO - Example /home/projects/bagon/shared/imagenet512/val/n04116512/ILSVRC2012_val_00037299.JPEG reached epsilon at step 182, loss sum: 450.7460, final loss: 0.00099564, weight distance: 0.0131
2025-09-23 02:27:02,977 - INFO - Example /home/projects/bagon/shared/imagenet512/val/n03759954/ILSVRC2012_val_00049305.JPEG reached epsilon at step 351, loss sum: 543.3075, final loss: 0.00099182, weight distance: 0.0234
2025-09-23 02:27:20,720 - INFO - Example /home/projects/bagon/shared/imagenet512/val/n03761084/ILSVRC2012_val_00029968.JPEG reached epsilon at step 215, loss sum: 60.9227, final loss: 0.00099754, weight distance: 0.0135
2025-09-23 02:27:38,994 - INFO - Example /home/projects/bagon/shared/imagenet512/val/n01980166/ILSVRC2012_val_00035169.JPEG reached epsilon at step 225, loss sum: 81.0416, final loss: 0.00099564, weight distance: 0.0104
2025-09-23 02:27:49,843 - INFO - Example /home/projects/bagon/shared/imagenet512/val/n02097130/ILSVRC2012_val_00041568.JPEG reached epsilon at step 125, loss sum: 106.2053, final loss: 0.00099564, weight distance: 0.0079
2025-09-23 02:28:09,551 - INFO - Example /home/projects/bagon/shared/imagenet512/val/n02776631/ILSVRC2012_val_00021392.JPEG reached epsilon at step 242, loss sum: 180.2116, final loss: 0.00098705, weight distance: 0.0154
2025-09-23 02:28:23,732 - INFO - Example /home/projects/bagon/shared/imagenet512/val/n03662601/ILSVRC2012_val_00021429.JPEG reached epsilon at step 168, loss sum: 58.1324, final loss: 0.00099277, weight distance: 0.0096
2025-09-23 02:28:48,859 - INFO - Example /home/projects/bagon/shared/imagenet512/val/n02916936/ILSVRC2012_val_00018713.JPEG reached epsilon at step 292, loss sum: 192.9055, final loss: 0.00099087, weight distance: 0.0131
2025-09-23 02:29:06,849 - INFO - Example /home/projects/bagon/shared/imagenet512/val/n07930864/ILSVRC2012_val_00033139.JPEG reached epsilon at step 201, loss sum: 256.7958, final loss: 0.00099945, weight distance: 0.0133
2025-09-23 02:29:21,138 - INFO - Example /home/projects/bagon/shared/imagenet512/val/n04332243/ILSVRC2012_val_00008608.JPEG reached epsilon at step 157, loss sum: 88.0004, final loss: 0.00099754, weight distance: 0.0102
2025-09-23 02:29:36,050 - INFO - Example /home/projects/bagon/shared/imagenet512/val/n02974003/ILSVRC2012_val_00023858.JPEG reached epsilon at step 171, loss sum: 47.6836, final loss: 0.00099468, weight distance: 0.0120
2025-09-23 02:29:57,789 - INFO - Example /home/projects/bagon/shared/imagenet512/val/n04204238/ILSVRC2012_val_00000629.JPEG reached epsilon at step 262, loss sum: 57.8214, final loss: 0.00099468, weight distance: 0.0128
2025-09-23 02:30:08,968 - INFO - Example /home/projects/bagon/shared/imagenet512/val/n02107574/ILSVRC2012_val_00006191.JPEG reached epsilon at step 117, loss sum: 36.9420, final loss: 0.00098515, weight distance: 0.0094
2025-09-23 02:30:33,546 - INFO - Example /home/projects/bagon/shared/imagenet512/val/n02979186/ILSVRC2012_val_00027735.JPEG reached epsilon at step 294, loss sum: 66.7724, final loss: 0.00099754, weight distance: 0.0126
2025-09-23 02:30:47,435 - INFO - Example /home/projects/bagon/shared/imagenet512/val/n03017168/ILSVRC2012_val_00018301.JPEG reached epsilon at step 153, loss sum: 174.1523, final loss: 0.00099659, weight distance: 0.0111
2025-09-23 02:31:05,330 - INFO - Example /home/projects/bagon/shared/imagenet512/val/n04525038/ILSVRC2012_val_00043142.JPEG reached epsilon at step 220, loss sum: 136.6755, final loss: 0.00098419, weight distance: 0.0112
2025-09-23 02:31:17,513 - INFO - Example /home/projects/bagon/shared/imagenet512/val/n04254120/ILSVRC2012_val_00028431.JPEG reached epsilon at step 134, loss sum: 71.8808, final loss: 0.00099659, weight distance: 0.0097
2025-09-23 02:31:39,902 - INFO - Example /home/projects/bagon/shared/imagenet512/val/n03930313/ILSVRC2012_val_00044064.JPEG reached epsilon at step 261, loss sum: 103.1954, final loss: 0.00099945, weight distance: 0.0135
2025-09-23 02:31:58,805 - INFO - Example /home/projects/bagon/shared/imagenet512/val/n07836838/ILSVRC2012_val_00026528.JPEG reached epsilon at step 219, loss sum: 102.3642, final loss: 0.00099182, weight distance: 0.0125
2025-09-23 02:32:19,198 - INFO - Example /home/projects/bagon/shared/imagenet512/val/n03785016/ILSVRC2012_val_00011514.JPEG reached epsilon at step 234, loss sum: 93.0182, final loss: 0.00099945, weight distance: 0.0133
2025-09-23 02:32:31,094 - INFO - Example /home/projects/bagon/shared/imagenet512/val/n04482393/ILSVRC2012_val_00044823.JPEG reached epsilon at step 128, loss sum: 110.7429, final loss: 0.00098801, weight distance: 0.0094
2025-09-23 02:32:41,776 - INFO - Example /home/projects/bagon/shared/imagenet512/val/n02783161/ILSVRC2012_val_00031057.JPEG reached epsilon at step 113, loss sum: 98.9869, final loss: 0.00097609, weight distance: 0.0083
2025-09-23 02:33:00,425 - INFO - Example /home/projects/bagon/shared/imagenet512/val/n07768694/ILSVRC2012_val_00024707.JPEG reached epsilon at step 217, loss sum: 37.4587, final loss: 0.00098991, weight distance: 0.0093
2025-09-23 02:33:17,203 - INFO - Example /home/projects/bagon/shared/imagenet512/val/n03594734/ILSVRC2012_val_00037472.JPEG reached epsilon at step 187, loss sum: 234.2962, final loss: 0.00099850, weight distance: 0.0121
2025-09-23 02:33:31,093 - INFO - Example /home/projects/bagon/shared/imagenet512/val/n04493381/ILSVRC2012_val_00008574.JPEG reached epsilon at step 153, loss sum: 27.4594, final loss: 0.00099754, weight distance: 0.0134
2025-09-23 02:33:47,711 - INFO - Example /home/projects/bagon/shared/imagenet512/val/n03594945/ILSVRC2012_val_00028405.JPEG reached epsilon at step 197, loss sum: 9.7165, final loss: 0.00099373, weight distance: 0.0100
2025-09-23 02:34:04,838 - INFO - Example /home/projects/bagon/shared/imagenet512/val/n03837869/ILSVRC2012_val_00046864.JPEG reached epsilon at step 205, loss sum: 357.2568, final loss: 0.00098801, weight distance: 0.0148
2025-09-23 02:34:14,166 - INFO - Example /home/projects/bagon/shared/imagenet512/val/n04592741/ILSVRC2012_val_00031487.JPEG reached epsilon at step 105, loss sum: 31.3595, final loss: 0.00099277, weight distance: 0.0081
2025-09-23 02:34:27,886 - INFO - Example /home/projects/bagon/shared/imagenet512/val/n02909870/ILSVRC2012_val_00006327.JPEG reached epsilon at step 164, loss sum: 129.1943, final loss: 0.00099850, weight distance: 0.0103
2025-09-23 02:34:51,309 - INFO - Example /home/projects/bagon/shared/imagenet512/val/n07860988/ILSVRC2012_val_00024852.JPEG reached epsilon at step 278, loss sum: 443.0068, final loss: 0.00099659, weight distance: 0.0146
2025-09-23 02:35:14,915 - INFO - Example /home/projects/bagon/shared/imagenet512/val/n04008634/ILSVRC2012_val_00041369.JPEG reached epsilon at step 275, loss sum: 253.3138, final loss: 0.00099564, weight distance: 0.0158
2025-09-23 02:35:35,238 - INFO - Example /home/projects/bagon/shared/imagenet512/val/n03710721/ILSVRC2012_val_00030322.JPEG reached epsilon at step 248, loss sum: 56.6222, final loss: 0.00099564, weight distance: 0.0155
2025-09-23 02:35:55,353 - INFO - Example /home/projects/bagon/shared/imagenet512/val/n03220513/ILSVRC2012_val_00046008.JPEG reached epsilon at step 249, loss sum: 183.5316, final loss: 0.00099087, weight distance: 0.0127
2025-09-23 02:36:04,964 - INFO - Example /home/projects/bagon/shared/imagenet512/val/n04005630/ILSVRC2012_val_00040234.JPEG reached epsilon at step 108, loss sum: 152.3405, final loss: 0.00098610, weight distance: 0.0081
2025-09-23 02:36:31,498 - INFO - Example /home/projects/bagon/shared/imagenet512/val/n03127925/ILSVRC2012_val_00027441.JPEG reached epsilon at step 318, loss sum: 107.9126, final loss: 0.00099754, weight distance: 0.0131
2025-09-23 02:36:42,673 - INFO - Example /home/projects/bagon/shared/imagenet512/val/n03633091/ILSVRC2012_val_00022723.JPEG reached epsilon at step 130, loss sum: 84.8935, final loss: 0.00099754, weight distance: 0.0098
2025-09-23 02:37:07,502 - INFO - Example /home/projects/bagon/shared/imagenet512/val/n02793495/ILSVRC2012_val_00030661.JPEG reached epsilon at step 309, loss sum: 169.9192, final loss: 0.00099659, weight distance: 0.0129
2025-09-23 02:37:24,811 - INFO - Example /home/projects/bagon/shared/imagenet512/val/n09428293/ILSVRC2012_val_00022923.JPEG reached epsilon at step 208, loss sum: 93.4817, final loss: 0.00099659, weight distance: 0.0129
2025-09-23 02:37:41,833 - INFO - Example /home/projects/bagon/shared/imagenet512/val/n03785016/ILSVRC2012_val_00016809.JPEG reached epsilon at step 208, loss sum: 101.7165, final loss: 0.00099087, weight distance: 0.0138
2025-09-23 02:37:54,773 - INFO - Example /home/projects/bagon/shared/imagenet512/val/n02123159/ILSVRC2012_val_00025396.JPEG reached epsilon at step 152, loss sum: 66.5505, final loss: 0.00099182, weight distance: 0.0098
2025-09-23 02:38:08,561 - INFO - Example /home/projects/bagon/shared/imagenet512/val/n03272010/ILSVRC2012_val_00001273.JPEG reached epsilon at step 164, loss sum: 50.8832, final loss: 0.00099754, weight distance: 0.0099
2025-09-23 02:38:21,739 - INFO - Example /home/projects/bagon/shared/imagenet512/val/n09421951/ILSVRC2012_val_00015740.JPEG reached epsilon at step 156, loss sum: 149.0916, final loss: 0.00097656, weight distance: 0.0110
2025-09-23 02:38:34,587 - INFO - Example /home/projects/bagon/shared/imagenet512/val/n03658185/ILSVRC2012_val_00040880.JPEG reached epsilon at step 152, loss sum: 174.1366, final loss: 0.00098705, weight distance: 0.0125
2025-09-23 02:38:46,270 - INFO - Example /home/projects/bagon/shared/imagenet512/val/n02095570/ILSVRC2012_val_00023143.JPEG reached epsilon at step 136, loss sum: 67.5646, final loss: 0.00099087, weight distance: 0.0093
2025-09-23 02:39:03,032 - INFO - Example /home/projects/bagon/shared/imagenet512/val/n02119022/ILSVRC2012_val_00018381.JPEG reached epsilon at step 212, loss sum: 73.8352, final loss: 0.00099182, weight distance: 0.0114
2025-09-23 02:39:15,061 - INFO - Example /home/projects/bagon/shared/imagenet512/val/n02113023/ILSVRC2012_val_00024145.JPEG reached epsilon at step 130, loss sum: 257.8274, final loss: 0.00097466, weight distance: 0.0095
2025-09-23 02:39:37,313 - INFO - Example /home/projects/bagon/shared/imagenet512/val/n03179701/ILSVRC2012_val_00042089.JPEG reached epsilon at step 259, loss sum: 56.1282, final loss: 0.00099659, weight distance: 0.0155
2025-09-23 02:40:01,430 - INFO - Example /home/projects/bagon/shared/imagenet512/val/n01981276/ILSVRC2012_val_00002190.JPEG reached epsilon at step 275, loss sum: 142.3481, final loss: 0.00099564, weight distance: 0.0123
2025-09-23 02:40:38,383 - INFO - Example /home/projects/bagon/shared/imagenet512/val/n07836838/ILSVRC2012_val_00033551.JPEG reached epsilon at step 459, loss sum: 33.2982, final loss: 0.00099945, weight distance: 0.0140
2025-09-23 02:40:55,550 - INFO - Example /home/projects/bagon/shared/imagenet512/val/n02790996/ILSVRC2012_val_00010918.JPEG reached epsilon at step 205, loss sum: 82.0205, final loss: 0.00099087, weight distance: 0.0100
2025-09-23 02:41:05,035 - INFO - Example /home/projects/bagon/shared/imagenet512/val/n03485794/ILSVRC2012_val_00019769.JPEG reached epsilon at step 98, loss sum: 13.1818, final loss: 0.00099373, weight distance: 0.0061
2025-09-23 02:41:22,882 - INFO - Example /home/projects/bagon/shared/imagenet512/val/n01774750/ILSVRC2012_val_00009462.JPEG reached epsilon at step 208, loss sum: 94.2146, final loss: 0.00099850, weight distance: 0.0092
2025-09-23 02:41:54,358 - INFO - Example /home/projects/bagon/shared/imagenet512/val/n01784675/ILSVRC2012_val_00046086.JPEG reached epsilon at step 393, loss sum: 108.4453, final loss: 0.00099564, weight distance: 0.0133
2025-09-23 02:42:04,135 - INFO - Example /home/projects/bagon/shared/imagenet512/val/n04370456/ILSVRC2012_val_00033847.JPEG reached epsilon at step 110, loss sum: 53.9804, final loss: 0.00099468, weight distance: 0.0070
2025-09-23 02:42:20,808 - INFO - Example /home/projects/bagon/shared/imagenet512/val/n04332243/ILSVRC2012_val_00037422.JPEG reached epsilon at step 201, loss sum: 190.8915, final loss: 0.00099468, weight distance: 0.0105
2025-09-23 02:42:31,737 - INFO - Example /home/projects/bagon/shared/imagenet512/val/n02108089/ILSVRC2012_val_00005263.JPEG reached epsilon at step 121, loss sum: 94.3968, final loss: 0.00099659, weight distance: 0.0085
2025-09-23 02:42:53,589 - INFO - Example /home/projects/bagon/shared/imagenet512/val/n01630670/ILSVRC2012_val_00032171.JPEG reached epsilon at step 269, loss sum: 95.2137, final loss: 0.00099182, weight distance: 0.0120
2025-09-23 02:43:18,499 - INFO - Example /home/projects/bagon/shared/imagenet512/val/n02870880/ILSVRC2012_val_00020066.JPEG reached epsilon at step 305, loss sum: 55.3050, final loss: 0.00099087, weight distance: 0.0147
2025-09-23 02:43:41,165 - INFO - Example /home/projects/bagon/shared/imagenet512/val/n03954731/ILSVRC2012_val_00029388.JPEG reached epsilon at step 261, loss sum: 292.2755, final loss: 0.00098896, weight distance: 0.0111
2025-09-23 02:43:58,365 - INFO - Example /home/projects/bagon/shared/imagenet512/val/n02504013/ILSVRC2012_val_00001850.JPEG reached epsilon at step 204, loss sum: 145.4715, final loss: 0.00099945, weight distance: 0.0120
2025-09-23 02:44:18,783 - INFO - Example /home/projects/bagon/shared/imagenet512/val/n02483708/ILSVRC2012_val_00026496.JPEG reached epsilon at step 254, loss sum: 128.9237, final loss: 0.00099182, weight distance: 0.0116
2025-09-23 02:44:35,445 - INFO - Example /home/projects/bagon/shared/imagenet512/val/n03089624/ILSVRC2012_val_00028174.JPEG reached epsilon at step 204, loss sum: 306.9409, final loss: 0.00099754, weight distance: 0.0115
2025-09-23 02:44:58,282 - INFO - Example /home/projects/bagon/shared/imagenet512/val/n02233338/ILSVRC2012_val_00022227.JPEG reached epsilon at step 274, loss sum: 479.1988, final loss: 0.00099850, weight distance: 0.0136
2025-09-23 02:45:19,118 - INFO - Example /home/projects/bagon/shared/imagenet512/val/n02114855/ILSVRC2012_val_00034279.JPEG reached epsilon at step 269, loss sum: 28.6147, final loss: 0.00099277, weight distance: 0.0116
2025-09-23 02:45:35,801 - INFO - Example /home/projects/bagon/shared/imagenet512/val/n03485407/ILSVRC2012_val_00017688.JPEG reached epsilon at step 209, loss sum: 247.2732, final loss: 0.00098896, weight distance: 0.0122
2025-09-23 02:45:53,322 - INFO - Example /home/projects/bagon/shared/imagenet512/val/n03594945/ILSVRC2012_val_00018474.JPEG reached epsilon at step 223, loss sum: 218.3860, final loss: 0.00098419, weight distance: 0.0135
2025-09-23 02:46:06,064 - INFO - Example /home/projects/bagon/shared/imagenet512/val/n04141975/ILSVRC2012_val_00028818.JPEG reached epsilon at step 156, loss sum: 112.5219, final loss: 0.00099850, weight distance: 0.0096
2025-09-23 02:46:20,259 - INFO - Example /home/projects/bagon/shared/imagenet512/val/n02095314/ILSVRC2012_val_00037195.JPEG reached epsilon at step 177, loss sum: 50.6144, final loss: 0.00099945, weight distance: 0.0092
2025-09-23 02:46:33,051 - INFO - Example /home/projects/bagon/shared/imagenet512/val/n03657121/ILSVRC2012_val_00009467.JPEG reached epsilon at step 157, loss sum: 109.5883, final loss: 0.00098896, weight distance: 0.0113
2025-09-23 02:46:43,464 - INFO - Example /home/projects/bagon/shared/imagenet512/val/n04296562/ILSVRC2012_val_00006930.JPEG reached epsilon at step 120, loss sum: 58.5290, final loss: 0.00099182, weight distance: 0.0078
2025-09-23 02:47:00,681 - INFO - Example /home/projects/bagon/shared/imagenet512/val/n02979186/ILSVRC2012_val_00017775.JPEG reached epsilon at step 217, loss sum: 32.8154, final loss: 0.00099277, weight distance: 0.0137
2025-09-23 02:47:20,147 - INFO - Example /home/projects/bagon/shared/imagenet512/val/n03016953/ILSVRC2012_val_00031340.JPEG reached epsilon at step 250, loss sum: 132.2763, final loss: 0.00099468, weight distance: 0.0135
2025-09-23 02:47:32,735 - INFO - Example /home/projects/bagon/shared/imagenet512/val/n04525038/ILSVRC2012_val_00019244.JPEG reached epsilon at step 155, loss sum: 146.6435, final loss: 0.00099373, weight distance: 0.0088
2025-09-23 02:47:48,480 - INFO - Example /home/projects/bagon/shared/imagenet512/val/n02088466/ILSVRC2012_val_00017226.JPEG reached epsilon at step 198, loss sum: 90.6472, final loss: 0.00099373, weight distance: 0.0108
2025-09-23 02:48:10,638 - INFO - Example /home/projects/bagon/shared/imagenet512/val/n02268443/ILSVRC2012_val_00035582.JPEG reached epsilon at step 285, loss sum: 10.9025, final loss: 0.00099754, weight distance: 0.0103
2025-09-23 02:48:23,064 - INFO - Example /home/projects/bagon/shared/imagenet512/val/n04596742/ILSVRC2012_val_00001534.JPEG reached epsilon at step 152, loss sum: 149.5086, final loss: 0.00099087, weight distance: 0.0114
2025-09-23 02:48:41,802 - INFO - Example /home/projects/bagon/shared/imagenet512/val/n04152593/ILSVRC2012_val_00037523.JPEG reached epsilon at step 240, loss sum: 105.7914, final loss: 0.00099754, weight distance: 0.0166
2025-09-23 02:48:58,832 - INFO - Example /home/projects/bagon/shared/imagenet512/val/n04033901/ILSVRC2012_val_00012813.JPEG reached epsilon at step 217, loss sum: 127.1676, final loss: 0.00099277, weight distance: 0.0117
2025-09-23 02:49:11,426 - INFO - Example /home/projects/bagon/shared/imagenet512/val/n02999410/ILSVRC2012_val_00013288.JPEG reached epsilon at step 156, loss sum: 164.9337, final loss: 0.00099277, weight distance: 0.0101
2025-09-23 02:49:31,273 - INFO - Example /home/projects/bagon/shared/imagenet512/val/n04152593/ILSVRC2012_val_00001526.JPEG reached epsilon at step 258, loss sum: 80.0309, final loss: 0.00099277, weight distance: 0.0160
2025-09-23 02:49:44,858 - INFO - Example /home/projects/bagon/shared/imagenet512/val/n15075141/ILSVRC2012_val_00038340.JPEG reached epsilon at step 170, loss sum: 103.9816, final loss: 0.00099659, weight distance: 0.0105
2025-09-23 02:50:00,520 - INFO - Example /home/projects/bagon/shared/imagenet512/val/n01744401/ILSVRC2012_val_00033761.JPEG reached epsilon at step 195, loss sum: 219.0660, final loss: 0.00099754, weight distance: 0.0122
2025-09-23 02:50:15,471 - INFO - Example /home/projects/bagon/shared/imagenet512/val/n03832673/ILSVRC2012_val_00003207.JPEG reached epsilon at step 189, loss sum: 78.9012, final loss: 0.00099945, weight distance: 0.0145
2025-09-23 02:50:24,254 - INFO - Example /home/projects/bagon/shared/imagenet512/val/n04192698/ILSVRC2012_val_00037734.JPEG reached epsilon at step 98, loss sum: 77.2152, final loss: 0.00099087, weight distance: 0.0067
2025-09-23 02:50:41,827 - INFO - Example /home/projects/bagon/shared/imagenet512/val/n09246464/ILSVRC2012_val_00026519.JPEG reached epsilon at step 224, loss sum: 79.1456, final loss: 0.00099373, weight distance: 0.0099
2025-09-23 02:50:53,247 - INFO - Example /home/projects/bagon/shared/imagenet512/val/n04356056/ILSVRC2012_val_00023952.JPEG reached epsilon at step 138, loss sum: 32.1292, final loss: 0.00098801, weight distance: 0.0110
2025-09-23 02:51:10,236 - INFO - Example /home/projects/bagon/shared/imagenet512/val/n03485407/ILSVRC2012_val_00010543.JPEG reached epsilon at step 215, loss sum: 194.6246, final loss: 0.00099945, weight distance: 0.0107
2025-09-23 02:51:28,778 - INFO - Example /home/projects/bagon/shared/imagenet512/val/n09193705/ILSVRC2012_val_00017733.JPEG reached epsilon at step 238, loss sum: 101.8753, final loss: 0.00099659, weight distance: 0.0130
2025-09-23 02:51:41,557 - INFO - Example /home/projects/bagon/shared/imagenet512/val/n02909870/ILSVRC2012_val_00011094.JPEG reached epsilon at step 157, loss sum: 76.4653, final loss: 0.00097847, weight distance: 0.0114
2025-09-23 02:52:08,533 - INFO - Example /home/projects/bagon/shared/imagenet512/val/n02493793/ILSVRC2012_val_00007725.JPEG reached epsilon at step 354, loss sum: 76.0488, final loss: 0.00099087, weight distance: 0.0163
2025-09-23 02:52:21,652 - INFO - Example /home/projects/bagon/shared/imagenet512/val/n03642806/ILSVRC2012_val_00048251.JPEG reached epsilon at step 163, loss sum: 38.5300, final loss: 0.00098515, weight distance: 0.0126
2025-09-23 02:52:34,401 - INFO - Example /home/projects/bagon/shared/imagenet512/val/n04462240/ILSVRC2012_val_00030975.JPEG reached epsilon at step 156, loss sum: 258.1711, final loss: 0.00099373, weight distance: 0.0104
2025-09-23 02:52:56,542 - INFO - Example /home/projects/bagon/shared/imagenet512/val/n04141076/ILSVRC2012_val_00042195.JPEG reached epsilon at step 287, loss sum: 165.5015, final loss: 0.00099945, weight distance: 0.0129
2025-09-23 02:53:11,739 - INFO - Example /home/projects/bagon/shared/imagenet512/val/n02999410/ILSVRC2012_val_00023467.JPEG reached epsilon at step 191, loss sum: 504.6199, final loss: 0.00099754, weight distance: 0.0102
2025-09-23 02:53:28,319 - INFO - Example /home/projects/bagon/shared/imagenet512/val/n04332243/ILSVRC2012_val_00026345.JPEG reached epsilon at step 212, loss sum: 138.0372, final loss: 0.00099850, weight distance: 0.0126
2025-09-23 02:53:44,434 - INFO - Example /home/projects/bagon/shared/imagenet512/val/n02869837/ILSVRC2012_val_00048571.JPEG reached epsilon at step 205, loss sum: 215.6638, final loss: 0.00099564, weight distance: 0.0115
2025-09-23 02:53:56,377 - INFO - Example /home/projects/bagon/shared/imagenet512/val/n03594734/ILSVRC2012_val_00013027.JPEG reached epsilon at step 145, loss sum: 200.3240, final loss: 0.00096369, weight distance: 0.0107
2025-09-23 02:54:06,593 - INFO - Example /home/projects/bagon/shared/imagenet512/val/n01740131/ILSVRC2012_val_00019669.JPEG reached epsilon at step 121, loss sum: 158.2498, final loss: 0.00099945, weight distance: 0.0102
2025-09-23 02:54:23,722 - INFO - Example /home/projects/bagon/shared/imagenet512/val/n06874185/ILSVRC2012_val_00003209.JPEG reached epsilon at step 217, loss sum: 76.2335, final loss: 0.00099564, weight distance: 0.0114
2025-09-23 02:54:49,378 - INFO - Example /home/projects/bagon/shared/imagenet512/val/n03196217/ILSVRC2012_val_00010672.JPEG reached epsilon at step 329, loss sum: 699.4217, final loss: 0.00099468, weight distance: 0.0212
2025-09-23 02:55:00,661 - INFO - Example /home/projects/bagon/shared/imagenet512/val/n02815834/ILSVRC2012_val_00040812.JPEG reached epsilon at step 137, loss sum: 12.3320, final loss: 0.00099850, weight distance: 0.0077
2025-09-23 02:55:39,497 - INFO - Example /home/projects/bagon/shared/imagenet512/val/n01697457/ILSVRC2012_val_00038188.JPEG reached epsilon at step 517, loss sum: 543.3620, final loss: 0.00099468, weight distance: 0.0255
2025-09-23 02:55:53,989 - INFO - Example /home/projects/bagon/shared/imagenet512/val/n04090263/ILSVRC2012_val_00013267.JPEG reached epsilon at step 180, loss sum: 192.0868, final loss: 0.00099659, weight distance: 0.0108
2025-09-23 02:56:13,627 - INFO - Example /home/projects/bagon/shared/imagenet512/val/n03197337/ILSVRC2012_val_00048942.JPEG reached epsilon at step 252, loss sum: 405.2767, final loss: 0.00098419, weight distance: 0.0153
2025-09-23 02:56:25,916 - INFO - Example /home/projects/bagon/shared/imagenet512/val/n02974003/ILSVRC2012_val_00031038.JPEG reached epsilon at step 151, loss sum: 135.6844, final loss: 0.00098705, weight distance: 0.0121
2025-09-23 02:56:34,290 - INFO - Example /home/projects/bagon/shared/imagenet512/val/n04599235/ILSVRC2012_val_00033022.JPEG reached epsilon at step 91, loss sum: 52.1192, final loss: 0.00099754, weight distance: 0.0072
2025-09-23 02:56:49,872 - INFO - Example /home/projects/bagon/shared/imagenet512/val/n04259630/ILSVRC2012_val_00014144.JPEG reached epsilon at step 188, loss sum: 170.2703, final loss: 0.00096893, weight distance: 0.0151
2025-09-23 02:57:01,655 - INFO - Example /home/projects/bagon/shared/imagenet512/val/n02089973/ILSVRC2012_val_00000028.JPEG reached epsilon at step 127, loss sum: 105.0453, final loss: 0.00098133, weight distance: 0.0090
2025-09-23 02:57:20,160 - INFO - Example /home/projects/bagon/shared/imagenet512/val/n04366367/ILSVRC2012_val_00006298.JPEG reached epsilon at step 227, loss sum: 104.5956, final loss: 0.00099945, weight distance: 0.0140
2025-09-23 02:57:35,966 - INFO - Example /home/projects/bagon/shared/imagenet512/val/n02106030/ILSVRC2012_val_00038745.JPEG reached epsilon at step 190, loss sum: 82.4121, final loss: 0.00098419, weight distance: 0.0138
2025-09-23 02:57:56,736 - INFO - Example /home/projects/bagon/shared/imagenet512/val/n03016953/ILSVRC2012_val_00043073.JPEG reached epsilon at step 257, loss sum: 133.2729, final loss: 0.00098801, weight distance: 0.0125
2025-09-23 02:58:17,532 - INFO - Example /home/projects/bagon/shared/imagenet512/val/n03179701/ILSVRC2012_val_00037234.JPEG reached epsilon at step 265, loss sum: 73.8926, final loss: 0.00099754, weight distance: 0.0153
2025-09-23 02:58:37,997 - INFO - Example /home/projects/bagon/shared/imagenet512/val/n04201297/ILSVRC2012_val_00033996.JPEG reached epsilon at step 263, loss sum: 107.9913, final loss: 0.00099659, weight distance: 0.0123
2025-09-23 02:58:54,434 - INFO - Example /home/projects/bagon/shared/imagenet512/val/n02087046/ILSVRC2012_val_00036751.JPEG reached epsilon at step 207, loss sum: 149.5067, final loss: 0.00099945, weight distance: 0.0141
2025-09-23 02:59:05,913 - INFO - Example /home/projects/bagon/shared/imagenet512/val/n02113186/ILSVRC2012_val_00043803.JPEG reached epsilon at step 139, loss sum: 50.1179, final loss: 0.00098038, weight distance: 0.0102
2025-09-23 02:59:17,221 - INFO - Example /home/projects/bagon/shared/imagenet512/val/n04589890/ILSVRC2012_val_00033500.JPEG reached epsilon at step 137, loss sum: 189.0220, final loss: 0.00097752, weight distance: 0.0111
2025-09-23 02:59:31,787 - INFO - Example /home/projects/bagon/shared/imagenet512/val/n03657121/ILSVRC2012_val_00005509.JPEG reached epsilon at step 183, loss sum: 130.0517, final loss: 0.00099468, weight distance: 0.0117
2025-09-23 02:59:58,294 - INFO - Example /home/projects/bagon/shared/imagenet512/val/n04285008/ILSVRC2012_val_00013805.JPEG reached epsilon at step 346, loss sum: 36.3976, final loss: 0.00099945, weight distance: 0.0150
2025-09-23 03:00:15,943 - INFO - Example /home/projects/bagon/shared/imagenet512/val/n04532106/ILSVRC2012_val_00018024.JPEG reached epsilon at step 224, loss sum: 47.8218, final loss: 0.00099373, weight distance: 0.0104
2025-09-23 03:00:29,502 - INFO - Example /home/projects/bagon/shared/imagenet512/val/n03127925/ILSVRC2012_val_00003847.JPEG reached epsilon at step 168, loss sum: 2.8389, final loss: 0.00099945, weight distance: 0.0098
2025-09-23 03:00:45,915 - INFO - Example /home/projects/bagon/shared/imagenet512/val/n02012849/ILSVRC2012_val_00012554.JPEG reached epsilon at step 209, loss sum: 68.9246, final loss: 0.00099850, weight distance: 0.0115
2025-09-23 03:01:02,527 - INFO - Example /home/projects/bagon/shared/imagenet512/val/n03250847/ILSVRC2012_val_00038053.JPEG reached epsilon at step 209, loss sum: 94.9405, final loss: 0.00099373, weight distance: 0.0123
2025-09-23 03:01:19,912 - INFO - Example /home/projects/bagon/shared/imagenet512/val/n09399592/ILSVRC2012_val_00042161.JPEG reached epsilon at step 223, loss sum: 97.0808, final loss: 0.00099945, weight distance: 0.0105
2025-09-23 03:01:33,045 - INFO - Example /home/projects/bagon/shared/imagenet512/val/n01981276/ILSVRC2012_val_00026511.JPEG reached epsilon at step 164, loss sum: 76.6013, final loss: 0.00097609, weight distance: 0.0090
2025-09-23 03:01:40,291 - INFO - Example /home/projects/bagon/shared/imagenet512/val/n02877765/ILSVRC2012_val_00028640.JPEG reached epsilon at step 79, loss sum: 218.0343, final loss: 0.00094318, weight distance: 0.0067
2025-09-23 03:01:58,861 - INFO - Example /home/projects/bagon/shared/imagenet512/val/n04204347/ILSVRC2012_val_00019374.JPEG reached epsilon at step 236, loss sum: 252.6805, final loss: 0.00099277, weight distance: 0.0143
2025-09-23 03:02:11,980 - INFO - Example /home/projects/bagon/shared/imagenet512/val/n03690938/ILSVRC2012_val_00024966.JPEG reached epsilon at step 162, loss sum: 203.9151, final loss: 0.00098801, weight distance: 0.0107
2025-09-23 03:02:23,768 - INFO - Example /home/projects/bagon/shared/imagenet512/val/n03843555/ILSVRC2012_val_00014814.JPEG reached epsilon at step 144, loss sum: 123.7179, final loss: 0.00098801, weight distance: 0.0102
2025-09-23 03:02:33,216 - INFO - Example /home/projects/bagon/shared/imagenet512/val/n02895154/ILSVRC2012_val_00023614.JPEG reached epsilon at step 112, loss sum: 75.3802, final loss: 0.00099373, weight distance: 0.0087
2025-09-23 03:02:47,387 - INFO - Example /home/projects/bagon/shared/imagenet512/val/n03482405/ILSVRC2012_val_00039416.JPEG reached epsilon at step 176, loss sum: 287.5951, final loss: 0.00099850, weight distance: 0.0088
2025-09-23 03:03:09,224 - INFO - Example /home/projects/bagon/shared/imagenet512/val/n04399382/ILSVRC2012_val_00017956.JPEG reached epsilon at step 283, loss sum: 247.2980, final loss: 0.00099945, weight distance: 0.0135
2025-09-23 03:03:28,774 - INFO - Example /home/projects/bagon/shared/imagenet512/val/n03492542/ILSVRC2012_val_00021902.JPEG reached epsilon at step 251, loss sum: 84.8586, final loss: 0.00099754, weight distance: 0.0104
2025-09-23 03:03:52,727 - INFO - Example /home/projects/bagon/shared/imagenet512/val/n02493509/ILSVRC2012_val_00047378.JPEG reached epsilon at step 314, loss sum: 185.2695, final loss: 0.00099277, weight distance: 0.0171
2025-09-23 03:04:09,494 - INFO - Example /home/projects/bagon/shared/imagenet512/val/n02107908/ILSVRC2012_val_00018589.JPEG reached epsilon at step 214, loss sum: 105.5583, final loss: 0.00099945, weight distance: 0.0114
2025-09-23 03:04:10,824 - INFO - Time limit reached. Exiting before starting next example.
2025-09-23 03:04:10,904 - INFO - Merged 8 worker CSVs into /home/projects/bagon/andreyg/Projects/BMM_school/Universal_learning/Programming/training_gradient_evaluator_single_loss_parallel/output_parallel_8_workers_trial_2/efficientvit_b2.r224_in1k/single_example_results.csv
2025-09-23 03:04:12,719 - INFO - Training complete. Summary saved to /home/projects/bagon/andreyg/Projects/BMM_school/Universal_learning/Programming/training_gradient_evaluator_single_loss_parallel/output_parallel_8_workers_trial_2/efficientvit_b2.r224_in1k/training_summary.json
