2025-09-23 00:53:21,877 - INFO - Parsed arguments:
2025-09-23 00:53:21,877 - INFO -   amp_dtype = None
2025-09-23 00:53:21,877 - INFO -   bars_npy = /home/projects/bagon/andreyg/Projects/BMM_school/Universal_learning/Programming/bars/geq6wrong_21017_geq6correct_1525_imagenet.npy
2025-09-23 00:53:21,877 - INFO -   cka_layer_fraction = 0.05
2025-09-23 00:53:21,877 - INFO -   current_worker = 2
2025-09-23 00:53:21,877 - INFO -   deterministic = True
2025-09-23 00:53:21,877 - INFO -   device = cuda
2025-09-23 00:53:21,877 - INFO -   epsilon = 0.001
2025-09-23 00:53:21,877 - INFO -   examples_csv = /home/projects/bagon/andreyg/Projects/BMM_school/Universal_learning/Programming/bars/geq6wrong_21017_geq6correct_1525_imagenet_examples_ammended.csv
2025-09-23 00:53:21,877 - INFO -   explicit_examples_for_training = None
2025-09-23 00:53:21,877 - INFO -   grad_clip_norm = 1.0
2025-09-23 00:53:21,877 - INFO -   hierarchy_json = /home/projects/bagon/andreyg/Projects/BMM_school/Universal_learning/Programming/bars/imagenet_synset_hierarchy.json
2025-09-23 00:53:21,877 - INFO -   imagenet_models_csv = /home/projects/bagon/andreyg/Projects/BMM_school/Universal_learning/Programming/bars/imagenet_models.csv
2025-09-23 00:53:21,877 - INFO -   lr = 0.0001
2025-09-23 00:53:21,877 - INFO -   max_examples = 50000
2025-09-23 00:53:21,878 - INFO -   max_steps_per_example = 10000
2025-09-23 00:53:21,878 - INFO -   model_csv_name = efficientvit_base_2_224_classification_imagenet_1k
2025-09-23 00:53:21,878 - INFO -   model_name = efficientvit_b2.r224_in1k
2025-09-23 00:53:21,878 - INFO -   no_amp = False
2025-09-23 00:53:21,878 - INFO -   num_workers = 8
2025-09-23 00:53:21,878 - INFO -   output_dir = /home/projects/bagon/andreyg/Projects/BMM_school/Universal_learning/Programming/training_gradient_evaluator_single_loss_parallel/output_parallel_8_workers_trial_2
2025-09-23 00:53:21,878 - INFO -   root_dir = None
2025-09-23 00:53:21,878 - INFO -   seed = 1337
2025-09-23 00:53:21,878 - INFO -   time_limit_seconds = 6300
2025-09-23 00:53:21,878 - INFO -   weight_decay = 0.0
2025-09-23 00:53:21,878 - INFO -   zero_aug_train = False
2025-09-23 00:53:22,933 - INFO - Loaded TIMM pretrained weights for efficientvit_b2.r224_in1k
2025-09-23 00:53:22,934 - INFO - pretrained_cfg.url= hf_hub_id=timm/efficientvit_b2.r224_in1k
2025-09-23 00:53:23,625 - INFO - Training configuration:
2025-09-23 00:53:23,625 - INFO -   lr = 0.0001
2025-09-23 00:53:23,625 - INFO -   weight_decay = 0.0
2025-09-23 00:53:23,625 - INFO -   max_steps = 10000
2025-09-23 00:53:23,625 - INFO -   epsilon = 0.001
2025-09-23 00:53:23,625 - INFO -   device = cuda
2025-09-23 00:53:23,625 - INFO -   use_amp = True
2025-09-23 00:53:23,625 - INFO -   amp_dtype = None
2025-09-23 00:53:23,625 - INFO -   gradient_clip_norm = 1.0
2025-09-23 00:53:53,078 - INFO - Example /home/projects/bagon/shared/imagenet512/val/n01688243/ILSVRC2012_val_00000978.JPEG reached epsilon at step 332, loss sum: 131.5699, final loss: 0.00099564, weight distance: 0.0126
2025-09-23 00:54:07,542 - INFO - Example /home/projects/bagon/shared/imagenet512/val/n04591713/ILSVRC2012_val_00026709.JPEG reached epsilon at step 147, loss sum: 12.7297, final loss: 0.00099182, weight distance: 0.0096
2025-09-23 00:54:21,297 - INFO - Example /home/projects/bagon/shared/imagenet512/val/n03347037/ILSVRC2012_val_00033001.JPEG reached epsilon at step 150, loss sum: 43.6996, final loss: 0.00099850, weight distance: 0.0088
2025-09-23 00:54:36,392 - INFO - Example /home/projects/bagon/shared/imagenet512/val/n03125729/ILSVRC2012_val_00032315.JPEG reached epsilon at step 167, loss sum: 16.6171, final loss: 0.00099277, weight distance: 0.0091
2025-09-23 00:54:54,518 - INFO - Example /home/projects/bagon/shared/imagenet512/val/n03840681/ILSVRC2012_val_00048063.JPEG reached epsilon at step 209, loss sum: 100.6733, final loss: 0.00099564, weight distance: 0.0107
2025-09-23 00:55:15,096 - INFO - Example /home/projects/bagon/shared/imagenet512/val/n02190166/ILSVRC2012_val_00016181.JPEG reached epsilon at step 241, loss sum: 4.3285, final loss: 0.00099277, weight distance: 0.0097
2025-09-23 00:55:30,298 - INFO - Example /home/projects/bagon/shared/imagenet512/val/n04523525/ILSVRC2012_val_00017038.JPEG reached epsilon at step 169, loss sum: 93.1057, final loss: 0.00099754, weight distance: 0.0107
2025-09-23 00:55:40,539 - INFO - Example /home/projects/bagon/shared/imagenet512/val/n02091635/ILSVRC2012_val_00006704.JPEG reached epsilon at step 101, loss sum: 9.0053, final loss: 0.00099659, weight distance: 0.0074
2025-09-23 00:56:01,099 - INFO - Example /home/projects/bagon/shared/imagenet512/val/n03782006/ILSVRC2012_val_00004758.JPEG reached epsilon at step 233, loss sum: 9.0371, final loss: 0.00099659, weight distance: 0.0129
2025-09-23 00:56:14,274 - INFO - Example /home/projects/bagon/shared/imagenet512/val/n03742115/ILSVRC2012_val_00009627.JPEG reached epsilon at step 139, loss sum: 21.6621, final loss: 0.00099564, weight distance: 0.0082
2025-09-23 00:56:28,425 - INFO - Example /home/projects/bagon/shared/imagenet512/val/n02769748/ILSVRC2012_val_00005367.JPEG reached epsilon at step 152, loss sum: 40.9319, final loss: 0.00099373, weight distance: 0.0088
2025-09-23 00:56:39,535 - INFO - Example /home/projects/bagon/shared/imagenet512/val/n04456115/ILSVRC2012_val_00008611.JPEG reached epsilon at step 109, loss sum: 1.9904, final loss: 0.00099277, weight distance: 0.0069
2025-09-23 00:56:58,640 - INFO - Example /home/projects/bagon/shared/imagenet512/val/n04008634/ILSVRC2012_val_00000621.JPEG reached epsilon at step 214, loss sum: 34.2156, final loss: 0.00098133, weight distance: 0.0157
2025-09-23 00:57:16,848 - INFO - Example /home/projects/bagon/shared/imagenet512/val/n04483307/ILSVRC2012_val_00027782.JPEG reached epsilon at step 201, loss sum: 24.6244, final loss: 0.00099945, weight distance: 0.0101
2025-09-23 00:57:41,964 - INFO - Example /home/projects/bagon/shared/imagenet512/val/n02804414/ILSVRC2012_val_00022280.JPEG reached epsilon at step 291, loss sum: 51.1895, final loss: 0.00099659, weight distance: 0.0132
2025-09-23 00:58:01,197 - INFO - Example /home/projects/bagon/shared/imagenet512/val/n02641379/ILSVRC2012_val_00034140.JPEG reached epsilon at step 217, loss sum: 129.0864, final loss: 0.00099564, weight distance: 0.0106
2025-09-23 00:58:18,998 - INFO - Example /home/projects/bagon/shared/imagenet512/val/n03127925/ILSVRC2012_val_00045710.JPEG reached epsilon at step 199, loss sum: 155.0950, final loss: 0.00099850, weight distance: 0.0089
2025-09-23 00:58:31,392 - INFO - Example /home/projects/bagon/shared/imagenet512/val/n03916031/ILSVRC2012_val_00021129.JPEG reached epsilon at step 128, loss sum: 54.9820, final loss: 0.00098133, weight distance: 0.0077
2025-09-23 00:58:44,346 - INFO - Example /home/projects/bagon/shared/imagenet512/val/n04579432/ILSVRC2012_val_00028072.JPEG reached epsilon at step 136, loss sum: 162.0649, final loss: 0.00098610, weight distance: 0.0096
2025-09-23 00:58:54,458 - INFO - Example /home/projects/bagon/shared/imagenet512/val/n02095570/ILSVRC2012_val_00002194.JPEG reached epsilon at step 99, loss sum: 56.1603, final loss: 0.00097513, weight distance: 0.0079
2025-09-23 00:59:06,153 - INFO - Example /home/projects/bagon/shared/imagenet512/val/n03481172/ILSVRC2012_val_00000887.JPEG reached epsilon at step 118, loss sum: 78.5809, final loss: 0.00098419, weight distance: 0.0079
2025-09-23 00:59:20,059 - INFO - Example /home/projects/bagon/shared/imagenet512/val/n09399592/ILSVRC2012_val_00025481.JPEG reached epsilon at step 148, loss sum: 19.1976, final loss: 0.00099659, weight distance: 0.0081
2025-09-23 00:59:34,085 - INFO - Example /home/projects/bagon/shared/imagenet512/val/n04317175/ILSVRC2012_val_00010695.JPEG reached epsilon at step 151, loss sum: 48.6391, final loss: 0.00099373, weight distance: 0.0092
2025-09-23 01:00:00,421 - INFO - Example /home/projects/bagon/shared/imagenet512/val/n02690373/ILSVRC2012_val_00040136.JPEG reached epsilon at step 306, loss sum: 18.9157, final loss: 0.00099850, weight distance: 0.0125
2025-09-23 01:00:31,107 - INFO - Example /home/projects/bagon/shared/imagenet512/val/n02727426/ILSVRC2012_val_00019117.JPEG reached epsilon at step 367, loss sum: 2.5439, final loss: 0.00099945, weight distance: 0.0105
2025-09-23 01:00:51,659 - INFO - Example /home/projects/bagon/shared/imagenet512/val/n03891332/ILSVRC2012_val_00004937.JPEG reached epsilon at step 235, loss sum: 56.3275, final loss: 0.00099659, weight distance: 0.0112
2025-09-23 01:01:03,359 - INFO - Example /home/projects/bagon/shared/imagenet512/val/n02099429/ILSVRC2012_val_00032181.JPEG reached epsilon at step 119, loss sum: 186.9917, final loss: 0.00099468, weight distance: 0.0091
2025-09-23 01:01:21,712 - INFO - Example /home/projects/bagon/shared/imagenet512/val/n02101006/ILSVRC2012_val_00024973.JPEG reached epsilon at step 206, loss sum: 9.7055, final loss: 0.00098610, weight distance: 0.0104
2025-09-23 01:01:33,292 - INFO - Example /home/projects/bagon/shared/imagenet512/val/n02708093/ILSVRC2012_val_00019803.JPEG reached epsilon at step 119, loss sum: 14.3984, final loss: 0.00099754, weight distance: 0.0079
2025-09-23 01:01:49,566 - INFO - Example /home/projects/bagon/shared/imagenet512/val/n01755581/ILSVRC2012_val_00014950.JPEG reached epsilon at step 179, loss sum: 101.8099, final loss: 0.00099564, weight distance: 0.0087
2025-09-23 01:01:57,403 - INFO - Example /home/projects/bagon/shared/imagenet512/val/n04443257/ILSVRC2012_val_00018875.JPEG reached epsilon at step 69, loss sum: 8.5970, final loss: 0.00099468, weight distance: 0.0045
2025-09-23 01:02:10,972 - INFO - Example /home/projects/bagon/shared/imagenet512/val/n02825657/ILSVRC2012_val_00033061.JPEG reached epsilon at step 146, loss sum: 44.3527, final loss: 0.00099468, weight distance: 0.0085
2025-09-23 01:02:29,370 - INFO - Example /home/projects/bagon/shared/imagenet512/val/n04317175/ILSVRC2012_val_00014314.JPEG reached epsilon at step 182, loss sum: 22.3879, final loss: 0.00099468, weight distance: 0.0109
2025-09-23 01:02:48,159 - INFO - Example /home/projects/bagon/shared/imagenet512/val/n02769748/ILSVRC2012_val_00048494.JPEG reached epsilon at step 208, loss sum: 20.5182, final loss: 0.00099659, weight distance: 0.0105
2025-09-23 01:03:15,596 - INFO - Example /home/projects/bagon/shared/imagenet512/val/n01537544/ILSVRC2012_val_00027145.JPEG reached epsilon at step 317, loss sum: 61.0075, final loss: 0.00099754, weight distance: 0.0131
2025-09-23 01:03:39,852 - INFO - Example /home/projects/bagon/shared/imagenet512/val/n03782006/ILSVRC2012_val_00015161.JPEG reached epsilon at step 281, loss sum: 54.5748, final loss: 0.00099850, weight distance: 0.0148
2025-09-23 01:03:58,811 - INFO - Example /home/projects/bagon/shared/imagenet512/val/n04465501/ILSVRC2012_val_00035513.JPEG reached epsilon at step 212, loss sum: 17.6030, final loss: 0.00099564, weight distance: 0.0097
2025-09-23 01:04:10,208 - INFO - Example /home/projects/bagon/shared/imagenet512/val/n03291819/ILSVRC2012_val_00048158.JPEG reached epsilon at step 109, loss sum: 79.4005, final loss: 0.00098038, weight distance: 0.0078
2025-09-23 01:04:23,221 - INFO - Example /home/projects/bagon/shared/imagenet512/val/n03691459/ILSVRC2012_val_00030580.JPEG reached epsilon at step 124, loss sum: 135.7973, final loss: 0.00098228, weight distance: 0.0089
2025-09-23 01:04:45,723 - INFO - Example /home/projects/bagon/shared/imagenet512/val/n02105505/ILSVRC2012_val_00048075.JPEG reached epsilon at step 259, loss sum: 57.7926, final loss: 0.00099850, weight distance: 0.0110
2025-09-23 01:04:58,949 - INFO - Example /home/projects/bagon/shared/imagenet512/val/n03461385/ILSVRC2012_val_00005674.JPEG reached epsilon at step 138, loss sum: 6.5740, final loss: 0.00099564, weight distance: 0.0091
2025-09-23 01:05:20,774 - INFO - Example /home/projects/bagon/shared/imagenet512/val/n02669723/ILSVRC2012_val_00022987.JPEG reached epsilon at step 250, loss sum: 37.8658, final loss: 0.00099945, weight distance: 0.0142
2025-09-23 01:05:39,378 - INFO - Example /home/projects/bagon/shared/imagenet512/val/n02099429/ILSVRC2012_val_00011793.JPEG reached epsilon at step 209, loss sum: 7.5638, final loss: 0.00099468, weight distance: 0.0108
2025-09-23 01:05:58,455 - INFO - Example /home/projects/bagon/shared/imagenet512/val/n02229544/ILSVRC2012_val_00017942.JPEG reached epsilon at step 214, loss sum: 27.7076, final loss: 0.00099945, weight distance: 0.0117
2025-09-23 01:06:16,011 - INFO - Example /home/projects/bagon/shared/imagenet512/val/n07875152/ILSVRC2012_val_00011863.JPEG reached epsilon at step 194, loss sum: 68.8297, final loss: 0.00099564, weight distance: 0.0090
2025-09-23 01:06:40,404 - INFO - Example /home/projects/bagon/shared/imagenet512/val/n03207743/ILSVRC2012_val_00012369.JPEG reached epsilon at step 279, loss sum: 95.3467, final loss: 0.00099087, weight distance: 0.0121
2025-09-23 01:06:56,768 - INFO - Example /home/projects/bagon/shared/imagenet512/val/n03014705/ILSVRC2012_val_00003911.JPEG reached epsilon at step 178, loss sum: 28.7435, final loss: 0.00099754, weight distance: 0.0095
2025-09-23 01:07:09,079 - INFO - Example /home/projects/bagon/shared/imagenet512/val/n04525038/ILSVRC2012_val_00003391.JPEG reached epsilon at step 126, loss sum: 6.8978, final loss: 0.00099564, weight distance: 0.0069
2025-09-23 01:07:31,172 - INFO - Example /home/projects/bagon/shared/imagenet512/val/n03954731/ILSVRC2012_val_00049067.JPEG reached epsilon at step 253, loss sum: 35.6119, final loss: 0.00099754, weight distance: 0.0108
2025-09-23 01:07:45,758 - INFO - Example /home/projects/bagon/shared/imagenet512/val/n02096294/ILSVRC2012_val_00003407.JPEG reached epsilon at step 158, loss sum: 28.3175, final loss: 0.00099850, weight distance: 0.0099
2025-09-23 01:07:56,036 - INFO - Example /home/projects/bagon/shared/imagenet512/val/n04254120/ILSVRC2012_val_00030691.JPEG reached epsilon at step 99, loss sum: 42.3303, final loss: 0.00097322, weight distance: 0.0077
2025-09-23 01:08:23,256 - INFO - Example /home/projects/bagon/shared/imagenet512/val/n04458633/ILSVRC2012_val_00044465.JPEG reached epsilon at step 319, loss sum: 85.3281, final loss: 0.00099850, weight distance: 0.0127
2025-09-23 01:08:39,576 - INFO - Example /home/projects/bagon/shared/imagenet512/val/n02930766/ILSVRC2012_val_00003112.JPEG reached epsilon at step 180, loss sum: 7.6022, final loss: 0.00099754, weight distance: 0.0096
2025-09-23 01:09:11,091 - INFO - Example /home/projects/bagon/shared/imagenet512/val/n07753592/ILSVRC2012_val_00017021.JPEG reached epsilon at step 372, loss sum: 86.4065, final loss: 0.00099945, weight distance: 0.0160
2025-09-23 01:09:25,075 - INFO - Example /home/projects/bagon/shared/imagenet512/val/n01491361/ILSVRC2012_val_00023443.JPEG reached epsilon at step 138, loss sum: 24.8274, final loss: 0.00099564, weight distance: 0.0075
2025-09-23 01:09:47,590 - INFO - Example /home/projects/bagon/shared/imagenet512/val/n03141823/ILSVRC2012_val_00007337.JPEG reached epsilon at step 260, loss sum: 113.8380, final loss: 0.00099945, weight distance: 0.0122
2025-09-23 01:10:10,961 - INFO - Example /home/projects/bagon/shared/imagenet512/val/n04532106/ILSVRC2012_val_00033805.JPEG reached epsilon at step 271, loss sum: 11.9358, final loss: 0.00099754, weight distance: 0.0107
2025-09-23 01:10:24,907 - INFO - Example /home/projects/bagon/shared/imagenet512/val/n03249569/ILSVRC2012_val_00005690.JPEG reached epsilon at step 146, loss sum: 42.3794, final loss: 0.00099659, weight distance: 0.0100
2025-09-23 01:10:36,959 - INFO - Example /home/projects/bagon/shared/imagenet512/val/n02859443/ILSVRC2012_val_00028822.JPEG reached epsilon at step 124, loss sum: 4.8559, final loss: 0.00099277, weight distance: 0.0065
2025-09-23 01:10:49,252 - INFO - Example /home/projects/bagon/shared/imagenet512/val/n03938244/ILSVRC2012_val_00016566.JPEG reached epsilon at step 127, loss sum: 88.0136, final loss: 0.00099182, weight distance: 0.0094
2025-09-23 01:11:06,821 - INFO - Example /home/projects/bagon/shared/imagenet512/val/n02823428/ILSVRC2012_val_00014412.JPEG reached epsilon at step 195, loss sum: 24.8643, final loss: 0.00099468, weight distance: 0.0115
2025-09-23 01:11:22,103 - INFO - Example /home/projects/bagon/shared/imagenet512/val/n02783161/ILSVRC2012_val_00021887.JPEG reached epsilon at step 165, loss sum: 88.5939, final loss: 0.00099850, weight distance: 0.0099
2025-09-23 01:11:43,450 - INFO - Example /home/projects/bagon/shared/imagenet512/val/n03018349/ILSVRC2012_val_00024892.JPEG reached epsilon at step 244, loss sum: 26.1877, final loss: 0.00099468, weight distance: 0.0120
2025-09-23 01:12:04,333 - INFO - Example /home/projects/bagon/shared/imagenet512/val/n03459775/ILSVRC2012_val_00020941.JPEG reached epsilon at step 238, loss sum: 34.3000, final loss: 0.00099373, weight distance: 0.0126
2025-09-23 01:12:27,176 - INFO - Example /home/projects/bagon/shared/imagenet512/val/n03599486/ILSVRC2012_val_00027701.JPEG reached epsilon at step 263, loss sum: 28.4149, final loss: 0.00099945, weight distance: 0.0113
2025-09-23 01:12:43,150 - INFO - Example /home/projects/bagon/shared/imagenet512/val/n02834397/ILSVRC2012_val_00005477.JPEG reached epsilon at step 175, loss sum: 4.6599, final loss: 0.00099850, weight distance: 0.0076
2025-09-23 01:12:58,501 - INFO - Example /home/projects/bagon/shared/imagenet512/val/n02097047/ILSVRC2012_val_00008661.JPEG reached epsilon at step 167, loss sum: 34.1033, final loss: 0.00099850, weight distance: 0.0089
2025-09-23 01:13:10,844 - INFO - Example /home/projects/bagon/shared/imagenet512/val/n02788148/ILSVRC2012_val_00005736.JPEG reached epsilon at step 112, loss sum: 31.6435, final loss: 0.00099850, weight distance: 0.0071
2025-09-23 01:13:28,441 - INFO - Example /home/projects/bagon/shared/imagenet512/val/n02110185/ILSVRC2012_val_00019826.JPEG reached epsilon at step 191, loss sum: 26.3588, final loss: 0.00099373, weight distance: 0.0112
2025-09-23 01:13:44,690 - INFO - Example /home/projects/bagon/shared/imagenet512/val/n02088364/ILSVRC2012_val_00025393.JPEG reached epsilon at step 177, loss sum: 69.5556, final loss: 0.00098896, weight distance: 0.0098
2025-09-23 01:13:58,051 - INFO - Example /home/projects/bagon/shared/imagenet512/val/n04392985/ILSVRC2012_val_00036646.JPEG reached epsilon at step 141, loss sum: 38.3294, final loss: 0.00098801, weight distance: 0.0108
2025-09-23 01:14:12,881 - INFO - Example /home/projects/bagon/shared/imagenet512/val/n03141823/ILSVRC2012_val_00004783.JPEG reached epsilon at step 135, loss sum: 6.6765, final loss: 0.00098991, weight distance: 0.0075
2025-09-23 01:14:25,150 - INFO - Example /home/projects/bagon/shared/imagenet512/val/n02840245/ILSVRC2012_val_00018669.JPEG reached epsilon at step 126, loss sum: 61.3011, final loss: 0.00098324, weight distance: 0.0083
2025-09-23 01:14:40,222 - INFO - Example /home/projects/bagon/shared/imagenet512/val/n01806567/ILSVRC2012_val_00013364.JPEG reached epsilon at step 162, loss sum: 51.2165, final loss: 0.00098801, weight distance: 0.0095
2025-09-23 01:15:02,464 - INFO - Example /home/projects/bagon/shared/imagenet512/val/n03457902/ILSVRC2012_val_00041009.JPEG reached epsilon at step 247, loss sum: 43.5001, final loss: 0.00099945, weight distance: 0.0103
2025-09-23 01:15:18,100 - INFO - Example /home/projects/bagon/shared/imagenet512/val/n04005630/ILSVRC2012_val_00017246.JPEG reached epsilon at step 170, loss sum: 14.8565, final loss: 0.00099659, weight distance: 0.0105
2025-09-23 01:15:35,305 - INFO - Example /home/projects/bagon/shared/imagenet512/val/n04485082/ILSVRC2012_val_00033425.JPEG reached epsilon at step 190, loss sum: 22.3422, final loss: 0.00098991, weight distance: 0.0114
2025-09-23 01:15:53,535 - INFO - Example /home/projects/bagon/shared/imagenet512/val/n02110063/ILSVRC2012_val_00016960.JPEG reached epsilon at step 203, loss sum: 29.0867, final loss: 0.00099850, weight distance: 0.0100
2025-09-23 01:16:09,333 - INFO - Example /home/projects/bagon/shared/imagenet512/val/n02892201/ILSVRC2012_val_00014939.JPEG reached epsilon at step 171, loss sum: 4.9000, final loss: 0.00099850, weight distance: 0.0079
2025-09-23 01:16:28,408 - INFO - Example /home/projects/bagon/shared/imagenet512/val/n01945685/ILSVRC2012_val_00002261.JPEG reached epsilon at step 215, loss sum: 322.9837, final loss: 0.00099277, weight distance: 0.0111
2025-09-23 01:16:49,139 - INFO - Example /home/projects/bagon/shared/imagenet512/val/n03937543/ILSVRC2012_val_00023209.JPEG reached epsilon at step 234, loss sum: 6.7560, final loss: 0.00099754, weight distance: 0.0111
2025-09-23 01:17:05,918 - INFO - Example /home/projects/bagon/shared/imagenet512/val/n03494278/ILSVRC2012_val_00043892.JPEG reached epsilon at step 186, loss sum: 187.0994, final loss: 0.00099182, weight distance: 0.0126
2025-09-23 01:17:25,372 - INFO - Example /home/projects/bagon/shared/imagenet512/val/n03000247/ILSVRC2012_val_00033694.JPEG reached epsilon at step 220, loss sum: 4.7284, final loss: 0.00099945, weight distance: 0.0110
2025-09-23 01:17:36,051 - INFO - Example /home/projects/bagon/shared/imagenet512/val/n04270147/ILSVRC2012_val_00013556.JPEG reached epsilon at step 105, loss sum: 32.8851, final loss: 0.00099659, weight distance: 0.0069
2025-09-23 01:17:49,514 - INFO - Example /home/projects/bagon/shared/imagenet512/val/n03250847/ILSVRC2012_val_00046129.JPEG reached epsilon at step 142, loss sum: 3.0571, final loss: 0.00099850, weight distance: 0.0074
2025-09-23 01:18:03,558 - INFO - Example /home/projects/bagon/shared/imagenet512/val/n04355933/ILSVRC2012_val_00045136.JPEG reached epsilon at step 150, loss sum: 79.9648, final loss: 0.00098896, weight distance: 0.0115
2025-09-23 01:18:23,707 - INFO - Example /home/projects/bagon/shared/imagenet512/val/n02095314/ILSVRC2012_val_00032581.JPEG reached epsilon at step 227, loss sum: 78.4324, final loss: 0.00099277, weight distance: 0.0110
2025-09-23 01:18:40,102 - INFO - Example /home/projects/bagon/shared/imagenet512/val/n03642806/ILSVRC2012_val_00007948.JPEG reached epsilon at step 181, loss sum: 64.7867, final loss: 0.00099945, weight distance: 0.0135
2025-09-23 01:18:53,042 - INFO - Example /home/projects/bagon/shared/imagenet512/val/n03891251/ILSVRC2012_val_00013228.JPEG reached epsilon at step 133, loss sum: 2.1203, final loss: 0.00099754, weight distance: 0.0084
2025-09-23 01:19:04,782 - INFO - Example /home/projects/bagon/shared/imagenet512/val/n04357314/ILSVRC2012_val_00010438.JPEG reached epsilon at step 118, loss sum: 60.2100, final loss: 0.00098228, weight distance: 0.0089
2025-09-23 01:19:20,655 - INFO - Example /home/projects/bagon/shared/imagenet512/val/n03874599/ILSVRC2012_val_00014039.JPEG reached epsilon at step 168, loss sum: 49.7225, final loss: 0.00098801, weight distance: 0.0094
2025-09-23 01:19:38,094 - INFO - Example /home/projects/bagon/shared/imagenet512/val/n02124075/ILSVRC2012_val_00021675.JPEG reached epsilon at step 194, loss sum: 70.1724, final loss: 0.00099945, weight distance: 0.0100
2025-09-23 01:19:50,670 - INFO - Example /home/projects/bagon/shared/imagenet512/val/n04204238/ILSVRC2012_val_00015859.JPEG reached epsilon at step 129, loss sum: 27.9185, final loss: 0.00098896, weight distance: 0.0086
2025-09-23 01:20:03,035 - INFO - Example /home/projects/bagon/shared/imagenet512/val/n04476259/ILSVRC2012_val_00041437.JPEG reached epsilon at step 127, loss sum: 22.7467, final loss: 0.00099564, weight distance: 0.0080
2025-09-23 01:20:12,485 - INFO - Example /home/projects/bagon/shared/imagenet512/val/n12144580/ILSVRC2012_val_00036775.JPEG reached epsilon at step 82, loss sum: 24.7784, final loss: 0.00096083, weight distance: 0.0069
2025-09-23 01:20:25,318 - INFO - Example /home/projects/bagon/shared/imagenet512/val/n03873416/ILSVRC2012_val_00032248.JPEG reached epsilon at step 133, loss sum: 15.5664, final loss: 0.00099564, weight distance: 0.0100
2025-09-23 01:20:40,962 - INFO - Example /home/projects/bagon/shared/imagenet512/val/n03291819/ILSVRC2012_val_00023324.JPEG reached epsilon at step 170, loss sum: 11.4063, final loss: 0.00099564, weight distance: 0.0079
2025-09-23 01:20:57,128 - INFO - Example /home/projects/bagon/shared/imagenet512/val/n02110185/ILSVRC2012_val_00007501.JPEG reached epsilon at step 174, loss sum: 21.0984, final loss: 0.00098324, weight distance: 0.0126
2025-09-23 01:21:15,662 - INFO - Example /home/projects/bagon/shared/imagenet512/val/n03485407/ILSVRC2012_val_00045552.JPEG reached epsilon at step 208, loss sum: 7.8765, final loss: 0.00099945, weight distance: 0.0105
2025-09-23 01:21:33,637 - INFO - Example /home/projects/bagon/shared/imagenet512/val/n02087394/ILSVRC2012_val_00010057.JPEG reached epsilon at step 201, loss sum: 24.0772, final loss: 0.00099373, weight distance: 0.0113
2025-09-23 01:21:50,921 - INFO - Example /home/projects/bagon/shared/imagenet512/val/n04371430/ILSVRC2012_val_00043532.JPEG reached epsilon at step 190, loss sum: 65.6757, final loss: 0.00099182, weight distance: 0.0119
2025-09-23 01:22:08,329 - INFO - Example /home/projects/bagon/shared/imagenet512/val/n03623198/ILSVRC2012_val_00019441.JPEG reached epsilon at step 192, loss sum: 84.5368, final loss: 0.00099564, weight distance: 0.0084
2025-09-23 01:22:16,332 - INFO - Example /home/projects/bagon/shared/imagenet512/val/n02840245/ILSVRC2012_val_00022685.JPEG reached epsilon at step 71, loss sum: 15.6286, final loss: 0.00097752, weight distance: 0.0051
2025-09-23 01:22:34,781 - INFO - Example /home/projects/bagon/shared/imagenet512/val/n03496892/ILSVRC2012_val_00010776.JPEG reached epsilon at step 204, loss sum: 8.3057, final loss: 0.00099850, weight distance: 0.0101
2025-09-23 01:22:52,020 - INFO - Example /home/projects/bagon/shared/imagenet512/val/n07693725/ILSVRC2012_val_00032119.JPEG reached epsilon at step 189, loss sum: 4.0746, final loss: 0.00099373, weight distance: 0.0098
2025-09-23 01:23:10,301 - INFO - Example /home/projects/bagon/shared/imagenet512/val/n02814533/ILSVRC2012_val_00010252.JPEG reached epsilon at step 207, loss sum: 24.8315, final loss: 0.00099564, weight distance: 0.0112
2025-09-23 01:23:22,608 - INFO - Example /home/projects/bagon/shared/imagenet512/val/n02088466/ILSVRC2012_val_00028118.JPEG reached epsilon at step 122, loss sum: 28.2812, final loss: 0.00099850, weight distance: 0.0081
2025-09-23 01:23:54,961 - INFO - Example /home/projects/bagon/shared/imagenet512/val/n02423022/ILSVRC2012_val_00007265.JPEG reached epsilon at step 385, loss sum: 18.1706, final loss: 0.00099564, weight distance: 0.0137
2025-09-23 01:24:09,778 - INFO - Example /home/projects/bagon/shared/imagenet512/val/n03272010/ILSVRC2012_val_00022811.JPEG reached epsilon at step 158, loss sum: 18.8145, final loss: 0.00099468, weight distance: 0.0092
2025-09-23 01:24:34,328 - INFO - Example /home/projects/bagon/shared/imagenet512/val/n02028035/ILSVRC2012_val_00005465.JPEG reached epsilon at step 283, loss sum: 54.1922, final loss: 0.00099468, weight distance: 0.0105
2025-09-23 01:24:55,885 - INFO - Example /home/projects/bagon/shared/imagenet512/val/n04350905/ILSVRC2012_val_00022131.JPEG reached epsilon at step 237, loss sum: 71.8224, final loss: 0.00099373, weight distance: 0.0138
2025-09-23 01:25:09,466 - INFO - Example /home/projects/bagon/shared/imagenet512/val/n01871265/ILSVRC2012_val_00029569.JPEG reached epsilon at step 144, loss sum: 30.2641, final loss: 0.00099564, weight distance: 0.0097
2025-09-23 01:25:21,876 - INFO - Example /home/projects/bagon/shared/imagenet512/val/n02747177/ILSVRC2012_val_00044878.JPEG reached epsilon at step 128, loss sum: 1.5257, final loss: 0.00099373, weight distance: 0.0090
2025-09-23 01:25:36,055 - INFO - Example /home/projects/bagon/shared/imagenet512/val/n02843684/ILSVRC2012_val_00023964.JPEG reached epsilon at step 152, loss sum: 139.8973, final loss: 0.00099373, weight distance: 0.0082
2025-09-23 01:25:48,718 - INFO - Example /home/projects/bagon/shared/imagenet512/val/n02097298/ILSVRC2012_val_00012881.JPEG reached epsilon at step 133, loss sum: 8.6591, final loss: 0.00098991, weight distance: 0.0077
2025-09-23 01:25:59,233 - INFO - Example /home/projects/bagon/shared/imagenet512/val/n04330267/ILSVRC2012_val_00009101.JPEG reached epsilon at step 105, loss sum: 38.7108, final loss: 0.00098610, weight distance: 0.0073
2025-09-23 01:26:12,656 - INFO - Example /home/projects/bagon/shared/imagenet512/val/n04286575/ILSVRC2012_val_00049656.JPEG reached epsilon at step 143, loss sum: 110.5376, final loss: 0.00098419, weight distance: 0.0100
2025-09-23 01:26:29,355 - INFO - Example /home/projects/bagon/shared/imagenet512/val/n02504013/ILSVRC2012_val_00043193.JPEG reached epsilon at step 184, loss sum: 76.0236, final loss: 0.00099945, weight distance: 0.0100
2025-09-23 01:26:44,522 - INFO - Example /home/projects/bagon/shared/imagenet512/val/n02894605/ILSVRC2012_val_00034199.JPEG reached epsilon at step 164, loss sum: 35.5860, final loss: 0.00099468, weight distance: 0.0093
2025-09-23 01:27:04,703 - INFO - Example /home/projects/bagon/shared/imagenet512/val/n10565667/ILSVRC2012_val_00000255.JPEG reached epsilon at step 231, loss sum: 21.0493, final loss: 0.00098991, weight distance: 0.0104
2025-09-23 01:27:19,485 - INFO - Example /home/projects/bagon/shared/imagenet512/val/n02091635/ILSVRC2012_val_00041912.JPEG reached epsilon at step 152, loss sum: 54.4382, final loss: 0.00098801, weight distance: 0.0081
2025-09-23 01:27:40,113 - INFO - Example /home/projects/bagon/shared/imagenet512/val/n01667114/ILSVRC2012_val_00046803.JPEG reached epsilon at step 234, loss sum: 51.2805, final loss: 0.00099087, weight distance: 0.0093
2025-09-23 01:28:01,904 - INFO - Example /home/projects/bagon/shared/imagenet512/val/n04235860/ILSVRC2012_val_00019223.JPEG reached epsilon at step 247, loss sum: 80.8614, final loss: 0.00099850, weight distance: 0.0125
2025-09-23 01:28:20,195 - INFO - Example /home/projects/bagon/shared/imagenet512/val/n03127925/ILSVRC2012_val_00030004.JPEG reached epsilon at step 204, loss sum: 20.9417, final loss: 0.00099373, weight distance: 0.0096
2025-09-23 01:28:35,574 - INFO - Example /home/projects/bagon/shared/imagenet512/val/n01744401/ILSVRC2012_val_00035023.JPEG reached epsilon at step 166, loss sum: 1.4313, final loss: 0.00099754, weight distance: 0.0087
2025-09-23 01:29:01,351 - INFO - Example /home/projects/bagon/shared/imagenet512/val/n02168699/ILSVRC2012_val_00020053.JPEG reached epsilon at step 303, loss sum: 90.0322, final loss: 0.00099850, weight distance: 0.0127
2025-09-23 01:29:16,375 - INFO - Example /home/projects/bagon/shared/imagenet512/val/n02087394/ILSVRC2012_val_00008104.JPEG reached epsilon at step 163, loss sum: 21.3110, final loss: 0.00099945, weight distance: 0.0100
2025-09-23 01:29:39,082 - INFO - Example /home/projects/bagon/shared/imagenet512/val/n01667114/ILSVRC2012_val_00027877.JPEG reached epsilon at step 256, loss sum: 53.5137, final loss: 0.00099373, weight distance: 0.0111
2025-09-23 01:30:00,767 - INFO - Example /home/projects/bagon/shared/imagenet512/val/n02865351/ILSVRC2012_val_00011687.JPEG reached epsilon at step 248, loss sum: 5.3631, final loss: 0.00099850, weight distance: 0.0107
2025-09-23 01:30:17,383 - INFO - Example /home/projects/bagon/shared/imagenet512/val/n04507155/ILSVRC2012_val_00029272.JPEG reached epsilon at step 183, loss sum: 24.6384, final loss: 0.00099754, weight distance: 0.0092
2025-09-23 01:30:36,434 - INFO - Example /home/projects/bagon/shared/imagenet512/val/n03255030/ILSVRC2012_val_00011743.JPEG reached epsilon at step 214, loss sum: 43.6950, final loss: 0.00099850, weight distance: 0.0089
2025-09-23 01:30:55,846 - INFO - Example /home/projects/bagon/shared/imagenet512/val/n07711569/ILSVRC2012_val_00034543.JPEG reached epsilon at step 220, loss sum: 25.5642, final loss: 0.00099564, weight distance: 0.0117
2025-09-23 01:31:14,165 - INFO - Example /home/projects/bagon/shared/imagenet512/val/n07695742/ILSVRC2012_val_00002054.JPEG reached epsilon at step 205, loss sum: 15.1486, final loss: 0.00099182, weight distance: 0.0099
2025-09-23 01:31:31,752 - INFO - Example /home/projects/bagon/shared/imagenet512/val/n03141823/ILSVRC2012_val_00009886.JPEG reached epsilon at step 195, loss sum: 4.8070, final loss: 0.00099087, weight distance: 0.0100
2025-09-23 01:31:49,104 - INFO - Example /home/projects/bagon/shared/imagenet512/val/n04505470/ILSVRC2012_val_00044775.JPEG reached epsilon at step 194, loss sum: 19.2779, final loss: 0.00099945, weight distance: 0.0123
2025-09-23 01:32:02,098 - INFO - Example /home/projects/bagon/shared/imagenet512/val/n02823750/ILSVRC2012_val_00018397.JPEG reached epsilon at step 135, loss sum: 35.2343, final loss: 0.00099754, weight distance: 0.0078
2025-09-23 01:32:21,602 - INFO - Example /home/projects/bagon/shared/imagenet512/val/n02110063/ILSVRC2012_val_00011214.JPEG reached epsilon at step 222, loss sum: 27.7200, final loss: 0.00099754, weight distance: 0.0113
2025-09-23 01:32:39,832 - INFO - Example /home/projects/bagon/shared/imagenet512/val/n03854065/ILSVRC2012_val_00024907.JPEG reached epsilon at step 203, loss sum: 69.4680, final loss: 0.00098991, weight distance: 0.0092
2025-09-23 01:32:58,695 - INFO - Example /home/projects/bagon/shared/imagenet512/val/n03761084/ILSVRC2012_val_00017051.JPEG reached epsilon at step 210, loss sum: 25.9456, final loss: 0.00099564, weight distance: 0.0114
2025-09-23 01:33:15,628 - INFO - Example /home/projects/bagon/shared/imagenet512/val/n02669723/ILSVRC2012_val_00015594.JPEG reached epsilon at step 187, loss sum: 29.6349, final loss: 0.00099659, weight distance: 0.0122
2025-09-23 01:33:45,150 - INFO - Example /home/projects/bagon/shared/imagenet512/val/n07716358/ILSVRC2012_val_00018152.JPEG reached epsilon at step 345, loss sum: 39.4917, final loss: 0.00099850, weight distance: 0.0123
2025-09-23 01:33:58,029 - INFO - Example /home/projects/bagon/shared/imagenet512/val/n04356056/ILSVRC2012_val_00023605.JPEG reached epsilon at step 135, loss sum: 127.7988, final loss: 0.00098515, weight distance: 0.0102
2025-09-23 01:34:18,679 - INFO - Example /home/projects/bagon/shared/imagenet512/val/n02321529/ILSVRC2012_val_00032844.JPEG reached epsilon at step 236, loss sum: 78.7877, final loss: 0.00099468, weight distance: 0.0107
2025-09-23 01:34:46,577 - INFO - Example /home/projects/bagon/shared/imagenet512/val/n07716358/ILSVRC2012_val_00044128.JPEG reached epsilon at step 328, loss sum: 6.0296, final loss: 0.00099659, weight distance: 0.0094
2025-09-23 01:35:08,124 - INFO - Example /home/projects/bagon/shared/imagenet512/val/n03930630/ILSVRC2012_val_00049525.JPEG reached epsilon at step 244, loss sum: 8.1342, final loss: 0.00099564, weight distance: 0.0110
2025-09-23 01:35:20,566 - INFO - Example /home/projects/bagon/shared/imagenet512/val/n03874599/ILSVRC2012_val_00033038.JPEG reached epsilon at step 129, loss sum: 61.2700, final loss: 0.00098228, weight distance: 0.0084
2025-09-23 01:35:33,688 - INFO - Example /home/projects/bagon/shared/imagenet512/val/n04372370/ILSVRC2012_val_00035679.JPEG reached epsilon at step 138, loss sum: 186.2503, final loss: 0.00099945, weight distance: 0.0095
2025-09-23 01:35:47,822 - INFO - Example /home/projects/bagon/shared/imagenet512/val/n02790996/ILSVRC2012_val_00041419.JPEG reached epsilon at step 145, loss sum: 8.1088, final loss: 0.00099850, weight distance: 0.0101
2025-09-23 01:36:07,508 - INFO - Example /home/projects/bagon/shared/imagenet512/val/n03868863/ILSVRC2012_val_00019871.JPEG reached epsilon at step 222, loss sum: 6.5981, final loss: 0.00099659, weight distance: 0.0114
2025-09-23 01:36:24,077 - INFO - Example /home/projects/bagon/shared/imagenet512/val/n03710637/ILSVRC2012_val_00007053.JPEG reached epsilon at step 182, loss sum: 51.5462, final loss: 0.00097847, weight distance: 0.0142
2025-09-23 01:36:44,635 - INFO - Example /home/projects/bagon/shared/imagenet512/val/n03838899/ILSVRC2012_val_00001834.JPEG reached epsilon at step 233, loss sum: 178.9407, final loss: 0.00099945, weight distance: 0.0109
2025-09-23 01:37:02,483 - INFO - Example /home/projects/bagon/shared/imagenet512/val/n10148035/ILSVRC2012_val_00019192.JPEG reached epsilon at step 198, loss sum: 46.5191, final loss: 0.00098801, weight distance: 0.0116
2025-09-23 01:37:24,205 - INFO - Example /home/projects/bagon/shared/imagenet512/val/n02096177/ILSVRC2012_val_00023783.JPEG reached epsilon at step 248, loss sum: 68.2100, final loss: 0.00099468, weight distance: 0.0135
2025-09-23 01:37:37,381 - INFO - Example /home/projects/bagon/shared/imagenet512/val/n02978881/ILSVRC2012_val_00010757.JPEG reached epsilon at step 138, loss sum: 5.6303, final loss: 0.00099754, weight distance: 0.0092
2025-09-23 01:37:57,428 - INFO - Example /home/projects/bagon/shared/imagenet512/val/n03854065/ILSVRC2012_val_00005556.JPEG reached epsilon at step 226, loss sum: 106.4819, final loss: 0.00099373, weight distance: 0.0108
2025-09-23 01:38:14,728 - INFO - Example /home/projects/bagon/shared/imagenet512/val/n02091467/ILSVRC2012_val_00037857.JPEG reached epsilon at step 190, loss sum: 55.4723, final loss: 0.00099754, weight distance: 0.0098
2025-09-23 01:38:28,995 - INFO - Example /home/projects/bagon/shared/imagenet512/val/n02113186/ILSVRC2012_val_00022692.JPEG reached epsilon at step 151, loss sum: 11.5294, final loss: 0.00099182, weight distance: 0.0091
2025-09-23 01:38:40,152 - INFO - Example /home/projects/bagon/shared/imagenet512/val/n04286575/ILSVRC2012_val_00034914.JPEG reached epsilon at step 110, loss sum: 27.5405, final loss: 0.00098419, weight distance: 0.0072
2025-09-23 01:39:01,008 - INFO - Example /home/projects/bagon/shared/imagenet512/val/n03840681/ILSVRC2012_val_00025369.JPEG reached epsilon at step 238, loss sum: 20.0189, final loss: 0.00098991, weight distance: 0.0113
2025-09-23 01:39:14,356 - INFO - Example /home/projects/bagon/shared/imagenet512/val/n04286575/ILSVRC2012_val_00015036.JPEG reached epsilon at step 142, loss sum: 35.4063, final loss: 0.00099659, weight distance: 0.0087
2025-09-23 01:39:35,947 - INFO - Example /home/projects/bagon/shared/imagenet512/val/n02870880/ILSVRC2012_val_00042919.JPEG reached epsilon at step 249, loss sum: 25.7192, final loss: 0.00099850, weight distance: 0.0125
2025-09-23 01:39:52,371 - INFO - Example /home/projects/bagon/shared/imagenet512/val/n02108422/ILSVRC2012_val_00016693.JPEG reached epsilon at step 180, loss sum: 41.2760, final loss: 0.00098419, weight distance: 0.0112
2025-09-23 01:40:12,773 - INFO - Example /home/projects/bagon/shared/imagenet512/val/n04008634/ILSVRC2012_val_00041790.JPEG reached epsilon at step 226, loss sum: 30.5441, final loss: 0.00099659, weight distance: 0.0141
2025-09-23 01:40:25,078 - INFO - Example /home/projects/bagon/shared/imagenet512/val/n09468604/ILSVRC2012_val_00025853.JPEG reached epsilon at step 127, loss sum: 30.4082, final loss: 0.00098324, weight distance: 0.0088
2025-09-23 01:40:37,841 - INFO - Example /home/projects/bagon/shared/imagenet512/val/n02091831/ILSVRC2012_val_00019366.JPEG reached epsilon at step 134, loss sum: 3.7025, final loss: 0.00099087, weight distance: 0.0073
2025-09-23 01:40:47,876 - INFO - Example /home/projects/bagon/shared/imagenet512/val/n02988304/ILSVRC2012_val_00037068.JPEG reached epsilon at step 98, loss sum: 16.0524, final loss: 0.00099754, weight distance: 0.0072
2025-09-23 01:41:06,036 - INFO - Example /home/projects/bagon/shared/imagenet512/val/n04317175/ILSVRC2012_val_00007135.JPEG reached epsilon at step 202, loss sum: 14.5600, final loss: 0.00099850, weight distance: 0.0123
2025-09-23 01:41:23,437 - INFO - Example /home/projects/bagon/shared/imagenet512/val/n02841315/ILSVRC2012_val_00039447.JPEG reached epsilon at step 192, loss sum: 2.3435, final loss: 0.00099564, weight distance: 0.0098
2025-09-23 01:41:37,089 - INFO - Example /home/projects/bagon/shared/imagenet512/val/n04356056/ILSVRC2012_val_00024708.JPEG reached epsilon at step 145, loss sum: 37.6771, final loss: 0.00099945, weight distance: 0.0118
2025-09-23 01:41:47,388 - INFO - Example /home/projects/bagon/shared/imagenet512/val/n02113712/ILSVRC2012_val_00007261.JPEG reached epsilon at step 98, loss sum: 2.6826, final loss: 0.00099564, weight distance: 0.0069
2025-09-23 01:42:01,841 - INFO - Example /home/projects/bagon/shared/imagenet512/val/n02791270/ILSVRC2012_val_00009619.JPEG reached epsilon at step 154, loss sum: 67.7071, final loss: 0.00099373, weight distance: 0.0100
2025-09-23 01:42:13,446 - INFO - Example /home/projects/bagon/shared/imagenet512/val/n04591713/ILSVRC2012_val_00033940.JPEG reached epsilon at step 116, loss sum: 34.2140, final loss: 0.00098038, weight distance: 0.0094
2025-09-23 01:42:26,075 - INFO - Example /home/projects/bagon/shared/imagenet512/val/n04467665/ILSVRC2012_val_00030748.JPEG reached epsilon at step 130, loss sum: 4.7646, final loss: 0.00099945, weight distance: 0.0078
2025-09-23 01:42:36,799 - INFO - Example /home/projects/bagon/shared/imagenet512/val/n04285008/ILSVRC2012_val_00025260.JPEG reached epsilon at step 106, loss sum: 9.6912, final loss: 0.00099087, weight distance: 0.0082
2025-09-23 01:42:55,499 - INFO - Example /home/projects/bagon/shared/imagenet512/val/n03868863/ILSVRC2012_val_00013259.JPEG reached epsilon at step 209, loss sum: 115.0190, final loss: 0.00099373, weight distance: 0.0118
2025-09-23 01:43:09,601 - INFO - Example /home/projects/bagon/shared/imagenet512/val/n07745940/ILSVRC2012_val_00013499.JPEG reached epsilon at step 149, loss sum: 1.4480, final loss: 0.00099373, weight distance: 0.0074
2025-09-23 01:43:29,944 - INFO - Example /home/projects/bagon/shared/imagenet512/val/n03180011/ILSVRC2012_val_00005972.JPEG reached epsilon at step 230, loss sum: 55.6877, final loss: 0.00098896, weight distance: 0.0150
2025-09-23 01:43:42,874 - INFO - Example /home/projects/bagon/shared/imagenet512/val/n02108000/ILSVRC2012_val_00001872.JPEG reached epsilon at step 135, loss sum: 84.0694, final loss: 0.00099277, weight distance: 0.0095
2025-09-23 01:43:53,004 - INFO - Example /home/projects/bagon/shared/imagenet512/val/n02837789/ILSVRC2012_val_00015440.JPEG reached epsilon at step 99, loss sum: 18.9359, final loss: 0.00098991, weight distance: 0.0073
2025-09-23 01:44:05,105 - INFO - Example /home/projects/bagon/shared/imagenet512/val/n02443114/ILSVRC2012_val_00024734.JPEG reached epsilon at step 117, loss sum: 15.3234, final loss: 0.00099945, weight distance: 0.0094
2025-09-23 01:44:25,595 - INFO - Example /home/projects/bagon/shared/imagenet512/val/n07711569/ILSVRC2012_val_00034791.JPEG reached epsilon at step 229, loss sum: 23.6177, final loss: 0.00098705, weight distance: 0.0121
2025-09-23 01:44:45,299 - INFO - Example /home/projects/bagon/shared/imagenet512/val/n03535780/ILSVRC2012_val_00034565.JPEG reached epsilon at step 220, loss sum: 22.8441, final loss: 0.00099754, weight distance: 0.0109
2025-09-23 01:45:00,540 - INFO - Example /home/projects/bagon/shared/imagenet512/val/n02100735/ILSVRC2012_val_00016187.JPEG reached epsilon at step 162, loss sum: 38.2508, final loss: 0.00099659, weight distance: 0.0093
2025-09-23 01:45:13,767 - INFO - Example /home/projects/bagon/shared/imagenet512/val/n04070727/ILSVRC2012_val_00036831.JPEG reached epsilon at step 139, loss sum: 135.2239, final loss: 0.00099945, weight distance: 0.0085
2025-09-23 01:45:31,476 - INFO - Example /home/projects/bagon/shared/imagenet512/val/n01514668/ILSVRC2012_val_00028712.JPEG reached epsilon at step 196, loss sum: 8.8402, final loss: 0.00099468, weight distance: 0.0085
2025-09-23 01:45:40,615 - INFO - Example /home/projects/bagon/shared/imagenet512/val/n03485794/ILSVRC2012_val_00018873.JPEG reached epsilon at step 86, loss sum: 5.0998, final loss: 0.00098419, weight distance: 0.0052
2025-09-23 01:45:54,527 - INFO - Example /home/projects/bagon/shared/imagenet512/val/n03706229/ILSVRC2012_val_00019455.JPEG reached epsilon at step 142, loss sum: 16.4726, final loss: 0.00099945, weight distance: 0.0077
2025-09-23 01:46:03,342 - INFO - Example /home/projects/bagon/shared/imagenet512/val/n04270147/ILSVRC2012_val_00021865.JPEG reached epsilon at step 80, loss sum: 1.4898, final loss: 0.00099468, weight distance: 0.0049
2025-09-23 01:46:21,997 - INFO - Example /home/projects/bagon/shared/imagenet512/val/n03467068/ILSVRC2012_val_00026034.JPEG reached epsilon at step 208, loss sum: 24.8792, final loss: 0.00099182, weight distance: 0.0102
2025-09-23 01:46:35,210 - INFO - Example /home/projects/bagon/shared/imagenet512/val/n03891332/ILSVRC2012_val_00038587.JPEG reached epsilon at step 124, loss sum: 75.8154, final loss: 0.00099087, weight distance: 0.0088
2025-09-23 01:46:53,546 - INFO - Example /home/projects/bagon/shared/imagenet512/val/n02916936/ILSVRC2012_val_00046560.JPEG reached epsilon at step 206, loss sum: 29.5547, final loss: 0.00099373, weight distance: 0.0101
2025-09-23 01:47:11,175 - INFO - Example /home/projects/bagon/shared/imagenet512/val/n02916936/ILSVRC2012_val_00004825.JPEG reached epsilon at step 199, loss sum: 164.9251, final loss: 0.00099468, weight distance: 0.0112
2025-09-23 01:47:32,253 - INFO - Example /home/projects/bagon/shared/imagenet512/val/n03089624/ILSVRC2012_val_00021637.JPEG reached epsilon at step 244, loss sum: 29.3283, final loss: 0.00099850, weight distance: 0.0119
2025-09-23 01:48:10,717 - INFO - Example /home/projects/bagon/shared/imagenet512/val/n01756291/ILSVRC2012_val_00010465.JPEG reached epsilon at step 467, loss sum: 21.2470, final loss: 0.00099850, weight distance: 0.0184
2025-09-23 01:48:33,204 - INFO - Example /home/projects/bagon/shared/imagenet512/val/n07749582/ILSVRC2012_val_00033722.JPEG reached epsilon at step 253, loss sum: 16.1776, final loss: 0.00099945, weight distance: 0.0116
2025-09-23 01:48:41,430 - INFO - Example /home/projects/bagon/shared/imagenet512/val/n02113624/ILSVRC2012_val_00035459.JPEG reached epsilon at step 75, loss sum: 8.6221, final loss: 0.00097656, weight distance: 0.0064
2025-09-23 01:48:57,531 - INFO - Example /home/projects/bagon/shared/imagenet512/val/n04258138/ILSVRC2012_val_00028935.JPEG reached epsilon at step 176, loss sum: 46.3464, final loss: 0.00099373, weight distance: 0.0083
2025-09-23 01:49:10,138 - INFO - Example /home/projects/bagon/shared/imagenet512/val/n04591713/ILSVRC2012_val_00027316.JPEG reached epsilon at step 130, loss sum: 21.1696, final loss: 0.00099850, weight distance: 0.0076
2025-09-23 01:49:26,060 - INFO - Example /home/projects/bagon/shared/imagenet512/val/n03450230/ILSVRC2012_val_00018276.JPEG reached epsilon at step 172, loss sum: 49.8205, final loss: 0.00099945, weight distance: 0.0122
2025-09-23 01:49:49,272 - INFO - Example /home/projects/bagon/shared/imagenet512/val/n02410509/ILSVRC2012_val_00039568.JPEG reached epsilon at step 271, loss sum: 284.7637, final loss: 0.00099468, weight distance: 0.0120
2025-09-23 01:50:14,266 - INFO - Example /home/projects/bagon/shared/imagenet512/val/n02123045/ILSVRC2012_val_00036661.JPEG reached epsilon at step 291, loss sum: 23.1261, final loss: 0.00099277, weight distance: 0.0142
2025-09-23 01:50:28,733 - INFO - Example /home/projects/bagon/shared/imagenet512/val/n04505470/ILSVRC2012_val_00041420.JPEG reached epsilon at step 134, loss sum: 24.5323, final loss: 0.00099564, weight distance: 0.0076
2025-09-23 01:50:35,633 - INFO - Example /home/projects/bagon/shared/imagenet512/val/n04599235/ILSVRC2012_val_00020021.JPEG reached epsilon at step 57, loss sum: 11.3754, final loss: 0.00099277, weight distance: 0.0039
2025-09-23 01:50:54,186 - INFO - Example /home/projects/bagon/shared/imagenet512/val/n02364673/ILSVRC2012_val_00035921.JPEG reached epsilon at step 209, loss sum: 15.1120, final loss: 0.00099945, weight distance: 0.0096
2025-09-23 01:51:09,321 - INFO - Example /home/projects/bagon/shared/imagenet512/val/n04372370/ILSVRC2012_val_00008372.JPEG reached epsilon at step 164, loss sum: 142.2735, final loss: 0.00099659, weight distance: 0.0087
2025-09-23 01:51:29,481 - INFO - Example /home/projects/bagon/shared/imagenet512/val/n04069434/ILSVRC2012_val_00043715.JPEG reached epsilon at step 217, loss sum: 184.7909, final loss: 0.00099945, weight distance: 0.0108
2025-09-23 01:51:40,459 - INFO - Example /home/projects/bagon/shared/imagenet512/val/n03047690/ILSVRC2012_val_00014011.JPEG reached epsilon at step 109, loss sum: 33.2651, final loss: 0.00098419, weight distance: 0.0075
2025-09-23 01:52:01,397 - INFO - Example /home/projects/bagon/shared/imagenet512/val/n03404251/ILSVRC2012_val_00036931.JPEG reached epsilon at step 240, loss sum: 55.3929, final loss: 0.00099468, weight distance: 0.0110
2025-09-23 01:52:25,600 - INFO - Example /home/projects/bagon/shared/imagenet512/val/n03529860/ILSVRC2012_val_00024939.JPEG reached epsilon at step 284, loss sum: 39.5564, final loss: 0.00099659, weight distance: 0.0155
2025-09-23 01:52:42,623 - INFO - Example /home/projects/bagon/shared/imagenet512/val/n02077923/ILSVRC2012_val_00048240.JPEG reached epsilon at step 191, loss sum: 50.8662, final loss: 0.00099468, weight distance: 0.0084
2025-09-23 01:52:54,505 - INFO - Example /home/projects/bagon/shared/imagenet512/val/n04548362/ILSVRC2012_val_00049758.JPEG reached epsilon at step 123, loss sum: 26.0088, final loss: 0.00098228, weight distance: 0.0087
2025-09-23 01:53:11,425 - INFO - Example /home/projects/bagon/shared/imagenet512/val/n07693725/ILSVRC2012_val_00020615.JPEG reached epsilon at step 189, loss sum: 1.6693, final loss: 0.00099754, weight distance: 0.0097
2025-09-23 01:53:20,258 - INFO - Example /home/projects/bagon/shared/imagenet512/val/n04443257/ILSVRC2012_val_00003965.JPEG reached epsilon at step 84, loss sum: 35.2758, final loss: 0.00099564, weight distance: 0.0070
2025-09-23 01:53:36,033 - INFO - Example /home/projects/bagon/shared/imagenet512/val/n07932039/ILSVRC2012_val_00006588.JPEG reached epsilon at step 173, loss sum: 59.8011, final loss: 0.00099945, weight distance: 0.0106
2025-09-23 01:54:01,577 - INFO - Example /home/projects/bagon/shared/imagenet512/val/n07873807/ILSVRC2012_val_00005784.JPEG reached epsilon at step 300, loss sum: 89.8807, final loss: 0.00099850, weight distance: 0.0127
2025-09-23 01:54:11,028 - INFO - Example /home/projects/bagon/shared/imagenet512/val/n02971356/ILSVRC2012_val_00008083.JPEG reached epsilon at step 92, loss sum: 25.5483, final loss: 0.00098705, weight distance: 0.0057
2025-09-23 01:54:28,245 - INFO - Example /home/projects/bagon/shared/imagenet512/val/n12144580/ILSVRC2012_val_00011594.JPEG reached epsilon at step 192, loss sum: 32.4577, final loss: 0.00099945, weight distance: 0.0117
2025-09-23 01:54:45,655 - INFO - Example /home/projects/bagon/shared/imagenet512/val/n04462240/ILSVRC2012_val_00042489.JPEG reached epsilon at step 194, loss sum: 34.2504, final loss: 0.00099850, weight distance: 0.0103
2025-09-23 01:55:02,616 - INFO - Example /home/projects/bagon/shared/imagenet512/val/n02790996/ILSVRC2012_val_00027401.JPEG reached epsilon at step 187, loss sum: 105.1117, final loss: 0.00099850, weight distance: 0.0105
2025-09-23 01:55:21,916 - INFO - Example /home/projects/bagon/shared/imagenet512/val/n04355338/ILSVRC2012_val_00048060.JPEG reached epsilon at step 220, loss sum: 228.5566, final loss: 0.00099277, weight distance: 0.0109
2025-09-23 01:55:34,279 - INFO - Example /home/projects/bagon/shared/imagenet512/val/n04462240/ILSVRC2012_val_00002610.JPEG reached epsilon at step 121, loss sum: 64.0255, final loss: 0.00099754, weight distance: 0.0078
2025-09-23 01:55:48,544 - INFO - Example /home/projects/bagon/shared/imagenet512/val/n06794110/ILSVRC2012_val_00034107.JPEG reached epsilon at step 141, loss sum: 68.4943, final loss: 0.00099754, weight distance: 0.0081
2025-09-23 01:56:05,922 - INFO - Example /home/projects/bagon/shared/imagenet512/val/n01774384/ILSVRC2012_val_00039661.JPEG reached epsilon at step 194, loss sum: 41.2816, final loss: 0.00099945, weight distance: 0.0089
2025-09-23 01:56:18,425 - INFO - Example /home/projects/bagon/shared/imagenet512/val/n01740131/ILSVRC2012_val_00038556.JPEG reached epsilon at step 129, loss sum: 22.5061, final loss: 0.00099564, weight distance: 0.0071
2025-09-23 01:56:31,095 - INFO - Example /home/projects/bagon/shared/imagenet512/val/n02105251/ILSVRC2012_val_00042690.JPEG reached epsilon at step 132, loss sum: 18.6518, final loss: 0.00099373, weight distance: 0.0065
2025-09-23 01:56:55,068 - INFO - Example /home/projects/bagon/shared/imagenet512/val/n03180011/ILSVRC2012_val_00019908.JPEG reached epsilon at step 275, loss sum: 65.8823, final loss: 0.00099754, weight distance: 0.0158
2025-09-23 01:57:06,241 - INFO - Example /home/projects/bagon/shared/imagenet512/val/n04355933/ILSVRC2012_val_00028448.JPEG reached epsilon at step 112, loss sum: 11.5860, final loss: 0.00099087, weight distance: 0.0089
2025-09-23 01:57:19,635 - INFO - Example /home/projects/bagon/shared/imagenet512/val/n03710637/ILSVRC2012_val_00023079.JPEG reached epsilon at step 141, loss sum: 21.2932, final loss: 0.00098991, weight distance: 0.0112
2025-09-23 01:57:36,636 - INFO - Example /home/projects/bagon/shared/imagenet512/val/n03770439/ILSVRC2012_val_00014113.JPEG reached epsilon at step 188, loss sum: 31.9626, final loss: 0.00099754, weight distance: 0.0112
2025-09-23 01:57:48,880 - INFO - Example /home/projects/bagon/shared/imagenet512/val/n03837869/ILSVRC2012_val_00035318.JPEG reached epsilon at step 125, loss sum: 0.4467, final loss: 0.00099754, weight distance: 0.0068
2025-09-23 01:57:59,616 - INFO - Example /home/projects/bagon/shared/imagenet512/val/n02085620/ILSVRC2012_val_00011900.JPEG reached epsilon at step 106, loss sum: 45.0611, final loss: 0.00099277, weight distance: 0.0070
2025-09-23 01:58:14,569 - INFO - Example /home/projects/bagon/shared/imagenet512/val/n03933933/ILSVRC2012_val_00040544.JPEG reached epsilon at step 162, loss sum: 15.5503, final loss: 0.00098705, weight distance: 0.0095
2025-09-23 01:58:26,987 - INFO - Example /home/projects/bagon/shared/imagenet512/val/n09428293/ILSVRC2012_val_00007177.JPEG reached epsilon at step 128, loss sum: 15.4939, final loss: 0.00098896, weight distance: 0.0088
2025-09-23 01:58:47,286 - INFO - Example /home/projects/bagon/shared/imagenet512/val/n02077923/ILSVRC2012_val_00038371.JPEG reached epsilon at step 227, loss sum: 142.4610, final loss: 0.00099850, weight distance: 0.0101
2025-09-23 01:58:59,223 - INFO - Example /home/projects/bagon/shared/imagenet512/val/n04254120/ILSVRC2012_val_00045622.JPEG reached epsilon at step 122, loss sum: 13.6523, final loss: 0.00099659, weight distance: 0.0067
2025-09-23 01:59:19,233 - INFO - Example /home/projects/bagon/shared/imagenet512/val/n03967562/ILSVRC2012_val_00028038.JPEG reached epsilon at step 227, loss sum: 6.4394, final loss: 0.00099659, weight distance: 0.0110
2025-09-23 01:59:35,299 - INFO - Example /home/projects/bagon/shared/imagenet512/val/n04152593/ILSVRC2012_val_00001269.JPEG reached epsilon at step 176, loss sum: 16.9938, final loss: 0.00099659, weight distance: 0.0120
2025-09-23 01:59:56,797 - INFO - Example /home/projects/bagon/shared/imagenet512/val/n03131574/ILSVRC2012_val_00034723.JPEG reached epsilon at step 244, loss sum: 14.2233, final loss: 0.00099754, weight distance: 0.0104
2025-09-23 02:00:20,505 - INFO - Example /home/projects/bagon/shared/imagenet512/val/n01558993/ILSVRC2012_val_00045150.JPEG reached epsilon at step 275, loss sum: 163.8153, final loss: 0.00099564, weight distance: 0.0127
2025-09-23 02:00:43,441 - INFO - Example /home/projects/bagon/shared/imagenet512/val/n07716358/ILSVRC2012_val_00042295.JPEG reached epsilon at step 267, loss sum: 13.8427, final loss: 0.00098991, weight distance: 0.0118
2025-09-23 02:01:02,698 - INFO - Example /home/projects/bagon/shared/imagenet512/val/n03775071/ILSVRC2012_val_00016272.JPEG reached epsilon at step 219, loss sum: 1.9741, final loss: 0.00099754, weight distance: 0.0091
2025-09-23 02:01:14,035 - INFO - Example /home/projects/bagon/shared/imagenet512/val/n02097474/ILSVRC2012_val_00038294.JPEG reached epsilon at step 114, loss sum: 47.3262, final loss: 0.00098515, weight distance: 0.0076
2025-09-23 02:01:34,691 - INFO - Example /home/projects/bagon/shared/imagenet512/val/n03179701/ILSVRC2012_val_00038357.JPEG reached epsilon at step 235, loss sum: 14.3683, final loss: 0.00099564, weight distance: 0.0134
2025-09-23 02:01:50,732 - INFO - Example /home/projects/bagon/shared/imagenet512/val/n02834397/ILSVRC2012_val_00013224.JPEG reached epsilon at step 167, loss sum: 40.0911, final loss: 0.00099659, weight distance: 0.0080
2025-09-23 02:02:04,392 - INFO - Example /home/projects/bagon/shared/imagenet512/val/n03124170/ILSVRC2012_val_00016536.JPEG reached epsilon at step 146, loss sum: 37.2651, final loss: 0.00099468, weight distance: 0.0101
2025-09-23 02:02:22,477 - INFO - Example /home/projects/bagon/shared/imagenet512/val/n02443484/ILSVRC2012_val_00047800.JPEG reached epsilon at step 204, loss sum: 28.7025, final loss: 0.00099468, weight distance: 0.0132
2025-09-23 02:02:33,707 - INFO - Example /home/projects/bagon/shared/imagenet512/val/n03916031/ILSVRC2012_val_00029383.JPEG reached epsilon at step 112, loss sum: 28.4354, final loss: 0.00099087, weight distance: 0.0074
2025-09-23 02:02:43,489 - INFO - Example /home/projects/bagon/shared/imagenet512/val/n02892767/ILSVRC2012_val_00023370.JPEG reached epsilon at step 92, loss sum: 74.3777, final loss: 0.00098610, weight distance: 0.0071
2025-09-23 02:03:00,498 - INFO - Example /home/projects/bagon/shared/imagenet512/val/n04201297/ILSVRC2012_val_00037763.JPEG reached epsilon at step 189, loss sum: 1.3296, final loss: 0.00099373, weight distance: 0.0101
2025-09-23 02:03:11,019 - INFO - Example /home/projects/bagon/shared/imagenet512/val/n03481172/ILSVRC2012_val_00017991.JPEG reached epsilon at step 106, loss sum: 55.3080, final loss: 0.00099087, weight distance: 0.0075
2025-09-23 02:03:22,036 - INFO - Example /home/projects/bagon/shared/imagenet512/val/n03998194/ILSVRC2012_val_00026195.JPEG reached epsilon at step 110, loss sum: 7.1270, final loss: 0.00099468, weight distance: 0.0065
2025-09-23 02:03:35,280 - INFO - Example /home/projects/bagon/shared/imagenet512/val/n03041632/ILSVRC2012_val_00028494.JPEG reached epsilon at step 139, loss sum: 133.0388, final loss: 0.00099564, weight distance: 0.0083
2025-09-23 02:03:50,086 - INFO - Example /home/projects/bagon/shared/imagenet512/val/n02094258/ILSVRC2012_val_00033194.JPEG reached epsilon at step 161, loss sum: 119.8076, final loss: 0.00099945, weight distance: 0.0100
2025-09-23 02:03:58,097 - INFO - Example /home/projects/bagon/shared/imagenet512/val/n02089867/ILSVRC2012_val_00011792.JPEG reached epsilon at step 72, loss sum: 8.8263, final loss: 0.00097418, weight distance: 0.0062
2025-09-23 02:04:19,838 - INFO - Example /home/projects/bagon/shared/imagenet512/val/n04505470/ILSVRC2012_val_00026053.JPEG reached epsilon at step 245, loss sum: 14.6588, final loss: 0.00099277, weight distance: 0.0129
2025-09-23 02:04:32,944 - INFO - Example /home/projects/bagon/shared/imagenet512/val/n03642806/ILSVRC2012_val_00016812.JPEG reached epsilon at step 129, loss sum: 15.5403, final loss: 0.00099468, weight distance: 0.0100
2025-09-23 02:05:05,185 - INFO - Example /home/projects/bagon/shared/imagenet512/val/n02058221/ILSVRC2012_val_00018662.JPEG reached epsilon at step 388, loss sum: 35.6002, final loss: 0.00099373, weight distance: 0.0132
2025-09-23 02:05:14,649 - INFO - Example /home/projects/bagon/shared/imagenet512/val/n02087046/ILSVRC2012_val_00022182.JPEG reached epsilon at step 90, loss sum: 10.2915, final loss: 0.00099754, weight distance: 0.0070
2025-09-23 02:05:29,138 - INFO - Example /home/projects/bagon/shared/imagenet512/val/n04591713/ILSVRC2012_val_00033990.JPEG reached epsilon at step 156, loss sum: 11.3691, final loss: 0.00098991, weight distance: 0.0108
2025-09-23 02:05:43,531 - INFO - Example /home/projects/bagon/shared/imagenet512/val/n04380533/ILSVRC2012_val_00041421.JPEG reached epsilon at step 149, loss sum: 25.8558, final loss: 0.00099087, weight distance: 0.0104
2025-09-23 02:06:00,852 - INFO - Example /home/projects/bagon/shared/imagenet512/val/n01955084/ILSVRC2012_val_00028635.JPEG reached epsilon at step 194, loss sum: 4.0552, final loss: 0.00099373, weight distance: 0.0099
2025-09-23 02:06:12,309 - INFO - Example /home/projects/bagon/shared/imagenet512/val/n04604644/ILSVRC2012_val_00023248.JPEG reached epsilon at step 117, loss sum: 80.9605, final loss: 0.00098038, weight distance: 0.0085
2025-09-23 02:06:28,787 - INFO - Example /home/projects/bagon/shared/imagenet512/val/n03761084/ILSVRC2012_val_00005324.JPEG reached epsilon at step 183, loss sum: 86.9017, final loss: 0.00098991, weight distance: 0.0096
2025-09-23 02:06:42,563 - INFO - Example /home/projects/bagon/shared/imagenet512/val/n02966687/ILSVRC2012_val_00006795.JPEG reached epsilon at step 142, loss sum: 5.0854, final loss: 0.00098896, weight distance: 0.0094
2025-09-23 02:06:57,830 - INFO - Example /home/projects/bagon/shared/imagenet512/val/n06596364/ILSVRC2012_val_00015828.JPEG reached epsilon at step 165, loss sum: 10.9265, final loss: 0.00099564, weight distance: 0.0081
2025-09-23 02:07:17,600 - INFO - Example /home/projects/bagon/shared/imagenet512/val/n02481823/ILSVRC2012_val_00046456.JPEG reached epsilon at step 222, loss sum: 97.6882, final loss: 0.00099754, weight distance: 0.0101
2025-09-23 02:07:35,808 - INFO - Example /home/projects/bagon/shared/imagenet512/val/n02100236/ILSVRC2012_val_00022367.JPEG reached epsilon at step 204, loss sum: 95.6726, final loss: 0.00099850, weight distance: 0.0096
2025-09-23 02:07:49,520 - INFO - Example /home/projects/bagon/shared/imagenet512/val/n03180011/ILSVRC2012_val_00021772.JPEG reached epsilon at step 146, loss sum: 31.5644, final loss: 0.00099564, weight distance: 0.0108
2025-09-23 02:08:12,566 - INFO - Example /home/projects/bagon/shared/imagenet512/val/n03529860/ILSVRC2012_val_00018718.JPEG reached epsilon at step 268, loss sum: 52.3398, final loss: 0.00099182, weight distance: 0.0142
2025-09-23 02:08:25,434 - INFO - Example /home/projects/bagon/shared/imagenet512/val/n04041544/ILSVRC2012_val_00022244.JPEG reached epsilon at step 135, loss sum: 19.5413, final loss: 0.00099754, weight distance: 0.0103
2025-09-23 02:08:54,303 - INFO - Example /home/projects/bagon/shared/imagenet512/val/n02123045/ILSVRC2012_val_00035163.JPEG reached epsilon at step 343, loss sum: 60.7590, final loss: 0.00099564, weight distance: 0.0146
2025-09-23 02:09:10,277 - INFO - Example /home/projects/bagon/shared/imagenet512/val/n03868863/ILSVRC2012_val_00026092.JPEG reached epsilon at step 177, loss sum: 30.1304, final loss: 0.00099945, weight distance: 0.0101
2025-09-23 02:09:28,319 - INFO - Example /home/projects/bagon/shared/imagenet512/val/n02687172/ILSVRC2012_val_00014273.JPEG reached epsilon at step 197, loss sum: 53.9459, final loss: 0.00099182, weight distance: 0.0091
2025-09-23 02:09:46,928 - INFO - Example /home/projects/bagon/shared/imagenet512/val/n03047690/ILSVRC2012_val_00024814.JPEG reached epsilon at step 208, loss sum: 54.3919, final loss: 0.00099659, weight distance: 0.0101
2025-09-23 02:10:02,195 - INFO - Example /home/projects/bagon/shared/imagenet512/val/n02749479/ILSVRC2012_val_00018057.JPEG reached epsilon at step 165, loss sum: 29.8730, final loss: 0.00099564, weight distance: 0.0105
2025-09-23 02:10:23,771 - INFO - Example /home/projects/bagon/shared/imagenet512/val/n02699494/ILSVRC2012_val_00006295.JPEG reached epsilon at step 248, loss sum: 17.8117, final loss: 0.00099850, weight distance: 0.0127
2025-09-23 02:10:42,166 - INFO - Example /home/projects/bagon/shared/imagenet512/val/n03792972/ILSVRC2012_val_00045315.JPEG reached epsilon at step 208, loss sum: 5.1730, final loss: 0.00099659, weight distance: 0.0103
2025-09-23 02:11:00,691 - INFO - Example /home/projects/bagon/shared/imagenet512/val/n04330267/ILSVRC2012_val_00010115.JPEG reached epsilon at step 186, loss sum: 147.2690, final loss: 0.00099659, weight distance: 0.0111
2025-09-23 02:11:18,048 - INFO - Example /home/projects/bagon/shared/imagenet512/val/n04118538/ILSVRC2012_val_00024490.JPEG reached epsilon at step 194, loss sum: 115.8614, final loss: 0.00099850, weight distance: 0.0102
2025-09-23 02:11:36,201 - INFO - Example /home/projects/bagon/shared/imagenet512/val/n02356798/ILSVRC2012_val_00009581.JPEG reached epsilon at step 204, loss sum: 119.9203, final loss: 0.00099850, weight distance: 0.0105
2025-09-23 02:11:53,450 - INFO - Example /home/projects/bagon/shared/imagenet512/val/n02108422/ILSVRC2012_val_00017112.JPEG reached epsilon at step 191, loss sum: 39.9286, final loss: 0.00099373, weight distance: 0.0102
2025-09-23 02:12:15,381 - INFO - Example /home/projects/bagon/shared/imagenet512/val/n03180011/ILSVRC2012_val_00043943.JPEG reached epsilon at step 253, loss sum: 43.8489, final loss: 0.00099468, weight distance: 0.0154
2025-09-23 02:12:35,015 - INFO - Example /home/projects/bagon/shared/imagenet512/val/n01514668/ILSVRC2012_val_00009663.JPEG reached epsilon at step 223, loss sum: 0.7785, final loss: 0.00099087, weight distance: 0.0103
2025-09-23 02:12:49,144 - INFO - Example /home/projects/bagon/shared/imagenet512/val/n03492542/ILSVRC2012_val_00016772.JPEG reached epsilon at step 144, loss sum: 51.7077, final loss: 0.00098228, weight distance: 0.0105
2025-09-23 02:13:03,351 - INFO - Example /home/projects/bagon/shared/imagenet512/val/n04596742/ILSVRC2012_val_00044786.JPEG reached epsilon at step 153, loss sum: 14.0759, final loss: 0.00099468, weight distance: 0.0091
2025-09-23 02:13:16,905 - INFO - Example /home/projects/bagon/shared/imagenet512/val/n02909870/ILSVRC2012_val_00048205.JPEG reached epsilon at step 141, loss sum: 45.1989, final loss: 0.00098991, weight distance: 0.0083
2025-09-23 02:13:30,091 - INFO - Example /home/projects/bagon/shared/imagenet512/val/n04116512/ILSVRC2012_val_00047818.JPEG reached epsilon at step 138, loss sum: 69.1073, final loss: 0.00097561, weight distance: 0.0093
2025-09-23 02:13:46,930 - INFO - Example /home/projects/bagon/shared/imagenet512/val/n03602883/ILSVRC2012_val_00003233.JPEG reached epsilon at step 187, loss sum: 8.2791, final loss: 0.00098515, weight distance: 0.0111
2025-09-23 02:13:58,861 - INFO - Example /home/projects/bagon/shared/imagenet512/val/n03481172/ILSVRC2012_val_00017376.JPEG reached epsilon at step 97, loss sum: 0.5623, final loss: 0.00099182, weight distance: 0.0067
2025-09-23 02:14:11,590 - INFO - Example /home/projects/bagon/shared/imagenet512/val/n09468604/ILSVRC2012_val_00039403.JPEG reached epsilon at step 130, loss sum: 5.2725, final loss: 0.00099373, weight distance: 0.0078
2025-09-23 02:14:36,033 - INFO - Example /home/projects/bagon/shared/imagenet512/val/n01873310/ILSVRC2012_val_00012431.JPEG reached epsilon at step 285, loss sum: 39.7538, final loss: 0.00099659, weight distance: 0.0118
2025-09-23 02:14:48,337 - INFO - Example /home/projects/bagon/shared/imagenet512/val/n02791124/ILSVRC2012_val_00026896.JPEG reached epsilon at step 126, loss sum: 18.9582, final loss: 0.00098991, weight distance: 0.0093
2025-09-23 02:15:01,692 - INFO - Example /home/projects/bagon/shared/imagenet512/val/n04462240/ILSVRC2012_val_00045259.JPEG reached epsilon at step 141, loss sum: 21.3327, final loss: 0.00099945, weight distance: 0.0081
2025-09-23 02:15:19,329 - INFO - Example /home/projects/bagon/shared/imagenet512/val/n04335435/ILSVRC2012_val_00031714.JPEG reached epsilon at step 197, loss sum: 95.7997, final loss: 0.00099754, weight distance: 0.0112
2025-09-23 02:15:36,261 - INFO - Example /home/projects/bagon/shared/imagenet512/val/n03041632/ILSVRC2012_val_00011081.JPEG reached epsilon at step 187, loss sum: 247.0405, final loss: 0.00098991, weight distance: 0.0105
2025-09-23 02:15:58,314 - INFO - Example /home/projects/bagon/shared/imagenet512/val/n03110669/ILSVRC2012_val_00025733.JPEG reached epsilon at step 248, loss sum: 70.5376, final loss: 0.00099373, weight distance: 0.0117
2025-09-23 02:16:11,081 - INFO - Example /home/projects/bagon/shared/imagenet512/val/n04423845/ILSVRC2012_val_00039405.JPEG reached epsilon at step 134, loss sum: 110.0446, final loss: 0.00099945, weight distance: 0.0100
2025-09-23 02:16:24,156 - INFO - Example /home/projects/bagon/shared/imagenet512/val/n04259630/ILSVRC2012_val_00011542.JPEG reached epsilon at step 128, loss sum: 66.4141, final loss: 0.00099564, weight distance: 0.0080
2025-09-23 02:16:35,120 - INFO - Example /home/projects/bagon/shared/imagenet512/val/n02088466/ILSVRC2012_val_00029326.JPEG reached epsilon at step 112, loss sum: 22.0800, final loss: 0.00099468, weight distance: 0.0073
2025-09-23 02:16:49,137 - INFO - Example /home/projects/bagon/shared/imagenet512/val/n04041544/ILSVRC2012_val_00012770.JPEG reached epsilon at step 149, loss sum: 202.4452, final loss: 0.00098991, weight distance: 0.0113
2025-09-23 02:17:17,931 - INFO - Example /home/projects/bagon/shared/imagenet512/val/n02422699/ILSVRC2012_val_00034071.JPEG reached epsilon at step 341, loss sum: 7.0952, final loss: 0.00099754, weight distance: 0.0143
2025-09-23 02:17:42,710 - INFO - Example /home/projects/bagon/shared/imagenet512/val/n02804414/ILSVRC2012_val_00047081.JPEG reached epsilon at step 289, loss sum: 131.5204, final loss: 0.00099945, weight distance: 0.0122
2025-09-23 02:17:54,046 - INFO - Example /home/projects/bagon/shared/imagenet512/val/n07717556/ILSVRC2012_val_00012599.JPEG reached epsilon at step 113, loss sum: 8.3112, final loss: 0.00099945, weight distance: 0.0066
2025-09-23 02:18:16,330 - INFO - Example /home/projects/bagon/shared/imagenet512/val/n02108915/ILSVRC2012_val_00008194.JPEG reached epsilon at step 257, loss sum: 55.2610, final loss: 0.00098896, weight distance: 0.0129
2025-09-23 02:18:34,219 - INFO - Example /home/projects/bagon/shared/imagenet512/val/n03498962/ILSVRC2012_val_00020887.JPEG reached epsilon at step 196, loss sum: 11.8563, final loss: 0.00099850, weight distance: 0.0095
2025-09-23 02:18:52,423 - INFO - Example /home/projects/bagon/shared/imagenet512/val/n04467665/ILSVRC2012_val_00049660.JPEG reached epsilon at step 185, loss sum: 51.6771, final loss: 0.00099850, weight distance: 0.0099
2025-09-23 02:19:06,378 - INFO - Example /home/projects/bagon/shared/imagenet512/val/n04265275/ILSVRC2012_val_00045168.JPEG reached epsilon at step 137, loss sum: 91.1007, final loss: 0.00099564, weight distance: 0.0091
2025-09-23 02:19:14,625 - INFO - Example /home/projects/bagon/shared/imagenet512/val/n03899768/ILSVRC2012_val_00023562.JPEG reached epsilon at step 75, loss sum: 11.1735, final loss: 0.00096607, weight distance: 0.0063
2025-09-23 02:19:32,396 - INFO - Example /home/projects/bagon/shared/imagenet512/val/n02119022/ILSVRC2012_val_00009066.JPEG reached epsilon at step 199, loss sum: 21.8312, final loss: 0.00099850, weight distance: 0.0098
2025-09-23 02:19:38,396 - INFO - Example /home/projects/bagon/shared/imagenet512/val/n04443257/ILSVRC2012_val_00022107.JPEG reached epsilon at step 46, loss sum: 1.3446, final loss: 0.00098610, weight distance: 0.0039
2025-09-23 02:19:56,065 - INFO - Example /home/projects/bagon/shared/imagenet512/val/n03100240/ILSVRC2012_val_00015289.JPEG reached epsilon at step 197, loss sum: 18.0664, final loss: 0.00099087, weight distance: 0.0090
2025-09-23 02:20:06,194 - INFO - Example /home/projects/bagon/shared/imagenet512/val/n03781244/ILSVRC2012_val_00003613.JPEG reached epsilon at step 99, loss sum: 17.3000, final loss: 0.00098324, weight distance: 0.0063
2025-09-23 02:20:19,198 - INFO - Example /home/projects/bagon/shared/imagenet512/val/n04254120/ILSVRC2012_val_00044604.JPEG reached epsilon at step 136, loss sum: 52.9444, final loss: 0.00098133, weight distance: 0.0075
2025-09-23 02:20:42,022 - INFO - Example /home/projects/bagon/shared/imagenet512/val/n04392985/ILSVRC2012_val_00022460.JPEG reached epsilon at step 264, loss sum: 40.8903, final loss: 0.00099564, weight distance: 0.0157
2025-09-23 02:20:57,406 - INFO - Example /home/projects/bagon/shared/imagenet512/val/n02110185/ILSVRC2012_val_00024432.JPEG reached epsilon at step 168, loss sum: 22.9425, final loss: 0.00099659, weight distance: 0.0130
2025-09-23 02:21:16,640 - INFO - Example /home/projects/bagon/shared/imagenet512/val/n07932039/ILSVRC2012_val_00023089.JPEG reached epsilon at step 217, loss sum: 73.1168, final loss: 0.00099945, weight distance: 0.0110
2025-09-23 02:21:36,082 - INFO - Example /home/projects/bagon/shared/imagenet512/val/n03924679/ILSVRC2012_val_00026874.JPEG reached epsilon at step 215, loss sum: 65.0830, final loss: 0.00099945, weight distance: 0.0104
2025-09-23 02:21:57,033 - INFO - Example /home/projects/bagon/shared/imagenet512/val/n04479046/ILSVRC2012_val_00021687.JPEG reached epsilon at step 219, loss sum: 28.3804, final loss: 0.00099850, weight distance: 0.0108
2025-09-23 02:22:14,030 - INFO - Example /home/projects/bagon/shared/imagenet512/val/n04116512/ILSVRC2012_val_00018576.JPEG reached epsilon at step 137, loss sum: 45.4502, final loss: 0.00098991, weight distance: 0.0102
2025-09-23 02:22:30,391 - INFO - Example /home/projects/bagon/shared/imagenet512/val/n04296562/ILSVRC2012_val_00049294.JPEG reached epsilon at step 127, loss sum: 50.2152, final loss: 0.00098991, weight distance: 0.0095
2025-09-23 02:22:45,925 - INFO - Example /home/projects/bagon/shared/imagenet512/val/n04435653/ILSVRC2012_val_00022517.JPEG reached epsilon at step 171, loss sum: 13.5204, final loss: 0.00099754, weight distance: 0.0085
2025-09-23 02:23:08,302 - INFO - Example /home/projects/bagon/shared/imagenet512/val/n03709823/ILSVRC2012_val_00023727.JPEG reached epsilon at step 146, loss sum: 15.3377, final loss: 0.00099564, weight distance: 0.0087
2025-09-23 02:23:38,264 - INFO - Example /home/projects/bagon/shared/imagenet512/val/n01873310/ILSVRC2012_val_00023078.JPEG reached epsilon at step 311, loss sum: 223.8499, final loss: 0.00099945, weight distance: 0.0102
2025-09-23 02:24:04,396 - INFO - Example /home/projects/bagon/shared/imagenet512/val/n03977966/ILSVRC2012_val_00042710.JPEG reached epsilon at step 310, loss sum: 9.0189, final loss: 0.00099564, weight distance: 0.0133
2025-09-23 02:24:18,920 - INFO - Example /home/projects/bagon/shared/imagenet512/val/n04493381/ILSVRC2012_val_00033197.JPEG reached epsilon at step 155, loss sum: 40.6420, final loss: 0.00098324, weight distance: 0.0117
2025-09-23 02:24:51,790 - INFO - Example /home/projects/bagon/shared/imagenet512/val/n03838899/ILSVRC2012_val_00019959.JPEG reached epsilon at step 398, loss sum: 152.4675, final loss: 0.00099945, weight distance: 0.0173
2025-09-23 02:25:05,026 - INFO - Example /home/projects/bagon/shared/imagenet512/val/n03761084/ILSVRC2012_val_00039006.JPEG reached epsilon at step 119, loss sum: 4.3753, final loss: 0.00099373, weight distance: 0.0080
2025-09-23 02:25:39,920 - INFO - Example /home/projects/bagon/shared/imagenet512/val/n01770081/ILSVRC2012_val_00014971.JPEG reached epsilon at step 419, loss sum: 22.0083, final loss: 0.00099850, weight distance: 0.0136
2025-09-23 02:25:52,873 - INFO - Example /home/projects/bagon/shared/imagenet512/val/n04456115/ILSVRC2012_val_00023644.JPEG reached epsilon at step 135, loss sum: 1.6935, final loss: 0.00099182, weight distance: 0.0076
2025-09-23 02:26:16,501 - INFO - Example /home/projects/bagon/shared/imagenet512/val/n02138441/ILSVRC2012_val_00006356.JPEG reached epsilon at step 255, loss sum: 104.2413, final loss: 0.00099945, weight distance: 0.0107
2025-09-23 02:26:27,952 - INFO - Example /home/projects/bagon/shared/imagenet512/val/n04004767/ILSVRC2012_val_00024469.JPEG reached epsilon at step 111, loss sum: 53.4432, final loss: 0.00099087, weight distance: 0.0074
2025-09-23 02:26:39,864 - INFO - Example /home/projects/bagon/shared/imagenet512/val/n04023962/ILSVRC2012_val_00043545.JPEG reached epsilon at step 119, loss sum: 76.6677, final loss: 0.00099564, weight distance: 0.0069
2025-09-23 02:26:55,669 - INFO - Example /home/projects/bagon/shared/imagenet512/val/n03697007/ILSVRC2012_val_00030128.JPEG reached epsilon at step 173, loss sum: 54.2608, final loss: 0.00099564, weight distance: 0.0095
2025-09-23 02:27:09,677 - INFO - Example /home/projects/bagon/shared/imagenet512/val/n03729826/ILSVRC2012_val_00045050.JPEG reached epsilon at step 149, loss sum: 49.1128, final loss: 0.00099468, weight distance: 0.0091
2025-09-23 02:27:22,584 - INFO - Example /home/projects/bagon/shared/imagenet512/val/n04239074/ILSVRC2012_val_00021286.JPEG reached epsilon at step 135, loss sum: 20.0204, final loss: 0.00099754, weight distance: 0.0078
2025-09-23 02:27:36,650 - INFO - Example /home/projects/bagon/shared/imagenet512/val/n03759954/ILSVRC2012_val_00048612.JPEG reached epsilon at step 147, loss sum: 153.0258, final loss: 0.00099468, weight distance: 0.0096
2025-09-23 02:27:48,308 - INFO - Example /home/projects/bagon/shared/imagenet512/val/n03866082/ILSVRC2012_val_00033995.JPEG reached epsilon at step 118, loss sum: 30.5514, final loss: 0.00099468, weight distance: 0.0074
2025-09-23 02:27:58,538 - INFO - Example /home/projects/bagon/shared/imagenet512/val/n02091635/ILSVRC2012_val_00004684.JPEG reached epsilon at step 100, loss sum: 2.0271, final loss: 0.00098515, weight distance: 0.0059
2025-09-23 02:28:24,041 - INFO - Example /home/projects/bagon/shared/imagenet512/val/n01855672/ILSVRC2012_val_00043968.JPEG reached epsilon at step 293, loss sum: 73.7386, final loss: 0.00099850, weight distance: 0.0139
2025-09-23 02:28:46,142 - INFO - Example /home/projects/bagon/shared/imagenet512/val/n02979186/ILSVRC2012_val_00042982.JPEG reached epsilon at step 255, loss sum: 48.2344, final loss: 0.00099373, weight distance: 0.0168
2025-09-23 02:29:01,649 - INFO - Example /home/projects/bagon/shared/imagenet512/val/n03877472/ILSVRC2012_val_00041854.JPEG reached epsilon at step 166, loss sum: 8.7834, final loss: 0.00099850, weight distance: 0.0086
2025-09-23 02:29:14,019 - INFO - Example /home/projects/bagon/shared/imagenet512/val/n02443114/ILSVRC2012_val_00006826.JPEG reached epsilon at step 128, loss sum: 54.4360, final loss: 0.00099945, weight distance: 0.0091
2025-09-23 02:29:26,165 - INFO - Example /home/projects/bagon/shared/imagenet512/val/n04332243/ILSVRC2012_val_00048376.JPEG reached epsilon at step 127, loss sum: 176.4142, final loss: 0.00099182, weight distance: 0.0087
2025-09-23 02:29:45,222 - INFO - Example /home/projects/bagon/shared/imagenet512/val/n04127249/ILSVRC2012_val_00023860.JPEG reached epsilon at step 214, loss sum: 191.1822, final loss: 0.00099087, weight distance: 0.0118
2025-09-23 02:29:58,190 - INFO - Example /home/projects/bagon/shared/imagenet512/val/n03724870/ILSVRC2012_val_00030570.JPEG reached epsilon at step 137, loss sum: 5.6827, final loss: 0.00098896, weight distance: 0.0089
2025-09-23 02:30:15,095 - INFO - Example /home/projects/bagon/shared/imagenet512/val/n03742115/ILSVRC2012_val_00006806.JPEG reached epsilon at step 172, loss sum: 18.4897, final loss: 0.00099754, weight distance: 0.0095
2025-09-23 02:30:29,062 - INFO - Example /home/projects/bagon/shared/imagenet512/val/n02442845/ILSVRC2012_val_00031891.JPEG reached epsilon at step 150, loss sum: 38.6243, final loss: 0.00099659, weight distance: 0.0094
2025-09-23 02:30:55,364 - INFO - Example /home/projects/bagon/shared/imagenet512/val/n04392985/ILSVRC2012_val_00045645.JPEG reached epsilon at step 306, loss sum: 59.7639, final loss: 0.00099945, weight distance: 0.0175
2025-09-23 02:31:12,296 - INFO - Example /home/projects/bagon/shared/imagenet512/val/n02091244/ILSVRC2012_val_00000022.JPEG reached epsilon at step 189, loss sum: 81.5956, final loss: 0.00098705, weight distance: 0.0111
2025-09-23 02:31:41,583 - INFO - Example /home/projects/bagon/shared/imagenet512/val/n01756291/ILSVRC2012_val_00021873.JPEG reached epsilon at step 349, loss sum: 18.1152, final loss: 0.00099754, weight distance: 0.0155
2025-09-23 02:32:08,373 - INFO - Example /home/projects/bagon/shared/imagenet512/val/n03291819/ILSVRC2012_val_00000419.JPEG reached epsilon at step 316, loss sum: 100.7818, final loss: 0.00099277, weight distance: 0.0126
2025-09-23 02:32:41,317 - INFO - Example /home/projects/bagon/shared/imagenet512/val/n04461696/ILSVRC2012_val_00045225.JPEG reached epsilon at step 397, loss sum: 30.5491, final loss: 0.00099850, weight distance: 0.0167
2025-09-23 02:32:55,029 - INFO - Example /home/projects/bagon/shared/imagenet512/val/n03929660/ILSVRC2012_val_00004035.JPEG reached epsilon at step 146, loss sum: 121.7724, final loss: 0.00099754, weight distance: 0.0109
2025-09-23 02:33:12,761 - INFO - Example /home/projects/bagon/shared/imagenet512/val/n02769748/ILSVRC2012_val_00008482.JPEG reached epsilon at step 198, loss sum: 317.0968, final loss: 0.00099850, weight distance: 0.0135
2025-09-23 02:33:29,567 - INFO - Example /home/projects/bagon/shared/imagenet512/val/n01644900/ILSVRC2012_val_00033769.JPEG reached epsilon at step 186, loss sum: 63.7249, final loss: 0.00099659, weight distance: 0.0100
2025-09-23 02:33:49,461 - INFO - Example /home/projects/bagon/shared/imagenet512/val/n02233338/ILSVRC2012_val_00010774.JPEG reached epsilon at step 222, loss sum: 385.8679, final loss: 0.00099754, weight distance: 0.0115
2025-09-23 02:34:12,551 - INFO - Example /home/projects/bagon/shared/imagenet512/val/n01855672/ILSVRC2012_val_00016580.JPEG reached epsilon at step 264, loss sum: 93.9280, final loss: 0.00099945, weight distance: 0.0126
2025-09-23 02:34:28,764 - INFO - Example /home/projects/bagon/shared/imagenet512/val/n09193705/ILSVRC2012_val_00030499.JPEG reached epsilon at step 178, loss sum: 10.9575, final loss: 0.00099850, weight distance: 0.0107
2025-09-23 02:34:45,508 - INFO - Example /home/projects/bagon/shared/imagenet512/val/n02966687/ILSVRC2012_val_00040057.JPEG reached epsilon at step 173, loss sum: 52.4061, final loss: 0.00098896, weight distance: 0.0103
2025-09-23 02:34:58,877 - INFO - Example /home/projects/bagon/shared/imagenet512/val/n04590129/ILSVRC2012_val_00029620.JPEG reached epsilon at step 140, loss sum: 104.3172, final loss: 0.00098896, weight distance: 0.0080
2025-09-23 02:35:09,202 - INFO - Example /home/projects/bagon/shared/imagenet512/val/n03220513/ILSVRC2012_val_00006359.JPEG reached epsilon at step 99, loss sum: 10.6771, final loss: 0.00099277, weight distance: 0.0061
2025-09-23 02:35:26,622 - INFO - Example /home/projects/bagon/shared/imagenet512/val/n03400231/ILSVRC2012_val_00016201.JPEG reached epsilon at step 181, loss sum: 47.7317, final loss: 0.00099754, weight distance: 0.0090
2025-09-23 02:35:40,470 - INFO - Example /home/projects/bagon/shared/imagenet512/val/n03345487/ILSVRC2012_val_00048156.JPEG reached epsilon at step 146, loss sum: 0.8050, final loss: 0.00099945, weight distance: 0.0083
2025-09-23 02:35:52,558 - INFO - Example /home/projects/bagon/shared/imagenet512/val/n07693725/ILSVRC2012_val_00009646.JPEG reached epsilon at step 122, loss sum: 36.2255, final loss: 0.00099468, weight distance: 0.0069
2025-09-23 02:36:22,296 - INFO - Example /home/projects/bagon/shared/imagenet512/val/n02834397/ILSVRC2012_val_00008780.JPEG reached epsilon at step 335, loss sum: 218.2240, final loss: 0.00098991, weight distance: 0.0188
2025-09-23 02:36:30,699 - INFO - Example /home/projects/bagon/shared/imagenet512/val/n03658185/ILSVRC2012_val_00022870.JPEG reached epsilon at step 73, loss sum: 37.0224, final loss: 0.00099850, weight distance: 0.0058
2025-09-23 02:36:44,663 - INFO - Example /home/projects/bagon/shared/imagenet512/val/n02808440/ILSVRC2012_val_00002563.JPEG reached epsilon at step 147, loss sum: 30.7509, final loss: 0.00099850, weight distance: 0.0116
2025-09-23 02:37:03,701 - INFO - Example /home/projects/bagon/shared/imagenet512/val/n09193705/ILSVRC2012_val_00025916.JPEG reached epsilon at step 215, loss sum: 66.6262, final loss: 0.00099945, weight distance: 0.0123
2025-09-23 02:37:27,874 - INFO - Example /home/projects/bagon/shared/imagenet512/val/n01984695/ILSVRC2012_val_00032851.JPEG reached epsilon at step 282, loss sum: 29.7908, final loss: 0.00099564, weight distance: 0.0118
2025-09-23 02:37:39,510 - INFO - Example /home/projects/bagon/shared/imagenet512/val/n02825657/ILSVRC2012_val_00012767.JPEG reached epsilon at step 115, loss sum: 46.3501, final loss: 0.00098705, weight distance: 0.0074
2025-09-23 02:37:52,688 - INFO - Example /home/projects/bagon/shared/imagenet512/val/n04355933/ILSVRC2012_val_00047580.JPEG reached epsilon at step 137, loss sum: 81.7017, final loss: 0.00098228, weight distance: 0.0109
2025-09-23 02:38:10,698 - INFO - Example /home/projects/bagon/shared/imagenet512/val/n03388183/ILSVRC2012_val_00048616.JPEG reached epsilon at step 190, loss sum: 42.7661, final loss: 0.00099277, weight distance: 0.0096
2025-09-23 02:38:20,833 - INFO - Example /home/projects/bagon/shared/imagenet512/val/n03691459/ILSVRC2012_val_00037867.JPEG reached epsilon at step 96, loss sum: 24.2750, final loss: 0.00099373, weight distance: 0.0070
2025-09-23 02:38:35,783 - INFO - Example /home/projects/bagon/shared/imagenet512/val/n07614500/ILSVRC2012_val_00038820.JPEG reached epsilon at step 162, loss sum: 10.1540, final loss: 0.00099850, weight distance: 0.0083
2025-09-23 02:38:38,120 - INFO - Time limit reached. Exiting before starting next example.
