2025-09-23 00:49:52,270 - INFO - Parsed arguments:
2025-09-23 00:49:52,270 - INFO -   amp_dtype = None
2025-09-23 00:49:52,270 - INFO -   bars_npy = /home/projects/bagon/andreyg/Projects/BMM_school/Universal_learning/Programming/bars/geq6wrong_21017_geq6correct_1525_imagenet.npy
2025-09-23 00:49:52,270 - INFO -   cka_layer_fraction = 0.05
2025-09-23 00:49:52,270 - INFO -   current_worker = 0
2025-09-23 00:49:52,270 - INFO -   deterministic = True
2025-09-23 00:49:52,270 - INFO -   device = cuda
2025-09-23 00:49:52,270 - INFO -   epsilon = 0.001
2025-09-23 00:49:52,270 - INFO -   examples_csv = /home/projects/bagon/andreyg/Projects/BMM_school/Universal_learning/Programming/bars/geq6wrong_21017_geq6correct_1525_imagenet_examples_ammended.csv
2025-09-23 00:49:52,270 - INFO -   explicit_examples_for_training = None
2025-09-23 00:49:52,270 - INFO -   grad_clip_norm = 1.0
2025-09-23 00:49:52,270 - INFO -   hierarchy_json = /home/projects/bagon/andreyg/Projects/BMM_school/Universal_learning/Programming/bars/imagenet_synset_hierarchy.json
2025-09-23 00:49:52,270 - INFO -   imagenet_models_csv = /home/projects/bagon/andreyg/Projects/BMM_school/Universal_learning/Programming/bars/imagenet_models.csv
2025-09-23 00:49:52,271 - INFO -   lr = 0.0001
2025-09-23 00:49:52,271 - INFO -   max_examples = 50000
2025-09-23 00:49:52,271 - INFO -   max_steps_per_example = 10000
2025-09-23 00:49:52,271 - INFO -   model_csv_name = efficientvit_base_2_224_classification_imagenet_1k
2025-09-23 00:49:52,271 - INFO -   model_name = efficientvit_b2.r224_in1k
2025-09-23 00:49:52,271 - INFO -   no_amp = False
2025-09-23 00:49:52,271 - INFO -   num_workers = 8
2025-09-23 00:49:52,271 - INFO -   output_dir = /home/projects/bagon/andreyg/Projects/BMM_school/Universal_learning/Programming/training_gradient_evaluator_single_loss_parallel/output_parallel_8_workers_trial_2
2025-09-23 00:49:52,271 - INFO -   root_dir = None
2025-09-23 00:49:52,271 - INFO -   seed = 1337
2025-09-23 00:49:52,271 - INFO -   time_limit_seconds = 6300
2025-09-23 00:49:52,271 - INFO -   weight_decay = 0.0
2025-09-23 00:49:52,271 - INFO -   zero_aug_train = False
2025-09-23 00:49:53,589 - INFO - Loaded TIMM pretrained weights for efficientvit_b2.r224_in1k
2025-09-23 00:49:53,590 - INFO - pretrained_cfg.url= hf_hub_id=timm/efficientvit_b2.r224_in1k
2025-09-23 00:49:53,905 - INFO - Training configuration:
2025-09-23 00:49:53,906 - INFO -   lr = 0.0001
2025-09-23 00:49:53,906 - INFO -   weight_decay = 0.0
2025-09-23 00:49:53,906 - INFO -   max_steps = 10000
2025-09-23 00:49:53,906 - INFO -   epsilon = 0.001
2025-09-23 00:49:53,906 - INFO -   device = cuda
2025-09-23 00:49:53,906 - INFO -   use_amp = True
2025-09-23 00:49:53,906 - INFO -   amp_dtype = None
2025-09-23 00:49:53,906 - INFO -   gradient_clip_norm = 1.0
2025-09-23 00:49:56,355 - INFO - CKA layer subset: selecting 8/151 layers (~5%)
2025-09-23 00:50:10,790 - INFO - Example /home/projects/bagon/shared/imagenet512/val/n04037443/ILSVRC2012_val_00049700.JPEG reached epsilon at step 115, loss sum: 7.9056, final loss: 0.00099945, weight distance: 0.0079
2025-09-23 00:50:45,194 - INFO - Example /home/projects/bagon/shared/imagenet512/val/n03272562/ILSVRC2012_val_00043187.JPEG reached epsilon at step 251, loss sum: 4.9511, final loss: 0.00099945, weight distance: 0.0109
2025-09-23 00:51:00,256 - INFO - Example /home/projects/bagon/shared/imagenet512/val/n02087394/ILSVRC2012_val_00005054.JPEG reached epsilon at step 119, loss sum: 26.1066, final loss: 0.00099182, weight distance: 0.0075
2025-09-23 00:51:17,871 - INFO - Example /home/projects/bagon/shared/imagenet512/val/n13037406/ILSVRC2012_val_00043934.JPEG reached epsilon at step 194, loss sum: 5.1374, final loss: 0.00099850, weight distance: 0.0088
2025-09-23 00:51:40,755 - INFO - Example /home/projects/bagon/shared/imagenet512/val/n02123045/ILSVRC2012_val_00012975.JPEG reached epsilon at step 279, loss sum: 21.0399, final loss: 0.00099945, weight distance: 0.0112
2025-09-23 00:51:50,270 - INFO - Example /home/projects/bagon/shared/imagenet512/val/n02111500/ILSVRC2012_val_00048125.JPEG reached epsilon at step 78, loss sum: 2.2554, final loss: 0.00098705, weight distance: 0.0062
2025-09-23 00:52:03,718 - INFO - Example /home/projects/bagon/shared/imagenet512/val/n03785016/ILSVRC2012_val_00049634.JPEG reached epsilon at step 144, loss sum: 46.5369, final loss: 0.00099373, weight distance: 0.0091
2025-09-23 00:52:29,459 - INFO - Example /home/projects/bagon/shared/imagenet512/val/n02607072/ILSVRC2012_val_00015024.JPEG reached epsilon at step 275, loss sum: 8.3862, final loss: 0.00099468, weight distance: 0.0128
2025-09-23 00:52:40,757 - INFO - Example /home/projects/bagon/shared/imagenet512/val/n03188531/ILSVRC2012_val_00014742.JPEG reached epsilon at step 95, loss sum: 14.7919, final loss: 0.00098896, weight distance: 0.0065
2025-09-23 00:53:08,373 - INFO - Example /home/projects/bagon/shared/imagenet512/val/n12620546/ILSVRC2012_val_00040304.JPEG reached epsilon at step 339, loss sum: 9.0750, final loss: 0.00099850, weight distance: 0.0120
2025-09-23 00:53:15,780 - INFO - Example /home/projects/bagon/shared/imagenet512/val/n03843555/ILSVRC2012_val_00032407.JPEG reached epsilon at step 68, loss sum: 10.7176, final loss: 0.00098515, weight distance: 0.0050
2025-09-23 00:53:40,501 - INFO - Example /home/projects/bagon/shared/imagenet512/val/n07802026/ILSVRC2012_val_00003019.JPEG reached epsilon at step 177, loss sum: 3.2941, final loss: 0.00099564, weight distance: 0.0086
2025-09-23 00:53:56,120 - INFO - Example /home/projects/bagon/shared/imagenet512/val/n03447721/ILSVRC2012_val_00007286.JPEG reached epsilon at step 173, loss sum: 7.2714, final loss: 0.00099373, weight distance: 0.0102
2025-09-23 00:54:10,393 - INFO - Example /home/projects/bagon/shared/imagenet512/val/n04133789/ILSVRC2012_val_00002426.JPEG reached epsilon at step 162, loss sum: 5.7699, final loss: 0.00099659, weight distance: 0.0094
2025-09-23 00:54:18,683 - INFO - Example /home/projects/bagon/shared/imagenet512/val/n04041544/ILSVRC2012_val_00034715.JPEG reached epsilon at step 64, loss sum: 8.2583, final loss: 0.00097466, weight distance: 0.0054
2025-09-23 00:54:32,340 - INFO - Example /home/projects/bagon/shared/imagenet512/val/n03733281/ILSVRC2012_val_00011827.JPEG reached epsilon at step 138, loss sum: 3.7147, final loss: 0.00099373, weight distance: 0.0077
2025-09-23 00:54:47,974 - INFO - Example /home/projects/bagon/shared/imagenet512/val/n03983396/ILSVRC2012_val_00023580.JPEG reached epsilon at step 182, loss sum: 72.4903, final loss: 0.00099564, weight distance: 0.0106
2025-09-23 00:54:57,508 - INFO - Example /home/projects/bagon/shared/imagenet512/val/n09332890/ILSVRC2012_val_00047618.JPEG reached epsilon at step 95, loss sum: 6.9211, final loss: 0.00098801, weight distance: 0.0075
2025-09-23 00:55:10,569 - INFO - Example /home/projects/bagon/shared/imagenet512/val/n03376595/ILSVRC2012_val_00043253.JPEG reached epsilon at step 143, loss sum: 0.9980, final loss: 0.00099087, weight distance: 0.0078
2025-09-23 00:55:39,491 - INFO - Example /home/projects/bagon/shared/imagenet512/val/n02397096/ILSVRC2012_val_00046916.JPEG reached epsilon at step 335, loss sum: 1.9549, final loss: 0.00098896, weight distance: 0.0116
2025-09-23 00:55:48,386 - INFO - Example /home/projects/bagon/shared/imagenet512/val/n02840245/ILSVRC2012_val_00041262.JPEG reached epsilon at step 78, loss sum: 6.8411, final loss: 0.00099754, weight distance: 0.0055
2025-09-23 00:56:11,704 - INFO - Example /home/projects/bagon/shared/imagenet512/val/n01980166/ILSVRC2012_val_00038232.JPEG reached epsilon at step 246, loss sum: 10.4342, final loss: 0.00099754, weight distance: 0.0113
2025-09-23 00:56:31,048 - INFO - Example /home/projects/bagon/shared/imagenet512/val/n04501370/ILSVRC2012_val_00024489.JPEG reached epsilon at step 151, loss sum: 96.1697, final loss: 0.00099277, weight distance: 0.0074
2025-09-23 00:56:59,819 - INFO - Example /home/projects/bagon/shared/imagenet512/val/n02690373/ILSVRC2012_val_00023316.JPEG reached epsilon at step 364, loss sum: 202.1902, final loss: 0.00099087, weight distance: 0.0132
2025-09-23 00:57:15,747 - INFO - Example /home/projects/bagon/shared/imagenet512/val/n01819313/ILSVRC2012_val_00049682.JPEG reached epsilon at step 185, loss sum: 7.2608, final loss: 0.00099945, weight distance: 0.0086
2025-09-23 00:57:29,033 - INFO - Example /home/projects/bagon/shared/imagenet512/val/n02112018/ILSVRC2012_val_00039662.JPEG reached epsilon at step 149, loss sum: 5.8823, final loss: 0.00099754, weight distance: 0.0082
2025-09-23 00:57:50,884 - INFO - Example /home/projects/bagon/shared/imagenet512/val/n07716358/ILSVRC2012_val_00036142.JPEG reached epsilon at step 255, loss sum: 1.6147, final loss: 0.00099945, weight distance: 0.0085
2025-09-23 00:58:06,998 - INFO - Example /home/projects/bagon/shared/imagenet512/val/n02837789/ILSVRC2012_val_00009805.JPEG reached epsilon at step 190, loss sum: 15.5611, final loss: 0.00099468, weight distance: 0.0109
2025-09-23 00:58:24,330 - INFO - Example /home/projects/bagon/shared/imagenet512/val/n02777292/ILSVRC2012_val_00024511.JPEG reached epsilon at step 177, loss sum: 9.8491, final loss: 0.00099087, weight distance: 0.0090
2025-09-23 00:58:32,099 - INFO - Example /home/projects/bagon/shared/imagenet512/val/n04557648/ILSVRC2012_val_00025148.JPEG reached epsilon at step 71, loss sum: 5.5642, final loss: 0.00097132, weight distance: 0.0059
2025-09-23 00:58:41,107 - INFO - Example /home/projects/bagon/shared/imagenet512/val/n03970156/ILSVRC2012_val_00027340.JPEG reached epsilon at step 91, loss sum: 3.0698, final loss: 0.00099277, weight distance: 0.0058
2025-09-23 00:58:53,794 - INFO - Example /home/projects/bagon/shared/imagenet512/val/n02895154/ILSVRC2012_val_00020278.JPEG reached epsilon at step 93, loss sum: 10.0910, final loss: 0.00099945, weight distance: 0.0072
2025-09-23 00:59:15,399 - INFO - Example /home/projects/bagon/shared/imagenet512/val/n03388549/ILSVRC2012_val_00010124.JPEG reached epsilon at step 215, loss sum: 2.9200, final loss: 0.00099850, weight distance: 0.0090
2025-09-23 00:59:35,049 - INFO - Example /home/projects/bagon/shared/imagenet512/val/n02111500/ILSVRC2012_val_00046044.JPEG reached epsilon at step 166, loss sum: 6.2486, final loss: 0.00098515, weight distance: 0.0100
2025-09-23 01:00:00,192 - INFO - Example /home/projects/bagon/shared/imagenet512/val/n03131574/ILSVRC2012_val_00020374.JPEG reached epsilon at step 284, loss sum: 2.1798, final loss: 0.00099373, weight distance: 0.0104
2025-09-23 01:00:12,408 - INFO - Example /home/projects/bagon/shared/imagenet512/val/n04589890/ILSVRC2012_val_00027927.JPEG reached epsilon at step 136, loss sum: 3.8042, final loss: 0.00099373, weight distance: 0.0087
2025-09-23 01:00:28,042 - INFO - Example /home/projects/bagon/shared/imagenet512/val/n04040759/ILSVRC2012_val_00044162.JPEG reached epsilon at step 182, loss sum: 13.8838, final loss: 0.00099659, weight distance: 0.0113
2025-09-23 01:00:46,491 - INFO - Example /home/projects/bagon/shared/imagenet512/val/n02138441/ILSVRC2012_val_00013532.JPEG reached epsilon at step 191, loss sum: 6.1209, final loss: 0.00099564, weight distance: 0.0103
2025-09-23 01:01:12,027 - INFO - Example /home/projects/bagon/shared/imagenet512/val/n01632777/ILSVRC2012_val_00020772.JPEG reached epsilon at step 313, loss sum: 76.4572, final loss: 0.00099945, weight distance: 0.0123
2025-09-23 01:01:27,171 - INFO - Example /home/projects/bagon/shared/imagenet512/val/n02091244/ILSVRC2012_val_00039847.JPEG reached epsilon at step 175, loss sum: 79.8738, final loss: 0.00099087, weight distance: 0.0105
2025-09-23 01:01:40,358 - INFO - Example /home/projects/bagon/shared/imagenet512/val/n02788148/ILSVRC2012_val_00002801.JPEG reached epsilon at step 98, loss sum: 5.3544, final loss: 0.00099850, weight distance: 0.0062
2025-09-23 01:01:51,450 - INFO - Example /home/projects/bagon/shared/imagenet512/val/n02096294/ILSVRC2012_val_00035298.JPEG reached epsilon at step 114, loss sum: 1.4771, final loss: 0.00099659, weight distance: 0.0075
2025-09-23 01:02:08,148 - INFO - Example /home/projects/bagon/shared/imagenet512/val/n02085782/ILSVRC2012_val_00037960.JPEG reached epsilon at step 197, loss sum: 15.8998, final loss: 0.00098991, weight distance: 0.0104
2025-09-23 01:02:25,118 - INFO - Example /home/projects/bagon/shared/imagenet512/val/n03160309/ILSVRC2012_val_00014832.JPEG reached epsilon at step 201, loss sum: 140.9322, final loss: 0.00099468, weight distance: 0.0103
2025-09-23 01:03:00,507 - INFO - Example /home/projects/bagon/shared/imagenet512/val/n02483708/ILSVRC2012_val_00037156.JPEG reached epsilon at step 456, loss sum: 1.7587, final loss: 0.00099945, weight distance: 0.0111
2025-09-23 01:03:20,321 - INFO - Example /home/projects/bagon/shared/imagenet512/val/n04591713/ILSVRC2012_val_00022049.JPEG reached epsilon at step 222, loss sum: 20.5215, final loss: 0.00099945, weight distance: 0.0118
2025-09-23 01:03:34,492 - INFO - Example /home/projects/bagon/shared/imagenet512/val/n02093859/ILSVRC2012_val_00031752.JPEG reached epsilon at step 160, loss sum: 27.4216, final loss: 0.00098896, weight distance: 0.0089
2025-09-23 01:03:48,706 - INFO - Example /home/projects/bagon/shared/imagenet512/val/n03124170/ILSVRC2012_val_00038273.JPEG reached epsilon at step 159, loss sum: 9.5159, final loss: 0.00098419, weight distance: 0.0089
2025-09-23 01:04:15,285 - INFO - Example /home/projects/bagon/shared/imagenet512/val/n04399382/ILSVRC2012_val_00025815.JPEG reached epsilon at step 335, loss sum: 94.7287, final loss: 0.00099659, weight distance: 0.0114
2025-09-23 01:04:29,206 - INFO - Example /home/projects/bagon/shared/imagenet512/val/n03041632/ILSVRC2012_val_00000582.JPEG reached epsilon at step 155, loss sum: 49.4253, final loss: 0.00099373, weight distance: 0.0086
2025-09-23 01:04:49,493 - INFO - Example /home/projects/bagon/shared/imagenet512/val/n02408429/ILSVRC2012_val_00009898.JPEG reached epsilon at step 234, loss sum: 20.9748, final loss: 0.00099850, weight distance: 0.0124
2025-09-23 01:05:22,512 - INFO - Example /home/projects/bagon/shared/imagenet512/val/n01924916/ILSVRC2012_val_00041450.JPEG reached epsilon at step 409, loss sum: 11.5086, final loss: 0.00099468, weight distance: 0.0129
2025-09-23 01:05:38,335 - INFO - Example /home/projects/bagon/shared/imagenet512/val/n02096177/ILSVRC2012_val_00032177.JPEG reached epsilon at step 156, loss sum: 14.7001, final loss: 0.00099850, weight distance: 0.0089
2025-09-23 01:05:59,967 - INFO - Example /home/projects/bagon/shared/imagenet512/val/n02099601/ILSVRC2012_val_00009836.JPEG reached epsilon at step 266, loss sum: 1.8320, final loss: 0.00098991, weight distance: 0.0116
2025-09-23 01:06:19,973 - INFO - Example /home/projects/bagon/shared/imagenet512/val/n02504013/ILSVRC2012_val_00005704.JPEG reached epsilon at step 242, loss sum: 5.2492, final loss: 0.00099659, weight distance: 0.0112
2025-09-23 01:06:38,590 - INFO - Example /home/projects/bagon/shared/imagenet512/val/n04273569/ILSVRC2012_val_00022635.JPEG reached epsilon at step 223, loss sum: 4.6341, final loss: 0.00099182, weight distance: 0.0094
2025-09-23 01:07:00,353 - INFO - Example /home/projects/bagon/shared/imagenet512/val/n01532829/ILSVRC2012_val_00011056.JPEG reached epsilon at step 265, loss sum: 120.0567, final loss: 0.00099468, weight distance: 0.0111
2025-09-23 01:07:24,306 - INFO - Example /home/projects/bagon/shared/imagenet512/val/n04209239/ILSVRC2012_val_00021217.JPEG reached epsilon at step 293, loss sum: 28.7517, final loss: 0.00099659, weight distance: 0.0108
2025-09-23 01:07:40,561 - INFO - Example /home/projects/bagon/shared/imagenet512/val/n04273569/ILSVRC2012_val_00000901.JPEG reached epsilon at step 190, loss sum: 5.8394, final loss: 0.00099659, weight distance: 0.0093
2025-09-23 01:08:02,329 - INFO - Example /home/projects/bagon/shared/imagenet512/val/n03733281/ILSVRC2012_val_00032108.JPEG reached epsilon at step 201, loss sum: 24.6841, final loss: 0.00099850, weight distance: 0.0097
2025-09-23 01:08:12,206 - INFO - Example /home/projects/bagon/shared/imagenet512/val/n02097209/ILSVRC2012_val_00036919.JPEG reached epsilon at step 89, loss sum: 4.4314, final loss: 0.00099850, weight distance: 0.0060
2025-09-23 01:08:37,907 - INFO - Example /home/projects/bagon/shared/imagenet512/val/n02066245/ILSVRC2012_val_00016771.JPEG reached epsilon at step 305, loss sum: 37.9221, final loss: 0.00099754, weight distance: 0.0112
2025-09-23 01:08:48,597 - INFO - Example /home/projects/bagon/shared/imagenet512/val/n04597913/ILSVRC2012_val_00017248.JPEG reached epsilon at step 113, loss sum: 1.3516, final loss: 0.00099659, weight distance: 0.0074
2025-09-23 01:09:05,071 - INFO - Example /home/projects/bagon/shared/imagenet512/val/n02169497/ILSVRC2012_val_00020652.JPEG reached epsilon at step 196, loss sum: 6.7969, final loss: 0.00098991, weight distance: 0.0093
2025-09-23 01:09:23,594 - INFO - Example /home/projects/bagon/shared/imagenet512/val/n03930313/ILSVRC2012_val_00046441.JPEG reached epsilon at step 220, loss sum: 2.1596, final loss: 0.00099659, weight distance: 0.0121
2025-09-23 01:09:37,363 - INFO - Example /home/projects/bagon/shared/imagenet512/val/n03450230/ILSVRC2012_val_00007147.JPEG reached epsilon at step 125, loss sum: 6.5500, final loss: 0.00098896, weight distance: 0.0083
2025-09-23 01:09:51,125 - INFO - Example /home/projects/bagon/shared/imagenet512/val/n03786901/ILSVRC2012_val_00044518.JPEG reached epsilon at step 114, loss sum: 2.4993, final loss: 0.00099373, weight distance: 0.0064
2025-09-23 01:10:18,173 - INFO - Example /home/projects/bagon/shared/imagenet512/val/n02870880/ILSVRC2012_val_00016924.JPEG reached epsilon at step 233, loss sum: 7.2162, final loss: 0.00099754, weight distance: 0.0106
2025-09-23 01:10:35,086 - INFO - Example /home/projects/bagon/shared/imagenet512/val/n01601694/ILSVRC2012_val_00014673.JPEG reached epsilon at step 192, loss sum: 58.6489, final loss: 0.00099468, weight distance: 0.0088
2025-09-23 01:10:59,453 - INFO - Example /home/projects/bagon/shared/imagenet512/val/n07871810/ILSVRC2012_val_00037774.JPEG reached epsilon at step 247, loss sum: 30.6713, final loss: 0.00099850, weight distance: 0.0107
2025-09-23 01:11:15,899 - INFO - Example /home/projects/bagon/shared/imagenet512/val/n04147183/ILSVRC2012_val_00012054.JPEG reached epsilon at step 191, loss sum: 19.0642, final loss: 0.00099945, weight distance: 0.0109
2025-09-23 01:11:25,040 - INFO - Example /home/projects/bagon/shared/imagenet512/val/n03920288/ILSVRC2012_val_00002704.JPEG reached epsilon at step 83, loss sum: 0.4643, final loss: 0.00099087, weight distance: 0.0054
2025-09-23 01:11:33,835 - INFO - Example /home/projects/bagon/shared/imagenet512/val/n02988304/ILSVRC2012_val_00027863.JPEG reached epsilon at step 83, loss sum: 12.2712, final loss: 0.00097942, weight distance: 0.0067
2025-09-23 01:11:46,517 - INFO - Example /home/projects/bagon/shared/imagenet512/val/n02097209/ILSVRC2012_val_00030213.JPEG reached epsilon at step 126, loss sum: 13.6529, final loss: 0.00099754, weight distance: 0.0084
2025-09-23 01:12:07,492 - INFO - Example /home/projects/bagon/shared/imagenet512/val/n02672831/ILSVRC2012_val_00044448.JPEG reached epsilon at step 253, loss sum: 23.6538, final loss: 0.00099468, weight distance: 0.0108
2025-09-23 01:12:22,133 - INFO - Example /home/projects/bagon/shared/imagenet512/val/n02092002/ILSVRC2012_val_00036747.JPEG reached epsilon at step 162, loss sum: 9.8002, final loss: 0.00099945, weight distance: 0.0090
2025-09-23 01:12:43,259 - INFO - Example /home/projects/bagon/shared/imagenet512/val/n03874599/ILSVRC2012_val_00044257.JPEG reached epsilon at step 237, loss sum: 14.6046, final loss: 0.00099468, weight distance: 0.0107
2025-09-23 01:12:55,789 - INFO - Example /home/projects/bagon/shared/imagenet512/val/n02123159/ILSVRC2012_val_00016399.JPEG reached epsilon at step 133, loss sum: 56.2816, final loss: 0.00099850, weight distance: 0.0091
2025-09-23 01:13:06,461 - INFO - Example /home/projects/bagon/shared/imagenet512/val/n04254120/ILSVRC2012_val_00025227.JPEG reached epsilon at step 107, loss sum: 30.0316, final loss: 0.00099468, weight distance: 0.0078
2025-09-23 01:13:32,978 - INFO - Example /home/projects/bagon/shared/imagenet512/val/n02190166/ILSVRC2012_val_00030902.JPEG reached epsilon at step 314, loss sum: 24.1379, final loss: 0.00099850, weight distance: 0.0120
2025-09-23 01:13:43,700 - INFO - Example /home/projects/bagon/shared/imagenet512/val/n02099712/ILSVRC2012_val_00038361.JPEG reached epsilon at step 106, loss sum: 1.2634, final loss: 0.00099945, weight distance: 0.0072
2025-09-23 01:14:00,479 - INFO - Example /home/projects/bagon/shared/imagenet512/val/n03924679/ILSVRC2012_val_00032809.JPEG reached epsilon at step 198, loss sum: 2.8023, final loss: 0.00099659, weight distance: 0.0095
2025-09-23 01:14:26,119 - INFO - Example /home/projects/bagon/shared/imagenet512/val/n03527444/ILSVRC2012_val_00019609.JPEG reached epsilon at step 184, loss sum: 14.6623, final loss: 0.00099754, weight distance: 0.0086
2025-09-23 01:14:39,050 - INFO - Example /home/projects/bagon/shared/imagenet512/val/n03970156/ILSVRC2012_val_00024484.JPEG reached epsilon at step 145, loss sum: 93.0448, final loss: 0.00099373, weight distance: 0.0088
2025-09-23 01:14:52,271 - INFO - Example /home/projects/bagon/shared/imagenet512/val/n03729826/ILSVRC2012_val_00023453.JPEG reached epsilon at step 145, loss sum: 23.4167, final loss: 0.00099754, weight distance: 0.0077
2025-09-23 01:15:05,779 - INFO - Example /home/projects/bagon/shared/imagenet512/val/n02837789/ILSVRC2012_val_00025933.JPEG reached epsilon at step 134, loss sum: 17.6743, final loss: 0.00099087, weight distance: 0.0093
2025-09-23 01:15:18,949 - INFO - Example /home/projects/bagon/shared/imagenet512/val/n03876231/ILSVRC2012_val_00005694.JPEG reached epsilon at step 148, loss sum: 62.8755, final loss: 0.00099850, weight distance: 0.0081
2025-09-23 01:15:29,184 - INFO - Example /home/projects/bagon/shared/imagenet512/val/n04154565/ILSVRC2012_val_00041012.JPEG reached epsilon at step 107, loss sum: 14.1127, final loss: 0.00099754, weight distance: 0.0081
2025-09-23 01:15:41,215 - INFO - Example /home/projects/bagon/shared/imagenet512/val/n04040759/ILSVRC2012_val_00041590.JPEG reached epsilon at step 130, loss sum: 50.2739, final loss: 0.00098610, weight distance: 0.0069
2025-09-23 01:15:55,209 - INFO - Example /home/projects/bagon/shared/imagenet512/val/n02119789/ILSVRC2012_val_00011624.JPEG reached epsilon at step 159, loss sum: 31.6340, final loss: 0.00099373, weight distance: 0.0083
2025-09-23 01:16:24,775 - INFO - Example /home/projects/bagon/shared/imagenet512/val/n07716358/ILSVRC2012_val_00033681.JPEG reached epsilon at step 359, loss sum: 38.4972, final loss: 0.00099754, weight distance: 0.0143
2025-09-23 01:16:42,222 - INFO - Example /home/projects/bagon/shared/imagenet512/val/n04044716/ILSVRC2012_val_00003989.JPEG reached epsilon at step 206, loss sum: 3.2360, final loss: 0.00099754, weight distance: 0.0099
2025-09-23 01:16:57,681 - INFO - Example /home/projects/bagon/shared/imagenet512/val/n02112018/ILSVRC2012_val_00025886.JPEG reached epsilon at step 178, loss sum: 0.5621, final loss: 0.00099182, weight distance: 0.0083
2025-09-23 01:17:12,090 - INFO - Example /home/projects/bagon/shared/imagenet512/val/n04239074/ILSVRC2012_val_00018266.JPEG reached epsilon at step 152, loss sum: 31.7739, final loss: 0.00099945, weight distance: 0.0094
2025-09-23 01:17:25,973 - INFO - Example /home/projects/bagon/shared/imagenet512/val/n04136333/ILSVRC2012_val_00000615.JPEG reached epsilon at step 156, loss sum: 68.7783, final loss: 0.00099754, weight distance: 0.0100
2025-09-23 01:17:54,509 - INFO - Example /home/projects/bagon/shared/imagenet512/val/n01807496/ILSVRC2012_val_00035476.JPEG reached epsilon at step 361, loss sum: 33.4388, final loss: 0.00099564, weight distance: 0.0165
2025-09-23 01:18:05,521 - INFO - Example /home/projects/bagon/shared/imagenet512/val/n04127249/ILSVRC2012_val_00026816.JPEG reached epsilon at step 116, loss sum: 58.1462, final loss: 0.00099945, weight distance: 0.0074
2025-09-23 01:18:24,171 - INFO - Example /home/projects/bagon/shared/imagenet512/val/n02504013/ILSVRC2012_val_00030153.JPEG reached epsilon at step 222, loss sum: 26.9511, final loss: 0.00099754, weight distance: 0.0113
2025-09-23 01:18:39,687 - INFO - Example /home/projects/bagon/shared/imagenet512/val/n01943899/ILSVRC2012_val_00029264.JPEG reached epsilon at step 179, loss sum: 3.8818, final loss: 0.00099659, weight distance: 0.0086
2025-09-23 01:18:57,802 - INFO - Example /home/projects/bagon/shared/imagenet512/val/n02168699/ILSVRC2012_val_00015056.JPEG reached epsilon at step 213, loss sum: 18.1726, final loss: 0.00099373, weight distance: 0.0089
2025-09-23 01:19:17,918 - INFO - Example /home/projects/bagon/shared/imagenet512/val/n03594945/ILSVRC2012_val_00004439.JPEG reached epsilon at step 212, loss sum: 5.7109, final loss: 0.00099373, weight distance: 0.0109
2025-09-23 01:19:38,502 - INFO - Example /home/projects/bagon/shared/imagenet512/val/n03124043/ILSVRC2012_val_00037391.JPEG reached epsilon at step 248, loss sum: 7.4331, final loss: 0.00099373, weight distance: 0.0108
2025-09-23 01:19:46,407 - INFO - Example /home/projects/bagon/shared/imagenet512/val/n04154565/ILSVRC2012_val_00041073.JPEG reached epsilon at step 74, loss sum: 3.0181, final loss: 0.00098228, weight distance: 0.0056
2025-09-23 01:20:00,747 - INFO - Example /home/projects/bagon/shared/imagenet512/val/n07590611/ILSVRC2012_val_00030972.JPEG reached epsilon at step 151, loss sum: 27.8015, final loss: 0.00099564, weight distance: 0.0103
2025-09-23 01:20:16,316 - INFO - Example /home/projects/bagon/shared/imagenet512/val/n04399382/ILSVRC2012_val_00042735.JPEG reached epsilon at step 179, loss sum: 7.8088, final loss: 0.00099754, weight distance: 0.0095
2025-09-23 01:20:28,738 - INFO - Example /home/projects/bagon/shared/imagenet512/val/n02859443/ILSVRC2012_val_00021432.JPEG reached epsilon at step 130, loss sum: 0.4207, final loss: 0.00099850, weight distance: 0.0073
2025-09-23 01:20:57,387 - INFO - Example /home/projects/bagon/shared/imagenet512/val/n01669191/ILSVRC2012_val_00002512.JPEG reached epsilon at step 325, loss sum: 25.4215, final loss: 0.00099564, weight distance: 0.0117
2025-09-23 01:21:12,055 - INFO - Example /home/projects/bagon/shared/imagenet512/val/n02363005/ILSVRC2012_val_00014389.JPEG reached epsilon at step 127, loss sum: 1.5331, final loss: 0.00099659, weight distance: 0.0077
2025-09-23 01:21:22,495 - INFO - Example /home/projects/bagon/shared/imagenet512/val/n03920288/ILSVRC2012_val_00035043.JPEG reached epsilon at step 107, loss sum: 3.6695, final loss: 0.00099373, weight distance: 0.0063
2025-09-23 01:21:38,475 - INFO - Example /home/projects/bagon/shared/imagenet512/val/n04461696/ILSVRC2012_val_00007770.JPEG reached epsilon at step 183, loss sum: 12.8704, final loss: 0.00099659, weight distance: 0.0090
2025-09-23 01:21:48,715 - INFO - Example /home/projects/bagon/shared/imagenet512/val/n07579787/ILSVRC2012_val_00002221.JPEG reached epsilon at step 107, loss sum: 7.3473, final loss: 0.00098610, weight distance: 0.0066
2025-09-23 01:22:03,055 - INFO - Example /home/projects/bagon/shared/imagenet512/val/n03803284/ILSVRC2012_val_00042486.JPEG reached epsilon at step 153, loss sum: 3.9766, final loss: 0.00099373, weight distance: 0.0079
2025-09-23 01:22:14,246 - INFO - Example /home/projects/bagon/shared/imagenet512/val/n04493381/ILSVRC2012_val_00013218.JPEG reached epsilon at step 88, loss sum: 15.5117, final loss: 0.00097466, weight distance: 0.0062
2025-09-23 01:22:33,878 - INFO - Example /home/projects/bagon/shared/imagenet512/val/n02071294/ILSVRC2012_val_00019118.JPEG reached epsilon at step 204, loss sum: 3.1087, final loss: 0.00099277, weight distance: 0.0095
2025-09-23 01:22:48,231 - INFO - Example /home/projects/bagon/shared/imagenet512/val/n04336792/ILSVRC2012_val_00026841.JPEG reached epsilon at step 91, loss sum: 2.7163, final loss: 0.00098991, weight distance: 0.0067
2025-09-23 01:23:08,604 - INFO - Example /home/projects/bagon/shared/imagenet512/val/n02099267/ILSVRC2012_val_00033206.JPEG reached epsilon at step 159, loss sum: 24.7980, final loss: 0.00099850, weight distance: 0.0086
2025-09-23 01:23:24,587 - INFO - Example /home/projects/bagon/shared/imagenet512/val/n03888605/ILSVRC2012_val_00011647.JPEG reached epsilon at step 178, loss sum: 3.5181, final loss: 0.00099468, weight distance: 0.0090
2025-09-23 01:23:32,905 - INFO - Example /home/projects/bagon/shared/imagenet512/val/n07248320/ILSVRC2012_val_00039318.JPEG reached epsilon at step 76, loss sum: 12.6574, final loss: 0.00098991, weight distance: 0.0056
2025-09-23 01:23:53,034 - INFO - Example /home/projects/bagon/shared/imagenet512/val/n12985857/ILSVRC2012_val_00011221.JPEG reached epsilon at step 236, loss sum: 7.9400, final loss: 0.00099754, weight distance: 0.0089
2025-09-23 01:24:11,062 - INFO - Example /home/projects/bagon/shared/imagenet512/val/n04398044/ILSVRC2012_val_00014880.JPEG reached epsilon at step 169, loss sum: 18.4963, final loss: 0.00099754, weight distance: 0.0094
2025-09-23 01:24:26,056 - INFO - Example /home/projects/bagon/shared/imagenet512/val/n02088364/ILSVRC2012_val_00035320.JPEG reached epsilon at step 168, loss sum: 11.8331, final loss: 0.00099754, weight distance: 0.0086
2025-09-23 01:24:43,427 - INFO - Example /home/projects/bagon/shared/imagenet512/val/n04266014/ILSVRC2012_val_00034335.JPEG reached epsilon at step 200, loss sum: 9.0367, final loss: 0.00099850, weight distance: 0.0109
2025-09-23 01:24:54,082 - INFO - Example /home/projects/bagon/shared/imagenet512/val/n04336792/ILSVRC2012_val_00036134.JPEG reached epsilon at step 109, loss sum: 17.0558, final loss: 0.00099945, weight distance: 0.0067
2025-09-23 01:25:01,120 - INFO - Example /home/projects/bagon/shared/imagenet512/val/n04443257/ILSVRC2012_val_00027630.JPEG reached epsilon at step 62, loss sum: 13.2394, final loss: 0.00099564, weight distance: 0.0052
2025-09-23 01:25:17,983 - INFO - Example /home/projects/bagon/shared/imagenet512/val/n02107142/ILSVRC2012_val_00040464.JPEG reached epsilon at step 194, loss sum: 70.2751, final loss: 0.00098515, weight distance: 0.0108
2025-09-23 01:25:33,401 - INFO - Example /home/projects/bagon/shared/imagenet512/val/n01944390/ILSVRC2012_val_00007377.JPEG reached epsilon at step 174, loss sum: 12.0894, final loss: 0.00099659, weight distance: 0.0092
2025-09-23 01:25:44,184 - INFO - Example /home/projects/bagon/shared/imagenet512/val/n04589890/ILSVRC2012_val_00025513.JPEG reached epsilon at step 113, loss sum: 4.1521, final loss: 0.00099468, weight distance: 0.0066
2025-09-23 01:25:53,031 - INFO - Example /home/projects/bagon/shared/imagenet512/val/n03657121/ILSVRC2012_val_00006181.JPEG reached epsilon at step 90, loss sum: 3.5486, final loss: 0.00099468, weight distance: 0.0059
2025-09-23 01:26:17,928 - INFO - Example /home/projects/bagon/shared/imagenet512/val/n01796340/ILSVRC2012_val_00046574.JPEG reached epsilon at step 304, loss sum: 56.3107, final loss: 0.00099945, weight distance: 0.0118
2025-09-23 01:26:37,493 - INFO - Example /home/projects/bagon/shared/imagenet512/val/n04008634/ILSVRC2012_val_00009588.JPEG reached epsilon at step 239, loss sum: 21.8234, final loss: 0.00099754, weight distance: 0.0139
2025-09-23 01:26:47,309 - INFO - Example /home/projects/bagon/shared/imagenet512/val/n03196217/ILSVRC2012_val_00026298.JPEG reached epsilon at step 104, loss sum: 47.7951, final loss: 0.00099468, weight distance: 0.0067
2025-09-23 01:26:58,277 - INFO - Example /home/projects/bagon/shared/imagenet512/val/n04557648/ILSVRC2012_val_00027424.JPEG reached epsilon at step 118, loss sum: 9.7432, final loss: 0.00098515, weight distance: 0.0082
2025-09-23 01:27:14,536 - INFO - Example /home/projects/bagon/shared/imagenet512/val/n03538406/ILSVRC2012_val_00011604.JPEG reached epsilon at step 150, loss sum: 6.7426, final loss: 0.00099754, weight distance: 0.0093
2025-09-23 01:27:28,490 - INFO - Example /home/projects/bagon/shared/imagenet512/val/n03494278/ILSVRC2012_val_00027607.JPEG reached epsilon at step 160, loss sum: 22.9898, final loss: 0.00099564, weight distance: 0.0098
2025-09-23 01:27:44,279 - INFO - Example /home/projects/bagon/shared/imagenet512/val/n01729322/ILSVRC2012_val_00041300.JPEG reached epsilon at step 186, loss sum: 59.3603, final loss: 0.00099659, weight distance: 0.0102
2025-09-23 01:27:57,648 - INFO - Example /home/projects/bagon/shared/imagenet512/val/n04548280/ILSVRC2012_val_00040337.JPEG reached epsilon at step 154, loss sum: 14.7749, final loss: 0.00099468, weight distance: 0.0095
2025-09-23 01:28:16,592 - INFO - Example /home/projects/bagon/shared/imagenet512/val/n01729977/ILSVRC2012_val_00008025.JPEG reached epsilon at step 217, loss sum: 36.2851, final loss: 0.00099659, weight distance: 0.0094
2025-09-23 01:28:31,919 - INFO - Example /home/projects/bagon/shared/imagenet512/val/n09246464/ILSVRC2012_val_00045805.JPEG reached epsilon at step 134, loss sum: 9.7375, final loss: 0.00099754, weight distance: 0.0074
2025-09-23 01:28:45,983 - INFO - Example /home/projects/bagon/shared/imagenet512/val/n03908714/ILSVRC2012_val_00030214.JPEG reached epsilon at step 117, loss sum: 9.9288, final loss: 0.00099850, weight distance: 0.0084
2025-09-23 01:29:07,649 - INFO - Example /home/projects/bagon/shared/imagenet512/val/n04152593/ILSVRC2012_val_00034850.JPEG reached epsilon at step 171, loss sum: 15.7326, final loss: 0.00098896, weight distance: 0.0114
2025-09-23 01:29:31,836 - INFO - Example /home/projects/bagon/shared/imagenet512/val/n02206856/ILSVRC2012_val_00028469.JPEG reached epsilon at step 260, loss sum: 37.2589, final loss: 0.00099945, weight distance: 0.0111
2025-09-23 01:29:42,068 - INFO - Example /home/projects/bagon/shared/imagenet512/val/n04525038/ILSVRC2012_val_00006776.JPEG reached epsilon at step 88, loss sum: 20.8067, final loss: 0.00098896, weight distance: 0.0060
2025-09-23 01:29:56,722 - INFO - Example /home/projects/bagon/shared/imagenet512/val/n04548280/ILSVRC2012_val_00014169.JPEG reached epsilon at step 167, loss sum: 23.2747, final loss: 0.00099659, weight distance: 0.0089
2025-09-23 01:30:13,688 - INFO - Example /home/projects/bagon/shared/imagenet512/val/n02113978/ILSVRC2012_val_00014147.JPEG reached epsilon at step 196, loss sum: 15.4995, final loss: 0.00099754, weight distance: 0.0089
2025-09-23 01:30:26,019 - INFO - Example /home/projects/bagon/shared/imagenet512/val/n03481172/ILSVRC2012_val_00015583.JPEG reached epsilon at step 131, loss sum: 9.6913, final loss: 0.00099754, weight distance: 0.0085
2025-09-23 01:30:37,233 - INFO - Example /home/projects/bagon/shared/imagenet512/val/n02093428/ILSVRC2012_val_00037841.JPEG reached epsilon at step 121, loss sum: 25.4199, final loss: 0.00099945, weight distance: 0.0084
2025-09-23 01:30:48,878 - INFO - Example /home/projects/bagon/shared/imagenet512/val/n02999410/ILSVRC2012_val_00042658.JPEG reached epsilon at step 126, loss sum: 5.8230, final loss: 0.00097942, weight distance: 0.0092
2025-09-23 01:31:05,778 - INFO - Example /home/projects/bagon/shared/imagenet512/val/n03045698/ILSVRC2012_val_00008841.JPEG reached epsilon at step 200, loss sum: 55.7428, final loss: 0.00098896, weight distance: 0.0107
2025-09-23 01:31:22,562 - INFO - Example /home/projects/bagon/shared/imagenet512/val/n02114855/ILSVRC2012_val_00016911.JPEG reached epsilon at step 198, loss sum: 21.5450, final loss: 0.00098515, weight distance: 0.0118
2025-09-23 01:31:33,751 - INFO - Example /home/projects/bagon/shared/imagenet512/val/n03124170/ILSVRC2012_val_00025254.JPEG reached epsilon at step 121, loss sum: 16.6878, final loss: 0.00098038, weight distance: 0.0092
2025-09-23 01:31:50,067 - INFO - Example /home/projects/bagon/shared/imagenet512/val/n02786058/ILSVRC2012_val_00020756.JPEG reached epsilon at step 190, loss sum: 39.4289, final loss: 0.00099564, weight distance: 0.0108
2025-09-23 01:31:59,697 - INFO - Example /home/projects/bagon/shared/imagenet512/val/n03950228/ILSVRC2012_val_00034717.JPEG reached epsilon at step 97, loss sum: 9.2373, final loss: 0.00099087, weight distance: 0.0075
2025-09-23 01:32:11,209 - INFO - Example /home/projects/bagon/shared/imagenet512/val/n04554684/ILSVRC2012_val_00021167.JPEG reached epsilon at step 125, loss sum: 0.4422, final loss: 0.00099468, weight distance: 0.0073
2025-09-23 01:32:19,947 - INFO - Example /home/projects/bagon/shared/imagenet512/val/n04553703/ILSVRC2012_val_00011577.JPEG reached epsilon at step 86, loss sum: 0.7064, final loss: 0.00098896, weight distance: 0.0063
2025-09-23 01:32:29,836 - INFO - Example /home/projects/bagon/shared/imagenet512/val/n03950228/ILSVRC2012_val_00033711.JPEG reached epsilon at step 102, loss sum: 40.1926, final loss: 0.00098801, weight distance: 0.0084
2025-09-23 01:32:36,821 - INFO - Example /home/projects/bagon/shared/imagenet512/val/n03476991/ILSVRC2012_val_00038345.JPEG reached epsilon at step 62, loss sum: 9.4266, final loss: 0.00097179, weight distance: 0.0052
2025-09-23 01:33:03,437 - INFO - Example /home/projects/bagon/shared/imagenet512/val/n02123045/ILSVRC2012_val_00025650.JPEG reached epsilon at step 335, loss sum: 11.0645, final loss: 0.00099564, weight distance: 0.0132
2025-09-23 01:33:15,752 - INFO - Example /home/projects/bagon/shared/imagenet512/val/n04356056/ILSVRC2012_val_00004692.JPEG reached epsilon at step 136, loss sum: 28.1409, final loss: 0.00098801, weight distance: 0.0106
2025-09-23 01:33:35,601 - INFO - Example /home/projects/bagon/shared/imagenet512/val/n03902125/ILSVRC2012_val_00019465.JPEG reached epsilon at step 236, loss sum: 3.1133, final loss: 0.00099850, weight distance: 0.0108
2025-09-23 01:33:52,092 - INFO - Example /home/projects/bagon/shared/imagenet512/val/n02749479/ILSVRC2012_val_00042969.JPEG reached epsilon at step 194, loss sum: 3.5945, final loss: 0.00099659, weight distance: 0.0097
2025-09-23 01:34:06,824 - INFO - Example /home/projects/bagon/shared/imagenet512/val/n01496331/ILSVRC2012_val_00021461.JPEG reached epsilon at step 160, loss sum: 52.2625, final loss: 0.00099850, weight distance: 0.0081
2025-09-23 01:34:19,084 - INFO - Example /home/projects/bagon/shared/imagenet512/val/n01729322/ILSVRC2012_val_00011467.JPEG reached epsilon at step 129, loss sum: 4.8279, final loss: 0.00099087, weight distance: 0.0080
2025-09-23 01:34:30,256 - INFO - Example /home/projects/bagon/shared/imagenet512/val/n02097658/ILSVRC2012_val_00006610.JPEG reached epsilon at step 118, loss sum: 4.1505, final loss: 0.00098991, weight distance: 0.0075
2025-09-23 01:34:46,148 - INFO - Example /home/projects/bagon/shared/imagenet512/val/n02091032/ILSVRC2012_val_00005059.JPEG reached epsilon at step 182, loss sum: 40.8614, final loss: 0.00099087, weight distance: 0.0098
2025-09-23 01:34:58,379 - INFO - Example /home/projects/bagon/shared/imagenet512/val/n04548280/ILSVRC2012_val_00010270.JPEG reached epsilon at step 126, loss sum: 1.7989, final loss: 0.00099564, weight distance: 0.0081
2025-09-23 01:35:09,598 - INFO - Example /home/projects/bagon/shared/imagenet512/val/n02097130/ILSVRC2012_val_00035986.JPEG reached epsilon at step 65, loss sum: 0.8398, final loss: 0.00097609, weight distance: 0.0048
2025-09-23 01:35:21,277 - INFO - Example /home/projects/bagon/shared/imagenet512/val/n04597913/ILSVRC2012_val_00019661.JPEG reached epsilon at step 123, loss sum: 16.0258, final loss: 0.00097418, weight distance: 0.0071
2025-09-23 01:35:38,926 - INFO - Example /home/projects/bagon/shared/imagenet512/val/n02843684/ILSVRC2012_val_00026344.JPEG reached epsilon at step 152, loss sum: 11.0053, final loss: 0.00099087, weight distance: 0.0083
2025-09-23 01:35:54,578 - INFO - Example /home/projects/bagon/shared/imagenet512/val/n03447721/ILSVRC2012_val_00044853.JPEG reached epsilon at step 143, loss sum: 8.3710, final loss: 0.00099945, weight distance: 0.0092
2025-09-23 01:36:04,987 - INFO - Example /home/projects/bagon/shared/imagenet512/val/n09428293/ILSVRC2012_val_00043977.JPEG reached epsilon at step 90, loss sum: 6.6471, final loss: 0.00098324, weight distance: 0.0071
2025-09-23 01:36:23,614 - INFO - Example /home/projects/bagon/shared/imagenet512/val/n02814860/ILSVRC2012_val_00034304.JPEG reached epsilon at step 218, loss sum: 25.4601, final loss: 0.00099850, weight distance: 0.0089
2025-09-23 01:36:36,031 - INFO - Example /home/projects/bagon/shared/imagenet512/val/n04239074/ILSVRC2012_val_00036883.JPEG reached epsilon at step 137, loss sum: 1.3359, final loss: 0.00098896, weight distance: 0.0086
2025-09-23 01:36:52,348 - INFO - Example /home/projects/bagon/shared/imagenet512/val/n03344393/ILSVRC2012_val_00017413.JPEG reached epsilon at step 192, loss sum: 2.0882, final loss: 0.00099564, weight distance: 0.0100
2025-09-23 01:37:11,023 - INFO - Example /home/projects/bagon/shared/imagenet512/val/n01784675/ILSVRC2012_val_00004136.JPEG reached epsilon at step 219, loss sum: 0.6424, final loss: 0.00099850, weight distance: 0.0076
2025-09-23 01:37:25,683 - INFO - Example /home/projects/bagon/shared/imagenet512/val/n02879718/ILSVRC2012_val_00032465.JPEG reached epsilon at step 156, loss sum: 48.1139, final loss: 0.00099945, weight distance: 0.0091
2025-09-23 01:37:51,781 - INFO - Example /home/projects/bagon/shared/imagenet512/val/n01829413/ILSVRC2012_val_00029283.JPEG reached epsilon at step 322, loss sum: 150.9074, final loss: 0.00099373, weight distance: 0.0117
2025-09-23 01:38:05,314 - INFO - Example /home/projects/bagon/shared/imagenet512/val/n03065424/ILSVRC2012_val_00049276.JPEG reached epsilon at step 143, loss sum: 31.8600, final loss: 0.00099373, weight distance: 0.0075
2025-09-23 01:38:19,986 - INFO - Example /home/projects/bagon/shared/imagenet512/val/n02804610/ILSVRC2012_val_00012062.JPEG reached epsilon at step 168, loss sum: 1.2455, final loss: 0.00098991, weight distance: 0.0085
2025-09-23 01:38:45,820 - INFO - Example /home/projects/bagon/shared/imagenet512/val/n03637318/ILSVRC2012_val_00028639.JPEG reached epsilon at step 317, loss sum: 17.6293, final loss: 0.00099754, weight distance: 0.0116
2025-09-23 01:39:01,136 - INFO - Example /home/projects/bagon/shared/imagenet512/val/n02104029/ILSVRC2012_val_00049934.JPEG reached epsilon at step 162, loss sum: 7.1371, final loss: 0.00099564, weight distance: 0.0079
2025-09-23 01:39:15,278 - INFO - Example /home/projects/bagon/shared/imagenet512/val/n04141327/ILSVRC2012_val_00029485.JPEG reached epsilon at step 158, loss sum: 17.5905, final loss: 0.00099659, weight distance: 0.0075
2025-09-23 01:39:27,698 - INFO - Example /home/projects/bagon/shared/imagenet512/val/n02111500/ILSVRC2012_val_00024785.JPEG reached epsilon at step 135, loss sum: 2.4180, final loss: 0.00099754, weight distance: 0.0077
2025-09-23 01:39:43,426 - INFO - Example /home/projects/bagon/shared/imagenet512/val/n02093991/ILSVRC2012_val_00014418.JPEG reached epsilon at step 176, loss sum: 95.4049, final loss: 0.00099945, weight distance: 0.0104
2025-09-23 01:40:01,919 - INFO - Example /home/projects/bagon/shared/imagenet512/val/n03930630/ILSVRC2012_val_00018700.JPEG reached epsilon at step 219, loss sum: 19.8149, final loss: 0.00099659, weight distance: 0.0102
2025-09-23 01:40:15,818 - INFO - Example /home/projects/bagon/shared/imagenet512/val/n12144580/ILSVRC2012_val_00013029.JPEG reached epsilon at step 150, loss sum: 27.5156, final loss: 0.00099659, weight distance: 0.0101
2025-09-23 01:40:35,274 - INFO - Example /home/projects/bagon/shared/imagenet512/val/n07754684/ILSVRC2012_val_00035902.JPEG reached epsilon at step 228, loss sum: 96.6385, final loss: 0.00099850, weight distance: 0.0112
2025-09-23 01:40:56,986 - INFO - Example /home/projects/bagon/shared/imagenet512/val/n02123394/ILSVRC2012_val_00016194.JPEG reached epsilon at step 256, loss sum: 3.6250, final loss: 0.00099754, weight distance: 0.0118
2025-09-23 01:41:09,550 - INFO - Example /home/projects/bagon/shared/imagenet512/val/n03876231/ILSVRC2012_val_00038318.JPEG reached epsilon at step 135, loss sum: 4.3683, final loss: 0.00099373, weight distance: 0.0082
2025-09-23 01:41:30,542 - INFO - Example /home/projects/bagon/shared/imagenet512/val/n04612504/ILSVRC2012_val_00044801.JPEG reached epsilon at step 250, loss sum: 2.8716, final loss: 0.00099182, weight distance: 0.0113
2025-09-23 01:41:40,883 - INFO - Example /home/projects/bagon/shared/imagenet512/val/n04357314/ILSVRC2012_val_00048550.JPEG reached epsilon at step 101, loss sum: 24.2793, final loss: 0.00098991, weight distance: 0.0064
2025-09-23 01:41:50,068 - INFO - Example /home/projects/bagon/shared/imagenet512/val/n02090379/ILSVRC2012_val_00001862.JPEG reached epsilon at step 92, loss sum: 1.4626, final loss: 0.00098419, weight distance: 0.0061
2025-09-23 01:41:59,912 - INFO - Example /home/projects/bagon/shared/imagenet512/val/n04019541/ILSVRC2012_val_00011282.JPEG reached epsilon at step 100, loss sum: 34.1801, final loss: 0.00099373, weight distance: 0.0062
2025-09-23 01:42:19,555 - INFO - Example /home/projects/bagon/shared/imagenet512/val/n03837869/ILSVRC2012_val_00021817.JPEG reached epsilon at step 236, loss sum: 14.4838, final loss: 0.00099659, weight distance: 0.0115
2025-09-23 01:42:31,749 - INFO - Example /home/projects/bagon/shared/imagenet512/val/n04435653/ILSVRC2012_val_00007019.JPEG reached epsilon at step 135, loss sum: 32.3773, final loss: 0.00098610, weight distance: 0.0075
2025-09-23 01:42:52,259 - INFO - Example /home/projects/bagon/shared/imagenet512/val/n04065272/ILSVRC2012_val_00013659.JPEG reached epsilon at step 241, loss sum: 7.1763, final loss: 0.00099659, weight distance: 0.0109
2025-09-23 01:43:03,205 - INFO - Example /home/projects/bagon/shared/imagenet512/val/n02971356/ILSVRC2012_val_00023953.JPEG reached epsilon at step 110, loss sum: 47.0998, final loss: 0.00098991, weight distance: 0.0070
2025-09-23 01:43:15,080 - INFO - Example /home/projects/bagon/shared/imagenet512/val/n02892767/ILSVRC2012_val_00037058.JPEG reached epsilon at step 128, loss sum: 6.4239, final loss: 0.00098228, weight distance: 0.0076
2025-09-23 01:43:35,645 - INFO - Example /home/projects/bagon/shared/imagenet512/val/n01910747/ILSVRC2012_val_00033320.JPEG reached epsilon at step 249, loss sum: 30.5961, final loss: 0.00099564, weight distance: 0.0100
2025-09-23 01:43:55,732 - INFO - Example /home/projects/bagon/shared/imagenet512/val/n01697457/ILSVRC2012_val_00044589.JPEG reached epsilon at step 236, loss sum: 5.1175, final loss: 0.00099468, weight distance: 0.0095
2025-09-23 01:44:07,561 - INFO - Example /home/projects/bagon/shared/imagenet512/val/n03887697/ILSVRC2012_val_00039512.JPEG reached epsilon at step 121, loss sum: 2.0319, final loss: 0.00099754, weight distance: 0.0070
2025-09-23 01:44:21,253 - INFO - Example /home/projects/bagon/shared/imagenet512/val/n04542943/ILSVRC2012_val_00015573.JPEG reached epsilon at step 148, loss sum: 5.2841, final loss: 0.00098515, weight distance: 0.0073
2025-09-23 01:44:55,928 - INFO - Example /home/projects/bagon/shared/imagenet512/val/n02268853/ILSVRC2012_val_00026913.JPEG reached epsilon at step 442, loss sum: 19.4397, final loss: 0.00099277, weight distance: 0.0156
2025-09-23 01:45:16,735 - INFO - Example /home/projects/bagon/shared/imagenet512/val/n01644900/ILSVRC2012_val_00005768.JPEG reached epsilon at step 251, loss sum: 21.2410, final loss: 0.00099945, weight distance: 0.0107
2025-09-23 01:45:30,757 - INFO - Example /home/projects/bagon/shared/imagenet512/val/n03529860/ILSVRC2012_val_00044725.JPEG reached epsilon at step 158, loss sum: 9.3479, final loss: 0.00099945, weight distance: 0.0090
2025-09-23 01:45:51,252 - INFO - Example /home/projects/bagon/shared/imagenet512/val/n02883205/ILSVRC2012_val_00005569.JPEG reached epsilon at step 248, loss sum: 73.4240, final loss: 0.00099277, weight distance: 0.0122
2025-09-23 01:46:06,434 - INFO - Example /home/projects/bagon/shared/imagenet512/val/n02504458/ILSVRC2012_val_00023463.JPEG reached epsilon at step 176, loss sum: 9.5323, final loss: 0.00099468, weight distance: 0.0095
2025-09-23 01:46:19,526 - INFO - Example /home/projects/bagon/shared/imagenet512/val/n02107312/ILSVRC2012_val_00004386.JPEG reached epsilon at step 147, loss sum: 8.7451, final loss: 0.00099087, weight distance: 0.0085
2025-09-23 01:46:30,887 - INFO - Example /home/projects/bagon/shared/imagenet512/val/n04325704/ILSVRC2012_val_00027132.JPEG reached epsilon at step 121, loss sum: 8.5403, final loss: 0.00099373, weight distance: 0.0070
2025-09-23 01:46:51,216 - INFO - Example /home/projects/bagon/shared/imagenet512/val/n02443484/ILSVRC2012_val_00001909.JPEG reached epsilon at step 246, loss sum: 51.7644, final loss: 0.00099564, weight distance: 0.0151
2025-09-23 01:47:11,080 - INFO - Example /home/projects/bagon/shared/imagenet512/val/n02514041/ILSVRC2012_val_00015093.JPEG reached epsilon at step 239, loss sum: 30.1024, final loss: 0.00099754, weight distance: 0.0101
2025-09-23 01:47:22,568 - INFO - Example /home/projects/bagon/shared/imagenet512/val/n03785016/ILSVRC2012_val_00033284.JPEG reached epsilon at step 88, loss sum: 14.7201, final loss: 0.00098228, weight distance: 0.0071
2025-09-23 01:47:33,102 - INFO - Example /home/projects/bagon/shared/imagenet512/val/n02098413/ILSVRC2012_val_00015063.JPEG reached epsilon at step 111, loss sum: 82.7857, final loss: 0.00098228, weight distance: 0.0077
2025-09-23 01:47:53,143 - INFO - Example /home/projects/bagon/shared/imagenet512/val/n04612504/ILSVRC2012_val_00004515.JPEG reached epsilon at step 241, loss sum: 8.4302, final loss: 0.00099754, weight distance: 0.0108
2025-09-23 01:48:08,961 - INFO - Example /home/projects/bagon/shared/imagenet512/val/n02119022/ILSVRC2012_val_00031297.JPEG reached epsilon at step 179, loss sum: 45.9631, final loss: 0.00099850, weight distance: 0.0096
2025-09-23 01:48:25,602 - INFO - Example /home/projects/bagon/shared/imagenet512/val/n04525305/ILSVRC2012_val_00015240.JPEG reached epsilon at step 195, loss sum: 6.2567, final loss: 0.00098705, weight distance: 0.0105
2025-09-23 01:48:39,768 - INFO - Example /home/projects/bagon/shared/imagenet512/val/n03832673/ILSVRC2012_val_00037479.JPEG reached epsilon at step 160, loss sum: 36.2942, final loss: 0.00098515, weight distance: 0.0112
2025-09-23 01:48:59,853 - INFO - Example /home/projects/bagon/shared/imagenet512/val/n02110063/ILSVRC2012_val_00031001.JPEG reached epsilon at step 243, loss sum: 13.8085, final loss: 0.00099850, weight distance: 0.0113
2025-09-23 01:49:14,826 - INFO - Example /home/projects/bagon/shared/imagenet512/val/n02747177/ILSVRC2012_val_00030962.JPEG reached epsilon at step 109, loss sum: 11.2835, final loss: 0.00099468, weight distance: 0.0075
2025-09-23 01:49:41,157 - INFO - Example /home/projects/bagon/shared/imagenet512/val/n03717622/ILSVRC2012_val_00014201.JPEG reached epsilon at step 290, loss sum: 3.4369, final loss: 0.00099945, weight distance: 0.0096
2025-09-23 01:49:56,322 - INFO - Example /home/projects/bagon/shared/imagenet512/val/n04033995/ILSVRC2012_val_00033874.JPEG reached epsilon at step 175, loss sum: 15.4367, final loss: 0.00099564, weight distance: 0.0094
2025-09-23 01:50:22,707 - INFO - Example /home/projects/bagon/shared/imagenet512/val/n01443537/ILSVRC2012_val_00012880.JPEG reached epsilon at step 324, loss sum: 3.3569, final loss: 0.00099850, weight distance: 0.0117
2025-09-23 01:50:38,667 - INFO - Example /home/projects/bagon/shared/imagenet512/val/n06874185/ILSVRC2012_val_00047748.JPEG reached epsilon at step 152, loss sum: 3.7520, final loss: 0.00098991, weight distance: 0.0086
2025-09-23 01:50:56,321 - INFO - Example /home/projects/bagon/shared/imagenet512/val/n02326432/ILSVRC2012_val_00035418.JPEG reached epsilon at step 179, loss sum: 71.2288, final loss: 0.00099659, weight distance: 0.0094
2025-09-23 01:51:14,300 - INFO - Example /home/projects/bagon/shared/imagenet512/val/n03933933/ILSVRC2012_val_00031244.JPEG reached epsilon at step 192, loss sum: 17.6854, final loss: 0.00099468, weight distance: 0.0114
2025-09-23 01:51:33,788 - INFO - Example /home/projects/bagon/shared/imagenet512/val/n04350905/ILSVRC2012_val_00007191.JPEG reached epsilon at step 225, loss sum: 155.3838, final loss: 0.00098991, weight distance: 0.0131
2025-09-23 01:51:47,542 - INFO - Example /home/projects/bagon/shared/imagenet512/val/n02883205/ILSVRC2012_val_00037178.JPEG reached epsilon at step 153, loss sum: 1.6063, final loss: 0.00099468, weight distance: 0.0087
2025-09-23 01:52:11,901 - INFO - Example /home/projects/bagon/shared/imagenet512/val/n02447366/ILSVRC2012_val_00009878.JPEG reached epsilon at step 271, loss sum: 0.7395, final loss: 0.00099564, weight distance: 0.0105
2025-09-23 01:52:21,465 - INFO - Example /home/projects/bagon/shared/imagenet512/val/n04370456/ILSVRC2012_val_00003039.JPEG reached epsilon at step 96, loss sum: 11.3114, final loss: 0.00098705, weight distance: 0.0057
2025-09-23 01:52:35,806 - INFO - Example /home/projects/bagon/shared/imagenet512/val/n03065424/ILSVRC2012_val_00011118.JPEG reached epsilon at step 142, loss sum: 20.2019, final loss: 0.00098896, weight distance: 0.0086
2025-09-23 01:52:50,702 - INFO - Example /home/projects/bagon/shared/imagenet512/val/n01667114/ILSVRC2012_val_00019547.JPEG reached epsilon at step 171, loss sum: 14.6748, final loss: 0.00099754, weight distance: 0.0089
2025-09-23 01:53:07,150 - INFO - Example /home/projects/bagon/shared/imagenet512/val/n04049303/ILSVRC2012_val_00022159.JPEG reached epsilon at step 184, loss sum: 7.9325, final loss: 0.00099945, weight distance: 0.0122
2025-09-23 01:53:26,336 - INFO - Example /home/projects/bagon/shared/imagenet512/val/n02094433/ILSVRC2012_val_00005942.JPEG reached epsilon at step 223, loss sum: 19.9157, final loss: 0.00099945, weight distance: 0.0116
2025-09-23 01:53:46,057 - INFO - Example /home/projects/bagon/shared/imagenet512/val/n02092002/ILSVRC2012_val_00027622.JPEG reached epsilon at step 222, loss sum: 23.5841, final loss: 0.00099468, weight distance: 0.0111
2025-09-23 01:54:03,131 - INFO - Example /home/projects/bagon/shared/imagenet512/val/n04435653/ILSVRC2012_val_00000030.JPEG reached epsilon at step 179, loss sum: 32.5553, final loss: 0.00098801, weight distance: 0.0087
2025-09-23 01:54:18,847 - INFO - Example /home/projects/bagon/shared/imagenet512/val/n03447721/ILSVRC2012_val_00010239.JPEG reached epsilon at step 179, loss sum: 23.1487, final loss: 0.00099564, weight distance: 0.0115
2025-09-23 01:54:39,665 - INFO - Example /home/projects/bagon/shared/imagenet512/val/n03016953/ILSVRC2012_val_00043366.JPEG reached epsilon at step 251, loss sum: 19.6264, final loss: 0.00099659, weight distance: 0.0121
2025-09-23 01:54:55,101 - INFO - Example /home/projects/bagon/shared/imagenet512/val/n02105855/ILSVRC2012_val_00032064.JPEG reached epsilon at step 176, loss sum: 35.2085, final loss: 0.00098896, weight distance: 0.0103
2025-09-23 01:55:13,892 - INFO - Example /home/projects/bagon/shared/imagenet512/val/n03259280/ILSVRC2012_val_00046182.JPEG reached epsilon at step 222, loss sum: 4.3381, final loss: 0.00099945, weight distance: 0.0094
2025-09-23 01:55:26,573 - INFO - Example /home/projects/bagon/shared/imagenet512/val/n03733281/ILSVRC2012_val_00010635.JPEG reached epsilon at step 135, loss sum: 5.6194, final loss: 0.00099945, weight distance: 0.0068
2025-09-23 01:55:45,376 - INFO - Example /home/projects/bagon/shared/imagenet512/val/n07565083/ILSVRC2012_val_00040954.JPEG reached epsilon at step 224, loss sum: 28.8889, final loss: 0.00099754, weight distance: 0.0119
2025-09-23 01:56:03,711 - INFO - Example /home/projects/bagon/shared/imagenet512/val/n03929855/ILSVRC2012_val_00001261.JPEG reached epsilon at step 215, loss sum: 1.6809, final loss: 0.00099754, weight distance: 0.0089
2025-09-23 01:56:19,610 - INFO - Example /home/projects/bagon/shared/imagenet512/val/n03761084/ILSVRC2012_val_00022991.JPEG reached epsilon at step 159, loss sum: 19.9907, final loss: 0.00099754, weight distance: 0.0098
2025-09-23 01:56:38,341 - INFO - Example /home/projects/bagon/shared/imagenet512/val/n02086240/ILSVRC2012_val_00007958.JPEG reached epsilon at step 215, loss sum: 51.3297, final loss: 0.00099754, weight distance: 0.0105
2025-09-23 01:56:47,095 - INFO - Example /home/projects/bagon/shared/imagenet512/val/n02708093/ILSVRC2012_val_00049049.JPEG reached epsilon at step 83, loss sum: 22.4594, final loss: 0.00098991, weight distance: 0.0060
2025-09-23 01:57:04,445 - INFO - Example /home/projects/bagon/shared/imagenet512/val/n01664065/ILSVRC2012_val_00033445.JPEG reached epsilon at step 197, loss sum: 62.6770, final loss: 0.00099945, weight distance: 0.0090
2025-09-23 01:57:29,937 - INFO - Example /home/projects/bagon/shared/imagenet512/val/n02177972/ILSVRC2012_val_00024850.JPEG reached epsilon at step 301, loss sum: 1.2887, final loss: 0.00099564, weight distance: 0.0105
2025-09-23 01:57:42,782 - INFO - Example /home/projects/bagon/shared/imagenet512/val/n04507155/ILSVRC2012_val_00031400.JPEG reached epsilon at step 137, loss sum: 16.9698, final loss: 0.00099277, weight distance: 0.0082
2025-09-23 01:57:53,521 - INFO - Example /home/projects/bagon/shared/imagenet512/val/n04398044/ILSVRC2012_val_00021824.JPEG reached epsilon at step 114, loss sum: 1.5237, final loss: 0.00099182, weight distance: 0.0075
2025-09-23 01:58:07,528 - INFO - Example /home/projects/bagon/shared/imagenet512/val/n04579145/ILSVRC2012_val_00008020.JPEG reached epsilon at step 160, loss sum: 35.6800, final loss: 0.00099373, weight distance: 0.0088
2025-09-23 01:58:28,672 - INFO - Example /home/projects/bagon/shared/imagenet512/val/n02361337/ILSVRC2012_val_00010959.JPEG reached epsilon at step 243, loss sum: 62.5692, final loss: 0.00099754, weight distance: 0.0109
2025-09-23 01:58:46,179 - INFO - Example /home/projects/bagon/shared/imagenet512/val/n02823750/ILSVRC2012_val_00018356.JPEG reached epsilon at step 206, loss sum: 14.8516, final loss: 0.00099182, weight distance: 0.0106
2025-09-23 01:59:03,885 - INFO - Example /home/projects/bagon/shared/imagenet512/val/n03450230/ILSVRC2012_val_00013308.JPEG reached epsilon at step 193, loss sum: 76.8956, final loss: 0.00099087, weight distance: 0.0117
2025-09-23 01:59:17,412 - INFO - Example /home/projects/bagon/shared/imagenet512/val/n03761084/ILSVRC2012_val_00000519.JPEG reached epsilon at step 138, loss sum: 37.4942, final loss: 0.00099945, weight distance: 0.0089
2025-09-23 01:59:36,771 - INFO - Example /home/projects/bagon/shared/imagenet512/val/n03617480/ILSVRC2012_val_00029199.JPEG reached epsilon at step 214, loss sum: 14.5494, final loss: 0.00099564, weight distance: 0.0099
2025-09-23 01:59:55,387 - INFO - Example /home/projects/bagon/shared/imagenet512/val/n01773549/ILSVRC2012_val_00007882.JPEG reached epsilon at step 224, loss sum: 9.0527, final loss: 0.00099754, weight distance: 0.0093
2025-09-23 02:00:07,311 - INFO - Example /home/projects/bagon/shared/imagenet512/val/n03461385/ILSVRC2012_val_00019818.JPEG reached epsilon at step 130, loss sum: 4.3849, final loss: 0.00098991, weight distance: 0.0087
2025-09-23 02:00:18,657 - INFO - Example /home/projects/bagon/shared/imagenet512/val/n02106382/ILSVRC2012_val_00044869.JPEG reached epsilon at step 119, loss sum: 0.4932, final loss: 0.00099945, weight distance: 0.0067
2025-09-23 02:00:33,374 - INFO - Example /home/projects/bagon/shared/imagenet512/val/n02091134/ILSVRC2012_val_00001846.JPEG reached epsilon at step 168, loss sum: 25.8739, final loss: 0.00099850, weight distance: 0.0089
2025-09-23 02:00:56,596 - INFO - Example /home/projects/bagon/shared/imagenet512/val/n02085936/ILSVRC2012_val_00040150.JPEG reached epsilon at step 284, loss sum: 1.5296, final loss: 0.00099564, weight distance: 0.0099
2025-09-23 02:01:16,348 - INFO - Example /home/projects/bagon/shared/imagenet512/val/n01616318/ILSVRC2012_val_00035953.JPEG reached epsilon at step 238, loss sum: 41.9368, final loss: 0.00099659, weight distance: 0.0094
2025-09-23 02:01:27,842 - INFO - Example /home/projects/bagon/shared/imagenet512/val/n01883070/ILSVRC2012_val_00024701.JPEG reached epsilon at step 118, loss sum: 18.5456, final loss: 0.00099945, weight distance: 0.0071
2025-09-23 02:01:40,422 - INFO - Example /home/projects/bagon/shared/imagenet512/val/n02837789/ILSVRC2012_val_00023106.JPEG reached epsilon at step 135, loss sum: 28.0604, final loss: 0.00099659, weight distance: 0.0091
2025-09-23 02:01:57,372 - INFO - Example /home/projects/bagon/shared/imagenet512/val/n02172182/ILSVRC2012_val_00043670.JPEG reached epsilon at step 192, loss sum: 2.7479, final loss: 0.00099659, weight distance: 0.0097
2025-09-23 02:02:19,834 - INFO - Example /home/projects/bagon/shared/imagenet512/val/n01496331/ILSVRC2012_val_00008963.JPEG reached epsilon at step 266, loss sum: 48.5059, final loss: 0.00099373, weight distance: 0.0095
2025-09-23 02:02:34,359 - INFO - Example /home/projects/bagon/shared/imagenet512/val/n03995372/ILSVRC2012_val_00041019.JPEG reached epsilon at step 159, loss sum: 3.3588, final loss: 0.00099468, weight distance: 0.0087
2025-09-23 02:02:52,751 - INFO - Example /home/projects/bagon/shared/imagenet512/val/n03530642/ILSVRC2012_val_00035007.JPEG reached epsilon at step 160, loss sum: 8.0116, final loss: 0.00099754, weight distance: 0.0078
2025-09-23 02:03:08,453 - INFO - Example /home/projects/bagon/shared/imagenet512/val/n03062245/ILSVRC2012_val_00011794.JPEG reached epsilon at step 163, loss sum: 13.3108, final loss: 0.00099277, weight distance: 0.0090
2025-09-23 02:03:28,931 - INFO - Example /home/projects/bagon/shared/imagenet512/val/n03895866/ILSVRC2012_val_00048025.JPEG reached epsilon at step 250, loss sum: 12.4054, final loss: 0.00099277, weight distance: 0.0097
2025-09-23 02:03:43,476 - INFO - Example /home/projects/bagon/shared/imagenet512/val/n03690938/ILSVRC2012_val_00035370.JPEG reached epsilon at step 162, loss sum: 19.5378, final loss: 0.00099850, weight distance: 0.0107
2025-09-23 02:03:57,168 - INFO - Example /home/projects/bagon/shared/imagenet512/val/n02091032/ILSVRC2012_val_00002325.JPEG reached epsilon at step 151, loss sum: 16.8134, final loss: 0.00098515, weight distance: 0.0080
2025-09-23 02:04:20,005 - INFO - Example /home/projects/bagon/shared/imagenet512/val/n02951358/ILSVRC2012_val_00007245.JPEG reached epsilon at step 270, loss sum: 5.2919, final loss: 0.00099850, weight distance: 0.0119
2025-09-23 02:04:27,575 - INFO - Example /home/projects/bagon/shared/imagenet512/val/n02090379/ILSVRC2012_val_00001267.JPEG reached epsilon at step 67, loss sum: 30.8215, final loss: 0.00098515, weight distance: 0.0054
2025-09-23 02:04:40,059 - INFO - Example /home/projects/bagon/shared/imagenet512/val/n02091032/ILSVRC2012_val_00033015.JPEG reached epsilon at step 117, loss sum: 39.1652, final loss: 0.00099087, weight distance: 0.0075
2025-09-23 02:04:52,267 - INFO - Example /home/projects/bagon/shared/imagenet512/val/n04356056/ILSVRC2012_val_00000815.JPEG reached epsilon at step 130, loss sum: 30.5486, final loss: 0.00098419, weight distance: 0.0091
2025-09-23 02:05:02,259 - INFO - Example /home/projects/bagon/shared/imagenet512/val/n02113186/ILSVRC2012_val_00028146.JPEG reached epsilon at step 92, loss sum: 65.8038, final loss: 0.00099564, weight distance: 0.0059
2025-09-23 02:05:28,622 - INFO - Example /home/projects/bagon/shared/imagenet512/val/n01756291/ILSVRC2012_val_00036441.JPEG reached epsilon at step 329, loss sum: 6.8348, final loss: 0.00099564, weight distance: 0.0143
2025-09-23 02:05:44,496 - INFO - Example /home/projects/bagon/shared/imagenet512/val/n04277352/ILSVRC2012_val_00032999.JPEG reached epsilon at step 165, loss sum: 56.1851, final loss: 0.00098324, weight distance: 0.0083
2025-09-23 02:05:52,897 - INFO - Example /home/projects/bagon/shared/imagenet512/val/n02120505/ILSVRC2012_val_00019589.JPEG reached epsilon at step 58, loss sum: 0.8288, final loss: 0.00098324, weight distance: 0.0051
2025-09-23 02:06:09,344 - INFO - Example /home/projects/bagon/shared/imagenet512/val/n02504458/ILSVRC2012_val_00041799.JPEG reached epsilon at step 188, loss sum: 20.2031, final loss: 0.00099945, weight distance: 0.0101
2025-09-23 02:06:22,567 - INFO - Example /home/projects/bagon/shared/imagenet512/val/n04507155/ILSVRC2012_val_00026690.JPEG reached epsilon at step 147, loss sum: 0.7003, final loss: 0.00098801, weight distance: 0.0083
2025-09-23 02:06:50,163 - INFO - Example /home/projects/bagon/shared/imagenet512/val/n02422699/ILSVRC2012_val_00027136.JPEG reached epsilon at step 344, loss sum: 13.1757, final loss: 0.00099850, weight distance: 0.0136
2025-09-23 02:07:01,928 - INFO - Example /home/projects/bagon/shared/imagenet512/val/n03376595/ILSVRC2012_val_00034227.JPEG reached epsilon at step 118, loss sum: 9.4108, final loss: 0.00099850, weight distance: 0.0073
2025-09-23 02:07:15,102 - INFO - Example /home/projects/bagon/shared/imagenet512/val/n04239074/ILSVRC2012_val_00041148.JPEG reached epsilon at step 147, loss sum: 3.2738, final loss: 0.00099945, weight distance: 0.0086
2025-09-23 02:07:28,713 - INFO - Example /home/projects/bagon/shared/imagenet512/val/n04372370/ILSVRC2012_val_00031078.JPEG reached epsilon at step 152, loss sum: 12.7919, final loss: 0.00098991, weight distance: 0.0080
2025-09-23 02:07:43,213 - INFO - Example /home/projects/bagon/shared/imagenet512/val/n02412080/ILSVRC2012_val_00023652.JPEG reached epsilon at step 137, loss sum: 19.4443, final loss: 0.00098896, weight distance: 0.0092
2025-09-23 02:07:53,882 - INFO - Example /home/projects/bagon/shared/imagenet512/val/n03457902/ILSVRC2012_val_00045437.JPEG reached epsilon at step 113, loss sum: 0.6206, final loss: 0.00098801, weight distance: 0.0076
2025-09-23 02:08:06,802 - INFO - Example /home/projects/bagon/shared/imagenet512/val/n02441942/ILSVRC2012_val_00036861.JPEG reached epsilon at step 143, loss sum: 9.3949, final loss: 0.00099659, weight distance: 0.0080
2025-09-23 02:08:20,393 - INFO - Example /home/projects/bagon/shared/imagenet512/val/n02110806/ILSVRC2012_val_00024321.JPEG reached epsilon at step 152, loss sum: 1.1988, final loss: 0.00099754, weight distance: 0.0082
2025-09-23 02:08:30,185 - INFO - Example /home/projects/bagon/shared/imagenet512/val/n04553703/ILSVRC2012_val_00030775.JPEG reached epsilon at step 102, loss sum: 8.1561, final loss: 0.00098419, weight distance: 0.0066
2025-09-23 02:08:44,424 - INFO - Example /home/projects/bagon/shared/imagenet512/val/n02966687/ILSVRC2012_val_00047093.JPEG reached epsilon at step 162, loss sum: 13.6444, final loss: 0.00099468, weight distance: 0.0090
2025-09-23 02:09:02,617 - INFO - Example /home/projects/bagon/shared/imagenet512/val/n03110669/ILSVRC2012_val_00013373.JPEG reached epsilon at step 217, loss sum: 37.8074, final loss: 0.00099277, weight distance: 0.0104
2025-09-23 02:09:18,947 - INFO - Example /home/projects/bagon/shared/imagenet512/val/n07745940/ILSVRC2012_val_00004832.JPEG reached epsilon at step 188, loss sum: 15.2088, final loss: 0.00099564, weight distance: 0.0096
2025-09-23 02:09:36,479 - INFO - Example /home/projects/bagon/shared/imagenet512/val/n03000134/ILSVRC2012_val_00023998.JPEG reached epsilon at step 160, loss sum: 7.6159, final loss: 0.00099754, weight distance: 0.0074
2025-09-23 02:09:52,632 - INFO - Example /home/projects/bagon/shared/imagenet512/val/n04417672/ILSVRC2012_val_00045330.JPEG reached epsilon at step 189, loss sum: 48.9052, final loss: 0.00099468, weight distance: 0.0104
2025-09-23 02:10:18,135 - INFO - Example /home/projects/bagon/shared/imagenet512/val/n01698640/ILSVRC2012_val_00025755.JPEG reached epsilon at step 318, loss sum: 2.7038, final loss: 0.00099945, weight distance: 0.0127
2025-09-23 02:10:31,379 - INFO - Example /home/projects/bagon/shared/imagenet512/val/n02988304/ILSVRC2012_val_00046321.JPEG reached epsilon at step 148, loss sum: 32.1627, final loss: 0.00099945, weight distance: 0.0109
2025-09-23 02:10:50,271 - INFO - Example /home/projects/bagon/shared/imagenet512/val/n07718472/ILSVRC2012_val_00047851.JPEG reached epsilon at step 224, loss sum: 1.4470, final loss: 0.00099754, weight distance: 0.0110
2025-09-23 02:11:09,437 - INFO - Example /home/projects/bagon/shared/imagenet512/val/n02105505/ILSVRC2012_val_00029354.JPEG reached epsilon at step 231, loss sum: 17.9964, final loss: 0.00099850, weight distance: 0.0102
2025-09-23 02:11:29,832 - INFO - Example /home/projects/bagon/shared/imagenet512/val/n02037110/ILSVRC2012_val_00002738.JPEG reached epsilon at step 248, loss sum: 17.5685, final loss: 0.00099850, weight distance: 0.0106
2025-09-23 02:11:41,639 - INFO - Example /home/projects/bagon/shared/imagenet512/val/n02093428/ILSVRC2012_val_00045763.JPEG reached epsilon at step 126, loss sum: 5.6780, final loss: 0.00098419, weight distance: 0.0091
2025-09-23 02:12:02,316 - INFO - Example /home/projects/bagon/shared/imagenet512/val/n04461696/ILSVRC2012_val_00039347.JPEG reached epsilon at step 225, loss sum: 10.1094, final loss: 0.00099087, weight distance: 0.0107
2025-09-23 02:12:30,229 - INFO - Example /home/projects/bagon/shared/imagenet512/val/n01807496/ILSVRC2012_val_00048846.JPEG reached epsilon at step 346, loss sum: 24.0436, final loss: 0.00099659, weight distance: 0.0152
2025-09-23 02:13:01,858 - INFO - Example /home/projects/bagon/shared/imagenet512/val/n01695060/ILSVRC2012_val_00024095.JPEG reached epsilon at step 399, loss sum: 29.4102, final loss: 0.00099754, weight distance: 0.0117
2025-09-23 02:13:14,150 - INFO - Example /home/projects/bagon/shared/imagenet512/val/n02098413/ILSVRC2012_val_00001764.JPEG reached epsilon at step 136, loss sum: 27.1248, final loss: 0.00099468, weight distance: 0.0088
2025-09-23 02:13:28,515 - INFO - Example /home/projects/bagon/shared/imagenet512/val/n03255030/ILSVRC2012_val_00035130.JPEG reached epsilon at step 164, loss sum: 2.1771, final loss: 0.00099850, weight distance: 0.0097
2025-09-23 02:13:42,953 - INFO - Example /home/projects/bagon/shared/imagenet512/val/n03014705/ILSVRC2012_val_00001810.JPEG reached epsilon at step 160, loss sum: 32.0031, final loss: 0.00099659, weight distance: 0.0097
2025-09-23 02:13:57,875 - INFO - Example /home/projects/bagon/shared/imagenet512/val/n02105412/ILSVRC2012_val_00017056.JPEG reached epsilon at step 167, loss sum: 39.1648, final loss: 0.00099564, weight distance: 0.0102
2025-09-23 02:14:17,260 - INFO - Example /home/projects/bagon/shared/imagenet512/val/n03676483/ILSVRC2012_val_00037921.JPEG reached epsilon at step 179, loss sum: 19.7365, final loss: 0.00099850, weight distance: 0.0090
2025-09-23 02:14:27,822 - INFO - Example /home/projects/bagon/shared/imagenet512/val/n02788148/ILSVRC2012_val_00033526.JPEG reached epsilon at step 113, loss sum: 6.4766, final loss: 0.00099945, weight distance: 0.0079
2025-09-23 02:14:45,468 - INFO - Example /home/projects/bagon/shared/imagenet512/val/n02132136/ILSVRC2012_val_00046763.JPEG reached epsilon at step 203, loss sum: 15.1056, final loss: 0.00099659, weight distance: 0.0089
2025-09-23 02:14:54,777 - INFO - Example /home/projects/bagon/shared/imagenet512/val/n04357314/ILSVRC2012_val_00047957.JPEG reached epsilon at step 74, loss sum: 41.0780, final loss: 0.00098038, weight distance: 0.0058
2025-09-23 02:15:11,546 - INFO - Example /home/projects/bagon/shared/imagenet512/val/n03496892/ILSVRC2012_val_00036671.JPEG reached epsilon at step 196, loss sum: 8.1339, final loss: 0.00099754, weight distance: 0.0093
2025-09-23 02:15:21,450 - INFO - Example /home/projects/bagon/shared/imagenet512/val/n02088632/ILSVRC2012_val_00038423.JPEG reached epsilon at step 104, loss sum: 19.6178, final loss: 0.00099659, weight distance: 0.0067
2025-09-23 02:15:45,368 - INFO - Example /home/projects/bagon/shared/imagenet512/val/n02092002/ILSVRC2012_val_00022857.JPEG reached epsilon at step 268, loss sum: 19.6538, final loss: 0.00099468, weight distance: 0.0125
2025-09-23 02:16:01,006 - INFO - Example /home/projects/bagon/shared/imagenet512/val/n04192698/ILSVRC2012_val_00044477.JPEG reached epsilon at step 179, loss sum: 90.2326, final loss: 0.00098896, weight distance: 0.0099
2025-09-23 02:16:15,742 - INFO - Example /home/projects/bagon/shared/imagenet512/val/n01990800/ILSVRC2012_val_00004659.JPEG reached epsilon at step 170, loss sum: 83.8964, final loss: 0.00099945, weight distance: 0.0095
2025-09-23 02:16:29,967 - INFO - Example /home/projects/bagon/shared/imagenet512/val/n02966687/ILSVRC2012_val_00015191.JPEG reached epsilon at step 155, loss sum: 1.5895, final loss: 0.00098515, weight distance: 0.0087
2025-09-23 02:16:54,289 - INFO - Example /home/projects/bagon/shared/imagenet512/val/n01737021/ILSVRC2012_val_00004040.JPEG reached epsilon at step 287, loss sum: 11.4484, final loss: 0.00099182, weight distance: 0.0131
2025-09-23 02:17:29,820 - INFO - Example /home/projects/bagon/shared/imagenet512/val/n01756291/ILSVRC2012_val_00010723.JPEG reached epsilon at step 455, loss sum: 16.6205, final loss: 0.00099945, weight distance: 0.0168
2025-09-23 02:17:37,997 - INFO - Example /home/projects/bagon/shared/imagenet512/val/n02783161/ILSVRC2012_val_00025767.JPEG reached epsilon at step 79, loss sum: 56.9731, final loss: 0.00099754, weight distance: 0.0067
2025-09-23 02:17:46,975 - INFO - Example /home/projects/bagon/shared/imagenet512/val/n02871525/ILSVRC2012_val_00046690.JPEG reached epsilon at step 87, loss sum: 30.1261, final loss: 0.00098324, weight distance: 0.0066
2025-09-23 02:18:17,374 - INFO - Example /home/projects/bagon/shared/imagenet512/val/n04044716/ILSVRC2012_val_00021879.JPEG reached epsilon at step 382, loss sum: 16.8238, final loss: 0.00099945, weight distance: 0.0128
2025-09-23 02:18:31,109 - INFO - Example /home/projects/bagon/shared/imagenet512/val/n03314780/ILSVRC2012_val_00033005.JPEG reached epsilon at step 153, loss sum: 39.9103, final loss: 0.00099659, weight distance: 0.0081
2025-09-23 02:18:50,860 - INFO - Example /home/projects/bagon/shared/imagenet512/val/n02096437/ILSVRC2012_val_00020901.JPEG reached epsilon at step 239, loss sum: 7.4262, final loss: 0.00099564, weight distance: 0.0098
2025-09-23 02:19:04,724 - INFO - Example /home/projects/bagon/shared/imagenet512/val/n04435653/ILSVRC2012_val_00034111.JPEG reached epsilon at step 156, loss sum: 12.4289, final loss: 0.00099373, weight distance: 0.0090
2025-09-23 02:19:16,596 - INFO - Example /home/projects/bagon/shared/imagenet512/val/n02791270/ILSVRC2012_val_00044488.JPEG reached epsilon at step 125, loss sum: 8.6284, final loss: 0.00099277, weight distance: 0.0095
2025-09-23 02:19:54,330 - INFO - Example /home/projects/bagon/shared/imagenet512/val/n02749479/ILSVRC2012_val_00030192.JPEG reached epsilon at step 354, loss sum: 50.6900, final loss: 0.00099373, weight distance: 0.0146
2025-09-23 02:20:07,847 - INFO - Example /home/projects/bagon/shared/imagenet512/val/n02883205/ILSVRC2012_val_00000202.JPEG reached epsilon at step 152, loss sum: 2.3256, final loss: 0.00099087, weight distance: 0.0080
2025-09-23 02:20:20,538 - INFO - Example /home/projects/bagon/shared/imagenet512/val/n03794056/ILSVRC2012_val_00035572.JPEG reached epsilon at step 130, loss sum: 2.4091, final loss: 0.00099182, weight distance: 0.0084
2025-09-23 02:20:35,698 - INFO - Example /home/projects/bagon/shared/imagenet512/val/n02091244/ILSVRC2012_val_00012149.JPEG reached epsilon at step 174, loss sum: 2.8933, final loss: 0.00099468, weight distance: 0.0088
2025-09-23 02:20:54,280 - INFO - Example /home/projects/bagon/shared/imagenet512/val/n02483708/ILSVRC2012_val_00021828.JPEG reached epsilon at step 222, loss sum: 27.0586, final loss: 0.00099564, weight distance: 0.0099
2025-09-23 02:21:17,727 - INFO - Example /home/projects/bagon/shared/imagenet512/val/n03110669/ILSVRC2012_val_00048637.JPEG reached epsilon at step 285, loss sum: 13.6363, final loss: 0.00099754, weight distance: 0.0095
2025-09-23 02:21:30,485 - INFO - Example /home/projects/bagon/shared/imagenet512/val/n04597913/ILSVRC2012_val_00034343.JPEG reached epsilon at step 121, loss sum: 1.7802, final loss: 0.00099564, weight distance: 0.0078
2025-09-23 02:21:46,078 - INFO - Example /home/projects/bagon/shared/imagenet512/val/n03404251/ILSVRC2012_val_00042865.JPEG reached epsilon at step 176, loss sum: 0.7451, final loss: 0.00099754, weight distance: 0.0079
2025-09-23 02:21:59,479 - INFO - Example /home/projects/bagon/shared/imagenet512/val/n03594734/ILSVRC2012_val_00018771.JPEG reached epsilon at step 148, loss sum: 16.1322, final loss: 0.00099850, weight distance: 0.0071
2025-09-23 02:22:17,473 - INFO - Example /home/projects/bagon/shared/imagenet512/val/n03793489/ILSVRC2012_val_00000846.JPEG reached epsilon at step 214, loss sum: 4.4539, final loss: 0.00099659, weight distance: 0.0088
2025-09-23 02:22:30,975 - INFO - Example /home/projects/bagon/shared/imagenet512/val/n04548280/ILSVRC2012_val_00046023.JPEG reached epsilon at step 151, loss sum: 23.4997, final loss: 0.00098896, weight distance: 0.0093
2025-09-23 02:22:45,739 - INFO - Example /home/projects/bagon/shared/imagenet512/val/n04004767/ILSVRC2012_val_00037028.JPEG reached epsilon at step 171, loss sum: 4.5967, final loss: 0.00099564, weight distance: 0.0107
2025-09-23 02:23:11,645 - INFO - Example /home/projects/bagon/shared/imagenet512/val/n02097474/ILSVRC2012_val_00014189.JPEG reached epsilon at step 253, loss sum: 19.6829, final loss: 0.00099850, weight distance: 0.0123
2025-09-23 02:23:28,212 - INFO - Example /home/projects/bagon/shared/imagenet512/val/n02786058/ILSVRC2012_val_00020825.JPEG reached epsilon at step 191, loss sum: 82.1137, final loss: 0.00099754, weight distance: 0.0117
2025-09-23 02:23:47,385 - INFO - Example /home/projects/bagon/shared/imagenet512/val/n02835271/ILSVRC2012_val_00025534.JPEG reached epsilon at step 215, loss sum: 17.7064, final loss: 0.00099850, weight distance: 0.0086
2025-09-23 02:24:11,549 - INFO - Example /home/projects/bagon/shared/imagenet512/val/n03290653/ILSVRC2012_val_00009515.JPEG reached epsilon at step 299, loss sum: 17.4839, final loss: 0.00099373, weight distance: 0.0130
2025-09-23 02:24:31,067 - INFO - Example /home/projects/bagon/shared/imagenet512/val/n01855672/ILSVRC2012_val_00036969.JPEG reached epsilon at step 235, loss sum: 32.6568, final loss: 0.00098991, weight distance: 0.0097
2025-09-23 02:24:41,835 - INFO - Example /home/projects/bagon/shared/imagenet512/val/n07248320/ILSVRC2012_val_00027356.JPEG reached epsilon at step 111, loss sum: 208.3405, final loss: 0.00099945, weight distance: 0.0066
2025-09-23 02:24:53,592 - INFO - Example /home/projects/bagon/shared/imagenet512/val/n03498962/ILSVRC2012_val_00032709.JPEG reached epsilon at step 122, loss sum: 28.7228, final loss: 0.00099564, weight distance: 0.0081
2025-09-23 02:25:05,621 - INFO - Example /home/projects/bagon/shared/imagenet512/val/n04317175/ILSVRC2012_val_00031926.JPEG reached epsilon at step 133, loss sum: 104.1047, final loss: 0.00099182, weight distance: 0.0089
2025-09-23 02:25:25,498 - INFO - Example /home/projects/bagon/shared/imagenet512/val/n01818515/ILSVRC2012_val_00007474.JPEG reached epsilon at step 236, loss sum: 1.2605, final loss: 0.00099564, weight distance: 0.0098
2025-09-23 02:25:48,231 - INFO - Example /home/projects/bagon/shared/imagenet512/val/n01855032/ILSVRC2012_val_00036540.JPEG reached epsilon at step 276, loss sum: 11.3525, final loss: 0.00099754, weight distance: 0.0102
2025-09-23 02:26:02,252 - INFO - Example /home/projects/bagon/shared/imagenet512/val/n04192698/ILSVRC2012_val_00026098.JPEG reached epsilon at step 159, loss sum: 153.7754, final loss: 0.00099087, weight distance: 0.0101
2025-09-23 02:26:17,922 - INFO - Example /home/projects/bagon/shared/imagenet512/val/n02101388/ILSVRC2012_val_00027526.JPEG reached epsilon at step 184, loss sum: 4.3572, final loss: 0.00099373, weight distance: 0.0094
2025-09-23 02:26:32,436 - INFO - Example /home/projects/bagon/shared/imagenet512/val/n03127747/ILSVRC2012_val_00044124.JPEG reached epsilon at step 167, loss sum: 14.1020, final loss: 0.00099277, weight distance: 0.0083
2025-09-23 02:26:46,946 - INFO - Example /home/projects/bagon/shared/imagenet512/val/n02093428/ILSVRC2012_val_00026525.JPEG reached epsilon at step 166, loss sum: 25.0880, final loss: 0.00099659, weight distance: 0.0113
2025-09-23 02:27:10,200 - INFO - Example /home/projects/bagon/shared/imagenet512/val/n01775062/ILSVRC2012_val_00026346.JPEG reached epsilon at step 288, loss sum: 3.0075, final loss: 0.00099564, weight distance: 0.0096
2025-09-23 02:27:28,874 - INFO - Example /home/projects/bagon/shared/imagenet512/val/n03125729/ILSVRC2012_val_00004193.JPEG reached epsilon at step 215, loss sum: 27.7510, final loss: 0.00099754, weight distance: 0.0105
2025-09-23 02:27:53,164 - INFO - Example /home/projects/bagon/shared/imagenet512/val/n04532106/ILSVRC2012_val_00048164.JPEG reached epsilon at step 243, loss sum: 31.4603, final loss: 0.00099564, weight distance: 0.0100
2025-09-23 02:28:07,500 - INFO - Example /home/projects/bagon/shared/imagenet512/val/n02105251/ILSVRC2012_val_00046037.JPEG reached epsilon at step 150, loss sum: 20.5200, final loss: 0.00099850, weight distance: 0.0082
2025-09-23 02:28:22,312 - INFO - Example /home/projects/bagon/shared/imagenet512/val/n03791053/ILSVRC2012_val_00049655.JPEG reached epsilon at step 153, loss sum: 8.8216, final loss: 0.00099564, weight distance: 0.0077
2025-09-23 02:28:35,331 - INFO - Example /home/projects/bagon/shared/imagenet512/val/n02087394/ILSVRC2012_val_00009470.JPEG reached epsilon at step 144, loss sum: 56.4458, final loss: 0.00098991, weight distance: 0.0095
2025-09-23 02:28:51,044 - INFO - Example /home/projects/bagon/shared/imagenet512/val/n02749479/ILSVRC2012_val_00012081.JPEG reached epsilon at step 183, loss sum: 12.3367, final loss: 0.00099754, weight distance: 0.0098
2025-09-23 02:29:02,852 - INFO - Example /home/projects/bagon/shared/imagenet512/val/n03837869/ILSVRC2012_val_00008078.JPEG reached epsilon at step 129, loss sum: 15.3128, final loss: 0.00099373, weight distance: 0.0082
2025-09-23 02:29:30,958 - INFO - Example /home/projects/bagon/shared/imagenet512/val/n03325584/ILSVRC2012_val_00044622.JPEG reached epsilon at step 357, loss sum: 15.9035, final loss: 0.00099754, weight distance: 0.0138
2025-09-23 02:29:44,546 - INFO - Example /home/projects/bagon/shared/imagenet512/val/n03623198/ILSVRC2012_val_00024197.JPEG reached epsilon at step 152, loss sum: 59.8217, final loss: 0.00099850, weight distance: 0.0079
2025-09-23 02:29:57,916 - INFO - Example /home/projects/bagon/shared/imagenet512/val/n02091635/ILSVRC2012_val_00019861.JPEG reached epsilon at step 150, loss sum: 20.3061, final loss: 0.00099468, weight distance: 0.0091
2025-09-23 02:30:14,937 - INFO - Example /home/projects/bagon/shared/imagenet512/val/n03483316/ILSVRC2012_val_00013591.JPEG reached epsilon at step 91, loss sum: 6.5189, final loss: 0.00098610, weight distance: 0.0075
2025-09-23 02:30:59,070 - INFO - Example /home/projects/bagon/shared/imagenet512/val/n01614925/ILSVRC2012_val_00040404.JPEG reached epsilon at step 580, loss sum: 80.4484, final loss: 0.00099945, weight distance: 0.0139
2025-09-23 02:31:22,604 - INFO - Example /home/projects/bagon/shared/imagenet512/val/n03110669/ILSVRC2012_val_00048456.JPEG reached epsilon at step 279, loss sum: 30.1227, final loss: 0.00099468, weight distance: 0.0122
2025-09-23 02:31:50,893 - INFO - Example /home/projects/bagon/shared/imagenet512/val/n03180011/ILSVRC2012_val_00043506.JPEG reached epsilon at step 152, loss sum: 25.7733, final loss: 0.00098419, weight distance: 0.0101
2025-09-23 02:32:03,517 - INFO - Example /home/projects/bagon/shared/imagenet512/val/n02443114/ILSVRC2012_val_00003081.JPEG reached epsilon at step 139, loss sum: 7.1342, final loss: 0.00099850, weight distance: 0.0079
2025-09-23 02:32:16,496 - INFO - Example /home/projects/bagon/shared/imagenet512/val/n07930864/ILSVRC2012_val_00005759.JPEG reached epsilon at step 145, loss sum: 14.0745, final loss: 0.00099659, weight distance: 0.0087
2025-09-23 02:32:40,204 - INFO - Example /home/projects/bagon/shared/imagenet512/val/n03218198/ILSVRC2012_val_00020384.JPEG reached epsilon at step 295, loss sum: 4.0127, final loss: 0.00099468, weight distance: 0.0120
2025-09-23 02:33:01,172 - INFO - Example /home/projects/bagon/shared/imagenet512/val/n04285008/ILSVRC2012_val_00036695.JPEG reached epsilon at step 170, loss sum: 4.1224, final loss: 0.00099182, weight distance: 0.0089
2025-09-23 02:33:15,984 - INFO - Example /home/projects/bagon/shared/imagenet512/val/n03272010/ILSVRC2012_val_00018023.JPEG reached epsilon at step 170, loss sum: 16.4397, final loss: 0.00099945, weight distance: 0.0103
2025-09-23 02:33:27,687 - INFO - Example /home/projects/bagon/shared/imagenet512/val/n03933933/ILSVRC2012_val_00018594.JPEG reached epsilon at step 120, loss sum: 35.9828, final loss: 0.00099945, weight distance: 0.0077
2025-09-23 02:33:40,712 - INFO - Example /home/projects/bagon/shared/imagenet512/val/n02966687/ILSVRC2012_val_00027808.JPEG reached epsilon at step 137, loss sum: 13.1009, final loss: 0.00099754, weight distance: 0.0093
2025-09-23 02:33:57,393 - INFO - Example /home/projects/bagon/shared/imagenet512/val/n01775062/ILSVRC2012_val_00036589.JPEG reached epsilon at step 196, loss sum: 11.1106, final loss: 0.00098896, weight distance: 0.0097
2025-09-23 02:34:18,211 - INFO - Example /home/projects/bagon/shared/imagenet512/val/n01882714/ILSVRC2012_val_00023031.JPEG reached epsilon at step 254, loss sum: 98.4185, final loss: 0.00098991, weight distance: 0.0102
2025-09-23 02:34:34,294 - INFO - Example /home/projects/bagon/shared/imagenet512/val/n02869837/ILSVRC2012_val_00046474.JPEG reached epsilon at step 190, loss sum: 17.8917, final loss: 0.00099945, weight distance: 0.0111
2025-09-23 02:34:43,382 - INFO - Example /home/projects/bagon/shared/imagenet512/val/n04482393/ILSVRC2012_val_00030514.JPEG reached epsilon at step 88, loss sum: 2.3153, final loss: 0.00098896, weight distance: 0.0071
2025-09-23 02:34:51,473 - INFO - Example /home/projects/bagon/shared/imagenet512/val/n03983396/ILSVRC2012_val_00006274.JPEG reached epsilon at step 77, loss sum: 0.3583, final loss: 0.00099087, weight distance: 0.0047
2025-09-23 02:35:03,833 - INFO - Example /home/projects/bagon/shared/imagenet512/val/n01667778/ILSVRC2012_val_00005799.JPEG reached epsilon at step 136, loss sum: 21.3754, final loss: 0.00098610, weight distance: 0.0104
2025-09-23 02:35:06,343 - INFO - Time limit reached. Exiting before starting next example.
