2025-09-23 01:02:42,139 - INFO - Parsed arguments:
2025-09-23 01:02:42,139 - INFO -   amp_dtype = None
2025-09-23 01:02:42,139 - INFO -   bars_npy = /home/projects/bagon/andreyg/Projects/BMM_school/Universal_learning/Programming/bars/geq6wrong_21017_geq6correct_1525_imagenet.npy
2025-09-23 01:02:42,139 - INFO -   cka_layer_fraction = 0.05
2025-09-23 01:02:42,140 - INFO -   current_worker = 6
2025-09-23 01:02:42,140 - INFO -   deterministic = True
2025-09-23 01:02:42,140 - INFO -   device = cuda
2025-09-23 01:02:42,140 - INFO -   epsilon = 0.001
2025-09-23 01:02:42,140 - INFO -   examples_csv = /home/projects/bagon/andreyg/Projects/BMM_school/Universal_learning/Programming/bars/geq6wrong_21017_geq6correct_1525_imagenet_examples_ammended.csv
2025-09-23 01:02:42,140 - INFO -   explicit_examples_for_training = None
2025-09-23 01:02:42,140 - INFO -   grad_clip_norm = 1.0
2025-09-23 01:02:42,140 - INFO -   hierarchy_json = /home/projects/bagon/andreyg/Projects/BMM_school/Universal_learning/Programming/bars/imagenet_synset_hierarchy.json
2025-09-23 01:02:42,140 - INFO -   imagenet_models_csv = /home/projects/bagon/andreyg/Projects/BMM_school/Universal_learning/Programming/bars/imagenet_models.csv
2025-09-23 01:02:42,140 - INFO -   lr = 0.0001
2025-09-23 01:02:42,140 - INFO -   max_examples = 50000
2025-09-23 01:02:42,140 - INFO -   max_steps_per_example = 10000
2025-09-23 01:02:42,140 - INFO -   model_csv_name = efficientvit_base_2_224_classification_imagenet_1k
2025-09-23 01:02:42,140 - INFO -   model_name = efficientvit_b2.r224_in1k
2025-09-23 01:02:42,140 - INFO -   no_amp = False
2025-09-23 01:02:42,140 - INFO -   num_workers = 8
2025-09-23 01:02:42,140 - INFO -   output_dir = /home/projects/bagon/andreyg/Projects/BMM_school/Universal_learning/Programming/training_gradient_evaluator_single_loss_parallel/output_parallel_8_workers_trial_2
2025-09-23 01:02:42,140 - INFO -   root_dir = None
2025-09-23 01:02:42,140 - INFO -   seed = 1337
2025-09-23 01:02:42,140 - INFO -   time_limit_seconds = 6300
2025-09-23 01:02:42,140 - INFO -   weight_decay = 0.0
2025-09-23 01:02:42,140 - INFO -   zero_aug_train = False
2025-09-23 01:02:44,139 - INFO - Loaded TIMM pretrained weights for efficientvit_b2.r224_in1k
2025-09-23 01:02:44,139 - INFO - pretrained_cfg.url= hf_hub_id=timm/efficientvit_b2.r224_in1k
2025-09-23 01:02:44,625 - INFO - Training configuration:
2025-09-23 01:02:44,625 - INFO -   lr = 0.0001
2025-09-23 01:02:44,625 - INFO -   weight_decay = 0.0
2025-09-23 01:02:44,625 - INFO -   max_steps = 10000
2025-09-23 01:02:44,625 - INFO -   epsilon = 0.001
2025-09-23 01:02:44,625 - INFO -   device = cuda
2025-09-23 01:02:44,625 - INFO -   use_amp = True
2025-09-23 01:02:44,625 - INFO -   amp_dtype = None
2025-09-23 01:02:44,625 - INFO -   gradient_clip_norm = 1.0
2025-09-23 01:02:55,824 - INFO - Example /home/projects/bagon/shared/imagenet512/val/n04599235/ILSVRC2012_val_00014149.JPEG reached epsilon at step 102, loss sum: 210.1840, final loss: 0.00098610, weight distance: 0.0083
2025-09-23 01:03:09,347 - INFO - Example /home/projects/bagon/shared/imagenet512/val/n04560804/ILSVRC2012_val_00013262.JPEG reached epsilon at step 131, loss sum: 134.5946, final loss: 0.00098324, weight distance: 0.0102
2025-09-23 01:03:25,309 - INFO - Example /home/projects/bagon/shared/imagenet512/val/n04023962/ILSVRC2012_val_00042866.JPEG reached epsilon at step 175, loss sum: 172.3103, final loss: 0.00099373, weight distance: 0.0088
2025-09-23 01:03:45,300 - INFO - Example /home/projects/bagon/shared/imagenet512/val/n02094433/ILSVRC2012_val_00008374.JPEG reached epsilon at step 230, loss sum: 19.6453, final loss: 0.00099945, weight distance: 0.0123
2025-09-23 01:04:03,981 - INFO - Example /home/projects/bagon/shared/imagenet512/val/n04398044/ILSVRC2012_val_00044188.JPEG reached epsilon at step 230, loss sum: 50.1948, final loss: 0.00099277, weight distance: 0.0120
2025-09-23 01:04:15,766 - INFO - Example /home/projects/bagon/shared/imagenet512/val/n03983396/ILSVRC2012_val_00036742.JPEG reached epsilon at step 127, loss sum: 51.4875, final loss: 0.00098705, weight distance: 0.0081
2025-09-23 01:04:26,863 - INFO - Example /home/projects/bagon/shared/imagenet512/val/n03871628/ILSVRC2012_val_00042417.JPEG reached epsilon at step 97, loss sum: 22.2164, final loss: 0.00098801, weight distance: 0.0069
2025-09-23 01:04:45,520 - INFO - Example /home/projects/bagon/shared/imagenet512/val/n03637318/ILSVRC2012_val_00024114.JPEG reached epsilon at step 227, loss sum: 34.5501, final loss: 0.00099659, weight distance: 0.0127
2025-09-23 01:05:08,191 - INFO - Example /home/projects/bagon/shared/imagenet512/val/n03782006/ILSVRC2012_val_00011472.JPEG reached epsilon at step 290, loss sum: 133.4256, final loss: 0.00099850, weight distance: 0.0157
2025-09-23 01:05:27,324 - INFO - Example /home/projects/bagon/shared/imagenet512/val/n02120505/ILSVRC2012_val_00048756.JPEG reached epsilon at step 219, loss sum: 40.1827, final loss: 0.00099659, weight distance: 0.0099
2025-09-23 01:05:48,267 - INFO - Example /home/projects/bagon/shared/imagenet512/val/n03782006/ILSVRC2012_val_00004083.JPEG reached epsilon at step 262, loss sum: 95.6514, final loss: 0.00099182, weight distance: 0.0161
2025-09-23 01:06:04,883 - INFO - Example /home/projects/bagon/shared/imagenet512/val/n04429376/ILSVRC2012_val_00025374.JPEG reached epsilon at step 201, loss sum: 35.9912, final loss: 0.00099754, weight distance: 0.0098
2025-09-23 01:06:31,075 - INFO - Example /home/projects/bagon/shared/imagenet512/val/n02415577/ILSVRC2012_val_00017917.JPEG reached epsilon at step 324, loss sum: 29.8378, final loss: 0.00099659, weight distance: 0.0146
2025-09-23 01:06:50,215 - INFO - Example /home/projects/bagon/shared/imagenet512/val/n04447861/ILSVRC2012_val_00042685.JPEG reached epsilon at step 240, loss sum: 48.9645, final loss: 0.00099659, weight distance: 0.0125
2025-09-23 01:07:12,275 - INFO - Example /home/projects/bagon/shared/imagenet512/val/n04591157/ILSVRC2012_val_00010783.JPEG reached epsilon at step 267, loss sum: 659.6184, final loss: 0.00098705, weight distance: 0.0181
2025-09-23 01:07:28,855 - INFO - Example /home/projects/bagon/shared/imagenet512/val/n02841315/ILSVRC2012_val_00022598.JPEG reached epsilon at step 196, loss sum: 166.1903, final loss: 0.00099945, weight distance: 0.0107
2025-09-23 01:07:42,732 - INFO - Example /home/projects/bagon/shared/imagenet512/val/n04356056/ILSVRC2012_val_00013325.JPEG reached epsilon at step 145, loss sum: 220.6189, final loss: 0.00097752, weight distance: 0.0111
2025-09-23 01:08:08,162 - INFO - Example /home/projects/bagon/shared/imagenet512/val/n07802026/ILSVRC2012_val_00014094.JPEG reached epsilon at step 325, loss sum: 367.2440, final loss: 0.00099468, weight distance: 0.0170
2025-09-23 01:08:25,853 - INFO - Example /home/projects/bagon/shared/imagenet512/val/n06596364/ILSVRC2012_val_00027754.JPEG reached epsilon at step 217, loss sum: 45.4453, final loss: 0.00099277, weight distance: 0.0110
2025-09-23 01:08:51,766 - INFO - Example /home/projects/bagon/shared/imagenet512/val/n04275548/ILSVRC2012_val_00049091.JPEG reached epsilon at step 324, loss sum: 237.5996, final loss: 0.00099277, weight distance: 0.0138
2025-09-23 01:09:03,229 - INFO - Example /home/projects/bagon/shared/imagenet512/val/n03837869/ILSVRC2012_val_00011566.JPEG reached epsilon at step 129, loss sum: 162.4105, final loss: 0.00098991, weight distance: 0.0084
2025-09-23 01:09:24,908 - INFO - Example /home/projects/bagon/shared/imagenet512/val/n02119022/ILSVRC2012_val_00033177.JPEG reached epsilon at step 272, loss sum: 17.0603, final loss: 0.00099373, weight distance: 0.0142
2025-09-23 01:09:39,519 - INFO - Example /home/projects/bagon/shared/imagenet512/val/n04357314/ILSVRC2012_val_00026569.JPEG reached epsilon at step 164, loss sum: 18.6929, final loss: 0.00099754, weight distance: 0.0097
2025-09-23 01:09:56,982 - INFO - Example /home/projects/bagon/shared/imagenet512/val/n04462240/ILSVRC2012_val_00000261.JPEG reached epsilon at step 185, loss sum: 73.6580, final loss: 0.00099659, weight distance: 0.0107
2025-09-23 01:10:14,703 - INFO - Example /home/projects/bagon/shared/imagenet512/val/n03450230/ILSVRC2012_val_00029850.JPEG reached epsilon at step 193, loss sum: 27.5907, final loss: 0.00099373, weight distance: 0.0120
2025-09-23 01:10:47,491 - INFO - Example /home/projects/bagon/shared/imagenet512/val/n07684084/ILSVRC2012_val_00006967.JPEG reached epsilon at step 422, loss sum: 175.4739, final loss: 0.00099945, weight distance: 0.0137
2025-09-23 01:11:14,293 - INFO - Example /home/projects/bagon/shared/imagenet512/val/n02114548/ILSVRC2012_val_00013699.JPEG reached epsilon at step 344, loss sum: 61.5043, final loss: 0.00099564, weight distance: 0.0155
2025-09-23 01:11:26,680 - INFO - Example /home/projects/bagon/shared/imagenet512/val/n13133613/ILSVRC2012_val_00025191.JPEG reached epsilon at step 132, loss sum: 55.6513, final loss: 0.00098228, weight distance: 0.0097
2025-09-23 01:11:49,689 - INFO - Example /home/projects/bagon/shared/imagenet512/val/n07711569/ILSVRC2012_val_00008385.JPEG reached epsilon at step 290, loss sum: 93.3010, final loss: 0.00099754, weight distance: 0.0129
2025-09-23 01:12:00,522 - INFO - Example /home/projects/bagon/shared/imagenet512/val/n04118776/ILSVRC2012_val_00045651.JPEG reached epsilon at step 117, loss sum: 82.5234, final loss: 0.00099754, weight distance: 0.0081
2025-09-23 01:12:27,273 - INFO - Example /home/projects/bagon/shared/imagenet512/val/n01632458/ILSVRC2012_val_00024262.JPEG reached epsilon at step 346, loss sum: 454.1701, final loss: 0.00099850, weight distance: 0.0161
2025-09-23 01:12:42,798 - INFO - Example /home/projects/bagon/shared/imagenet512/val/n03594945/ILSVRC2012_val_00000659.JPEG reached epsilon at step 186, loss sum: 147.1065, final loss: 0.00099373, weight distance: 0.0109
2025-09-23 01:12:56,073 - INFO - Example /home/projects/bagon/shared/imagenet512/val/n03929660/ILSVRC2012_val_00024209.JPEG reached epsilon at step 153, loss sum: 54.8235, final loss: 0.00098038, weight distance: 0.0102
2025-09-23 01:13:10,343 - INFO - Example /home/projects/bagon/shared/imagenet512/val/n02939185/ILSVRC2012_val_00049824.JPEG reached epsilon at step 168, loss sum: 50.7600, final loss: 0.00099754, weight distance: 0.0104
2025-09-23 01:13:29,142 - INFO - Example /home/projects/bagon/shared/imagenet512/val/n04532670/ILSVRC2012_val_00000296.JPEG reached epsilon at step 232, loss sum: 159.9671, final loss: 0.00099277, weight distance: 0.0116
2025-09-23 01:13:43,786 - INFO - Example /home/projects/bagon/shared/imagenet512/val/n03895866/ILSVRC2012_val_00004809.JPEG reached epsilon at step 169, loss sum: 46.3812, final loss: 0.00099945, weight distance: 0.0099
2025-09-23 01:13:58,182 - INFO - Example /home/projects/bagon/shared/imagenet512/val/n01693334/ILSVRC2012_val_00031018.JPEG reached epsilon at step 163, loss sum: 28.1698, final loss: 0.00099468, weight distance: 0.0113
2025-09-23 01:14:12,912 - INFO - Example /home/projects/bagon/shared/imagenet512/val/n02113186/ILSVRC2012_val_00035552.JPEG reached epsilon at step 167, loss sum: 69.0071, final loss: 0.00099373, weight distance: 0.0103
2025-09-23 01:14:26,226 - INFO - Example /home/projects/bagon/shared/imagenet512/val/n03623198/ILSVRC2012_val_00017846.JPEG reached epsilon at step 153, loss sum: 17.2416, final loss: 0.00099277, weight distance: 0.0079
2025-09-23 01:14:48,558 - INFO - Example /home/projects/bagon/shared/imagenet512/val/n07831146/ILSVRC2012_val_00024518.JPEG reached epsilon at step 281, loss sum: 235.9293, final loss: 0.00099468, weight distance: 0.0143
2025-09-23 01:15:09,514 - INFO - Example /home/projects/bagon/shared/imagenet512/val/n03720891/ILSVRC2012_val_00016449.JPEG reached epsilon at step 244, loss sum: 180.9816, final loss: 0.00099754, weight distance: 0.0110
2025-09-23 01:15:25,992 - INFO - Example /home/projects/bagon/shared/imagenet512/val/n02504013/ILSVRC2012_val_00028996.JPEG reached epsilon at step 203, loss sum: 43.7532, final loss: 0.00099468, weight distance: 0.0115
2025-09-23 01:15:39,690 - INFO - Example /home/projects/bagon/shared/imagenet512/val/n04589890/ILSVRC2012_val_00024360.JPEG reached epsilon at step 146, loss sum: 36.0140, final loss: 0.00099754, weight distance: 0.0083
2025-09-23 01:16:05,225 - INFO - Example /home/projects/bagon/shared/imagenet512/val/n02177972/ILSVRC2012_val_00004765.JPEG reached epsilon at step 323, loss sum: 120.4642, final loss: 0.00099945, weight distance: 0.0121
2025-09-23 01:16:27,798 - INFO - Example /home/projects/bagon/shared/imagenet512/val/n01748264/ILSVRC2012_val_00035472.JPEG reached epsilon at step 289, loss sum: 92.2631, final loss: 0.00098991, weight distance: 0.0138
2025-09-23 01:16:40,490 - INFO - Example /home/projects/bagon/shared/imagenet512/val/n04154565/ILSVRC2012_val_00014706.JPEG reached epsilon at step 144, loss sum: 75.4735, final loss: 0.00097561, weight distance: 0.0103
2025-09-23 01:16:54,288 - INFO - Example /home/projects/bagon/shared/imagenet512/val/n03045698/ILSVRC2012_val_00026552.JPEG reached epsilon at step 164, loss sum: 152.0824, final loss: 0.00099850, weight distance: 0.0110
2025-09-23 01:17:02,724 - INFO - Example /home/projects/bagon/shared/imagenet512/val/n03658185/ILSVRC2012_val_00044568.JPEG reached epsilon at step 88, loss sum: 98.4288, final loss: 0.00093842, weight distance: 0.0067
2025-09-23 01:17:17,910 - INFO - Example /home/projects/bagon/shared/imagenet512/val/n03866082/ILSVRC2012_val_00035692.JPEG reached epsilon at step 181, loss sum: 63.8675, final loss: 0.00099850, weight distance: 0.0089
2025-09-23 01:17:32,748 - INFO - Example /home/projects/bagon/shared/imagenet512/val/n04532106/ILSVRC2012_val_00032895.JPEG reached epsilon at step 173, loss sum: 96.0205, final loss: 0.00099850, weight distance: 0.0088
2025-09-23 01:17:46,747 - INFO - Example /home/projects/bagon/shared/imagenet512/val/n04131690/ILSVRC2012_val_00031663.JPEG reached epsilon at step 162, loss sum: 38.7521, final loss: 0.00099850, weight distance: 0.0081
2025-09-23 01:18:03,657 - INFO - Example /home/projects/bagon/shared/imagenet512/val/n02877765/ILSVRC2012_val_00005032.JPEG reached epsilon at step 204, loss sum: 123.3643, final loss: 0.00099945, weight distance: 0.0089
2025-09-23 01:18:12,084 - INFO - Example /home/projects/bagon/shared/imagenet512/val/n04599235/ILSVRC2012_val_00041145.JPEG reached epsilon at step 83, loss sum: 77.1865, final loss: 0.00098038, weight distance: 0.0064
2025-09-23 01:18:27,639 - INFO - Example /home/projects/bagon/shared/imagenet512/val/n09468604/ILSVRC2012_val_00010664.JPEG reached epsilon at step 184, loss sum: 20.8005, final loss: 0.00099564, weight distance: 0.0112
2025-09-23 01:18:45,793 - INFO - Example /home/projects/bagon/shared/imagenet512/val/n04532670/ILSVRC2012_val_00044782.JPEG reached epsilon at step 225, loss sum: 115.2825, final loss: 0.00099850, weight distance: 0.0105
2025-09-23 01:18:56,366 - INFO - Example /home/projects/bagon/shared/imagenet512/val/n03781244/ILSVRC2012_val_00049565.JPEG reached epsilon at step 91, loss sum: 43.6998, final loss: 0.00099182, weight distance: 0.0067
2025-09-23 01:19:12,491 - INFO - Example /home/projects/bagon/shared/imagenet512/val/n03482405/ILSVRC2012_val_00042836.JPEG reached epsilon at step 190, loss sum: 105.1660, final loss: 0.00098610, weight distance: 0.0113
2025-09-23 01:19:27,629 - INFO - Example /home/projects/bagon/shared/imagenet512/val/n03127925/ILSVRC2012_val_00008681.JPEG reached epsilon at step 179, loss sum: 67.6091, final loss: 0.00099754, weight distance: 0.0099
2025-09-23 01:19:42,340 - INFO - Example /home/projects/bagon/shared/imagenet512/val/n03832673/ILSVRC2012_val_00015103.JPEG reached epsilon at step 146, loss sum: 20.2858, final loss: 0.00098896, weight distance: 0.0109
2025-09-23 01:20:06,595 - INFO - Example /home/projects/bagon/shared/imagenet512/val/n02493509/ILSVRC2012_val_00021679.JPEG reached epsilon at step 307, loss sum: 36.1816, final loss: 0.00099659, weight distance: 0.0153
2025-09-23 01:20:23,667 - INFO - Example /home/projects/bagon/shared/imagenet512/val/n03793489/ILSVRC2012_val_00027014.JPEG reached epsilon at step 207, loss sum: 68.6393, final loss: 0.00099754, weight distance: 0.0120
2025-09-23 01:20:45,384 - INFO - Example /home/projects/bagon/shared/imagenet512/val/n01644900/ILSVRC2012_val_00024428.JPEG reached epsilon at step 276, loss sum: 49.8104, final loss: 0.00099850, weight distance: 0.0120
2025-09-23 01:20:58,478 - INFO - Example /home/projects/bagon/shared/imagenet512/val/n04285008/ILSVRC2012_val_00043297.JPEG reached epsilon at step 146, loss sum: 32.6456, final loss: 0.00099754, weight distance: 0.0095
2025-09-23 01:21:15,806 - INFO - Example /home/projects/bagon/shared/imagenet512/val/n02749479/ILSVRC2012_val_00024794.JPEG reached epsilon at step 196, loss sum: 77.3916, final loss: 0.00099373, weight distance: 0.0134
2025-09-23 01:21:40,153 - INFO - Example /home/projects/bagon/shared/imagenet512/val/n03930313/ILSVRC2012_val_00011672.JPEG reached epsilon at step 316, loss sum: 54.7596, final loss: 0.00099468, weight distance: 0.0153
2025-09-23 01:21:57,466 - INFO - Example /home/projects/bagon/shared/imagenet512/val/n02107908/ILSVRC2012_val_00034608.JPEG reached epsilon at step 189, loss sum: 42.5728, final loss: 0.00098705, weight distance: 0.0116
2025-09-23 01:22:24,339 - INFO - Example /home/projects/bagon/shared/imagenet512/val/n02423022/ILSVRC2012_val_00024266.JPEG reached epsilon at step 331, loss sum: 53.2310, final loss: 0.00099850, weight distance: 0.0126
2025-09-23 01:22:53,388 - INFO - Example /home/projects/bagon/shared/imagenet512/val/n03590841/ILSVRC2012_val_00042696.JPEG reached epsilon at step 375, loss sum: 513.2719, final loss: 0.00099850, weight distance: 0.0136
2025-09-23 01:23:04,722 - INFO - Example /home/projects/bagon/shared/imagenet512/val/n03062245/ILSVRC2012_val_00036404.JPEG reached epsilon at step 119, loss sum: 117.4844, final loss: 0.00099659, weight distance: 0.0071
2025-09-23 01:23:15,484 - INFO - Example /home/projects/bagon/shared/imagenet512/val/n02840245/ILSVRC2012_val_00042130.JPEG reached epsilon at step 116, loss sum: 86.1388, final loss: 0.00099850, weight distance: 0.0079
2025-09-23 01:23:26,549 - INFO - Example /home/projects/bagon/shared/imagenet512/val/n03970156/ILSVRC2012_val_00032437.JPEG reached epsilon at step 120, loss sum: 79.3189, final loss: 0.00098801, weight distance: 0.0093
2025-09-23 01:23:44,763 - INFO - Example /home/projects/bagon/shared/imagenet512/val/n02834397/ILSVRC2012_val_00010541.JPEG reached epsilon at step 193, loss sum: 173.9346, final loss: 0.00099850, weight distance: 0.0110
2025-09-23 01:23:59,731 - INFO - Example /home/projects/bagon/shared/imagenet512/val/n04525038/ILSVRC2012_val_00046504.JPEG reached epsilon at step 157, loss sum: 237.2592, final loss: 0.00099659, weight distance: 0.0095
2025-09-23 01:24:15,470 - INFO - Example /home/projects/bagon/shared/imagenet512/val/n04591157/ILSVRC2012_val_00004158.JPEG reached epsilon at step 187, loss sum: 102.6330, final loss: 0.00099087, weight distance: 0.0116
2025-09-23 01:24:28,825 - INFO - Example /home/projects/bagon/shared/imagenet512/val/n02859443/ILSVRC2012_val_00028066.JPEG reached epsilon at step 149, loss sum: 26.1118, final loss: 0.00099754, weight distance: 0.0093
2025-09-23 01:24:43,187 - INFO - Example /home/projects/bagon/shared/imagenet512/val/n03692522/ILSVRC2012_val_00032694.JPEG reached epsilon at step 166, loss sum: 215.7869, final loss: 0.00099754, weight distance: 0.0102
2025-09-23 01:25:04,011 - INFO - Example /home/projects/bagon/shared/imagenet512/val/n04591157/ILSVRC2012_val_00009629.JPEG reached epsilon at step 258, loss sum: 58.7264, final loss: 0.00099373, weight distance: 0.0122
2025-09-23 01:25:22,121 - INFO - Example /home/projects/bagon/shared/imagenet512/val/n03250847/ILSVRC2012_val_00048628.JPEG reached epsilon at step 193, loss sum: 87.0845, final loss: 0.00099754, weight distance: 0.0118
2025-09-23 01:25:47,236 - INFO - Example /home/projects/bagon/shared/imagenet512/val/n09472597/ILSVRC2012_val_00029608.JPEG reached epsilon at step 297, loss sum: 184.3786, final loss: 0.00099754, weight distance: 0.0117
2025-09-23 01:26:06,463 - INFO - Example /home/projects/bagon/shared/imagenet512/val/n04037443/ILSVRC2012_val_00028209.JPEG reached epsilon at step 238, loss sum: 103.7839, final loss: 0.00099850, weight distance: 0.0139
2025-09-23 01:26:17,497 - INFO - Example /home/projects/bagon/shared/imagenet512/val/n07579787/ILSVRC2012_val_00013172.JPEG reached epsilon at step 119, loss sum: 70.6710, final loss: 0.00097609, weight distance: 0.0091
2025-09-23 01:26:36,012 - INFO - Example /home/projects/bagon/shared/imagenet512/val/n02319095/ILSVRC2012_val_00020644.JPEG reached epsilon at step 229, loss sum: 74.7094, final loss: 0.00099659, weight distance: 0.0099
2025-09-23 01:26:56,985 - INFO - Example /home/projects/bagon/shared/imagenet512/val/n04254777/ILSVRC2012_val_00019230.JPEG reached epsilon at step 263, loss sum: 257.2186, final loss: 0.00099754, weight distance: 0.0126
2025-09-23 01:27:13,787 - INFO - Example /home/projects/bagon/shared/imagenet512/val/n09399592/ILSVRC2012_val_00043889.JPEG reached epsilon at step 202, loss sum: 43.0284, final loss: 0.00099945, weight distance: 0.0112
2025-09-23 01:27:21,669 - INFO - Example /home/projects/bagon/shared/imagenet512/val/n04599235/ILSVRC2012_val_00026827.JPEG reached epsilon at step 67, loss sum: 38.6250, final loss: 0.00096989, weight distance: 0.0055
2025-09-23 01:28:03,165 - INFO - Example /home/projects/bagon/shared/imagenet512/val/n02643566/ILSVRC2012_val_00016698.JPEG reached epsilon at step 549, loss sum: 110.7117, final loss: 0.00099659, weight distance: 0.0141
2025-09-23 01:28:18,047 - INFO - Example /home/projects/bagon/shared/imagenet512/val/n04554684/ILSVRC2012_val_00013010.JPEG reached epsilon at step 164, loss sum: 197.6720, final loss: 0.00098515, weight distance: 0.0104
2025-09-23 01:28:37,166 - INFO - Example /home/projects/bagon/shared/imagenet512/val/n03832673/ILSVRC2012_val_00026011.JPEG reached epsilon at step 199, loss sum: 91.2512, final loss: 0.00098705, weight distance: 0.0145
2025-09-23 01:28:48,187 - INFO - Example /home/projects/bagon/shared/imagenet512/val/n04525038/ILSVRC2012_val_00023329.JPEG reached epsilon at step 118, loss sum: 139.4766, final loss: 0.00099659, weight distance: 0.0080
2025-09-23 01:28:58,769 - INFO - Example /home/projects/bagon/shared/imagenet512/val/n03047690/ILSVRC2012_val_00014333.JPEG reached epsilon at step 115, loss sum: 112.4173, final loss: 0.00099945, weight distance: 0.0093
2025-09-23 01:29:15,803 - INFO - Example /home/projects/bagon/shared/imagenet512/val/n03710637/ILSVRC2012_val_00028232.JPEG reached epsilon at step 203, loss sum: 38.3575, final loss: 0.00099754, weight distance: 0.0148
2025-09-23 01:29:33,709 - INFO - Example /home/projects/bagon/shared/imagenet512/val/n12144580/ILSVRC2012_val_00021581.JPEG reached epsilon at step 216, loss sum: 60.5542, final loss: 0.00099659, weight distance: 0.0109
2025-09-23 01:29:54,238 - INFO - Example /home/projects/bagon/shared/imagenet512/val/n02109961/ILSVRC2012_val_00006059.JPEG reached epsilon at step 242, loss sum: 58.5552, final loss: 0.00099945, weight distance: 0.0126
2025-09-23 01:30:05,679 - INFO - Example /home/projects/bagon/shared/imagenet512/val/n01693334/ILSVRC2012_val_00031003.JPEG reached epsilon at step 125, loss sum: 16.6353, final loss: 0.00099468, weight distance: 0.0074
2025-09-23 01:30:20,704 - INFO - Example /home/projects/bagon/shared/imagenet512/val/n03216828/ILSVRC2012_val_00047807.JPEG reached epsilon at step 179, loss sum: 42.6746, final loss: 0.00098896, weight distance: 0.0106
2025-09-23 01:30:42,592 - INFO - Example /home/projects/bagon/shared/imagenet512/val/n04147183/ILSVRC2012_val_00000094.JPEG reached epsilon at step 246, loss sum: 124.4359, final loss: 0.00099468, weight distance: 0.0139
2025-09-23 01:30:59,008 - INFO - Example /home/projects/bagon/shared/imagenet512/val/n04525038/ILSVRC2012_val_00044332.JPEG reached epsilon at step 198, loss sum: 147.9207, final loss: 0.00099945, weight distance: 0.0115
2025-09-23 01:31:13,615 - INFO - Example /home/projects/bagon/shared/imagenet512/val/n03216828/ILSVRC2012_val_00039970.JPEG reached epsilon at step 159, loss sum: 96.7432, final loss: 0.00099182, weight distance: 0.0109
2025-09-23 01:31:35,827 - INFO - Example /home/projects/bagon/shared/imagenet512/val/n03775071/ILSVRC2012_val_00016219.JPEG reached epsilon at step 275, loss sum: 205.0484, final loss: 0.00099659, weight distance: 0.0141
2025-09-23 01:31:47,214 - INFO - Example /home/projects/bagon/shared/imagenet512/val/n03041632/ILSVRC2012_val_00019358.JPEG reached epsilon at step 127, loss sum: 4.7172, final loss: 0.00099277, weight distance: 0.0086
2025-09-23 01:32:01,697 - INFO - Example /home/projects/bagon/shared/imagenet512/val/n04356056/ILSVRC2012_val_00034982.JPEG reached epsilon at step 171, loss sum: 113.6155, final loss: 0.00099754, weight distance: 0.0137
2025-09-23 01:32:11,293 - INFO - Example /home/projects/bagon/shared/imagenet512/val/n03658185/ILSVRC2012_val_00043869.JPEG reached epsilon at step 99, loss sum: 53.8700, final loss: 0.00098896, weight distance: 0.0082
2025-09-23 01:32:25,848 - INFO - Example /home/projects/bagon/shared/imagenet512/val/n02999410/ILSVRC2012_val_00023126.JPEG reached epsilon at step 170, loss sum: 81.9453, final loss: 0.00098705, weight distance: 0.0091
2025-09-23 01:32:39,838 - INFO - Example /home/projects/bagon/shared/imagenet512/val/n02119789/ILSVRC2012_val_00001260.JPEG reached epsilon at step 162, loss sum: 78.0904, final loss: 0.00099373, weight distance: 0.0099
2025-09-23 01:32:48,818 - INFO - Example /home/projects/bagon/shared/imagenet512/val/n03690938/ILSVRC2012_val_00004561.JPEG reached epsilon at step 92, loss sum: 64.3119, final loss: 0.00098324, weight distance: 0.0073
2025-09-23 01:32:56,064 - INFO - Example /home/projects/bagon/shared/imagenet512/val/n02096294/ILSVRC2012_val_00017380.JPEG reached epsilon at step 66, loss sum: 41.0862, final loss: 0.00095701, weight distance: 0.0058
2025-09-23 01:33:11,319 - INFO - Example /home/projects/bagon/shared/imagenet512/val/n07930864/ILSVRC2012_val_00030068.JPEG reached epsilon at step 179, loss sum: 130.6378, final loss: 0.00099564, weight distance: 0.0107
2025-09-23 01:33:23,870 - INFO - Example /home/projects/bagon/shared/imagenet512/val/n02883205/ILSVRC2012_val_00045515.JPEG reached epsilon at step 142, loss sum: 257.2118, final loss: 0.00099850, weight distance: 0.0102
2025-09-23 01:33:44,590 - INFO - Example /home/projects/bagon/shared/imagenet512/val/n03967562/ILSVRC2012_val_00000292.JPEG reached epsilon at step 263, loss sum: 61.4834, final loss: 0.00099945, weight distance: 0.0123
2025-09-23 01:34:01,020 - INFO - Example /home/projects/bagon/shared/imagenet512/val/n03796401/ILSVRC2012_val_00044805.JPEG reached epsilon at step 190, loss sum: 95.7669, final loss: 0.00099277, weight distance: 0.0106
2025-09-23 01:34:12,863 - INFO - Example /home/projects/bagon/shared/imagenet512/val/n03633091/ILSVRC2012_val_00035588.JPEG reached epsilon at step 130, loss sum: 183.9521, final loss: 0.00098133, weight distance: 0.0103
2025-09-23 01:34:30,897 - INFO - Example /home/projects/bagon/shared/imagenet512/val/n04579145/ILSVRC2012_val_00029100.JPEG reached epsilon at step 220, loss sum: 24.3462, final loss: 0.00099754, weight distance: 0.0112
2025-09-23 01:34:50,563 - INFO - Example /home/projects/bagon/shared/imagenet512/val/n03724870/ILSVRC2012_val_00045706.JPEG reached epsilon at step 229, loss sum: 303.8592, final loss: 0.00098515, weight distance: 0.0151
2025-09-23 01:35:12,003 - INFO - Example /home/projects/bagon/shared/imagenet512/val/n03840681/ILSVRC2012_val_00029902.JPEG reached epsilon at step 236, loss sum: 222.9429, final loss: 0.00099659, weight distance: 0.0139
2025-09-23 01:35:28,463 - INFO - Example /home/projects/bagon/shared/imagenet512/val/n03250847/ILSVRC2012_val_00031217.JPEG reached epsilon at step 203, loss sum: 62.3561, final loss: 0.00099564, weight distance: 0.0107
2025-09-23 01:35:44,220 - INFO - Example /home/projects/bagon/shared/imagenet512/val/n04590129/ILSVRC2012_val_00013882.JPEG reached epsilon at step 184, loss sum: 197.4590, final loss: 0.00099087, weight distance: 0.0112
2025-09-23 01:35:58,011 - INFO - Example /home/projects/bagon/shared/imagenet512/val/n03796401/ILSVRC2012_val_00028686.JPEG reached epsilon at step 154, loss sum: 28.5093, final loss: 0.00099659, weight distance: 0.0087
2025-09-23 01:36:10,522 - INFO - Example /home/projects/bagon/shared/imagenet512/val/n02443114/ILSVRC2012_val_00048525.JPEG reached epsilon at step 146, loss sum: 25.4166, final loss: 0.00099468, weight distance: 0.0100
2025-09-23 01:36:31,172 - INFO - Example /home/projects/bagon/shared/imagenet512/val/n02106166/ILSVRC2012_val_00020986.JPEG reached epsilon at step 254, loss sum: 45.5250, final loss: 0.00099754, weight distance: 0.0135
2025-09-23 01:36:50,281 - INFO - Example /home/projects/bagon/shared/imagenet512/val/n02403003/ILSVRC2012_val_00010592.JPEG reached epsilon at step 233, loss sum: 97.2635, final loss: 0.00099087, weight distance: 0.0141
2025-09-23 01:37:01,478 - INFO - Example /home/projects/bagon/shared/imagenet512/val/n04548362/ILSVRC2012_val_00011817.JPEG reached epsilon at step 120, loss sum: 20.9431, final loss: 0.00099754, weight distance: 0.0075
2025-09-23 01:37:14,172 - INFO - Example /home/projects/bagon/shared/imagenet512/val/n03787032/ILSVRC2012_val_00026132.JPEG reached epsilon at step 141, loss sum: 55.6022, final loss: 0.00099468, weight distance: 0.0092
2025-09-23 01:37:33,575 - INFO - Example /home/projects/bagon/shared/imagenet512/val/n03085013/ILSVRC2012_val_00041349.JPEG reached epsilon at step 240, loss sum: 125.0586, final loss: 0.00099850, weight distance: 0.0155
2025-09-23 01:37:47,323 - INFO - Example /home/projects/bagon/shared/imagenet512/val/n03742115/ILSVRC2012_val_00049486.JPEG reached epsilon at step 159, loss sum: 12.1832, final loss: 0.00099850, weight distance: 0.0081
2025-09-23 01:38:11,919 - INFO - Example /home/projects/bagon/shared/imagenet512/val/n03710721/ILSVRC2012_val_00016043.JPEG reached epsilon at step 304, loss sum: 60.4729, final loss: 0.00099945, weight distance: 0.0156
2025-09-23 01:38:32,407 - INFO - Example /home/projects/bagon/shared/imagenet512/val/n03804744/ILSVRC2012_val_00046728.JPEG reached epsilon at step 253, loss sum: 244.6206, final loss: 0.00099564, weight distance: 0.0133
2025-09-23 01:38:47,209 - INFO - Example /home/projects/bagon/shared/imagenet512/val/n02837789/ILSVRC2012_val_00007559.JPEG reached epsilon at step 163, loss sum: 296.4952, final loss: 0.00098324, weight distance: 0.0130
2025-09-23 01:38:59,915 - INFO - Example /home/projects/bagon/shared/imagenet512/val/n04336792/ILSVRC2012_val_00027884.JPEG reached epsilon at step 144, loss sum: 190.0817, final loss: 0.00099564, weight distance: 0.0095
2025-09-23 01:39:17,854 - INFO - Example /home/projects/bagon/shared/imagenet512/val/n04435653/ILSVRC2012_val_00027447.JPEG reached epsilon at step 220, loss sum: 275.9206, final loss: 0.00099850, weight distance: 0.0096
2025-09-23 01:39:39,754 - INFO - Example /home/projects/bagon/shared/imagenet512/val/n02486261/ILSVRC2012_val_00011101.JPEG reached epsilon at step 274, loss sum: 124.5333, final loss: 0.00099754, weight distance: 0.0133
2025-09-23 01:39:54,630 - INFO - Example /home/projects/bagon/shared/imagenet512/val/n03710637/ILSVRC2012_val_00014830.JPEG reached epsilon at step 153, loss sum: 50.1510, final loss: 0.00099182, weight distance: 0.0115
2025-09-23 01:40:20,289 - INFO - Example /home/projects/bagon/shared/imagenet512/val/n02321529/ILSVRC2012_val_00043443.JPEG reached epsilon at step 324, loss sum: 9.3261, final loss: 0.00099468, weight distance: 0.0100
2025-09-23 01:40:31,722 - INFO - Example /home/projects/bagon/shared/imagenet512/val/n04263257/ILSVRC2012_val_00040481.JPEG reached epsilon at step 119, loss sum: 38.2904, final loss: 0.00098419, weight distance: 0.0087
2025-09-23 01:40:52,626 - INFO - Example /home/projects/bagon/shared/imagenet512/val/n02992211/ILSVRC2012_val_00003715.JPEG reached epsilon at step 263, loss sum: 84.3247, final loss: 0.00099945, weight distance: 0.0119
2025-09-23 01:41:12,930 - INFO - Example /home/projects/bagon/shared/imagenet512/val/n03452741/ILSVRC2012_val_00028144.JPEG reached epsilon at step 248, loss sum: 51.6833, final loss: 0.00099564, weight distance: 0.0128
2025-09-23 01:41:33,958 - INFO - Example /home/projects/bagon/shared/imagenet512/val/n01873310/ILSVRC2012_val_00035112.JPEG reached epsilon at step 259, loss sum: 111.3373, final loss: 0.00099754, weight distance: 0.0118
2025-09-23 01:41:44,149 - INFO - Example /home/projects/bagon/shared/imagenet512/val/n03314780/ILSVRC2012_val_00033127.JPEG reached epsilon at step 95, loss sum: 101.4088, final loss: 0.00099087, weight distance: 0.0067
2025-09-23 01:42:05,238 - INFO - Example /home/projects/bagon/shared/imagenet512/val/n03796401/ILSVRC2012_val_00030948.JPEG reached epsilon at step 253, loss sum: 204.7378, final loss: 0.00099564, weight distance: 0.0152
2025-09-23 01:42:18,389 - INFO - Example /home/projects/bagon/shared/imagenet512/val/n02124075/ILSVRC2012_val_00046770.JPEG reached epsilon at step 155, loss sum: 199.1533, final loss: 0.00099373, weight distance: 0.0121
2025-09-23 01:42:30,739 - INFO - Example /home/projects/bagon/shared/imagenet512/val/n02971356/ILSVRC2012_val_00039126.JPEG reached epsilon at step 132, loss sum: 106.1043, final loss: 0.00096750, weight distance: 0.0098
2025-09-23 01:42:46,458 - INFO - Example /home/projects/bagon/shared/imagenet512/val/n04442312/ILSVRC2012_val_00040118.JPEG reached epsilon at step 179, loss sum: 188.6246, final loss: 0.00099087, weight distance: 0.0105
2025-09-23 01:43:02,347 - INFO - Example /home/projects/bagon/shared/imagenet512/val/n02837789/ILSVRC2012_val_00026140.JPEG reached epsilon at step 157, loss sum: 25.0675, final loss: 0.00098991, weight distance: 0.0101
2025-09-23 01:43:27,788 - INFO - Example /home/projects/bagon/shared/imagenet512/val/n02640242/ILSVRC2012_val_00000050.JPEG reached epsilon at step 292, loss sum: 208.9284, final loss: 0.00099945, weight distance: 0.0113
2025-09-23 01:43:45,728 - INFO - Example /home/projects/bagon/shared/imagenet512/val/n03141823/ILSVRC2012_val_00004718.JPEG reached epsilon at step 208, loss sum: 182.2259, final loss: 0.00099373, weight distance: 0.0092
2025-09-23 01:44:13,532 - INFO - Example /home/projects/bagon/shared/imagenet512/val/n02326432/ILSVRC2012_val_00018196.JPEG reached epsilon at step 313, loss sum: 82.2744, final loss: 0.00099850, weight distance: 0.0139
2025-09-23 01:44:26,669 - INFO - Example /home/projects/bagon/shared/imagenet512/val/n03534580/ILSVRC2012_val_00009741.JPEG reached epsilon at step 144, loss sum: 13.4334, final loss: 0.00099373, weight distance: 0.0084
2025-09-23 01:44:38,974 - INFO - Example /home/projects/bagon/shared/imagenet512/val/n03485407/ILSVRC2012_val_00030007.JPEG reached epsilon at step 135, loss sum: 80.7207, final loss: 0.00099754, weight distance: 0.0069
2025-09-23 01:44:57,225 - INFO - Example /home/projects/bagon/shared/imagenet512/val/n01943899/ILSVRC2012_val_00012672.JPEG reached epsilon at step 227, loss sum: 8.2888, final loss: 0.00099087, weight distance: 0.0115
2025-09-23 01:45:20,963 - INFO - Example /home/projects/bagon/shared/imagenet512/val/n02085936/ILSVRC2012_val_00041918.JPEG reached epsilon at step 294, loss sum: 157.8734, final loss: 0.00099754, weight distance: 0.0124
2025-09-23 01:45:37,462 - INFO - Example /home/projects/bagon/shared/imagenet512/val/n07920052/ILSVRC2012_val_00015099.JPEG reached epsilon at step 186, loss sum: 63.2513, final loss: 0.00099564, weight distance: 0.0106
2025-09-23 01:45:51,807 - INFO - Example /home/projects/bagon/shared/imagenet512/val/n03642806/ILSVRC2012_val_00030849.JPEG reached epsilon at step 147, loss sum: 32.4749, final loss: 0.00098705, weight distance: 0.0109
2025-09-23 01:46:05,874 - INFO - Example /home/projects/bagon/shared/imagenet512/val/n02910353/ILSVRC2012_val_00044887.JPEG reached epsilon at step 163, loss sum: 105.3995, final loss: 0.00099850, weight distance: 0.0088
2025-09-23 01:46:32,664 - INFO - Example /home/projects/bagon/shared/imagenet512/val/n03710721/ILSVRC2012_val_00019178.JPEG reached epsilon at step 341, loss sum: 70.6451, final loss: 0.00099850, weight distance: 0.0153
2025-09-23 01:46:45,032 - INFO - Example /home/projects/bagon/shared/imagenet512/val/n03642806/ILSVRC2012_val_00031511.JPEG reached epsilon at step 134, loss sum: 58.4313, final loss: 0.00099182, weight distance: 0.0108
2025-09-23 01:47:09,810 - INFO - Example /home/projects/bagon/shared/imagenet512/val/n02979186/ILSVRC2012_val_00014287.JPEG reached epsilon at step 305, loss sum: 44.4914, final loss: 0.00099945, weight distance: 0.0142
2025-09-23 01:47:31,542 - INFO - Example /home/projects/bagon/shared/imagenet512/val/n03394916/ILSVRC2012_val_00041242.JPEG reached epsilon at step 262, loss sum: 196.0992, final loss: 0.00099945, weight distance: 0.0125
2025-09-23 01:47:51,723 - INFO - Example /home/projects/bagon/shared/imagenet512/val/n02106030/ILSVRC2012_val_00027164.JPEG reached epsilon at step 253, loss sum: 64.8313, final loss: 0.00099564, weight distance: 0.0164
2025-09-23 01:48:01,005 - INFO - Example /home/projects/bagon/shared/imagenet512/val/n03710637/ILSVRC2012_val_00001562.JPEG reached epsilon at step 98, loss sum: 24.3520, final loss: 0.00097561, weight distance: 0.0083
2025-09-23 01:48:17,210 - INFO - Example /home/projects/bagon/shared/imagenet512/val/n02412080/ILSVRC2012_val_00008559.JPEG reached epsilon at step 190, loss sum: 57.5570, final loss: 0.00099182, weight distance: 0.0113
2025-09-23 01:48:35,660 - INFO - Example /home/projects/bagon/shared/imagenet512/val/n07932039/ILSVRC2012_val_00025362.JPEG reached epsilon at step 212, loss sum: 128.7444, final loss: 0.00099373, weight distance: 0.0121
2025-09-23 01:48:49,404 - INFO - Example /home/projects/bagon/shared/imagenet512/val/n07880968/ILSVRC2012_val_00000606.JPEG reached epsilon at step 157, loss sum: 132.4426, final loss: 0.00099754, weight distance: 0.0083
2025-09-23 01:49:06,605 - INFO - Example /home/projects/bagon/shared/imagenet512/val/n04008634/ILSVRC2012_val_00037967.JPEG reached epsilon at step 210, loss sum: 18.7459, final loss: 0.00098705, weight distance: 0.0125
2025-09-23 01:49:20,734 - INFO - Example /home/projects/bagon/shared/imagenet512/val/n04265275/ILSVRC2012_val_00004635.JPEG reached epsilon at step 166, loss sum: 348.8194, final loss: 0.00099945, weight distance: 0.0101
2025-09-23 01:49:33,249 - INFO - Example /home/projects/bagon/shared/imagenet512/val/n04443257/ILSVRC2012_val_00004633.JPEG reached epsilon at step 118, loss sum: 109.9041, final loss: 0.00099945, weight distance: 0.0088
2025-09-23 01:50:01,830 - INFO - Example /home/projects/bagon/shared/imagenet512/val/n07749582/ILSVRC2012_val_00027944.JPEG reached epsilon at step 362, loss sum: 210.0984, final loss: 0.00099659, weight distance: 0.0145
2025-09-23 01:50:24,260 - INFO - Example /home/projects/bagon/shared/imagenet512/val/n02484975/ILSVRC2012_val_00037489.JPEG reached epsilon at step 281, loss sum: 131.8673, final loss: 0.00099564, weight distance: 0.0123
2025-09-23 01:50:45,275 - INFO - Example /home/projects/bagon/shared/imagenet512/val/n02514041/ILSVRC2012_val_00004161.JPEG reached epsilon at step 264, loss sum: 98.6390, final loss: 0.00099945, weight distance: 0.0119
2025-09-23 01:51:01,182 - INFO - Example /home/projects/bagon/shared/imagenet512/val/n03950228/ILSVRC2012_val_00004522.JPEG reached epsilon at step 148, loss sum: 130.7280, final loss: 0.00099277, weight distance: 0.0111
2025-09-23 01:51:21,204 - INFO - Example /home/projects/bagon/shared/imagenet512/val/n01692333/ILSVRC2012_val_00004505.JPEG reached epsilon at step 244, loss sum: 66.3266, final loss: 0.00099659, weight distance: 0.0116
2025-09-23 01:51:30,889 - INFO - Example /home/projects/bagon/shared/imagenet512/val/n02113624/ILSVRC2012_val_00016805.JPEG reached epsilon at step 81, loss sum: 64.8771, final loss: 0.00094748, weight distance: 0.0071
2025-09-23 01:51:47,983 - INFO - Example /home/projects/bagon/shared/imagenet512/val/n02114712/ILSVRC2012_val_00009578.JPEG reached epsilon at step 207, loss sum: 71.2838, final loss: 0.00099945, weight distance: 0.0117
2025-09-23 01:52:04,059 - INFO - Example /home/projects/bagon/shared/imagenet512/val/n13054560/ILSVRC2012_val_00036596.JPEG reached epsilon at step 171, loss sum: 27.7386, final loss: 0.00099945, weight distance: 0.0092
2025-09-23 01:52:19,181 - INFO - Example /home/projects/bagon/shared/imagenet512/val/n04380533/ILSVRC2012_val_00040162.JPEG reached epsilon at step 181, loss sum: 35.6781, final loss: 0.00099659, weight distance: 0.0115
2025-09-23 01:52:36,595 - INFO - Example /home/projects/bagon/shared/imagenet512/val/n03691459/ILSVRC2012_val_00036335.JPEG reached epsilon at step 214, loss sum: 127.9898, final loss: 0.00099087, weight distance: 0.0138
2025-09-23 01:52:52,768 - INFO - Example /home/projects/bagon/shared/imagenet512/val/n02701002/ILSVRC2012_val_00049302.JPEG reached epsilon at step 194, loss sum: 351.5156, final loss: 0.00098515, weight distance: 0.0117
2025-09-23 01:53:09,441 - INFO - Example /home/projects/bagon/shared/imagenet512/val/n07717556/ILSVRC2012_val_00037725.JPEG reached epsilon at step 205, loss sum: 193.9212, final loss: 0.00098991, weight distance: 0.0127
2025-09-23 01:53:27,811 - INFO - Example /home/projects/bagon/shared/imagenet512/val/n02219486/ILSVRC2012_val_00044990.JPEG reached epsilon at step 201, loss sum: 163.3111, final loss: 0.00099373, weight distance: 0.0100
2025-09-23 01:53:46,486 - INFO - Example /home/projects/bagon/shared/imagenet512/val/n02009229/ILSVRC2012_val_00049444.JPEG reached epsilon at step 233, loss sum: 23.5727, final loss: 0.00099945, weight distance: 0.0100
2025-09-23 01:54:00,178 - INFO - Example /home/projects/bagon/shared/imagenet512/val/n04286575/ILSVRC2012_val_00007039.JPEG reached epsilon at step 160, loss sum: 193.6540, final loss: 0.00098610, weight distance: 0.0103
2025-09-23 01:54:16,925 - INFO - Example /home/projects/bagon/shared/imagenet512/val/n04355338/ILSVRC2012_val_00005399.JPEG reached epsilon at step 204, loss sum: 38.0654, final loss: 0.00099659, weight distance: 0.0096
2025-09-23 01:54:33,223 - INFO - Example /home/projects/bagon/shared/imagenet512/val/n03595614/ILSVRC2012_val_00016727.JPEG reached epsilon at step 192, loss sum: 108.9713, final loss: 0.00099754, weight distance: 0.0125
2025-09-23 01:54:48,150 - INFO - Example /home/projects/bagon/shared/imagenet512/val/n03843555/ILSVRC2012_val_00046120.JPEG reached epsilon at step 174, loss sum: 182.6986, final loss: 0.00099373, weight distance: 0.0112
2025-09-23 01:55:02,706 - INFO - Example /home/projects/bagon/shared/imagenet512/val/n04208210/ILSVRC2012_val_00014894.JPEG reached epsilon at step 163, loss sum: 141.9118, final loss: 0.00099850, weight distance: 0.0097
2025-09-23 01:55:22,277 - INFO - Example /home/projects/bagon/shared/imagenet512/val/n03126707/ILSVRC2012_val_00027091.JPEG reached epsilon at step 238, loss sum: 169.4037, final loss: 0.00099468, weight distance: 0.0115
2025-09-23 01:55:34,078 - INFO - Example /home/projects/bagon/shared/imagenet512/val/n02871525/ILSVRC2012_val_00024980.JPEG reached epsilon at step 123, loss sum: 67.6456, final loss: 0.00099754, weight distance: 0.0099
2025-09-23 01:55:49,067 - INFO - Example /home/projects/bagon/shared/imagenet512/val/n03710637/ILSVRC2012_val_00016626.JPEG reached epsilon at step 175, loss sum: 58.4869, final loss: 0.00099754, weight distance: 0.0142
2025-09-23 01:56:03,465 - INFO - Example /home/projects/bagon/shared/imagenet512/val/n03930630/ILSVRC2012_val_00026079.JPEG reached epsilon at step 168, loss sum: 3.5591, final loss: 0.00099850, weight distance: 0.0090
2025-09-23 01:56:23,696 - INFO - Example /home/projects/bagon/shared/imagenet512/val/n01644900/ILSVRC2012_val_00018879.JPEG reached epsilon at step 251, loss sum: 93.1438, final loss: 0.00099754, weight distance: 0.0120
2025-09-23 01:56:33,765 - INFO - Example /home/projects/bagon/shared/imagenet512/val/n02097658/ILSVRC2012_val_00042451.JPEG reached epsilon at step 106, loss sum: 95.4077, final loss: 0.00093126, weight distance: 0.0092
2025-09-23 01:56:49,265 - INFO - Example /home/projects/bagon/shared/imagenet512/val/n02669723/ILSVRC2012_val_00009522.JPEG reached epsilon at step 175, loss sum: 37.3472, final loss: 0.00098515, weight distance: 0.0123
2025-09-23 01:56:58,654 - INFO - Example /home/projects/bagon/shared/imagenet512/val/n03658185/ILSVRC2012_val_00010432.JPEG reached epsilon at step 89, loss sum: 25.5664, final loss: 0.00098991, weight distance: 0.0069
2025-09-23 01:57:14,893 - INFO - Example /home/projects/bagon/shared/imagenet512/val/n02012849/ILSVRC2012_val_00048195.JPEG reached epsilon at step 187, loss sum: 52.1081, final loss: 0.00099945, weight distance: 0.0145
2025-09-23 01:57:39,220 - INFO - Example /home/projects/bagon/shared/imagenet512/val/n01773549/ILSVRC2012_val_00039025.JPEG reached epsilon at step 294, loss sum: 60.3174, final loss: 0.00099659, weight distance: 0.0123
2025-09-23 01:58:04,275 - INFO - Example /home/projects/bagon/shared/imagenet512/val/n02979186/ILSVRC2012_val_00047974.JPEG reached epsilon at step 307, loss sum: 71.5380, final loss: 0.00099945, weight distance: 0.0189
2025-09-23 01:58:18,448 - INFO - Example /home/projects/bagon/shared/imagenet512/val/n01728572/ILSVRC2012_val_00035265.JPEG reached epsilon at step 157, loss sum: 95.9460, final loss: 0.00099277, weight distance: 0.0106
2025-09-23 01:58:50,339 - INFO - Example /home/projects/bagon/shared/imagenet512/val/n03887697/ILSVRC2012_val_00022680.JPEG reached epsilon at step 413, loss sum: 51.4772, final loss: 0.00099373, weight distance: 0.0130
2025-09-23 01:59:10,925 - INFO - Example /home/projects/bagon/shared/imagenet512/val/n04591713/ILSVRC2012_val_00016679.JPEG reached epsilon at step 242, loss sum: 116.0506, final loss: 0.00099945, weight distance: 0.0157
2025-09-23 01:59:26,822 - INFO - Example /home/projects/bagon/shared/imagenet512/val/n07920052/ILSVRC2012_val_00020352.JPEG reached epsilon at step 182, loss sum: 43.3123, final loss: 0.00099754, weight distance: 0.0105
2025-09-23 01:59:50,616 - INFO - Example /home/projects/bagon/shared/imagenet512/val/n10565667/ILSVRC2012_val_00027740.JPEG reached epsilon at step 284, loss sum: 186.3216, final loss: 0.00099945, weight distance: 0.0141
2025-09-23 02:00:12,999 - INFO - Example /home/projects/bagon/shared/imagenet512/val/n01990800/ILSVRC2012_val_00041213.JPEG reached epsilon at step 277, loss sum: 501.4999, final loss: 0.00098991, weight distance: 0.0156
2025-09-23 02:00:31,049 - INFO - Example /home/projects/bagon/shared/imagenet512/val/n03691459/ILSVRC2012_val_00002359.JPEG reached epsilon at step 220, loss sum: 357.6754, final loss: 0.00099945, weight distance: 0.0172
2025-09-23 02:00:50,841 - INFO - Example /home/projects/bagon/shared/imagenet512/val/n02786058/ILSVRC2012_val_00037985.JPEG reached epsilon at step 228, loss sum: 285.4059, final loss: 0.00099468, weight distance: 0.0132
2025-09-23 02:01:04,713 - INFO - Example /home/projects/bagon/shared/imagenet512/val/n03933933/ILSVRC2012_val_00041992.JPEG reached epsilon at step 141, loss sum: 40.8780, final loss: 0.00099945, weight distance: 0.0086
2025-09-23 02:01:24,031 - INFO - Example /home/projects/bagon/shared/imagenet512/val/n09256479/ILSVRC2012_val_00025622.JPEG reached epsilon at step 207, loss sum: 181.4908, final loss: 0.00099945, weight distance: 0.0109
2025-09-23 02:01:38,891 - INFO - Example /home/projects/bagon/shared/imagenet512/val/n03297495/ILSVRC2012_val_00023386.JPEG reached epsilon at step 171, loss sum: 83.2741, final loss: 0.00098515, weight distance: 0.0091
2025-09-23 02:01:57,668 - INFO - Example /home/projects/bagon/shared/imagenet512/val/n01687978/ILSVRC2012_val_00003821.JPEG reached epsilon at step 213, loss sum: 121.6521, final loss: 0.00099945, weight distance: 0.0111
2025-09-23 02:02:12,431 - INFO - Example /home/projects/bagon/shared/imagenet512/val/n02124075/ILSVRC2012_val_00023786.JPEG reached epsilon at step 178, loss sum: 30.2278, final loss: 0.00099277, weight distance: 0.0095
2025-09-23 02:02:29,805 - INFO - Example /home/projects/bagon/shared/imagenet512/val/n04612504/ILSVRC2012_val_00031426.JPEG reached epsilon at step 206, loss sum: 5.9277, final loss: 0.00099659, weight distance: 0.0108
2025-09-23 02:02:39,645 - INFO - Example /home/projects/bagon/shared/imagenet512/val/n03759954/ILSVRC2012_val_00007409.JPEG reached epsilon at step 103, loss sum: 25.0708, final loss: 0.00099373, weight distance: 0.0079
2025-09-23 02:02:56,638 - INFO - Example /home/projects/bagon/shared/imagenet512/val/n07753592/ILSVRC2012_val_00021098.JPEG reached epsilon at step 205, loss sum: 72.2822, final loss: 0.00099182, weight distance: 0.0125
2025-09-23 02:03:10,483 - INFO - Example /home/projects/bagon/shared/imagenet512/val/n07930864/ILSVRC2012_val_00005022.JPEG reached epsilon at step 162, loss sum: 199.2852, final loss: 0.00098038, weight distance: 0.0100
2025-09-23 02:03:25,609 - INFO - Example /home/projects/bagon/shared/imagenet512/val/n03710637/ILSVRC2012_val_00033398.JPEG reached epsilon at step 181, loss sum: 39.2751, final loss: 0.00098324, weight distance: 0.0133
2025-09-23 02:03:38,190 - INFO - Example /home/projects/bagon/shared/imagenet512/val/n02834397/ILSVRC2012_val_00027813.JPEG reached epsilon at step 142, loss sum: 56.9010, final loss: 0.00099564, weight distance: 0.0080
2025-09-23 02:03:50,948 - INFO - Example /home/projects/bagon/shared/imagenet512/val/n02441942/ILSVRC2012_val_00000723.JPEG reached epsilon at step 119, loss sum: 39.1291, final loss: 0.00099087, weight distance: 0.0086
2025-09-23 02:04:03,247 - INFO - Example /home/projects/bagon/shared/imagenet512/val/n03710637/ILSVRC2012_val_00024573.JPEG reached epsilon at step 132, loss sum: 30.5738, final loss: 0.00098801, weight distance: 0.0109
2025-09-23 02:04:14,861 - INFO - Example /home/projects/bagon/shared/imagenet512/val/n04443257/ILSVRC2012_val_00045194.JPEG reached epsilon at step 132, loss sum: 286.0614, final loss: 0.00098038, weight distance: 0.0100
2025-09-23 02:04:34,149 - INFO - Example /home/projects/bagon/shared/imagenet512/val/n04229816/ILSVRC2012_val_00013426.JPEG reached epsilon at step 240, loss sum: 80.3113, final loss: 0.00099468, weight distance: 0.0120
2025-09-23 02:04:47,853 - INFO - Example /home/projects/bagon/shared/imagenet512/val/n02692877/ILSVRC2012_val_00045146.JPEG reached epsilon at step 139, loss sum: 0.4938, final loss: 0.00099754, weight distance: 0.0085
2025-09-23 02:05:00,091 - INFO - Example /home/projects/bagon/shared/imagenet512/val/n03492542/ILSVRC2012_val_00040967.JPEG reached epsilon at step 135, loss sum: 112.6514, final loss: 0.00099564, weight distance: 0.0105
2025-09-23 02:05:10,997 - INFO - Example /home/projects/bagon/shared/imagenet512/val/n04356056/ILSVRC2012_val_00039734.JPEG reached epsilon at step 106, loss sum: 38.9030, final loss: 0.00097370, weight distance: 0.0087
2025-09-23 02:05:22,783 - INFO - Example /home/projects/bagon/shared/imagenet512/val/n03983396/ILSVRC2012_val_00028328.JPEG reached epsilon at step 128, loss sum: 121.9258, final loss: 0.00099850, weight distance: 0.0078
2025-09-23 02:05:49,208 - INFO - Example /home/projects/bagon/shared/imagenet512/val/n02493509/ILSVRC2012_val_00012359.JPEG reached epsilon at step 342, loss sum: 49.6682, final loss: 0.00099659, weight distance: 0.0161
2025-09-23 02:06:05,079 - INFO - Example /home/projects/bagon/shared/imagenet512/val/n04462240/ILSVRC2012_val_00016686.JPEG reached epsilon at step 178, loss sum: 46.9680, final loss: 0.00098705, weight distance: 0.0101
2025-09-23 02:06:26,721 - INFO - Example /home/projects/bagon/shared/imagenet512/val/n07716358/ILSVRC2012_val_00023848.JPEG reached epsilon at step 274, loss sum: 29.6570, final loss: 0.00099850, weight distance: 0.0115
2025-09-23 02:06:46,519 - INFO - Example /home/projects/bagon/shared/imagenet512/val/n02017213/ILSVRC2012_val_00042376.JPEG reached epsilon at step 242, loss sum: 97.8683, final loss: 0.00099659, weight distance: 0.0120
2025-09-23 02:07:01,501 - INFO - Example /home/projects/bagon/shared/imagenet512/val/n02669723/ILSVRC2012_val_00045524.JPEG reached epsilon at step 170, loss sum: 56.3224, final loss: 0.00099373, weight distance: 0.0102
2025-09-23 02:07:21,589 - INFO - Example /home/projects/bagon/shared/imagenet512/val/n07871810/ILSVRC2012_val_00015840.JPEG reached epsilon at step 233, loss sum: 60.5042, final loss: 0.00099277, weight distance: 0.0098
2025-09-23 02:07:35,564 - INFO - Example /home/projects/bagon/shared/imagenet512/val/n12144580/ILSVRC2012_val_00041542.JPEG reached epsilon at step 161, loss sum: 39.3622, final loss: 0.00099564, weight distance: 0.0104
2025-09-23 02:07:50,925 - INFO - Example /home/projects/bagon/shared/imagenet512/val/n04070727/ILSVRC2012_val_00033032.JPEG reached epsilon at step 180, loss sum: 56.4930, final loss: 0.00099945, weight distance: 0.0101
2025-09-23 02:08:07,400 - INFO - Example /home/projects/bagon/shared/imagenet512/val/n03769881/ILSVRC2012_val_00031610.JPEG reached epsilon at step 193, loss sum: 94.1882, final loss: 0.00099850, weight distance: 0.0101
2025-09-23 02:08:26,892 - INFO - Example /home/projects/bagon/shared/imagenet512/val/n10148035/ILSVRC2012_val_00029882.JPEG reached epsilon at step 239, loss sum: 382.6211, final loss: 0.00098419, weight distance: 0.0105
2025-09-23 02:08:45,534 - INFO - Example /home/projects/bagon/shared/imagenet512/val/n03207941/ILSVRC2012_val_00048287.JPEG reached epsilon at step 220, loss sum: 422.3721, final loss: 0.00099087, weight distance: 0.0151
2025-09-23 02:08:58,391 - INFO - Example /home/projects/bagon/shared/imagenet512/val/n02966687/ILSVRC2012_val_00043450.JPEG reached epsilon at step 131, loss sum: 65.8622, final loss: 0.00099945, weight distance: 0.0076
2025-09-23 02:09:27,511 - INFO - Example /home/projects/bagon/shared/imagenet512/val/n04265275/ILSVRC2012_val_00024097.JPEG reached epsilon at step 372, loss sum: 178.7996, final loss: 0.00099945, weight distance: 0.0138
2025-09-23 02:09:44,887 - INFO - Example /home/projects/bagon/shared/imagenet512/val/n04141076/ILSVRC2012_val_00029866.JPEG reached epsilon at step 208, loss sum: 64.7111, final loss: 0.00099277, weight distance: 0.0106
2025-09-23 02:09:59,628 - INFO - Example /home/projects/bagon/shared/imagenet512/val/n03976467/ILSVRC2012_val_00020713.JPEG reached epsilon at step 171, loss sum: 79.5336, final loss: 0.00099564, weight distance: 0.0111
2025-09-23 02:10:08,507 - INFO - Example /home/projects/bagon/shared/imagenet512/val/n03179701/ILSVRC2012_val_00008518.JPEG reached epsilon at step 89, loss sum: 81.6326, final loss: 0.00098419, weight distance: 0.0072
2025-09-23 02:10:21,290 - INFO - Example /home/projects/bagon/shared/imagenet512/val/n04356056/ILSVRC2012_val_00015697.JPEG reached epsilon at step 145, loss sum: 75.2178, final loss: 0.00098133, weight distance: 0.0114
2025-09-23 02:10:38,044 - INFO - Example /home/projects/bagon/shared/imagenet512/val/n02167151/ILSVRC2012_val_00003331.JPEG reached epsilon at step 206, loss sum: 157.6412, final loss: 0.00099468, weight distance: 0.0121
2025-09-23 02:10:55,264 - INFO - Example /home/projects/bagon/shared/imagenet512/val/n13133613/ILSVRC2012_val_00009549.JPEG reached epsilon at step 203, loss sum: 25.7748, final loss: 0.00098896, weight distance: 0.0112
2025-09-23 02:11:26,980 - INFO - Example /home/projects/bagon/shared/imagenet512/val/n01756291/ILSVRC2012_val_00026712.JPEG reached epsilon at step 404, loss sum: 66.6494, final loss: 0.00099659, weight distance: 0.0175
2025-09-23 02:11:40,827 - INFO - Example /home/projects/bagon/shared/imagenet512/val/n02799071/ILSVRC2012_val_00003328.JPEG reached epsilon at step 157, loss sum: 57.5750, final loss: 0.00099373, weight distance: 0.0097
2025-09-23 02:11:57,811 - INFO - Example /home/projects/bagon/shared/imagenet512/val/n01693334/ILSVRC2012_val_00025809.JPEG reached epsilon at step 203, loss sum: 60.3266, final loss: 0.00099182, weight distance: 0.0108
2025-09-23 02:12:16,226 - INFO - Example /home/projects/bagon/shared/imagenet512/val/n12144580/ILSVRC2012_val_00008648.JPEG reached epsilon at step 224, loss sum: 65.4215, final loss: 0.00099850, weight distance: 0.0124
2025-09-23 02:12:31,865 - INFO - Example /home/projects/bagon/shared/imagenet512/val/n02981792/ILSVRC2012_val_00004218.JPEG reached epsilon at step 164, loss sum: 5.5790, final loss: 0.00099850, weight distance: 0.0077
2025-09-23 02:12:48,170 - INFO - Example /home/projects/bagon/shared/imagenet512/val/n02395406/ILSVRC2012_val_00007609.JPEG reached epsilon at step 193, loss sum: 85.8779, final loss: 0.00099659, weight distance: 0.0109
2025-09-23 02:13:01,360 - INFO - Example /home/projects/bagon/shared/imagenet512/val/n04330267/ILSVRC2012_val_00043536.JPEG reached epsilon at step 133, loss sum: 83.9217, final loss: 0.00098610, weight distance: 0.0086
2025-09-23 02:13:14,615 - INFO - Example /home/projects/bagon/shared/imagenet512/val/n15075141/ILSVRC2012_val_00006055.JPEG reached epsilon at step 149, loss sum: 24.5506, final loss: 0.00099373, weight distance: 0.0094
2025-09-23 02:13:29,993 - INFO - Example /home/projects/bagon/shared/imagenet512/val/n07590611/ILSVRC2012_val_00045414.JPEG reached epsilon at step 168, loss sum: 140.7313, final loss: 0.00099754, weight distance: 0.0099
2025-09-23 02:13:48,578 - INFO - Example /home/projects/bagon/shared/imagenet512/val/n01494475/ILSVRC2012_val_00022552.JPEG reached epsilon at step 223, loss sum: 104.9420, final loss: 0.00099182, weight distance: 0.0106
2025-09-23 02:14:00,829 - INFO - Example /home/projects/bagon/shared/imagenet512/val/n03197337/ILSVRC2012_val_00009243.JPEG reached epsilon at step 135, loss sum: 30.2983, final loss: 0.00099373, weight distance: 0.0095
2025-09-23 02:14:25,010 - INFO - Example /home/projects/bagon/shared/imagenet512/val/n02676566/ILSVRC2012_val_00039740.JPEG reached epsilon at step 302, loss sum: 80.2329, final loss: 0.00099564, weight distance: 0.0134
2025-09-23 02:14:37,386 - INFO - Example /home/projects/bagon/shared/imagenet512/val/n04209133/ILSVRC2012_val_00046639.JPEG reached epsilon at step 133, loss sum: 35.5824, final loss: 0.00099564, weight distance: 0.0093
2025-09-23 02:14:49,230 - INFO - Example /home/projects/bagon/shared/imagenet512/val/n03998194/ILSVRC2012_val_00049806.JPEG reached epsilon at step 131, loss sum: 114.3124, final loss: 0.00098515, weight distance: 0.0102
2025-09-23 02:15:07,832 - INFO - Example /home/projects/bagon/shared/imagenet512/val/n04579145/ILSVRC2012_val_00014224.JPEG reached epsilon at step 211, loss sum: 51.7896, final loss: 0.00099945, weight distance: 0.0092
2025-09-23 02:15:39,879 - INFO - Example /home/projects/bagon/shared/imagenet512/val/n12998815/ILSVRC2012_val_00026184.JPEG reached epsilon at step 410, loss sum: 181.3904, final loss: 0.00099850, weight distance: 0.0187
2025-09-23 02:15:48,985 - INFO - Example /home/projects/bagon/shared/imagenet512/val/n09332890/ILSVRC2012_val_00043650.JPEG reached epsilon at step 87, loss sum: 25.8760, final loss: 0.00097942, weight distance: 0.0074
2025-09-23 02:16:01,488 - INFO - Example /home/projects/bagon/shared/imagenet512/val/n02910353/ILSVRC2012_val_00032648.JPEG reached epsilon at step 144, loss sum: 96.3752, final loss: 0.00098610, weight distance: 0.0100
2025-09-23 02:16:17,488 - INFO - Example /home/projects/bagon/shared/imagenet512/val/n04118776/ILSVRC2012_val_00027203.JPEG reached epsilon at step 197, loss sum: 77.2038, final loss: 0.00099087, weight distance: 0.0103
2025-09-23 02:16:30,587 - INFO - Example /home/projects/bagon/shared/imagenet512/val/n01729322/ILSVRC2012_val_00018453.JPEG reached epsilon at step 142, loss sum: 11.1137, final loss: 0.00099945, weight distance: 0.0076
2025-09-23 02:16:41,033 - INFO - Example /home/projects/bagon/shared/imagenet512/val/n02123159/ILSVRC2012_val_00027539.JPEG reached epsilon at step 115, loss sum: 67.6808, final loss: 0.00099087, weight distance: 0.0081
2025-09-23 02:16:51,550 - INFO - Example /home/projects/bagon/shared/imagenet512/val/n04270147/ILSVRC2012_val_00024034.JPEG reached epsilon at step 111, loss sum: 16.6181, final loss: 0.00098610, weight distance: 0.0074
2025-09-23 02:17:07,440 - INFO - Example /home/projects/bagon/shared/imagenet512/val/n03529860/ILSVRC2012_val_00033213.JPEG reached epsilon at step 181, loss sum: 14.8332, final loss: 0.00099373, weight distance: 0.0110
2025-09-23 02:17:24,435 - INFO - Example /home/projects/bagon/shared/imagenet512/val/n01751748/ILSVRC2012_val_00032628.JPEG reached epsilon at step 205, loss sum: 193.2401, final loss: 0.00099277, weight distance: 0.0109
2025-09-23 02:17:44,503 - INFO - Example /home/projects/bagon/shared/imagenet512/val/n03197337/ILSVRC2012_val_00029469.JPEG reached epsilon at step 245, loss sum: 35.0873, final loss: 0.00098801, weight distance: 0.0141
2025-09-23 02:18:02,377 - INFO - Example /home/projects/bagon/shared/imagenet512/val/n03131574/ILSVRC2012_val_00022199.JPEG reached epsilon at step 216, loss sum: 24.9847, final loss: 0.00099564, weight distance: 0.0093
2025-09-23 02:18:15,699 - INFO - Example /home/projects/bagon/shared/imagenet512/val/n04542943/ILSVRC2012_val_00015750.JPEG reached epsilon at step 156, loss sum: 72.0405, final loss: 0.00099373, weight distance: 0.0085
2025-09-23 02:18:35,953 - INFO - Example /home/projects/bagon/shared/imagenet512/val/n02219486/ILSVRC2012_val_00032504.JPEG reached epsilon at step 255, loss sum: 144.4738, final loss: 0.00099564, weight distance: 0.0121
2025-09-23 02:18:49,484 - INFO - Example /home/projects/bagon/shared/imagenet512/val/n03803284/ILSVRC2012_val_00001515.JPEG reached epsilon at step 160, loss sum: 57.3889, final loss: 0.00099659, weight distance: 0.0096
2025-09-23 02:19:03,741 - INFO - Example /home/projects/bagon/shared/imagenet512/val/n03207941/ILSVRC2012_val_00014622.JPEG reached epsilon at step 163, loss sum: 145.2451, final loss: 0.00098610, weight distance: 0.0124
2025-09-23 02:19:21,949 - INFO - Example /home/projects/bagon/shared/imagenet512/val/n03160309/ILSVRC2012_val_00015060.JPEG reached epsilon at step 223, loss sum: 76.0273, final loss: 0.00099659, weight distance: 0.0099
2025-09-23 02:19:40,722 - INFO - Example /home/projects/bagon/shared/imagenet512/val/n04591157/ILSVRC2012_val_00013769.JPEG reached epsilon at step 230, loss sum: 76.6983, final loss: 0.00099659, weight distance: 0.0118
2025-09-23 02:19:54,471 - INFO - Example /home/projects/bagon/shared/imagenet512/val/n02992529/ILSVRC2012_val_00026822.JPEG reached epsilon at step 150, loss sum: 201.5850, final loss: 0.00098801, weight distance: 0.0090
2025-09-23 02:20:07,343 - INFO - Example /home/projects/bagon/shared/imagenet512/val/n03045698/ILSVRC2012_val_00024111.JPEG reached epsilon at step 149, loss sum: 65.3232, final loss: 0.00099087, weight distance: 0.0092
2025-09-23 02:20:21,073 - INFO - Example /home/projects/bagon/shared/imagenet512/val/n03866082/ILSVRC2012_val_00034283.JPEG reached epsilon at step 164, loss sum: 294.6578, final loss: 0.00099373, weight distance: 0.0119
2025-09-23 02:20:33,033 - INFO - Example /home/projects/bagon/shared/imagenet512/val/n03903868/ILSVRC2012_val_00005095.JPEG reached epsilon at step 133, loss sum: 22.6194, final loss: 0.00099945, weight distance: 0.0082
2025-09-23 02:20:47,514 - INFO - Example /home/projects/bagon/shared/imagenet512/val/n03832673/ILSVRC2012_val_00045627.JPEG reached epsilon at step 161, loss sum: 67.9531, final loss: 0.00098419, weight distance: 0.0123
2025-09-23 02:21:01,073 - INFO - Example /home/projects/bagon/shared/imagenet512/val/n04356056/ILSVRC2012_val_00012545.JPEG reached epsilon at step 161, loss sum: 138.1648, final loss: 0.00099754, weight distance: 0.0122
2025-09-23 02:21:15,377 - INFO - Example /home/projects/bagon/shared/imagenet512/val/n03642806/ILSVRC2012_val_00011923.JPEG reached epsilon at step 163, loss sum: 113.1134, final loss: 0.00099468, weight distance: 0.0120
2025-09-23 02:21:27,366 - INFO - Example /home/projects/bagon/shared/imagenet512/val/n02909870/ILSVRC2012_val_00007724.JPEG reached epsilon at step 135, loss sum: 125.3105, final loss: 0.00099564, weight distance: 0.0096
2025-09-23 02:21:41,533 - INFO - Example /home/projects/bagon/shared/imagenet512/val/n03146219/ILSVRC2012_val_00028726.JPEG reached epsilon at step 165, loss sum: 44.5611, final loss: 0.00098896, weight distance: 0.0124
2025-09-23 02:21:50,815 - INFO - Example /home/projects/bagon/shared/imagenet512/val/n04357314/ILSVRC2012_val_00023485.JPEG reached epsilon at step 96, loss sum: 113.9262, final loss: 0.00099373, weight distance: 0.0076
2025-09-23 02:22:06,882 - INFO - Example /home/projects/bagon/shared/imagenet512/val/n02837789/ILSVRC2012_val_00015053.JPEG reached epsilon at step 179, loss sum: 111.0828, final loss: 0.00098991, weight distance: 0.0124
2025-09-23 02:22:27,004 - INFO - Example /home/projects/bagon/shared/imagenet512/val/n02504458/ILSVRC2012_val_00022907.JPEG reached epsilon at step 244, loss sum: 55.2087, final loss: 0.00099945, weight distance: 0.0127
2025-09-23 02:22:42,255 - INFO - Example /home/projects/bagon/shared/imagenet512/val/n03372029/ILSVRC2012_val_00000140.JPEG reached epsilon at step 172, loss sum: 65.0538, final loss: 0.00099468, weight distance: 0.0112
2025-09-23 02:22:55,576 - INFO - Example /home/projects/bagon/shared/imagenet512/val/n02871525/ILSVRC2012_val_00040739.JPEG reached epsilon at step 139, loss sum: 218.7752, final loss: 0.00099850, weight distance: 0.0114
2025-09-23 02:23:17,906 - INFO - Example /home/projects/bagon/shared/imagenet512/val/n03710193/ILSVRC2012_val_00040946.JPEG reached epsilon at step 279, loss sum: 676.0962, final loss: 0.00099277, weight distance: 0.0147
2025-09-23 02:23:34,021 - INFO - Example /home/projects/bagon/shared/imagenet512/val/n03633091/ILSVRC2012_val_00006333.JPEG reached epsilon at step 196, loss sum: 267.6367, final loss: 0.00098896, weight distance: 0.0103
2025-09-23 02:24:01,123 - INFO - Example /home/projects/bagon/shared/imagenet512/val/n03218198/ILSVRC2012_val_00044648.JPEG reached epsilon at step 347, loss sum: 159.9843, final loss: 0.00099945, weight distance: 0.0140
2025-09-23 02:24:18,110 - INFO - Example /home/projects/bagon/shared/imagenet512/val/n02106030/ILSVRC2012_val_00023666.JPEG reached epsilon at step 197, loss sum: 132.5916, final loss: 0.00099373, weight distance: 0.0121
2025-09-23 02:24:35,948 - INFO - Example /home/projects/bagon/shared/imagenet512/val/n02769748/ILSVRC2012_val_00019321.JPEG reached epsilon at step 218, loss sum: 84.2143, final loss: 0.00099850, weight distance: 0.0132
2025-09-23 02:24:48,794 - INFO - Example /home/projects/bagon/shared/imagenet512/val/n03443371/ILSVRC2012_val_00005887.JPEG reached epsilon at step 151, loss sum: 48.4989, final loss: 0.00098801, weight distance: 0.0098
2025-09-23 02:25:22,644 - INFO - Example /home/projects/bagon/shared/imagenet512/val/n02128757/ILSVRC2012_val_00019738.JPEG reached epsilon at step 448, loss sum: 125.7140, final loss: 0.00099945, weight distance: 0.0179
2025-09-23 02:25:34,194 - INFO - Example /home/projects/bagon/shared/imagenet512/val/n04370456/ILSVRC2012_val_00005163.JPEG reached epsilon at step 128, loss sum: 87.3414, final loss: 0.00099945, weight distance: 0.0094
2025-09-23 02:25:49,936 - INFO - Example /home/projects/bagon/shared/imagenet512/val/n02395406/ILSVRC2012_val_00046042.JPEG reached epsilon at step 190, loss sum: 173.2376, final loss: 0.00098801, weight distance: 0.0102
2025-09-23 02:26:10,924 - INFO - Example /home/projects/bagon/shared/imagenet512/val/n03793489/ILSVRC2012_val_00049330.JPEG reached epsilon at step 250, loss sum: 79.1920, final loss: 0.00099659, weight distance: 0.0147
2025-09-23 02:26:23,542 - INFO - Example /home/projects/bagon/shared/imagenet512/val/n03461385/ILSVRC2012_val_00023277.JPEG reached epsilon at step 140, loss sum: 56.0286, final loss: 0.00099564, weight distance: 0.0082
2025-09-23 02:26:39,296 - INFO - Example /home/projects/bagon/shared/imagenet512/val/n13054560/ILSVRC2012_val_00042718.JPEG reached epsilon at step 186, loss sum: 136.6936, final loss: 0.00099087, weight distance: 0.0096
2025-09-23 02:27:03,153 - INFO - Example /home/projects/bagon/shared/imagenet512/val/n02325366/ILSVRC2012_val_00000937.JPEG reached epsilon at step 311, loss sum: 100.9957, final loss: 0.00099945, weight distance: 0.0131
2025-09-23 02:27:18,229 - INFO - Example /home/projects/bagon/shared/imagenet512/val/n02096294/ILSVRC2012_val_00001564.JPEG reached epsilon at step 171, loss sum: 193.4870, final loss: 0.00098610, weight distance: 0.0123
2025-09-23 02:27:40,141 - INFO - Example /home/projects/bagon/shared/imagenet512/val/n02916936/ILSVRC2012_val_00028143.JPEG reached epsilon at step 279, loss sum: 95.8286, final loss: 0.00099659, weight distance: 0.0126
2025-09-23 02:27:53,240 - INFO - Example /home/projects/bagon/shared/imagenet512/val/n04371430/ILSVRC2012_val_00015591.JPEG reached epsilon at step 143, loss sum: 81.4597, final loss: 0.00098228, weight distance: 0.0104
2025-09-23 02:28:15,270 - INFO - Example /home/projects/bagon/shared/imagenet512/val/n02130308/ILSVRC2012_val_00003773.JPEG reached epsilon at step 278, loss sum: 132.6321, final loss: 0.00099850, weight distance: 0.0126
2025-09-23 02:28:32,077 - INFO - Example /home/projects/bagon/shared/imagenet512/val/n04356056/ILSVRC2012_val_00032243.JPEG reached epsilon at step 195, loss sum: 161.9343, final loss: 0.00099087, weight distance: 0.0132
2025-09-23 02:28:58,923 - INFO - Example /home/projects/bagon/shared/imagenet512/val/n02797295/ILSVRC2012_val_00026437.JPEG reached epsilon at step 346, loss sum: 525.5490, final loss: 0.00098896, weight distance: 0.0214
2025-09-23 02:29:16,710 - INFO - Example /home/projects/bagon/shared/imagenet512/val/n01744401/ILSVRC2012_val_00037464.JPEG reached epsilon at step 214, loss sum: 112.9083, final loss: 0.00099373, weight distance: 0.0126
2025-09-23 02:29:41,984 - INFO - Example /home/projects/bagon/shared/imagenet512/val/n02268443/ILSVRC2012_val_00024612.JPEG reached epsilon at step 323, loss sum: 41.7881, final loss: 0.00099850, weight distance: 0.0126
2025-09-23 02:29:56,032 - INFO - Example /home/projects/bagon/shared/imagenet512/val/n07718472/ILSVRC2012_val_00025981.JPEG reached epsilon at step 165, loss sum: 96.5669, final loss: 0.00099850, weight distance: 0.0089
2025-09-23 02:30:16,768 - INFO - Example /home/projects/bagon/shared/imagenet512/val/n01775062/ILSVRC2012_val_00025447.JPEG reached epsilon at step 258, loss sum: 25.0374, final loss: 0.00099373, weight distance: 0.0108
2025-09-23 02:30:33,593 - INFO - Example /home/projects/bagon/shared/imagenet512/val/n02978881/ILSVRC2012_val_00016528.JPEG reached epsilon at step 197, loss sum: 59.4173, final loss: 0.00099087, weight distance: 0.0125
2025-09-23 02:30:52,582 - INFO - Example /home/projects/bagon/shared/imagenet512/val/n01978455/ILSVRC2012_val_00019859.JPEG reached epsilon at step 192, loss sum: 69.8562, final loss: 0.00099659, weight distance: 0.0113
2025-09-23 02:31:16,883 - INFO - Example /home/projects/bagon/shared/imagenet512/val/n03899768/ILSVRC2012_val_00023647.JPEG reached epsilon at step 239, loss sum: 136.6143, final loss: 0.00099373, weight distance: 0.0133
2025-09-23 02:31:32,059 - INFO - Example /home/projects/bagon/shared/imagenet512/val/n02104365/ILSVRC2012_val_00045533.JPEG reached epsilon at step 175, loss sum: 113.6113, final loss: 0.00099754, weight distance: 0.0109
2025-09-23 02:31:47,353 - INFO - Example /home/projects/bagon/shared/imagenet512/val/n04493381/ILSVRC2012_val_00034621.JPEG reached epsilon at step 170, loss sum: 54.6783, final loss: 0.00099182, weight distance: 0.0123
2025-09-23 02:32:14,129 - INFO - Example /home/projects/bagon/shared/imagenet512/val/n03584254/ILSVRC2012_val_00039821.JPEG reached epsilon at step 320, loss sum: 92.4147, final loss: 0.00099754, weight distance: 0.0149
2025-09-23 02:32:39,737 - INFO - Example /home/projects/bagon/shared/imagenet512/val/n07836838/ILSVRC2012_val_00017527.JPEG reached epsilon at step 326, loss sum: 133.4154, final loss: 0.00099945, weight distance: 0.0136
2025-09-23 02:32:59,314 - INFO - Example /home/projects/bagon/shared/imagenet512/val/n04483307/ILSVRC2012_val_00045574.JPEG reached epsilon at step 220, loss sum: 101.2130, final loss: 0.00099850, weight distance: 0.0102
2025-09-23 02:33:13,583 - INFO - Example /home/projects/bagon/shared/imagenet512/val/n03868863/ILSVRC2012_val_00036571.JPEG reached epsilon at step 168, loss sum: 254.7354, final loss: 0.00099945, weight distance: 0.0114
2025-09-23 02:33:29,405 - INFO - Example /home/projects/bagon/shared/imagenet512/val/n01773549/ILSVRC2012_val_00041612.JPEG reached epsilon at step 194, loss sum: 98.8637, final loss: 0.00099850, weight distance: 0.0089
2025-09-23 02:33:48,318 - INFO - Example /home/projects/bagon/shared/imagenet512/val/n02814533/ILSVRC2012_val_00006220.JPEG reached epsilon at step 222, loss sum: 104.0098, final loss: 0.00099945, weight distance: 0.0116
2025-09-23 02:34:02,443 - INFO - Example /home/projects/bagon/shared/imagenet512/val/n15075141/ILSVRC2012_val_00034988.JPEG reached epsilon at step 159, loss sum: 79.8347, final loss: 0.00099564, weight distance: 0.0093
2025-09-23 02:34:16,692 - INFO - Example /home/projects/bagon/shared/imagenet512/val/n03899768/ILSVRC2012_val_00036309.JPEG reached epsilon at step 154, loss sum: 90.1458, final loss: 0.00099945, weight distance: 0.0094
2025-09-23 02:34:32,298 - INFO - Example /home/projects/bagon/shared/imagenet512/val/n07718472/ILSVRC2012_val_00030457.JPEG reached epsilon at step 191, loss sum: 184.2942, final loss: 0.00099850, weight distance: 0.0102
2025-09-23 02:34:52,172 - INFO - Example /home/projects/bagon/shared/imagenet512/val/n02105855/ILSVRC2012_val_00024624.JPEG reached epsilon at step 250, loss sum: 55.2378, final loss: 0.00099945, weight distance: 0.0123
2025-09-23 02:35:03,999 - INFO - Example /home/projects/bagon/shared/imagenet512/val/n04597913/ILSVRC2012_val_00006723.JPEG reached epsilon at step 136, loss sum: 45.0434, final loss: 0.00098419, weight distance: 0.0091
2025-09-23 02:35:16,054 - INFO - Example /home/projects/bagon/shared/imagenet512/val/n04090263/ILSVRC2012_val_00018218.JPEG reached epsilon at step 136, loss sum: 48.3787, final loss: 0.00098515, weight distance: 0.0111
2025-09-23 02:35:32,129 - INFO - Example /home/projects/bagon/shared/imagenet512/val/n02123159/ILSVRC2012_val_00045958.JPEG reached epsilon at step 153, loss sum: 36.4497, final loss: 0.00099277, weight distance: 0.0118
2025-09-23 02:35:42,580 - INFO - Example /home/projects/bagon/shared/imagenet512/val/n03461385/ILSVRC2012_val_00021783.JPEG reached epsilon at step 108, loss sum: 27.7736, final loss: 0.00098991, weight distance: 0.0079
2025-09-23 02:35:59,792 - INFO - Example /home/projects/bagon/shared/imagenet512/val/n09246464/ILSVRC2012_val_00048191.JPEG reached epsilon at step 212, loss sum: 33.0515, final loss: 0.00099373, weight distance: 0.0113
2025-09-23 02:36:18,369 - INFO - Example /home/projects/bagon/shared/imagenet512/val/n02894605/ILSVRC2012_val_00044923.JPEG reached epsilon at step 229, loss sum: 31.7739, final loss: 0.00099754, weight distance: 0.0121
2025-09-23 02:36:31,762 - INFO - Example /home/projects/bagon/shared/imagenet512/val/n02843684/ILSVRC2012_val_00002647.JPEG reached epsilon at step 154, loss sum: 43.3506, final loss: 0.00099564, weight distance: 0.0085
2025-09-23 02:36:43,734 - INFO - Example /home/projects/bagon/shared/imagenet512/val/n03481172/ILSVRC2012_val_00001591.JPEG reached epsilon at step 136, loss sum: 279.1830, final loss: 0.00099373, weight distance: 0.0084
2025-09-23 02:37:07,122 - INFO - Example /home/projects/bagon/shared/imagenet512/val/n07684084/ILSVRC2012_val_00012379.JPEG reached epsilon at step 298, loss sum: 262.4534, final loss: 0.00099850, weight distance: 0.0134
2025-09-23 02:37:17,800 - INFO - Example /home/projects/bagon/shared/imagenet512/val/n03970156/ILSVRC2012_val_00046400.JPEG reached epsilon at step 116, loss sum: 116.0322, final loss: 0.00098133, weight distance: 0.0091
2025-09-23 02:37:26,508 - INFO - Example /home/projects/bagon/shared/imagenet512/val/n04141975/ILSVRC2012_val_00007472.JPEG reached epsilon at step 85, loss sum: 6.3039, final loss: 0.00099373, weight distance: 0.0058
2025-09-23 02:37:40,881 - INFO - Example /home/projects/bagon/shared/imagenet512/val/n02871525/ILSVRC2012_val_00041619.JPEG reached epsilon at step 158, loss sum: 234.1995, final loss: 0.00096655, weight distance: 0.0119
2025-09-23 02:37:56,495 - INFO - Example /home/projects/bagon/shared/imagenet512/val/n03759954/ILSVRC2012_val_00010804.JPEG reached epsilon at step 186, loss sum: 94.4669, final loss: 0.00099945, weight distance: 0.0129
2025-09-23 02:38:16,944 - INFO - Example /home/projects/bagon/shared/imagenet512/val/n04311004/ILSVRC2012_val_00026411.JPEG reached epsilon at step 246, loss sum: 100.8046, final loss: 0.00099945, weight distance: 0.0122
2025-09-23 02:38:28,613 - INFO - Example /home/projects/bagon/shared/imagenet512/val/n03976657/ILSVRC2012_val_00046123.JPEG reached epsilon at step 108, loss sum: 103.5869, final loss: 0.00098228, weight distance: 0.0092
2025-09-23 02:38:51,126 - INFO - Example /home/projects/bagon/shared/imagenet512/val/n02091244/ILSVRC2012_val_00014107.JPEG reached epsilon at step 285, loss sum: 28.0528, final loss: 0.00099277, weight distance: 0.0122
2025-09-23 02:39:06,804 - INFO - Example /home/projects/bagon/shared/imagenet512/val/n03291819/ILSVRC2012_val_00046025.JPEG reached epsilon at step 184, loss sum: 92.4193, final loss: 0.00099564, weight distance: 0.0102
2025-09-23 02:39:30,411 - INFO - Example /home/projects/bagon/shared/imagenet512/val/n03710721/ILSVRC2012_val_00018600.JPEG reached epsilon at step 297, loss sum: 25.6505, final loss: 0.00099945, weight distance: 0.0143
2025-09-23 02:39:43,133 - INFO - Example /home/projects/bagon/shared/imagenet512/val/n03887697/ILSVRC2012_val_00006771.JPEG reached epsilon at step 142, loss sum: 156.9221, final loss: 0.00099945, weight distance: 0.0094
2025-09-23 02:39:52,706 - INFO - Example /home/projects/bagon/shared/imagenet512/val/n04286575/ILSVRC2012_val_00045535.JPEG reached epsilon at step 99, loss sum: 177.7061, final loss: 0.00099564, weight distance: 0.0073
2025-09-23 02:40:07,548 - INFO - Example /home/projects/bagon/shared/imagenet512/val/n04483307/ILSVRC2012_val_00038907.JPEG reached epsilon at step 167, loss sum: 12.2313, final loss: 0.00099087, weight distance: 0.0104
2025-09-23 02:40:21,690 - INFO - Example /home/projects/bagon/shared/imagenet512/val/n02325366/ILSVRC2012_val_00025889.JPEG reached epsilon at step 165, loss sum: 21.3221, final loss: 0.00099564, weight distance: 0.0101
2025-09-23 02:40:35,756 - INFO - Example /home/projects/bagon/shared/imagenet512/val/n03832673/ILSVRC2012_val_00039330.JPEG reached epsilon at step 160, loss sum: 73.4351, final loss: 0.00099754, weight distance: 0.0129
2025-09-23 02:40:50,787 - INFO - Example /home/projects/bagon/shared/imagenet512/val/n04550184/ILSVRC2012_val_00041236.JPEG reached epsilon at step 177, loss sum: 135.9311, final loss: 0.00099468, weight distance: 0.0109
2025-09-23 02:41:03,203 - INFO - Example /home/projects/bagon/shared/imagenet512/val/n02871525/ILSVRC2012_val_00012973.JPEG reached epsilon at step 137, loss sum: 170.9931, final loss: 0.00099945, weight distance: 0.0107
2025-09-23 02:41:16,224 - INFO - Example /home/projects/bagon/shared/imagenet512/val/n02988304/ILSVRC2012_val_00036782.JPEG reached epsilon at step 145, loss sum: 161.3184, final loss: 0.00099087, weight distance: 0.0107
2025-09-23 02:41:30,501 - INFO - Example /home/projects/bagon/shared/imagenet512/val/n04118776/ILSVRC2012_val_00002870.JPEG reached epsilon at step 167, loss sum: 54.9099, final loss: 0.00099659, weight distance: 0.0102
2025-09-23 02:41:50,479 - INFO - Example /home/projects/bagon/shared/imagenet512/val/n04154565/ILSVRC2012_val_00020251.JPEG reached epsilon at step 244, loss sum: 283.0024, final loss: 0.00099373, weight distance: 0.0152
2025-09-23 02:42:19,739 - INFO - Example /home/projects/bagon/shared/imagenet512/val/n04479046/ILSVRC2012_val_00037612.JPEG reached epsilon at step 378, loss sum: 84.9313, final loss: 0.00099659, weight distance: 0.0153
2025-09-23 02:42:36,068 - INFO - Example /home/projects/bagon/shared/imagenet512/val/n02974003/ILSVRC2012_val_00014292.JPEG reached epsilon at step 190, loss sum: 199.5066, final loss: 0.00099659, weight distance: 0.0115
2025-09-23 02:43:02,031 - INFO - Example /home/projects/bagon/shared/imagenet512/val/n02979186/ILSVRC2012_val_00008651.JPEG reached epsilon at step 320, loss sum: 38.4671, final loss: 0.00099659, weight distance: 0.0144
2025-09-23 02:43:21,509 - INFO - Example /home/projects/bagon/shared/imagenet512/val/n02106030/ILSVRC2012_val_00016572.JPEG reached epsilon at step 228, loss sum: 86.1446, final loss: 0.00099182, weight distance: 0.0156
2025-09-23 02:43:36,769 - INFO - Example /home/projects/bagon/shared/imagenet512/val/n04366367/ILSVRC2012_val_00024513.JPEG reached epsilon at step 182, loss sum: 56.4199, final loss: 0.00099182, weight distance: 0.0116
2025-09-23 02:44:00,657 - INFO - Example /home/projects/bagon/shared/imagenet512/val/n04392985/ILSVRC2012_val_00005881.JPEG reached epsilon at step 305, loss sum: 68.4644, final loss: 0.00099468, weight distance: 0.0157
2025-09-23 02:44:14,949 - INFO - Example /home/projects/bagon/shared/imagenet512/val/n03933933/ILSVRC2012_val_00033399.JPEG reached epsilon at step 156, loss sum: 125.1214, final loss: 0.00099277, weight distance: 0.0103
2025-09-23 02:44:31,735 - INFO - Example /home/projects/bagon/shared/imagenet512/val/n04398044/ILSVRC2012_val_00039681.JPEG reached epsilon at step 202, loss sum: 27.7583, final loss: 0.00099468, weight distance: 0.0109
2025-09-23 02:44:50,943 - INFO - Example /home/projects/bagon/shared/imagenet512/val/n02088466/ILSVRC2012_val_00013651.JPEG reached epsilon at step 236, loss sum: 86.0065, final loss: 0.00099945, weight distance: 0.0106
2025-09-23 02:45:02,169 - INFO - Example /home/projects/bagon/shared/imagenet512/val/n02971356/ILSVRC2012_val_00041798.JPEG reached epsilon at step 112, loss sum: 101.3898, final loss: 0.00099373, weight distance: 0.0066
2025-09-23 02:45:22,467 - INFO - Example /home/projects/bagon/shared/imagenet512/val/n03498962/ILSVRC2012_val_00013140.JPEG reached epsilon at step 245, loss sum: 332.7991, final loss: 0.00099850, weight distance: 0.0127
2025-09-23 02:45:36,096 - INFO - Example /home/projects/bagon/shared/imagenet512/val/n04596742/ILSVRC2012_val_00015856.JPEG reached epsilon at step 151, loss sum: 307.4085, final loss: 0.00099468, weight distance: 0.0115
2025-09-23 02:45:48,100 - INFO - Example /home/projects/bagon/shared/imagenet512/val/n04355933/ILSVRC2012_val_00039909.JPEG reached epsilon at step 130, loss sum: 84.0239, final loss: 0.00098801, weight distance: 0.0109
2025-09-23 02:46:04,627 - INFO - Example /home/projects/bagon/shared/imagenet512/val/n01773797/ILSVRC2012_val_00043646.JPEG reached epsilon at step 198, loss sum: 300.8114, final loss: 0.00099468, weight distance: 0.0115
2025-09-23 02:46:28,740 - INFO - Example /home/projects/bagon/shared/imagenet512/val/n02669723/ILSVRC2012_val_00037014.JPEG reached epsilon at step 295, loss sum: 277.3627, final loss: 0.00099945, weight distance: 0.0158
2025-09-23 02:46:44,208 - INFO - Example /home/projects/bagon/shared/imagenet512/val/n09421951/ILSVRC2012_val_00020343.JPEG reached epsilon at step 172, loss sum: 145.0863, final loss: 0.00099277, weight distance: 0.0124
2025-09-23 02:47:00,012 - INFO - Example /home/projects/bagon/shared/imagenet512/val/n02089078/ILSVRC2012_val_00029836.JPEG reached epsilon at step 168, loss sum: 253.0234, final loss: 0.00098991, weight distance: 0.0123
2025-09-23 02:47:10,593 - INFO - Example /home/projects/bagon/shared/imagenet512/val/n04286575/ILSVRC2012_val_00046750.JPEG reached epsilon at step 90, loss sum: 35.8328, final loss: 0.00098228, weight distance: 0.0071
2025-09-23 02:47:21,415 - INFO - Example /home/projects/bagon/shared/imagenet512/val/n07930864/ILSVRC2012_val_00046595.JPEG reached epsilon at step 117, loss sum: 94.8341, final loss: 0.00099468, weight distance: 0.0096
2025-09-23 02:47:32,271 - INFO - Example /home/projects/bagon/shared/imagenet512/val/n02089973/ILSVRC2012_val_00001777.JPEG reached epsilon at step 113, loss sum: 39.8879, final loss: 0.00098705, weight distance: 0.0088
2025-09-23 02:47:49,234 - INFO - Example /home/projects/bagon/shared/imagenet512/val/n02107312/ILSVRC2012_val_00016543.JPEG reached epsilon at step 196, loss sum: 83.9862, final loss: 0.00099659, weight distance: 0.0123
2025-09-23 02:47:51,491 - INFO - Time limit reached. Exiting before starting next example.
