2025-09-23 01:02:57,625 - INFO - Parsed arguments:
2025-09-23 01:02:57,625 - INFO -   amp_dtype = None
2025-09-23 01:02:57,625 - INFO -   bars_npy = /home/projects/bagon/andreyg/Projects/BMM_school/Universal_learning/Programming/bars/geq6wrong_21017_geq6correct_1525_imagenet.npy
2025-09-23 01:02:57,625 - INFO -   cka_layer_fraction = 0.05
2025-09-23 01:02:57,625 - INFO -   current_worker = 5
2025-09-23 01:02:57,625 - INFO -   deterministic = True
2025-09-23 01:02:57,625 - INFO -   device = cuda
2025-09-23 01:02:57,625 - INFO -   epsilon = 0.001
2025-09-23 01:02:57,625 - INFO -   examples_csv = /home/projects/bagon/andreyg/Projects/BMM_school/Universal_learning/Programming/bars/geq6wrong_21017_geq6correct_1525_imagenet_examples_ammended.csv
2025-09-23 01:02:57,625 - INFO -   explicit_examples_for_training = None
2025-09-23 01:02:57,625 - INFO -   grad_clip_norm = 1.0
2025-09-23 01:02:57,625 - INFO -   hierarchy_json = /home/projects/bagon/andreyg/Projects/BMM_school/Universal_learning/Programming/bars/imagenet_synset_hierarchy.json
2025-09-23 01:02:57,625 - INFO -   imagenet_models_csv = /home/projects/bagon/andreyg/Projects/BMM_school/Universal_learning/Programming/bars/imagenet_models.csv
2025-09-23 01:02:57,625 - INFO -   lr = 0.0001
2025-09-23 01:02:57,625 - INFO -   max_examples = 50000
2025-09-23 01:02:57,625 - INFO -   max_steps_per_example = 10000
2025-09-23 01:02:57,625 - INFO -   model_csv_name = efficientvit_base_2_224_classification_imagenet_1k
2025-09-23 01:02:57,625 - INFO -   model_name = efficientvit_b2.r224_in1k
2025-09-23 01:02:57,625 - INFO -   no_amp = False
2025-09-23 01:02:57,625 - INFO -   num_workers = 8
2025-09-23 01:02:57,625 - INFO -   output_dir = /home/projects/bagon/andreyg/Projects/BMM_school/Universal_learning/Programming/training_gradient_evaluator_single_loss_parallel/output_parallel_8_workers_trial_2
2025-09-23 01:02:57,625 - INFO -   root_dir = None
2025-09-23 01:02:57,625 - INFO -   seed = 1337
2025-09-23 01:02:57,625 - INFO -   time_limit_seconds = 6300
2025-09-23 01:02:57,625 - INFO -   weight_decay = 0.0
2025-09-23 01:02:57,625 - INFO -   zero_aug_train = False
2025-09-23 01:02:58,636 - INFO - Loaded TIMM pretrained weights for efficientvit_b2.r224_in1k
2025-09-23 01:02:58,636 - INFO - pretrained_cfg.url= hf_hub_id=timm/efficientvit_b2.r224_in1k
2025-09-23 01:02:59,156 - INFO - Training configuration:
2025-09-23 01:02:59,156 - INFO -   lr = 0.0001
2025-09-23 01:02:59,156 - INFO -   weight_decay = 0.0
2025-09-23 01:02:59,156 - INFO -   max_steps = 10000
2025-09-23 01:02:59,156 - INFO -   epsilon = 0.001
2025-09-23 01:02:59,156 - INFO -   device = cuda
2025-09-23 01:02:59,156 - INFO -   use_amp = True
2025-09-23 01:02:59,156 - INFO -   amp_dtype = None
2025-09-23 01:02:59,156 - INFO -   gradient_clip_norm = 1.0
2025-09-23 01:03:12,994 - INFO - Example /home/projects/bagon/shared/imagenet512/val/n02895154/ILSVRC2012_val_00023971.JPEG reached epsilon at step 103, loss sum: 35.2091, final loss: 0.00099850, weight distance: 0.0089
2025-09-23 01:03:35,338 - INFO - Example /home/projects/bagon/shared/imagenet512/val/n02979186/ILSVRC2012_val_00041893.JPEG reached epsilon at step 268, loss sum: 44.5571, final loss: 0.00099850, weight distance: 0.0141
2025-09-23 01:03:53,263 - INFO - Example /home/projects/bagon/shared/imagenet512/val/n02321529/ILSVRC2012_val_00042639.JPEG reached epsilon at step 218, loss sum: 72.8702, final loss: 0.00099564, weight distance: 0.0091
2025-09-23 01:04:14,239 - INFO - Example /home/projects/bagon/shared/imagenet512/val/n07714571/ILSVRC2012_val_00031177.JPEG reached epsilon at step 261, loss sum: 41.7688, final loss: 0.00099087, weight distance: 0.0111
2025-09-23 01:04:30,969 - INFO - Example /home/projects/bagon/shared/imagenet512/val/n02988304/ILSVRC2012_val_00014002.JPEG reached epsilon at step 195, loss sum: 82.1155, final loss: 0.00099373, weight distance: 0.0135
2025-09-23 01:04:42,588 - INFO - Example /home/projects/bagon/shared/imagenet512/val/n04208210/ILSVRC2012_val_00032430.JPEG reached epsilon at step 125, loss sum: 46.5682, final loss: 0.00099087, weight distance: 0.0083
2025-09-23 01:05:00,528 - INFO - Example /home/projects/bagon/shared/imagenet512/val/n04120489/ILSVRC2012_val_00026868.JPEG reached epsilon at step 215, loss sum: 277.1119, final loss: 0.00099945, weight distance: 0.0130
2025-09-23 01:05:11,737 - INFO - Example /home/projects/bagon/shared/imagenet512/val/n02895154/ILSVRC2012_val_00037025.JPEG reached epsilon at step 120, loss sum: 167.3329, final loss: 0.00098705, weight distance: 0.0083
2025-09-23 01:05:30,798 - INFO - Example /home/projects/bagon/shared/imagenet512/val/n03495258/ILSVRC2012_val_00009425.JPEG reached epsilon at step 227, loss sum: 206.1408, final loss: 0.00099468, weight distance: 0.0128
2025-09-23 01:05:45,412 - INFO - Example /home/projects/bagon/shared/imagenet512/val/n03188531/ILSVRC2012_val_00030302.JPEG reached epsilon at step 167, loss sum: 324.5993, final loss: 0.00098991, weight distance: 0.0117
2025-09-23 01:05:57,553 - INFO - Example /home/projects/bagon/shared/imagenet512/val/n04522168/ILSVRC2012_val_00011020.JPEG reached epsilon at step 127, loss sum: 189.6577, final loss: 0.00098038, weight distance: 0.0091
2025-09-23 01:06:10,129 - INFO - Example /home/projects/bagon/shared/imagenet512/val/n15075141/ILSVRC2012_val_00042643.JPEG reached epsilon at step 140, loss sum: 21.3593, final loss: 0.00099468, weight distance: 0.0085
2025-09-23 01:06:23,004 - INFO - Example /home/projects/bagon/shared/imagenet512/val/n04325704/ILSVRC2012_val_00045762.JPEG reached epsilon at step 143, loss sum: 15.2547, final loss: 0.00099277, weight distance: 0.0076
2025-09-23 01:06:36,060 - INFO - Example /home/projects/bagon/shared/imagenet512/val/n02808304/ILSVRC2012_val_00021340.JPEG reached epsilon at step 149, loss sum: 164.9032, final loss: 0.00099754, weight distance: 0.0095
2025-09-23 01:06:43,487 - INFO - Example /home/projects/bagon/shared/imagenet512/val/n04596742/ILSVRC2012_val_00044190.JPEG reached epsilon at step 70, loss sum: 11.3918, final loss: 0.00098038, weight distance: 0.0059
2025-09-23 01:06:54,053 - INFO - Example /home/projects/bagon/shared/imagenet512/val/n03832673/ILSVRC2012_val_00035825.JPEG reached epsilon at step 114, loss sum: 24.8489, final loss: 0.00098801, weight distance: 0.0094
2025-09-23 01:07:03,205 - INFO - Example /home/projects/bagon/shared/imagenet512/val/n02971356/ILSVRC2012_val_00043603.JPEG reached epsilon at step 94, loss sum: 37.2106, final loss: 0.00099087, weight distance: 0.0063
2025-09-23 01:07:22,675 - INFO - Example /home/projects/bagon/shared/imagenet512/val/n07745940/ILSVRC2012_val_00046437.JPEG reached epsilon at step 238, loss sum: 46.5513, final loss: 0.00099850, weight distance: 0.0111
2025-09-23 01:07:41,136 - INFO - Example /home/projects/bagon/shared/imagenet512/val/n04392985/ILSVRC2012_val_00001666.JPEG reached epsilon at step 223, loss sum: 64.4611, final loss: 0.00099754, weight distance: 0.0141
2025-09-23 01:07:58,371 - INFO - Example /home/projects/bagon/shared/imagenet512/val/n03594734/ILSVRC2012_val_00047544.JPEG reached epsilon at step 210, loss sum: 205.9935, final loss: 0.00099659, weight distance: 0.0120
2025-09-23 01:08:19,655 - INFO - Example /home/projects/bagon/shared/imagenet512/val/n01797886/ILSVRC2012_val_00005315.JPEG reached epsilon at step 261, loss sum: 43.0524, final loss: 0.00099754, weight distance: 0.0121
2025-09-23 01:08:37,214 - INFO - Example /home/projects/bagon/shared/imagenet512/val/n04355933/ILSVRC2012_val_00040473.JPEG reached epsilon at step 210, loss sum: 215.1181, final loss: 0.00099850, weight distance: 0.0153
2025-09-23 01:08:59,791 - INFO - Example /home/projects/bagon/shared/imagenet512/val/n03930630/ILSVRC2012_val_00017708.JPEG reached epsilon at step 279, loss sum: 153.0167, final loss: 0.00099564, weight distance: 0.0153
2025-09-23 01:09:16,040 - INFO - Example /home/projects/bagon/shared/imagenet512/val/n03063599/ILSVRC2012_val_00032778.JPEG reached epsilon at step 192, loss sum: 251.5262, final loss: 0.00099659, weight distance: 0.0135
2025-09-23 01:09:30,241 - INFO - Example /home/projects/bagon/shared/imagenet512/val/n03450230/ILSVRC2012_val_00021132.JPEG reached epsilon at step 165, loss sum: 34.7780, final loss: 0.00099468, weight distance: 0.0094
2025-09-23 01:09:42,973 - INFO - Example /home/projects/bagon/shared/imagenet512/val/n03045698/ILSVRC2012_val_00049579.JPEG reached epsilon at step 143, loss sum: 135.8195, final loss: 0.00099945, weight distance: 0.0099
2025-09-23 01:10:01,308 - INFO - Example /home/projects/bagon/shared/imagenet512/val/n03895866/ILSVRC2012_val_00048083.JPEG reached epsilon at step 225, loss sum: 77.4408, final loss: 0.00099945, weight distance: 0.0099
2025-09-23 01:10:15,372 - INFO - Example /home/projects/bagon/shared/imagenet512/val/n04550184/ILSVRC2012_val_00034519.JPEG reached epsilon at step 163, loss sum: 47.3364, final loss: 0.00098896, weight distance: 0.0094
2025-09-23 01:10:28,082 - INFO - Example /home/projects/bagon/shared/imagenet512/val/n04026417/ILSVRC2012_val_00017752.JPEG reached epsilon at step 144, loss sum: 52.7987, final loss: 0.00098515, weight distance: 0.0102
2025-09-23 01:10:46,357 - INFO - Example /home/projects/bagon/shared/imagenet512/val/n07871810/ILSVRC2012_val_00012785.JPEG reached epsilon at step 224, loss sum: 44.4922, final loss: 0.00099087, weight distance: 0.0098
2025-09-23 01:11:04,867 - INFO - Example /home/projects/bagon/shared/imagenet512/val/n07584110/ILSVRC2012_val_00021669.JPEG reached epsilon at step 227, loss sum: 88.9252, final loss: 0.00099564, weight distance: 0.0106
2025-09-23 01:11:21,609 - INFO - Example /home/projects/bagon/shared/imagenet512/val/n03874599/ILSVRC2012_val_00037449.JPEG reached epsilon at step 200, loss sum: 177.6987, final loss: 0.00099850, weight distance: 0.0109
2025-09-23 01:11:34,995 - INFO - Example /home/projects/bagon/shared/imagenet512/val/n03249569/ILSVRC2012_val_00044932.JPEG reached epsilon at step 153, loss sum: 57.4489, final loss: 0.00098991, weight distance: 0.0118
2025-09-23 01:11:51,301 - INFO - Example /home/projects/bagon/shared/imagenet512/val/n03124043/ILSVRC2012_val_00043569.JPEG reached epsilon at step 197, loss sum: 178.6533, final loss: 0.00099087, weight distance: 0.0107
2025-09-23 01:12:02,843 - INFO - Example /home/projects/bagon/shared/imagenet512/val/n02910353/ILSVRC2012_val_00017543.JPEG reached epsilon at step 129, loss sum: 33.2520, final loss: 0.00099754, weight distance: 0.0076
2025-09-23 01:12:15,660 - INFO - Example /home/projects/bagon/shared/imagenet512/val/n02825657/ILSVRC2012_val_00036386.JPEG reached epsilon at step 145, loss sum: 125.3502, final loss: 0.00099754, weight distance: 0.0090
2025-09-23 01:12:38,623 - INFO - Example /home/projects/bagon/shared/imagenet512/val/n04536866/ILSVRC2012_val_00036501.JPEG reached epsilon at step 289, loss sum: 72.8577, final loss: 0.00099182, weight distance: 0.0151
2025-09-23 01:12:48,430 - INFO - Example /home/projects/bagon/shared/imagenet512/val/n04336792/ILSVRC2012_val_00044134.JPEG reached epsilon at step 98, loss sum: 117.0104, final loss: 0.00098801, weight distance: 0.0068
2025-09-23 01:13:03,614 - INFO - Example /home/projects/bagon/shared/imagenet512/val/n02950826/ILSVRC2012_val_00027001.JPEG reached epsilon at step 180, loss sum: 19.9903, final loss: 0.00099754, weight distance: 0.0096
2025-09-23 01:13:16,610 - INFO - Example /home/projects/bagon/shared/imagenet512/val/n03661043/ILSVRC2012_val_00036001.JPEG reached epsilon at step 149, loss sum: 32.4354, final loss: 0.00099277, weight distance: 0.0092
2025-09-23 01:13:37,272 - INFO - Example /home/projects/bagon/shared/imagenet512/val/n01751748/ILSVRC2012_val_00033108.JPEG reached epsilon at step 257, loss sum: 10.7961, final loss: 0.00099945, weight distance: 0.0104
2025-09-23 01:13:52,757 - INFO - Example /home/projects/bagon/shared/imagenet512/val/n02107908/ILSVRC2012_val_00030786.JPEG reached epsilon at step 177, loss sum: 132.9403, final loss: 0.00099564, weight distance: 0.0109
2025-09-23 01:14:18,943 - INFO - Example /home/projects/bagon/shared/imagenet512/val/n02415577/ILSVRC2012_val_00041263.JPEG reached epsilon at step 331, loss sum: 25.2330, final loss: 0.00099564, weight distance: 0.0141
2025-09-23 01:14:31,562 - INFO - Example /home/projects/bagon/shared/imagenet512/val/n03866082/ILSVRC2012_val_00047430.JPEG reached epsilon at step 143, loss sum: 93.4255, final loss: 0.00098991, weight distance: 0.0098
2025-09-23 01:14:49,584 - INFO - Example /home/projects/bagon/shared/imagenet512/val/n02123159/ILSVRC2012_val_00011854.JPEG reached epsilon at step 219, loss sum: 78.1150, final loss: 0.00099850, weight distance: 0.0137
2025-09-23 01:15:02,771 - INFO - Example /home/projects/bagon/shared/imagenet512/val/n02895154/ILSVRC2012_val_00011775.JPEG reached epsilon at step 151, loss sum: 30.6115, final loss: 0.00098133, weight distance: 0.0120
2025-09-23 01:15:23,417 - INFO - Example /home/projects/bagon/shared/imagenet512/val/n03773504/ILSVRC2012_val_00001525.JPEG reached epsilon at step 251, loss sum: 40.9031, final loss: 0.00098705, weight distance: 0.0155
2025-09-23 01:15:35,492 - INFO - Example /home/projects/bagon/shared/imagenet512/val/n03832673/ILSVRC2012_val_00008237.JPEG reached epsilon at step 133, loss sum: 23.5272, final loss: 0.00099564, weight distance: 0.0098
2025-09-23 01:15:48,013 - INFO - Example /home/projects/bagon/shared/imagenet512/val/n03866082/ILSVRC2012_val_00011988.JPEG reached epsilon at step 141, loss sum: 229.7703, final loss: 0.00098991, weight distance: 0.0097
2025-09-23 01:16:01,988 - INFO - Example /home/projects/bagon/shared/imagenet512/val/n03666591/ILSVRC2012_val_00018595.JPEG reached epsilon at step 162, loss sum: 249.0708, final loss: 0.00097513, weight distance: 0.0119
2025-09-23 01:16:20,283 - INFO - Example /home/projects/bagon/shared/imagenet512/val/n03724870/ILSVRC2012_val_00008913.JPEG reached epsilon at step 220, loss sum: 158.8445, final loss: 0.00098515, weight distance: 0.0136
2025-09-23 01:16:38,187 - INFO - Example /home/projects/bagon/shared/imagenet512/val/n02860847/ILSVRC2012_val_00021907.JPEG reached epsilon at step 216, loss sum: 55.0652, final loss: 0.00099850, weight distance: 0.0093
2025-09-23 01:16:48,905 - INFO - Example /home/projects/bagon/shared/imagenet512/val/n02087046/ILSVRC2012_val_00004717.JPEG reached epsilon at step 116, loss sum: 45.0729, final loss: 0.00099277, weight distance: 0.0075
2025-09-23 01:17:03,797 - INFO - Example /home/projects/bagon/shared/imagenet512/val/n04208210/ILSVRC2012_val_00042371.JPEG reached epsilon at step 175, loss sum: 96.1596, final loss: 0.00098896, weight distance: 0.0106
2025-09-23 01:17:16,915 - INFO - Example /home/projects/bagon/shared/imagenet512/val/n06794110/ILSVRC2012_val_00035300.JPEG reached epsilon at step 145, loss sum: 26.3957, final loss: 0.00099850, weight distance: 0.0099
2025-09-23 01:17:34,507 - INFO - Example /home/projects/bagon/shared/imagenet512/val/n06596364/ILSVRC2012_val_00015936.JPEG reached epsilon at step 211, loss sum: 140.4548, final loss: 0.00099564, weight distance: 0.0123
2025-09-23 01:17:47,542 - INFO - Example /home/projects/bagon/shared/imagenet512/val/n01667778/ILSVRC2012_val_00037154.JPEG reached epsilon at step 148, loss sum: 49.7059, final loss: 0.00098801, weight distance: 0.0098
2025-09-23 01:17:55,995 - INFO - Example /home/projects/bagon/shared/imagenet512/val/n03028079/ILSVRC2012_val_00017198.JPEG reached epsilon at step 81, loss sum: 6.3798, final loss: 0.00099468, weight distance: 0.0061
2025-09-23 01:18:05,285 - INFO - Example /home/projects/bagon/shared/imagenet512/val/n03871628/ILSVRC2012_val_00027103.JPEG reached epsilon at step 93, loss sum: 7.7514, final loss: 0.00099564, weight distance: 0.0064
2025-09-23 01:18:26,403 - INFO - Example /home/projects/bagon/shared/imagenet512/val/n02494079/ILSVRC2012_val_00012384.JPEG reached epsilon at step 262, loss sum: 28.2134, final loss: 0.00099373, weight distance: 0.0142
2025-09-23 01:18:48,278 - INFO - Example /home/projects/bagon/shared/imagenet512/val/n01664065/ILSVRC2012_val_00022842.JPEG reached epsilon at step 272, loss sum: 174.5340, final loss: 0.00099945, weight distance: 0.0119
2025-09-23 01:19:06,329 - INFO - Example /home/projects/bagon/shared/imagenet512/val/n02950826/ILSVRC2012_val_00022031.JPEG reached epsilon at step 218, loss sum: 126.6910, final loss: 0.00099564, weight distance: 0.0116
2025-09-23 01:19:14,938 - INFO - Example /home/projects/bagon/shared/imagenet512/val/n03950228/ILSVRC2012_val_00009107.JPEG reached epsilon at step 86, loss sum: 50.3178, final loss: 0.00098705, weight distance: 0.0067
2025-09-23 01:19:30,080 - INFO - Example /home/projects/bagon/shared/imagenet512/val/n02948072/ILSVRC2012_val_00010256.JPEG reached epsilon at step 175, loss sum: 216.8416, final loss: 0.00099945, weight distance: 0.0116
2025-09-23 01:19:54,257 - INFO - Example /home/projects/bagon/shared/imagenet512/val/n04251144/ILSVRC2012_val_00045219.JPEG reached epsilon at step 304, loss sum: 187.1850, final loss: 0.00099659, weight distance: 0.0147
2025-09-23 01:20:22,643 - INFO - Example /home/projects/bagon/shared/imagenet512/val/n02963159/ILSVRC2012_val_00016246.JPEG reached epsilon at step 363, loss sum: 291.6823, final loss: 0.00099754, weight distance: 0.0161
2025-09-23 01:20:30,861 - INFO - Example /home/projects/bagon/shared/imagenet512/val/n03770439/ILSVRC2012_val_00006164.JPEG reached epsilon at step 81, loss sum: 0.5128, final loss: 0.00099277, weight distance: 0.0059
2025-09-23 01:20:45,881 - INFO - Example /home/projects/bagon/shared/imagenet512/val/n07753275/ILSVRC2012_val_00035283.JPEG reached epsilon at step 177, loss sum: 150.3424, final loss: 0.00098610, weight distance: 0.0080
2025-09-23 01:20:57,353 - INFO - Example /home/projects/bagon/shared/imagenet512/val/n07930864/ILSVRC2012_val_00012871.JPEG reached epsilon at step 128, loss sum: 62.2181, final loss: 0.00099087, weight distance: 0.0085
2025-09-23 01:21:10,448 - INFO - Example /home/projects/bagon/shared/imagenet512/val/n02113712/ILSVRC2012_val_00016673.JPEG reached epsilon at step 149, loss sum: 28.2882, final loss: 0.00099564, weight distance: 0.0104
2025-09-23 01:21:27,831 - INFO - Example /home/projects/bagon/shared/imagenet512/val/n01944390/ILSVRC2012_val_00003625.JPEG reached epsilon at step 206, loss sum: 57.0789, final loss: 0.00099945, weight distance: 0.0100
2025-09-23 01:21:41,907 - INFO - Example /home/projects/bagon/shared/imagenet512/val/n03691459/ILSVRC2012_val_00007417.JPEG reached epsilon at step 161, loss sum: 236.1923, final loss: 0.00099850, weight distance: 0.0099
2025-09-23 01:21:56,121 - INFO - Example /home/projects/bagon/shared/imagenet512/val/n04265275/ILSVRC2012_val_00007228.JPEG reached epsilon at step 163, loss sum: 235.6752, final loss: 0.00099087, weight distance: 0.0122
2025-09-23 01:22:13,368 - INFO - Example /home/projects/bagon/shared/imagenet512/val/n04536866/ILSVRC2012_val_00027728.JPEG reached epsilon at step 205, loss sum: 120.1133, final loss: 0.00099087, weight distance: 0.0098
2025-09-23 01:22:28,377 - INFO - Example /home/projects/bagon/shared/imagenet512/val/n03452741/ILSVRC2012_val_00029142.JPEG reached epsilon at step 173, loss sum: 153.0827, final loss: 0.00099850, weight distance: 0.0098
2025-09-23 01:22:40,018 - INFO - Example /home/projects/bagon/shared/imagenet512/val/n03792972/ILSVRC2012_val_00012130.JPEG reached epsilon at step 130, loss sum: 52.2575, final loss: 0.00099945, weight distance: 0.0075
2025-09-23 01:22:57,704 - INFO - Example /home/projects/bagon/shared/imagenet512/val/n04591157/ILSVRC2012_val_00023814.JPEG reached epsilon at step 215, loss sum: 133.0593, final loss: 0.00099468, weight distance: 0.0125
2025-09-23 01:23:13,243 - INFO - Example /home/projects/bagon/shared/imagenet512/val/n02364673/ILSVRC2012_val_00022509.JPEG reached epsilon at step 182, loss sum: 134.1068, final loss: 0.00099277, weight distance: 0.0089
2025-09-23 01:23:27,826 - INFO - Example /home/projects/bagon/shared/imagenet512/val/n02085620/ILSVRC2012_val_00019402.JPEG reached epsilon at step 170, loss sum: 34.7595, final loss: 0.00099564, weight distance: 0.0099
2025-09-23 01:23:45,003 - INFO - Example /home/projects/bagon/shared/imagenet512/val/n02107908/ILSVRC2012_val_00007773.JPEG reached epsilon at step 206, loss sum: 31.4524, final loss: 0.00099659, weight distance: 0.0149
2025-09-23 01:24:00,662 - INFO - Example /home/projects/bagon/shared/imagenet512/val/n04525305/ILSVRC2012_val_00018285.JPEG reached epsilon at step 185, loss sum: 262.0044, final loss: 0.00099373, weight distance: 0.0098
2025-09-23 01:24:15,683 - INFO - Example /home/projects/bagon/shared/imagenet512/val/n09399592/ILSVRC2012_val_00002476.JPEG reached epsilon at step 176, loss sum: 23.7518, final loss: 0.00099468, weight distance: 0.0106
2025-09-23 01:24:28,556 - INFO - Example /home/projects/bagon/shared/imagenet512/val/n09468604/ILSVRC2012_val_00032298.JPEG reached epsilon at step 145, loss sum: 16.1919, final loss: 0.00098515, weight distance: 0.0091
2025-09-23 01:24:41,549 - INFO - Example /home/projects/bagon/shared/imagenet512/val/n07590611/ILSVRC2012_val_00031682.JPEG reached epsilon at step 147, loss sum: 58.5407, final loss: 0.00097847, weight distance: 0.0096
2025-09-23 01:24:57,044 - INFO - Example /home/projects/bagon/shared/imagenet512/val/n06794110/ILSVRC2012_val_00032268.JPEG reached epsilon at step 183, loss sum: 91.4426, final loss: 0.00098991, weight distance: 0.0089
2025-09-23 01:25:13,890 - INFO - Example /home/projects/bagon/shared/imagenet512/val/n02123159/ILSVRC2012_val_00013788.JPEG reached epsilon at step 200, loss sum: 83.8011, final loss: 0.00098610, weight distance: 0.0110
2025-09-23 01:25:27,289 - INFO - Example /home/projects/bagon/shared/imagenet512/val/n04517823/ILSVRC2012_val_00036519.JPEG reached epsilon at step 149, loss sum: 58.1607, final loss: 0.00099945, weight distance: 0.0093
2025-09-23 01:25:42,620 - INFO - Example /home/projects/bagon/shared/imagenet512/val/n04591157/ILSVRC2012_val_00049283.JPEG reached epsilon at step 179, loss sum: 99.9266, final loss: 0.00099754, weight distance: 0.0095
2025-09-23 01:25:59,723 - INFO - Example /home/projects/bagon/shared/imagenet512/val/n02363005/ILSVRC2012_val_00021586.JPEG reached epsilon at step 206, loss sum: 50.3571, final loss: 0.00099564, weight distance: 0.0107
2025-09-23 01:26:10,585 - INFO - Example /home/projects/bagon/shared/imagenet512/val/n02974003/ILSVRC2012_val_00044439.JPEG reached epsilon at step 116, loss sum: 30.3215, final loss: 0.00099945, weight distance: 0.0094
2025-09-23 01:26:26,161 - INFO - Example /home/projects/bagon/shared/imagenet512/val/n07584110/ILSVRC2012_val_00000267.JPEG reached epsilon at step 185, loss sum: 61.0065, final loss: 0.00098991, weight distance: 0.0097
2025-09-23 01:26:38,023 - INFO - Example /home/projects/bagon/shared/imagenet512/val/n03838899/ILSVRC2012_val_00032360.JPEG reached epsilon at step 132, loss sum: 0.9027, final loss: 0.00099754, weight distance: 0.0074
2025-09-23 01:26:58,422 - INFO - Example /home/projects/bagon/shared/imagenet512/val/n01749939/ILSVRC2012_val_00014252.JPEG reached epsilon at step 252, loss sum: 89.8298, final loss: 0.00099945, weight distance: 0.0136
2025-09-23 01:27:15,681 - INFO - Example /home/projects/bagon/shared/imagenet512/val/n03527444/ILSVRC2012_val_00028910.JPEG reached epsilon at step 206, loss sum: 72.9603, final loss: 0.00099850, weight distance: 0.0101
2025-09-23 01:27:28,368 - INFO - Example /home/projects/bagon/shared/imagenet512/val/n02951585/ILSVRC2012_val_00021257.JPEG reached epsilon at step 143, loss sum: 38.3024, final loss: 0.00099945, weight distance: 0.0089
2025-09-23 01:27:44,541 - INFO - Example /home/projects/bagon/shared/imagenet512/val/n07932039/ILSVRC2012_val_00032432.JPEG reached epsilon at step 193, loss sum: 170.0769, final loss: 0.00099564, weight distance: 0.0116
2025-09-23 01:27:58,083 - INFO - Example /home/projects/bagon/shared/imagenet512/val/n02939185/ILSVRC2012_val_00043061.JPEG reached epsilon at step 126, loss sum: 94.4830, final loss: 0.00098419, weight distance: 0.0089
2025-09-23 01:28:17,070 - INFO - Example /home/projects/bagon/shared/imagenet512/val/n04392985/ILSVRC2012_val_00006037.JPEG reached epsilon at step 231, loss sum: 37.1059, final loss: 0.00099659, weight distance: 0.0139
2025-09-23 01:28:32,955 - INFO - Example /home/projects/bagon/shared/imagenet512/val/n02169497/ILSVRC2012_val_00025729.JPEG reached epsilon at step 187, loss sum: 34.6480, final loss: 0.00099659, weight distance: 0.0092
2025-09-23 01:28:53,783 - INFO - Example /home/projects/bagon/shared/imagenet512/val/n04204347/ILSVRC2012_val_00013003.JPEG reached epsilon at step 259, loss sum: 91.3503, final loss: 0.00099754, weight distance: 0.0141
2025-09-23 01:29:13,795 - INFO - Example /home/projects/bagon/shared/imagenet512/val/n03447447/ILSVRC2012_val_00023392.JPEG reached epsilon at step 247, loss sum: 147.6987, final loss: 0.00099754, weight distance: 0.0103
2025-09-23 01:29:29,898 - INFO - Example /home/projects/bagon/shared/imagenet512/val/n03196217/ILSVRC2012_val_00014987.JPEG reached epsilon at step 192, loss sum: 60.1199, final loss: 0.00099277, weight distance: 0.0121
2025-09-23 01:29:43,655 - INFO - Example /home/projects/bagon/shared/imagenet512/val/n02999410/ILSVRC2012_val_00023200.JPEG reached epsilon at step 160, loss sum: 38.2728, final loss: 0.00099564, weight distance: 0.0093
2025-09-23 01:29:58,036 - INFO - Example /home/projects/bagon/shared/imagenet512/val/n03920288/ILSVRC2012_val_00042530.JPEG reached epsilon at step 163, loss sum: 48.6766, final loss: 0.00099277, weight distance: 0.0082
2025-09-23 01:30:11,414 - INFO - Example /home/projects/bagon/shared/imagenet512/val/n04026417/ILSVRC2012_val_00024778.JPEG reached epsilon at step 150, loss sum: 77.4279, final loss: 0.00099850, weight distance: 0.0107
2025-09-23 01:30:26,231 - INFO - Example /home/projects/bagon/shared/imagenet512/val/n04259630/ILSVRC2012_val_00048568.JPEG reached epsilon at step 172, loss sum: 85.3676, final loss: 0.00098515, weight distance: 0.0099
2025-09-23 01:30:56,708 - INFO - Example /home/projects/bagon/shared/imagenet512/val/n02497673/ILSVRC2012_val_00014914.JPEG reached epsilon at step 390, loss sum: 34.2179, final loss: 0.00099850, weight distance: 0.0153
2025-09-23 01:31:09,499 - INFO - Example /home/projects/bagon/shared/imagenet512/val/n04356056/ILSVRC2012_val_00031656.JPEG reached epsilon at step 142, loss sum: 37.4279, final loss: 0.00098038, weight distance: 0.0114
2025-09-23 01:31:23,926 - INFO - Example /home/projects/bagon/shared/imagenet512/val/n07860988/ILSVRC2012_val_00016961.JPEG reached epsilon at step 166, loss sum: 32.7176, final loss: 0.00099373, weight distance: 0.0083
2025-09-23 01:31:39,914 - INFO - Example /home/projects/bagon/shared/imagenet512/val/n03908714/ILSVRC2012_val_00034235.JPEG reached epsilon at step 189, loss sum: 298.4418, final loss: 0.00099182, weight distance: 0.0123
2025-09-23 01:32:00,831 - INFO - Example /home/projects/bagon/shared/imagenet512/val/n03692522/ILSVRC2012_val_00046713.JPEG reached epsilon at step 256, loss sum: 241.3585, final loss: 0.00099945, weight distance: 0.0116
2025-09-23 01:32:17,784 - INFO - Example /home/projects/bagon/shared/imagenet512/val/n02641379/ILSVRC2012_val_00033535.JPEG reached epsilon at step 201, loss sum: 379.0377, final loss: 0.00099373, weight distance: 0.0114
2025-09-23 01:32:34,688 - INFO - Example /home/projects/bagon/shared/imagenet512/val/n07745940/ILSVRC2012_val_00008738.JPEG reached epsilon at step 202, loss sum: 188.5703, final loss: 0.00099945, weight distance: 0.0123
2025-09-23 01:32:51,482 - INFO - Example /home/projects/bagon/shared/imagenet512/val/n04259630/ILSVRC2012_val_00025763.JPEG reached epsilon at step 201, loss sum: 263.9040, final loss: 0.00099754, weight distance: 0.0144
2025-09-23 01:33:01,613 - INFO - Example /home/projects/bagon/shared/imagenet512/val/n04026417/ILSVRC2012_val_00019863.JPEG reached epsilon at step 108, loss sum: 66.8699, final loss: 0.00098515, weight distance: 0.0079
2025-09-23 01:33:18,522 - INFO - Example /home/projects/bagon/shared/imagenet512/val/n01775062/ILSVRC2012_val_00036773.JPEG reached epsilon at step 200, loss sum: 108.3933, final loss: 0.00099182, weight distance: 0.0098
2025-09-23 01:33:34,550 - INFO - Example /home/projects/bagon/shared/imagenet512/val/n02101006/ILSVRC2012_val_00003714.JPEG reached epsilon at step 192, loss sum: 125.1995, final loss: 0.00099087, weight distance: 0.0115
2025-09-23 01:33:48,423 - INFO - Example /home/projects/bagon/shared/imagenet512/val/n03337140/ILSVRC2012_val_00036889.JPEG reached epsilon at step 162, loss sum: 190.2088, final loss: 0.00098324, weight distance: 0.0106
2025-09-23 01:34:01,547 - INFO - Example /home/projects/bagon/shared/imagenet512/val/n04493381/ILSVRC2012_val_00027916.JPEG reached epsilon at step 150, loss sum: 27.4177, final loss: 0.00099850, weight distance: 0.0117
2025-09-23 01:34:20,099 - INFO - Example /home/projects/bagon/shared/imagenet512/val/n02727426/ILSVRC2012_val_00042797.JPEG reached epsilon at step 226, loss sum: 112.6631, final loss: 0.00099945, weight distance: 0.0107
2025-09-23 01:34:49,292 - INFO - Example /home/projects/bagon/shared/imagenet512/val/n01753488/ILSVRC2012_val_00045247.JPEG reached epsilon at step 374, loss sum: 19.4207, final loss: 0.00099945, weight distance: 0.0139
2025-09-23 01:35:07,871 - INFO - Example /home/projects/bagon/shared/imagenet512/val/n04371430/ILSVRC2012_val_00026485.JPEG reached epsilon at step 228, loss sum: 105.4353, final loss: 0.00099754, weight distance: 0.0134
2025-09-23 01:35:17,276 - INFO - Example /home/projects/bagon/shared/imagenet512/val/n04522168/ILSVRC2012_val_00002092.JPEG reached epsilon at step 97, loss sum: 135.8084, final loss: 0.00098991, weight distance: 0.0068
2025-09-23 01:35:30,025 - INFO - Example /home/projects/bagon/shared/imagenet512/val/n02815834/ILSVRC2012_val_00009575.JPEG reached epsilon at step 146, loss sum: 36.8048, final loss: 0.00099277, weight distance: 0.0083
2025-09-23 01:35:58,425 - INFO - Example /home/projects/bagon/shared/imagenet512/val/n01817953/ILSVRC2012_val_00049313.JPEG reached epsilon at step 367, loss sum: 225.1499, final loss: 0.00099182, weight distance: 0.0120
2025-09-23 01:36:11,053 - INFO - Example /home/projects/bagon/shared/imagenet512/val/n04192698/ILSVRC2012_val_00012874.JPEG reached epsilon at step 142, loss sum: 68.0563, final loss: 0.00099373, weight distance: 0.0084
2025-09-23 01:36:25,959 - INFO - Example /home/projects/bagon/shared/imagenet512/val/n02815834/ILSVRC2012_val_00002035.JPEG reached epsilon at step 175, loss sum: 32.3665, final loss: 0.00099659, weight distance: 0.0098
2025-09-23 01:36:37,979 - INFO - Example /home/projects/bagon/shared/imagenet512/val/n02977058/ILSVRC2012_val_00037304.JPEG reached epsilon at step 131, loss sum: 93.2471, final loss: 0.00099945, weight distance: 0.0083
2025-09-23 01:36:50,939 - INFO - Example /home/projects/bagon/shared/imagenet512/val/n04584207/ILSVRC2012_val_00046684.JPEG reached epsilon at step 147, loss sum: 90.1363, final loss: 0.00099373, weight distance: 0.0093
2025-09-23 01:37:00,508 - INFO - Example /home/projects/bagon/shared/imagenet512/val/n03690938/ILSVRC2012_val_00043006.JPEG reached epsilon at step 94, loss sum: 27.6652, final loss: 0.00097847, weight distance: 0.0071
2025-09-23 01:37:17,194 - INFO - Example /home/projects/bagon/shared/imagenet512/val/n03868863/ILSVRC2012_val_00011326.JPEG reached epsilon at step 202, loss sum: 43.2206, final loss: 0.00099945, weight distance: 0.0103
2025-09-23 01:37:33,957 - INFO - Example /home/projects/bagon/shared/imagenet512/val/n04493381/ILSVRC2012_val_00032144.JPEG reached epsilon at step 203, loss sum: 69.7049, final loss: 0.00099468, weight distance: 0.0141
2025-09-23 01:37:46,402 - INFO - Example /home/projects/bagon/shared/imagenet512/val/n04004767/ILSVRC2012_val_00002985.JPEG reached epsilon at step 142, loss sum: 77.9748, final loss: 0.00098705, weight distance: 0.0087
2025-09-23 01:38:05,315 - INFO - Example /home/projects/bagon/shared/imagenet512/val/n09193705/ILSVRC2012_val_00001986.JPEG reached epsilon at step 234, loss sum: 26.8738, final loss: 0.00099850, weight distance: 0.0127
2025-09-23 01:38:15,021 - INFO - Example /home/projects/bagon/shared/imagenet512/val/n03680355/ILSVRC2012_val_00000385.JPEG reached epsilon at step 103, loss sum: 102.1969, final loss: 0.00096607, weight distance: 0.0081
2025-09-23 01:38:26,808 - INFO - Example /home/projects/bagon/shared/imagenet512/val/n03141823/ILSVRC2012_val_00022136.JPEG reached epsilon at step 130, loss sum: 19.4902, final loss: 0.00099945, weight distance: 0.0080
2025-09-23 01:38:46,828 - INFO - Example /home/projects/bagon/shared/imagenet512/val/n03240683/ILSVRC2012_val_00016893.JPEG reached epsilon at step 246, loss sum: 102.3682, final loss: 0.00099945, weight distance: 0.0109
2025-09-23 01:39:01,441 - INFO - Example /home/projects/bagon/shared/imagenet512/val/n03530642/ILSVRC2012_val_00009904.JPEG reached epsilon at step 173, loss sum: 125.8009, final loss: 0.00099373, weight distance: 0.0088
2025-09-23 01:39:18,265 - INFO - Example /home/projects/bagon/shared/imagenet512/val/n02105056/ILSVRC2012_val_00032837.JPEG reached epsilon at step 203, loss sum: 66.3067, final loss: 0.00099564, weight distance: 0.0104
2025-09-23 01:39:30,827 - INFO - Example /home/projects/bagon/shared/imagenet512/val/n04332243/ILSVRC2012_val_00007118.JPEG reached epsilon at step 143, loss sum: 73.1485, final loss: 0.00099468, weight distance: 0.0094
2025-09-23 01:39:47,637 - INFO - Example /home/projects/bagon/shared/imagenet512/val/n03450230/ILSVRC2012_val_00002275.JPEG reached epsilon at step 204, loss sum: 13.6981, final loss: 0.00099659, weight distance: 0.0108
2025-09-23 01:39:57,829 - INFO - Example /home/projects/bagon/shared/imagenet512/val/n04579432/ILSVRC2012_val_00034891.JPEG reached epsilon at step 110, loss sum: 40.2792, final loss: 0.00098324, weight distance: 0.0073
2025-09-23 01:40:06,428 - INFO - Example /home/projects/bagon/shared/imagenet512/val/n03871628/ILSVRC2012_val_00002169.JPEG reached epsilon at step 87, loss sum: 95.5876, final loss: 0.00097322, weight distance: 0.0067
2025-09-23 01:40:15,993 - INFO - Example /home/projects/bagon/shared/imagenet512/val/n02106382/ILSVRC2012_val_00027219.JPEG reached epsilon at step 101, loss sum: 20.5901, final loss: 0.00099754, weight distance: 0.0071
2025-09-23 01:40:28,641 - INFO - Example /home/projects/bagon/shared/imagenet512/val/n04328186/ILSVRC2012_val_00020153.JPEG reached epsilon at step 144, loss sum: 30.6853, final loss: 0.00098133, weight distance: 0.0092
2025-09-23 01:40:44,338 - INFO - Example /home/projects/bagon/shared/imagenet512/val/n09399592/ILSVRC2012_val_00004005.JPEG reached epsilon at step 188, loss sum: 59.5214, final loss: 0.00099468, weight distance: 0.0109
2025-09-23 01:41:02,451 - INFO - Example /home/projects/bagon/shared/imagenet512/val/n03868242/ILSVRC2012_val_00035457.JPEG reached epsilon at step 220, loss sum: 128.4548, final loss: 0.00099850, weight distance: 0.0115
2025-09-23 01:41:17,576 - INFO - Example /home/projects/bagon/shared/imagenet512/val/n03124043/ILSVRC2012_val_00027845.JPEG reached epsilon at step 179, loss sum: 200.5563, final loss: 0.00098515, weight distance: 0.0117
2025-09-23 01:41:41,180 - INFO - Example /home/projects/bagon/shared/imagenet512/val/n03018349/ILSVRC2012_val_00014428.JPEG reached epsilon at step 302, loss sum: 256.1882, final loss: 0.00099945, weight distance: 0.0129
2025-09-23 01:42:00,435 - INFO - Example /home/projects/bagon/shared/imagenet512/val/n04258138/ILSVRC2012_val_00014079.JPEG reached epsilon at step 239, loss sum: 98.6422, final loss: 0.00099945, weight distance: 0.0112
2025-09-23 01:42:15,745 - INFO - Example /home/projects/bagon/shared/imagenet512/val/n01748264/ILSVRC2012_val_00005033.JPEG reached epsilon at step 182, loss sum: 83.3628, final loss: 0.00099373, weight distance: 0.0089
2025-09-23 01:42:33,264 - INFO - Example /home/projects/bagon/shared/imagenet512/val/n04461696/ILSVRC2012_val_00025748.JPEG reached epsilon at step 214, loss sum: 37.5428, final loss: 0.00099754, weight distance: 0.0102
2025-09-23 01:42:47,621 - INFO - Example /home/projects/bagon/shared/imagenet512/val/n04326547/ILSVRC2012_val_00017530.JPEG reached epsilon at step 170, loss sum: 86.3125, final loss: 0.00099945, weight distance: 0.0091
2025-09-23 01:42:58,758 - INFO - Example /home/projects/bagon/shared/imagenet512/val/n04493381/ILSVRC2012_val_00034803.JPEG reached epsilon at step 124, loss sum: 35.8637, final loss: 0.00099182, weight distance: 0.0104
2025-09-23 01:43:17,426 - INFO - Example /home/projects/bagon/shared/imagenet512/val/n04579145/ILSVRC2012_val_00030522.JPEG reached epsilon at step 230, loss sum: 49.3012, final loss: 0.00099468, weight distance: 0.0116
2025-09-23 01:43:37,621 - INFO - Example /home/projects/bagon/shared/imagenet512/val/n02108915/ILSVRC2012_val_00032262.JPEG reached epsilon at step 250, loss sum: 56.2873, final loss: 0.00099564, weight distance: 0.0123
2025-09-23 01:43:56,742 - INFO - Example /home/projects/bagon/shared/imagenet512/val/n03770679/ILSVRC2012_val_00016527.JPEG reached epsilon at step 238, loss sum: 54.6517, final loss: 0.00099945, weight distance: 0.0107
2025-09-23 01:44:07,444 - INFO - Example /home/projects/bagon/shared/imagenet512/val/n02825657/ILSVRC2012_val_00018151.JPEG reached epsilon at step 116, loss sum: 35.7200, final loss: 0.00098991, weight distance: 0.0067
2025-09-23 01:44:25,505 - INFO - Example /home/projects/bagon/shared/imagenet512/val/n02804414/ILSVRC2012_val_00023356.JPEG reached epsilon at step 223, loss sum: 36.7240, final loss: 0.00099277, weight distance: 0.0098
2025-09-23 01:44:39,270 - INFO - Example /home/projects/bagon/shared/imagenet512/val/n04604644/ILSVRC2012_val_00037279.JPEG reached epsilon at step 159, loss sum: 242.7242, final loss: 0.00099945, weight distance: 0.0102
2025-09-23 01:44:48,014 - INFO - Example /home/projects/bagon/shared/imagenet512/val/n04596742/ILSVRC2012_val_00008899.JPEG reached epsilon at step 89, loss sum: 10.4207, final loss: 0.00098133, weight distance: 0.0073
2025-09-23 01:44:59,076 - INFO - Example /home/projects/bagon/shared/imagenet512/val/n07745940/ILSVRC2012_val_00023512.JPEG reached epsilon at step 122, loss sum: 47.7520, final loss: 0.00099277, weight distance: 0.0083
2025-09-23 01:45:16,942 - INFO - Example /home/projects/bagon/shared/imagenet512/val/n04591157/ILSVRC2012_val_00015778.JPEG reached epsilon at step 219, loss sum: 112.1319, final loss: 0.00098705, weight distance: 0.0125
2025-09-23 01:45:26,677 - INFO - Example /home/projects/bagon/shared/imagenet512/val/n03223299/ILSVRC2012_val_00021082.JPEG reached epsilon at step 103, loss sum: 16.6393, final loss: 0.00099373, weight distance: 0.0070
2025-09-23 01:45:33,241 - INFO - Example /home/projects/bagon/shared/imagenet512/val/n02108422/ILSVRC2012_val_00041422.JPEG reached epsilon at step 57, loss sum: 61.6143, final loss: 0.00097561, weight distance: 0.0048
2025-09-23 01:45:45,618 - INFO - Example /home/projects/bagon/shared/imagenet512/val/n04447861/ILSVRC2012_val_00004573.JPEG reached epsilon at step 141, loss sum: 421.5280, final loss: 0.00099564, weight distance: 0.0104
2025-09-23 01:46:09,136 - INFO - Example /home/projects/bagon/shared/imagenet512/val/n02321529/ILSVRC2012_val_00016075.JPEG reached epsilon at step 299, loss sum: 398.0545, final loss: 0.00099945, weight distance: 0.0137
2025-09-23 01:46:25,626 - INFO - Example /home/projects/bagon/shared/imagenet512/val/n03770679/ILSVRC2012_val_00034281.JPEG reached epsilon at step 198, loss sum: 49.8017, final loss: 0.00099850, weight distance: 0.0099
2025-09-23 01:46:37,912 - INFO - Example /home/projects/bagon/shared/imagenet512/val/n03958227/ILSVRC2012_val_00020834.JPEG reached epsilon at step 140, loss sum: 71.3752, final loss: 0.00098896, weight distance: 0.0077
2025-09-23 01:46:49,545 - INFO - Example /home/projects/bagon/shared/imagenet512/val/n03062245/ILSVRC2012_val_00017747.JPEG reached epsilon at step 127, loss sum: 11.5919, final loss: 0.00098228, weight distance: 0.0074
2025-09-23 01:47:03,304 - INFO - Example /home/projects/bagon/shared/imagenet512/val/n04371430/ILSVRC2012_val_00027225.JPEG reached epsilon at step 158, loss sum: 56.3192, final loss: 0.00098991, weight distance: 0.0093
2025-09-23 01:47:17,023 - INFO - Example /home/projects/bagon/shared/imagenet512/val/n01978287/ILSVRC2012_val_00018673.JPEG reached epsilon at step 160, loss sum: 26.2204, final loss: 0.00099754, weight distance: 0.0092
2025-09-23 01:47:41,794 - INFO - Example /home/projects/bagon/shared/imagenet512/val/n01807496/ILSVRC2012_val_00041361.JPEG reached epsilon at step 316, loss sum: 45.1983, final loss: 0.00099850, weight distance: 0.0137
2025-09-23 01:47:57,389 - INFO - Example /home/projects/bagon/shared/imagenet512/val/n03272010/ILSVRC2012_val_00033727.JPEG reached epsilon at step 187, loss sum: 67.1783, final loss: 0.00099754, weight distance: 0.0105
2025-09-23 01:48:20,857 - INFO - Example /home/projects/bagon/shared/imagenet512/val/n01644373/ILSVRC2012_val_00020321.JPEG reached epsilon at step 297, loss sum: 165.7789, final loss: 0.00098896, weight distance: 0.0130
2025-09-23 01:48:32,836 - INFO - Example /home/projects/bagon/shared/imagenet512/val/n02797295/ILSVRC2012_val_00025847.JPEG reached epsilon at step 134, loss sum: 132.9641, final loss: 0.00099850, weight distance: 0.0083
2025-09-23 01:48:50,515 - INFO - Example /home/projects/bagon/shared/imagenet512/val/n03691459/ILSVRC2012_val_00014908.JPEG reached epsilon at step 213, loss sum: 146.8335, final loss: 0.00099850, weight distance: 0.0111
2025-09-23 01:49:04,283 - INFO - Example /home/projects/bagon/shared/imagenet512/val/n04355933/ILSVRC2012_val_00043078.JPEG reached epsilon at step 158, loss sum: 56.5595, final loss: 0.00099277, weight distance: 0.0110
2025-09-23 01:49:23,152 - INFO - Example /home/projects/bagon/shared/imagenet512/val/n03000247/ILSVRC2012_val_00024215.JPEG reached epsilon at step 234, loss sum: 17.4495, final loss: 0.00099754, weight distance: 0.0115
2025-09-23 01:49:38,234 - INFO - Example /home/projects/bagon/shared/imagenet512/val/n02089973/ILSVRC2012_val_00012875.JPEG reached epsilon at step 180, loss sum: 39.7163, final loss: 0.00098515, weight distance: 0.0119
2025-09-23 01:49:55,711 - INFO - Example /home/projects/bagon/shared/imagenet512/val/n04550184/ILSVRC2012_val_00046925.JPEG reached epsilon at step 211, loss sum: 71.8554, final loss: 0.00099277, weight distance: 0.0111
2025-09-23 01:50:13,444 - INFO - Example /home/projects/bagon/shared/imagenet512/val/n04008634/ILSVRC2012_val_00000468.JPEG reached epsilon at step 214, loss sum: 21.1606, final loss: 0.00098801, weight distance: 0.0136
2025-09-23 01:50:32,890 - INFO - Example /home/projects/bagon/shared/imagenet512/val/n02109047/ILSVRC2012_val_00047250.JPEG reached epsilon at step 239, loss sum: 77.6717, final loss: 0.00099564, weight distance: 0.0116
2025-09-23 01:50:47,583 - INFO - Example /home/projects/bagon/shared/imagenet512/val/n02769748/ILSVRC2012_val_00043921.JPEG reached epsilon at step 172, loss sum: 145.5660, final loss: 0.00099087, weight distance: 0.0123
2025-09-23 01:51:01,274 - INFO - Example /home/projects/bagon/shared/imagenet512/val/n04136333/ILSVRC2012_val_00033983.JPEG reached epsilon at step 159, loss sum: 100.8450, final loss: 0.00099659, weight distance: 0.0101
2025-09-23 01:51:12,061 - INFO - Example /home/projects/bagon/shared/imagenet512/val/n02776631/ILSVRC2012_val_00040321.JPEG reached epsilon at step 113, loss sum: 116.3522, final loss: 0.00099564, weight distance: 0.0071
2025-09-23 01:51:28,949 - INFO - Example /home/projects/bagon/shared/imagenet512/val/n03995372/ILSVRC2012_val_00009204.JPEG reached epsilon at step 203, loss sum: 212.2726, final loss: 0.00099850, weight distance: 0.0115
2025-09-23 01:51:42,958 - INFO - Example /home/projects/bagon/shared/imagenet512/val/n02106382/ILSVRC2012_val_00010765.JPEG reached epsilon at step 164, loss sum: 48.6085, final loss: 0.00099754, weight distance: 0.0086
2025-09-23 01:52:02,852 - INFO - Example /home/projects/bagon/shared/imagenet512/val/n03929660/ILSVRC2012_val_00023274.JPEG reached epsilon at step 248, loss sum: 85.3269, final loss: 0.00099373, weight distance: 0.0121
2025-09-23 01:52:23,831 - INFO - Example /home/projects/bagon/shared/imagenet512/val/n01873310/ILSVRC2012_val_00036442.JPEG reached epsilon at step 264, loss sum: 58.6522, final loss: 0.00099659, weight distance: 0.0099
2025-09-23 01:52:41,414 - INFO - Example /home/projects/bagon/shared/imagenet512/val/n09193705/ILSVRC2012_val_00029110.JPEG reached epsilon at step 215, loss sum: 52.8211, final loss: 0.00099659, weight distance: 0.0110
2025-09-23 01:52:59,164 - INFO - Example /home/projects/bagon/shared/imagenet512/val/n01944390/ILSVRC2012_val_00040504.JPEG reached epsilon at step 217, loss sum: 136.8021, final loss: 0.00099659, weight distance: 0.0117
2025-09-23 01:53:14,271 - INFO - Example /home/projects/bagon/shared/imagenet512/val/n04372370/ILSVRC2012_val_00047391.JPEG reached epsilon at step 181, loss sum: 73.0378, final loss: 0.00099945, weight distance: 0.0103
2025-09-23 01:53:30,329 - INFO - Example /home/projects/bagon/shared/imagenet512/val/n03796401/ILSVRC2012_val_00013011.JPEG reached epsilon at step 190, loss sum: 39.8975, final loss: 0.00099850, weight distance: 0.0102
2025-09-23 01:53:40,255 - INFO - Example /home/projects/bagon/shared/imagenet512/val/n03970156/ILSVRC2012_val_00040215.JPEG reached epsilon at step 106, loss sum: 17.9984, final loss: 0.00099182, weight distance: 0.0074
2025-09-23 01:53:54,179 - INFO - Example /home/projects/bagon/shared/imagenet512/val/n07565083/ILSVRC2012_val_00005232.JPEG reached epsilon at step 162, loss sum: 109.5386, final loss: 0.00099850, weight distance: 0.0089
2025-09-23 01:54:17,677 - INFO - Example /home/projects/bagon/shared/imagenet512/val/n02483362/ILSVRC2012_val_00004753.JPEG reached epsilon at step 296, loss sum: 47.0035, final loss: 0.00099468, weight distance: 0.0114
2025-09-23 01:54:42,785 - INFO - Example /home/projects/bagon/shared/imagenet512/val/n07892512/ILSVRC2012_val_00020261.JPEG reached epsilon at step 318, loss sum: 51.0989, final loss: 0.00099659, weight distance: 0.0126
2025-09-23 01:55:03,955 - INFO - Example /home/projects/bagon/shared/imagenet512/val/n01774384/ILSVRC2012_val_00029029.JPEG reached epsilon at step 264, loss sum: 86.8756, final loss: 0.00099945, weight distance: 0.0110
2025-09-23 01:55:19,875 - INFO - Example /home/projects/bagon/shared/imagenet512/val/n06794110/ILSVRC2012_val_00020350.JPEG reached epsilon at step 190, loss sum: 119.3215, final loss: 0.00099850, weight distance: 0.0102
2025-09-23 01:55:30,359 - INFO - Example /home/projects/bagon/shared/imagenet512/val/n02895154/ILSVRC2012_val_00030994.JPEG reached epsilon at step 111, loss sum: 32.1699, final loss: 0.00099468, weight distance: 0.0086
2025-09-23 01:55:40,975 - INFO - Example /home/projects/bagon/shared/imagenet512/val/n04392985/ILSVRC2012_val_00008785.JPEG reached epsilon at step 115, loss sum: 55.2939, final loss: 0.00098705, weight distance: 0.0093
2025-09-23 01:55:56,545 - INFO - Example /home/projects/bagon/shared/imagenet512/val/n01978287/ILSVRC2012_val_00028594.JPEG reached epsilon at step 186, loss sum: 95.2205, final loss: 0.00099945, weight distance: 0.0099
2025-09-23 01:56:10,918 - INFO - Example /home/projects/bagon/shared/imagenet512/val/n03710637/ILSVRC2012_val_00029104.JPEG reached epsilon at step 164, loss sum: 31.9379, final loss: 0.00098991, weight distance: 0.0126
2025-09-23 01:56:18,048 - INFO - Example /home/projects/bagon/shared/imagenet512/val/n03485794/ILSVRC2012_val_00036155.JPEG reached epsilon at step 66, loss sum: 0.8779, final loss: 0.00099182, weight distance: 0.0044
2025-09-23 01:56:34,722 - INFO - Example /home/projects/bagon/shared/imagenet512/val/n02097474/ILSVRC2012_val_00014109.JPEG reached epsilon at step 202, loss sum: 41.2127, final loss: 0.00099373, weight distance: 0.0104
2025-09-23 01:56:45,485 - INFO - Example /home/projects/bagon/shared/imagenet512/val/n03891251/ILSVRC2012_val_00013082.JPEG reached epsilon at step 116, loss sum: 4.5904, final loss: 0.00099659, weight distance: 0.0077
2025-09-23 01:56:57,559 - INFO - Example /home/projects/bagon/shared/imagenet512/val/n03498962/ILSVRC2012_val_00047210.JPEG reached epsilon at step 135, loss sum: 279.1839, final loss: 0.00097227, weight distance: 0.0098
2025-09-23 01:57:16,950 - INFO - Example /home/projects/bagon/shared/imagenet512/val/n12985857/ILSVRC2012_val_00035903.JPEG reached epsilon at step 240, loss sum: 203.8245, final loss: 0.00099659, weight distance: 0.0113
2025-09-23 01:57:41,008 - INFO - Example /home/projects/bagon/shared/imagenet512/val/n02641379/ILSVRC2012_val_00036245.JPEG reached epsilon at step 304, loss sum: 88.5141, final loss: 0.00099277, weight distance: 0.0139
2025-09-23 01:57:56,673 - INFO - Example /home/projects/bagon/shared/imagenet512/val/n07615774/ILSVRC2012_val_00047951.JPEG reached epsilon at step 185, loss sum: 45.2935, final loss: 0.00099277, weight distance: 0.0094
2025-09-23 01:58:10,992 - INFO - Example /home/projects/bagon/shared/imagenet512/val/n02992529/ILSVRC2012_val_00002114.JPEG reached epsilon at step 165, loss sum: 4.9532, final loss: 0.00099850, weight distance: 0.0099
2025-09-23 01:58:22,712 - INFO - Example /home/projects/bagon/shared/imagenet512/val/n04154565/ILSVRC2012_val_00049890.JPEG reached epsilon at step 132, loss sum: 28.9884, final loss: 0.00099659, weight distance: 0.0091
2025-09-23 01:58:45,363 - INFO - Example /home/projects/bagon/shared/imagenet512/val/n02002724/ILSVRC2012_val_00017388.JPEG reached epsilon at step 288, loss sum: 27.7302, final loss: 0.00099945, weight distance: 0.0139
2025-09-23 01:59:01,667 - INFO - Example /home/projects/bagon/shared/imagenet512/val/n03372029/ILSVRC2012_val_00044942.JPEG reached epsilon at step 198, loss sum: 58.4567, final loss: 0.00099754, weight distance: 0.0113
2025-09-23 01:59:24,810 - INFO - Example /home/projects/bagon/shared/imagenet512/val/n01755581/ILSVRC2012_val_00022486.JPEG reached epsilon at step 291, loss sum: 101.6751, final loss: 0.00099850, weight distance: 0.0120
2025-09-23 01:59:37,260 - INFO - Example /home/projects/bagon/shared/imagenet512/val/n09468604/ILSVRC2012_val_00037477.JPEG reached epsilon at step 143, loss sum: 7.3945, final loss: 0.00098991, weight distance: 0.0096
2025-09-23 01:59:56,374 - INFO - Example /home/projects/bagon/shared/imagenet512/val/n04008634/ILSVRC2012_val_00023914.JPEG reached epsilon at step 237, loss sum: 28.3447, final loss: 0.00098801, weight distance: 0.0146
2025-09-23 02:00:17,571 - INFO - Example /home/projects/bagon/shared/imagenet512/val/n02979186/ILSVRC2012_val_00000557.JPEG reached epsilon at step 265, loss sum: 48.8290, final loss: 0.00098991, weight distance: 0.0156
2025-09-23 02:00:32,627 - INFO - Example /home/projects/bagon/shared/imagenet512/val/n09229709/ILSVRC2012_val_00026688.JPEG reached epsilon at step 180, loss sum: 63.3357, final loss: 0.00099182, weight distance: 0.0090
2025-09-23 02:00:44,113 - INFO - Example /home/projects/bagon/shared/imagenet512/val/n04357314/ILSVRC2012_val_00001102.JPEG reached epsilon at step 125, loss sum: 23.0588, final loss: 0.00099850, weight distance: 0.0084
2025-09-23 02:01:00,258 - INFO - Example /home/projects/bagon/shared/imagenet512/val/n04254777/ILSVRC2012_val_00013213.JPEG reached epsilon at step 194, loss sum: 91.3983, final loss: 0.00099850, weight distance: 0.0100
2025-09-23 02:01:17,341 - INFO - Example /home/projects/bagon/shared/imagenet512/val/n01773549/ILSVRC2012_val_00008352.JPEG reached epsilon at step 208, loss sum: 50.5555, final loss: 0.00099754, weight distance: 0.0100
2025-09-23 02:01:31,262 - INFO - Example /home/projects/bagon/shared/imagenet512/val/n03220513/ILSVRC2012_val_00044722.JPEG reached epsilon at step 164, loss sum: 62.1871, final loss: 0.00099659, weight distance: 0.0105
2025-09-23 02:01:45,882 - INFO - Example /home/projects/bagon/shared/imagenet512/val/n02504458/ILSVRC2012_val_00033832.JPEG reached epsilon at step 173, loss sum: 46.2979, final loss: 0.00099182, weight distance: 0.0097
2025-09-23 02:01:57,937 - INFO - Example /home/projects/bagon/shared/imagenet512/val/n04336792/ILSVRC2012_val_00004166.JPEG reached epsilon at step 137, loss sum: 264.8878, final loss: 0.00099659, weight distance: 0.0089
2025-09-23 02:02:16,182 - INFO - Example /home/projects/bagon/shared/imagenet512/val/n01728572/ILSVRC2012_val_00049017.JPEG reached epsilon at step 226, loss sum: 222.5322, final loss: 0.00098705, weight distance: 0.0131
2025-09-23 02:02:33,456 - INFO - Example /home/projects/bagon/shared/imagenet512/val/n04347754/ILSVRC2012_val_00020107.JPEG reached epsilon at step 210, loss sum: 199.4618, final loss: 0.00099659, weight distance: 0.0104
2025-09-23 02:02:42,186 - INFO - Example /home/projects/bagon/shared/imagenet512/val/n03476991/ILSVRC2012_val_00027282.JPEG reached epsilon at step 90, loss sum: 146.6022, final loss: 0.00098610, weight distance: 0.0073
2025-09-23 02:02:56,363 - INFO - Example /home/projects/bagon/shared/imagenet512/val/n04325704/ILSVRC2012_val_00047302.JPEG reached epsilon at step 167, loss sum: 40.1909, final loss: 0.00098324, weight distance: 0.0097
2025-09-23 02:03:11,597 - INFO - Example /home/projects/bagon/shared/imagenet512/val/n02093256/ILSVRC2012_val_00034733.JPEG reached epsilon at step 178, loss sum: 22.1813, final loss: 0.00098801, weight distance: 0.0121
2025-09-23 02:03:25,110 - INFO - Example /home/projects/bagon/shared/imagenet512/val/n04548362/ILSVRC2012_val_00013857.JPEG reached epsilon at step 155, loss sum: 52.2051, final loss: 0.00099850, weight distance: 0.0092
2025-09-23 02:03:40,238 - INFO - Example /home/projects/bagon/shared/imagenet512/val/n04008634/ILSVRC2012_val_00009436.JPEG reached epsilon at step 179, loss sum: 16.3632, final loss: 0.00099468, weight distance: 0.0122
2025-09-23 02:03:59,203 - INFO - Example /home/projects/bagon/shared/imagenet512/val/n02109961/ILSVRC2012_val_00033758.JPEG reached epsilon at step 234, loss sum: 37.9228, final loss: 0.00099564, weight distance: 0.0128
2025-09-23 02:04:11,163 - INFO - Example /home/projects/bagon/shared/imagenet512/val/n02788148/ILSVRC2012_val_00039546.JPEG reached epsilon at step 135, loss sum: 70.5714, final loss: 0.00099373, weight distance: 0.0094
2025-09-23 02:04:32,696 - INFO - Example /home/projects/bagon/shared/imagenet512/val/n01729977/ILSVRC2012_val_00007710.JPEG reached epsilon at step 271, loss sum: 25.6851, final loss: 0.00099659, weight distance: 0.0116
2025-09-23 02:04:45,609 - INFO - Example /home/projects/bagon/shared/imagenet512/val/n03443371/ILSVRC2012_val_00020444.JPEG reached epsilon at step 146, loss sum: 187.5863, final loss: 0.00099277, weight distance: 0.0084
2025-09-23 02:04:59,576 - INFO - Example /home/projects/bagon/shared/imagenet512/val/n04208210/ILSVRC2012_val_00040253.JPEG reached epsilon at step 164, loss sum: 192.1559, final loss: 0.00099277, weight distance: 0.0105
2025-09-23 02:05:17,191 - INFO - Example /home/projects/bagon/shared/imagenet512/val/n03201208/ILSVRC2012_val_00032574.JPEG reached epsilon at step 215, loss sum: 64.8644, final loss: 0.00099468, weight distance: 0.0118
2025-09-23 02:05:39,729 - INFO - Example /home/projects/bagon/shared/imagenet512/val/n03773504/ILSVRC2012_val_00006868.JPEG reached epsilon at step 285, loss sum: 77.6144, final loss: 0.00099659, weight distance: 0.0179
2025-09-23 02:05:54,430 - INFO - Example /home/projects/bagon/shared/imagenet512/val/n03188531/ILSVRC2012_val_00039269.JPEG reached epsilon at step 173, loss sum: 227.4793, final loss: 0.00099564, weight distance: 0.0086
2025-09-23 02:06:06,239 - INFO - Example /home/projects/bagon/shared/imagenet512/val/n03481172/ILSVRC2012_val_00009152.JPEG reached epsilon at step 133, loss sum: 84.6848, final loss: 0.00098801, weight distance: 0.0077
2025-09-23 02:06:18,401 - INFO - Example /home/projects/bagon/shared/imagenet512/val/n04553703/ILSVRC2012_val_00013534.JPEG reached epsilon at step 138, loss sum: 86.9485, final loss: 0.00099373, weight distance: 0.0102
2025-09-23 02:06:33,477 - INFO - Example /home/projects/bagon/shared/imagenet512/val/n02988304/ILSVRC2012_val_00013693.JPEG reached epsilon at step 179, loss sum: 103.7459, final loss: 0.00098610, weight distance: 0.0126
2025-09-23 02:06:57,374 - INFO - Example /home/projects/bagon/shared/imagenet512/val/n02361337/ILSVRC2012_val_00042013.JPEG reached epsilon at step 305, loss sum: 165.0323, final loss: 0.00099468, weight distance: 0.0136
2025-09-23 02:07:21,370 - INFO - Example /home/projects/bagon/shared/imagenet512/val/n07742313/ILSVRC2012_val_00031019.JPEG reached epsilon at step 305, loss sum: 97.9763, final loss: 0.00099659, weight distance: 0.0152
2025-09-23 02:07:33,694 - INFO - Example /home/projects/bagon/shared/imagenet512/val/n03976657/ILSVRC2012_val_00000334.JPEG reached epsilon at step 140, loss sum: 142.9782, final loss: 0.00099659, weight distance: 0.0109
2025-09-23 02:07:54,727 - INFO - Example /home/projects/bagon/shared/imagenet512/val/n02950826/ILSVRC2012_val_00041215.JPEG reached epsilon at step 267, loss sum: 302.6296, final loss: 0.00099945, weight distance: 0.0133
2025-09-23 02:08:09,945 - INFO - Example /home/projects/bagon/shared/imagenet512/val/n04254777/ILSVRC2012_val_00026534.JPEG reached epsilon at step 182, loss sum: 99.7981, final loss: 0.00099182, weight distance: 0.0096
2025-09-23 02:08:22,155 - INFO - Example /home/projects/bagon/shared/imagenet512/val/n02841315/ILSVRC2012_val_00013969.JPEG reached epsilon at step 139, loss sum: 264.6103, final loss: 0.00098801, weight distance: 0.0084
2025-09-23 02:08:38,142 - INFO - Example /home/projects/bagon/shared/imagenet512/val/n04133789/ILSVRC2012_val_00041654.JPEG reached epsilon at step 193, loss sum: 35.6369, final loss: 0.00099659, weight distance: 0.0093
2025-09-23 02:08:57,700 - INFO - Example /home/projects/bagon/shared/imagenet512/val/n03929855/ILSVRC2012_val_00017885.JPEG reached epsilon at step 242, loss sum: 99.8251, final loss: 0.00099754, weight distance: 0.0113
2025-09-23 02:09:25,446 - INFO - Example /home/projects/bagon/shared/imagenet512/val/n02190166/ILSVRC2012_val_00014356.JPEG reached epsilon at step 362, loss sum: 183.5146, final loss: 0.00099945, weight distance: 0.0133
2025-09-23 02:09:34,848 - INFO - Example /home/projects/bagon/shared/imagenet512/val/n04026417/ILSVRC2012_val_00049451.JPEG reached epsilon at step 99, loss sum: 14.1759, final loss: 0.00097132, weight distance: 0.0075
2025-09-23 02:09:47,411 - INFO - Example /home/projects/bagon/shared/imagenet512/val/n02871525/ILSVRC2012_val_00013599.JPEG reached epsilon at step 144, loss sum: 156.7527, final loss: 0.00098801, weight distance: 0.0103
2025-09-23 02:10:01,526 - INFO - Example /home/projects/bagon/shared/imagenet512/val/n03085013/ILSVRC2012_val_00018863.JPEG reached epsilon at step 166, loss sum: 13.3617, final loss: 0.00099182, weight distance: 0.0113
2025-09-23 02:10:13,883 - INFO - Example /home/projects/bagon/shared/imagenet512/val/n01729322/ILSVRC2012_val_00003071.JPEG reached epsilon at step 140, loss sum: 51.5126, final loss: 0.00099564, weight distance: 0.0078
2025-09-23 02:10:29,293 - INFO - Example /home/projects/bagon/shared/imagenet512/val/n02114367/ILSVRC2012_val_00043363.JPEG reached epsilon at step 184, loss sum: 31.8996, final loss: 0.00099945, weight distance: 0.0111
2025-09-23 02:10:46,326 - INFO - Example /home/projects/bagon/shared/imagenet512/val/n04591157/ILSVRC2012_val_00020606.JPEG reached epsilon at step 209, loss sum: 43.6480, final loss: 0.00098991, weight distance: 0.0109
2025-09-23 02:10:55,437 - INFO - Example /home/projects/bagon/shared/imagenet512/val/n02113624/ILSVRC2012_val_00018755.JPEG reached epsilon at step 95, loss sum: 105.9299, final loss: 0.00097752, weight distance: 0.0074
2025-09-23 02:11:08,811 - INFO - Example /home/projects/bagon/shared/imagenet512/val/n04429376/ILSVRC2012_val_00046304.JPEG reached epsilon at step 152, loss sum: 68.6791, final loss: 0.00099087, weight distance: 0.0073
2025-09-23 02:11:23,005 - INFO - Example /home/projects/bagon/shared/imagenet512/val/n02090721/ILSVRC2012_val_00014293.JPEG reached epsilon at step 166, loss sum: 83.3422, final loss: 0.00099945, weight distance: 0.0085
2025-09-23 02:11:53,083 - INFO - Example /home/projects/bagon/shared/imagenet512/val/n04275548/ILSVRC2012_val_00045648.JPEG reached epsilon at step 389, loss sum: 16.1721, final loss: 0.00099945, weight distance: 0.0117
2025-09-23 02:12:06,733 - INFO - Example /home/projects/bagon/shared/imagenet512/val/n04005630/ILSVRC2012_val_00031106.JPEG reached epsilon at step 157, loss sum: 21.1745, final loss: 0.00099182, weight distance: 0.0091
2025-09-23 02:12:22,676 - INFO - Example /home/projects/bagon/shared/imagenet512/val/n07920052/ILSVRC2012_val_00006067.JPEG reached epsilon at step 192, loss sum: 114.1772, final loss: 0.00099373, weight distance: 0.0131
2025-09-23 02:12:33,772 - INFO - Example /home/projects/bagon/shared/imagenet512/val/n03692522/ILSVRC2012_val_00021030.JPEG reached epsilon at step 123, loss sum: 78.2518, final loss: 0.00098991, weight distance: 0.0089
2025-09-23 02:12:57,741 - INFO - Example /home/projects/bagon/shared/imagenet512/val/n03498962/ILSVRC2012_val_00030655.JPEG reached epsilon at step 303, loss sum: 461.0371, final loss: 0.00099373, weight distance: 0.0202
2025-09-23 02:13:10,418 - INFO - Example /home/projects/bagon/shared/imagenet512/val/n03710637/ILSVRC2012_val_00000184.JPEG reached epsilon at step 143, loss sum: 53.5172, final loss: 0.00099373, weight distance: 0.0118
2025-09-23 02:13:32,695 - INFO - Example /home/projects/bagon/shared/imagenet512/val/n04479046/ILSVRC2012_val_00047064.JPEG reached epsilon at step 276, loss sum: 41.3951, final loss: 0.00099945, weight distance: 0.0118
2025-09-23 02:13:48,511 - INFO - Example /home/projects/bagon/shared/imagenet512/val/n03141823/ILSVRC2012_val_00040956.JPEG reached epsilon at step 188, loss sum: 20.9250, final loss: 0.00099468, weight distance: 0.0091
2025-09-23 02:14:04,340 - INFO - Example /home/projects/bagon/shared/imagenet512/val/n02094258/ILSVRC2012_val_00043451.JPEG reached epsilon at step 189, loss sum: 84.4848, final loss: 0.00099373, weight distance: 0.0109
2025-09-23 02:14:22,347 - INFO - Example /home/projects/bagon/shared/imagenet512/val/n03207941/ILSVRC2012_val_00040127.JPEG reached epsilon at step 219, loss sum: 259.6945, final loss: 0.00099277, weight distance: 0.0127
2025-09-23 02:14:44,796 - INFO - Example /home/projects/bagon/shared/imagenet512/val/n04238763/ILSVRC2012_val_00001599.JPEG reached epsilon at step 284, loss sum: 301.8270, final loss: 0.00099659, weight distance: 0.0141
2025-09-23 02:15:11,955 - INFO - Example /home/projects/bagon/shared/imagenet512/val/n04487394/ILSVRC2012_val_00012290.JPEG reached epsilon at step 348, loss sum: 64.1597, final loss: 0.00099468, weight distance: 0.0169
2025-09-23 02:15:30,902 - INFO - Example /home/projects/bagon/shared/imagenet512/val/n03016953/ILSVRC2012_val_00010764.JPEG reached epsilon at step 236, loss sum: 32.5338, final loss: 0.00099659, weight distance: 0.0096
2025-09-23 02:15:50,036 - INFO - Example /home/projects/bagon/shared/imagenet512/val/n04532106/ILSVRC2012_val_00014166.JPEG reached epsilon at step 238, loss sum: 98.8955, final loss: 0.00099754, weight distance: 0.0117
2025-09-23 02:16:07,508 - INFO - Example /home/projects/bagon/shared/imagenet512/val/n03793489/ILSVRC2012_val_00000803.JPEG reached epsilon at step 211, loss sum: 11.8585, final loss: 0.00099087, weight distance: 0.0120
2025-09-23 02:16:20,582 - INFO - Example /home/projects/bagon/shared/imagenet512/val/n03903868/ILSVRC2012_val_00020223.JPEG reached epsilon at step 151, loss sum: 78.0375, final loss: 0.00099945, weight distance: 0.0097
2025-09-23 02:16:36,866 - INFO - Example /home/projects/bagon/shared/imagenet512/val/n01775062/ILSVRC2012_val_00006378.JPEG reached epsilon at step 190, loss sum: 21.4551, final loss: 0.00099945, weight distance: 0.0104
2025-09-23 02:16:52,163 - INFO - Example /home/projects/bagon/shared/imagenet512/val/n04591157/ILSVRC2012_val_00048707.JPEG reached epsilon at step 183, loss sum: 40.3764, final loss: 0.00099468, weight distance: 0.0108
2025-09-23 02:17:09,367 - INFO - Example /home/projects/bagon/shared/imagenet512/val/n03089624/ILSVRC2012_val_00046798.JPEG reached epsilon at step 207, loss sum: 165.3937, final loss: 0.00099754, weight distance: 0.0116
2025-09-23 02:17:27,174 - INFO - Example /home/projects/bagon/shared/imagenet512/val/n03920288/ILSVRC2012_val_00023452.JPEG reached epsilon at step 216, loss sum: 162.9863, final loss: 0.00099754, weight distance: 0.0088
2025-09-23 02:17:41,851 - INFO - Example /home/projects/bagon/shared/imagenet512/val/n02776631/ILSVRC2012_val_00022863.JPEG reached epsilon at step 171, loss sum: 93.1238, final loss: 0.00099564, weight distance: 0.0110
2025-09-23 02:18:02,264 - INFO - Example /home/projects/bagon/shared/imagenet512/val/n03777754/ILSVRC2012_val_00029230.JPEG reached epsilon at step 255, loss sum: 76.3742, final loss: 0.00099087, weight distance: 0.0131
2025-09-23 02:18:14,343 - INFO - Example /home/projects/bagon/shared/imagenet512/val/n02909870/ILSVRC2012_val_00000226.JPEG reached epsilon at step 135, loss sum: 71.1499, final loss: 0.00099277, weight distance: 0.0083
2025-09-23 02:18:24,668 - INFO - Example /home/projects/bagon/shared/imagenet512/val/n04592741/ILSVRC2012_val_00036435.JPEG reached epsilon at step 110, loss sum: 22.8447, final loss: 0.00098324, weight distance: 0.0081
2025-09-23 02:18:40,276 - INFO - Example /home/projects/bagon/shared/imagenet512/val/n04229816/ILSVRC2012_val_00033073.JPEG reached epsilon at step 188, loss sum: 33.9048, final loss: 0.00099659, weight distance: 0.0084
2025-09-23 02:18:56,357 - INFO - Example /home/projects/bagon/shared/imagenet512/val/n07695742/ILSVRC2012_val_00013996.JPEG reached epsilon at step 191, loss sum: 97.2270, final loss: 0.00098991, weight distance: 0.0112
2025-09-23 02:19:09,499 - INFO - Example /home/projects/bagon/shared/imagenet512/val/n01693334/ILSVRC2012_val_00018857.JPEG reached epsilon at step 147, loss sum: 26.5768, final loss: 0.00099945, weight distance: 0.0086
2025-09-23 02:19:31,003 - INFO - Example /home/projects/bagon/shared/imagenet512/val/n01694178/ILSVRC2012_val_00001375.JPEG reached epsilon at step 270, loss sum: 69.3834, final loss: 0.00099850, weight distance: 0.0114
2025-09-23 02:19:51,882 - INFO - Example /home/projects/bagon/shared/imagenet512/val/n04435653/ILSVRC2012_val_00044409.JPEG reached epsilon at step 263, loss sum: 199.8046, final loss: 0.00099945, weight distance: 0.0124
2025-09-23 02:20:06,573 - INFO - Example /home/projects/bagon/shared/imagenet512/val/n01667778/ILSVRC2012_val_00010792.JPEG reached epsilon at step 173, loss sum: 41.8940, final loss: 0.00098991, weight distance: 0.0120
2025-09-23 02:20:26,224 - INFO - Example /home/projects/bagon/shared/imagenet512/val/n02106662/ILSVRC2012_val_00022209.JPEG reached epsilon at step 245, loss sum: 122.5047, final loss: 0.00099373, weight distance: 0.0108
2025-09-23 02:20:40,056 - INFO - Example /home/projects/bagon/shared/imagenet512/val/n03347037/ILSVRC2012_val_00026804.JPEG reached epsilon at step 160, loss sum: 124.3233, final loss: 0.00099564, weight distance: 0.0096
2025-09-23 02:20:56,027 - INFO - Example /home/projects/bagon/shared/imagenet512/val/n03627232/ILSVRC2012_val_00002377.JPEG reached epsilon at step 193, loss sum: 153.0957, final loss: 0.00098515, weight distance: 0.0117
2025-09-23 02:21:18,435 - INFO - Example /home/projects/bagon/shared/imagenet512/val/n02110063/ILSVRC2012_val_00000729.JPEG reached epsilon at step 282, loss sum: 86.2428, final loss: 0.00099564, weight distance: 0.0115
2025-09-23 02:21:41,236 - INFO - Example /home/projects/bagon/shared/imagenet512/val/n04147183/ILSVRC2012_val_00015783.JPEG reached epsilon at step 288, loss sum: 103.3706, final loss: 0.00099945, weight distance: 0.0133
2025-09-23 02:22:06,849 - INFO - Example /home/projects/bagon/shared/imagenet512/val/n01753488/ILSVRC2012_val_00033125.JPEG reached epsilon at step 329, loss sum: 41.2628, final loss: 0.00099754, weight distance: 0.0142
2025-09-23 02:22:21,441 - INFO - Example /home/projects/bagon/shared/imagenet512/val/n03871628/ILSVRC2012_val_00028843.JPEG reached epsilon at step 171, loss sum: 190.8995, final loss: 0.00098991, weight distance: 0.0114
2025-09-23 02:22:38,612 - INFO - Example /home/projects/bagon/shared/imagenet512/val/n01978455/ILSVRC2012_val_00014921.JPEG reached epsilon at step 207, loss sum: 50.9389, final loss: 0.00099468, weight distance: 0.0114
2025-09-23 02:23:10,530 - INFO - Example /home/projects/bagon/shared/imagenet512/val/n02128757/ILSVRC2012_val_00004135.JPEG reached epsilon at step 417, loss sum: 57.3544, final loss: 0.00099850, weight distance: 0.0161
2025-09-23 02:23:42,001 - INFO - Example /home/projects/bagon/shared/imagenet512/val/n03710721/ILSVRC2012_val_00031620.JPEG reached epsilon at step 413, loss sum: 125.0976, final loss: 0.00099850, weight distance: 0.0164
2025-09-23 02:23:54,815 - INFO - Example /home/projects/bagon/shared/imagenet512/val/n03045698/ILSVRC2012_val_00023868.JPEG reached epsilon at step 146, loss sum: 17.3600, final loss: 0.00099659, weight distance: 0.0082
2025-09-23 02:24:07,272 - INFO - Example /home/projects/bagon/shared/imagenet512/val/n03710637/ILSVRC2012_val_00015163.JPEG reached epsilon at step 142, loss sum: 21.2120, final loss: 0.00097418, weight distance: 0.0112
2025-09-23 02:24:23,545 - INFO - Example /home/projects/bagon/shared/imagenet512/val/n03271574/ILSVRC2012_val_00026921.JPEG reached epsilon at step 196, loss sum: 187.0370, final loss: 0.00099945, weight distance: 0.0101
2025-09-23 02:24:54,127 - INFO - Example /home/projects/bagon/shared/imagenet512/val/n02444819/ILSVRC2012_val_00016665.JPEG reached epsilon at step 401, loss sum: 144.7324, final loss: 0.00099850, weight distance: 0.0149
2025-09-23 02:25:09,027 - INFO - Example /home/projects/bagon/shared/imagenet512/val/n04228054/ILSVRC2012_val_00047702.JPEG reached epsilon at step 176, loss sum: 71.3619, final loss: 0.00098610, weight distance: 0.0103
2025-09-23 02:25:25,442 - INFO - Example /home/projects/bagon/shared/imagenet512/val/n02769748/ILSVRC2012_val_00036510.JPEG reached epsilon at step 196, loss sum: 16.5445, final loss: 0.00099754, weight distance: 0.0102
2025-09-23 02:25:34,604 - INFO - Example /home/projects/bagon/shared/imagenet512/val/n02093428/ILSVRC2012_val_00039832.JPEG reached epsilon at step 95, loss sum: 62.4392, final loss: 0.00098515, weight distance: 0.0075
2025-09-23 02:25:53,172 - INFO - Example /home/projects/bagon/shared/imagenet512/val/n03838899/ILSVRC2012_val_00004639.JPEG reached epsilon at step 229, loss sum: 206.3848, final loss: 0.00099659, weight distance: 0.0122
2025-09-23 02:26:14,141 - INFO - Example /home/projects/bagon/shared/imagenet512/val/n01981276/ILSVRC2012_val_00004965.JPEG reached epsilon at step 264, loss sum: 82.6542, final loss: 0.00099754, weight distance: 0.0125
2025-09-23 02:26:28,097 - INFO - Example /home/projects/bagon/shared/imagenet512/val/n02490219/ILSVRC2012_val_00006219.JPEG reached epsilon at step 160, loss sum: 48.1049, final loss: 0.00099850, weight distance: 0.0094
2025-09-23 02:26:59,356 - INFO - Example /home/projects/bagon/shared/imagenet512/val/n01753488/ILSVRC2012_val_00016066.JPEG reached epsilon at step 408, loss sum: 75.6260, final loss: 0.00099373, weight distance: 0.0154
2025-09-23 02:27:12,688 - INFO - Example /home/projects/bagon/shared/imagenet512/val/n03933933/ILSVRC2012_val_00045336.JPEG reached epsilon at step 152, loss sum: 131.5816, final loss: 0.00099564, weight distance: 0.0113
2025-09-23 02:27:28,915 - INFO - Example /home/projects/bagon/shared/imagenet512/val/n03710637/ILSVRC2012_val_00026276.JPEG reached epsilon at step 194, loss sum: 58.9040, final loss: 0.00099564, weight distance: 0.0139
2025-09-23 02:27:40,667 - INFO - Example /home/projects/bagon/shared/imagenet512/val/n15075141/ILSVRC2012_val_00014649.JPEG reached epsilon at step 132, loss sum: 137.9251, final loss: 0.00099373, weight distance: 0.0079
2025-09-23 02:28:02,318 - INFO - Example /home/projects/bagon/shared/imagenet512/val/n02749479/ILSVRC2012_val_00042983.JPEG reached epsilon at step 270, loss sum: 68.2142, final loss: 0.00099850, weight distance: 0.0137
2025-09-23 02:28:16,278 - INFO - Example /home/projects/bagon/shared/imagenet512/val/n04004767/ILSVRC2012_val_00008544.JPEG reached epsilon at step 159, loss sum: 123.3877, final loss: 0.00098610, weight distance: 0.0096
2025-09-23 02:28:31,555 - INFO - Example /home/projects/bagon/shared/imagenet512/val/n03920288/ILSVRC2012_val_00026927.JPEG reached epsilon at step 179, loss sum: 279.6055, final loss: 0.00099945, weight distance: 0.0104
2025-09-23 02:28:45,728 - INFO - Example /home/projects/bagon/shared/imagenet512/val/n02730930/ILSVRC2012_val_00001258.JPEG reached epsilon at step 163, loss sum: 67.2635, final loss: 0.00099754, weight distance: 0.0098
2025-09-23 02:29:00,664 - INFO - Example /home/projects/bagon/shared/imagenet512/val/n03014705/ILSVRC2012_val_00037817.JPEG reached epsilon at step 175, loss sum: 35.8903, final loss: 0.00099659, weight distance: 0.0082
2025-09-23 02:29:17,734 - INFO - Example /home/projects/bagon/shared/imagenet512/val/n04467665/ILSVRC2012_val_00014857.JPEG reached epsilon at step 206, loss sum: 58.7206, final loss: 0.00099945, weight distance: 0.0102
2025-09-23 02:29:33,408 - INFO - Example /home/projects/bagon/shared/imagenet512/val/n03947888/ILSVRC2012_val_00006118.JPEG reached epsilon at step 187, loss sum: 21.3460, final loss: 0.00099468, weight distance: 0.0114
2025-09-23 02:29:42,463 - INFO - Example /home/projects/bagon/shared/imagenet512/val/n04296562/ILSVRC2012_val_00031263.JPEG reached epsilon at step 93, loss sum: 23.1631, final loss: 0.00098133, weight distance: 0.0055
2025-09-23 02:29:54,513 - INFO - Example /home/projects/bagon/shared/imagenet512/val/n04192698/ILSVRC2012_val_00025337.JPEG reached epsilon at step 136, loss sum: 81.4237, final loss: 0.00099182, weight distance: 0.0072
2025-09-23 02:30:10,146 - INFO - Example /home/projects/bagon/shared/imagenet512/val/n03642806/ILSVRC2012_val_00005001.JPEG reached epsilon at step 185, loss sum: 34.1410, final loss: 0.00099087, weight distance: 0.0131
2025-09-23 02:30:28,989 - INFO - Example /home/projects/bagon/shared/imagenet512/val/n02229544/ILSVRC2012_val_00026590.JPEG reached epsilon at step 230, loss sum: 138.0234, final loss: 0.00099754, weight distance: 0.0125
2025-09-23 02:30:37,582 - INFO - Example /home/projects/bagon/shared/imagenet512/val/n02108000/ILSVRC2012_val_00041093.JPEG reached epsilon at step 87, loss sum: 118.4095, final loss: 0.00095797, weight distance: 0.0071
2025-09-23 02:30:56,033 - INFO - Example /home/projects/bagon/shared/imagenet512/val/n02422106/ILSVRC2012_val_00014740.JPEG reached epsilon at step 226, loss sum: 76.4846, final loss: 0.00099659, weight distance: 0.0113
2025-09-23 02:31:12,840 - INFO - Example /home/projects/bagon/shared/imagenet512/val/n03838899/ILSVRC2012_val_00023184.JPEG reached epsilon at step 201, loss sum: 52.5258, final loss: 0.00099659, weight distance: 0.0119
2025-09-23 02:31:27,652 - INFO - Example /home/projects/bagon/shared/imagenet512/val/n03724870/ILSVRC2012_val_00038854.JPEG reached epsilon at step 175, loss sum: 172.1705, final loss: 0.00099277, weight distance: 0.0099
2025-09-23 02:31:39,354 - INFO - Example /home/projects/bagon/shared/imagenet512/val/n04154565/ILSVRC2012_val_00010044.JPEG reached epsilon at step 130, loss sum: 212.0363, final loss: 0.00099468, weight distance: 0.0108
2025-09-23 02:31:46,149 - INFO - Example /home/projects/bagon/shared/imagenet512/val/n04476259/ILSVRC2012_val_00042785.JPEG reached epsilon at step 61, loss sum: 42.3333, final loss: 0.00099277, weight distance: 0.0051
2025-09-23 02:31:57,640 - INFO - Example /home/projects/bagon/shared/imagenet512/val/n02107574/ILSVRC2012_val_00007071.JPEG reached epsilon at step 128, loss sum: 84.6332, final loss: 0.00099087, weight distance: 0.0091
2025-09-23 02:32:10,677 - INFO - Example /home/projects/bagon/shared/imagenet512/val/n03782006/ILSVRC2012_val_00028687.JPEG reached epsilon at step 150, loss sum: 69.2742, final loss: 0.00098324, weight distance: 0.0115
2025-09-23 02:32:26,038 - INFO - Example /home/projects/bagon/shared/imagenet512/val/n02776631/ILSVRC2012_val_00014946.JPEG reached epsilon at step 183, loss sum: 107.0357, final loss: 0.00098896, weight distance: 0.0101
2025-09-23 02:32:38,643 - INFO - Example /home/projects/bagon/shared/imagenet512/val/n03141823/ILSVRC2012_val_00022939.JPEG reached epsilon at step 143, loss sum: 25.0595, final loss: 0.00099087, weight distance: 0.0086
2025-09-23 02:33:02,068 - INFO - Example /home/projects/bagon/shared/imagenet512/val/n02018207/ILSVRC2012_val_00034172.JPEG reached epsilon at step 294, loss sum: 51.5677, final loss: 0.00099945, weight distance: 0.0114
2025-09-23 02:33:19,725 - INFO - Example /home/projects/bagon/shared/imagenet512/val/n03895866/ILSVRC2012_val_00014820.JPEG reached epsilon at step 214, loss sum: 34.5241, final loss: 0.00099564, weight distance: 0.0098
2025-09-23 02:33:37,852 - INFO - Example /home/projects/bagon/shared/imagenet512/val/n02088364/ILSVRC2012_val_00017873.JPEG reached epsilon at step 221, loss sum: 78.0941, final loss: 0.00099945, weight distance: 0.0118
2025-09-23 02:33:51,394 - INFO - Example /home/projects/bagon/shared/imagenet512/val/n02110185/ILSVRC2012_val_00013150.JPEG reached epsilon at step 156, loss sum: 26.6543, final loss: 0.00098610, weight distance: 0.0108
2025-09-23 02:34:01,714 - INFO - Example /home/projects/bagon/shared/imagenet512/val/n03998194/ILSVRC2012_val_00042119.JPEG reached epsilon at step 112, loss sum: 10.7146, final loss: 0.00098801, weight distance: 0.0063
2025-09-23 02:34:11,872 - INFO - Example /home/projects/bagon/shared/imagenet512/val/n02895154/ILSVRC2012_val_00048989.JPEG reached epsilon at step 108, loss sum: 56.6461, final loss: 0.00098228, weight distance: 0.0089
2025-09-23 02:34:27,462 - INFO - Example /home/projects/bagon/shared/imagenet512/val/n02098286/ILSVRC2012_val_00030961.JPEG reached epsilon at step 186, loss sum: 99.8797, final loss: 0.00099945, weight distance: 0.0112
2025-09-23 02:34:47,897 - INFO - Example /home/projects/bagon/shared/imagenet512/val/n01514859/ILSVRC2012_val_00004183.JPEG reached epsilon at step 255, loss sum: 84.2026, final loss: 0.00099945, weight distance: 0.0113
2025-09-23 02:35:12,150 - INFO - Example /home/projects/bagon/shared/imagenet512/val/n07697537/ILSVRC2012_val_00046213.JPEG reached epsilon at step 308, loss sum: 405.9894, final loss: 0.00099659, weight distance: 0.0144
2025-09-23 02:35:30,121 - INFO - Example /home/projects/bagon/shared/imagenet512/val/n04376876/ILSVRC2012_val_00019899.JPEG reached epsilon at step 218, loss sum: 132.8459, final loss: 0.00099850, weight distance: 0.0116
2025-09-23 02:35:45,448 - INFO - Example /home/projects/bagon/shared/imagenet512/val/n04485082/ILSVRC2012_val_00024877.JPEG reached epsilon at step 181, loss sum: 19.0877, final loss: 0.00098610, weight distance: 0.0106
2025-09-23 02:36:04,321 - INFO - Example /home/projects/bagon/shared/imagenet512/val/n03126707/ILSVRC2012_val_00006428.JPEG reached epsilon at step 231, loss sum: 66.7633, final loss: 0.00099754, weight distance: 0.0112
2025-09-23 02:36:24,908 - INFO - Example /home/projects/bagon/shared/imagenet512/val/n07717556/ILSVRC2012_val_00012757.JPEG reached epsilon at step 256, loss sum: 47.7738, final loss: 0.00098991, weight distance: 0.0124
2025-09-23 02:36:36,726 - INFO - Example /home/projects/bagon/shared/imagenet512/val/n03481172/ILSVRC2012_val_00045767.JPEG reached epsilon at step 132, loss sum: 35.3244, final loss: 0.00098896, weight distance: 0.0091
2025-09-23 02:36:58,598 - INFO - Example /home/projects/bagon/shared/imagenet512/val/n12998815/ILSVRC2012_val_00016330.JPEG reached epsilon at step 273, loss sum: 101.7047, final loss: 0.00099945, weight distance: 0.0160
2025-09-23 02:37:16,538 - INFO - Example /home/projects/bagon/shared/imagenet512/val/n03400231/ILSVRC2012_val_00033419.JPEG reached epsilon at step 218, loss sum: 34.8770, final loss: 0.00099754, weight distance: 0.0105
2025-09-23 02:37:33,751 - INFO - Example /home/projects/bagon/shared/imagenet512/val/n04008634/ILSVRC2012_val_00032572.JPEG reached epsilon at step 208, loss sum: 29.4903, final loss: 0.00098515, weight distance: 0.0150
2025-09-23 02:37:50,270 - INFO - Example /home/projects/bagon/shared/imagenet512/val/n02107908/ILSVRC2012_val_00044462.JPEG reached epsilon at step 198, loss sum: 60.7511, final loss: 0.00098896, weight distance: 0.0112
2025-09-23 02:38:04,790 - INFO - Example /home/projects/bagon/shared/imagenet512/val/n04591713/ILSVRC2012_val_00035740.JPEG reached epsilon at step 169, loss sum: 42.8344, final loss: 0.00099945, weight distance: 0.0120
2025-09-23 02:38:17,076 - INFO - Example /home/projects/bagon/shared/imagenet512/val/n02096294/ILSVRC2012_val_00029691.JPEG reached epsilon at step 139, loss sum: 112.7037, final loss: 0.00099373, weight distance: 0.0094
2025-09-23 02:38:37,683 - INFO - Example /home/projects/bagon/shared/imagenet512/val/n02415577/ILSVRC2012_val_00022966.JPEG reached epsilon at step 255, loss sum: 24.8496, final loss: 0.00099087, weight distance: 0.0132
2025-09-23 02:38:56,942 - INFO - Example /home/projects/bagon/shared/imagenet512/val/n02233338/ILSVRC2012_val_00021514.JPEG reached epsilon at step 237, loss sum: 215.1626, final loss: 0.00099468, weight distance: 0.0110
2025-09-23 02:39:23,263 - INFO - Example /home/projects/bagon/shared/imagenet512/val/n03394916/ILSVRC2012_val_00003587.JPEG reached epsilon at step 337, loss sum: 76.2539, final loss: 0.00099754, weight distance: 0.0112
2025-09-23 02:39:38,315 - INFO - Example /home/projects/bagon/shared/imagenet512/val/n02910353/ILSVRC2012_val_00028179.JPEG reached epsilon at step 179, loss sum: 265.2511, final loss: 0.00099850, weight distance: 0.0113
2025-09-23 02:40:00,026 - INFO - Example /home/projects/bagon/shared/imagenet512/val/n01914609/ILSVRC2012_val_00031110.JPEG reached epsilon at step 271, loss sum: 25.5215, final loss: 0.00099277, weight distance: 0.0104
2025-09-23 02:40:17,430 - INFO - Example /home/projects/bagon/shared/imagenet512/val/n03527444/ILSVRC2012_val_00005443.JPEG reached epsilon at step 212, loss sum: 220.9869, final loss: 0.00099850, weight distance: 0.0121
2025-09-23 02:40:38,383 - INFO - Example /home/projects/bagon/shared/imagenet512/val/n02091244/ILSVRC2012_val_00001137.JPEG reached epsilon at step 263, loss sum: 190.0270, final loss: 0.00099850, weight distance: 0.0142
2025-09-23 02:40:53,596 - INFO - Example /home/projects/bagon/shared/imagenet512/val/n03724870/ILSVRC2012_val_00002798.JPEG reached epsilon at step 178, loss sum: 182.2138, final loss: 0.00099754, weight distance: 0.0114
2025-09-23 02:41:07,676 - INFO - Example /home/projects/bagon/shared/imagenet512/val/n03763968/ILSVRC2012_val_00044291.JPEG reached epsilon at step 162, loss sum: 128.4240, final loss: 0.00099754, weight distance: 0.0110
2025-09-23 02:41:25,702 - INFO - Example /home/projects/bagon/shared/imagenet512/val/n03676483/ILSVRC2012_val_00019870.JPEG reached epsilon at step 220, loss sum: 129.4323, final loss: 0.00099564, weight distance: 0.0124
2025-09-23 02:41:40,078 - INFO - Example /home/projects/bagon/shared/imagenet512/val/n04090263/ILSVRC2012_val_00021492.JPEG reached epsilon at step 170, loss sum: 159.4794, final loss: 0.00099277, weight distance: 0.0115
2025-09-23 02:42:07,100 - INFO - Example /home/projects/bagon/shared/imagenet512/val/n03761084/ILSVRC2012_val_00001614.JPEG reached epsilon at step 349, loss sum: 25.2202, final loss: 0.00099468, weight distance: 0.0140
2025-09-23 02:42:26,118 - INFO - Example /home/projects/bagon/shared/imagenet512/val/n02403003/ILSVRC2012_val_00039271.JPEG reached epsilon at step 236, loss sum: 67.7225, final loss: 0.00099754, weight distance: 0.0147
2025-09-23 02:42:45,988 - INFO - Example /home/projects/bagon/shared/imagenet512/val/n02091467/ILSVRC2012_val_00017193.JPEG reached epsilon at step 243, loss sum: 57.4566, final loss: 0.00099945, weight distance: 0.0121
2025-09-23 02:42:59,599 - INFO - Example /home/projects/bagon/shared/imagenet512/val/n03125729/ILSVRC2012_val_00038317.JPEG reached epsilon at step 157, loss sum: 16.6592, final loss: 0.00099468, weight distance: 0.0099
2025-09-23 02:43:09,130 - INFO - Example /home/projects/bagon/shared/imagenet512/val/n04081281/ILSVRC2012_val_00022454.JPEG reached epsilon at step 97, loss sum: 49.5936, final loss: 0.00097942, weight distance: 0.0076
2025-09-23 02:43:26,459 - INFO - Example /home/projects/bagon/shared/imagenet512/val/n02011460/ILSVRC2012_val_00024007.JPEG reached epsilon at step 209, loss sum: 130.9814, final loss: 0.00099754, weight distance: 0.0110
2025-09-23 02:43:37,103 - INFO - Example /home/projects/bagon/shared/imagenet512/val/n04560804/ILSVRC2012_val_00011758.JPEG reached epsilon at step 115, loss sum: 146.2207, final loss: 0.00097322, weight distance: 0.0091
2025-09-23 02:43:57,381 - INFO - Example /home/projects/bagon/shared/imagenet512/val/n03930630/ILSVRC2012_val_00039963.JPEG reached epsilon at step 254, loss sum: 310.6006, final loss: 0.00099754, weight distance: 0.0130
2025-09-23 02:44:12,972 - INFO - Example /home/projects/bagon/shared/imagenet512/val/n03787032/ILSVRC2012_val_00028732.JPEG reached epsilon at step 186, loss sum: 92.4075, final loss: 0.00099564, weight distance: 0.0122
2025-09-23 02:44:38,581 - INFO - Example /home/projects/bagon/shared/imagenet512/val/n01632458/ILSVRC2012_val_00010675.JPEG reached epsilon at step 331, loss sum: 10.9589, final loss: 0.00099945, weight distance: 0.0095
2025-09-23 02:44:53,872 - INFO - Example /home/projects/bagon/shared/imagenet512/val/n04392985/ILSVRC2012_val_00041808.JPEG reached epsilon at step 178, loss sum: 78.3567, final loss: 0.00098896, weight distance: 0.0133
2025-09-23 02:45:12,185 - INFO - Example /home/projects/bagon/shared/imagenet512/val/n01685808/ILSVRC2012_val_00010887.JPEG reached epsilon at step 227, loss sum: 69.2348, final loss: 0.00099182, weight distance: 0.0107
2025-09-23 02:45:28,117 - INFO - Example /home/projects/bagon/shared/imagenet512/val/n07584110/ILSVRC2012_val_00030584.JPEG reached epsilon at step 193, loss sum: 25.3545, final loss: 0.00099754, weight distance: 0.0085
2025-09-23 02:45:46,431 - INFO - Example /home/projects/bagon/shared/imagenet512/val/n01990800/ILSVRC2012_val_00014138.JPEG reached epsilon at step 227, loss sum: 285.4253, final loss: 0.00099468, weight distance: 0.0118
2025-09-23 02:46:03,796 - INFO - Example /home/projects/bagon/shared/imagenet512/val/n03775071/ILSVRC2012_val_00015151.JPEG reached epsilon at step 213, loss sum: 92.1549, final loss: 0.00099754, weight distance: 0.0096
2025-09-23 02:46:16,468 - INFO - Example /home/projects/bagon/shared/imagenet512/val/n02808440/ILSVRC2012_val_00030761.JPEG reached epsilon at step 146, loss sum: 164.1223, final loss: 0.00098801, weight distance: 0.0107
2025-09-23 02:46:29,423 - INFO - Example /home/projects/bagon/shared/imagenet512/val/n03998194/ILSVRC2012_val_00015241.JPEG reached epsilon at step 148, loss sum: 138.9664, final loss: 0.00098038, weight distance: 0.0090
2025-09-23 02:46:39,603 - INFO - Example /home/projects/bagon/shared/imagenet512/val/n02871525/ILSVRC2012_val_00041323.JPEG reached epsilon at step 110, loss sum: 102.8655, final loss: 0.00098705, weight distance: 0.0090
2025-09-23 02:46:53,148 - INFO - Example /home/projects/bagon/shared/imagenet512/val/n02107908/ILSVRC2012_val_00033982.JPEG reached epsilon at step 158, loss sum: 33.3351, final loss: 0.00098705, weight distance: 0.0110
2025-09-23 02:47:08,081 - INFO - Example /home/projects/bagon/shared/imagenet512/val/n02106382/ILSVRC2012_val_00003834.JPEG reached epsilon at step 177, loss sum: 106.0497, final loss: 0.00099850, weight distance: 0.0106
2025-09-23 02:47:19,601 - INFO - Example /home/projects/bagon/shared/imagenet512/val/n07248320/ILSVRC2012_val_00027903.JPEG reached epsilon at step 126, loss sum: 55.1020, final loss: 0.00099754, weight distance: 0.0082
2025-09-23 02:47:34,268 - INFO - Example /home/projects/bagon/shared/imagenet512/val/n02892767/ILSVRC2012_val_00010611.JPEG reached epsilon at step 172, loss sum: 83.4502, final loss: 0.00099850, weight distance: 0.0104
2025-09-23 02:47:55,167 - INFO - Example /home/projects/bagon/shared/imagenet512/val/n03838899/ILSVRC2012_val_00027537.JPEG reached epsilon at step 258, loss sum: 23.9152, final loss: 0.00099373, weight distance: 0.0141
2025-09-23 02:48:09,600 - INFO - Example /home/projects/bagon/shared/imagenet512/val/n04235860/ILSVRC2012_val_00026304.JPEG reached epsilon at step 166, loss sum: 8.0387, final loss: 0.00099182, weight distance: 0.0090
2025-09-23 02:48:11,934 - INFO - Time limit reached. Exiting before starting next example.
