2025-09-23 00:54:13,141 - INFO - Parsed arguments:
2025-09-23 00:54:13,142 - INFO -   amp_dtype = None
2025-09-23 00:54:13,142 - INFO -   bars_npy = /home/projects/bagon/andreyg/Projects/BMM_school/Universal_learning/Programming/bars/geq6wrong_21017_geq6correct_1525_imagenet.npy
2025-09-23 00:54:13,142 - INFO -   cka_layer_fraction = 0.05
2025-09-23 00:54:13,142 - INFO -   current_worker = 3
2025-09-23 00:54:13,142 - INFO -   deterministic = True
2025-09-23 00:54:13,142 - INFO -   device = cuda
2025-09-23 00:54:13,142 - INFO -   epsilon = 0.001
2025-09-23 00:54:13,142 - INFO -   examples_csv = /home/projects/bagon/andreyg/Projects/BMM_school/Universal_learning/Programming/bars/geq6wrong_21017_geq6correct_1525_imagenet_examples_ammended.csv
2025-09-23 00:54:13,142 - INFO -   explicit_examples_for_training = None
2025-09-23 00:54:13,142 - INFO -   grad_clip_norm = 1.0
2025-09-23 00:54:13,142 - INFO -   hierarchy_json = /home/projects/bagon/andreyg/Projects/BMM_school/Universal_learning/Programming/bars/imagenet_synset_hierarchy.json
2025-09-23 00:54:13,142 - INFO -   imagenet_models_csv = /home/projects/bagon/andreyg/Projects/BMM_school/Universal_learning/Programming/bars/imagenet_models.csv
2025-09-23 00:54:13,142 - INFO -   lr = 0.0001
2025-09-23 00:54:13,142 - INFO -   max_examples = 50000
2025-09-23 00:54:13,142 - INFO -   max_steps_per_example = 10000
2025-09-23 00:54:13,142 - INFO -   model_csv_name = efficientvit_base_2_224_classification_imagenet_1k
2025-09-23 00:54:13,142 - INFO -   model_name = efficientvit_b2.r224_in1k
2025-09-23 00:54:13,142 - INFO -   no_amp = False
2025-09-23 00:54:13,142 - INFO -   num_workers = 8
2025-09-23 00:54:13,142 - INFO -   output_dir = /home/projects/bagon/andreyg/Projects/BMM_school/Universal_learning/Programming/training_gradient_evaluator_single_loss_parallel/output_parallel_8_workers_trial_2
2025-09-23 00:54:13,142 - INFO -   root_dir = None
2025-09-23 00:54:13,142 - INFO -   seed = 1337
2025-09-23 00:54:13,142 - INFO -   time_limit_seconds = 6300
2025-09-23 00:54:13,142 - INFO -   weight_decay = 0.0
2025-09-23 00:54:13,142 - INFO -   zero_aug_train = False
2025-09-23 00:54:13,944 - INFO - Loaded TIMM pretrained weights for efficientvit_b2.r224_in1k
2025-09-23 00:54:13,944 - INFO - pretrained_cfg.url= hf_hub_id=timm/efficientvit_b2.r224_in1k
2025-09-23 00:54:14,289 - INFO - Training configuration:
2025-09-23 00:54:14,289 - INFO -   lr = 0.0001
2025-09-23 00:54:14,289 - INFO -   weight_decay = 0.0
2025-09-23 00:54:14,289 - INFO -   max_steps = 10000
2025-09-23 00:54:14,289 - INFO -   epsilon = 0.001
2025-09-23 00:54:14,289 - INFO -   device = cuda
2025-09-23 00:54:14,289 - INFO -   use_amp = True
2025-09-23 00:54:14,289 - INFO -   amp_dtype = None
2025-09-23 00:54:14,289 - INFO -   gradient_clip_norm = 1.0
2025-09-23 00:54:28,637 - INFO - Example /home/projects/bagon/shared/imagenet512/val/n03832673/ILSVRC2012_val_00025240.JPEG reached epsilon at step 150, loss sum: 37.6091, final loss: 0.00098801, weight distance: 0.0115
2025-09-23 00:54:41,079 - INFO - Example /home/projects/bagon/shared/imagenet512/val/n04263257/ILSVRC2012_val_00022648.JPEG reached epsilon at step 133, loss sum: 97.2692, final loss: 0.00098801, weight distance: 0.0104
2025-09-23 00:54:50,841 - INFO - Example /home/projects/bagon/shared/imagenet512/val/n03690938/ILSVRC2012_val_00019570.JPEG reached epsilon at step 103, loss sum: 44.3555, final loss: 0.00097179, weight distance: 0.0084
2025-09-23 00:55:13,450 - INFO - Example /home/projects/bagon/shared/imagenet512/val/n02236044/ILSVRC2012_val_00023826.JPEG reached epsilon at step 290, loss sum: 33.0146, final loss: 0.00099087, weight distance: 0.0115
2025-09-23 00:55:23,656 - INFO - Example /home/projects/bagon/shared/imagenet512/val/n03873416/ILSVRC2012_val_00015049.JPEG reached epsilon at step 109, loss sum: 10.1667, final loss: 0.00098705, weight distance: 0.0082
2025-09-23 00:55:34,548 - INFO - Example /home/projects/bagon/shared/imagenet512/val/n04265275/ILSVRC2012_val_00045434.JPEG reached epsilon at step 117, loss sum: 142.1651, final loss: 0.00097084, weight distance: 0.0083
2025-09-23 00:55:45,827 - INFO - Example /home/projects/bagon/shared/imagenet512/val/n01740131/ILSVRC2012_val_00047071.JPEG reached epsilon at step 120, loss sum: 128.9006, final loss: 0.00099277, weight distance: 0.0091
2025-09-23 00:55:59,758 - INFO - Example /home/projects/bagon/shared/imagenet512/val/n02879718/ILSVRC2012_val_00027306.JPEG reached epsilon at step 156, loss sum: 63.8936, final loss: 0.00099754, weight distance: 0.0087
2025-09-23 00:56:16,418 - INFO - Example /home/projects/bagon/shared/imagenet512/val/n03961711/ILSVRC2012_val_00028126.JPEG reached epsilon at step 193, loss sum: 50.4901, final loss: 0.00099182, weight distance: 0.0105
2025-09-23 00:56:33,353 - INFO - Example /home/projects/bagon/shared/imagenet512/val/n03825788/ILSVRC2012_val_00017323.JPEG reached epsilon at step 199, loss sum: 9.3966, final loss: 0.00099564, weight distance: 0.0095
2025-09-23 00:57:01,293 - INFO - Example /home/projects/bagon/shared/imagenet512/val/n02497673/ILSVRC2012_val_00000398.JPEG reached epsilon at step 352, loss sum: 239.6275, final loss: 0.00099945, weight distance: 0.0144
2025-09-23 00:57:13,598 - INFO - Example /home/projects/bagon/shared/imagenet512/val/n02859443/ILSVRC2012_val_00018440.JPEG reached epsilon at step 130, loss sum: 26.2161, final loss: 0.00099850, weight distance: 0.0079
2025-09-23 00:57:27,557 - INFO - Example /home/projects/bagon/shared/imagenet512/val/n02988304/ILSVRC2012_val_00039422.JPEG reached epsilon at step 162, loss sum: 52.2559, final loss: 0.00099468, weight distance: 0.0107
2025-09-23 00:57:44,132 - INFO - Example /home/projects/bagon/shared/imagenet512/val/n02096051/ILSVRC2012_val_00010461.JPEG reached epsilon at step 199, loss sum: 174.9181, final loss: 0.00099277, weight distance: 0.0100
2025-09-23 00:58:00,879 - INFO - Example /home/projects/bagon/shared/imagenet512/val/n04591713/ILSVRC2012_val_00034842.JPEG reached epsilon at step 200, loss sum: 141.1824, final loss: 0.00099468, weight distance: 0.0124
2025-09-23 00:58:20,994 - INFO - Example /home/projects/bagon/shared/imagenet512/val/n01945685/ILSVRC2012_val_00003601.JPEG reached epsilon at step 241, loss sum: 236.5437, final loss: 0.00099182, weight distance: 0.0114
2025-09-23 00:58:31,690 - INFO - Example /home/projects/bagon/shared/imagenet512/val/n03692522/ILSVRC2012_val_00040460.JPEG reached epsilon at step 116, loss sum: 20.8104, final loss: 0.00099373, weight distance: 0.0074
2025-09-23 00:58:46,397 - INFO - Example /home/projects/bagon/shared/imagenet512/val/n01871265/ILSVRC2012_val_00001358.JPEG reached epsilon at step 169, loss sum: 34.9433, final loss: 0.00099945, weight distance: 0.0115
2025-09-23 00:58:55,436 - INFO - Example /home/projects/bagon/shared/imagenet512/val/n04443257/ILSVRC2012_val_00020110.JPEG reached epsilon at step 93, loss sum: 35.3269, final loss: 0.00099277, weight distance: 0.0073
2025-09-23 00:59:11,911 - INFO - Example /home/projects/bagon/shared/imagenet512/val/n03443371/ILSVRC2012_val_00044868.JPEG reached epsilon at step 196, loss sum: 69.0241, final loss: 0.00099850, weight distance: 0.0114
2025-09-23 00:59:23,432 - INFO - Example /home/projects/bagon/shared/imagenet512/val/n07734744/ILSVRC2012_val_00046024.JPEG reached epsilon at step 128, loss sum: 24.0811, final loss: 0.00098705, weight distance: 0.0091
2025-09-23 00:59:43,871 - INFO - Example /home/projects/bagon/shared/imagenet512/val/n04428191/ILSVRC2012_val_00025954.JPEG reached epsilon at step 259, loss sum: 56.3537, final loss: 0.00099659, weight distance: 0.0115
2025-09-23 01:00:02,337 - INFO - Example /home/projects/bagon/shared/imagenet512/val/n02869837/ILSVRC2012_val_00049514.JPEG reached epsilon at step 226, loss sum: 146.8066, final loss: 0.00099373, weight distance: 0.0116
2025-09-23 01:00:20,712 - INFO - Example /home/projects/bagon/shared/imagenet512/val/n02099267/ILSVRC2012_val_00013712.JPEG reached epsilon at step 226, loss sum: 167.9973, final loss: 0.00099850, weight distance: 0.0114
2025-09-23 01:00:29,552 - INFO - Example /home/projects/bagon/shared/imagenet512/val/n03970156/ILSVRC2012_val_00030886.JPEG reached epsilon at step 91, loss sum: 2.0010, final loss: 0.00098705, weight distance: 0.0058
2025-09-23 01:00:40,679 - INFO - Example /home/projects/bagon/shared/imagenet512/val/n02776631/ILSVRC2012_val_00023736.JPEG reached epsilon at step 120, loss sum: 24.1732, final loss: 0.00099754, weight distance: 0.0070
2025-09-23 01:00:56,491 - INFO - Example /home/projects/bagon/shared/imagenet512/val/n03255030/ILSVRC2012_val_00010055.JPEG reached epsilon at step 189, loss sum: 28.5429, final loss: 0.00099373, weight distance: 0.0103
2025-09-23 01:01:19,022 - INFO - Example /home/projects/bagon/shared/imagenet512/val/n04540053/ILSVRC2012_val_00010766.JPEG reached epsilon at step 281, loss sum: 88.8018, final loss: 0.00098991, weight distance: 0.0132
2025-09-23 01:01:33,930 - INFO - Example /home/projects/bagon/shared/imagenet512/val/n01697457/ILSVRC2012_val_00017459.JPEG reached epsilon at step 175, loss sum: 99.3749, final loss: 0.00099373, weight distance: 0.0089
2025-09-23 01:01:50,975 - INFO - Example /home/projects/bagon/shared/imagenet512/val/n03670208/ILSVRC2012_val_00024440.JPEG reached epsilon at step 208, loss sum: 54.6726, final loss: 0.00099182, weight distance: 0.0098
2025-09-23 01:02:06,763 - INFO - Example /home/projects/bagon/shared/imagenet512/val/n03637318/ILSVRC2012_val_00034586.JPEG reached epsilon at step 186, loss sum: 85.6844, final loss: 0.00099468, weight distance: 0.0105
2025-09-23 01:02:19,738 - INFO - Example /home/projects/bagon/shared/imagenet512/val/n03250847/ILSVRC2012_val_00032127.JPEG reached epsilon at step 149, loss sum: 10.5050, final loss: 0.00098801, weight distance: 0.0089
2025-09-23 01:02:41,281 - INFO - Example /home/projects/bagon/shared/imagenet512/val/n03710721/ILSVRC2012_val_00024687.JPEG reached epsilon at step 270, loss sum: 36.0501, final loss: 0.00099468, weight distance: 0.0170
2025-09-23 01:02:52,179 - INFO - Example /home/projects/bagon/shared/imagenet512/val/n04493381/ILSVRC2012_val_00009561.JPEG reached epsilon at step 119, loss sum: 21.8704, final loss: 0.00099850, weight distance: 0.0090
2025-09-23 01:03:06,766 - INFO - Example /home/projects/bagon/shared/imagenet512/val/n04552348/ILSVRC2012_val_00032516.JPEG reached epsilon at step 172, loss sum: 10.1624, final loss: 0.00099182, weight distance: 0.0092
2025-09-23 01:03:26,041 - INFO - Example /home/projects/bagon/shared/imagenet512/val/n03197337/ILSVRC2012_val_00013307.JPEG reached epsilon at step 238, loss sum: 19.2220, final loss: 0.00099277, weight distance: 0.0145
2025-09-23 01:03:51,961 - INFO - Example /home/projects/bagon/shared/imagenet512/val/n03888605/ILSVRC2012_val_00025682.JPEG reached epsilon at step 323, loss sum: 38.9777, final loss: 0.00099754, weight distance: 0.0141
2025-09-23 01:04:03,227 - INFO - Example /home/projects/bagon/shared/imagenet512/val/n03481172/ILSVRC2012_val_00006198.JPEG reached epsilon at step 125, loss sum: 71.9343, final loss: 0.00099659, weight distance: 0.0085
2025-09-23 01:04:19,116 - INFO - Example /home/projects/bagon/shared/imagenet512/val/n03000134/ILSVRC2012_val_00026866.JPEG reached epsilon at step 193, loss sum: 154.3715, final loss: 0.00099850, weight distance: 0.0106
2025-09-23 01:04:31,431 - INFO - Example /home/projects/bagon/shared/imagenet512/val/n04141327/ILSVRC2012_val_00011950.JPEG reached epsilon at step 137, loss sum: 12.6671, final loss: 0.00098133, weight distance: 0.0074
2025-09-23 01:04:40,828 - INFO - Example /home/projects/bagon/shared/imagenet512/val/n03995372/ILSVRC2012_val_00039029.JPEG reached epsilon at step 95, loss sum: 87.3509, final loss: 0.00098801, weight distance: 0.0067
2025-09-23 01:04:55,569 - INFO - Example /home/projects/bagon/shared/imagenet512/val/n02095889/ILSVRC2012_val_00022642.JPEG reached epsilon at step 175, loss sum: 5.5389, final loss: 0.00099564, weight distance: 0.0097
2025-09-23 01:05:12,606 - INFO - Example /home/projects/bagon/shared/imagenet512/val/n04380533/ILSVRC2012_val_00033933.JPEG reached epsilon at step 204, loss sum: 35.7770, final loss: 0.00099659, weight distance: 0.0135
2025-09-23 01:05:27,126 - INFO - Example /home/projects/bagon/shared/imagenet512/val/n02088094/ILSVRC2012_val_00044215.JPEG reached epsilon at step 170, loss sum: 35.1420, final loss: 0.00099945, weight distance: 0.0097
2025-09-23 01:05:40,570 - INFO - Example /home/projects/bagon/shared/imagenet512/val/n03832673/ILSVRC2012_val_00016670.JPEG reached epsilon at step 156, loss sum: 29.5075, final loss: 0.00099182, weight distance: 0.0123
2025-09-23 01:05:59,637 - INFO - Example /home/projects/bagon/shared/imagenet512/val/n02979186/ILSVRC2012_val_00016648.JPEG reached epsilon at step 236, loss sum: 30.6005, final loss: 0.00099754, weight distance: 0.0145
2025-09-23 01:06:31,837 - INFO - Example /home/projects/bagon/shared/imagenet512/val/n01682714/ILSVRC2012_val_00016844.JPEG reached epsilon at step 423, loss sum: 101.0349, final loss: 0.00099468, weight distance: 0.0168
2025-09-23 01:06:43,650 - INFO - Example /home/projects/bagon/shared/imagenet512/val/n04296562/ILSVRC2012_val_00002591.JPEG reached epsilon at step 131, loss sum: 33.5652, final loss: 0.00099754, weight distance: 0.0091
2025-09-23 01:07:00,587 - INFO - Example /home/projects/bagon/shared/imagenet512/val/n03724870/ILSVRC2012_val_00009544.JPEG reached epsilon at step 198, loss sum: 97.5170, final loss: 0.00099945, weight distance: 0.0114
2025-09-23 01:07:11,023 - INFO - Example /home/projects/bagon/shared/imagenet512/val/n04270147/ILSVRC2012_val_00008252.JPEG reached epsilon at step 112, loss sum: 126.7843, final loss: 0.00098705, weight distance: 0.0075
2025-09-23 01:07:20,982 - INFO - Example /home/projects/bagon/shared/imagenet512/val/n04380533/ILSVRC2012_val_00032093.JPEG reached epsilon at step 107, loss sum: 53.7874, final loss: 0.00099564, weight distance: 0.0087
2025-09-23 01:07:37,579 - INFO - Example /home/projects/bagon/shared/imagenet512/val/n03947888/ILSVRC2012_val_00009628.JPEG reached epsilon at step 202, loss sum: 21.0743, final loss: 0.00099945, weight distance: 0.0100
2025-09-23 01:07:57,061 - INFO - Example /home/projects/bagon/shared/imagenet512/val/n07615774/ILSVRC2012_val_00008864.JPEG reached epsilon at step 239, loss sum: 104.5934, final loss: 0.00099659, weight distance: 0.0128
2025-09-23 01:08:11,370 - INFO - Example /home/projects/bagon/shared/imagenet512/val/n04049303/ILSVRC2012_val_00003998.JPEG reached epsilon at step 168, loss sum: 44.1857, final loss: 0.00099277, weight distance: 0.0094
2025-09-23 01:08:30,821 - INFO - Example /home/projects/bagon/shared/imagenet512/val/n01530575/ILSVRC2012_val_00046833.JPEG reached epsilon at step 242, loss sum: 18.7666, final loss: 0.00099373, weight distance: 0.0113
2025-09-23 01:08:42,185 - INFO - Example /home/projects/bagon/shared/imagenet512/val/n04154565/ILSVRC2012_val_00012778.JPEG reached epsilon at step 125, loss sum: 17.8718, final loss: 0.00099373, weight distance: 0.0089
2025-09-23 01:09:03,134 - INFO - Example /home/projects/bagon/shared/imagenet512/val/n03841143/ILSVRC2012_val_00039911.JPEG reached epsilon at step 264, loss sum: 2.5087, final loss: 0.00099659, weight distance: 0.0103
2025-09-23 01:09:31,802 - INFO - Example /home/projects/bagon/shared/imagenet512/val/n07717410/ILSVRC2012_val_00042721.JPEG reached epsilon at step 374, loss sum: 128.1325, final loss: 0.00099564, weight distance: 0.0146
2025-09-23 01:09:50,515 - INFO - Example /home/projects/bagon/shared/imagenet512/val/n02094433/ILSVRC2012_val_00008956.JPEG reached epsilon at step 229, loss sum: 54.3336, final loss: 0.00099182, weight distance: 0.0106
2025-09-23 01:10:01,476 - INFO - Example /home/projects/bagon/shared/imagenet512/val/n02115641/ILSVRC2012_val_00021318.JPEG reached epsilon at step 120, loss sum: 23.6869, final loss: 0.00099754, weight distance: 0.0086
2025-09-23 01:10:15,889 - INFO - Example /home/projects/bagon/shared/imagenet512/val/n03709823/ILSVRC2012_val_00040662.JPEG reached epsilon at step 170, loss sum: 29.5659, final loss: 0.00099087, weight distance: 0.0093
2025-09-23 01:10:36,502 - INFO - Example /home/projects/bagon/shared/imagenet512/val/n07720875/ILSVRC2012_val_00023223.JPEG reached epsilon at step 256, loss sum: 101.3787, final loss: 0.00099564, weight distance: 0.0112
2025-09-23 01:10:47,899 - INFO - Example /home/projects/bagon/shared/imagenet512/val/n02106382/ILSVRC2012_val_00032033.JPEG reached epsilon at step 122, loss sum: 6.7814, final loss: 0.00099468, weight distance: 0.0071
2025-09-23 01:11:07,037 - INFO - Example /home/projects/bagon/shared/imagenet512/val/n02669723/ILSVRC2012_val_00038753.JPEG reached epsilon at step 238, loss sum: 120.5918, final loss: 0.00099945, weight distance: 0.0125
2025-09-23 01:11:18,451 - INFO - Example /home/projects/bagon/shared/imagenet512/val/n02999410/ILSVRC2012_val_00032940.JPEG reached epsilon at step 125, loss sum: 30.2065, final loss: 0.00099754, weight distance: 0.0090
2025-09-23 01:11:27,566 - INFO - Example /home/projects/bagon/shared/imagenet512/val/n02403003/ILSVRC2012_val_00038349.JPEG reached epsilon at step 94, loss sum: 25.8901, final loss: 0.00098610, weight distance: 0.0074
2025-09-23 01:11:38,247 - INFO - Example /home/projects/bagon/shared/imagenet512/val/n04067472/ILSVRC2012_val_00038171.JPEG reached epsilon at step 117, loss sum: 71.5241, final loss: 0.00097370, weight distance: 0.0081
2025-09-23 01:11:52,414 - INFO - Example /home/projects/bagon/shared/imagenet512/val/n04065272/ILSVRC2012_val_00042167.JPEG reached epsilon at step 169, loss sum: 28.5986, final loss: 0.00099659, weight distance: 0.0076
2025-09-23 01:12:09,978 - INFO - Example /home/projects/bagon/shared/imagenet512/val/n03710637/ILSVRC2012_val_00007899.JPEG reached epsilon at step 212, loss sum: 28.5144, final loss: 0.00098038, weight distance: 0.0149
2025-09-23 01:12:28,689 - INFO - Example /home/projects/bagon/shared/imagenet512/val/n01855672/ILSVRC2012_val_00026155.JPEG reached epsilon at step 228, loss sum: 19.7058, final loss: 0.00099850, weight distance: 0.0092
2025-09-23 01:12:45,258 - INFO - Example /home/projects/bagon/shared/imagenet512/val/n04252225/ILSVRC2012_val_00024347.JPEG reached epsilon at step 197, loss sum: 69.4074, final loss: 0.00099850, weight distance: 0.0095
2025-09-23 01:12:54,281 - INFO - Example /home/projects/bagon/shared/imagenet512/val/n02840245/ILSVRC2012_val_00032138.JPEG reached epsilon at step 91, loss sum: 53.3351, final loss: 0.00099564, weight distance: 0.0071
2025-09-23 01:13:04,337 - INFO - Example /home/projects/bagon/shared/imagenet512/val/n03658185/ILSVRC2012_val_00031590.JPEG reached epsilon at step 103, loss sum: 53.1750, final loss: 0.00099945, weight distance: 0.0079
2025-09-23 01:13:16,323 - INFO - Example /home/projects/bagon/shared/imagenet512/val/n03642806/ILSVRC2012_val_00038829.JPEG reached epsilon at step 134, loss sum: 18.8181, final loss: 0.00098515, weight distance: 0.0104
2025-09-23 01:13:32,664 - INFO - Example /home/projects/bagon/shared/imagenet512/val/n04462240/ILSVRC2012_val_00021403.JPEG reached epsilon at step 196, loss sum: 78.1713, final loss: 0.00099659, weight distance: 0.0110
2025-09-23 01:13:44,317 - INFO - Example /home/projects/bagon/shared/imagenet512/val/n02097474/ILSVRC2012_val_00011240.JPEG reached epsilon at step 130, loss sum: 36.2595, final loss: 0.00099945, weight distance: 0.0078
2025-09-23 01:14:04,794 - INFO - Example /home/projects/bagon/shared/imagenet512/val/n02410509/ILSVRC2012_val_00033952.JPEG reached epsilon at step 258, loss sum: 117.1972, final loss: 0.00099754, weight distance: 0.0126
2025-09-23 01:14:17,419 - INFO - Example /home/projects/bagon/shared/imagenet512/val/n04270147/ILSVRC2012_val_00039375.JPEG reached epsilon at step 133, loss sum: 68.7421, final loss: 0.00099754, weight distance: 0.0089
2025-09-23 01:14:34,435 - INFO - Example /home/projects/bagon/shared/imagenet512/val/n02834397/ILSVRC2012_val_00002482.JPEG reached epsilon at step 204, loss sum: 174.3413, final loss: 0.00099850, weight distance: 0.0099
2025-09-23 01:14:45,918 - INFO - Example /home/projects/bagon/shared/imagenet512/val/n03874599/ILSVRC2012_val_00045793.JPEG reached epsilon at step 124, loss sum: 44.1234, final loss: 0.00098610, weight distance: 0.0082
2025-09-23 01:14:58,104 - INFO - Example /home/projects/bagon/shared/imagenet512/val/n03759954/ILSVRC2012_val_00003553.JPEG reached epsilon at step 141, loss sum: 3.9500, final loss: 0.00099564, weight distance: 0.0092
2025-09-23 01:15:07,606 - INFO - Example /home/projects/bagon/shared/imagenet512/val/n02909870/ILSVRC2012_val_00011119.JPEG reached epsilon at step 97, loss sum: 31.1052, final loss: 0.00099659, weight distance: 0.0069
2025-09-23 01:15:19,033 - INFO - Example /home/projects/bagon/shared/imagenet512/val/n04067472/ILSVRC2012_val_00003992.JPEG reached epsilon at step 125, loss sum: 87.4393, final loss: 0.00099373, weight distance: 0.0078
2025-09-23 01:15:27,151 - INFO - Example /home/projects/bagon/shared/imagenet512/val/n02113624/ILSVRC2012_val_00015576.JPEG reached epsilon at step 79, loss sum: 29.6708, final loss: 0.00099087, weight distance: 0.0068
2025-09-23 01:15:39,130 - INFO - Example /home/projects/bagon/shared/imagenet512/val/n02825657/ILSVRC2012_val_00018459.JPEG reached epsilon at step 136, loss sum: 61.3142, final loss: 0.00098705, weight distance: 0.0081
2025-09-23 01:16:01,062 - INFO - Example /home/projects/bagon/shared/imagenet512/val/n01744401/ILSVRC2012_val_00041159.JPEG reached epsilon at step 278, loss sum: 53.4910, final loss: 0.00099754, weight distance: 0.0127
2025-09-23 01:16:15,148 - INFO - Example /home/projects/bagon/shared/imagenet512/val/n02229544/ILSVRC2012_val_00047433.JPEG reached epsilon at step 164, loss sum: 6.5143, final loss: 0.00099659, weight distance: 0.0098
2025-09-23 01:16:29,746 - INFO - Example /home/projects/bagon/shared/imagenet512/val/n03220513/ILSVRC2012_val_00024196.JPEG reached epsilon at step 169, loss sum: 12.8576, final loss: 0.00099659, weight distance: 0.0100
2025-09-23 01:16:48,629 - INFO - Example /home/projects/bagon/shared/imagenet512/val/n03000247/ILSVRC2012_val_00049630.JPEG reached epsilon at step 234, loss sum: 70.3777, final loss: 0.00099850, weight distance: 0.0112
2025-09-23 01:17:03,658 - INFO - Example /home/projects/bagon/shared/imagenet512/val/n09468604/ILSVRC2012_val_00031258.JPEG reached epsilon at step 176, loss sum: 6.8487, final loss: 0.00099277, weight distance: 0.0111
2025-09-23 01:17:21,032 - INFO - Example /home/projects/bagon/shared/imagenet512/val/n04332243/ILSVRC2012_val_00042439.JPEG reached epsilon at step 210, loss sum: 98.8267, final loss: 0.00099468, weight distance: 0.0124
2025-09-23 01:17:29,741 - INFO - Example /home/projects/bagon/shared/imagenet512/val/n03483316/ILSVRC2012_val_00005938.JPEG reached epsilon at step 88, loss sum: 22.4676, final loss: 0.00098038, weight distance: 0.0067
2025-09-23 01:17:44,734 - INFO - Example /home/projects/bagon/shared/imagenet512/val/n03742115/ILSVRC2012_val_00027318.JPEG reached epsilon at step 177, loss sum: 28.9481, final loss: 0.00099945, weight distance: 0.0087
2025-09-23 01:18:01,103 - INFO - Example /home/projects/bagon/shared/imagenet512/val/n01601694/ILSVRC2012_val_00049775.JPEG reached epsilon at step 197, loss sum: 161.9299, final loss: 0.00098801, weight distance: 0.0111
2025-09-23 01:18:09,398 - INFO - Example /home/projects/bagon/shared/imagenet512/val/n03532672/ILSVRC2012_val_00042387.JPEG reached epsilon at step 75, loss sum: 14.3450, final loss: 0.00096130, weight distance: 0.0058
2025-09-23 01:18:27,424 - INFO - Example /home/projects/bagon/shared/imagenet512/val/n02110627/ILSVRC2012_val_00029382.JPEG reached epsilon at step 223, loss sum: 55.3773, final loss: 0.00099945, weight distance: 0.0103
2025-09-23 01:18:38,493 - INFO - Example /home/projects/bagon/shared/imagenet512/val/n04023962/ILSVRC2012_val_00003025.JPEG reached epsilon at step 121, loss sum: 19.4242, final loss: 0.00099945, weight distance: 0.0071
2025-09-23 01:18:48,490 - INFO - Example /home/projects/bagon/shared/imagenet512/val/n03337140/ILSVRC2012_val_00031059.JPEG reached epsilon at step 104, loss sum: 28.9760, final loss: 0.00098038, weight distance: 0.0069
2025-09-23 01:19:03,514 - INFO - Example /home/projects/bagon/shared/imagenet512/val/n02112018/ILSVRC2012_val_00000057.JPEG reached epsilon at step 177, loss sum: 5.0892, final loss: 0.00099850, weight distance: 0.0097
2025-09-23 01:19:17,540 - INFO - Example /home/projects/bagon/shared/imagenet512/val/n02974003/ILSVRC2012_val_00002405.JPEG reached epsilon at step 165, loss sum: 36.5499, final loss: 0.00099373, weight distance: 0.0104
2025-09-23 01:19:31,039 - INFO - Example /home/projects/bagon/shared/imagenet512/val/n03062245/ILSVRC2012_val_00042799.JPEG reached epsilon at step 158, loss sum: 125.4268, final loss: 0.00098896, weight distance: 0.0117
2025-09-23 01:19:45,458 - INFO - Example /home/projects/bagon/shared/imagenet512/val/n02109525/ILSVRC2012_val_00042860.JPEG reached epsilon at step 167, loss sum: 49.9029, final loss: 0.00099277, weight distance: 0.0085
2025-09-23 01:20:01,507 - INFO - Example /home/projects/bagon/shared/imagenet512/val/n02093991/ILSVRC2012_val_00024875.JPEG reached epsilon at step 190, loss sum: 23.4433, final loss: 0.00099564, weight distance: 0.0099
2025-09-23 01:20:14,848 - INFO - Example /home/projects/bagon/shared/imagenet512/val/n04371430/ILSVRC2012_val_00008808.JPEG reached epsilon at step 153, loss sum: 88.6401, final loss: 0.00099087, weight distance: 0.0097
2025-09-23 01:20:28,713 - INFO - Example /home/projects/bagon/shared/imagenet512/val/n04557648/ILSVRC2012_val_00027613.JPEG reached epsilon at step 161, loss sum: 88.6344, final loss: 0.00098801, weight distance: 0.0101
2025-09-23 01:20:41,574 - INFO - Example /home/projects/bagon/shared/imagenet512/val/n04154565/ILSVRC2012_val_00047420.JPEG reached epsilon at step 147, loss sum: 112.0595, final loss: 0.00099277, weight distance: 0.0111
2025-09-23 01:20:50,840 - INFO - Example /home/projects/bagon/shared/imagenet512/val/n04370456/ILSVRC2012_val_00037376.JPEG reached epsilon at step 95, loss sum: 30.4250, final loss: 0.00098705, weight distance: 0.0067
2025-09-23 01:21:23,986 - INFO - Example /home/projects/bagon/shared/imagenet512/val/n02027492/ILSVRC2012_val_00012889.JPEG reached epsilon at step 435, loss sum: 44.3914, final loss: 0.00099850, weight distance: 0.0141
2025-09-23 01:21:33,117 - INFO - Example /home/projects/bagon/shared/imagenet512/val/n03633091/ILSVRC2012_val_00044816.JPEG reached epsilon at step 93, loss sum: 23.4212, final loss: 0.00096226, weight distance: 0.0078
2025-09-23 01:21:46,480 - INFO - Example /home/projects/bagon/shared/imagenet512/val/n07584110/ILSVRC2012_val_00049325.JPEG reached epsilon at step 155, loss sum: 3.3745, final loss: 0.00099945, weight distance: 0.0088
2025-09-23 01:21:59,101 - INFO - Example /home/projects/bagon/shared/imagenet512/val/n03032252/ILSVRC2012_val_00040393.JPEG reached epsilon at step 141, loss sum: 168.8825, final loss: 0.00099659, weight distance: 0.0103
2025-09-23 01:22:14,323 - INFO - Example /home/projects/bagon/shared/imagenet512/val/n02105855/ILSVRC2012_val_00003196.JPEG reached epsilon at step 177, loss sum: 62.6272, final loss: 0.00099564, weight distance: 0.0100
2025-09-23 01:22:24,616 - INFO - Example /home/projects/bagon/shared/imagenet512/val/n02910353/ILSVRC2012_val_00012852.JPEG reached epsilon at step 111, loss sum: 9.7398, final loss: 0.00099373, weight distance: 0.0070
2025-09-23 01:22:37,146 - INFO - Example /home/projects/bagon/shared/imagenet512/val/n02123159/ILSVRC2012_val_00022822.JPEG reached epsilon at step 143, loss sum: 137.7085, final loss: 0.00098896, weight distance: 0.0086
2025-09-23 01:22:57,014 - INFO - Example /home/projects/bagon/shared/imagenet512/val/n03773504/ILSVRC2012_val_00026876.JPEG reached epsilon at step 245, loss sum: 33.9606, final loss: 0.00099373, weight distance: 0.0157
2025-09-23 01:23:05,149 - INFO - Example /home/projects/bagon/shared/imagenet512/val/n03666591/ILSVRC2012_val_00024416.JPEG reached epsilon at step 81, loss sum: 34.7357, final loss: 0.00098324, weight distance: 0.0065
2025-09-23 01:23:16,189 - INFO - Example /home/projects/bagon/shared/imagenet512/val/n03759954/ILSVRC2012_val_00025450.JPEG reached epsilon at step 110, loss sum: 4.1357, final loss: 0.00099945, weight distance: 0.0076
2025-09-23 01:23:35,303 - INFO - Example /home/projects/bagon/shared/imagenet512/val/n04179913/ILSVRC2012_val_00010108.JPEG reached epsilon at step 238, loss sum: 68.4956, final loss: 0.00099945, weight distance: 0.0112
2025-09-23 01:23:47,992 - INFO - Example /home/projects/bagon/shared/imagenet512/val/n03933933/ILSVRC2012_val_00000121.JPEG reached epsilon at step 145, loss sum: 30.1947, final loss: 0.00099754, weight distance: 0.0085
2025-09-23 01:24:12,152 - INFO - Example /home/projects/bagon/shared/imagenet512/val/n02268443/ILSVRC2012_val_00008001.JPEG reached epsilon at step 310, loss sum: 21.0535, final loss: 0.00099659, weight distance: 0.0118
2025-09-23 01:24:22,409 - INFO - Example /home/projects/bagon/shared/imagenet512/val/n02776631/ILSVRC2012_val_00026847.JPEG reached epsilon at step 110, loss sum: 124.6449, final loss: 0.00099373, weight distance: 0.0074
2025-09-23 01:24:32,852 - INFO - Example /home/projects/bagon/shared/imagenet512/val/n07836838/ILSVRC2012_val_00044759.JPEG reached epsilon at step 113, loss sum: 14.1491, final loss: 0.00099754, weight distance: 0.0056
2025-09-23 01:24:45,333 - INFO - Example /home/projects/bagon/shared/imagenet512/val/n07590611/ILSVRC2012_val_00046256.JPEG reached epsilon at step 142, loss sum: 52.3330, final loss: 0.00099468, weight distance: 0.0095
2025-09-23 01:25:01,010 - INFO - Example /home/projects/bagon/shared/imagenet512/val/n07836838/ILSVRC2012_val_00046664.JPEG reached epsilon at step 185, loss sum: 47.0440, final loss: 0.00099087, weight distance: 0.0106
2025-09-23 01:25:12,694 - INFO - Example /home/projects/bagon/shared/imagenet512/val/n02892767/ILSVRC2012_val_00028949.JPEG reached epsilon at step 126, loss sum: 12.5087, final loss: 0.00098991, weight distance: 0.0081
2025-09-23 01:25:30,723 - INFO - Example /home/projects/bagon/shared/imagenet512/val/n02749479/ILSVRC2012_val_00041685.JPEG reached epsilon at step 220, loss sum: 35.5208, final loss: 0.00099373, weight distance: 0.0120
2025-09-23 01:25:40,067 - INFO - Example /home/projects/bagon/shared/imagenet512/val/n04599235/ILSVRC2012_val_00012145.JPEG reached epsilon at step 95, loss sum: 5.9361, final loss: 0.00097847, weight distance: 0.0072
2025-09-23 01:25:54,164 - INFO - Example /home/projects/bagon/shared/imagenet512/val/n02769748/ILSVRC2012_val_00017761.JPEG reached epsilon at step 166, loss sum: 32.5401, final loss: 0.00099850, weight distance: 0.0102
2025-09-23 01:26:17,011 - INFO - Example /home/projects/bagon/shared/imagenet512/val/n01443537/ILSVRC2012_val_00046915.JPEG reached epsilon at step 292, loss sum: 28.6998, final loss: 0.00099564, weight distance: 0.0104
2025-09-23 01:26:33,673 - INFO - Example /home/projects/bagon/shared/imagenet512/val/n04204347/ILSVRC2012_val_00036714.JPEG reached epsilon at step 201, loss sum: 21.6414, final loss: 0.00099850, weight distance: 0.0116
2025-09-23 01:26:47,073 - INFO - Example /home/projects/bagon/shared/imagenet512/val/n02894605/ILSVRC2012_val_00017544.JPEG reached epsilon at step 155, loss sum: 2.6354, final loss: 0.00099945, weight distance: 0.0091
2025-09-23 01:26:57,014 - INFO - Example /home/projects/bagon/shared/imagenet512/val/n03476684/ILSVRC2012_val_00046439.JPEG reached epsilon at step 105, loss sum: 50.6612, final loss: 0.00099564, weight distance: 0.0069
2025-09-23 01:27:19,437 - INFO - Example /home/projects/bagon/shared/imagenet512/val/n03761084/ILSVRC2012_val_00015115.JPEG reached epsilon at step 286, loss sum: 25.0674, final loss: 0.00099945, weight distance: 0.0118
2025-09-23 01:27:33,049 - INFO - Example /home/projects/bagon/shared/imagenet512/val/n02097130/ILSVRC2012_val_00014157.JPEG reached epsilon at step 156, loss sum: 5.7519, final loss: 0.00098610, weight distance: 0.0096
2025-09-23 01:27:42,651 - INFO - Example /home/projects/bagon/shared/imagenet512/val/n02098413/ILSVRC2012_val_00044357.JPEG reached epsilon at step 101, loss sum: 107.8681, final loss: 0.00099850, weight distance: 0.0080
2025-09-23 01:28:00,283 - INFO - Example /home/projects/bagon/shared/imagenet512/val/n03179701/ILSVRC2012_val_00018682.JPEG reached epsilon at step 214, loss sum: 31.4265, final loss: 0.00099754, weight distance: 0.0132
2025-09-23 01:28:17,203 - INFO - Example /home/projects/bagon/shared/imagenet512/val/n02814533/ILSVRC2012_val_00015200.JPEG reached epsilon at step 204, loss sum: 37.2083, final loss: 0.00099945, weight distance: 0.0100
2025-09-23 01:28:37,151 - INFO - Example /home/projects/bagon/shared/imagenet512/val/n01682714/ILSVRC2012_val_00021069.JPEG reached epsilon at step 250, loss sum: 70.4301, final loss: 0.00099468, weight distance: 0.0143
2025-09-23 01:28:47,158 - INFO - Example /home/projects/bagon/shared/imagenet512/val/n03584829/ILSVRC2012_val_00037977.JPEG reached epsilon at step 105, loss sum: 36.7341, final loss: 0.00099659, weight distance: 0.0081
2025-09-23 01:29:02,436 - INFO - Example /home/projects/bagon/shared/imagenet512/val/n03259280/ILSVRC2012_val_00044413.JPEG reached epsilon at step 181, loss sum: 8.0580, final loss: 0.00099564, weight distance: 0.0089
2025-09-23 01:29:12,166 - INFO - Example /home/projects/bagon/shared/imagenet512/val/n02105412/ILSVRC2012_val_00006002.JPEG reached epsilon at step 103, loss sum: 63.0343, final loss: 0.00098801, weight distance: 0.0067
2025-09-23 01:29:28,629 - INFO - Example /home/projects/bagon/shared/imagenet512/val/n02487347/ILSVRC2012_val_00010340.JPEG reached epsilon at step 199, loss sum: 17.3286, final loss: 0.00099659, weight distance: 0.0125
2025-09-23 01:29:38,957 - INFO - Example /home/projects/bagon/shared/imagenet512/val/n02799071/ILSVRC2012_val_00038120.JPEG reached epsilon at step 111, loss sum: 23.4217, final loss: 0.00097847, weight distance: 0.0083
2025-09-23 01:30:25,719 - INFO - Example /home/projects/bagon/shared/imagenet512/val/n01756291/ILSVRC2012_val_00025782.JPEG reached epsilon at step 629, loss sum: 24.9382, final loss: 0.00099850, weight distance: 0.0206
2025-09-23 01:30:46,277 - INFO - Example /home/projects/bagon/shared/imagenet512/val/n01797886/ILSVRC2012_val_00026375.JPEG reached epsilon at step 255, loss sum: 24.3304, final loss: 0.00099468, weight distance: 0.0125
2025-09-23 01:31:00,079 - INFO - Example /home/projects/bagon/shared/imagenet512/val/n07880968/ILSVRC2012_val_00032670.JPEG reached epsilon at step 161, loss sum: 36.5723, final loss: 0.00099754, weight distance: 0.0081
2025-09-23 01:31:07,802 - INFO - Example /home/projects/bagon/shared/imagenet512/val/n03976657/ILSVRC2012_val_00048353.JPEG reached epsilon at step 74, loss sum: 27.5125, final loss: 0.00098896, weight distance: 0.0060
2025-09-23 01:31:18,634 - INFO - Example /home/projects/bagon/shared/imagenet512/val/n02939185/ILSVRC2012_val_00049223.JPEG reached epsilon at step 113, loss sum: 34.5695, final loss: 0.00099182, weight distance: 0.0067
2025-09-23 01:31:39,671 - INFO - Example /home/projects/bagon/shared/imagenet512/val/n02963159/ILSVRC2012_val_00000061.JPEG reached epsilon at step 264, loss sum: 62.3840, final loss: 0.00099468, weight distance: 0.0120
2025-09-23 01:31:53,541 - INFO - Example /home/projects/bagon/shared/imagenet512/val/n01748264/ILSVRC2012_val_00021130.JPEG reached epsilon at step 157, loss sum: 157.7868, final loss: 0.00098228, weight distance: 0.0112
2025-09-23 01:32:08,088 - INFO - Example /home/projects/bagon/shared/imagenet512/val/n03891251/ILSVRC2012_val_00022043.JPEG reached epsilon at step 171, loss sum: 44.9927, final loss: 0.00098705, weight distance: 0.0103
2025-09-23 01:32:26,891 - INFO - Example /home/projects/bagon/shared/imagenet512/val/n04152593/ILSVRC2012_val_00019442.JPEG reached epsilon at step 226, loss sum: 45.6507, final loss: 0.00099850, weight distance: 0.0142
2025-09-23 01:32:44,659 - INFO - Example /home/projects/bagon/shared/imagenet512/val/n02097047/ILSVRC2012_val_00024178.JPEG reached epsilon at step 219, loss sum: 13.5435, final loss: 0.00098896, weight distance: 0.0120
2025-09-23 01:33:01,424 - INFO - Example /home/projects/bagon/shared/imagenet512/val/n02909870/ILSVRC2012_val_00031208.JPEG reached epsilon at step 203, loss sum: 101.4811, final loss: 0.00098991, weight distance: 0.0126
2025-09-23 01:33:18,337 - INFO - Example /home/projects/bagon/shared/imagenet512/val/n03956157/ILSVRC2012_val_00033054.JPEG reached epsilon at step 205, loss sum: 37.0779, final loss: 0.00098515, weight distance: 0.0095
2025-09-23 01:33:32,267 - INFO - Example /home/projects/bagon/shared/imagenet512/val/n04263257/ILSVRC2012_val_00016290.JPEG reached epsilon at step 163, loss sum: 12.1386, final loss: 0.00099182, weight distance: 0.0100
2025-09-23 01:33:41,062 - INFO - Example /home/projects/bagon/shared/imagenet512/val/n03840681/ILSVRC2012_val_00013326.JPEG reached epsilon at step 90, loss sum: 117.9649, final loss: 0.00088739, weight distance: 0.0076
2025-09-23 01:33:53,981 - INFO - Example /home/projects/bagon/shared/imagenet512/val/n04039381/ILSVRC2012_val_00011503.JPEG reached epsilon at step 149, loss sum: 85.1076, final loss: 0.00099277, weight distance: 0.0092
2025-09-23 01:34:11,990 - INFO - Example /home/projects/bagon/shared/imagenet512/val/n07875152/ILSVRC2012_val_00033124.JPEG reached epsilon at step 217, loss sum: 115.6196, final loss: 0.00099087, weight distance: 0.0111
2025-09-23 01:34:26,349 - INFO - Example /home/projects/bagon/shared/imagenet512/val/n03372029/ILSVRC2012_val_00023506.JPEG reached epsilon at step 168, loss sum: 225.6104, final loss: 0.00099850, weight distance: 0.0095
2025-09-23 01:34:50,841 - INFO - Example /home/projects/bagon/shared/imagenet512/val/n04392985/ILSVRC2012_val_00040920.JPEG reached epsilon at step 315, loss sum: 63.5014, final loss: 0.00099659, weight distance: 0.0150
2025-09-23 01:35:05,786 - INFO - Example /home/projects/bagon/shared/imagenet512/val/n03759954/ILSVRC2012_val_00013495.JPEG reached epsilon at step 177, loss sum: 22.3186, final loss: 0.00099182, weight distance: 0.0112
2025-09-23 01:35:21,656 - INFO - Example /home/projects/bagon/shared/imagenet512/val/n04033995/ILSVRC2012_val_00047653.JPEG reached epsilon at step 194, loss sum: 11.3746, final loss: 0.00099850, weight distance: 0.0111
2025-09-23 01:35:35,663 - INFO - Example /home/projects/bagon/shared/imagenet512/val/n02106030/ILSVRC2012_val_00036097.JPEG reached epsilon at step 159, loss sum: 46.9580, final loss: 0.00099087, weight distance: 0.0090
2025-09-23 01:35:49,837 - INFO - Example /home/projects/bagon/shared/imagenet512/val/n01693334/ILSVRC2012_val_00025378.JPEG reached epsilon at step 164, loss sum: 21.2352, final loss: 0.00098324, weight distance: 0.0116
2025-09-23 01:36:03,517 - INFO - Example /home/projects/bagon/shared/imagenet512/val/n07614500/ILSVRC2012_val_00027105.JPEG reached epsilon at step 159, loss sum: 23.7396, final loss: 0.00099754, weight distance: 0.0098
2025-09-23 01:36:17,897 - INFO - Example /home/projects/bagon/shared/imagenet512/val/n02978881/ILSVRC2012_val_00027299.JPEG reached epsilon at step 169, loss sum: 137.0246, final loss: 0.00099850, weight distance: 0.0096
2025-09-23 01:36:24,513 - INFO - Example /home/projects/bagon/shared/imagenet512/val/n04235860/ILSVRC2012_val_00006729.JPEG reached epsilon at step 59, loss sum: 9.6407, final loss: 0.00097847, weight distance: 0.0047
2025-09-23 01:36:40,938 - INFO - Example /home/projects/bagon/shared/imagenet512/val/n03970156/ILSVRC2012_val_00022579.JPEG reached epsilon at step 199, loss sum: 273.2462, final loss: 0.00099659, weight distance: 0.0157
2025-09-23 01:36:51,729 - INFO - Example /home/projects/bagon/shared/imagenet512/val/n15075141/ILSVRC2012_val_00003835.JPEG reached epsilon at step 123, loss sum: 2.1162, final loss: 0.00098991, weight distance: 0.0076
2025-09-23 01:37:03,581 - INFO - Example /home/projects/bagon/shared/imagenet512/val/n02883205/ILSVRC2012_val_00033208.JPEG reached epsilon at step 133, loss sum: 97.3381, final loss: 0.00099564, weight distance: 0.0086
2025-09-23 01:37:25,751 - INFO - Example /home/projects/bagon/shared/imagenet512/val/n02011460/ILSVRC2012_val_00014731.JPEG reached epsilon at step 284, loss sum: 277.9933, final loss: 0.00099087, weight distance: 0.0138
2025-09-23 01:37:43,710 - INFO - Example /home/projects/bagon/shared/imagenet512/val/n10148035/ILSVRC2012_val_00006641.JPEG reached epsilon at step 221, loss sum: 2.5598, final loss: 0.00099373, weight distance: 0.0124
2025-09-23 01:37:56,370 - INFO - Example /home/projects/bagon/shared/imagenet512/val/n02089078/ILSVRC2012_val_00031699.JPEG reached epsilon at step 142, loss sum: 25.8890, final loss: 0.00099850, weight distance: 0.0106
2025-09-23 01:38:09,771 - INFO - Example /home/projects/bagon/shared/imagenet512/val/n02093256/ILSVRC2012_val_00038130.JPEG reached epsilon at step 156, loss sum: 33.3030, final loss: 0.00098610, weight distance: 0.0097
2025-09-23 01:38:24,851 - INFO - Example /home/projects/bagon/shared/imagenet512/val/n02097047/ILSVRC2012_val_00046002.JPEG reached epsilon at step 179, loss sum: 81.4702, final loss: 0.00099850, weight distance: 0.0115
2025-09-23 01:38:34,103 - INFO - Example /home/projects/bagon/shared/imagenet512/val/n02113624/ILSVRC2012_val_00034297.JPEG reached epsilon at step 92, loss sum: 94.0072, final loss: 0.00099373, weight distance: 0.0071
2025-09-23 01:38:51,244 - INFO - Example /home/projects/bagon/shared/imagenet512/val/n02791124/ILSVRC2012_val_00041772.JPEG reached epsilon at step 209, loss sum: 24.1037, final loss: 0.00098801, weight distance: 0.0125
2025-09-23 01:39:00,857 - INFO - Example /home/projects/bagon/shared/imagenet512/val/n02895154/ILSVRC2012_val_00027658.JPEG reached epsilon at step 101, loss sum: 20.6899, final loss: 0.00097942, weight distance: 0.0079
2025-09-23 01:39:17,671 - INFO - Example /home/projects/bagon/shared/imagenet512/val/n02939185/ILSVRC2012_val_00035816.JPEG reached epsilon at step 203, loss sum: 53.9265, final loss: 0.00099277, weight distance: 0.0111
2025-09-23 01:39:25,631 - INFO - Example /home/projects/bagon/shared/imagenet512/val/n04596742/ILSVRC2012_val_00021615.JPEG reached epsilon at step 78, loss sum: 16.2100, final loss: 0.00098038, weight distance: 0.0058
2025-09-23 01:39:39,890 - INFO - Example /home/projects/bagon/shared/imagenet512/val/n02086646/ILSVRC2012_val_00001848.JPEG reached epsilon at step 165, loss sum: 131.1438, final loss: 0.00099182, weight distance: 0.0087
2025-09-23 01:39:53,460 - INFO - Example /home/projects/bagon/shared/imagenet512/val/n02815834/ILSVRC2012_val_00042819.JPEG reached epsilon at step 158, loss sum: 206.3414, final loss: 0.00099564, weight distance: 0.0095
2025-09-23 01:40:11,161 - INFO - Example /home/projects/bagon/shared/imagenet512/val/n07584110/ILSVRC2012_val_00049527.JPEG reached epsilon at step 218, loss sum: 119.1391, final loss: 0.00099945, weight distance: 0.0099
2025-09-23 01:40:28,510 - INFO - Example /home/projects/bagon/shared/imagenet512/val/n02094258/ILSVRC2012_val_00030694.JPEG reached epsilon at step 211, loss sum: 131.1875, final loss: 0.00098705, weight distance: 0.0135
2025-09-23 01:40:40,072 - INFO - Example /home/projects/bagon/shared/imagenet512/val/n02097130/ILSVRC2012_val_00032381.JPEG reached epsilon at step 126, loss sum: 60.0456, final loss: 0.00099850, weight distance: 0.0102
2025-09-23 01:40:59,192 - INFO - Example /home/projects/bagon/shared/imagenet512/val/n13054560/ILSVRC2012_val_00021491.JPEG reached epsilon at step 232, loss sum: 33.4366, final loss: 0.00099468, weight distance: 0.0105
2025-09-23 01:41:12,896 - INFO - Example /home/projects/bagon/shared/imagenet512/val/n03125729/ILSVRC2012_val_00035092.JPEG reached epsilon at step 158, loss sum: 95.8230, final loss: 0.00099564, weight distance: 0.0089
2025-09-23 01:41:26,910 - INFO - Example /home/projects/bagon/shared/imagenet512/val/n03063689/ILSVRC2012_val_00045069.JPEG reached epsilon at step 162, loss sum: 60.9261, final loss: 0.00099468, weight distance: 0.0107
2025-09-23 01:41:45,078 - INFO - Example /home/projects/bagon/shared/imagenet512/val/n02415577/ILSVRC2012_val_00001279.JPEG reached epsilon at step 224, loss sum: 27.7606, final loss: 0.00099754, weight distance: 0.0124
2025-09-23 01:42:09,538 - INFO - Example /home/projects/bagon/shared/imagenet512/val/n01770393/ILSVRC2012_val_00027026.JPEG reached epsilon at step 311, loss sum: 341.6317, final loss: 0.00098991, weight distance: 0.0130
2025-09-23 01:42:20,115 - INFO - Example /home/projects/bagon/shared/imagenet512/val/n02797295/ILSVRC2012_val_00037991.JPEG reached epsilon at step 115, loss sum: 19.3822, final loss: 0.00099564, weight distance: 0.0071
2025-09-23 01:42:40,068 - INFO - Example /home/projects/bagon/shared/imagenet512/val/n04350905/ILSVRC2012_val_00009555.JPEG reached epsilon at step 248, loss sum: 93.9838, final loss: 0.00098991, weight distance: 0.0128
2025-09-23 01:42:52,314 - INFO - Example /home/projects/bagon/shared/imagenet512/val/n02776631/ILSVRC2012_val_00012943.JPEG reached epsilon at step 140, loss sum: 206.3556, final loss: 0.00099754, weight distance: 0.0083
2025-09-23 01:43:13,471 - INFO - Example /home/projects/bagon/shared/imagenet512/val/n02114855/ILSVRC2012_val_00029066.JPEG reached epsilon at step 268, loss sum: 196.9425, final loss: 0.00099659, weight distance: 0.0130
2025-09-23 01:43:41,714 - INFO - Example /home/projects/bagon/shared/imagenet512/val/n02256656/ILSVRC2012_val_00042251.JPEG reached epsilon at step 369, loss sum: 105.2956, final loss: 0.00099182, weight distance: 0.0134
2025-09-23 01:43:54,473 - INFO - Example /home/projects/bagon/shared/imagenet512/val/n04371774/ILSVRC2012_val_00014241.JPEG reached epsilon at step 146, loss sum: 26.6558, final loss: 0.00098515, weight distance: 0.0088
2025-09-23 01:44:05,287 - INFO - Example /home/projects/bagon/shared/imagenet512/val/n04456115/ILSVRC2012_val_00004239.JPEG reached epsilon at step 117, loss sum: 10.4920, final loss: 0.00098419, weight distance: 0.0069
2025-09-23 01:44:22,847 - INFO - Example /home/projects/bagon/shared/imagenet512/val/n02641379/ILSVRC2012_val_00018830.JPEG reached epsilon at step 216, loss sum: 139.5526, final loss: 0.00099659, weight distance: 0.0100
2025-09-23 01:44:34,914 - INFO - Example /home/projects/bagon/shared/imagenet512/val/n03063599/ILSVRC2012_val_00019645.JPEG reached epsilon at step 133, loss sum: 87.3316, final loss: 0.00099373, weight distance: 0.0095
2025-09-23 01:44:47,402 - INFO - Example /home/projects/bagon/shared/imagenet512/val/n04522168/ILSVRC2012_val_00047178.JPEG reached epsilon at step 142, loss sum: 98.6265, final loss: 0.00099277, weight distance: 0.0100
2025-09-23 01:45:00,146 - INFO - Example /home/projects/bagon/shared/imagenet512/val/n03759954/ILSVRC2012_val_00041525.JPEG reached epsilon at step 145, loss sum: 31.1187, final loss: 0.00096989, weight distance: 0.0104
2025-09-23 01:45:15,453 - INFO - Example /home/projects/bagon/shared/imagenet512/val/n02119789/ILSVRC2012_val_00016385.JPEG reached epsilon at step 181, loss sum: 16.4157, final loss: 0.00099564, weight distance: 0.0098
2025-09-23 01:45:29,707 - INFO - Example /home/projects/bagon/shared/imagenet512/val/n02095314/ILSVRC2012_val_00027245.JPEG reached epsilon at step 168, loss sum: 35.4894, final loss: 0.00099373, weight distance: 0.0106
2025-09-23 01:45:50,597 - INFO - Example /home/projects/bagon/shared/imagenet512/val/n07745940/ILSVRC2012_val_00025150.JPEG reached epsilon at step 262, loss sum: 136.2047, final loss: 0.00099850, weight distance: 0.0123
2025-09-23 01:46:13,103 - INFO - Example /home/projects/bagon/shared/imagenet512/val/n04149813/ILSVRC2012_val_00022294.JPEG reached epsilon at step 283, loss sum: 19.1549, final loss: 0.00099945, weight distance: 0.0126
2025-09-23 01:46:29,823 - INFO - Example /home/projects/bagon/shared/imagenet512/val/n03793489/ILSVRC2012_val_00031394.JPEG reached epsilon at step 201, loss sum: 32.0742, final loss: 0.00099754, weight distance: 0.0108
2025-09-23 01:46:47,652 - INFO - Example /home/projects/bagon/shared/imagenet512/val/n03259280/ILSVRC2012_val_00043855.JPEG reached epsilon at step 220, loss sum: 79.4053, final loss: 0.00099754, weight distance: 0.0097
2025-09-23 01:46:58,400 - INFO - Example /home/projects/bagon/shared/imagenet512/val/n04392985/ILSVRC2012_val_00026630.JPEG reached epsilon at step 118, loss sum: 18.7500, final loss: 0.00099468, weight distance: 0.0093
2025-09-23 01:47:08,450 - INFO - Example /home/projects/bagon/shared/imagenet512/val/n02909870/ILSVRC2012_val_00008396.JPEG reached epsilon at step 107, loss sum: 7.3677, final loss: 0.00099754, weight distance: 0.0064
2025-09-23 01:47:21,654 - INFO - Example /home/projects/bagon/shared/imagenet512/val/n03481172/ILSVRC2012_val_00017320.JPEG reached epsilon at step 153, loss sum: 25.2854, final loss: 0.00099945, weight distance: 0.0090
2025-09-23 01:47:49,036 - INFO - Example /home/projects/bagon/shared/imagenet512/val/n04479046/ILSVRC2012_val_00033748.JPEG reached epsilon at step 353, loss sum: 140.0310, final loss: 0.00099850, weight distance: 0.0155
2025-09-23 01:48:02,369 - INFO - Example /home/projects/bagon/shared/imagenet512/val/n03291819/ILSVRC2012_val_00040272.JPEG reached epsilon at step 154, loss sum: 2.2591, final loss: 0.00099373, weight distance: 0.0073
2025-09-23 01:48:16,674 - INFO - Example /home/projects/bagon/shared/imagenet512/val/n02124075/ILSVRC2012_val_00028970.JPEG reached epsilon at step 169, loss sum: 29.1981, final loss: 0.00099850, weight distance: 0.0085
2025-09-23 01:48:29,930 - INFO - Example /home/projects/bagon/shared/imagenet512/val/n09428293/ILSVRC2012_val_00002544.JPEG reached epsilon at step 154, loss sum: 71.1956, final loss: 0.00099754, weight distance: 0.0108
2025-09-23 01:48:54,594 - INFO - Example /home/projects/bagon/shared/imagenet512/val/n04562935/ILSVRC2012_val_00046411.JPEG reached epsilon at step 314, loss sum: 172.8751, final loss: 0.00099659, weight distance: 0.0129
2025-09-23 01:49:06,020 - INFO - Example /home/projects/bagon/shared/imagenet512/val/n03970156/ILSVRC2012_val_00024002.JPEG reached epsilon at step 125, loss sum: 87.5991, final loss: 0.00097942, weight distance: 0.0087
2025-09-23 01:49:22,662 - INFO - Example /home/projects/bagon/shared/imagenet512/val/n04590129/ILSVRC2012_val_00014230.JPEG reached epsilon at step 202, loss sum: 24.3201, final loss: 0.00099182, weight distance: 0.0119
2025-09-23 01:49:37,108 - INFO - Example /home/projects/bagon/shared/imagenet512/val/n02229544/ILSVRC2012_val_00014271.JPEG reached epsilon at step 170, loss sum: 29.0023, final loss: 0.00099373, weight distance: 0.0128
2025-09-23 01:49:50,714 - INFO - Example /home/projects/bagon/shared/imagenet512/val/n04317175/ILSVRC2012_val_00003333.JPEG reached epsilon at step 157, loss sum: 64.9375, final loss: 0.00099945, weight distance: 0.0102
2025-09-23 01:50:04,609 - INFO - Example /home/projects/bagon/shared/imagenet512/val/n03124170/ILSVRC2012_val_00035648.JPEG reached epsilon at step 158, loss sum: 63.5332, final loss: 0.00098801, weight distance: 0.0127
2025-09-23 01:50:23,943 - INFO - Example /home/projects/bagon/shared/imagenet512/val/n01601694/ILSVRC2012_val_00009597.JPEG reached epsilon at step 240, loss sum: 114.2074, final loss: 0.00099945, weight distance: 0.0118
2025-09-23 01:51:11,142 - INFO - Example /home/projects/bagon/shared/imagenet512/val/n02027492/ILSVRC2012_val_00035836.JPEG reached epsilon at step 636, loss sum: 385.0006, final loss: 0.00099754, weight distance: 0.0165
2025-09-23 01:51:26,829 - INFO - Example /home/projects/bagon/shared/imagenet512/val/n04008634/ILSVRC2012_val_00047882.JPEG reached epsilon at step 185, loss sum: 21.8799, final loss: 0.00099468, weight distance: 0.0132
2025-09-23 01:51:39,339 - INFO - Example /home/projects/bagon/shared/imagenet512/val/n02093991/ILSVRC2012_val_00029419.JPEG reached epsilon at step 141, loss sum: 36.3368, final loss: 0.00098705, weight distance: 0.0094
2025-09-23 01:51:55,543 - INFO - Example /home/projects/bagon/shared/imagenet512/val/n03124170/ILSVRC2012_val_00042942.JPEG reached epsilon at step 190, loss sum: 69.4065, final loss: 0.00099182, weight distance: 0.0145
2025-09-23 01:52:10,222 - INFO - Example /home/projects/bagon/shared/imagenet512/val/n03876231/ILSVRC2012_val_00035942.JPEG reached epsilon at step 173, loss sum: 51.7345, final loss: 0.00099564, weight distance: 0.0105
2025-09-23 01:52:31,189 - INFO - Example /home/projects/bagon/shared/imagenet512/val/n04389033/ILSVRC2012_val_00039017.JPEG reached epsilon at step 264, loss sum: 13.5554, final loss: 0.00099945, weight distance: 0.0105
2025-09-23 01:52:44,264 - INFO - Example /home/projects/bagon/shared/imagenet512/val/n02106030/ILSVRC2012_val_00018126.JPEG reached epsilon at step 150, loss sum: 27.5996, final loss: 0.00098896, weight distance: 0.0098
2025-09-23 01:52:55,189 - INFO - Example /home/projects/bagon/shared/imagenet512/val/n03347037/ILSVRC2012_val_00021023.JPEG reached epsilon at step 120, loss sum: 0.6544, final loss: 0.00099754, weight distance: 0.0078
2025-09-23 01:53:02,699 - INFO - Example /home/projects/bagon/shared/imagenet512/val/n04026417/ILSVRC2012_val_00031129.JPEG reached epsilon at step 63, loss sum: 27.0741, final loss: 0.00097609, weight distance: 0.0053
2025-09-23 01:53:16,409 - INFO - Example /home/projects/bagon/shared/imagenet512/val/n09193705/ILSVRC2012_val_00032366.JPEG reached epsilon at step 158, loss sum: 15.2224, final loss: 0.00099373, weight distance: 0.0093
2025-09-23 01:53:30,458 - INFO - Example /home/projects/bagon/shared/imagenet512/val/n03899768/ILSVRC2012_val_00001998.JPEG reached epsilon at step 165, loss sum: 10.0025, final loss: 0.00099468, weight distance: 0.0091
2025-09-23 01:53:55,245 - INFO - Example /home/projects/bagon/shared/imagenet512/val/n02823750/ILSVRC2012_val_00042562.JPEG reached epsilon at step 318, loss sum: 59.2731, final loss: 0.00099850, weight distance: 0.0156
2025-09-23 01:54:08,567 - INFO - Example /home/projects/bagon/shared/imagenet512/val/n02504013/ILSVRC2012_val_00014681.JPEG reached epsilon at step 152, loss sum: 13.2647, final loss: 0.00099087, weight distance: 0.0092
2025-09-23 01:54:21,283 - INFO - Example /home/projects/bagon/shared/imagenet512/val/n04141975/ILSVRC2012_val_00002918.JPEG reached epsilon at step 146, loss sum: 174.8479, final loss: 0.00099659, weight distance: 0.0101
2025-09-23 01:54:31,075 - INFO - Example /home/projects/bagon/shared/imagenet512/val/n03376595/ILSVRC2012_val_00014475.JPEG reached epsilon at step 104, loss sum: 9.6304, final loss: 0.00098801, weight distance: 0.0071
2025-09-23 01:54:48,284 - INFO - Example /home/projects/bagon/shared/imagenet512/val/n03016953/ILSVRC2012_val_00048726.JPEG reached epsilon at step 203, loss sum: 4.0250, final loss: 0.00099564, weight distance: 0.0090
2025-09-23 01:55:00,817 - INFO - Example /home/projects/bagon/shared/imagenet512/val/n04270147/ILSVRC2012_val_00038806.JPEG reached epsilon at step 142, loss sum: 133.8172, final loss: 0.00098133, weight distance: 0.0093
2025-09-23 01:55:13,441 - INFO - Example /home/projects/bagon/shared/imagenet512/val/n03866082/ILSVRC2012_val_00041229.JPEG reached epsilon at step 143, loss sum: 48.9356, final loss: 0.00099277, weight distance: 0.0099
2025-09-23 01:55:33,569 - INFO - Example /home/projects/bagon/shared/imagenet512/val/n01728920/ILSVRC2012_val_00004351.JPEG reached epsilon at step 249, loss sum: 303.4596, final loss: 0.00099850, weight distance: 0.0121
2025-09-23 01:55:44,273 - INFO - Example /home/projects/bagon/shared/imagenet512/val/n03483316/ILSVRC2012_val_00044815.JPEG reached epsilon at step 115, loss sum: 114.5003, final loss: 0.00098801, weight distance: 0.0081
2025-09-23 01:56:00,983 - INFO - Example /home/projects/bagon/shared/imagenet512/val/n04482393/ILSVRC2012_val_00008268.JPEG reached epsilon at step 203, loss sum: 189.5051, final loss: 0.00099087, weight distance: 0.0108
2025-09-23 01:56:12,233 - INFO - Example /home/projects/bagon/shared/imagenet512/val/n03724870/ILSVRC2012_val_00040112.JPEG reached epsilon at step 123, loss sum: 0.6908, final loss: 0.00099182, weight distance: 0.0073
2025-09-23 01:56:27,487 - INFO - Example /home/projects/bagon/shared/imagenet512/val/n03595614/ILSVRC2012_val_00013803.JPEG reached epsilon at step 184, loss sum: 42.1962, final loss: 0.00099659, weight distance: 0.0096
2025-09-23 01:56:37,676 - INFO - Example /home/projects/bagon/shared/imagenet512/val/n04336792/ILSVRC2012_val_00037415.JPEG reached epsilon at step 110, loss sum: 70.0706, final loss: 0.00099468, weight distance: 0.0073
2025-09-23 01:56:55,129 - INFO - Example /home/projects/bagon/shared/imagenet512/val/n03967562/ILSVRC2012_val_00029000.JPEG reached epsilon at step 208, loss sum: 14.7245, final loss: 0.00099468, weight distance: 0.0110
2025-09-23 01:57:10,047 - INFO - Example /home/projects/bagon/shared/imagenet512/val/n03961711/ILSVRC2012_val_00008572.JPEG reached epsilon at step 171, loss sum: 145.0557, final loss: 0.00098610, weight distance: 0.0092
2025-09-23 01:57:24,926 - INFO - Example /home/projects/bagon/shared/imagenet512/val/n02825657/ILSVRC2012_val_00038666.JPEG reached epsilon at step 177, loss sum: 75.8598, final loss: 0.00099564, weight distance: 0.0102
2025-09-23 01:57:42,939 - INFO - Example /home/projects/bagon/shared/imagenet512/val/n02769748/ILSVRC2012_val_00005892.JPEG reached epsilon at step 219, loss sum: 36.5958, final loss: 0.00099373, weight distance: 0.0114
2025-09-23 01:57:59,404 - INFO - Example /home/projects/bagon/shared/imagenet512/val/n03535780/ILSVRC2012_val_00006650.JPEG reached epsilon at step 196, loss sum: 29.5445, final loss: 0.00099850, weight distance: 0.0103
2025-09-23 01:58:10,732 - INFO - Example /home/projects/bagon/shared/imagenet512/val/n01871265/ILSVRC2012_val_00007884.JPEG reached epsilon at step 123, loss sum: 26.3801, final loss: 0.00099850, weight distance: 0.0079
2025-09-23 01:58:20,486 - INFO - Example /home/projects/bagon/shared/imagenet512/val/n02910353/ILSVRC2012_val_00010342.JPEG reached epsilon at step 104, loss sum: 57.9063, final loss: 0.00099564, weight distance: 0.0063
2025-09-23 01:58:31,229 - INFO - Example /home/projects/bagon/shared/imagenet512/val/n03633091/ILSVRC2012_val_00014264.JPEG reached epsilon at step 118, loss sum: 35.1865, final loss: 0.00099277, weight distance: 0.0080
2025-09-23 01:58:45,168 - INFO - Example /home/projects/bagon/shared/imagenet512/val/n04597913/ILSVRC2012_val_00002685.JPEG reached epsilon at step 162, loss sum: 97.6919, final loss: 0.00099277, weight distance: 0.0091
2025-09-23 01:58:56,391 - INFO - Example /home/projects/bagon/shared/imagenet512/val/n03709823/ILSVRC2012_val_00038621.JPEG reached epsilon at step 122, loss sum: 15.2413, final loss: 0.00099468, weight distance: 0.0080
2025-09-23 01:59:14,064 - INFO - Example /home/projects/bagon/shared/imagenet512/val/n01978455/ILSVRC2012_val_00020970.JPEG reached epsilon at step 218, loss sum: 9.5848, final loss: 0.00099468, weight distance: 0.0105
2025-09-23 01:59:29,763 - INFO - Example /home/projects/bagon/shared/imagenet512/val/n04392985/ILSVRC2012_val_00023462.JPEG reached epsilon at step 186, loss sum: 50.6639, final loss: 0.00099277, weight distance: 0.0129
2025-09-23 01:59:40,239 - INFO - Example /home/projects/bagon/shared/imagenet512/val/n02098413/ILSVRC2012_val_00039807.JPEG reached epsilon at step 113, loss sum: 16.4484, final loss: 0.00098991, weight distance: 0.0088
2025-09-23 02:00:01,861 - INFO - Example /home/projects/bagon/shared/imagenet512/val/n03529860/ILSVRC2012_val_00047606.JPEG reached epsilon at step 275, loss sum: 73.6880, final loss: 0.00099945, weight distance: 0.0131
2025-09-23 02:00:11,404 - INFO - Example /home/projects/bagon/shared/imagenet512/val/n03633091/ILSVRC2012_val_00014118.JPEG reached epsilon at step 97, loss sum: 36.9811, final loss: 0.00097656, weight distance: 0.0085
2025-09-23 02:00:28,533 - INFO - Example /home/projects/bagon/shared/imagenet512/val/n02114712/ILSVRC2012_val_00041684.JPEG reached epsilon at step 210, loss sum: 46.2024, final loss: 0.00099087, weight distance: 0.0111
2025-09-23 02:00:45,839 - INFO - Example /home/projects/bagon/shared/imagenet512/val/n01773797/ILSVRC2012_val_00034273.JPEG reached epsilon at step 212, loss sum: 39.8576, final loss: 0.00099277, weight distance: 0.0136
2025-09-23 02:01:00,115 - INFO - Example /home/projects/bagon/shared/imagenet512/val/n04423845/ILSVRC2012_val_00046808.JPEG reached epsilon at step 169, loss sum: 214.4006, final loss: 0.00099564, weight distance: 0.0101
2025-09-23 02:01:15,199 - INFO - Example /home/projects/bagon/shared/imagenet512/val/n04228054/ILSVRC2012_val_00018348.JPEG reached epsilon at step 173, loss sum: 17.2393, final loss: 0.00099564, weight distance: 0.0094
2025-09-23 02:01:34,874 - INFO - Example /home/projects/bagon/shared/imagenet512/val/n02488291/ILSVRC2012_val_00040289.JPEG reached epsilon at step 241, loss sum: 9.3420, final loss: 0.00099850, weight distance: 0.0119
2025-09-23 02:01:45,965 - INFO - Example /home/projects/bagon/shared/imagenet512/val/n02123159/ILSVRC2012_val_00015741.JPEG reached epsilon at step 120, loss sum: 27.1646, final loss: 0.00099468, weight distance: 0.0088
2025-09-23 02:02:01,912 - INFO - Example /home/projects/bagon/shared/imagenet512/val/n03976467/ILSVRC2012_val_00021117.JPEG reached epsilon at step 189, loss sum: 93.9199, final loss: 0.00099945, weight distance: 0.0107
2025-09-23 02:02:12,002 - INFO - Example /home/projects/bagon/shared/imagenet512/val/n04591713/ILSVRC2012_val_00042920.JPEG reached epsilon at step 108, loss sum: 13.1483, final loss: 0.00099373, weight distance: 0.0066
2025-09-23 02:02:34,230 - INFO - Example /home/projects/bagon/shared/imagenet512/val/n03388549/ILSVRC2012_val_00016373.JPEG reached epsilon at step 284, loss sum: 120.1110, final loss: 0.00099659, weight distance: 0.0111
2025-09-23 02:02:41,694 - INFO - Example /home/projects/bagon/shared/imagenet512/val/n02089973/ILSVRC2012_val_00038676.JPEG reached epsilon at step 71, loss sum: 3.8591, final loss: 0.00097656, weight distance: 0.0054
2025-09-23 02:03:05,103 - INFO - Example /home/projects/bagon/shared/imagenet512/val/n02319095/ILSVRC2012_val_00021857.JPEG reached epsilon at step 296, loss sum: 181.4608, final loss: 0.00099945, weight distance: 0.0133
2025-09-23 02:03:26,510 - INFO - Example /home/projects/bagon/shared/imagenet512/val/n04479046/ILSVRC2012_val_00041995.JPEG reached epsilon at step 267, loss sum: 91.7435, final loss: 0.00099850, weight distance: 0.0113
2025-09-23 02:03:43,544 - INFO - Example /home/projects/bagon/shared/imagenet512/val/n02107908/ILSVRC2012_val_00012690.JPEG reached epsilon at step 203, loss sum: 43.2774, final loss: 0.00099850, weight distance: 0.0116
2025-09-23 02:04:22,756 - INFO - Example /home/projects/bagon/shared/imagenet512/val/n01756291/ILSVRC2012_val_00040445.JPEG reached epsilon at step 527, loss sum: 75.0672, final loss: 0.00098991, weight distance: 0.0192
2025-09-23 02:04:31,117 - INFO - Example /home/projects/bagon/shared/imagenet512/val/n04525038/ILSVRC2012_val_00028309.JPEG reached epsilon at step 83, loss sum: 29.4447, final loss: 0.00097561, weight distance: 0.0056
2025-09-23 02:04:48,579 - INFO - Example /home/projects/bagon/shared/imagenet512/val/n04008634/ILSVRC2012_val_00033210.JPEG reached epsilon at step 212, loss sum: 23.5736, final loss: 0.00099564, weight distance: 0.0144
2025-09-23 02:05:06,257 - INFO - Example /home/projects/bagon/shared/imagenet512/val/n03146219/ILSVRC2012_val_00006706.JPEG reached epsilon at step 214, loss sum: 15.6358, final loss: 0.00098801, weight distance: 0.0106
2025-09-23 02:05:19,612 - INFO - Example /home/projects/bagon/shared/imagenet512/val/n03032252/ILSVRC2012_val_00012487.JPEG reached epsilon at step 153, loss sum: 157.1513, final loss: 0.00099945, weight distance: 0.0084
2025-09-23 02:05:38,487 - INFO - Example /home/projects/bagon/shared/imagenet512/val/n03599486/ILSVRC2012_val_00004290.JPEG reached epsilon at step 230, loss sum: 92.2188, final loss: 0.00099850, weight distance: 0.0103
2025-09-23 02:05:59,511 - INFO - Example /home/projects/bagon/shared/imagenet512/val/n04350905/ILSVRC2012_val_00029159.JPEG reached epsilon at step 265, loss sum: 82.5500, final loss: 0.00099850, weight distance: 0.0137
2025-09-23 02:06:12,873 - INFO - Example /home/projects/bagon/shared/imagenet512/val/n03908714/ILSVRC2012_val_00036946.JPEG reached epsilon at step 155, loss sum: 269.7477, final loss: 0.00099659, weight distance: 0.0098
2025-09-23 02:06:24,679 - INFO - Example /home/projects/bagon/shared/imagenet512/val/n04370456/ILSVRC2012_val_00035013.JPEG reached epsilon at step 132, loss sum: 20.7993, final loss: 0.00099945, weight distance: 0.0077
2025-09-23 02:06:34,706 - INFO - Example /home/projects/bagon/shared/imagenet512/val/n04525038/ILSVRC2012_val_00025342.JPEG reached epsilon at step 108, loss sum: 15.0159, final loss: 0.00099659, weight distance: 0.0061
2025-09-23 02:06:49,613 - INFO - Example /home/projects/bagon/shared/imagenet512/val/n03623198/ILSVRC2012_val_00039114.JPEG reached epsilon at step 173, loss sum: 176.7261, final loss: 0.00098133, weight distance: 0.0105
2025-09-23 02:07:03,878 - INFO - Example /home/projects/bagon/shared/imagenet512/val/n03249569/ILSVRC2012_val_00008797.JPEG reached epsilon at step 167, loss sum: 26.1766, final loss: 0.00098991, weight distance: 0.0114
2025-09-23 02:07:25,281 - INFO - Example /home/projects/bagon/shared/imagenet512/val/n01877812/ILSVRC2012_val_00001708.JPEG reached epsilon at step 271, loss sum: 91.4275, final loss: 0.00099564, weight distance: 0.0104
2025-09-23 02:07:53,735 - INFO - Example /home/projects/bagon/shared/imagenet512/val/n01735189/ILSVRC2012_val_00035429.JPEG reached epsilon at step 366, loss sum: 14.3059, final loss: 0.00099945, weight distance: 0.0133
2025-09-23 02:08:14,812 - INFO - Example /home/projects/bagon/shared/imagenet512/val/n01744401/ILSVRC2012_val_00046696.JPEG reached epsilon at step 262, loss sum: 28.8474, final loss: 0.00099564, weight distance: 0.0124
2025-09-23 02:08:30,872 - INFO - Example /home/projects/bagon/shared/imagenet512/val/n03584254/ILSVRC2012_val_00014592.JPEG reached epsilon at step 191, loss sum: 240.7316, final loss: 0.00099373, weight distance: 0.0092
2025-09-23 02:08:43,271 - INFO - Example /home/projects/bagon/shared/imagenet512/val/n03124170/ILSVRC2012_val_00035920.JPEG reached epsilon at step 139, loss sum: 22.2446, final loss: 0.00099659, weight distance: 0.0103
2025-09-23 02:08:52,435 - INFO - Example /home/projects/bagon/shared/imagenet512/val/n03709823/ILSVRC2012_val_00039989.JPEG reached epsilon at step 93, loss sum: 30.1752, final loss: 0.00099754, weight distance: 0.0059
2025-09-23 02:09:06,529 - INFO - Example /home/projects/bagon/shared/imagenet512/val/n04090263/ILSVRC2012_val_00046090.JPEG reached epsilon at step 166, loss sum: 99.7553, final loss: 0.00099850, weight distance: 0.0116
2025-09-23 02:09:22,574 - INFO - Example /home/projects/bagon/shared/imagenet512/val/n03028079/ILSVRC2012_val_00019711.JPEG reached epsilon at step 190, loss sum: 86.4776, final loss: 0.00099277, weight distance: 0.0116
2025-09-23 02:09:35,767 - INFO - Example /home/projects/bagon/shared/imagenet512/val/n04548280/ILSVRC2012_val_00030987.JPEG reached epsilon at step 151, loss sum: 121.2667, final loss: 0.00099850, weight distance: 0.0092
2025-09-23 02:09:49,212 - INFO - Example /home/projects/bagon/shared/imagenet512/val/n02808440/ILSVRC2012_val_00036711.JPEG reached epsilon at step 156, loss sum: 44.2959, final loss: 0.00099468, weight distance: 0.0118
2025-09-23 02:10:06,623 - INFO - Example /home/projects/bagon/shared/imagenet512/val/n02094433/ILSVRC2012_val_00034082.JPEG reached epsilon at step 211, loss sum: 12.8003, final loss: 0.00099087, weight distance: 0.0114
2025-09-23 02:10:23,436 - INFO - Example /home/projects/bagon/shared/imagenet512/val/n09399592/ILSVRC2012_val_00038599.JPEG reached epsilon at step 204, loss sum: 9.4366, final loss: 0.00099945, weight distance: 0.0093
2025-09-23 02:10:41,330 - INFO - Example /home/projects/bagon/shared/imagenet512/val/n03947888/ILSVRC2012_val_00012579.JPEG reached epsilon at step 220, loss sum: 62.0230, final loss: 0.00099850, weight distance: 0.0104
2025-09-23 02:10:56,907 - INFO - Example /home/projects/bagon/shared/imagenet512/val/n02749479/ILSVRC2012_val_00012413.JPEG reached epsilon at step 186, loss sum: 31.8026, final loss: 0.00099754, weight distance: 0.0120
2025-09-23 02:11:12,438 - INFO - Example /home/projects/bagon/shared/imagenet512/val/n02769748/ILSVRC2012_val_00011134.JPEG reached epsilon at step 187, loss sum: 38.3715, final loss: 0.00099373, weight distance: 0.0114
2025-09-23 02:11:40,886 - INFO - Example /home/projects/bagon/shared/imagenet512/val/n02236044/ILSVRC2012_val_00018257.JPEG reached epsilon at step 373, loss sum: 142.9153, final loss: 0.00099468, weight distance: 0.0127
2025-09-23 02:11:52,176 - INFO - Example /home/projects/bagon/shared/imagenet512/val/n03249569/ILSVRC2012_val_00004534.JPEG reached epsilon at step 123, loss sum: 31.7644, final loss: 0.00099754, weight distance: 0.0079
2025-09-23 02:12:08,633 - INFO - Example /home/projects/bagon/shared/imagenet512/val/n04040759/ILSVRC2012_val_00030119.JPEG reached epsilon at step 200, loss sum: 135.8557, final loss: 0.00099468, weight distance: 0.0093
2025-09-23 02:12:21,653 - INFO - Example /home/projects/bagon/shared/imagenet512/val/n02091244/ILSVRC2012_val_00041557.JPEG reached epsilon at step 152, loss sum: 69.9425, final loss: 0.00099754, weight distance: 0.0092
2025-09-23 02:12:33,594 - INFO - Example /home/projects/bagon/shared/imagenet512/val/n04330267/ILSVRC2012_val_00001312.JPEG reached epsilon at step 135, loss sum: 57.6396, final loss: 0.00099945, weight distance: 0.0088
2025-09-23 02:12:51,770 - INFO - Example /home/projects/bagon/shared/imagenet512/val/n07920052/ILSVRC2012_val_00002934.JPEG reached epsilon at step 223, loss sum: 73.6906, final loss: 0.00099468, weight distance: 0.0111
2025-09-23 02:13:07,524 - INFO - Example /home/projects/bagon/shared/imagenet512/val/n03146219/ILSVRC2012_val_00036983.JPEG reached epsilon at step 189, loss sum: 30.5679, final loss: 0.00099754, weight distance: 0.0115
2025-09-23 02:13:20,222 - INFO - Example /home/projects/bagon/shared/imagenet512/val/n04355933/ILSVRC2012_val_00014720.JPEG reached epsilon at step 140, loss sum: 31.5056, final loss: 0.00099087, weight distance: 0.0108
2025-09-23 02:13:38,571 - INFO - Example /home/projects/bagon/shared/imagenet512/val/n07745940/ILSVRC2012_val_00001735.JPEG reached epsilon at step 227, loss sum: 42.3664, final loss: 0.00099850, weight distance: 0.0099
2025-09-23 02:13:49,219 - INFO - Example /home/projects/bagon/shared/imagenet512/val/n03958227/ILSVRC2012_val_00016320.JPEG reached epsilon at step 117, loss sum: 66.7548, final loss: 0.00098801, weight distance: 0.0072
2025-09-23 02:14:01,768 - INFO - Example /home/projects/bagon/shared/imagenet512/val/n03868863/ILSVRC2012_val_00018887.JPEG reached epsilon at step 142, loss sum: 28.4208, final loss: 0.00099468, weight distance: 0.0083
2025-09-23 02:14:15,158 - INFO - Example /home/projects/bagon/shared/imagenet512/val/n03133878/ILSVRC2012_val_00008989.JPEG reached epsilon at step 155, loss sum: 36.4392, final loss: 0.00099277, weight distance: 0.0090
2025-09-23 02:14:26,972 - INFO - Example /home/projects/bagon/shared/imagenet512/val/n04332243/ILSVRC2012_val_00038496.JPEG reached epsilon at step 134, loss sum: 15.2085, final loss: 0.00099277, weight distance: 0.0071
2025-09-23 02:14:46,502 - INFO - Example /home/projects/bagon/shared/imagenet512/val/n01667114/ILSVRC2012_val_00039536.JPEG reached epsilon at step 244, loss sum: 32.3502, final loss: 0.00099945, weight distance: 0.0112
2025-09-23 02:15:10,646 - INFO - Example /home/projects/bagon/shared/imagenet512/val/n04285008/ILSVRC2012_val_00007125.JPEG reached epsilon at step 311, loss sum: 40.3472, final loss: 0.00099850, weight distance: 0.0122
2025-09-23 02:15:24,705 - INFO - Example /home/projects/bagon/shared/imagenet512/val/n02105855/ILSVRC2012_val_00031875.JPEG reached epsilon at step 166, loss sum: 31.7740, final loss: 0.00098705, weight distance: 0.0090
2025-09-23 02:15:44,058 - INFO - Example /home/projects/bagon/shared/imagenet512/val/n04350905/ILSVRC2012_val_00034991.JPEG reached epsilon at step 240, loss sum: 64.2837, final loss: 0.00099754, weight distance: 0.0147
2025-09-23 02:16:05,822 - INFO - Example /home/projects/bagon/shared/imagenet512/val/n03255030/ILSVRC2012_val_00013123.JPEG reached epsilon at step 273, loss sum: 99.1793, final loss: 0.00099945, weight distance: 0.0107
2025-09-23 02:16:21,747 - INFO - Example /home/projects/bagon/shared/imagenet512/val/n03764736/ILSVRC2012_val_00015009.JPEG reached epsilon at step 188, loss sum: 273.6000, final loss: 0.00099564, weight distance: 0.0102
2025-09-23 02:16:54,590 - INFO - Example /home/projects/bagon/shared/imagenet512/val/n01847000/ILSVRC2012_val_00032503.JPEG reached epsilon at step 429, loss sum: 87.7870, final loss: 0.00099850, weight distance: 0.0111
2025-09-23 02:17:08,941 - INFO - Example /home/projects/bagon/shared/imagenet512/val/n02111277/ILSVRC2012_val_00016001.JPEG reached epsilon at step 167, loss sum: 57.9623, final loss: 0.00099373, weight distance: 0.0094
2025-09-23 02:17:20,430 - INFO - Example /home/projects/bagon/shared/imagenet512/val/n04065272/ILSVRC2012_val_00034627.JPEG reached epsilon at step 128, loss sum: 148.3194, final loss: 0.00099945, weight distance: 0.0074
2025-09-23 02:17:34,257 - INFO - Example /home/projects/bagon/shared/imagenet512/val/n01740131/ILSVRC2012_val_00045858.JPEG reached epsilon at step 161, loss sum: 41.2281, final loss: 0.00099754, weight distance: 0.0076
2025-09-23 02:17:47,874 - INFO - Example /home/projects/bagon/shared/imagenet512/val/n04239074/ILSVRC2012_val_00006784.JPEG reached epsilon at step 158, loss sum: 125.2856, final loss: 0.00098896, weight distance: 0.0104
2025-09-23 02:17:59,585 - INFO - Example /home/projects/bagon/shared/imagenet512/val/n03481172/ILSVRC2012_val_00028069.JPEG reached epsilon at step 129, loss sum: 9.3770, final loss: 0.00098801, weight distance: 0.0084
2025-09-23 02:18:15,073 - INFO - Example /home/projects/bagon/shared/imagenet512/val/n02808440/ILSVRC2012_val_00005080.JPEG reached epsilon at step 171, loss sum: 39.7224, final loss: 0.00098991, weight distance: 0.0130
2025-09-23 02:18:33,387 - INFO - Example /home/projects/bagon/shared/imagenet512/val/n02484975/ILSVRC2012_val_00033528.JPEG reached epsilon at step 225, loss sum: 22.3278, final loss: 0.00099754, weight distance: 0.0095
2025-09-23 02:18:47,730 - INFO - Example /home/projects/bagon/shared/imagenet512/val/n03916031/ILSVRC2012_val_00021789.JPEG reached epsilon at step 169, loss sum: 139.5961, final loss: 0.00099945, weight distance: 0.0099
2025-09-23 02:19:05,703 - INFO - Example /home/projects/bagon/shared/imagenet512/val/n03868863/ILSVRC2012_val_00006497.JPEG reached epsilon at step 220, loss sum: 123.1055, final loss: 0.00099564, weight distance: 0.0128
2025-09-23 02:19:22,953 - INFO - Example /home/projects/bagon/shared/imagenet512/val/n04550184/ILSVRC2012_val_00021368.JPEG reached epsilon at step 211, loss sum: 98.9234, final loss: 0.00098801, weight distance: 0.0110
2025-09-23 02:19:32,773 - INFO - Example /home/projects/bagon/shared/imagenet512/val/n02085620/ILSVRC2012_val_00023886.JPEG reached epsilon at step 104, loss sum: 102.5268, final loss: 0.00098896, weight distance: 0.0071
2025-09-23 02:19:57,728 - INFO - Example /home/projects/bagon/shared/imagenet512/val/n01537544/ILSVRC2012_val_00025037.JPEG reached epsilon at step 316, loss sum: 156.0129, final loss: 0.00099945, weight distance: 0.0138
2025-09-23 02:20:12,792 - INFO - Example /home/projects/bagon/shared/imagenet512/val/n04548280/ILSVRC2012_val_00008278.JPEG reached epsilon at step 180, loss sum: 112.0319, final loss: 0.00099659, weight distance: 0.0123
2025-09-23 02:20:23,539 - INFO - Example /home/projects/bagon/shared/imagenet512/val/n03759954/ILSVRC2012_val_00035325.JPEG reached epsilon at step 111, loss sum: 66.3409, final loss: 0.00099087, weight distance: 0.0070
2025-09-23 02:20:39,480 - INFO - Example /home/projects/bagon/shared/imagenet512/val/n03657121/ILSVRC2012_val_00043055.JPEG reached epsilon at step 194, loss sum: 115.5199, final loss: 0.00099564, weight distance: 0.0112
2025-09-23 02:20:57,737 - INFO - Example /home/projects/bagon/shared/imagenet512/val/n07836838/ILSVRC2012_val_00038954.JPEG reached epsilon at step 224, loss sum: 94.5151, final loss: 0.00099945, weight distance: 0.0099
2025-09-23 02:21:25,992 - INFO - Example /home/projects/bagon/shared/imagenet512/val/n01689811/ILSVRC2012_val_00037210.JPEG reached epsilon at step 370, loss sum: 78.6814, final loss: 0.00099468, weight distance: 0.0128
2025-09-23 02:21:39,060 - INFO - Example /home/projects/bagon/shared/imagenet512/val/n03424325/ILSVRC2012_val_00014992.JPEG reached epsilon at step 148, loss sum: 26.4393, final loss: 0.00099277, weight distance: 0.0084
2025-09-23 02:21:53,186 - INFO - Example /home/projects/bagon/shared/imagenet512/val/n09193705/ILSVRC2012_val_00034257.JPEG reached epsilon at step 166, loss sum: 23.8604, final loss: 0.00098991, weight distance: 0.0093
2025-09-23 02:22:05,434 - INFO - Example /home/projects/bagon/shared/imagenet512/val/n03249569/ILSVRC2012_val_00028973.JPEG reached epsilon at step 139, loss sum: 55.6684, final loss: 0.00099468, weight distance: 0.0096
2025-09-23 02:22:18,136 - INFO - Example /home/projects/bagon/shared/imagenet512/val/n01728572/ILSVRC2012_val_00033517.JPEG reached epsilon at step 146, loss sum: 208.0698, final loss: 0.00098515, weight distance: 0.0099
2025-09-23 02:22:31,652 - INFO - Example /home/projects/bagon/shared/imagenet512/val/n02119022/ILSVRC2012_val_00027828.JPEG reached epsilon at step 157, loss sum: 20.4886, final loss: 0.00099945, weight distance: 0.0086
2025-09-23 02:22:44,475 - INFO - Example /home/projects/bagon/shared/imagenet512/val/n04069434/ILSVRC2012_val_00045725.JPEG reached epsilon at step 144, loss sum: 17.2556, final loss: 0.00099468, weight distance: 0.0081
2025-09-23 02:23:03,562 - INFO - Example /home/projects/bagon/shared/imagenet512/val/n02488702/ILSVRC2012_val_00015257.JPEG reached epsilon at step 236, loss sum: 37.6867, final loss: 0.00099659, weight distance: 0.0114
2025-09-23 02:23:17,467 - INFO - Example /home/projects/bagon/shared/imagenet512/val/n03676483/ILSVRC2012_val_00038693.JPEG reached epsilon at step 163, loss sum: 28.9367, final loss: 0.00099850, weight distance: 0.0108
2025-09-23 02:23:38,223 - INFO - Example /home/projects/bagon/shared/imagenet512/val/n04285008/ILSVRC2012_val_00012327.JPEG reached epsilon at step 260, loss sum: 33.9653, final loss: 0.00099754, weight distance: 0.0154
2025-09-23 02:23:52,173 - INFO - Example /home/projects/bagon/shared/imagenet512/val/n07747607/ILSVRC2012_val_00013588.JPEG reached epsilon at step 162, loss sum: 21.9416, final loss: 0.00099182, weight distance: 0.0086
2025-09-23 02:24:04,466 - INFO - Example /home/projects/bagon/shared/imagenet512/val/n04264628/ILSVRC2012_val_00032326.JPEG reached epsilon at step 137, loss sum: 26.7280, final loss: 0.00099659, weight distance: 0.0098
2025-09-23 02:24:29,008 - INFO - Example /home/projects/bagon/shared/imagenet512/val/n03259280/ILSVRC2012_val_00044281.JPEG reached epsilon at step 311, loss sum: 126.4737, final loss: 0.00099945, weight distance: 0.0151
2025-09-23 02:24:45,735 - INFO - Example /home/projects/bagon/shared/imagenet512/val/n03388043/ILSVRC2012_val_00017412.JPEG reached epsilon at step 201, loss sum: 236.2209, final loss: 0.00099945, weight distance: 0.0111
2025-09-23 02:24:55,880 - INFO - Example /home/projects/bagon/shared/imagenet512/val/n03877845/ILSVRC2012_val_00007599.JPEG reached epsilon at step 107, loss sum: 13.9282, final loss: 0.00098801, weight distance: 0.0070
2025-09-23 02:25:12,500 - INFO - Example /home/projects/bagon/shared/imagenet512/val/n02870880/ILSVRC2012_val_00014261.JPEG reached epsilon at step 199, loss sum: 117.8984, final loss: 0.00099659, weight distance: 0.0120
2025-09-23 02:25:23,584 - INFO - Example /home/projects/bagon/shared/imagenet512/val/n02091635/ILSVRC2012_val_00015377.JPEG reached epsilon at step 120, loss sum: 13.2510, final loss: 0.00099754, weight distance: 0.0078
2025-09-23 02:25:36,456 - INFO - Example /home/projects/bagon/shared/imagenet512/val/n02999410/ILSVRC2012_val_00004628.JPEG reached epsilon at step 148, loss sum: 70.6983, final loss: 0.00099945, weight distance: 0.0104
2025-09-23 02:25:49,072 - INFO - Example /home/projects/bagon/shared/imagenet512/val/n01667778/ILSVRC2012_val_00032805.JPEG reached epsilon at step 142, loss sum: 15.6589, final loss: 0.00098610, weight distance: 0.0089
2025-09-23 02:26:01,247 - INFO - Example /home/projects/bagon/shared/imagenet512/val/n03759954/ILSVRC2012_val_00012172.JPEG reached epsilon at step 133, loss sum: 92.3605, final loss: 0.00098991, weight distance: 0.0102
2025-09-23 02:26:24,833 - INFO - Example /home/projects/bagon/shared/imagenet512/val/n02447366/ILSVRC2012_val_00037899.JPEG reached epsilon at step 301, loss sum: 35.2262, final loss: 0.00099468, weight distance: 0.0117
2025-09-23 02:26:42,947 - INFO - Example /home/projects/bagon/shared/imagenet512/val/n07892512/ILSVRC2012_val_00001064.JPEG reached epsilon at step 218, loss sum: 29.6967, final loss: 0.00099659, weight distance: 0.0147
2025-09-23 02:26:55,648 - INFO - Example /home/projects/bagon/shared/imagenet512/val/n04523525/ILSVRC2012_val_00009995.JPEG reached epsilon at step 144, loss sum: 35.0405, final loss: 0.00099087, weight distance: 0.0088
2025-09-23 02:27:19,982 - INFO - Example /home/projects/bagon/shared/imagenet512/val/n02980441/ILSVRC2012_val_00014807.JPEG reached epsilon at step 310, loss sum: 28.0327, final loss: 0.00099850, weight distance: 0.0107
2025-09-23 02:27:34,717 - INFO - Example /home/projects/bagon/shared/imagenet512/val/n02892767/ILSVRC2012_val_00035738.JPEG reached epsilon at step 172, loss sum: 39.5106, final loss: 0.00099087, weight distance: 0.0099
2025-09-23 02:27:47,946 - INFO - Example /home/projects/bagon/shared/imagenet512/val/n04548362/ILSVRC2012_val_00006088.JPEG reached epsilon at step 153, loss sum: 85.4368, final loss: 0.00099468, weight distance: 0.0086
2025-09-23 02:28:18,533 - INFO - Example /home/projects/bagon/shared/imagenet512/val/n02692877/ILSVRC2012_val_00015935.JPEG reached epsilon at step 395, loss sum: 1.0860, final loss: 0.00099945, weight distance: 0.0112
2025-09-23 02:28:32,368 - INFO - Example /home/projects/bagon/shared/imagenet512/val/n02808304/ILSVRC2012_val_00012656.JPEG reached epsilon at step 154, loss sum: 31.4610, final loss: 0.00099373, weight distance: 0.0088
2025-09-23 02:28:45,249 - INFO - Example /home/projects/bagon/shared/imagenet512/val/n04154565/ILSVRC2012_val_00045986.JPEG reached epsilon at step 148, loss sum: 62.3965, final loss: 0.00099850, weight distance: 0.0102
2025-09-23 02:28:55,722 - INFO - Example /home/projects/bagon/shared/imagenet512/val/n04579432/ILSVRC2012_val_00035496.JPEG reached epsilon at step 113, loss sum: 3.2078, final loss: 0.00099850, weight distance: 0.0070
2025-09-23 02:29:08,234 - INFO - Example /home/projects/bagon/shared/imagenet512/val/n04380533/ILSVRC2012_val_00041357.JPEG reached epsilon at step 142, loss sum: 209.9368, final loss: 0.00099754, weight distance: 0.0094
2025-09-23 02:29:18,920 - INFO - Example /home/projects/bagon/shared/imagenet512/val/n02119022/ILSVRC2012_val_00006818.JPEG reached epsilon at step 117, loss sum: 2.3568, final loss: 0.00099564, weight distance: 0.0079
2025-09-23 02:29:40,532 - INFO - Example /home/projects/bagon/shared/imagenet512/val/n03179701/ILSVRC2012_val_00032085.JPEG reached epsilon at step 270, loss sum: 36.4195, final loss: 0.00098991, weight distance: 0.0158
2025-09-23 02:30:02,165 - INFO - Example /home/projects/bagon/shared/imagenet512/val/n01687978/ILSVRC2012_val_00035717.JPEG reached epsilon at step 269, loss sum: 16.3499, final loss: 0.00099564, weight distance: 0.0111
2025-09-23 02:30:11,777 - INFO - Example /home/projects/bagon/shared/imagenet512/val/n02113624/ILSVRC2012_val_00010612.JPEG reached epsilon at step 100, loss sum: 20.4357, final loss: 0.00099087, weight distance: 0.0077
2025-09-23 02:30:26,932 - INFO - Example /home/projects/bagon/shared/imagenet512/val/n04099969/ILSVRC2012_val_00045048.JPEG reached epsilon at step 180, loss sum: 12.4728, final loss: 0.00099659, weight distance: 0.0105
2025-09-23 02:30:44,458 - INFO - Example /home/projects/bagon/shared/imagenet512/val/n04456115/ILSVRC2012_val_00038629.JPEG reached epsilon at step 211, loss sum: 72.8574, final loss: 0.00099850, weight distance: 0.0121
2025-09-23 02:30:57,048 - INFO - Example /home/projects/bagon/shared/imagenet512/val/n04596742/ILSVRC2012_val_00049550.JPEG reached epsilon at step 143, loss sum: 90.2705, final loss: 0.00099945, weight distance: 0.0086
2025-09-23 02:31:13,387 - INFO - Example /home/projects/bagon/shared/imagenet512/val/n03187595/ILSVRC2012_val_00000137.JPEG reached epsilon at step 196, loss sum: 6.1502, final loss: 0.00099564, weight distance: 0.0099
2025-09-23 02:31:32,237 - INFO - Example /home/projects/bagon/shared/imagenet512/val/n04152593/ILSVRC2012_val_00049392.JPEG reached epsilon at step 233, loss sum: 63.7441, final loss: 0.00098801, weight distance: 0.0151
2025-09-23 02:31:47,177 - INFO - Example /home/projects/bagon/shared/imagenet512/val/n04591713/ILSVRC2012_val_00007320.JPEG reached epsilon at step 178, loss sum: 65.1449, final loss: 0.00099850, weight distance: 0.0099
2025-09-23 02:32:09,237 - INFO - Example /home/projects/bagon/shared/imagenet512/val/n01695060/ILSVRC2012_val_00036971.JPEG reached epsilon at step 271, loss sum: 75.9795, final loss: 0.00099277, weight distance: 0.0111
2025-09-23 02:32:28,475 - INFO - Example /home/projects/bagon/shared/imagenet512/val/n04254777/ILSVRC2012_val_00016817.JPEG reached epsilon at step 236, loss sum: 25.3232, final loss: 0.00099659, weight distance: 0.0116
2025-09-23 02:32:41,095 - INFO - Example /home/projects/bagon/shared/imagenet512/val/n03891251/ILSVRC2012_val_00009086.JPEG reached epsilon at step 134, loss sum: 34.9119, final loss: 0.00099754, weight distance: 0.0087
2025-09-23 02:32:52,381 - INFO - Example /home/projects/bagon/shared/imagenet512/val/n04270147/ILSVRC2012_val_00032673.JPEG reached epsilon at step 124, loss sum: 52.1900, final loss: 0.00099087, weight distance: 0.0073
2025-09-23 02:33:05,699 - INFO - Example /home/projects/bagon/shared/imagenet512/val/n02910353/ILSVRC2012_val_00046056.JPEG reached epsilon at step 155, loss sum: 78.3552, final loss: 0.00099659, weight distance: 0.0085
2025-09-23 02:33:19,273 - INFO - Example /home/projects/bagon/shared/imagenet512/val/n03724870/ILSVRC2012_val_00008569.JPEG reached epsilon at step 158, loss sum: 115.1593, final loss: 0.00098896, weight distance: 0.0101
2025-09-23 02:33:31,724 - INFO - Example /home/projects/bagon/shared/imagenet512/val/n02114712/ILSVRC2012_val_00031199.JPEG reached epsilon at step 142, loss sum: 44.4002, final loss: 0.00099945, weight distance: 0.0092
2025-09-23 02:33:48,198 - INFO - Example /home/projects/bagon/shared/imagenet512/val/n02412080/ILSVRC2012_val_00043984.JPEG reached epsilon at step 198, loss sum: 15.4556, final loss: 0.00098991, weight distance: 0.0136
2025-09-23 02:34:04,259 - INFO - Example /home/projects/bagon/shared/imagenet512/val/n04049303/ILSVRC2012_val_00034353.JPEG reached epsilon at step 191, loss sum: 0.9036, final loss: 0.00099659, weight distance: 0.0091
2025-09-23 02:34:20,210 - INFO - Example /home/projects/bagon/shared/imagenet512/val/n04579145/ILSVRC2012_val_00037142.JPEG reached epsilon at step 192, loss sum: 90.8428, final loss: 0.00099659, weight distance: 0.0096
2025-09-23 02:34:33,559 - INFO - Example /home/projects/bagon/shared/imagenet512/val/n07802026/ILSVRC2012_val_00042652.JPEG reached epsilon at step 156, loss sum: 12.1296, final loss: 0.00099754, weight distance: 0.0078
2025-09-23 02:34:42,532 - INFO - Example /home/projects/bagon/shared/imagenet512/val/n03476991/ILSVRC2012_val_00035016.JPEG reached epsilon at step 92, loss sum: 141.6572, final loss: 0.00098133, weight distance: 0.0080
2025-09-23 02:34:57,082 - INFO - Example /home/projects/bagon/shared/imagenet512/val/n02808440/ILSVRC2012_val_00003400.JPEG reached epsilon at step 172, loss sum: 99.5205, final loss: 0.00098801, weight distance: 0.0131
2025-09-23 02:35:06,554 - INFO - Example /home/projects/bagon/shared/imagenet512/val/n04476259/ILSVRC2012_val_00023818.JPEG reached epsilon at step 98, loss sum: 119.2247, final loss: 0.00097942, weight distance: 0.0067
2025-09-23 02:35:26,295 - INFO - Example /home/projects/bagon/shared/imagenet512/val/n04612504/ILSVRC2012_val_00005971.JPEG reached epsilon at step 244, loss sum: 59.8692, final loss: 0.00099468, weight distance: 0.0118
2025-09-23 02:35:40,031 - INFO - Example /home/projects/bagon/shared/imagenet512/val/n04554684/ILSVRC2012_val_00010706.JPEG reached epsilon at step 160, loss sum: 141.9961, final loss: 0.00099564, weight distance: 0.0103
2025-09-23 02:35:54,378 - INFO - Example /home/projects/bagon/shared/imagenet512/val/n03866082/ILSVRC2012_val_00022544.JPEG reached epsilon at step 169, loss sum: 58.7494, final loss: 0.00099850, weight distance: 0.0098
2025-09-23 02:36:15,250 - INFO - Example /home/projects/bagon/shared/imagenet512/val/n02102040/ILSVRC2012_val_00044718.JPEG reached epsilon at step 259, loss sum: 22.4274, final loss: 0.00099659, weight distance: 0.0112
2025-09-23 02:36:40,301 - INFO - Example /home/projects/bagon/shared/imagenet512/val/n01753488/ILSVRC2012_val_00048250.JPEG reached epsilon at step 321, loss sum: 15.1007, final loss: 0.00099564, weight distance: 0.0116
2025-09-23 02:36:55,960 - INFO - Example /home/projects/bagon/shared/imagenet512/val/n04326547/ILSVRC2012_val_00018620.JPEG reached epsilon at step 189, loss sum: 31.6493, final loss: 0.00099087, weight distance: 0.0106
2025-09-23 02:37:10,373 - INFO - Example /home/projects/bagon/shared/imagenet512/val/n03916031/ILSVRC2012_val_00014175.JPEG reached epsilon at step 168, loss sum: 48.8393, final loss: 0.00099659, weight distance: 0.0095
2025-09-23 02:37:21,802 - INFO - Example /home/projects/bagon/shared/imagenet512/val/n01871265/ILSVRC2012_val_00046757.JPEG reached epsilon at step 128, loss sum: 16.3871, final loss: 0.00099659, weight distance: 0.0074
2025-09-23 02:37:43,569 - INFO - Example /home/projects/bagon/shared/imagenet512/val/n01580077/ILSVRC2012_val_00004317.JPEG reached epsilon at step 277, loss sum: 135.1022, final loss: 0.00099468, weight distance: 0.0104
2025-09-23 02:38:00,712 - INFO - Example /home/projects/bagon/shared/imagenet512/val/n01644900/ILSVRC2012_val_00006830.JPEG reached epsilon at step 207, loss sum: 10.4974, final loss: 0.00099850, weight distance: 0.0113
2025-09-23 02:38:11,166 - INFO - Example /home/projects/bagon/shared/imagenet512/val/n03075370/ILSVRC2012_val_00020729.JPEG reached epsilon at step 111, loss sum: 80.6493, final loss: 0.00096655, weight distance: 0.0095
2025-09-23 02:38:25,421 - INFO - Example /home/projects/bagon/shared/imagenet512/val/n04501370/ILSVRC2012_val_00007173.JPEG reached epsilon at step 168, loss sum: 85.4749, final loss: 0.00098991, weight distance: 0.0085
2025-09-23 02:38:45,425 - INFO - Example /home/projects/bagon/shared/imagenet512/val/n04548280/ILSVRC2012_val_00014635.JPEG reached epsilon at step 246, loss sum: 124.7162, final loss: 0.00099850, weight distance: 0.0134
2025-09-23 02:38:57,271 - INFO - Example /home/projects/bagon/shared/imagenet512/val/n03942813/ILSVRC2012_val_00041336.JPEG reached epsilon at step 132, loss sum: 131.4661, final loss: 0.00099850, weight distance: 0.0091
2025-09-23 02:39:30,799 - INFO - Example /home/projects/bagon/shared/imagenet512/val/n02018795/ILSVRC2012_val_00044694.JPEG reached epsilon at step 440, loss sum: 102.6137, final loss: 0.00099850, weight distance: 0.0146
2025-09-23 02:39:33,449 - INFO - Time limit reached. Exiting before starting next example.
