2025-09-22 07:39:04,520 - INFO - Parsed arguments:
2025-09-22 07:39:04,520 - INFO -   amp_dtype = None
2025-09-22 07:39:04,520 - INFO -   bars_npy = bars/geq6wrong_21017_geq6correct_1525_imagenet.npy
2025-09-22 07:39:04,520 - INFO -   cka_layer_fraction = 0.0
2025-09-22 07:39:04,520 - INFO -   deterministic = True
2025-09-22 07:39:04,520 - INFO -   device = cuda
2025-09-22 07:39:04,520 - INFO -   epsilon = 0.001
2025-09-22 07:39:04,521 - INFO -   examples_csv = bars/geq6wrong_21017_geq6correct_1525_imagenet_examples_ammended.csv
2025-09-22 07:39:04,521 - INFO -   explicit_examples_for_training = None
2025-09-22 07:39:04,521 - INFO -   grad_clip_norm = 1.0
2025-09-22 07:39:04,521 - INFO -   hierarchy_json = bars/imagenet_synset_hierarchy.json
2025-09-22 07:39:04,521 - INFO -   imagenet_models_csv = bars/imagenet_models.csv
2025-09-22 07:39:04,521 - INFO -   lr = 0.0001
2025-09-22 07:39:04,521 - INFO -   max_examples = 1
2025-09-22 07:39:04,521 - INFO -   max_steps_per_example = 10000
2025-09-22 07:39:04,521 - INFO -   model_csv_name = resnet_34_160_classification_imagenet_1k
2025-09-22 07:39:04,521 - INFO -   model_name = resnet34.a3_in1k
2025-09-22 07:39:04,521 - INFO -   no_amp = False
2025-09-22 07:39:04,521 - INFO -   output_dir = training_gradient_evaluator_single_loss/outputs_assess_training_time
2025-09-22 07:39:04,521 - INFO -   root_dir = None
2025-09-22 07:39:04,521 - INFO -   seed = 1337
2025-09-22 07:39:04,521 - INFO -   weight_decay = 0
2025-09-22 07:39:04,521 - INFO -   zero_aug_train = True
2025-09-22 07:39:04,530 - INFO - Loaded 50000 examples in difficulty order
2025-09-22 07:39:05,379 - INFO - Loaded TIMM pretrained weights for resnet34.a3_in1k
2025-09-22 07:39:05,379 - INFO - pretrained_cfg.url=https://github.com/huggingface/pytorch-image-models/releases/download/v0.1-rsb-weights/resnet34_a3_0-a20cabb6.pth hf_hub_id=timm/resnet34.a3_in1k
2025-09-22 07:39:05,706 - INFO - Stored original model weights for reset
2025-09-22 07:39:05,712 - INFO - Training configuration:
2025-09-22 07:39:05,712 - INFO -   lr = 0.0001
2025-09-22 07:39:05,712 - INFO -   weight_decay = 0
2025-09-22 07:39:05,712 - INFO -   max_steps = 10000
2025-09-22 07:39:05,712 - INFO -   epsilon = 0.001
2025-09-22 07:39:05,713 - INFO -   device = cuda
2025-09-22 07:39:05,713 - INFO -   use_amp = True
2025-09-22 07:39:05,713 - INFO -   amp_dtype = bfloat16
2025-09-22 07:39:05,713 - INFO -   gradient_clip_norm = 1.0
2025-09-22 07:39:05,770 - INFO - Resolved model_csv_name='resnet_34_160_classification_imagenet_1k' to mask_row_index=992
2025-09-22 07:39:07,064 - INFO - Selected 1 wrong examples for training (sorted by difficulty)
2025-09-22 07:39:07,066 - INFO - Training examples (rank indices, 0-based): 21097
2025-09-22 07:39:07,077 - INFO - CKA disabled: cka_layer_fraction == 0. Skipping all CKA computations.
2025-09-22 07:39:07,078 - INFO - 
=== Training Example 1/1: /home/projects/bagon/shared/imagenet512/val/n07880968/ILSVRC2012_val_00020718.JPEG ===
2025-09-22 07:40:24,565 - INFO - Example /home/projects/bagon/shared/imagenet512/val/n07880968/ILSVRC2012_val_00020718.JPEG reached epsilon at step 3084, loss sum: 388.7072, final loss: 0.00098419, weight distance: 0.1058
2025-09-22 07:40:24,571 - INFO - Example 1 completed: 3084 steps, loss sum: 388.7072, final loss: 0.00098419, weight distance: 0.1058 (universal rank: 21098)
2025-09-22 07:40:24,571 - INFO - Creating final plots...
2025-09-22 07:40:24,579 - INFO - Training complete. Summary saved to training_gradient_evaluator_single_loss/outputs_assess_training_time/resnet34.a3_in1k/training_summary.json
2025-09-22 07:40:24,579 - INFO - Results CSV: training_gradient_evaluator_single_loss/outputs_assess_training_time/resnet34.a3_in1k/single_example_results.csv
