2025-09-17 11:11:34,667 - INFO - Parsed arguments:
2025-09-17 11:11:34,667 - INFO -   amp_dtype = None
2025-09-17 11:11:34,667 - INFO -   bars_npy = /home/projects/bagon/andreyg/Projects/BMM_school/Universal_learning/Programming/bars/geq6wrong_21017_geq6correct_1525_imagenet.npy
2025-09-17 11:11:34,667 - INFO -   cka_layer_fraction = 0.0
2025-09-17 11:11:34,667 - INFO -   deterministic = True
2025-09-17 11:11:34,667 - INFO -   device = cuda
2025-09-17 11:11:34,667 - INFO -   epsilon = 0.001
2025-09-17 11:11:34,667 - INFO -   examples_csv = /home/projects/bagon/andreyg/Projects/BMM_school/Universal_learning/Programming/bars/geq6wrong_21017_geq6correct_1525_imagenet_examples_ammended.csv
2025-09-17 11:11:34,667 - INFO -   explicit_examples_for_training = /home/projects/bagon/andreyg/Projects/BMM_school/Universal_learning/Programming/bars/imagenet_common_false_examples_subset_of_8.json
2025-09-17 11:11:34,667 - INFO -   grad_clip_norm = 1.0
2025-09-17 11:11:34,667 - INFO -   hierarchy_json = /home/projects/bagon/andreyg/Projects/BMM_school/Universal_learning/Programming/bars/imagenet_synset_hierarchy.json
2025-09-17 11:11:34,667 - INFO -   imagenet_models_csv = /home/projects/bagon/andreyg/Projects/BMM_school/Universal_learning/Programming/bars/imagenet_models.csv
2025-09-17 11:11:34,667 - INFO -   lr = 0.0001
2025-09-17 11:11:34,667 - INFO -   max_examples = 1500
2025-09-17 11:11:34,667 - INFO -   max_steps_per_example = 10000
2025-09-17 11:11:34,667 - INFO -   model_csv_name = efficientvit_medium_0_224_classification_imagenet_1k
2025-09-17 11:11:34,668 - INFO -   model_name = efficientvit_m0.r224_in1k
2025-09-17 11:11:34,668 - INFO -   no_amp = False
2025-09-17 11:11:34,668 - INFO -   output_dir = /home/projects/bagon/andreyg/Projects/BMM_school/Universal_learning/Programming/training_gradient_evaluator_single_loss/outputs_subset_of_8_lr_0.0001_1500_examples_no_cka
2025-09-17 11:11:34,668 - INFO -   root_dir = None
2025-09-17 11:11:34,668 - INFO -   seed = 1337
2025-09-17 11:11:34,668 - INFO -   weight_decay = 0.0
2025-09-17 11:11:34,668 - INFO -   zero_aug_train = True
2025-09-17 11:11:34,680 - INFO - Loaded 50000 examples in difficulty order
2025-09-17 11:11:35,439 - INFO - Loaded TIMM pretrained weights for efficientvit_m0.r224_in1k
2025-09-17 11:11:35,439 - INFO - pretrained_cfg.url= hf_hub_id=timm/efficientvit_m0.r224_in1k
2025-09-17 11:11:36,330 - INFO - Stored original model weights for reset
2025-09-17 11:11:36,338 - INFO - Training configuration:
2025-09-17 11:11:36,338 - INFO -   lr = 0.0001
2025-09-17 11:11:36,338 - INFO -   weight_decay = 0.0
2025-09-17 11:11:36,338 - INFO -   max_steps = 10000
2025-09-17 11:11:36,338 - INFO -   epsilon = 0.001
2025-09-17 11:11:36,338 - INFO -   device = cuda
2025-09-17 11:11:36,338 - INFO -   use_amp = True
2025-09-17 11:11:36,338 - INFO -   amp_dtype = bfloat16
2025-09-17 11:11:36,338 - INFO -   gradient_clip_norm = 1.0
2025-09-17 11:11:36,446 - INFO - Resolved model_csv_name='efficientvit_medium_0_224_classification_imagenet_1k' to mask_row_index=1018
2025-09-17 11:11:37,559 - INFO - Restricting candidate pool to 3952 explicit examples from JSON
2025-09-17 11:11:38,682 - INFO - Selected 1500 wrong examples for training (sorted by difficulty)
2025-09-17 11:11:38,686 - INFO - Training examples (rank indices, 0-based): 34251, 35749, 36090, 36097, 36304, 36673, 36774, 36780, 36942, 37031, 37033, 37232, 37238, 37415, 37540, 37888, 37979, 38102, 38134, 38172, 38187, 38207, 38243, 38310, 38313, 38326, 38406, 38416, 38486, 38549, 38566, 38627, 38771, 38782, 38784, 38936, 38955, 39036, 39068, 39078, 39090, 39106, 39126, 39185, 39186, 39244, 39275, 39352, 39368, 39369, 39377, 39406, 39419, 39438, 39457, 39462, 39497, 39515, 39522, 39557, 39561, 39576, 39578, 39608, 39636, 39684, 39697, 39698, 39702, 39718, 39741, 39744, 39764, 39778, 39780, 39786, 39806, 39808, 39824, 39825, 39836, 39838, 39842, 39852, 39882, 39884, 39902, 39940, 39941, 39942, 39994, 40000, 40008, 40010, 40011, 40062, 40068, 40072, 40106, 40107, 40116, 40118, 40119, 40139, 40159, 40175, 40193, 40226, 40230, 40246, 40257, 40262, 40269, 40277, 40286, 40291, 40295, 40305, 40314, 40322, 40323, 40335, 40345, 40360, 40366, 40376, 40379, 40390, 40392, 40397, 40404, 40434, 40444, 40459, 40465, 40483, 40497, 40508, 40511, 40520, 40527, 40540, 40542, 40543, 40559, 40568, 40590, 40591, 40594, 40596, 40618, 40626, 40629, 40641, 40665, 40687, 40711, 40727, 40743, 40746, 40769, 40779, 40786, 40817, 40823, 40841, 40859, 40860, 40861, 40862, 40864, 40865, 40887, 40895, 40904, 40905, 40917, 40934, 40935, 40991, 40993, 41011, 41024, 41028, 41054, 41055, 41057, 41071, 41094, 41101, 41111, 41112, 41120, 41121, 41122, 41126, 41128, 41143, 41152, 41154, 41162, 41170, 41223, 41238, 41242, 41243, 41260, 41261, 41269, 41272, 41282, 41286, 41289, 41294, 41296, 41299, 41306, 41307, 41322, 41341, 41345, 41375, 41377, 41382, 41384, 41386, 41396, 41400, 41401, 41403, 41404, 41425, 41426, 41429, 41437, 41442, 41445, 41454, 41462, 41464, 41466, 41467, 41468, 41475, 41476, 41485, 41487, 41503, 41504, 41506, 41556, 41569, 41580, 41581, 41594, 41605, 41606, 41609, 41619, 41630, 41635, 41650, 41661, 41662, 41664, 41688, 41695, 41699, 41707, 41712, 41721, 41733, 41752, 41758, 41760, 41762, 41770, 41783, 41790, 41799, 41806, 41807, 41818, 41824, 41826, 41830, 41832, 41842, 41852, 41853, 41867, 41868, 41873, 41878, 41879, 41881, 41895, 41897, 41909, 41915, 41916, 41922, 41923, 41930, 41931, 41934, 41938, 41944, 41973, 41977, 41980, 41996, 42006, 42016, 42018, 42025, 42027, 42033, 42048, 42050, 42064, 42075, 42092, 42101, 42102, 42122, 42151, 42158, 42178, 42183, 42195, 42197, 42206, 42208, 42219, 42224, 42225, 42227, 42230, 42262, 42267, 42273, 42282, 42287, 42302, 42307, 42308, 42312, 42319, 42320, 42324, 42336, 42337, 42342, 42344, 42348, 42352, 42361, 42363, 42364, 42365, 42391, 42392, 42418, 42419, 42438, 42448, 42449, 42451, 42476, 42477, 42490, 42493, 42494, 42507, 42519, 42520, 42522, 42524, 42527, 42529, 42541, 42542, 42545, 42562, 42571, 42573, 42580, 42581, 42582, 42587, 42593, 42599, 42601, 42608, 42618, 42619, 42620, 42625, 42628, 42630, 42631, 42637, 42641, 42661, 42663, 42679, 42699, 42700, 42707, 42710, 42718, 42728, 42729, 42738, 42740, 42747, 42751, 42752, 42756, 42765, 42774, 42783, 42787, 42799, 42807, 42810, 42813, 42821, 42847, 42855, 42861, 42862, 42870, 42876, 42879, 42889, 42899, 42906, 42915, 42916, 42939, 42943, 42946, 42951, 42953, 42954, 42959, 42964, 42973, 42976, 42978, 42983, 42988, 42989, 42999, 43000, 43002, 43004, 43009, 43017, 43018, 43026, 43028, 43035, 43038, 43049, 43063, 43085, 43093, 43094, 43101, 43110, 43127, 43128, 43155, 43157, 43161, 43162, 43170, 43171, 43172, 43173, 43182, 43196, 43202, 43205, 43225, 43240, 43245, 43250, 43253, 43261, 43270, 43273, 43274, 43275, 43281, 43282, 43296, 43298, 43307, 43309, 43313, 43320, 43326, 43346, 43352, 43353, 43354, 43355, 43362, 43363, 43371, 43373, 43386, 43388, 43392, 43394, 43396, 43397, 43404, 43410, 43419, 43426, 43429, 43435, 43436, 43453, 43457, 43470, 43473, 43475, 43484, 43497, 43506, 43509, 43523, 43525, 43534, 43536, 43538, 43552, 43576, 43577, 43595, 43605, 43607, 43611, 43629, 43636, 43638, 43640, 43641, 43643, 43654, 43667, 43675, 43691, 43693, 43695, 43697, 43698, 43703, 43712, 43713, 43738, 43751, 43759, 43768, 43772, 43782, 43809, 43810, 43813, 43814, 43815, 43822, 43829, 43834, 43837, 43839, 43854, 43855, 43866, 43869, 43871, 43872, 43873, 43882, 43893, 43894, 43895, 43899, 43904, 43928, 43931, 43935, 43940, 43942, 43946, 43949, 43967, 43976, 43980, 43981, 43983, 43987, 43988, 43993, 43994, 43996, 44004, 44007, 44008, 44015, 44017, 44027, 44032, 44033, 44039, 44043, 44050, 44053, 44055, 44057, 44058, 44062, 44071, 44079, 44083, 44086, 44093, 44094, 44095, 44096, 44098, 44108, 44119, 44123, 44129, 44139, 44153, 44158, 44167, 44169, 44170, 44171, 44179, 44181, 44191, 44193, 44195, 44210, 44211, 44212, 44219, 44223, 44229, 44230, 44234, 44239, 44250, 44251, 44254, 44255, 44260, 44267, 44282, 44283, 44285, 44299, 44300, 44302, 44304, 44312, 44316, 44318, 44320, 44326, 44339, 44342, 44351, 44369, 44371, 44376, 44377, 44391, 44392, 44400, 44401, 44405, 44416, 44421, 44426, 44430, 44433, 44438, 44444, 44446, 44454, 44462, 44464, 44470, 44473, 44485, 44488, 44502, 44520, 44525, 44526, 44535, 44536, 44537, 44551, 44561, 44563, 44574, 44604, 44610, 44614, 44623, 44631, 44641, 44648, 44650, 44658, 44659, 44661, 44662, 44665, 44673, 44676, 44679, 44686, 44689, 44703, 44704, 44706, 44709, 44710, 44715, 44719, 44726, 44727, 44731, 44738, 44740, 44741, 44742, 44745, 44746, 44749, 44755, 44756, 44760, 44762, 44763, 44774, 44782, 44783, 44791, 44792, 44794, 44802, 44819, 44823, 44828, 44834, 44856, 44857, 44866, 44867, 44868, 44871, 44873, 44874, 44876, 44877, 44881, 44886, 44887, 44889, 44899, 44902, 44903, 44905, 44908, 44924, 44925, 44926, 44934, 44935, 44936, 44937, 44938, 44941, 44943, 44946, 44956, 44966, 44981, 44984, 44988, 44993, 44998, 45000, 45004, 45011, 45031, 45032, 45043, 45044, 45045, 45048, 45049, 45056, 45057, 45076, 45081, 45084, 45091, 45097, 45100, 45104, 45113, 45136, 45153, 45156, 45160, 45161, 45162, 45172, 45177, 45192, 45196, 45197, 45198, 45211, 45221, 45223, 45229, 45240, 45245, 45250, 45252, 45263, 45275, 45276, 45281, 45287, 45294, 45295, 45296, 45303, 45304, 45315, 45322, 45327, 45353, 45358, 45382, 45388, 45400, 45405, 45407, 45419, 45423, 45424, 45427, 45433, 45434, 45445, 45454, 45460, 45467, 45473, 45475, 45487, 45489, 45496, 45505, 45506, 45511, 45522, 45523, 45527, 45530, 45531, 45538, 45541, 45543, 45544, 45551, 45554, 45563, 45567, 45574, 45591, 45592, 45596, 45603, 45605, 45606, 45607, 45609, 45613, 45615, 45617, 45631, 45635, 45653, 45658, 45672, 45679, 45685, 45688, 45689, 45697, 45699, 45713, 45716, 45719, 45726, 45738, 45742, 45748, 45751, 45753, 45755, 45764, 45765, 45772, 45785, 45795, 45796, 45799, 45803, 45814, 45819, 45828, 45829, 45830, 45836, 45851, 45855, 45860, 45862, 45863, 45867, 45868, 45870, 45878, 45879, 45880, 45881, 45883, 45891, 45894, 45897, 45899, 45901, 45907, 45909, 45923, 45924, 45929, 45930, 45931, 45932, 45937, 45951, 45952, 45953, 45954, 45959, 45967, 45977, 45981, 45996, 45997, 45999, 46000, 46011, 46014, 46015, 46017, 46020, 46029, 46033, 46036, 46039, 46043, 46044, 46045, 46046, 46050, 46054, 46057, 46061, 46081, 46085, 46086, 46089, 46095, 46096, 46107, 46111, 46114, 46115, 46117, 46123, 46125, 46127, 46131, 46135, 46152, 46157, 46174, 46178, 46179, 46180, 46181, 46182, 46185, 46187, 46195, 46214, 46215, 46217, 46222, 46224, 46239, 46240, 46241, 46244, 46247, 46276, 46292, 46293, 46297, 46307, 46312, 46318, 46320, 46335, 46336, 46355, 46365, 46366, 46368, 46369, 46375, 46378, 46384, 46401, 46405, 46409, 46419, 46420, 46421, 46426, 46429, 46430, 46439, 46445, 46451, 46454, 46458, 46461, 46468, 46487, 46488, 46498, 46506, 46508, 46511, 46517, 46528, 46529, 46533, 46535, 46560, 46563, 46566, 46567, 46582, 46585, 46589, 46594, 46600, 46601, 46602, 46620, 46621, 46637, 46648, 46650, 46651, 46653, 46655, 46659, 46661, 46662, 46674, 46679, 46682, 46683, 46685, 46688, 46700, 46701, 46702, 46703, 46708, 46712, 46714, 46725, 46731, 46738, 46740, 46750, 46752, 46754, 46757, 46765, 46778, 46780, 46785, 46789, 46792, 46805, 46818, 46820, 46822, 46823, 46832, 46834, 46842, 46843, 46855, 46858, 46860, 46865, 46870, 46871, 46874, 46876, 46878, 46893, 46894, 46902, 46905, 46906, 46907, 46911, 46913, 46926, 46934, 46940, 46947, 46949, 46956, 46958, 46964, 46966, 46973, 46983, 46988, 46989, 46990, 46999, 47002, 47012, 47017, 47021, 47037, 47039, 47055, 47070, 47076, 47083, 47091, 47092, 47093, 47098, 47100, 47107, 47118, 47123, 47131, 47139, 47153, 47165, 47172, 47195, 47197, 47198, 47199, 47212, 47215, 47216, 47219, 47221, 47225, 47238, 47242, 47245, 47258, 47262, 47268, 47269, 47273, 47277, 47286, 47291, 47296, 47300, 47305, 47316, 47320, 47322, 47323, 47329, 47330, 47331, 47336, 47337, 47344, 47345, 47347, 47348, 47354, 47359, 47363, 47367, 47368, 47375, 47384, 47399, 47401, 47402, 47408, 47412, 47415, 47421, 47424, 47426, 47429, 47431, 47442, 47459, 47461, 47464, 47470, 47476, 47488, 47489, 47491, 47494, 47495, 47498, 47500, 47504, 47509, 47511, 47518, 47519, 47521, 47524, 47527, 47533, 47546, 47550, 47551, 47555, 47575, 47578, 47579, 47581, 47583, 47596, 47601, 47605, 47614, 47623, 47626, 47629, 47638, 47639, 47641, 47645, 47653, 47660, 47663, 47664, 47666, 47668, 47672, 47683, 47686, 47706, 47708, 47711, 47716, 47721, 47723, 47725, 47726, 47731, 47735, 47741, 47742, 47745, 47747, 47750, 47770, 47773, 47774, 47776, 47778, 47784, 47786, 47791, 47794, 47795, 47796, 47798, 47804, 47806, 47818, 47838, 47844, 47845, 47850, 47851, 47865, 47868, 47872, 47874, 47879, 47883, 47889, 47890, 47894, 47896, 47909, 47910, 47911, 47914, 47918, 47919, 47925, 47927, 47928, 47932, 47934, 47935, 47937, 47948, 47950, 47963, 47965, 47967, 47969, 47970, 47977, 47986, 47987, 47988, 47990, 47991, 47993, 47994, 47999, 48001, 48016, 48019, 48029, 48038, 48042, 48052, 48058, 48061, 48071, 48072, 48081, 48090, 48092, 48093, 48095, 48098, 48099, 48101, 48102, 48104, 48106, 48109, 48112, 48113, 48114, 48117, 48123, 48124, 48125, 48128, 48129, 48133, 48138, 48154, 48155, 48162, 48164, 48165, 48166, 48171, 48172, 48179, 48183, 48184, 48185, 48189, 48195, 48197, 48202, 48211, 48223, 48238, 48241, 48243, 48246, 48248, 48249, 48253, 48254, 48256, 48262, 48263, 48276, 48278, 48279, 48282, 48283, 48286, 48288, 48289, 48293, 48295, 48296, 48300, 48306, 48308, 48312, 48316, 48319, 48323, 48330, 48335, 48343, 48345, 48346, 48347, 48348, 48349, 48353, 48356, 48361, 48362, 48366, 48367, 48368, 48373, 48374, 48378, 48380, 48383, 48388, 48394, 48395, 48399, 48400, 48402, 48403, 48404, 48406, 48415, 48424, 48425, 48427, 48432, 48436, 48437, 48444, 48445, 48447, 48455, 48456, 48462, 48469, 48471
2025-09-17 11:11:38,707 - INFO - CKA disabled: cka_layer_fraction == 0. Skipping all CKA computations.
2025-09-17 11:11:38,707 - INFO - 
=== Training Example 1/1500: /home/projects/bagon/shared/imagenet512/val/n03196217/ILSVRC2012_val_00026298.JPEG ===
2025-09-17 11:15:59,311 - INFO - Example /home/projects/bagon/shared/imagenet512/val/n03196217/ILSVRC2012_val_00026298.JPEG reached epsilon at step 2453, loss sum: 531.0536, final loss: 0.00094223, weight distance: 0.0815
2025-09-17 11:15:59,318 - INFO - Example 1 completed: 2453 steps, loss sum: 531.0536, final loss: 0.00094223, weight distance: 0.0815 (universal rank: 34252)
2025-09-17 11:15:59,318 - INFO - 
=== Training Example 2/1500: /home/projects/bagon/shared/imagenet512/val/n03733281/ILSVRC2012_val_00010635.JPEG ===
2025-09-17 11:18:08,254 - INFO - Example /home/projects/bagon/shared/imagenet512/val/n03733281/ILSVRC2012_val_00010635.JPEG reached epsilon at step 1218, loss sum: 312.6380, final loss: 0.00099182, weight distance: 0.0550
2025-09-17 11:18:08,259 - INFO - Example 2 completed: 1218 steps, loss sum: 312.6380, final loss: 0.00099182, weight distance: 0.0550 (universal rank: 35750)
2025-09-17 11:18:08,259 - INFO - 
=== Training Example 3/1500: /home/projects/bagon/shared/imagenet512/val/n03995372/ILSVRC2012_val_00041019.JPEG ===
2025-09-17 11:24:46,637 - INFO - Example /home/projects/bagon/shared/imagenet512/val/n03995372/ILSVRC2012_val_00041019.JPEG reached epsilon at step 3766, loss sum: 1099.8108, final loss: 0.00099945, weight distance: 0.1219
2025-09-17 11:24:46,643 - INFO - Example 3 completed: 3766 steps, loss sum: 1099.8108, final loss: 0.00099945, weight distance: 0.1219 (universal rank: 36091)
2025-09-17 11:24:46,643 - INFO - 
=== Training Example 4/1500: /home/projects/bagon/shared/imagenet512/val/n03062245/ILSVRC2012_val_00011794.JPEG ===
2025-09-17 11:29:29,275 - INFO - Example /home/projects/bagon/shared/imagenet512/val/n03062245/ILSVRC2012_val_00011794.JPEG reached epsilon at step 2650, loss sum: 632.1082, final loss: 0.00099182, weight distance: 0.0985
2025-09-17 11:29:29,280 - INFO - Example 4 completed: 2650 steps, loss sum: 632.1082, final loss: 0.00099182, weight distance: 0.0985 (universal rank: 36098)
2025-09-17 11:29:29,280 - INFO - 
=== Training Example 5/1500: /home/projects/bagon/shared/imagenet512/val/n07718472/ILSVRC2012_val_00047851.JPEG ===
2025-09-17 11:34:24,052 - INFO - Example /home/projects/bagon/shared/imagenet512/val/n07718472/ILSVRC2012_val_00047851.JPEG reached epsilon at step 2787, loss sum: 198.2345, final loss: 0.00099182, weight distance: 0.0692
2025-09-17 11:34:24,058 - INFO - Example 5 completed: 2787 steps, loss sum: 198.2345, final loss: 0.00099182, weight distance: 0.0692 (universal rank: 36305)
2025-09-17 11:34:24,058 - INFO - 
=== Training Example 6/1500: /home/projects/bagon/shared/imagenet512/val/n03498962/ILSVRC2012_val_00032709.JPEG ===
2025-09-17 11:39:38,143 - INFO - Example /home/projects/bagon/shared/imagenet512/val/n03498962/ILSVRC2012_val_00032709.JPEG reached epsilon at step 2969, loss sum: 1005.6595, final loss: 0.00099945, weight distance: 0.0930
2025-09-17 11:39:38,149 - INFO - Example 6 completed: 2969 steps, loss sum: 1005.6595, final loss: 0.00099945, weight distance: 0.0930 (universal rank: 36674)
2025-09-17 11:39:38,150 - INFO - 
=== Training Example 7/1500: /home/projects/bagon/shared/imagenet512/val/n03837869/ILSVRC2012_val_00008078.JPEG ===
2025-09-17 11:44:23,722 - INFO - Example /home/projects/bagon/shared/imagenet512/val/n03837869/ILSVRC2012_val_00008078.JPEG reached epsilon at step 2700, loss sum: 1230.2301, final loss: 0.00099945, weight distance: 0.1000
2025-09-17 11:44:23,729 - INFO - Example 7 completed: 2700 steps, loss sum: 1230.2301, final loss: 0.00099945, weight distance: 0.1000 (universal rank: 36775)
2025-09-17 11:44:23,729 - INFO - 
=== Training Example 8/1500: /home/projects/bagon/shared/imagenet512/val/n03623198/ILSVRC2012_val_00024197.JPEG ===
2025-09-17 11:48:12,285 - INFO - Example /home/projects/bagon/shared/imagenet512/val/n03623198/ILSVRC2012_val_00024197.JPEG reached epsilon at step 2165, loss sum: 171.9979, final loss: 0.00099945, weight distance: 0.0607
2025-09-17 11:48:12,291 - INFO - Example 8 completed: 2165 steps, loss sum: 171.9979, final loss: 0.00099945, weight distance: 0.0607 (universal rank: 36781)
2025-09-17 11:48:12,291 - INFO - 
=== Training Example 9/1500: /home/projects/bagon/shared/imagenet512/val/n01440764/ILSVRC2012_val_00037383.JPEG ===
2025-09-17 11:52:26,110 - INFO - Example /home/projects/bagon/shared/imagenet512/val/n01440764/ILSVRC2012_val_00037383.JPEG reached epsilon at step 2400, loss sum: 399.4872, final loss: 0.00099182, weight distance: 0.0698
2025-09-17 11:52:26,117 - INFO - Example 9 completed: 2400 steps, loss sum: 399.4872, final loss: 0.00099182, weight distance: 0.0698 (universal rank: 36943)
2025-09-17 11:52:26,117 - INFO - 
=== Training Example 10/1500: /home/projects/bagon/shared/imagenet512/val/n03355925/ILSVRC2012_val_00017432.JPEG ===
2025-09-17 11:56:07,616 - INFO - Example /home/projects/bagon/shared/imagenet512/val/n03355925/ILSVRC2012_val_00017432.JPEG reached epsilon at step 2099, loss sum: 307.9767, final loss: 0.00099182, weight distance: 0.0746
2025-09-17 11:56:07,621 - INFO - Example 10 completed: 2099 steps, loss sum: 307.9767, final loss: 0.00099182, weight distance: 0.0746 (universal rank: 37032)
2025-09-17 11:56:07,621 - INFO - 
=== Training Example 11/1500: /home/projects/bagon/shared/imagenet512/val/n02666196/ILSVRC2012_val_00007747.JPEG ===
2025-09-17 11:58:25,681 - INFO - Example /home/projects/bagon/shared/imagenet512/val/n02666196/ILSVRC2012_val_00007747.JPEG reached epsilon at step 1308, loss sum: 1223.1455, final loss: 0.00099182, weight distance: 0.0661
2025-09-17 11:58:25,686 - INFO - Example 11 completed: 1308 steps, loss sum: 1223.1455, final loss: 0.00099182, weight distance: 0.0661 (universal rank: 37034)
2025-09-17 11:58:25,686 - INFO - 
=== Training Example 12/1500: /home/projects/bagon/shared/imagenet512/val/n02815834/ILSVRC2012_val_00028516.JPEG ===
2025-09-17 12:03:09,770 - INFO - Example /home/projects/bagon/shared/imagenet512/val/n02815834/ILSVRC2012_val_00028516.JPEG reached epsilon at step 2691, loss sum: 1362.9927, final loss: 0.00098419, weight distance: 0.0917
2025-09-17 12:03:09,786 - INFO - Example 12 completed: 2691 steps, loss sum: 1362.9927, final loss: 0.00098419, weight distance: 0.0917 (universal rank: 37233)
2025-09-17 12:03:09,786 - INFO - 
=== Training Example 13/1500: /home/projects/bagon/shared/imagenet512/val/n03314780/ILSVRC2012_val_00015321.JPEG ===
2025-09-17 12:07:22,853 - INFO - Example /home/projects/bagon/shared/imagenet512/val/n03314780/ILSVRC2012_val_00015321.JPEG reached epsilon at step 2396, loss sum: 451.3619, final loss: 0.00099182, weight distance: 0.0735
2025-09-17 12:07:22,860 - INFO - Example 13 completed: 2396 steps, loss sum: 451.3619, final loss: 0.00099182, weight distance: 0.0735 (universal rank: 37239)
2025-09-17 12:07:22,860 - INFO - 
=== Training Example 14/1500: /home/projects/bagon/shared/imagenet512/val/n04597913/ILSVRC2012_val_00030008.JPEG ===
2025-09-17 12:10:48,829 - INFO - Example /home/projects/bagon/shared/imagenet512/val/n04597913/ILSVRC2012_val_00030008.JPEG reached epsilon at step 1948, loss sum: 1362.5253, final loss: 0.00099945, weight distance: 0.0885
2025-09-17 12:10:48,834 - INFO - Example 14 completed: 1948 steps, loss sum: 1362.5253, final loss: 0.00099945, weight distance: 0.0885 (universal rank: 37416)
2025-09-17 12:10:48,835 - INFO - 
=== Training Example 15/1500: /home/projects/bagon/shared/imagenet512/val/n07615774/ILSVRC2012_val_00032703.JPEG ===
2025-09-17 12:15:57,728 - INFO - Example /home/projects/bagon/shared/imagenet512/val/n07615774/ILSVRC2012_val_00032703.JPEG reached epsilon at step 2924, loss sum: 2474.0849, final loss: 0.00094223, weight distance: 0.1101
2025-09-17 12:15:57,734 - INFO - Example 15 completed: 2924 steps, loss sum: 2474.0849, final loss: 0.00094223, weight distance: 0.1101 (universal rank: 37541)
2025-09-17 12:15:57,734 - INFO - 
=== Training Example 16/1500: /home/projects/bagon/shared/imagenet512/val/n02051845/ILSVRC2012_val_00035810.JPEG ===
2025-09-17 12:18:33,892 - INFO - Example /home/projects/bagon/shared/imagenet512/val/n02051845/ILSVRC2012_val_00035810.JPEG reached epsilon at step 1475, loss sum: 513.6094, final loss: 0.00099182, weight distance: 0.0859
2025-09-17 12:18:33,898 - INFO - Example 16 completed: 1475 steps, loss sum: 513.6094, final loss: 0.00099182, weight distance: 0.0859 (universal rank: 37889)
2025-09-17 12:18:33,898 - INFO - 
=== Training Example 17/1500: /home/projects/bagon/shared/imagenet512/val/n09421951/ILSVRC2012_val_00015575.JPEG ===
2025-09-17 12:27:56,741 - INFO - Example /home/projects/bagon/shared/imagenet512/val/n09421951/ILSVRC2012_val_00015575.JPEG reached epsilon at step 5319, loss sum: 546.3693, final loss: 0.00098419, weight distance: 0.1306
2025-09-17 12:27:56,747 - INFO - Example 17 completed: 5319 steps, loss sum: 546.3693, final loss: 0.00098419, weight distance: 0.1306 (universal rank: 37980)
2025-09-17 12:27:56,747 - INFO - 
=== Training Example 18/1500: /home/projects/bagon/shared/imagenet512/val/n03666591/ILSVRC2012_val_00009507.JPEG ===
2025-09-17 12:35:48,818 - INFO - Example /home/projects/bagon/shared/imagenet512/val/n03666591/ILSVRC2012_val_00009507.JPEG reached epsilon at step 4461, loss sum: 1774.9038, final loss: 0.00099945, weight distance: 0.0979
2025-09-17 12:35:48,824 - INFO - Example 18 completed: 4461 steps, loss sum: 1774.9038, final loss: 0.00099945, weight distance: 0.0979 (universal rank: 38103)
2025-09-17 12:35:48,824 - INFO - 
=== Training Example 19/1500: /home/projects/bagon/shared/imagenet512/val/n07892512/ILSVRC2012_val_00033630.JPEG ===
2025-09-17 12:41:34,141 - INFO - Example /home/projects/bagon/shared/imagenet512/val/n07892512/ILSVRC2012_val_00033630.JPEG reached epsilon at step 3257, loss sum: 224.9273, final loss: 0.00099182, weight distance: 0.1019
2025-09-17 12:41:34,147 - INFO - Example 19 completed: 3257 steps, loss sum: 224.9273, final loss: 0.00099182, weight distance: 0.1019 (universal rank: 38135)
2025-09-17 12:41:34,147 - INFO - 
=== Training Example 20/1500: /home/projects/bagon/shared/imagenet512/val/n02099429/ILSVRC2012_val_00030579.JPEG ===
2025-09-17 12:48:46,154 - INFO - Example /home/projects/bagon/shared/imagenet512/val/n02099429/ILSVRC2012_val_00030579.JPEG reached epsilon at step 4080, loss sum: 616.7766, final loss: 0.00097275, weight distance: 0.1002
2025-09-17 12:48:46,159 - INFO - Example 20 completed: 4080 steps, loss sum: 616.7766, final loss: 0.00097275, weight distance: 0.1002 (universal rank: 38173)
2025-09-17 12:48:46,159 - INFO - 
=== Training Example 21/1500: /home/projects/bagon/shared/imagenet512/val/n03095699/ILSVRC2012_val_00003200.JPEG ===
2025-09-17 12:55:29,347 - INFO - Example /home/projects/bagon/shared/imagenet512/val/n03095699/ILSVRC2012_val_00003200.JPEG reached epsilon at step 3807, loss sum: 1198.4072, final loss: 0.00097656, weight distance: 0.1052
2025-09-17 12:55:29,353 - INFO - Example 21 completed: 3807 steps, loss sum: 1198.4072, final loss: 0.00097656, weight distance: 0.1052 (universal rank: 38188)
2025-09-17 12:55:29,353 - INFO - 
=== Training Example 22/1500: /home/projects/bagon/shared/imagenet512/val/n04116512/ILSVRC2012_val_00004247.JPEG ===
2025-09-17 13:02:07,534 - INFO - Example /home/projects/bagon/shared/imagenet512/val/n04116512/ILSVRC2012_val_00004247.JPEG reached epsilon at step 3763, loss sum: 2043.9838, final loss: 0.00096512, weight distance: 0.1218
2025-09-17 13:02:07,540 - INFO - Example 22 completed: 3763 steps, loss sum: 2043.9838, final loss: 0.00096512, weight distance: 0.1218 (universal rank: 38208)
2025-09-17 13:02:07,540 - INFO - 
=== Training Example 23/1500: /home/projects/bagon/shared/imagenet512/val/n02094433/ILSVRC2012_val_00020628.JPEG ===
2025-09-17 13:10:18,988 - INFO - Example /home/projects/bagon/shared/imagenet512/val/n02094433/ILSVRC2012_val_00020628.JPEG reached epsilon at step 4648, loss sum: 1793.7512, final loss: 0.00099182, weight distance: 0.1410
2025-09-17 13:10:18,994 - INFO - Example 23 completed: 4648 steps, loss sum: 1793.7512, final loss: 0.00099182, weight distance: 0.1410 (universal rank: 38244)
2025-09-17 13:10:18,994 - INFO - 
=== Training Example 24/1500: /home/projects/bagon/shared/imagenet512/val/n04485082/ILSVRC2012_val_00039663.JPEG ===
2025-09-17 13:14:38,231 - INFO - Example /home/projects/bagon/shared/imagenet512/val/n04485082/ILSVRC2012_val_00039663.JPEG reached epsilon at step 2448, loss sum: 606.6766, final loss: 0.00099945, weight distance: 0.0625
2025-09-17 13:14:38,237 - INFO - Example 24 completed: 2448 steps, loss sum: 606.6766, final loss: 0.00099945, weight distance: 0.0625 (universal rank: 38311)
2025-09-17 13:14:38,237 - INFO - 
=== Training Example 25/1500: /home/projects/bagon/shared/imagenet512/val/n02799071/ILSVRC2012_val_00037169.JPEG ===
2025-09-17 13:17:22,714 - INFO - Example /home/projects/bagon/shared/imagenet512/val/n02799071/ILSVRC2012_val_00037169.JPEG reached epsilon at step 1549, loss sum: 526.7474, final loss: 0.00098419, weight distance: 0.0838
2025-09-17 13:17:22,720 - INFO - Example 25 completed: 1549 steps, loss sum: 526.7474, final loss: 0.00098419, weight distance: 0.0838 (universal rank: 38314)
2025-09-17 13:17:22,720 - INFO - 
=== Training Example 26/1500: /home/projects/bagon/shared/imagenet512/val/n02909870/ILSVRC2012_val_00029235.JPEG ===
2025-09-17 13:22:44,537 - INFO - Example /home/projects/bagon/shared/imagenet512/val/n02909870/ILSVRC2012_val_00029235.JPEG reached epsilon at step 3032, loss sum: 1928.3551, final loss: 0.00097275, weight distance: 0.1032
2025-09-17 13:22:44,543 - INFO - Example 26 completed: 3032 steps, loss sum: 1928.3551, final loss: 0.00097275, weight distance: 0.1032 (universal rank: 38327)
2025-09-17 13:22:44,543 - INFO - 
=== Training Example 27/1500: /home/projects/bagon/shared/imagenet512/val/n02100583/ILSVRC2012_val_00029753.JPEG ===
2025-09-17 13:30:48,048 - INFO - Example /home/projects/bagon/shared/imagenet512/val/n02100583/ILSVRC2012_val_00029753.JPEG reached epsilon at step 4600, loss sum: 570.4632, final loss: 0.00099945, weight distance: 0.1217
2025-09-17 13:30:48,054 - INFO - Example 27 completed: 4600 steps, loss sum: 570.4632, final loss: 0.00099945, weight distance: 0.1217 (universal rank: 38407)
2025-09-17 13:30:48,054 - INFO - 
=== Training Example 28/1500: /home/projects/bagon/shared/imagenet512/val/n02091635/ILSVRC2012_val_00018526.JPEG ===
2025-09-17 13:35:52,653 - INFO - Example /home/projects/bagon/shared/imagenet512/val/n02091635/ILSVRC2012_val_00018526.JPEG reached epsilon at step 2875, loss sum: 210.5504, final loss: 0.00094986, weight distance: 0.0832
2025-09-17 13:35:52,660 - INFO - Example 28 completed: 2875 steps, loss sum: 210.5504, final loss: 0.00094986, weight distance: 0.0832 (universal rank: 38417)
2025-09-17 13:35:52,660 - INFO - 
=== Training Example 29/1500: /home/projects/bagon/shared/imagenet512/val/n03017168/ILSVRC2012_val_00001601.JPEG ===
2025-09-17 13:38:17,400 - INFO - Example /home/projects/bagon/shared/imagenet512/val/n03017168/ILSVRC2012_val_00001601.JPEG reached epsilon at step 1367, loss sum: 455.9184, final loss: 0.00098419, weight distance: 0.0576
2025-09-17 13:38:17,405 - INFO - Example 29 completed: 1367 steps, loss sum: 455.9184, final loss: 0.00098419, weight distance: 0.0576 (universal rank: 38487)
2025-09-17 13:38:17,405 - INFO - 
=== Training Example 30/1500: /home/projects/bagon/shared/imagenet512/val/n01632777/ILSVRC2012_val_00045553.JPEG ===
2025-09-17 13:42:44,111 - INFO - Example /home/projects/bagon/shared/imagenet512/val/n01632777/ILSVRC2012_val_00045553.JPEG reached epsilon at step 2521, loss sum: 3726.4249, final loss: 0.00098419, weight distance: 0.0837
2025-09-17 13:42:44,118 - INFO - Example 30 completed: 2521 steps, loss sum: 3726.4249, final loss: 0.00098419, weight distance: 0.0837 (universal rank: 38550)
2025-09-17 13:42:44,118 - INFO - 
=== Training Example 31/1500: /home/projects/bagon/shared/imagenet512/val/n15075141/ILSVRC2012_val_00021031.JPEG ===
2025-09-17 13:51:20,285 - INFO - Example /home/projects/bagon/shared/imagenet512/val/n15075141/ILSVRC2012_val_00021031.JPEG reached epsilon at step 4888, loss sum: 1343.7576, final loss: 0.00099945, weight distance: 0.1170
2025-09-17 13:51:20,291 - INFO - Example 31 completed: 4888 steps, loss sum: 1343.7576, final loss: 0.00099945, weight distance: 0.1170 (universal rank: 38567)
2025-09-17 13:51:20,291 - INFO - 
=== Training Example 32/1500: /home/projects/bagon/shared/imagenet512/val/n03544143/ILSVRC2012_val_00036746.JPEG ===
2025-09-17 13:54:02,721 - INFO - Example /home/projects/bagon/shared/imagenet512/val/n03544143/ILSVRC2012_val_00036746.JPEG reached epsilon at step 1541, loss sum: 599.0937, final loss: 0.00099945, weight distance: 0.0560
2025-09-17 13:54:02,726 - INFO - Example 32 completed: 1541 steps, loss sum: 599.0937, final loss: 0.00099945, weight distance: 0.0560 (universal rank: 38628)
2025-09-17 13:54:02,726 - INFO - 
=== Training Example 33/1500: /home/projects/bagon/shared/imagenet512/val/n03532672/ILSVRC2012_val_00005540.JPEG ===
2025-09-17 13:59:40,534 - INFO - Example /home/projects/bagon/shared/imagenet512/val/n03532672/ILSVRC2012_val_00005540.JPEG reached epsilon at step 3168, loss sum: 869.2456, final loss: 0.00099945, weight distance: 0.0948
2025-09-17 13:59:40,540 - INFO - Example 33 completed: 3168 steps, loss sum: 869.2456, final loss: 0.00099945, weight distance: 0.0948 (universal rank: 38772)
2025-09-17 13:59:40,540 - INFO - 
=== Training Example 34/1500: /home/projects/bagon/shared/imagenet512/val/n07831146/ILSVRC2012_val_00006096.JPEG ===
2025-09-17 14:05:01,460 - INFO - Example /home/projects/bagon/shared/imagenet512/val/n07831146/ILSVRC2012_val_00006096.JPEG reached epsilon at step 3012, loss sum: 471.5872, final loss: 0.00099182, weight distance: 0.1100
2025-09-17 14:05:01,465 - INFO - Example 34 completed: 3012 steps, loss sum: 471.5872, final loss: 0.00099182, weight distance: 0.1100 (universal rank: 38783)
2025-09-17 14:05:01,465 - INFO - 
=== Training Example 35/1500: /home/projects/bagon/shared/imagenet512/val/n02749479/ILSVRC2012_val_00028527.JPEG ===
2025-09-17 14:11:11,509 - INFO - Example /home/projects/bagon/shared/imagenet512/val/n02749479/ILSVRC2012_val_00028527.JPEG reached epsilon at step 3492, loss sum: 650.4968, final loss: 0.00098419, weight distance: 0.1060
2025-09-17 14:11:11,515 - INFO - Example 35 completed: 3492 steps, loss sum: 650.4968, final loss: 0.00098419, weight distance: 0.1060 (universal rank: 38785)
2025-09-17 14:11:11,515 - INFO - 
=== Training Example 36/1500: /home/projects/bagon/shared/imagenet512/val/n02999410/ILSVRC2012_val_00008475.JPEG ===
2025-09-17 14:17:06,428 - INFO - Example /home/projects/bagon/shared/imagenet512/val/n02999410/ILSVRC2012_val_00008475.JPEG reached epsilon at step 3358, loss sum: 980.5697, final loss: 0.00099182, weight distance: 0.1046
2025-09-17 14:17:06,434 - INFO - Example 36 completed: 3358 steps, loss sum: 980.5697, final loss: 0.00099182, weight distance: 0.1046 (universal rank: 38937)
2025-09-17 14:17:06,434 - INFO - 
=== Training Example 37/1500: /home/projects/bagon/shared/imagenet512/val/n03461385/ILSVRC2012_val_00011072.JPEG ===
2025-09-17 14:23:49,900 - INFO - Example /home/projects/bagon/shared/imagenet512/val/n03461385/ILSVRC2012_val_00011072.JPEG reached epsilon at step 3806, loss sum: 596.2160, final loss: 0.00094604, weight distance: 0.1152
2025-09-17 14:23:49,905 - INFO - Example 37 completed: 3806 steps, loss sum: 596.2160, final loss: 0.00094604, weight distance: 0.1152 (universal rank: 38956)
2025-09-17 14:23:49,905 - INFO - 
=== Training Example 38/1500: /home/projects/bagon/shared/imagenet512/val/n03785016/ILSVRC2012_val_00032649.JPEG ===
2025-09-17 14:33:17,570 - INFO - Example /home/projects/bagon/shared/imagenet512/val/n03785016/ILSVRC2012_val_00032649.JPEG reached epsilon at step 5378, loss sum: 312.3878, final loss: 0.00097275, weight distance: 0.1507
2025-09-17 14:33:17,576 - INFO - Example 38 completed: 5378 steps, loss sum: 312.3878, final loss: 0.00097275, weight distance: 0.1507 (universal rank: 39037)
2025-09-17 14:33:17,576 - INFO - 
=== Training Example 39/1500: /home/projects/bagon/shared/imagenet512/val/n03868863/ILSVRC2012_val_00005396.JPEG ===
2025-09-17 14:37:54,825 - INFO - Example /home/projects/bagon/shared/imagenet512/val/n03868863/ILSVRC2012_val_00005396.JPEG reached epsilon at step 2624, loss sum: 306.7149, final loss: 0.00098419, weight distance: 0.0759
2025-09-17 14:37:54,831 - INFO - Example 39 completed: 2624 steps, loss sum: 306.7149, final loss: 0.00098419, weight distance: 0.0759 (universal rank: 39069)
2025-09-17 14:37:54,831 - INFO - 
=== Training Example 40/1500: /home/projects/bagon/shared/imagenet512/val/n04136333/ILSVRC2012_val_00022316.JPEG ===
2025-09-17 14:42:16,027 - INFO - Example /home/projects/bagon/shared/imagenet512/val/n04136333/ILSVRC2012_val_00022316.JPEG reached epsilon at step 2472, loss sum: 789.7341, final loss: 0.00099182, weight distance: 0.0905
2025-09-17 14:42:16,032 - INFO - Example 40 completed: 2472 steps, loss sum: 789.7341, final loss: 0.00099182, weight distance: 0.0905 (universal rank: 39079)
2025-09-17 14:42:16,032 - INFO - 
=== Training Example 41/1500: /home/projects/bagon/shared/imagenet512/val/n03935335/ILSVRC2012_val_00005285.JPEG ===
2025-09-17 14:48:00,846 - INFO - Example /home/projects/bagon/shared/imagenet512/val/n03935335/ILSVRC2012_val_00005285.JPEG reached epsilon at step 3264, loss sum: 949.6857, final loss: 0.00099945, weight distance: 0.1017
2025-09-17 14:48:00,851 - INFO - Example 41 completed: 3264 steps, loss sum: 949.6857, final loss: 0.00099945, weight distance: 0.1017 (universal rank: 39091)
2025-09-17 14:48:00,851 - INFO - 
=== Training Example 42/1500: /home/projects/bagon/shared/imagenet512/val/n03459775/ILSVRC2012_val_00041036.JPEG ===
2025-09-17 14:51:41,066 - INFO - Example /home/projects/bagon/shared/imagenet512/val/n03459775/ILSVRC2012_val_00041036.JPEG reached epsilon at step 2088, loss sum: 886.4239, final loss: 0.00099945, weight distance: 0.0843
2025-09-17 14:51:41,071 - INFO - Example 42 completed: 2088 steps, loss sum: 886.4239, final loss: 0.00099945, weight distance: 0.0843 (universal rank: 39107)
2025-09-17 14:51:41,071 - INFO - 
=== Training Example 43/1500: /home/projects/bagon/shared/imagenet512/val/n04325704/ILSVRC2012_val_00038229.JPEG ===
2025-09-17 14:58:13,589 - INFO - Example /home/projects/bagon/shared/imagenet512/val/n04325704/ILSVRC2012_val_00038229.JPEG reached epsilon at step 3721, loss sum: 552.9971, final loss: 0.00099945, weight distance: 0.1160
2025-09-17 14:58:13,596 - INFO - Example 43 completed: 3721 steps, loss sum: 552.9971, final loss: 0.00099945, weight distance: 0.1160 (universal rank: 39127)
2025-09-17 14:58:13,596 - INFO - 
=== Training Example 44/1500: /home/projects/bagon/shared/imagenet512/val/n03355925/ILSVRC2012_val_00034211.JPEG ===
2025-09-17 15:04:22,780 - INFO - Example /home/projects/bagon/shared/imagenet512/val/n03355925/ILSVRC2012_val_00034211.JPEG reached epsilon at step 3500, loss sum: 1778.6729, final loss: 0.00099182, weight distance: 0.0974
2025-09-17 15:04:22,786 - INFO - Example 44 completed: 3500 steps, loss sum: 1778.6729, final loss: 0.00099182, weight distance: 0.0974 (universal rank: 39186)
2025-09-17 15:04:22,786 - INFO - 
=== Training Example 45/1500: /home/projects/bagon/shared/imagenet512/val/n07613480/ILSVRC2012_val_00035917.JPEG ===
2025-09-17 15:09:49,728 - INFO - Example /home/projects/bagon/shared/imagenet512/val/n07613480/ILSVRC2012_val_00035917.JPEG reached epsilon at step 3095, loss sum: 405.4479, final loss: 0.00099182, weight distance: 0.0832
2025-09-17 15:09:49,734 - INFO - Example 45 completed: 3095 steps, loss sum: 405.4479, final loss: 0.00099182, weight distance: 0.0832 (universal rank: 39187)
2025-09-17 15:09:49,734 - INFO - 
=== Training Example 46/1500: /home/projects/bagon/shared/imagenet512/val/n04507155/ILSVRC2012_val_00014596.JPEG ===
2025-09-17 15:14:18,542 - INFO - Example /home/projects/bagon/shared/imagenet512/val/n04507155/ILSVRC2012_val_00014596.JPEG reached epsilon at step 2548, loss sum: 1617.3358, final loss: 0.00099945, weight distance: 0.1020
2025-09-17 15:14:18,547 - INFO - Example 46 completed: 2548 steps, loss sum: 1617.3358, final loss: 0.00099945, weight distance: 0.1020 (universal rank: 39245)
2025-09-17 15:14:18,547 - INFO - 
=== Training Example 47/1500: /home/projects/bagon/shared/imagenet512/val/n09399592/ILSVRC2012_val_00040543.JPEG ===
