2025-09-24 10:40:29,112 - INFO - Parsed arguments:
2025-09-24 10:40:29,112 - INFO -   amp_dtype = None
2025-09-24 10:40:29,112 - INFO -   bars_npy = /home/projects/bagon/andreyg/Projects/BMM_school/Universal_learning/Programming/bars/geq6wrong_21017_geq6correct_1525_imagenet.npy
2025-09-24 10:40:29,112 - INFO -   cka_layer_fraction = 0.05
2025-09-24 10:40:29,112 - INFO -   current_worker = 0
2025-09-24 10:40:29,112 - INFO -   deterministic = True
2025-09-24 10:40:29,113 - INFO -   device = cuda
2025-09-24 10:40:29,113 - INFO -   epsilon = 0.001
2025-09-24 10:40:29,113 - INFO -   examples_csv = /home/projects/bagon/andreyg/Projects/BMM_school/Universal_learning/Programming/bars/geq6wrong_21017_geq6correct_1525_imagenet_examples_ammended.csv
2025-09-24 10:40:29,113 - INFO -   explicit_examples_for_training = None
2025-09-24 10:40:29,113 - INFO -   grad_clip_norm = 1.0
2025-09-24 10:40:29,113 - INFO -   hierarchy_json = /home/projects/bagon/andreyg/Projects/BMM_school/Universal_learning/Programming/bars/imagenet_synset_hierarchy.json
2025-09-24 10:40:29,113 - INFO -   imagenet_models_csv = /home/projects/bagon/andreyg/Projects/BMM_school/Universal_learning/Programming/bars/imagenet_models.csv
2025-09-24 10:40:29,113 - INFO -   lr = 0.0001
2025-09-24 10:40:29,113 - INFO -   max_examples = 50000
2025-09-24 10:40:29,113 - INFO -   max_steps_per_example = 10000
2025-09-24 10:40:29,113 - INFO -   model_csv_name = vgg_13_224_tv_imagenet_1k
2025-09-24 10:40:29,113 - INFO -   model_name = vgg13.tv_in1k
2025-09-24 10:40:29,113 - INFO -   no_amp = False
2025-09-24 10:40:29,113 - INFO -   num_workers = 8
2025-09-24 10:40:29,113 - INFO -   output_dir = /home/projects/bagon/andreyg/Projects/BMM_school/Universal_learning/Programming/training_gradient_evaluator_single_loss_parallel/output_parallel_8_workers_trial_3
2025-09-24 10:40:29,113 - INFO -   root_dir = None
2025-09-24 10:40:29,113 - INFO -   seed = 1337
2025-09-24 10:40:29,113 - INFO -   time_limit_seconds = 6300
2025-09-24 10:40:29,113 - INFO -   weight_decay = 0.0
2025-09-24 10:40:29,113 - INFO -   zero_aug_train = False
2025-09-24 10:40:32,941 - INFO - Loaded TIMM pretrained weights for vgg13.tv_in1k
2025-09-24 10:40:32,941 - INFO - pretrained_cfg.url= hf_hub_id=timm/vgg13.tv_in1k
2025-09-24 10:40:33,439 - INFO - Training configuration:
2025-09-24 10:40:33,439 - INFO -   lr = 0.0001
2025-09-24 10:40:33,439 - INFO -   weight_decay = 0.0
2025-09-24 10:40:33,439 - INFO -   max_steps = 10000
2025-09-24 10:40:33,439 - INFO -   epsilon = 0.001
2025-09-24 10:40:33,439 - INFO -   device = cuda
2025-09-24 10:40:33,439 - INFO -   use_amp = True
2025-09-24 10:40:33,439 - INFO -   amp_dtype = None
2025-09-24 10:40:33,439 - INFO -   gradient_clip_norm = 1.0
