2025-09-22 07:34:18,489 - INFO - Parsed arguments:
2025-09-22 07:34:18,489 - INFO -   amp_dtype = None
2025-09-22 07:34:18,489 - INFO -   bars_npy = bars/geq6wrong_21017_geq6correct_1525_imagenet.npy
2025-09-22 07:34:18,489 - INFO -   cka_layer_fraction = 0.0
2025-09-22 07:34:18,489 - INFO -   deterministic = True
2025-09-22 07:34:18,489 - INFO -   device = cuda
2025-09-22 07:34:18,489 - INFO -   epsilon = 0.001
2025-09-22 07:34:18,489 - INFO -   examples_csv = bars/geq6wrong_21017_geq6correct_1525_imagenet_examples_ammended.csv
2025-09-22 07:34:18,489 - INFO -   explicit_examples_for_training = None
2025-09-22 07:34:18,489 - INFO -   grad_clip_norm = 1.0
2025-09-22 07:34:18,489 - INFO -   hierarchy_json = bars/imagenet_synset_hierarchy.json
2025-09-22 07:34:18,489 - INFO -   imagenet_models_csv = bars/imagenet_models.csv
2025-09-22 07:34:18,489 - INFO -   lr = 0.0001
2025-09-22 07:34:18,489 - INFO -   max_examples = 1
2025-09-22 07:34:18,489 - INFO -   max_steps_per_example = 10000
2025-09-22 07:34:18,489 - INFO -   model_csv_name = mobilenetv3_small_100_224_lamb_imagenet_1k
2025-09-22 07:34:18,489 - INFO -   model_name = mobilenetv3_small_100.lamb_in1k
2025-09-22 07:34:18,489 - INFO -   no_amp = False
2025-09-22 07:34:18,489 - INFO -   output_dir = training_gradient_evaluator_single_loss/outputs_assess_training_time
2025-09-22 07:34:18,489 - INFO -   root_dir = None
2025-09-22 07:34:18,489 - INFO -   seed = 1337
2025-09-22 07:34:18,489 - INFO -   weight_decay = 0
2025-09-22 07:34:18,489 - INFO -   zero_aug_train = True
2025-09-22 07:34:18,499 - INFO - Loaded 50000 examples in difficulty order
2025-09-22 07:34:19,170 - INFO - Loaded TIMM pretrained weights for mobilenetv3_small_100.lamb_in1k
2025-09-22 07:34:19,170 - INFO - pretrained_cfg.url=https://github.com/rwightman/pytorch-image-models/releases/download/v0.1-weights/mobilenetv3_small_100_lamb-266a294c.pth hf_hub_id=timm/mobilenetv3_small_100.lamb_in1k
2025-09-22 07:34:19,458 - INFO - Stored original model weights for reset
2025-09-22 07:34:19,464 - INFO - Training configuration:
2025-09-22 07:34:19,465 - INFO -   lr = 0.0001
2025-09-22 07:34:19,465 - INFO -   weight_decay = 0
2025-09-22 07:34:19,465 - INFO -   max_steps = 10000
2025-09-22 07:34:19,465 - INFO -   epsilon = 0.001
2025-09-22 07:34:19,465 - INFO -   device = cuda
2025-09-22 07:34:19,465 - INFO -   use_amp = True
2025-09-22 07:34:19,465 - INFO -   amp_dtype = bfloat16
2025-09-22 07:34:19,465 - INFO -   gradient_clip_norm = 1.0
2025-09-22 07:34:19,491 - INFO - Resolved model_csv_name='mobilenetv3_small_100_224_lamb_imagenet_1k' to mask_row_index=1007
2025-09-22 07:34:21,680 - INFO - Selected 1 wrong examples for training (sorted by difficulty)
2025-09-22 07:34:21,683 - INFO - Training examples (rank indices, 0-based): 21022
2025-09-22 07:34:21,695 - INFO - CKA disabled: cka_layer_fraction == 0. Skipping all CKA computations.
2025-09-22 07:34:21,696 - INFO - 
=== Training Example 1/1: /home/projects/bagon/shared/imagenet512/val/n02127052/ILSVRC2012_val_00036933.JPEG ===
2025-09-22 07:34:26,029 - INFO - Example /home/projects/bagon/shared/imagenet512/val/n02127052/ILSVRC2012_val_00036933.JPEG reached epsilon at step 118, loss sum: 12.2034, final loss: 0.00093079, weight distance: 0.0081
2025-09-22 07:34:26,034 - INFO - Example 1 completed: 118 steps, loss sum: 12.2034, final loss: 0.00093079, weight distance: 0.0081 (universal rank: 21023)
2025-09-22 07:34:26,034 - INFO - Creating final plots...
2025-09-22 07:34:26,039 - INFO - Training complete. Summary saved to training_gradient_evaluator_single_loss/outputs_assess_training_time/mobilenetv3_small_100.lamb_in1k/training_summary.json
2025-09-22 07:34:26,039 - INFO - Results CSV: training_gradient_evaluator_single_loss/outputs_assess_training_time/mobilenetv3_small_100.lamb_in1k/single_example_results.csv
