2025-09-23 01:23:49,027 - INFO - Parsed arguments:
2025-09-23 01:23:49,027 - INFO -   amp_dtype = None
2025-09-23 01:23:49,027 - INFO -   bars_npy = /home/projects/bagon/andreyg/Projects/BMM_school/Universal_learning/Programming/bars/geq6wrong_21017_geq6correct_1525_imagenet.npy
2025-09-23 01:23:49,027 - INFO -   cka_layer_fraction = 0.05
2025-09-23 01:23:49,027 - INFO -   current_worker = 2
2025-09-23 01:23:49,027 - INFO -   deterministic = True
2025-09-23 01:23:49,027 - INFO -   device = cuda
2025-09-23 01:23:49,027 - INFO -   epsilon = 0.001
2025-09-23 01:23:49,027 - INFO -   examples_csv = /home/projects/bagon/andreyg/Projects/BMM_school/Universal_learning/Programming/bars/geq6wrong_21017_geq6correct_1525_imagenet_examples_ammended.csv
2025-09-23 01:23:49,027 - INFO -   explicit_examples_for_training = None
2025-09-23 01:23:49,027 - INFO -   grad_clip_norm = 1.0
2025-09-23 01:23:49,027 - INFO -   hierarchy_json = /home/projects/bagon/andreyg/Projects/BMM_school/Universal_learning/Programming/bars/imagenet_synset_hierarchy.json
2025-09-23 01:23:49,027 - INFO -   imagenet_models_csv = /home/projects/bagon/andreyg/Projects/BMM_school/Universal_learning/Programming/bars/imagenet_models.csv
2025-09-23 01:23:49,027 - INFO -   lr = 0.0001
2025-09-23 01:23:49,027 - INFO -   max_examples = 50000
2025-09-23 01:23:49,027 - INFO -   max_steps_per_example = 10000
2025-09-23 01:23:49,027 - INFO -   model_csv_name = vgg_13_224_tv_imagenet_1k
2025-09-23 01:23:49,027 - INFO -   model_name = vgg13.tv_in1k
2025-09-23 01:23:49,027 - INFO -   no_amp = False
2025-09-23 01:23:49,027 - INFO -   num_workers = 8
2025-09-23 01:23:49,027 - INFO -   output_dir = /home/projects/bagon/andreyg/Projects/BMM_school/Universal_learning/Programming/training_gradient_evaluator_single_loss_parallel/output_parallel_8_workers_trial_2
2025-09-23 01:23:49,027 - INFO -   root_dir = None
2025-09-23 01:23:49,028 - INFO -   seed = 1337
2025-09-23 01:23:49,028 - INFO -   time_limit_seconds = 6300
2025-09-23 01:23:49,028 - INFO -   weight_decay = 0.0
2025-09-23 01:23:49,028 - INFO -   zero_aug_train = False
2025-09-23 01:23:51,480 - INFO - Loaded TIMM pretrained weights for vgg13.tv_in1k
2025-09-23 01:23:51,480 - INFO - pretrained_cfg.url= hf_hub_id=timm/vgg13.tv_in1k
2025-09-23 01:23:51,983 - INFO - Training configuration:
2025-09-23 01:23:51,983 - INFO -   lr = 0.0001
2025-09-23 01:23:51,983 - INFO -   weight_decay = 0.0
2025-09-23 01:23:51,983 - INFO -   max_steps = 10000
2025-09-23 01:23:51,983 - INFO -   epsilon = 0.001
2025-09-23 01:23:51,983 - INFO -   device = cuda
2025-09-23 01:23:51,983 - INFO -   use_amp = True
2025-09-23 01:23:51,983 - INFO -   amp_dtype = None
2025-09-23 01:23:51,983 - INFO -   gradient_clip_norm = 1.0
2025-09-23 01:24:27,465 - INFO - Example /home/projects/bagon/shared/imagenet512/val/n01749939/ILSVRC2012_val_00045594.JPEG reached epsilon at step 1074, loss sum: 134.9639, final loss: 0.00098991, weight distance: 0.0627
2025-09-23 01:24:45,365 - INFO - Example /home/projects/bagon/shared/imagenet512/val/n01914609/ILSVRC2012_val_00016775.JPEG reached epsilon at step 563, loss sum: 25.0424, final loss: 0.00098896, weight distance: 0.0389
2025-09-23 01:25:07,890 - INFO - Example /home/projects/bagon/shared/imagenet512/val/n02102177/ILSVRC2012_val_00017830.JPEG reached epsilon at step 739, loss sum: 113.0154, final loss: 0.00099945, weight distance: 0.0506
2025-09-23 01:25:37,164 - INFO - Example /home/projects/bagon/shared/imagenet512/val/n02504458/ILSVRC2012_val_00023463.JPEG reached epsilon at step 956, loss sum: 52.3769, final loss: 0.00099659, weight distance: 0.0541
2025-09-23 01:25:52,695 - INFO - Example /home/projects/bagon/shared/imagenet512/val/n02422106/ILSVRC2012_val_00039423.JPEG reached epsilon at step 509, loss sum: 25.7073, final loss: 0.00099468, weight distance: 0.0349
2025-09-23 01:26:03,874 - INFO - Example /home/projects/bagon/shared/imagenet512/val/n10565667/ILSVRC2012_val_00028903.JPEG reached epsilon at step 346, loss sum: 2.2889, final loss: 0.00099754, weight distance: 0.0195
2025-09-23 01:26:23,085 - INFO - Example /home/projects/bagon/shared/imagenet512/val/n02089078/ILSVRC2012_val_00025318.JPEG reached epsilon at step 639, loss sum: 141.1991, final loss: 0.00099850, weight distance: 0.0458
2025-09-23 01:26:54,574 - INFO - Example /home/projects/bagon/shared/imagenet512/val/n03710637/ILSVRC2012_val_00043979.JPEG reached epsilon at step 1071, loss sum: 89.1973, final loss: 0.00099659, weight distance: 0.0653
2025-09-23 01:27:25,138 - INFO - Example /home/projects/bagon/shared/imagenet512/val/n04311174/ILSVRC2012_val_00009099.JPEG reached epsilon at step 1039, loss sum: 408.1463, final loss: 0.00099277, weight distance: 0.0695
2025-09-23 01:27:44,775 - INFO - Example /home/projects/bagon/shared/imagenet512/val/n03902125/ILSVRC2012_val_00043548.JPEG reached epsilon at step 646, loss sum: 248.4917, final loss: 0.00099564, weight distance: 0.0503
2025-09-23 01:28:08,825 - INFO - Example /home/projects/bagon/shared/imagenet512/val/n01677366/ILSVRC2012_val_00017948.JPEG reached epsilon at step 812, loss sum: 314.0008, final loss: 0.00099182, weight distance: 0.0552
2025-09-23 01:28:39,890 - INFO - Example /home/projects/bagon/shared/imagenet512/val/n03916031/ILSVRC2012_val_00045360.JPEG reached epsilon at step 1053, loss sum: 354.5672, final loss: 0.00099659, weight distance: 0.0665
2025-09-23 01:29:17,444 - INFO - Example /home/projects/bagon/shared/imagenet512/val/n02870880/ILSVRC2012_val_00020182.JPEG reached epsilon at step 1283, loss sum: 1528.6356, final loss: 0.00099468, weight distance: 0.0910
2025-09-23 01:29:47,598 - INFO - Example /home/projects/bagon/shared/imagenet512/val/n03417042/ILSVRC2012_val_00046913.JPEG reached epsilon at step 1026, loss sum: 494.0756, final loss: 0.00099277, weight distance: 0.0684
2025-09-23 01:30:15,656 - INFO - Example /home/projects/bagon/shared/imagenet512/val/n02107312/ILSVRC2012_val_00004386.JPEG reached epsilon at step 952, loss sum: 356.4031, final loss: 0.00099564, weight distance: 0.0607
2025-09-23 01:30:42,037 - INFO - Example /home/projects/bagon/shared/imagenet512/val/n03476684/ILSVRC2012_val_00010991.JPEG reached epsilon at step 895, loss sum: 135.0074, final loss: 0.00099945, weight distance: 0.0570
2025-09-23 01:31:25,651 - INFO - Example /home/projects/bagon/shared/imagenet512/val/n02676566/ILSVRC2012_val_00013648.JPEG reached epsilon at step 1500, loss sum: 304.1066, final loss: 0.00099945, weight distance: 0.0864
2025-09-23 01:31:48,108 - INFO - Example /home/projects/bagon/shared/imagenet512/val/n02834397/ILSVRC2012_val_00001252.JPEG reached epsilon at step 752, loss sum: 52.4416, final loss: 0.00099659, weight distance: 0.0474
2025-09-23 01:32:15,281 - INFO - Example /home/projects/bagon/shared/imagenet512/val/n02089078/ILSVRC2012_val_00045878.JPEG reached epsilon at step 922, loss sum: 76.7247, final loss: 0.00099850, weight distance: 0.0556
2025-09-23 01:32:41,520 - INFO - Example /home/projects/bagon/shared/imagenet512/val/n03424325/ILSVRC2012_val_00009506.JPEG reached epsilon at step 890, loss sum: 569.1226, final loss: 0.00099564, weight distance: 0.0669
2025-09-23 01:33:07,806 - INFO - Example /home/projects/bagon/shared/imagenet512/val/n07590611/ILSVRC2012_val_00049154.JPEG reached epsilon at step 890, loss sum: 23.4549, final loss: 0.00099564, weight distance: 0.0473
2025-09-23 01:33:41,842 - INFO - Example /home/projects/bagon/shared/imagenet512/val/n04325704/ILSVRC2012_val_00027132.JPEG reached epsilon at step 1160, loss sum: 133.2736, final loss: 0.00099087, weight distance: 0.0665
2025-09-23 01:34:14,516 - INFO - Example /home/projects/bagon/shared/imagenet512/val/n02443484/ILSVRC2012_val_00001909.JPEG reached epsilon at step 1112, loss sum: 682.9889, final loss: 0.00099945, weight distance: 0.0682
2025-09-23 01:34:45,637 - INFO - Example /home/projects/bagon/shared/imagenet512/val/n04270147/ILSVRC2012_val_00018321.JPEG reached epsilon at step 1061, loss sum: 720.2028, final loss: 0.00099659, weight distance: 0.0771
2025-09-23 01:35:29,663 - INFO - Example /home/projects/bagon/shared/imagenet512/val/n03690938/ILSVRC2012_val_00031423.JPEG reached epsilon at step 1514, loss sum: 572.3631, final loss: 0.00098896, weight distance: 0.1003
2025-09-23 01:35:53,200 - INFO - Example /home/projects/bagon/shared/imagenet512/val/n02096294/ILSVRC2012_val_00045487.JPEG reached epsilon at step 793, loss sum: 92.0693, final loss: 0.00099850, weight distance: 0.0524
2025-09-23 01:36:24,460 - INFO - Example /home/projects/bagon/shared/imagenet512/val/n04461696/ILSVRC2012_val_00031256.JPEG reached epsilon at step 1066, loss sum: 693.0604, final loss: 0.00099373, weight distance: 0.0738
2025-09-23 01:37:03,637 - INFO - Example /home/projects/bagon/shared/imagenet512/val/n01770081/ILSVRC2012_val_00047984.JPEG reached epsilon at step 1343, loss sum: 2243.4017, final loss: 0.00099087, weight distance: 0.0906
2025-09-23 01:37:18,723 - INFO - Example /home/projects/bagon/shared/imagenet512/val/n02356798/ILSVRC2012_val_00028178.JPEG reached epsilon at step 494, loss sum: 37.3135, final loss: 0.00099564, weight distance: 0.0353
2025-09-23 01:37:46,396 - INFO - Example /home/projects/bagon/shared/imagenet512/val/n03483316/ILSVRC2012_val_00027635.JPEG reached epsilon at step 938, loss sum: 570.2777, final loss: 0.00099373, weight distance: 0.0674
2025-09-23 01:38:20,518 - INFO - Example /home/projects/bagon/shared/imagenet512/val/n04376876/ILSVRC2012_val_00008800.JPEG reached epsilon at step 1163, loss sum: 1146.0850, final loss: 0.00099468, weight distance: 0.0862
2025-09-23 01:38:48,651 - INFO - Example /home/projects/bagon/shared/imagenet512/val/n02025239/ILSVRC2012_val_00002658.JPEG reached epsilon at step 955, loss sum: 634.9091, final loss: 0.00099182, weight distance: 0.0654
2025-09-23 01:39:21,413 - INFO - Example /home/projects/bagon/shared/imagenet512/val/n03888605/ILSVRC2012_val_00027466.JPEG reached epsilon at step 1115, loss sum: 228.3369, final loss: 0.00099087, weight distance: 0.0582
2025-09-23 01:39:46,927 - INFO - Example /home/projects/bagon/shared/imagenet512/val/n07583066/ILSVRC2012_val_00001378.JPEG reached epsilon at step 861, loss sum: 561.4681, final loss: 0.00099564, weight distance: 0.0653
2025-09-23 01:40:13,472 - INFO - Example /home/projects/bagon/shared/imagenet512/val/n09229709/ILSVRC2012_val_00039336.JPEG reached epsilon at step 890, loss sum: 932.0659, final loss: 0.00099754, weight distance: 0.0717
2025-09-23 01:40:38,492 - INFO - Example /home/projects/bagon/shared/imagenet512/val/n02111277/ILSVRC2012_val_00019325.JPEG reached epsilon at step 842, loss sum: 103.8770, final loss: 0.00099754, weight distance: 0.0546
2025-09-23 01:41:13,922 - INFO - Example /home/projects/bagon/shared/imagenet512/val/n02708093/ILSVRC2012_val_00044752.JPEG reached epsilon at step 1209, loss sum: 96.4569, final loss: 0.00099564, weight distance: 0.0679
2025-09-23 01:41:36,539 - INFO - Example /home/projects/bagon/shared/imagenet512/val/n04590129/ILSVRC2012_val_00032011.JPEG reached epsilon at step 755, loss sum: 313.3350, final loss: 0.00099850, weight distance: 0.0532
2025-09-23 01:41:57,817 - INFO - Example /home/projects/bagon/shared/imagenet512/val/n04579432/ILSVRC2012_val_00027515.JPEG reached epsilon at step 714, loss sum: 49.8890, final loss: 0.00099182, weight distance: 0.0452
2025-09-23 01:42:29,060 - INFO - Example /home/projects/bagon/shared/imagenet512/val/n04579432/ILSVRC2012_val_00014760.JPEG reached epsilon at step 1062, loss sum: 342.8356, final loss: 0.00099850, weight distance: 0.0689
2025-09-23 01:42:50,325 - INFO - Example /home/projects/bagon/shared/imagenet512/val/n01608432/ILSVRC2012_val_00030292.JPEG reached epsilon at step 713, loss sum: 414.3385, final loss: 0.00099564, weight distance: 0.0517
2025-09-23 01:43:13,206 - INFO - Example /home/projects/bagon/shared/imagenet512/val/n07565083/ILSVRC2012_val_00018731.JPEG reached epsilon at step 772, loss sum: 115.9265, final loss: 0.00099373, weight distance: 0.0522
2025-09-23 01:43:40,453 - INFO - Example /home/projects/bagon/shared/imagenet512/val/n02782093/ILSVRC2012_val_00047490.JPEG reached epsilon at step 925, loss sum: 1183.9857, final loss: 0.00099659, weight distance: 0.0733
2025-09-23 01:44:06,277 - INFO - Example /home/projects/bagon/shared/imagenet512/val/n01734418/ILSVRC2012_val_00015623.JPEG reached epsilon at step 875, loss sum: 524.0470, final loss: 0.00099564, weight distance: 0.0639
2025-09-23 01:44:27,543 - INFO - Example /home/projects/bagon/shared/imagenet512/val/n03743016/ILSVRC2012_val_00018889.JPEG reached epsilon at step 713, loss sum: 299.0450, final loss: 0.00099182, weight distance: 0.0542
2025-09-23 01:45:12,654 - INFO - Example /home/projects/bagon/shared/imagenet512/val/n03832673/ILSVRC2012_val_00037479.JPEG reached epsilon at step 1554, loss sum: 163.9334, final loss: 0.00099945, weight distance: 0.0827
2025-09-23 01:45:40,245 - INFO - Example /home/projects/bagon/shared/imagenet512/val/n02776631/ILSVRC2012_val_00002621.JPEG reached epsilon at step 937, loss sum: 152.9213, final loss: 0.00099945, weight distance: 0.0609
2025-09-23 01:46:17,733 - INFO - Example /home/projects/bagon/shared/imagenet512/val/n03873416/ILSVRC2012_val_00003004.JPEG reached epsilon at step 1286, loss sum: 259.6112, final loss: 0.00099277, weight distance: 0.0768
2025-09-23 01:46:53,722 - INFO - Example /home/projects/bagon/shared/imagenet512/val/n07579787/ILSVRC2012_val_00010872.JPEG reached epsilon at step 1230, loss sum: 407.0866, final loss: 0.00098991, weight distance: 0.0804
2025-09-23 01:47:20,558 - INFO - Example /home/projects/bagon/shared/imagenet512/val/n02111277/ILSVRC2012_val_00015197.JPEG reached epsilon at step 910, loss sum: 87.9437, final loss: 0.00099754, weight distance: 0.0555
2025-09-23 01:47:45,674 - INFO - Example /home/projects/bagon/shared/imagenet512/val/n03482405/ILSVRC2012_val_00026371.JPEG reached epsilon at step 850, loss sum: 343.2603, final loss: 0.00099754, weight distance: 0.0575
2025-09-23 01:48:08,477 - INFO - Example /home/projects/bagon/shared/imagenet512/val/n03124043/ILSVRC2012_val_00037597.JPEG reached epsilon at step 765, loss sum: 154.8828, final loss: 0.00099087, weight distance: 0.0518
2025-09-23 01:48:39,551 - INFO - Example /home/projects/bagon/shared/imagenet512/val/n04037443/ILSVRC2012_val_00049037.JPEG reached epsilon at step 1058, loss sum: 477.2684, final loss: 0.00099850, weight distance: 0.0723
2025-09-23 01:48:55,055 - INFO - Example /home/projects/bagon/shared/imagenet512/val/n02704792/ILSVRC2012_val_00009681.JPEG reached epsilon at step 511, loss sum: 216.8424, final loss: 0.00099468, weight distance: 0.0413
2025-09-23 01:49:19,521 - INFO - Example /home/projects/bagon/shared/imagenet512/val/n03976657/ILSVRC2012_val_00044779.JPEG reached epsilon at step 826, loss sum: 750.1853, final loss: 0.00099564, weight distance: 0.0625
2025-09-23 01:49:36,775 - INFO - Example /home/projects/bagon/shared/imagenet512/val/n03874599/ILSVRC2012_val_00014197.JPEG reached epsilon at step 571, loss sum: 3.2729, final loss: 0.00099659, weight distance: 0.0263
2025-09-23 01:50:12,803 - INFO - Example /home/projects/bagon/shared/imagenet512/val/n02077923/ILSVRC2012_val_00007193.JPEG reached epsilon at step 1232, loss sum: 617.6271, final loss: 0.00099373, weight distance: 0.0831
2025-09-23 01:50:46,412 - INFO - Example /home/projects/bagon/shared/imagenet512/val/n03045698/ILSVRC2012_val_00008980.JPEG reached epsilon at step 1148, loss sum: 279.8616, final loss: 0.00099754, weight distance: 0.0697
2025-09-23 01:51:11,070 - INFO - Example /home/projects/bagon/shared/imagenet512/val/n01855672/ILSVRC2012_val_00016195.JPEG reached epsilon at step 833, loss sum: 179.4856, final loss: 0.00098896, weight distance: 0.0549
2025-09-23 01:51:45,090 - INFO - Example /home/projects/bagon/shared/imagenet512/val/n02814533/ILSVRC2012_val_00038392.JPEG reached epsilon at step 1162, loss sum: 351.4486, final loss: 0.00099373, weight distance: 0.0754
2025-09-23 01:52:13,974 - INFO - Example /home/projects/bagon/shared/imagenet512/val/n03534580/ILSVRC2012_val_00019960.JPEG reached epsilon at step 982, loss sum: 101.1393, final loss: 0.00099277, weight distance: 0.0581
2025-09-23 01:53:03,073 - INFO - Example /home/projects/bagon/shared/imagenet512/val/n01744401/ILSVRC2012_val_00032663.JPEG reached epsilon at step 1685, loss sum: 621.0841, final loss: 0.00099564, weight distance: 0.0981
2025-09-23 01:53:14,699 - INFO - Example /home/projects/bagon/shared/imagenet512/val/n02077923/ILSVRC2012_val_00022732.JPEG reached epsilon at step 374, loss sum: 6.6350, final loss: 0.00098991, weight distance: 0.0236
2025-09-23 01:53:39,250 - INFO - Example /home/projects/bagon/shared/imagenet512/val/n02077923/ILSVRC2012_val_00046767.JPEG reached epsilon at step 826, loss sum: 408.2982, final loss: 0.00098896, weight distance: 0.0607
2025-09-23 01:54:13,464 - INFO - Example /home/projects/bagon/shared/imagenet512/val/n03255030/ILSVRC2012_val_00032870.JPEG reached epsilon at step 1170, loss sum: 434.5829, final loss: 0.00098801, weight distance: 0.0702
2025-09-23 01:54:38,245 - INFO - Example /home/projects/bagon/shared/imagenet512/val/n02105412/ILSVRC2012_val_00001781.JPEG reached epsilon at step 826, loss sum: 234.1343, final loss: 0.00099564, weight distance: 0.0572
2025-09-23 01:55:18,211 - INFO - Example /home/projects/bagon/shared/imagenet512/val/n03690938/ILSVRC2012_val_00003829.JPEG reached epsilon at step 1369, loss sum: 520.7644, final loss: 0.00099754, weight distance: 0.0785
2025-09-23 01:55:48,772 - INFO - Example /home/projects/bagon/shared/imagenet512/val/n02992529/ILSVRC2012_val_00004117.JPEG reached epsilon at step 1041, loss sum: 697.3950, final loss: 0.00099754, weight distance: 0.0737
2025-09-23 01:56:06,727 - INFO - Example /home/projects/bagon/shared/imagenet512/val/n02098105/ILSVRC2012_val_00042628.JPEG reached epsilon at step 597, loss sum: 15.7578, final loss: 0.00099945, weight distance: 0.0349
2025-09-23 01:56:42,426 - INFO - Example /home/projects/bagon/shared/imagenet512/val/n03450230/ILSVRC2012_val_00026729.JPEG reached epsilon at step 1222, loss sum: 90.3923, final loss: 0.00099754, weight distance: 0.0646
2025-09-23 01:57:19,322 - INFO - Example /home/projects/bagon/shared/imagenet512/val/n02747177/ILSVRC2012_val_00030962.JPEG reached epsilon at step 1252, loss sum: 828.5194, final loss: 0.00099468, weight distance: 0.0839
2025-09-23 01:57:45,529 - INFO - Example /home/projects/bagon/shared/imagenet512/val/n04116512/ILSVRC2012_val_00021719.JPEG reached epsilon at step 888, loss sum: 266.3922, final loss: 0.00099373, weight distance: 0.0609
2025-09-23 01:58:05,453 - INFO - Example /home/projects/bagon/shared/imagenet512/val/n02114367/ILSVRC2012_val_00038239.JPEG reached epsilon at step 666, loss sum: 68.2441, final loss: 0.00098801, weight distance: 0.0438
2025-09-23 01:58:49,417 - INFO - Example /home/projects/bagon/shared/imagenet512/val/n04443257/ILSVRC2012_val_00035144.JPEG reached epsilon at step 1513, loss sum: 404.1589, final loss: 0.00099659, weight distance: 0.0920
2025-09-23 01:59:11,987 - INFO - Example /home/projects/bagon/shared/imagenet512/val/n03729826/ILSVRC2012_val_00049625.JPEG reached epsilon at step 758, loss sum: 149.7546, final loss: 0.00099468, weight distance: 0.0534
2025-09-23 01:59:44,640 - INFO - Example /home/projects/bagon/shared/imagenet512/val/n02948072/ILSVRC2012_val_00021250.JPEG reached epsilon at step 1115, loss sum: 548.4773, final loss: 0.00099468, weight distance: 0.0774
2025-09-23 02:00:04,640 - INFO - Example /home/projects/bagon/shared/imagenet512/val/n03598930/ILSVRC2012_val_00017750.JPEG reached epsilon at step 670, loss sum: 753.2738, final loss: 0.00098896, weight distance: 0.0553
2025-09-23 02:00:26,200 - INFO - Example /home/projects/bagon/shared/imagenet512/val/n02948072/ILSVRC2012_val_00046860.JPEG reached epsilon at step 723, loss sum: 119.3917, final loss: 0.00099945, weight distance: 0.0500
2025-09-23 02:00:39,204 - INFO - Example /home/projects/bagon/shared/imagenet512/val/n03467068/ILSVRC2012_val_00031264.JPEG reached epsilon at step 421, loss sum: 71.5515, final loss: 0.00099277, weight distance: 0.0337
2025-09-23 02:01:07,058 - INFO - Example /home/projects/bagon/shared/imagenet512/val/n02087046/ILSVRC2012_val_00017869.JPEG reached epsilon at step 945, loss sum: 287.8772, final loss: 0.00099277, weight distance: 0.0635
2025-09-23 02:01:31,993 - INFO - Example /home/projects/bagon/shared/imagenet512/val/n04033995/ILSVRC2012_val_00033874.JPEG reached epsilon at step 843, loss sum: 75.2956, final loss: 0.00099754, weight distance: 0.0528
2025-09-23 02:01:56,740 - INFO - Example /home/projects/bagon/shared/imagenet512/val/n02110627/ILSVRC2012_val_00014374.JPEG reached epsilon at step 826, loss sum: 230.7411, final loss: 0.00099468, weight distance: 0.0570
2025-09-23 02:02:08,791 - INFO - Example /home/projects/bagon/shared/imagenet512/val/n01443537/ILSVRC2012_val_00012880.JPEG reached epsilon at step 390, loss sum: 116.5834, final loss: 0.00098705, weight distance: 0.0322
2025-09-23 02:02:47,587 - INFO - Example /home/projects/bagon/shared/imagenet512/val/n04350905/ILSVRC2012_val_00046726.JPEG reached epsilon at step 1330, loss sum: 497.6162, final loss: 0.00098801, weight distance: 0.0818
2025-09-23 02:03:08,924 - INFO - Example /home/projects/bagon/shared/imagenet512/val/n04417672/ILSVRC2012_val_00027137.JPEG reached epsilon at step 716, loss sum: 251.8546, final loss: 0.00099754, weight distance: 0.0536
2025-09-23 02:03:44,192 - INFO - Example /home/projects/bagon/shared/imagenet512/val/n03871628/ILSVRC2012_val_00013285.JPEG reached epsilon at step 1204, loss sum: 566.9348, final loss: 0.00099182, weight distance: 0.0800
2025-09-23 02:04:10,064 - INFO - Example /home/projects/bagon/shared/imagenet512/val/n02536864/ILSVRC2012_val_00002721.JPEG reached epsilon at step 873, loss sum: 99.5101, final loss: 0.00099564, weight distance: 0.0561
2025-09-23 02:04:59,201 - INFO - Example /home/projects/bagon/shared/imagenet512/val/n04350905/ILSVRC2012_val_00007191.JPEG reached epsilon at step 1696, loss sum: 1721.4611, final loss: 0.00099373, weight distance: 0.1107
2025-09-23 02:05:39,007 - INFO - Example /home/projects/bagon/shared/imagenet512/val/n09428293/ILSVRC2012_val_00020833.JPEG reached epsilon at step 1367, loss sum: 304.3395, final loss: 0.00099468, weight distance: 0.0826
2025-09-23 02:06:04,700 - INFO - Example /home/projects/bagon/shared/imagenet512/val/n02871525/ILSVRC2012_val_00034868.JPEG reached epsilon at step 861, loss sum: 24.6663, final loss: 0.00099659, weight distance: 0.0485
2025-09-23 02:06:36,854 - INFO - Example /home/projects/bagon/shared/imagenet512/val/n02840245/ILSVRC2012_val_00022815.JPEG reached epsilon at step 1098, loss sum: 521.8687, final loss: 0.00099564, weight distance: 0.0738
2025-09-23 02:07:07,041 - INFO - Example /home/projects/bagon/shared/imagenet512/val/n03297495/ILSVRC2012_val_00018454.JPEG reached epsilon at step 1028, loss sum: 458.9180, final loss: 0.00099182, weight distance: 0.0726
2025-09-23 02:07:21,211 - INFO - Example /home/projects/bagon/shared/imagenet512/val/n01910747/ILSVRC2012_val_00048269.JPEG reached epsilon at step 464, loss sum: 56.6781, final loss: 0.00099087, weight distance: 0.0334
2025-09-23 02:07:48,667 - INFO - Example /home/projects/bagon/shared/imagenet512/val/n02883205/ILSVRC2012_val_00037178.JPEG reached epsilon at step 925, loss sum: 120.3289, final loss: 0.00099659, weight distance: 0.0589
2025-09-23 02:08:13,810 - INFO - Example /home/projects/bagon/shared/imagenet512/val/n02364673/ILSVRC2012_val_00045289.JPEG reached epsilon at step 851, loss sum: 525.5261, final loss: 0.00098896, weight distance: 0.0616
2025-09-23 02:08:48,022 - INFO - Example /home/projects/bagon/shared/imagenet512/val/n01737021/ILSVRC2012_val_00049609.JPEG reached epsilon at step 1168, loss sum: 1490.7431, final loss: 0.00099468, weight distance: 0.0802
2025-09-23 02:09:10,959 - INFO - Example /home/projects/bagon/shared/imagenet512/val/n03961711/ILSVRC2012_val_00029613.JPEG reached epsilon at step 773, loss sum: 267.9959, final loss: 0.00099087, weight distance: 0.0546
2025-09-23 02:09:36,243 - INFO - Example /home/projects/bagon/shared/imagenet512/val/n03938244/ILSVRC2012_val_00018279.JPEG reached epsilon at step 849, loss sum: 243.9161, final loss: 0.00098801, weight distance: 0.0562
2025-09-23 02:09:56,491 - INFO - Example /home/projects/bagon/shared/imagenet512/val/n03627232/ILSVRC2012_val_00006237.JPEG reached epsilon at step 678, loss sum: 387.6804, final loss: 0.00098896, weight distance: 0.0522
2025-09-23 02:10:13,794 - INFO - Example /home/projects/bagon/shared/imagenet512/val/n03706229/ILSVRC2012_val_00026671.JPEG reached epsilon at step 571, loss sum: 26.6968, final loss: 0.00098991, weight distance: 0.0373
2025-09-23 02:10:32,353 - INFO - Example /home/projects/bagon/shared/imagenet512/val/n02447366/ILSVRC2012_val_00009878.JPEG reached epsilon at step 591, loss sum: 73.4507, final loss: 0.00099468, weight distance: 0.0417
2025-09-23 02:11:14,456 - INFO - Example /home/projects/bagon/shared/imagenet512/val/n04479046/ILSVRC2012_val_00006196.JPEG reached epsilon at step 1446, loss sum: 1138.0769, final loss: 0.00099564, weight distance: 0.0968
2025-09-23 02:11:47,493 - INFO - Example /home/projects/bagon/shared/imagenet512/val/n06794110/ILSVRC2012_val_00033131.JPEG reached epsilon at step 1128, loss sum: 338.2119, final loss: 0.00099945, weight distance: 0.0674
2025-09-23 02:12:12,803 - INFO - Example /home/projects/bagon/shared/imagenet512/val/n07836838/ILSVRC2012_val_00043091.JPEG reached epsilon at step 857, loss sum: 174.5722, final loss: 0.00099182, weight distance: 0.0544
2025-09-23 02:12:51,285 - INFO - Example /home/projects/bagon/shared/imagenet512/val/n02134418/ILSVRC2012_val_00022111.JPEG reached epsilon at step 1316, loss sum: 597.4182, final loss: 0.00099850, weight distance: 0.0848
2025-09-23 02:13:17,423 - INFO - Example /home/projects/bagon/shared/imagenet512/val/n02488702/ILSVRC2012_val_00028585.JPEG reached epsilon at step 882, loss sum: 516.9873, final loss: 0.00099850, weight distance: 0.0606
2025-09-23 02:13:49,516 - INFO - Example /home/projects/bagon/shared/imagenet512/val/n04370456/ILSVRC2012_val_00003039.JPEG reached epsilon at step 1081, loss sum: 243.0993, final loss: 0.00099277, weight distance: 0.0634
2025-09-23 02:14:10,302 - INFO - Example /home/projects/bagon/shared/imagenet512/val/n07716358/ILSVRC2012_val_00007531.JPEG reached epsilon at step 695, loss sum: 131.4415, final loss: 0.00099945, weight distance: 0.0504
2025-09-23 02:14:34,290 - INFO - Example /home/projects/bagon/shared/imagenet512/val/n03065424/ILSVRC2012_val_00011118.JPEG reached epsilon at step 810, loss sum: 543.0788, final loss: 0.00099468, weight distance: 0.0610
2025-09-23 02:14:55,349 - INFO - Example /home/projects/bagon/shared/imagenet512/val/n02443484/ILSVRC2012_val_00034590.JPEG reached epsilon at step 707, loss sum: 12.6784, final loss: 0.00098896, weight distance: 0.0391
2025-09-23 02:15:26,816 - INFO - Example /home/projects/bagon/shared/imagenet512/val/n02895154/ILSVRC2012_val_00008884.JPEG reached epsilon at step 1073, loss sum: 58.5953, final loss: 0.00098991, weight distance: 0.0611
2025-09-23 02:16:08,744 - INFO - Example /home/projects/bagon/shared/imagenet512/val/n03876231/ILSVRC2012_val_00007792.JPEG reached epsilon at step 1434, loss sum: 1998.0569, final loss: 0.00099945, weight distance: 0.1025
2025-09-23 02:16:48,090 - INFO - Example /home/projects/bagon/shared/imagenet512/val/n04254120/ILSVRC2012_val_00039468.JPEG reached epsilon at step 1348, loss sum: 720.1631, final loss: 0.00099087, weight distance: 0.0857
2025-09-23 02:17:12,760 - INFO - Example /home/projects/bagon/shared/imagenet512/val/n03916031/ILSVRC2012_val_00042976.JPEG reached epsilon at step 828, loss sum: 267.9668, final loss: 0.00099564, weight distance: 0.0542
2025-09-23 02:17:29,963 - INFO - Example /home/projects/bagon/shared/imagenet512/val/n03891251/ILSVRC2012_val_00020083.JPEG reached epsilon at step 571, loss sum: 42.1203, final loss: 0.00099850, weight distance: 0.0389
2025-09-23 02:17:48,082 - INFO - Example /home/projects/bagon/shared/imagenet512/val/n04252225/ILSVRC2012_val_00001533.JPEG reached epsilon at step 603, loss sum: 47.1236, final loss: 0.00099468, weight distance: 0.0402
2025-09-23 02:18:13,131 - INFO - Example /home/projects/bagon/shared/imagenet512/val/n04049303/ILSVRC2012_val_00022159.JPEG reached epsilon at step 847, loss sum: 250.7565, final loss: 0.00099087, weight distance: 0.0575
2025-09-23 02:18:46,691 - INFO - Example /home/projects/bagon/shared/imagenet512/val/n04485082/ILSVRC2012_val_00049983.JPEG reached epsilon at step 1147, loss sum: 346.4335, final loss: 0.00099564, weight distance: 0.0717
2025-09-23 02:19:01,602 - INFO - Example /home/projects/bagon/shared/imagenet512/val/n03207941/ILSVRC2012_val_00018499.JPEG reached epsilon at step 491, loss sum: 134.8312, final loss: 0.00098991, weight distance: 0.0388
2025-09-23 02:19:16,335 - INFO - Example /home/projects/bagon/shared/imagenet512/val/n02484975/ILSVRC2012_val_00027443.JPEG reached epsilon at step 483, loss sum: 100.2149, final loss: 0.00098038, weight distance: 0.0377
2025-09-23 02:19:42,667 - INFO - Example /home/projects/bagon/shared/imagenet512/val/n01644373/ILSVRC2012_val_00007977.JPEG reached epsilon at step 892, loss sum: 410.3046, final loss: 0.00099754, weight distance: 0.0621
2025-09-23 02:20:05,655 - INFO - Example /home/projects/bagon/shared/imagenet512/val/n03532672/ILSVRC2012_val_00026203.JPEG reached epsilon at step 775, loss sum: 89.7708, final loss: 0.00099373, weight distance: 0.0513
2025-09-23 02:20:24,439 - INFO - Example /home/projects/bagon/shared/imagenet512/val/n03482405/ILSVRC2012_val_00033055.JPEG reached epsilon at step 627, loss sum: 251.8198, final loss: 0.00099182, weight distance: 0.0477
2025-09-23 02:20:53,890 - INFO - Example /home/projects/bagon/shared/imagenet512/val/n03109150/ILSVRC2012_val_00027721.JPEG reached epsilon at step 1002, loss sum: 389.3996, final loss: 0.00099850, weight distance: 0.0655
2025-09-23 02:21:20,505 - INFO - Example /home/projects/bagon/shared/imagenet512/val/n02091134/ILSVRC2012_val_00047492.JPEG reached epsilon at step 901, loss sum: 1148.7065, final loss: 0.00099754, weight distance: 0.0698
2025-09-23 02:21:49,670 - INFO - Example /home/projects/bagon/shared/imagenet512/val/n02137549/ILSVRC2012_val_00019975.JPEG reached epsilon at step 992, loss sum: 552.9203, final loss: 0.00099659, weight distance: 0.0653
2025-09-23 02:22:25,642 - INFO - Example /home/projects/bagon/shared/imagenet512/val/n15075141/ILSVRC2012_val_00038640.JPEG reached epsilon at step 1226, loss sum: 822.4926, final loss: 0.00099564, weight distance: 0.0790
2025-09-23 02:22:51,752 - INFO - Example /home/projects/bagon/shared/imagenet512/val/n02859443/ILSVRC2012_val_00035249.JPEG reached epsilon at step 877, loss sum: 71.5224, final loss: 0.00098991, weight distance: 0.0503
2025-09-23 02:23:09,641 - INFO - Example /home/projects/bagon/shared/imagenet512/val/n07873807/ILSVRC2012_val_00049169.JPEG reached epsilon at step 596, loss sum: 112.0755, final loss: 0.00099754, weight distance: 0.0431
2025-09-23 02:23:27,863 - INFO - Example /home/projects/bagon/shared/imagenet512/val/n02092002/ILSVRC2012_val_00027622.JPEG reached epsilon at step 608, loss sum: 33.1081, final loss: 0.00099087, weight distance: 0.0395
2025-09-23 02:23:59,392 - INFO - Example /home/projects/bagon/shared/imagenet512/val/n01770081/ILSVRC2012_val_00047164.JPEG reached epsilon at step 1076, loss sum: 874.5143, final loss: 0.00099945, weight distance: 0.0768
2025-09-23 02:24:33,838 - INFO - Example /home/projects/bagon/shared/imagenet512/val/n04435653/ILSVRC2012_val_00000030.JPEG reached epsilon at step 1178, loss sum: 1400.8808, final loss: 0.00099945, weight distance: 0.0878
2025-09-23 02:25:09,696 - INFO - Example /home/projects/bagon/shared/imagenet512/val/n03690938/ILSVRC2012_val_00046286.JPEG reached epsilon at step 1229, loss sum: 224.7282, final loss: 0.00098801, weight distance: 0.0775
2025-09-23 02:25:33,879 - INFO - Example /home/projects/bagon/shared/imagenet512/val/n02389026/ILSVRC2012_val_00045409.JPEG reached epsilon at step 817, loss sum: 746.2710, final loss: 0.00099564, weight distance: 0.0623
2025-09-23 02:26:19,676 - INFO - Example /home/projects/bagon/shared/imagenet512/val/n01632458/ILSVRC2012_val_00029732.JPEG reached epsilon at step 1577, loss sum: 1931.3051, final loss: 0.00099087, weight distance: 0.1043
2025-09-23 02:27:01,708 - INFO - Example /home/projects/bagon/shared/imagenet512/val/n03110669/ILSVRC2012_val_00004350.JPEG reached epsilon at step 1441, loss sum: 216.7009, final loss: 0.00099850, weight distance: 0.0813
2025-09-23 02:27:20,261 - INFO - Example /home/projects/bagon/shared/imagenet512/val/n04550184/ILSVRC2012_val_00005087.JPEG reached epsilon at step 612, loss sum: 82.7369, final loss: 0.00099373, weight distance: 0.0420
2025-09-23 02:28:00,665 - INFO - Example /home/projects/bagon/shared/imagenet512/val/n03026506/ILSVRC2012_val_00022121.JPEG reached epsilon at step 1388, loss sum: 4641.0694, final loss: 0.00099659, weight distance: 0.1083
2025-09-23 02:28:20,605 - INFO - Example /home/projects/bagon/shared/imagenet512/val/n03630383/ILSVRC2012_val_00023509.JPEG reached epsilon at step 668, loss sum: 13.7627, final loss: 0.00099564, weight distance: 0.0360
2025-09-23 02:28:51,192 - INFO - Example /home/projects/bagon/shared/imagenet512/val/n03345487/ILSVRC2012_val_00023423.JPEG reached epsilon at step 1040, loss sum: 531.7203, final loss: 0.00099659, weight distance: 0.0736
2025-09-23 02:29:35,569 - INFO - Example /home/projects/bagon/shared/imagenet512/val/n03498962/ILSVRC2012_val_00041471.JPEG reached epsilon at step 1527, loss sum: 1012.1566, final loss: 0.00099850, weight distance: 0.0942
2025-09-23 02:29:58,047 - INFO - Example /home/projects/bagon/shared/imagenet512/val/n01924916/ILSVRC2012_val_00018855.JPEG reached epsilon at step 757, loss sum: 196.5878, final loss: 0.00099754, weight distance: 0.0525
2025-09-23 02:30:24,444 - INFO - Example /home/projects/bagon/shared/imagenet512/val/n02107142/ILSVRC2012_val_00047822.JPEG reached epsilon at step 895, loss sum: 184.8602, final loss: 0.00099754, weight distance: 0.0619
2025-09-23 02:30:54,230 - INFO - Example /home/projects/bagon/shared/imagenet512/val/n04589890/ILSVRC2012_val_00041475.JPEG reached epsilon at step 1014, loss sum: 496.5477, final loss: 0.00099468, weight distance: 0.0711
2025-09-23 02:31:01,617 - INFO - Example /home/projects/bagon/shared/imagenet512/val/n04613696/ILSVRC2012_val_00018012.JPEG reached epsilon at step 224, loss sum: 3.8520, final loss: 0.00099945, weight distance: 0.0169
2025-09-23 02:31:18,959 - INFO - Example /home/projects/bagon/shared/imagenet512/val/n04209239/ILSVRC2012_val_00003017.JPEG reached epsilon at step 567, loss sum: 53.6157, final loss: 0.00099182, weight distance: 0.0390
2025-09-23 02:31:43,698 - INFO - Example /home/projects/bagon/shared/imagenet512/val/n02422699/ILSVRC2012_val_00027012.JPEG reached epsilon at step 835, loss sum: 126.3550, final loss: 0.00099754, weight distance: 0.0552
2025-09-23 02:32:13,456 - INFO - Example /home/projects/bagon/shared/imagenet512/val/n03447721/ILSVRC2012_val_00010239.JPEG reached epsilon at step 1010, loss sum: 210.4628, final loss: 0.00099182, weight distance: 0.0583
2025-09-23 02:32:45,937 - INFO - Example /home/projects/bagon/shared/imagenet512/val/n03710193/ILSVRC2012_val_00024783.JPEG reached epsilon at step 1106, loss sum: 718.7863, final loss: 0.00099182, weight distance: 0.0764
2025-09-23 02:33:14,300 - INFO - Example /home/projects/bagon/shared/imagenet512/val/n04557648/ILSVRC2012_val_00037544.JPEG reached epsilon at step 962, loss sum: 98.5078, final loss: 0.00099850, weight distance: 0.0574
2025-09-23 02:33:35,170 - INFO - Example /home/projects/bagon/shared/imagenet512/val/n04355338/ILSVRC2012_val_00025298.JPEG reached epsilon at step 700, loss sum: 345.3365, final loss: 0.00099468, weight distance: 0.0522
2025-09-23 02:34:11,102 - INFO - Example /home/projects/bagon/shared/imagenet512/val/n04548362/ILSVRC2012_val_00006492.JPEG reached epsilon at step 1230, loss sum: 224.8926, final loss: 0.00099659, weight distance: 0.0683
2025-09-23 02:34:40,203 - INFO - Example /home/projects/bagon/shared/imagenet512/val/n02877765/ILSVRC2012_val_00016826.JPEG reached epsilon at step 990, loss sum: 1016.2445, final loss: 0.00099945, weight distance: 0.0754
2025-09-23 02:35:09,059 - INFO - Example /home/projects/bagon/shared/imagenet512/val/n03891332/ILSVRC2012_val_00015461.JPEG reached epsilon at step 981, loss sum: 708.1061, final loss: 0.00099850, weight distance: 0.0754
2025-09-23 02:35:23,958 - INFO - Example /home/projects/bagon/shared/imagenet512/val/n01796340/ILSVRC2012_val_00025998.JPEG reached epsilon at step 491, loss sum: 53.8597, final loss: 0.00099945, weight distance: 0.0345
2025-09-23 02:35:53,192 - INFO - Example /home/projects/bagon/shared/imagenet512/val/n03970156/ILSVRC2012_val_00048793.JPEG reached epsilon at step 995, loss sum: 944.8987, final loss: 0.00099850, weight distance: 0.0744
2025-09-23 02:36:24,812 - INFO - Example /home/projects/bagon/shared/imagenet512/val/n04507155/ILSVRC2012_val_00049952.JPEG reached epsilon at step 1079, loss sum: 1370.8458, final loss: 0.00099277, weight distance: 0.0834
2025-09-23 02:37:09,669 - INFO - Example /home/projects/bagon/shared/imagenet512/val/n02110185/ILSVRC2012_val_00004192.JPEG reached epsilon at step 1546, loss sum: 358.1385, final loss: 0.00099754, weight distance: 0.0907
2025-09-23 02:37:41,126 - INFO - Example /home/projects/bagon/shared/imagenet512/val/n01735189/ILSVRC2012_val_00012433.JPEG reached epsilon at step 1074, loss sum: 530.0001, final loss: 0.00099564, weight distance: 0.0740
2025-09-23 02:38:02,073 - INFO - Example /home/projects/bagon/shared/imagenet512/val/n07753113/ILSVRC2012_val_00002435.JPEG reached epsilon at step 702, loss sum: 222.9542, final loss: 0.00099373, weight distance: 0.0525
2025-09-23 02:38:19,417 - INFO - Example /home/projects/bagon/shared/imagenet512/val/n03207941/ILSVRC2012_val_00049048.JPEG reached epsilon at step 574, loss sum: 19.2570, final loss: 0.00099373, weight distance: 0.0351
2025-09-23 02:38:50,508 - INFO - Example /home/projects/bagon/shared/imagenet512/val/n09472597/ILSVRC2012_val_00005476.JPEG reached epsilon at step 1058, loss sum: 1552.8938, final loss: 0.00099373, weight distance: 0.0796
2025-09-23 02:39:19,941 - INFO - Example /home/projects/bagon/shared/imagenet512/val/n02099601/ILSVRC2012_val_00049855.JPEG reached epsilon at step 1003, loss sum: 625.9530, final loss: 0.00099277, weight distance: 0.0686
2025-09-23 02:39:30,357 - INFO - Example /home/projects/bagon/shared/imagenet512/val/n02817516/ILSVRC2012_val_00011747.JPEG reached epsilon at step 330, loss sum: 53.7505, final loss: 0.00099373, weight distance: 0.0266
2025-09-23 02:39:46,362 - INFO - Example /home/projects/bagon/shared/imagenet512/val/n03595614/ILSVRC2012_val_00004801.JPEG reached epsilon at step 530, loss sum: 68.1749, final loss: 0.00099277, weight distance: 0.0357
2025-09-23 02:40:03,560 - INFO - Example /home/projects/bagon/shared/imagenet512/val/n04591157/ILSVRC2012_val_00019773.JPEG reached epsilon at step 569, loss sum: 56.2752, final loss: 0.00098801, weight distance: 0.0393
2025-09-23 02:40:28,860 - INFO - Example /home/projects/bagon/shared/imagenet512/val/n02128385/ILSVRC2012_val_00031056.JPEG reached epsilon at step 857, loss sum: 153.2256, final loss: 0.00099277, weight distance: 0.0534
2025-09-23 02:40:58,176 - INFO - Example /home/projects/bagon/shared/imagenet512/val/n03777754/ILSVRC2012_val_00025779.JPEG reached epsilon at step 999, loss sum: 464.1682, final loss: 0.00099564, weight distance: 0.0680
2025-09-23 02:41:19,131 - INFO - Example /home/projects/bagon/shared/imagenet512/val/n07613480/ILSVRC2012_val_00044255.JPEG reached epsilon at step 704, loss sum: 79.7670, final loss: 0.00098801, weight distance: 0.0460
2025-09-23 02:41:54,264 - INFO - Example /home/projects/bagon/shared/imagenet512/val/n04597913/ILSVRC2012_val_00036923.JPEG reached epsilon at step 1204, loss sum: 320.6316, final loss: 0.00099277, weight distance: 0.0761
2025-09-23 02:42:21,521 - INFO - Example /home/projects/bagon/shared/imagenet512/val/n03876231/ILSVRC2012_val_00049520.JPEG reached epsilon at step 927, loss sum: 405.1923, final loss: 0.00099754, weight distance: 0.0656
2025-09-23 02:42:38,914 - INFO - Example /home/projects/bagon/shared/imagenet512/val/n03017168/ILSVRC2012_val_00038950.JPEG reached epsilon at step 579, loss sum: 18.5559, final loss: 0.00099182, weight distance: 0.0363
2025-09-23 02:42:58,876 - INFO - Example /home/projects/bagon/shared/imagenet512/val/n02105855/ILSVRC2012_val_00032064.JPEG reached epsilon at step 670, loss sum: 44.8714, final loss: 0.00098610, weight distance: 0.0426
2025-09-23 02:43:29,694 - INFO - Example /home/projects/bagon/shared/imagenet512/val/n03482405/ILSVRC2012_val_00019104.JPEG reached epsilon at step 1052, loss sum: 169.3109, final loss: 0.00099564, weight distance: 0.0641
2025-09-23 02:44:04,031 - INFO - Example /home/projects/bagon/shared/imagenet512/val/n03733281/ILSVRC2012_val_00010635.JPEG reached epsilon at step 1176, loss sum: 1325.5635, final loss: 0.00099754, weight distance: 0.0872
2025-09-23 02:44:36,805 - INFO - Example /home/projects/bagon/shared/imagenet512/val/n01675722/ILSVRC2012_val_00044862.JPEG reached epsilon at step 1121, loss sum: 2287.9885, final loss: 0.00098896, weight distance: 0.0822
2025-09-23 02:45:08,418 - INFO - Example /home/projects/bagon/shared/imagenet512/val/n02815834/ILSVRC2012_val_00000253.JPEG reached epsilon at step 1079, loss sum: 939.5259, final loss: 0.00099850, weight distance: 0.0728
2025-09-23 02:45:40,865 - INFO - Example /home/projects/bagon/shared/imagenet512/val/n02093647/ILSVRC2012_val_00017453.JPEG reached epsilon at step 1108, loss sum: 919.0919, final loss: 0.00099850, weight distance: 0.0831
2025-09-23 02:46:10,440 - INFO - Example /home/projects/bagon/shared/imagenet512/val/n03495258/ILSVRC2012_val_00010540.JPEG reached epsilon at step 1007, loss sum: 1635.6587, final loss: 0.00098801, weight distance: 0.0799
2025-09-23 02:46:31,283 - INFO - Example /home/projects/bagon/shared/imagenet512/val/n02112137/ILSVRC2012_val_00018898.JPEG reached epsilon at step 701, loss sum: 402.2878, final loss: 0.00099564, weight distance: 0.0579
2025-09-23 02:47:02,156 - INFO - Example /home/projects/bagon/shared/imagenet512/val/n02488291/ILSVRC2012_val_00040839.JPEG reached epsilon at step 1052, loss sum: 105.4700, final loss: 0.00099277, weight distance: 0.0574
2025-09-23 02:47:23,796 - INFO - Example /home/projects/bagon/shared/imagenet512/val/n04243546/ILSVRC2012_val_00027578.JPEG reached epsilon at step 726, loss sum: 958.7686, final loss: 0.00098991, weight distance: 0.0611
2025-09-23 02:47:44,618 - INFO - Example /home/projects/bagon/shared/imagenet512/val/n03376595/ILSVRC2012_val_00040795.JPEG reached epsilon at step 700, loss sum: 775.7765, final loss: 0.00098515, weight distance: 0.0561
2025-09-23 02:48:29,130 - INFO - Example /home/projects/bagon/shared/imagenet512/val/n02787622/ILSVRC2012_val_00000315.JPEG reached epsilon at step 1534, loss sum: 1488.8391, final loss: 0.00099754, weight distance: 0.1014
2025-09-23 02:48:53,474 - INFO - Example /home/projects/bagon/shared/imagenet512/val/n04141975/ILSVRC2012_val_00011033.JPEG reached epsilon at step 824, loss sum: 340.9366, final loss: 0.00099850, weight distance: 0.0598
2025-09-23 02:49:14,242 - INFO - Example /home/projects/bagon/shared/imagenet512/val/n03697007/ILSVRC2012_val_00040182.JPEG reached epsilon at step 697, loss sum: 174.8750, final loss: 0.00099754, weight distance: 0.0503
2025-09-23 02:49:40,051 - INFO - Example /home/projects/bagon/shared/imagenet512/val/n02088364/ILSVRC2012_val_00047309.JPEG reached epsilon at step 876, loss sum: 178.9986, final loss: 0.00099468, weight distance: 0.0584
2025-09-23 02:49:57,734 - INFO - Example /home/projects/bagon/shared/imagenet512/val/n01980166/ILSVRC2012_val_00020779.JPEG reached epsilon at step 589, loss sum: 191.6871, final loss: 0.00099659, weight distance: 0.0455
2025-09-23 02:50:22,934 - INFO - Example /home/projects/bagon/shared/imagenet512/val/n01496331/ILSVRC2012_val_00047589.JPEG reached epsilon at step 854, loss sum: 130.4360, final loss: 0.00099468, weight distance: 0.0525
2025-09-23 02:50:55,157 - INFO - Example /home/projects/bagon/shared/imagenet512/val/n04507155/ILSVRC2012_val_00005226.JPEG reached epsilon at step 1102, loss sum: 1292.4593, final loss: 0.00099087, weight distance: 0.0804
2025-09-23 02:51:20,249 - INFO - Example /home/projects/bagon/shared/imagenet512/val/n03902125/ILSVRC2012_val_00026543.JPEG reached epsilon at step 847, loss sum: 519.5711, final loss: 0.00098801, weight distance: 0.0617
2025-09-23 02:51:52,921 - INFO - Example /home/projects/bagon/shared/imagenet512/val/n03483316/ILSVRC2012_val_00019088.JPEG reached epsilon at step 1116, loss sum: 417.5485, final loss: 0.00099850, weight distance: 0.0754
2025-09-23 02:52:34,380 - INFO - Example /home/projects/bagon/shared/imagenet512/val/n02229544/ILSVRC2012_val_00003649.JPEG reached epsilon at step 1427, loss sum: 1140.3734, final loss: 0.00099373, weight distance: 0.0897
2025-09-23 02:53:11,835 - INFO - Example /home/projects/bagon/shared/imagenet512/val/n03498962/ILSVRC2012_val_00021304.JPEG reached epsilon at step 1286, loss sum: 462.7423, final loss: 0.00099468, weight distance: 0.0746
2025-09-23 02:53:27,485 - INFO - Example /home/projects/bagon/shared/imagenet512/val/n02692877/ILSVRC2012_val_00037584.JPEG reached epsilon at step 518, loss sum: 169.9208, final loss: 0.00099182, weight distance: 0.0384
2025-09-23 02:53:52,470 - INFO - Example /home/projects/bagon/shared/imagenet512/val/n07684084/ILSVRC2012_val_00032488.JPEG reached epsilon at step 847, loss sum: 567.6750, final loss: 0.00099468, weight distance: 0.0621
2025-09-23 02:54:07,186 - INFO - Example /home/projects/bagon/shared/imagenet512/val/n01819313/ILSVRC2012_val_00040072.JPEG reached epsilon at step 485, loss sum: 275.2881, final loss: 0.00098896, weight distance: 0.0402
2025-09-23 02:54:23,836 - INFO - Example /home/projects/bagon/shared/imagenet512/val/n03980874/ILSVRC2012_val_00013567.JPEG reached epsilon at step 553, loss sum: 24.7199, final loss: 0.00099754, weight distance: 0.0364
2025-09-23 02:54:51,032 - INFO - Example /home/projects/bagon/shared/imagenet512/val/n02510455/ILSVRC2012_val_00027510.JPEG reached epsilon at step 925, loss sum: 624.5878, final loss: 0.00099754, weight distance: 0.0678
2025-09-23 02:55:16,214 - INFO - Example /home/projects/bagon/shared/imagenet512/val/n02978881/ILSVRC2012_val_00034887.JPEG reached epsilon at step 854, loss sum: 406.0267, final loss: 0.00099850, weight distance: 0.0621
2025-09-23 02:55:36,217 - INFO - Example /home/projects/bagon/shared/imagenet512/val/n07583066/ILSVRC2012_val_00005468.JPEG reached epsilon at step 671, loss sum: 174.1521, final loss: 0.00099564, weight distance: 0.0479
2025-09-23 02:55:47,318 - INFO - Example /home/projects/bagon/shared/imagenet512/val/n03721384/ILSVRC2012_val_00016736.JPEG reached epsilon at step 358, loss sum: 33.4768, final loss: 0.00099945, weight distance: 0.0283
2025-09-23 02:56:33,490 - INFO - Example /home/projects/bagon/shared/imagenet512/val/n03498962/ILSVRC2012_val_00023332.JPEG reached epsilon at step 1591, loss sum: 1114.6902, final loss: 0.00099945, weight distance: 0.1001
2025-09-23 02:56:57,774 - INFO - Example /home/projects/bagon/shared/imagenet512/val/n03485794/ILSVRC2012_val_00019126.JPEG reached epsilon at step 821, loss sum: 121.2938, final loss: 0.00099850, weight distance: 0.0548
2025-09-23 02:57:23,404 - INFO - Example /home/projects/bagon/shared/imagenet512/val/n03706229/ILSVRC2012_val_00032353.JPEG reached epsilon at step 869, loss sum: 124.6291, final loss: 0.00099659, weight distance: 0.0586
2025-09-23 02:57:40,213 - INFO - Example /home/projects/bagon/shared/imagenet512/val/n02109047/ILSVRC2012_val_00023027.JPEG reached epsilon at step 558, loss sum: 13.9662, final loss: 0.00098896, weight distance: 0.0341
2025-09-23 02:58:13,289 - INFO - Example /home/projects/bagon/shared/imagenet512/val/n03792782/ILSVRC2012_val_00027449.JPEG reached epsilon at step 1131, loss sum: 377.5806, final loss: 0.00099087, weight distance: 0.0736
2025-09-23 02:58:40,551 - INFO - Example /home/projects/bagon/shared/imagenet512/val/n02097130/ILSVRC2012_val_00039666.JPEG reached epsilon at step 926, loss sum: 95.4227, final loss: 0.00098610, weight distance: 0.0571
2025-09-23 02:59:00,423 - INFO - Example /home/projects/bagon/shared/imagenet512/val/n04532670/ILSVRC2012_val_00047205.JPEG reached epsilon at step 666, loss sum: 463.0009, final loss: 0.00099087, weight distance: 0.0504
2025-09-23 02:59:32,542 - INFO - Example /home/projects/bagon/shared/imagenet512/val/n02098413/ILSVRC2012_val_00006585.JPEG reached epsilon at step 1090, loss sum: 189.4301, final loss: 0.00099468, weight distance: 0.0690
2025-09-23 03:00:06,731 - INFO - Example /home/projects/bagon/shared/imagenet512/val/n01917289/ILSVRC2012_val_00037786.JPEG reached epsilon at step 1170, loss sum: 745.0058, final loss: 0.00099659, weight distance: 0.0771
2025-09-23 03:00:39,285 - INFO - Example /home/projects/bagon/shared/imagenet512/val/n02783161/ILSVRC2012_val_00020272.JPEG reached epsilon at step 1112, loss sum: 170.2777, final loss: 0.00099373, weight distance: 0.0666
2025-09-23 03:01:04,159 - INFO - Example /home/projects/bagon/shared/imagenet512/val/n04133789/ILSVRC2012_val_00006296.JPEG reached epsilon at step 842, loss sum: 174.5648, final loss: 0.00099754, weight distance: 0.0564
2025-09-23 03:01:26,752 - INFO - Example /home/projects/bagon/shared/imagenet512/val/n03661043/ILSVRC2012_val_00017420.JPEG reached epsilon at step 762, loss sum: 89.4709, final loss: 0.00098991, weight distance: 0.0519
2025-09-23 03:01:57,439 - INFO - Example /home/projects/bagon/shared/imagenet512/val/n02099712/ILSVRC2012_val_00009812.JPEG reached epsilon at step 1047, loss sum: 148.0872, final loss: 0.00099754, weight distance: 0.0611
2025-09-23 03:02:20,939 - INFO - Example /home/projects/bagon/shared/imagenet512/val/n03014705/ILSVRC2012_val_00003062.JPEG reached epsilon at step 794, loss sum: 59.5077, final loss: 0.00099659, weight distance: 0.0489
2025-09-23 03:02:32,497 - INFO - Example /home/projects/bagon/shared/imagenet512/val/n03134739/ILSVRC2012_val_00023757.JPEG reached epsilon at step 369, loss sum: 4.3072, final loss: 0.00099373, weight distance: 0.0223
2025-09-23 03:03:09,396 - INFO - Example /home/projects/bagon/shared/imagenet512/val/n03666591/ILSVRC2012_val_00007981.JPEG reached epsilon at step 1265, loss sum: 474.2196, final loss: 0.00099945, weight distance: 0.0806
2025-09-23 03:03:30,752 - INFO - Example /home/projects/bagon/shared/imagenet512/val/n02090622/ILSVRC2012_val_00033904.JPEG reached epsilon at step 718, loss sum: 169.5746, final loss: 0.00099659, weight distance: 0.0520
2025-09-23 03:04:12,153 - INFO - Example /home/projects/bagon/shared/imagenet512/val/n02229544/ILSVRC2012_val_00017221.JPEG reached epsilon at step 1424, loss sum: 554.5634, final loss: 0.00099373, weight distance: 0.0813
2025-09-23 03:04:44,465 - INFO - Example /home/projects/bagon/shared/imagenet512/val/n02978881/ILSVRC2012_val_00023124.JPEG reached epsilon at step 1104, loss sum: 369.9007, final loss: 0.00099850, weight distance: 0.0732
2025-09-23 03:04:59,351 - INFO - Example /home/projects/bagon/shared/imagenet512/val/n04033901/ILSVRC2012_val_00018322.JPEG reached epsilon at step 491, loss sum: 91.2081, final loss: 0.00099945, weight distance: 0.0371
2025-09-23 03:05:38,284 - INFO - Example /home/projects/bagon/shared/imagenet512/val/n02391049/ILSVRC2012_val_00015166.JPEG reached epsilon at step 1336, loss sum: 2175.0150, final loss: 0.00099468, weight distance: 0.0992
2025-09-23 03:06:14,470 - INFO - Example /home/projects/bagon/shared/imagenet512/val/n02708093/ILSVRC2012_val_00049049.JPEG reached epsilon at step 1240, loss sum: 145.3656, final loss: 0.00098896, weight distance: 0.0735
2025-09-23 03:06:30,240 - INFO - Example /home/projects/bagon/shared/imagenet512/val/n04487081/ILSVRC2012_val_00011711.JPEG reached epsilon at step 522, loss sum: 56.8180, final loss: 0.00098801, weight distance: 0.0368
2025-09-23 03:06:58,597 - INFO - Example /home/projects/bagon/shared/imagenet512/val/n07614500/ILSVRC2012_val_00047647.JPEG reached epsilon at step 965, loss sum: 152.6421, final loss: 0.00098991, weight distance: 0.0628
2025-09-23 03:07:34,822 - INFO - Example /home/projects/bagon/shared/imagenet512/val/n03710193/ILSVRC2012_val_00048316.JPEG reached epsilon at step 1242, loss sum: 538.7492, final loss: 0.00099659, weight distance: 0.0800
2025-09-23 03:07:55,277 - INFO - Example /home/projects/bagon/shared/imagenet512/val/n03594945/ILSVRC2012_val_00014198.JPEG reached epsilon at step 687, loss sum: 77.4035, final loss: 0.00098991, weight distance: 0.0449
2025-09-23 03:08:24,705 - INFO - Example /home/projects/bagon/shared/imagenet512/val/n02105412/ILSVRC2012_val_00041416.JPEG reached epsilon at step 1003, loss sum: 91.0850, final loss: 0.00099468, weight distance: 0.0623
2025-09-23 03:08:52,787 - INFO - Example /home/projects/bagon/shared/imagenet512/val/n04136333/ILSVRC2012_val_00028430.JPEG reached epsilon at step 955, loss sum: 877.1716, final loss: 0.00099182, weight distance: 0.0668
2025-09-23 03:09:16,895 - INFO - Example /home/projects/bagon/shared/imagenet512/val/n03868242/ILSVRC2012_val_00001773.JPEG reached epsilon at step 814, loss sum: 412.7317, final loss: 0.00098610, weight distance: 0.0573
2025-09-23 03:09:17,484 - INFO - Time limit reached. Exiting before starting next example.
