2025-09-23 01:50:07,290 - INFO - Parsed arguments:
2025-09-23 01:50:07,290 - INFO -   amp_dtype = None
2025-09-23 01:50:07,290 - INFO -   bars_npy = /home/projects/bagon/andreyg/Projects/BMM_school/Universal_learning/Programming/bars/geq6wrong_21017_geq6correct_1525_imagenet.npy
2025-09-23 01:50:07,290 - INFO -   cka_layer_fraction = 0.05
2025-09-23 01:50:07,290 - INFO -   current_worker = 4
2025-09-23 01:50:07,290 - INFO -   deterministic = True
2025-09-23 01:50:07,290 - INFO -   device = cuda
2025-09-23 01:50:07,290 - INFO -   epsilon = 0.001
2025-09-23 01:50:07,290 - INFO -   examples_csv = /home/projects/bagon/andreyg/Projects/BMM_school/Universal_learning/Programming/bars/geq6wrong_21017_geq6correct_1525_imagenet_examples_ammended.csv
2025-09-23 01:50:07,290 - INFO -   explicit_examples_for_training = None
2025-09-23 01:50:07,290 - INFO -   grad_clip_norm = 1.0
2025-09-23 01:50:07,290 - INFO -   hierarchy_json = /home/projects/bagon/andreyg/Projects/BMM_school/Universal_learning/Programming/bars/imagenet_synset_hierarchy.json
2025-09-23 01:50:07,290 - INFO -   imagenet_models_csv = /home/projects/bagon/andreyg/Projects/BMM_school/Universal_learning/Programming/bars/imagenet_models.csv
2025-09-23 01:50:07,290 - INFO -   lr = 0.0001
2025-09-23 01:50:07,290 - INFO -   max_examples = 50000
2025-09-23 01:50:07,290 - INFO -   max_steps_per_example = 10000
2025-09-23 01:50:07,290 - INFO -   model_csv_name = vgg_13_224_tv_imagenet_1k
2025-09-23 01:50:07,290 - INFO -   model_name = vgg13.tv_in1k
2025-09-23 01:50:07,290 - INFO -   no_amp = False
2025-09-23 01:50:07,290 - INFO -   num_workers = 8
2025-09-23 01:50:07,290 - INFO -   output_dir = /home/projects/bagon/andreyg/Projects/BMM_school/Universal_learning/Programming/training_gradient_evaluator_single_loss_parallel/output_parallel_8_workers_trial_2
2025-09-23 01:50:07,290 - INFO -   root_dir = None
2025-09-23 01:50:07,290 - INFO -   seed = 1337
2025-09-23 01:50:07,291 - INFO -   time_limit_seconds = 6300
2025-09-23 01:50:07,291 - INFO -   weight_decay = 0.0
2025-09-23 01:50:07,291 - INFO -   zero_aug_train = False
2025-09-23 01:50:09,620 - INFO - Loaded TIMM pretrained weights for vgg13.tv_in1k
2025-09-23 01:50:09,620 - INFO - pretrained_cfg.url= hf_hub_id=timm/vgg13.tv_in1k
2025-09-23 01:50:10,034 - INFO - Training configuration:
2025-09-23 01:50:10,034 - INFO -   lr = 0.0001
2025-09-23 01:50:10,034 - INFO -   weight_decay = 0.0
2025-09-23 01:50:10,034 - INFO -   max_steps = 10000
2025-09-23 01:50:10,034 - INFO -   epsilon = 0.001
2025-09-23 01:50:10,034 - INFO -   device = cuda
2025-09-23 01:50:10,035 - INFO -   use_amp = True
2025-09-23 01:50:10,035 - INFO -   amp_dtype = None
2025-09-23 01:50:10,035 - INFO -   gradient_clip_norm = 1.0
2025-09-23 01:50:50,108 - INFO - Example /home/projects/bagon/shared/imagenet512/val/n04525038/ILSVRC2012_val_00005602.JPEG reached epsilon at step 1220, loss sum: 1043.9696, final loss: 0.00099468, weight distance: 0.0879
2025-09-23 01:51:26,372 - INFO - Example /home/projects/bagon/shared/imagenet512/val/n02219486/ILSVRC2012_val_00014966.JPEG reached epsilon at step 1220, loss sum: 813.0528, final loss: 0.00099945, weight distance: 0.0823
2025-09-23 01:51:52,871 - INFO - Example /home/projects/bagon/shared/imagenet512/val/n02091635/ILSVRC2012_val_00037347.JPEG reached epsilon at step 867, loss sum: 257.0763, final loss: 0.00099754, weight distance: 0.0603
2025-09-23 01:52:33,110 - INFO - Example /home/projects/bagon/shared/imagenet512/val/n03476991/ILSVRC2012_val_00028034.JPEG reached epsilon at step 1134, loss sum: 381.8890, final loss: 0.00099468, weight distance: 0.0751
2025-09-23 01:52:58,447 - INFO - Example /home/projects/bagon/shared/imagenet512/val/n03633091/ILSVRC2012_val_00036758.JPEG reached epsilon at step 851, loss sum: 304.4515, final loss: 0.00099277, weight distance: 0.0625
2025-09-23 01:53:45,444 - INFO - Example /home/projects/bagon/shared/imagenet512/val/n02085936/ILSVRC2012_val_00030893.JPEG reached epsilon at step 1587, loss sum: 746.6079, final loss: 0.00099850, weight distance: 0.0950
2025-09-23 01:54:21,797 - INFO - Example /home/projects/bagon/shared/imagenet512/val/n03291819/ILSVRC2012_val_00042559.JPEG reached epsilon at step 1233, loss sum: 883.3094, final loss: 0.00099850, weight distance: 0.0841
2025-09-23 01:54:50,445 - INFO - Example /home/projects/bagon/shared/imagenet512/val/n02105505/ILSVRC2012_val_00032099.JPEG reached epsilon at step 963, loss sum: 473.7987, final loss: 0.00099754, weight distance: 0.0696
2025-09-23 01:55:31,926 - INFO - Example /home/projects/bagon/shared/imagenet512/val/n03141823/ILSVRC2012_val_00026638.JPEG reached epsilon at step 1410, loss sum: 786.2949, final loss: 0.00099087, weight distance: 0.0893
2025-09-23 01:56:05,877 - INFO - Example /home/projects/bagon/shared/imagenet512/val/n04591713/ILSVRC2012_val_00048602.JPEG reached epsilon at step 1148, loss sum: 171.0465, final loss: 0.00099087, weight distance: 0.0655
2025-09-23 01:56:41,180 - INFO - Example /home/projects/bagon/shared/imagenet512/val/n03633091/ILSVRC2012_val_00000684.JPEG reached epsilon at step 1198, loss sum: 935.9117, final loss: 0.00099373, weight distance: 0.0861
2025-09-23 01:57:22,314 - INFO - Example /home/projects/bagon/shared/imagenet512/val/n03100240/ILSVRC2012_val_00020673.JPEG reached epsilon at step 1402, loss sum: 926.8345, final loss: 0.00099850, weight distance: 0.0923
2025-09-23 01:58:02,042 - INFO - Example /home/projects/bagon/shared/imagenet512/val/n09193705/ILSVRC2012_val_00025919.JPEG reached epsilon at step 1349, loss sum: 187.3295, final loss: 0.00099850, weight distance: 0.0782
2025-09-23 01:58:30,653 - INFO - Example /home/projects/bagon/shared/imagenet512/val/n04389033/ILSVRC2012_val_00048799.JPEG reached epsilon at step 957, loss sum: 239.5326, final loss: 0.00099468, weight distance: 0.0636
2025-09-23 01:59:04,369 - INFO - Example /home/projects/bagon/shared/imagenet512/val/n03141823/ILSVRC2012_val_00004150.JPEG reached epsilon at step 1142, loss sum: 836.9457, final loss: 0.00098991, weight distance: 0.0815
2025-09-23 01:59:30,431 - INFO - Example /home/projects/bagon/shared/imagenet512/val/n03804744/ILSVRC2012_val_00024466.JPEG reached epsilon at step 876, loss sum: 214.2491, final loss: 0.00099850, weight distance: 0.0556
2025-09-23 02:00:03,707 - INFO - Example /home/projects/bagon/shared/imagenet512/val/n07860988/ILSVRC2012_val_00026243.JPEG reached epsilon at step 1128, loss sum: 482.9592, final loss: 0.00099945, weight distance: 0.0773
2025-09-23 02:00:42,527 - INFO - Example /home/projects/bagon/shared/imagenet512/val/n02093428/ILSVRC2012_val_00045238.JPEG reached epsilon at step 1322, loss sum: 282.0477, final loss: 0.00099659, weight distance: 0.0790
2025-09-23 02:01:19,670 - INFO - Example /home/projects/bagon/shared/imagenet512/val/n04270147/ILSVRC2012_val_00012969.JPEG reached epsilon at step 1262, loss sum: 637.1137, final loss: 0.00099373, weight distance: 0.0821
2025-09-23 02:01:40,154 - INFO - Example /home/projects/bagon/shared/imagenet512/val/n01980166/ILSVRC2012_val_00038606.JPEG reached epsilon at step 671, loss sum: 379.8086, final loss: 0.00099087, weight distance: 0.0535
2025-09-23 02:02:05,351 - INFO - Example /home/projects/bagon/shared/imagenet512/val/n04443257/ILSVRC2012_val_00046294.JPEG reached epsilon at step 830, loss sum: 69.5886, final loss: 0.00099945, weight distance: 0.0524
2025-09-23 02:02:39,002 - INFO - Example /home/projects/bagon/shared/imagenet512/val/n03873416/ILSVRC2012_val_00003470.JPEG reached epsilon at step 1127, loss sum: 248.5987, final loss: 0.00099945, weight distance: 0.0720
2025-09-23 02:03:06,107 - INFO - Example /home/projects/bagon/shared/imagenet512/val/n03903868/ILSVRC2012_val_00045365.JPEG reached epsilon at step 912, loss sum: 220.8669, final loss: 0.00099564, weight distance: 0.0557
2025-09-23 02:03:44,487 - INFO - Example /home/projects/bagon/shared/imagenet512/val/n03721384/ILSVRC2012_val_00019692.JPEG reached epsilon at step 1301, loss sum: 1909.6453, final loss: 0.00099373, weight distance: 0.0911
2025-09-23 02:04:17,863 - INFO - Example /home/projects/bagon/shared/imagenet512/val/n02110958/ILSVRC2012_val_00038637.JPEG reached epsilon at step 1133, loss sum: 680.5663, final loss: 0.00099277, weight distance: 0.0780
2025-09-23 02:04:59,929 - INFO - Example /home/projects/bagon/shared/imagenet512/val/n09428293/ILSVRC2012_val_00032534.JPEG reached epsilon at step 1436, loss sum: 387.9053, final loss: 0.00098991, weight distance: 0.0826
2025-09-23 02:05:27,011 - INFO - Example /home/projects/bagon/shared/imagenet512/val/n02871525/ILSVRC2012_val_00027303.JPEG reached epsilon at step 893, loss sum: 86.9664, final loss: 0.00099945, weight distance: 0.0559
2025-09-23 02:05:56,262 - INFO - Example /home/projects/bagon/shared/imagenet512/val/n02111277/ILSVRC2012_val_00044206.JPEG reached epsilon at step 967, loss sum: 523.1235, final loss: 0.00099087, weight distance: 0.0658
2025-09-23 02:06:28,195 - INFO - Example /home/projects/bagon/shared/imagenet512/val/n03450230/ILSVRC2012_val_00024207.JPEG reached epsilon at step 1080, loss sum: 224.0595, final loss: 0.00099373, weight distance: 0.0634
2025-09-23 02:06:55,835 - INFO - Example /home/projects/bagon/shared/imagenet512/val/n01914609/ILSVRC2012_val_00023448.JPEG reached epsilon at step 931, loss sum: 45.4367, final loss: 0.00099850, weight distance: 0.0525
2025-09-23 02:07:15,404 - INFO - Example /home/projects/bagon/shared/imagenet512/val/n04296562/ILSVRC2012_val_00025776.JPEG reached epsilon at step 646, loss sum: 61.3696, final loss: 0.00099277, weight distance: 0.0427
2025-09-23 02:08:06,448 - INFO - Example /home/projects/bagon/shared/imagenet512/val/n03443371/ILSVRC2012_val_00011666.JPEG reached epsilon at step 1749, loss sum: 3085.8052, final loss: 0.00099087, weight distance: 0.1177
2025-09-23 02:08:35,324 - INFO - Example /home/projects/bagon/shared/imagenet512/val/n02074367/ILSVRC2012_val_00030029.JPEG reached epsilon at step 974, loss sum: 528.4174, final loss: 0.00099564, weight distance: 0.0691
2025-09-23 02:09:22,991 - INFO - Example /home/projects/bagon/shared/imagenet512/val/n01749939/ILSVRC2012_val_00025938.JPEG reached epsilon at step 1631, loss sum: 1197.7645, final loss: 0.00099754, weight distance: 0.0976
2025-09-23 02:09:48,022 - INFO - Example /home/projects/bagon/shared/imagenet512/val/n04606251/ILSVRC2012_val_00041464.JPEG reached epsilon at step 840, loss sum: 487.2657, final loss: 0.00099850, weight distance: 0.0646
2025-09-23 02:10:12,760 - INFO - Example /home/projects/bagon/shared/imagenet512/val/n04296562/ILSVRC2012_val_00019936.JPEG reached epsilon at step 825, loss sum: 536.9731, final loss: 0.00099182, weight distance: 0.0593
2025-09-23 02:10:52,763 - INFO - Example /home/projects/bagon/shared/imagenet512/val/n03124170/ILSVRC2012_val_00030013.JPEG reached epsilon at step 1364, loss sum: 937.9307, final loss: 0.00099659, weight distance: 0.0904
2025-09-23 02:11:06,214 - INFO - Example /home/projects/bagon/shared/imagenet512/val/n01537544/ILSVRC2012_val_00003279.JPEG reached epsilon at step 434, loss sum: 409.6271, final loss: 0.00098705, weight distance: 0.0376
2025-09-23 02:11:37,528 - INFO - Example /home/projects/bagon/shared/imagenet512/val/n04039381/ILSVRC2012_val_00033869.JPEG reached epsilon at step 1060, loss sum: 853.7774, final loss: 0.00099850, weight distance: 0.0725
2025-09-23 02:12:18,673 - INFO - Example /home/projects/bagon/shared/imagenet512/val/n02114855/ILSVRC2012_val_00031197.JPEG reached epsilon at step 1400, loss sum: 649.1130, final loss: 0.00099850, weight distance: 0.0918
2025-09-23 02:12:51,147 - INFO - Example /home/projects/bagon/shared/imagenet512/val/n06596364/ILSVRC2012_val_00001613.JPEG reached epsilon at step 1098, loss sum: 296.2302, final loss: 0.00099468, weight distance: 0.0736
2025-09-23 02:13:26,529 - INFO - Example /home/projects/bagon/shared/imagenet512/val/n04116512/ILSVRC2012_val_00042132.JPEG reached epsilon at step 1201, loss sum: 466.1924, final loss: 0.00099850, weight distance: 0.0772
2025-09-23 02:13:55,109 - INFO - Example /home/projects/bagon/shared/imagenet512/val/n03450230/ILSVRC2012_val_00041146.JPEG reached epsilon at step 963, loss sum: 91.4931, final loss: 0.00098991, weight distance: 0.0578
2025-09-23 02:14:32,214 - INFO - Example /home/projects/bagon/shared/imagenet512/val/n02799071/ILSVRC2012_val_00037365.JPEG reached epsilon at step 1259, loss sum: 897.1086, final loss: 0.00099564, weight distance: 0.0782
2025-09-23 02:14:49,049 - INFO - Example /home/projects/bagon/shared/imagenet512/val/n04371774/ILSVRC2012_val_00007229.JPEG reached epsilon at step 553, loss sum: 62.4891, final loss: 0.00099564, weight distance: 0.0393
2025-09-23 02:15:09,249 - INFO - Example /home/projects/bagon/shared/imagenet512/val/n03961711/ILSVRC2012_val_00005375.JPEG reached epsilon at step 671, loss sum: 1063.5379, final loss: 0.00099850, weight distance: 0.0566
2025-09-23 02:15:27,705 - INFO - Example /home/projects/bagon/shared/imagenet512/val/n04476259/ILSVRC2012_val_00029985.JPEG reached epsilon at step 611, loss sum: 27.8624, final loss: 0.00099564, weight distance: 0.0384
2025-09-23 02:16:17,045 - INFO - Example /home/projects/bagon/shared/imagenet512/val/n02109961/ILSVRC2012_val_00045291.JPEG reached epsilon at step 1689, loss sum: 458.2747, final loss: 0.00099754, weight distance: 0.0944
2025-09-23 02:17:01,159 - INFO - Example /home/projects/bagon/shared/imagenet512/val/n04355933/ILSVRC2012_val_00030842.JPEG reached epsilon at step 1506, loss sum: 329.7493, final loss: 0.00098991, weight distance: 0.0860
2025-09-23 02:17:26,418 - INFO - Example /home/projects/bagon/shared/imagenet512/val/n07860988/ILSVRC2012_val_00038843.JPEG reached epsilon at step 846, loss sum: 443.1860, final loss: 0.00099468, weight distance: 0.0654
2025-09-23 02:17:49,974 - INFO - Example /home/projects/bagon/shared/imagenet512/val/n04590129/ILSVRC2012_val_00044156.JPEG reached epsilon at step 788, loss sum: 82.9037, final loss: 0.00099754, weight distance: 0.0516
2025-09-23 02:18:23,414 - INFO - Example /home/projects/bagon/shared/imagenet512/val/n03843555/ILSVRC2012_val_00025419.JPEG reached epsilon at step 1128, loss sum: 488.2323, final loss: 0.00099850, weight distance: 0.0742
2025-09-23 02:18:52,023 - INFO - Example /home/projects/bagon/shared/imagenet512/val/n03478589/ILSVRC2012_val_00028045.JPEG reached epsilon at step 958, loss sum: 745.9291, final loss: 0.00099373, weight distance: 0.0666
2025-09-23 02:19:22,071 - INFO - Example /home/projects/bagon/shared/imagenet512/val/n02834397/ILSVRC2012_val_00005643.JPEG reached epsilon at step 1015, loss sum: 578.5880, final loss: 0.00099945, weight distance: 0.0723
2025-09-23 02:19:58,678 - INFO - Example /home/projects/bagon/shared/imagenet512/val/n03794056/ILSVRC2012_val_00003270.JPEG reached epsilon at step 1246, loss sum: 1124.1609, final loss: 0.00099754, weight distance: 0.0894
2025-09-23 02:20:54,144 - INFO - Example /home/projects/bagon/shared/imagenet512/val/n01756291/ILSVRC2012_val_00048112.JPEG reached epsilon at step 1904, loss sum: 1257.2465, final loss: 0.00098705, weight distance: 0.1044
2025-09-23 02:21:20,575 - INFO - Example /home/projects/bagon/shared/imagenet512/val/n02526121/ILSVRC2012_val_00030260.JPEG reached epsilon at step 889, loss sum: 552.6006, final loss: 0.00099277, weight distance: 0.0601
2025-09-23 02:21:49,939 - INFO - Example /home/projects/bagon/shared/imagenet512/val/n02978881/ILSVRC2012_val_00012205.JPEG reached epsilon at step 991, loss sum: 301.2273, final loss: 0.00099087, weight distance: 0.0614
2025-09-23 02:22:12,836 - INFO - Example /home/projects/bagon/shared/imagenet512/val/n02102318/ILSVRC2012_val_00015183.JPEG reached epsilon at step 762, loss sum: 296.9105, final loss: 0.00099564, weight distance: 0.0549
2025-09-23 02:22:42,253 - INFO - Example /home/projects/bagon/shared/imagenet512/val/n03770679/ILSVRC2012_val_00013466.JPEG reached epsilon at step 994, loss sum: 203.3790, final loss: 0.00099373, weight distance: 0.0666
2025-09-23 02:23:05,313 - INFO - Example /home/projects/bagon/shared/imagenet512/val/n02699494/ILSVRC2012_val_00002803.JPEG reached epsilon at step 771, loss sum: 426.1714, final loss: 0.00099087, weight distance: 0.0556
2025-09-23 02:23:22,785 - INFO - Example /home/projects/bagon/shared/imagenet512/val/n02085620/ILSVRC2012_val_00023234.JPEG reached epsilon at step 576, loss sum: 41.6255, final loss: 0.00099945, weight distance: 0.0387
2025-09-23 02:24:11,878 - INFO - Example /home/projects/bagon/shared/imagenet512/val/n03532672/ILSVRC2012_val_00032807.JPEG reached epsilon at step 1680, loss sum: 1802.1025, final loss: 0.00099277, weight distance: 0.1094
2025-09-23 02:24:40,834 - INFO - Example /home/projects/bagon/shared/imagenet512/val/n04179913/ILSVRC2012_val_00001803.JPEG reached epsilon at step 977, loss sum: 298.4316, final loss: 0.00099373, weight distance: 0.0653
2025-09-23 02:25:22,407 - INFO - Example /home/projects/bagon/shared/imagenet512/val/n01737021/ILSVRC2012_val_00009042.JPEG reached epsilon at step 1418, loss sum: 1034.3680, final loss: 0.00099659, weight distance: 0.0886
2025-09-23 02:25:52,464 - INFO - Example /home/projects/bagon/shared/imagenet512/val/n03376595/ILSVRC2012_val_00040576.JPEG reached epsilon at step 1015, loss sum: 800.9052, final loss: 0.00099850, weight distance: 0.0734
2025-09-23 02:26:36,998 - INFO - Example /home/projects/bagon/shared/imagenet512/val/n02109961/ILSVRC2012_val_00032304.JPEG reached epsilon at step 1521, loss sum: 361.3599, final loss: 0.00099468, weight distance: 0.0856
2025-09-23 02:27:14,495 - INFO - Example /home/projects/bagon/shared/imagenet512/val/n04263257/ILSVRC2012_val_00040184.JPEG reached epsilon at step 1274, loss sum: 288.2257, final loss: 0.00099564, weight distance: 0.0723
2025-09-23 02:27:39,301 - INFO - Example /home/projects/bagon/shared/imagenet512/val/n02113186/ILSVRC2012_val_00043399.JPEG reached epsilon at step 832, loss sum: 55.3520, final loss: 0.00099850, weight distance: 0.0539
2025-09-23 02:28:15,778 - INFO - Example /home/projects/bagon/shared/imagenet512/val/n04026417/ILSVRC2012_val_00034222.JPEG reached epsilon at step 1239, loss sum: 434.2871, final loss: 0.00099850, weight distance: 0.0759
2025-09-23 02:28:32,725 - INFO - Example /home/projects/bagon/shared/imagenet512/val/n01796340/ILSVRC2012_val_00005100.JPEG reached epsilon at step 558, loss sum: 125.3032, final loss: 0.00099468, weight distance: 0.0406
2025-09-23 02:28:57,027 - INFO - Example /home/projects/bagon/shared/imagenet512/val/n03944341/ILSVRC2012_val_00028761.JPEG reached epsilon at step 815, loss sum: 685.3319, final loss: 0.00098705, weight distance: 0.0614
2025-09-23 02:30:01,815 - INFO - Example /home/projects/bagon/shared/imagenet512/val/n03691459/ILSVRC2012_val_00047542.JPEG reached epsilon at step 2229, loss sum: 2639.8160, final loss: 0.00099277, weight distance: 0.1431
2025-09-23 02:30:44,916 - INFO - Example /home/projects/bagon/shared/imagenet512/val/n03929855/ILSVRC2012_val_00014938.JPEG reached epsilon at step 1465, loss sum: 3088.3296, final loss: 0.00099945, weight distance: 0.1089
2025-09-23 02:31:24,570 - INFO - Example /home/projects/bagon/shared/imagenet512/val/n03476991/ILSVRC2012_val_00000856.JPEG reached epsilon at step 1350, loss sum: 1530.2545, final loss: 0.00099659, weight distance: 0.0911
2025-09-23 02:31:52,595 - INFO - Example /home/projects/bagon/shared/imagenet512/val/n04152593/ILSVRC2012_val_00044524.JPEG reached epsilon at step 944, loss sum: 166.7873, final loss: 0.00098801, weight distance: 0.0633
2025-09-23 02:32:20,695 - INFO - Example /home/projects/bagon/shared/imagenet512/val/n01530575/ILSVRC2012_val_00013512.JPEG reached epsilon at step 947, loss sum: 557.1187, final loss: 0.00099182, weight distance: 0.0683
2025-09-23 02:32:56,931 - INFO - Example /home/projects/bagon/shared/imagenet512/val/n07716358/ILSVRC2012_val_00010332.JPEG reached epsilon at step 1231, loss sum: 334.6919, final loss: 0.00098801, weight distance: 0.0790
2025-09-23 02:33:26,199 - INFO - Example /home/projects/bagon/shared/imagenet512/val/n02963159/ILSVRC2012_val_00008307.JPEG reached epsilon at step 987, loss sum: 151.7958, final loss: 0.00099087, weight distance: 0.0612
2025-09-23 02:33:57,322 - INFO - Example /home/projects/bagon/shared/imagenet512/val/n03063689/ILSVRC2012_val_00029788.JPEG reached epsilon at step 1053, loss sum: 102.7957, final loss: 0.00099087, weight distance: 0.0633
2025-09-23 02:34:30,101 - INFO - Example /home/projects/bagon/shared/imagenet512/val/n03942813/ILSVRC2012_val_00016600.JPEG reached epsilon at step 1109, loss sum: 2851.7165, final loss: 0.00098991, weight distance: 0.0859
2025-09-23 02:34:55,955 - INFO - Example /home/projects/bagon/shared/imagenet512/val/n02730930/ILSVRC2012_val_00037881.JPEG reached epsilon at step 869, loss sum: 474.5142, final loss: 0.00099373, weight distance: 0.0608
2025-09-23 02:35:38,069 - INFO - Example /home/projects/bagon/shared/imagenet512/val/n01697457/ILSVRC2012_val_00020667.JPEG reached epsilon at step 1427, loss sum: 1238.7790, final loss: 0.00099945, weight distance: 0.0943
2025-09-23 02:36:02,598 - INFO - Example /home/projects/bagon/shared/imagenet512/val/n02916936/ILSVRC2012_val_00025721.JPEG reached epsilon at step 811, loss sum: 550.0324, final loss: 0.00099659, weight distance: 0.0629
2025-09-23 02:36:39,889 - INFO - Example /home/projects/bagon/shared/imagenet512/val/n03481172/ILSVRC2012_val_00044583.JPEG reached epsilon at step 1267, loss sum: 761.2322, final loss: 0.00099564, weight distance: 0.0872
2025-09-23 02:37:14,092 - INFO - Example /home/projects/bagon/shared/imagenet512/val/n02776631/ILSVRC2012_val_00000008.JPEG reached epsilon at step 1161, loss sum: 768.7194, final loss: 0.00099087, weight distance: 0.0757
2025-09-23 02:37:41,160 - INFO - Example /home/projects/bagon/shared/imagenet512/val/n03388549/ILSVRC2012_val_00036037.JPEG reached epsilon at step 906, loss sum: 863.0394, final loss: 0.00099564, weight distance: 0.0672
2025-09-23 02:38:24,071 - INFO - Example /home/projects/bagon/shared/imagenet512/val/n02107908/ILSVRC2012_val_00041886.JPEG reached epsilon at step 1465, loss sum: 160.4050, final loss: 0.00099564, weight distance: 0.0810
2025-09-23 02:38:52,391 - INFO - Example /home/projects/bagon/shared/imagenet512/val/n03908714/ILSVRC2012_val_00023446.JPEG reached epsilon at step 956, loss sum: 307.7315, final loss: 0.00099850, weight distance: 0.0661
2025-09-23 02:39:17,320 - INFO - Example /home/projects/bagon/shared/imagenet512/val/n04380533/ILSVRC2012_val_00016180.JPEG reached epsilon at step 837, loss sum: 46.1614, final loss: 0.00098705, weight distance: 0.0488
2025-09-23 02:39:46,008 - INFO - Example /home/projects/bagon/shared/imagenet512/val/n04153751/ILSVRC2012_val_00037654.JPEG reached epsilon at step 969, loss sum: 127.5852, final loss: 0.00098801, weight distance: 0.0563
2025-09-23 02:40:11,019 - INFO - Example /home/projects/bagon/shared/imagenet512/val/n02699494/ILSVRC2012_val_00011759.JPEG reached epsilon at step 839, loss sum: 175.1559, final loss: 0.00099182, weight distance: 0.0549
2025-09-23 02:40:45,356 - INFO - Example /home/projects/bagon/shared/imagenet512/val/n02823428/ILSVRC2012_val_00007680.JPEG reached epsilon at step 1164, loss sum: 122.0088, final loss: 0.00099373, weight distance: 0.0667
2025-09-23 02:41:21,613 - INFO - Example /home/projects/bagon/shared/imagenet512/val/n03400231/ILSVRC2012_val_00031422.JPEG reached epsilon at step 1231, loss sum: 539.0801, final loss: 0.00099182, weight distance: 0.0739
2025-09-23 02:41:56,402 - INFO - Example /home/projects/bagon/shared/imagenet512/val/n03041632/ILSVRC2012_val_00027427.JPEG reached epsilon at step 1175, loss sum: 438.6100, final loss: 0.00099659, weight distance: 0.0757
2025-09-23 02:42:50,224 - INFO - Example /home/projects/bagon/shared/imagenet512/val/n03884397/ILSVRC2012_val_00009441.JPEG reached epsilon at step 1797, loss sum: 2350.9167, final loss: 0.00099945, weight distance: 0.1216
2025-09-23 02:43:33,238 - INFO - Example /home/projects/bagon/shared/imagenet512/val/n03866082/ILSVRC2012_val_00033395.JPEG reached epsilon at step 1467, loss sum: 416.8915, final loss: 0.00099754, weight distance: 0.0810
2025-09-23 02:44:02,850 - INFO - Example /home/projects/bagon/shared/imagenet512/val/n03476991/ILSVRC2012_val_00003959.JPEG reached epsilon at step 997, loss sum: 211.3867, final loss: 0.00099468, weight distance: 0.0636
2025-09-23 02:44:27,179 - INFO - Example /home/projects/bagon/shared/imagenet512/val/n04127249/ILSVRC2012_val_00041888.JPEG reached epsilon at step 786, loss sum: 439.0772, final loss: 0.00098896, weight distance: 0.0591
2025-09-23 02:44:49,492 - INFO - Example /home/projects/bagon/shared/imagenet512/val/n02098105/ILSVRC2012_val_00027820.JPEG reached epsilon at step 744, loss sum: 358.3305, final loss: 0.00099945, weight distance: 0.0549
2025-09-23 02:45:18,077 - INFO - Example /home/projects/bagon/shared/imagenet512/val/n03680355/ILSVRC2012_val_00034238.JPEG reached epsilon at step 964, loss sum: 437.3101, final loss: 0.00099373, weight distance: 0.0637
2025-09-23 02:45:58,306 - INFO - Example /home/projects/bagon/shared/imagenet512/val/n01667114/ILSVRC2012_val_00016633.JPEG reached epsilon at step 1369, loss sum: 390.7097, final loss: 0.00099850, weight distance: 0.0830
2025-09-23 02:46:16,013 - INFO - Example /home/projects/bagon/shared/imagenet512/val/n03160309/ILSVRC2012_val_00030594.JPEG reached epsilon at step 580, loss sum: 96.5060, final loss: 0.00099087, weight distance: 0.0428
2025-09-23 02:46:44,065 - INFO - Example /home/projects/bagon/shared/imagenet512/val/n03089624/ILSVRC2012_val_00048886.JPEG reached epsilon at step 944, loss sum: 192.4048, final loss: 0.00099564, weight distance: 0.0589
2025-09-23 02:47:09,537 - INFO - Example /home/projects/bagon/shared/imagenet512/val/n02231487/ILSVRC2012_val_00013535.JPEG reached epsilon at step 849, loss sum: 190.5134, final loss: 0.00099564, weight distance: 0.0584
2025-09-23 02:47:42,961 - INFO - Example /home/projects/bagon/shared/imagenet512/val/n03617480/ILSVRC2012_val_00035822.JPEG reached epsilon at step 1132, loss sum: 1161.8365, final loss: 0.00099564, weight distance: 0.0803
2025-09-23 02:48:15,300 - INFO - Example /home/projects/bagon/shared/imagenet512/val/n02487347/ILSVRC2012_val_00015926.JPEG reached epsilon at step 1098, loss sum: 780.1844, final loss: 0.00099850, weight distance: 0.0771
2025-09-23 02:48:38,891 - INFO - Example /home/projects/bagon/shared/imagenet512/val/n03255030/ILSVRC2012_val_00042722.JPEG reached epsilon at step 791, loss sum: 65.6445, final loss: 0.00099277, weight distance: 0.0469
2025-09-23 02:49:08,699 - INFO - Example /home/projects/bagon/shared/imagenet512/val/n01748264/ILSVRC2012_val_00049448.JPEG reached epsilon at step 1006, loss sum: 1255.5951, final loss: 0.00099945, weight distance: 0.0749
2025-09-23 02:49:48,912 - INFO - Example /home/projects/bagon/shared/imagenet512/val/n02835271/ILSVRC2012_val_00026900.JPEG reached epsilon at step 1371, loss sum: 813.2853, final loss: 0.00099754, weight distance: 0.0889
2025-09-23 02:50:31,153 - INFO - Example /home/projects/bagon/shared/imagenet512/val/n02009229/ILSVRC2012_val_00042026.JPEG reached epsilon at step 1444, loss sum: 1542.5599, final loss: 0.00099564, weight distance: 0.0998
2025-09-23 02:51:00,722 - INFO - Example /home/projects/bagon/shared/imagenet512/val/n03028079/ILSVRC2012_val_00031446.JPEG reached epsilon at step 996, loss sum: 95.1925, final loss: 0.00099850, weight distance: 0.0598
2025-09-23 02:51:20,513 - INFO - Example /home/projects/bagon/shared/imagenet512/val/n04033901/ILSVRC2012_val_00011707.JPEG reached epsilon at step 657, loss sum: 435.2492, final loss: 0.00099277, weight distance: 0.0514
2025-09-23 02:51:55,142 - INFO - Example /home/projects/bagon/shared/imagenet512/val/n03782006/ILSVRC2012_val_00039562.JPEG reached epsilon at step 1178, loss sum: 472.3441, final loss: 0.00099468, weight distance: 0.0750
2025-09-23 02:52:39,160 - INFO - Example /home/projects/bagon/shared/imagenet512/val/n02099267/ILSVRC2012_val_00022333.JPEG reached epsilon at step 1506, loss sum: 731.7157, final loss: 0.00098515, weight distance: 0.0970
2025-09-23 02:53:03,623 - INFO - Example /home/projects/bagon/shared/imagenet512/val/n03089624/ILSVRC2012_val_00015302.JPEG reached epsilon at step 822, loss sum: 61.2979, final loss: 0.00099945, weight distance: 0.0512
2025-09-23 02:53:24,091 - INFO - Example /home/projects/bagon/shared/imagenet512/val/n02869837/ILSVRC2012_val_00040107.JPEG reached epsilon at step 683, loss sum: 343.8787, final loss: 0.00098991, weight distance: 0.0546
2025-09-23 02:53:50,912 - INFO - Example /home/projects/bagon/shared/imagenet512/val/n09472597/ILSVRC2012_val_00039611.JPEG reached epsilon at step 905, loss sum: 941.7037, final loss: 0.00099373, weight distance: 0.0687
2025-09-23 02:54:28,108 - INFO - Example /home/projects/bagon/shared/imagenet512/val/n03452741/ILSVRC2012_val_00026127.JPEG reached epsilon at step 1268, loss sum: 609.6848, final loss: 0.00099182, weight distance: 0.0805
2025-09-23 02:55:02,445 - INFO - Example /home/projects/bagon/shared/imagenet512/val/n04116512/ILSVRC2012_val_00047135.JPEG reached epsilon at step 1166, loss sum: 303.0408, final loss: 0.00099182, weight distance: 0.0723
2025-09-23 02:55:44,124 - INFO - Example /home/projects/bagon/shared/imagenet512/val/n03594734/ILSVRC2012_val_00039574.JPEG reached epsilon at step 1421, loss sum: 1023.7576, final loss: 0.00099754, weight distance: 0.0975
2025-09-23 02:56:12,133 - INFO - Example /home/projects/bagon/shared/imagenet512/val/n02795169/ILSVRC2012_val_00015371.JPEG reached epsilon at step 945, loss sum: 184.7053, final loss: 0.00099087, weight distance: 0.0619
2025-09-23 02:56:56,165 - INFO - Example /home/projects/bagon/shared/imagenet512/val/n04263257/ILSVRC2012_val_00018765.JPEG reached epsilon at step 1503, loss sum: 586.1211, final loss: 0.00098991, weight distance: 0.0948
2025-09-23 02:57:39,258 - INFO - Example /home/projects/bagon/shared/imagenet512/val/n04392985/ILSVRC2012_val_00036640.JPEG reached epsilon at step 1459, loss sum: 216.3992, final loss: 0.00099373, weight distance: 0.0861
2025-09-23 02:58:37,422 - INFO - Example /home/projects/bagon/shared/imagenet512/val/n03933933/ILSVRC2012_val_00034480.JPEG reached epsilon at step 1998, loss sum: 3608.2753, final loss: 0.00099754, weight distance: 0.1241
2025-09-23 02:59:01,176 - INFO - Example /home/projects/bagon/shared/imagenet512/val/n03630383/ILSVRC2012_val_00032567.JPEG reached epsilon at step 792, loss sum: 558.3047, final loss: 0.00098801, weight distance: 0.0601
2025-09-23 02:59:35,172 - INFO - Example /home/projects/bagon/shared/imagenet512/val/n03814639/ILSVRC2012_val_00013194.JPEG reached epsilon at step 1152, loss sum: 1738.4501, final loss: 0.00099945, weight distance: 0.0885
2025-09-23 03:00:15,432 - INFO - Example /home/projects/bagon/shared/imagenet512/val/n02108089/ILSVRC2012_val_00045933.JPEG reached epsilon at step 1373, loss sum: 1902.9593, final loss: 0.00099468, weight distance: 0.0949
2025-09-23 03:00:52,220 - INFO - Example /home/projects/bagon/shared/imagenet512/val/n02791124/ILSVRC2012_val_00004679.JPEG reached epsilon at step 1252, loss sum: 1021.9920, final loss: 0.00099373, weight distance: 0.0816
2025-09-23 03:01:30,297 - INFO - Example /home/projects/bagon/shared/imagenet512/val/n03877845/ILSVRC2012_val_00004524.JPEG reached epsilon at step 1297, loss sum: 424.0590, final loss: 0.00099945, weight distance: 0.0816
2025-09-23 03:02:09,848 - INFO - Example /home/projects/bagon/shared/imagenet512/val/n02422699/ILSVRC2012_val_00025352.JPEG reached epsilon at step 1349, loss sum: 275.6896, final loss: 0.00098896, weight distance: 0.0796
2025-09-23 03:02:44,674 - INFO - Example /home/projects/bagon/shared/imagenet512/val/n02105251/ILSVRC2012_val_00041178.JPEG reached epsilon at step 1185, loss sum: 264.9469, final loss: 0.00099468, weight distance: 0.0706
2025-09-23 03:03:13,321 - INFO - Example /home/projects/bagon/shared/imagenet512/val/n02106382/ILSVRC2012_val_00022254.JPEG reached epsilon at step 968, loss sum: 132.3951, final loss: 0.00099277, weight distance: 0.0599
2025-09-23 03:03:43,745 - INFO - Example /home/projects/bagon/shared/imagenet512/val/n03785016/ILSVRC2012_val_00024487.JPEG reached epsilon at step 1032, loss sum: 214.6875, final loss: 0.00099373, weight distance: 0.0625
2025-09-23 03:04:15,903 - INFO - Example /home/projects/bagon/shared/imagenet512/val/n03089624/ILSVRC2012_val_00039840.JPEG reached epsilon at step 1095, loss sum: 345.1460, final loss: 0.00099564, weight distance: 0.0731
2025-09-23 03:04:47,235 - INFO - Example /home/projects/bagon/shared/imagenet512/val/n02869837/ILSVRC2012_val_00009041.JPEG reached epsilon at step 1061, loss sum: 1601.0718, final loss: 0.00099754, weight distance: 0.0763
2025-09-23 03:05:18,657 - INFO - Example /home/projects/bagon/shared/imagenet512/val/n02105056/ILSVRC2012_val_00001109.JPEG reached epsilon at step 1066, loss sum: 783.2372, final loss: 0.00099945, weight distance: 0.0732
2025-09-23 03:05:52,055 - INFO - Example /home/projects/bagon/shared/imagenet512/val/n01930112/ILSVRC2012_val_00017983.JPEG reached epsilon at step 1135, loss sum: 1005.9150, final loss: 0.00099468, weight distance: 0.0794
2025-09-23 03:06:11,154 - INFO - Example /home/projects/bagon/shared/imagenet512/val/n04162706/ILSVRC2012_val_00032515.JPEG reached epsilon at step 635, loss sum: 317.7391, final loss: 0.00098991, weight distance: 0.0499
2025-09-23 03:06:40,681 - INFO - Example /home/projects/bagon/shared/imagenet512/val/n02095570/ILSVRC2012_val_00036793.JPEG reached epsilon at step 1000, loss sum: 232.1115, final loss: 0.00099468, weight distance: 0.0676
2025-09-23 03:07:13,595 - INFO - Example /home/projects/bagon/shared/imagenet512/val/n03062245/ILSVRC2012_val_00041567.JPEG reached epsilon at step 1117, loss sum: 481.1552, final loss: 0.00099087, weight distance: 0.0733
2025-09-23 03:07:43,396 - INFO - Example /home/projects/bagon/shared/imagenet512/val/n03690938/ILSVRC2012_val_00045173.JPEG reached epsilon at step 994, loss sum: 31.0949, final loss: 0.00099659, weight distance: 0.0534
2025-09-23 03:07:59,315 - INFO - Example /home/projects/bagon/shared/imagenet512/val/n04192698/ILSVRC2012_val_00001173.JPEG reached epsilon at step 523, loss sum: 45.2384, final loss: 0.00099277, weight distance: 0.0372
2025-09-23 03:08:36,855 - INFO - Example /home/projects/bagon/shared/imagenet512/val/n02167151/ILSVRC2012_val_00037713.JPEG reached epsilon at step 1279, loss sum: 293.7026, final loss: 0.00099277, weight distance: 0.0777
2025-09-23 03:09:13,948 - INFO - Example /home/projects/bagon/shared/imagenet512/val/n02747177/ILSVRC2012_val_00012984.JPEG reached epsilon at step 1264, loss sum: 1004.1000, final loss: 0.00099373, weight distance: 0.0886
2025-09-23 03:09:53,178 - INFO - Example /home/projects/bagon/shared/imagenet512/val/n03995372/ILSVRC2012_val_00004543.JPEG reached epsilon at step 1336, loss sum: 1253.7793, final loss: 0.00099754, weight distance: 0.0914
2025-09-23 03:10:36,195 - INFO - Example /home/projects/bagon/shared/imagenet512/val/n02692877/ILSVRC2012_val_00035876.JPEG reached epsilon at step 1472, loss sum: 1908.1315, final loss: 0.00099850, weight distance: 0.1006
2025-09-23 03:11:17,662 - INFO - Example /home/projects/bagon/shared/imagenet512/val/n03535780/ILSVRC2012_val_00047312.JPEG reached epsilon at step 1413, loss sum: 849.6976, final loss: 0.00099659, weight distance: 0.0872
2025-09-23 03:11:50,899 - INFO - Example /home/projects/bagon/shared/imagenet512/val/n03709823/ILSVRC2012_val_00001860.JPEG reached epsilon at step 1129, loss sum: 113.5643, final loss: 0.00098896, weight distance: 0.0654
2025-09-23 03:12:20,735 - INFO - Example /home/projects/bagon/shared/imagenet512/val/n04443257/ILSVRC2012_val_00023578.JPEG reached epsilon at step 1009, loss sum: 335.1974, final loss: 0.00099182, weight distance: 0.0683
2025-09-23 03:12:47,765 - INFO - Example /home/projects/bagon/shared/imagenet512/val/n03770679/ILSVRC2012_val_00044089.JPEG reached epsilon at step 909, loss sum: 244.4440, final loss: 0.00099182, weight distance: 0.0621
2025-09-23 03:13:12,990 - INFO - Example /home/projects/bagon/shared/imagenet512/val/n03476684/ILSVRC2012_val_00016238.JPEG reached epsilon at step 845, loss sum: 308.2222, final loss: 0.00098801, weight distance: 0.0622
2025-09-23 03:13:40,928 - INFO - Example /home/projects/bagon/shared/imagenet512/val/n02843684/ILSVRC2012_val_00025083.JPEG reached epsilon at step 940, loss sum: 288.9438, final loss: 0.00099850, weight distance: 0.0646
2025-09-23 03:14:17,370 - INFO - Example /home/projects/bagon/shared/imagenet512/val/n01667114/ILSVRC2012_val_00025567.JPEG reached epsilon at step 1239, loss sum: 186.6637, final loss: 0.00099945, weight distance: 0.0699
2025-09-23 03:14:50,769 - INFO - Example /home/projects/bagon/shared/imagenet512/val/n02086240/ILSVRC2012_val_00036888.JPEG reached epsilon at step 1132, loss sum: 188.0447, final loss: 0.00098801, weight distance: 0.0701
2025-09-23 03:15:14,745 - INFO - Example /home/projects/bagon/shared/imagenet512/val/n04179913/ILSVRC2012_val_00002518.JPEG reached epsilon at step 803, loss sum: 826.2915, final loss: 0.00099659, weight distance: 0.0637
2025-09-23 03:15:45,871 - INFO - Example /home/projects/bagon/shared/imagenet512/val/n03920288/ILSVRC2012_val_00023466.JPEG reached epsilon at step 1053, loss sum: 604.3893, final loss: 0.00099182, weight distance: 0.0744
2025-09-23 03:16:27,358 - INFO - Example /home/projects/bagon/shared/imagenet512/val/n04127249/ILSVRC2012_val_00025670.JPEG reached epsilon at step 1412, loss sum: 2179.4378, final loss: 0.00099277, weight distance: 0.1034
2025-09-23 03:17:10,516 - INFO - Example /home/projects/bagon/shared/imagenet512/val/n02786058/ILSVRC2012_val_00027029.JPEG reached epsilon at step 1472, loss sum: 1832.6188, final loss: 0.00099945, weight distance: 0.1039
2025-09-23 03:17:34,755 - INFO - Example /home/projects/bagon/shared/imagenet512/val/n04442312/ILSVRC2012_val_00031310.JPEG reached epsilon at step 796, loss sum: 1132.4304, final loss: 0.00099945, weight distance: 0.0629
2025-09-23 03:18:04,097 - INFO - Example /home/projects/bagon/shared/imagenet512/val/n03998194/ILSVRC2012_val_00049687.JPEG reached epsilon at step 975, loss sum: 412.0657, final loss: 0.00098705, weight distance: 0.0679
2025-09-23 03:18:41,751 - INFO - Example /home/projects/bagon/shared/imagenet512/val/n03045698/ILSVRC2012_val_00008369.JPEG reached epsilon at step 1279, loss sum: 1138.7818, final loss: 0.00099945, weight distance: 0.0871
2025-09-23 03:19:12,786 - INFO - Example /home/projects/bagon/shared/imagenet512/val/n04532670/ILSVRC2012_val_00016295.JPEG reached epsilon at step 1050, loss sum: 600.0907, final loss: 0.00098896, weight distance: 0.0704
2025-09-23 03:19:42,690 - INFO - Example /home/projects/bagon/shared/imagenet512/val/n03776460/ILSVRC2012_val_00038128.JPEG reached epsilon at step 1011, loss sum: 170.3158, final loss: 0.00099277, weight distance: 0.0628
2025-09-23 03:20:02,818 - INFO - Example /home/projects/bagon/shared/imagenet512/val/n04435653/ILSVRC2012_val_00027687.JPEG reached epsilon at step 669, loss sum: 577.6853, final loss: 0.00099182, weight distance: 0.0519
2025-09-23 03:20:32,720 - INFO - Example /home/projects/bagon/shared/imagenet512/val/n04553703/ILSVRC2012_val_00041632.JPEG reached epsilon at step 1011, loss sum: 213.8702, final loss: 0.00099754, weight distance: 0.0628
2025-09-23 03:21:11,276 - INFO - Example /home/projects/bagon/shared/imagenet512/val/n03977966/ILSVRC2012_val_00036375.JPEG reached epsilon at step 1313, loss sum: 990.7061, final loss: 0.00099182, weight distance: 0.0926
2025-09-23 03:21:54,304 - INFO - Example /home/projects/bagon/shared/imagenet512/val/n03976657/ILSVRC2012_val_00006976.JPEG reached epsilon at step 1468, loss sum: 667.4859, final loss: 0.00099277, weight distance: 0.0895
2025-09-23 03:22:22,962 - INFO - Example /home/projects/bagon/shared/imagenet512/val/n02096177/ILSVRC2012_val_00030479.JPEG reached epsilon at step 967, loss sum: 572.2920, final loss: 0.00098991, weight distance: 0.0686
2025-09-23 03:22:51,651 - INFO - Example /home/projects/bagon/shared/imagenet512/val/n04335435/ILSVRC2012_val_00046946.JPEG reached epsilon at step 968, loss sum: 272.6721, final loss: 0.00099754, weight distance: 0.0612
2025-09-23 03:23:27,416 - INFO - Example /home/projects/bagon/shared/imagenet512/val/n02497673/ILSVRC2012_val_00045299.JPEG reached epsilon at step 1210, loss sum: 483.4680, final loss: 0.00099277, weight distance: 0.0708
2025-09-23 03:23:51,692 - INFO - Example /home/projects/bagon/shared/imagenet512/val/n03127925/ILSVRC2012_val_00020004.JPEG reached epsilon at step 813, loss sum: 258.4773, final loss: 0.00099564, weight distance: 0.0566
2025-09-23 03:24:21,833 - INFO - Example /home/projects/bagon/shared/imagenet512/val/n03764736/ILSVRC2012_val_00034439.JPEG reached epsilon at step 1013, loss sum: 749.4576, final loss: 0.00098991, weight distance: 0.0732
2025-09-23 03:24:49,439 - INFO - Example /home/projects/bagon/shared/imagenet512/val/n03089624/ILSVRC2012_val_00041487.JPEG reached epsilon at step 926, loss sum: 183.4342, final loss: 0.00099373, weight distance: 0.0611
2025-09-23 03:25:18,901 - INFO - Example /home/projects/bagon/shared/imagenet512/val/n07584110/ILSVRC2012_val_00011392.JPEG reached epsilon at step 993, loss sum: 610.7884, final loss: 0.00099564, weight distance: 0.0731
2025-09-23 03:25:50,404 - INFO - Example /home/projects/bagon/shared/imagenet512/val/n07579787/ILSVRC2012_val_00013030.JPEG reached epsilon at step 1065, loss sum: 136.3863, final loss: 0.00098896, weight distance: 0.0636
2025-09-23 03:26:19,333 - INFO - Example /home/projects/bagon/shared/imagenet512/val/n09332890/ILSVRC2012_val_00037421.JPEG reached epsilon at step 975, loss sum: 97.7760, final loss: 0.00099659, weight distance: 0.0604
2025-09-23 03:26:52,212 - INFO - Example /home/projects/bagon/shared/imagenet512/val/n04136333/ILSVRC2012_val_00019762.JPEG reached epsilon at step 1113, loss sum: 179.5507, final loss: 0.00098991, weight distance: 0.0674
2025-09-23 03:27:11,433 - INFO - Example /home/projects/bagon/shared/imagenet512/val/n02447366/ILSVRC2012_val_00023870.JPEG reached epsilon at step 637, loss sum: 259.2844, final loss: 0.00099182, weight distance: 0.0482
2025-09-23 03:27:44,465 - INFO - Example /home/projects/bagon/shared/imagenet512/val/n04254120/ILSVRC2012_val_00026459.JPEG reached epsilon at step 1118, loss sum: 385.0581, final loss: 0.00098991, weight distance: 0.0696
2025-09-23 03:28:09,561 - INFO - Example /home/projects/bagon/shared/imagenet512/val/n02445715/ILSVRC2012_val_00008517.JPEG reached epsilon at step 841, loss sum: 466.3832, final loss: 0.00099850, weight distance: 0.0624
2025-09-23 03:28:34,283 - INFO - Example /home/projects/bagon/shared/imagenet512/val/n04228054/ILSVRC2012_val_00004798.JPEG reached epsilon at step 825, loss sum: 441.7494, final loss: 0.00099277, weight distance: 0.0609
2025-09-23 03:29:08,627 - INFO - Example /home/projects/bagon/shared/imagenet512/val/n04154565/ILSVRC2012_val_00011280.JPEG reached epsilon at step 1165, loss sum: 758.3960, final loss: 0.00098991, weight distance: 0.0822
2025-09-23 03:29:40,160 - INFO - Example /home/projects/bagon/shared/imagenet512/val/n02804414/ILSVRC2012_val_00004383.JPEG reached epsilon at step 1065, loss sum: 360.4670, final loss: 0.00099850, weight distance: 0.0658
2025-09-23 03:30:18,281 - INFO - Example /home/projects/bagon/shared/imagenet512/val/n09421951/ILSVRC2012_val_00048253.JPEG reached epsilon at step 1297, loss sum: 739.2059, final loss: 0.00098896, weight distance: 0.0823
2025-09-23 03:30:54,449 - INFO - Example /home/projects/bagon/shared/imagenet512/val/n03110669/ILSVRC2012_val_00007427.JPEG reached epsilon at step 1229, loss sum: 266.1658, final loss: 0.00099373, weight distance: 0.0756
2025-09-23 03:31:27,624 - INFO - Example /home/projects/bagon/shared/imagenet512/val/n09193705/ILSVRC2012_val_00011422.JPEG reached epsilon at step 1124, loss sum: 252.2376, final loss: 0.00098801, weight distance: 0.0700
2025-09-23 03:31:51,085 - INFO - Example /home/projects/bagon/shared/imagenet512/val/n01644373/ILSVRC2012_val_00034290.JPEG reached epsilon at step 782, loss sum: 78.4000, final loss: 0.00099659, weight distance: 0.0495
2025-09-23 03:32:28,628 - INFO - Example /home/projects/bagon/shared/imagenet512/val/n09332890/ILSVRC2012_val_00015143.JPEG reached epsilon at step 1276, loss sum: 473.4746, final loss: 0.00099850, weight distance: 0.0828
2025-09-23 03:33:10,169 - INFO - Example /home/projects/bagon/shared/imagenet512/val/n02108089/ILSVRC2012_val_00010648.JPEG reached epsilon at step 1406, loss sum: 768.4473, final loss: 0.00099754, weight distance: 0.0924
2025-09-23 03:33:42,476 - INFO - Example /home/projects/bagon/shared/imagenet512/val/n04229816/ILSVRC2012_val_00049073.JPEG reached epsilon at step 1093, loss sum: 220.1181, final loss: 0.00098896, weight distance: 0.0685
2025-09-23 03:34:09,161 - INFO - Example /home/projects/bagon/shared/imagenet512/val/n01740131/ILSVRC2012_val_00023015.JPEG reached epsilon at step 897, loss sum: 168.9914, final loss: 0.00098705, weight distance: 0.0608
2025-09-23 03:34:41,834 - INFO - Example /home/projects/bagon/shared/imagenet512/val/n04418357/ILSVRC2012_val_00049138.JPEG reached epsilon at step 1107, loss sum: 215.6149, final loss: 0.00099850, weight distance: 0.0650
2025-09-23 03:35:08,504 - INFO - Example /home/projects/bagon/shared/imagenet512/val/n03697007/ILSVRC2012_val_00009180.JPEG reached epsilon at step 891, loss sum: 429.9266, final loss: 0.00099564, weight distance: 0.0608
2025-09-23 03:35:45,073 - INFO - Example /home/projects/bagon/shared/imagenet512/val/n01756291/ILSVRC2012_val_00030623.JPEG reached epsilon at step 1241, loss sum: 144.9675, final loss: 0.00098705, weight distance: 0.0733
2025-09-23 03:35:45,673 - INFO - Time limit reached. Exiting before starting next example.
