2025-09-23 01:58:14,756 - INFO - Parsed arguments:
2025-09-23 01:58:14,756 - INFO -   amp_dtype = None
2025-09-23 01:58:14,756 - INFO -   bars_npy = /home/projects/bagon/andreyg/Projects/BMM_school/Universal_learning/Programming/bars/geq6wrong_21017_geq6correct_1525_imagenet.npy
2025-09-23 01:58:14,756 - INFO -   cka_layer_fraction = 0.05
2025-09-23 01:58:14,756 - INFO -   current_worker = 5
2025-09-23 01:58:14,756 - INFO -   deterministic = True
2025-09-23 01:58:14,756 - INFO -   device = cuda
2025-09-23 01:58:14,756 - INFO -   epsilon = 0.001
2025-09-23 01:58:14,756 - INFO -   examples_csv = /home/projects/bagon/andreyg/Projects/BMM_school/Universal_learning/Programming/bars/geq6wrong_21017_geq6correct_1525_imagenet_examples_ammended.csv
2025-09-23 01:58:14,756 - INFO -   explicit_examples_for_training = None
2025-09-23 01:58:14,756 - INFO -   grad_clip_norm = 1.0
2025-09-23 01:58:14,756 - INFO -   hierarchy_json = /home/projects/bagon/andreyg/Projects/BMM_school/Universal_learning/Programming/bars/imagenet_synset_hierarchy.json
2025-09-23 01:58:14,756 - INFO -   imagenet_models_csv = /home/projects/bagon/andreyg/Projects/BMM_school/Universal_learning/Programming/bars/imagenet_models.csv
2025-09-23 01:58:14,756 - INFO -   lr = 0.0001
2025-09-23 01:58:14,756 - INFO -   max_examples = 50000
2025-09-23 01:58:14,756 - INFO -   max_steps_per_example = 10000
2025-09-23 01:58:14,756 - INFO -   model_csv_name = vgg_13_224_tv_imagenet_1k
2025-09-23 01:58:14,756 - INFO -   model_name = vgg13.tv_in1k
2025-09-23 01:58:14,756 - INFO -   no_amp = False
2025-09-23 01:58:14,756 - INFO -   num_workers = 8
2025-09-23 01:58:14,756 - INFO -   output_dir = /home/projects/bagon/andreyg/Projects/BMM_school/Universal_learning/Programming/training_gradient_evaluator_single_loss_parallel/output_parallel_8_workers_trial_2
2025-09-23 01:58:14,757 - INFO -   root_dir = None
2025-09-23 01:58:14,757 - INFO -   seed = 1337
2025-09-23 01:58:14,757 - INFO -   time_limit_seconds = 6300
2025-09-23 01:58:14,757 - INFO -   weight_decay = 0.0
2025-09-23 01:58:14,757 - INFO -   zero_aug_train = False
2025-09-23 01:58:16,908 - INFO - Loaded TIMM pretrained weights for vgg13.tv_in1k
2025-09-23 01:58:16,909 - INFO - pretrained_cfg.url= hf_hub_id=timm/vgg13.tv_in1k
2025-09-23 01:58:17,352 - INFO - Training configuration:
2025-09-23 01:58:17,353 - INFO -   lr = 0.0001
2025-09-23 01:58:17,353 - INFO -   weight_decay = 0.0
2025-09-23 01:58:17,353 - INFO -   max_steps = 10000
2025-09-23 01:58:17,353 - INFO -   epsilon = 0.001
2025-09-23 01:58:17,353 - INFO -   device = cuda
2025-09-23 01:58:17,353 - INFO -   use_amp = True
2025-09-23 01:58:17,353 - INFO -   amp_dtype = None
2025-09-23 01:58:17,353 - INFO -   gradient_clip_norm = 1.0
2025-09-23 01:59:01,315 - INFO - Example /home/projects/bagon/shared/imagenet512/val/n03877845/ILSVRC2012_val_00003804.JPEG reached epsilon at step 1260, loss sum: 415.6808, final loss: 0.00099945, weight distance: 0.0796
2025-09-23 01:59:45,247 - INFO - Example /home/projects/bagon/shared/imagenet512/val/n03028079/ILSVRC2012_val_00039477.JPEG reached epsilon at step 1443, loss sum: 421.2031, final loss: 0.00099754, weight distance: 0.0844
2025-09-23 02:00:02,401 - INFO - Example /home/projects/bagon/shared/imagenet512/val/n03347037/ILSVRC2012_val_00049415.JPEG reached epsilon at step 528, loss sum: 75.3462, final loss: 0.00099564, weight distance: 0.0394
2025-09-23 02:00:29,495 - INFO - Example /home/projects/bagon/shared/imagenet512/val/n02791270/ILSVRC2012_val_00043032.JPEG reached epsilon at step 899, loss sum: 476.4279, final loss: 0.00099754, weight distance: 0.0642
2025-09-23 02:01:14,392 - INFO - Example /home/projects/bagon/shared/imagenet512/val/n04208210/ILSVRC2012_val_00043683.JPEG reached epsilon at step 1545, loss sum: 1346.9273, final loss: 0.00099850, weight distance: 0.1052
2025-09-23 02:01:51,954 - INFO - Example /home/projects/bagon/shared/imagenet512/val/n03063689/ILSVRC2012_val_00033518.JPEG reached epsilon at step 1255, loss sum: 409.7652, final loss: 0.00099850, weight distance: 0.0808
2025-09-23 02:02:25,665 - INFO - Example /home/projects/bagon/shared/imagenet512/val/n02930766/ILSVRC2012_val_00039097.JPEG reached epsilon at step 1073, loss sum: 495.5073, final loss: 0.00099945, weight distance: 0.0743
2025-09-23 02:02:53,880 - INFO - Example /home/projects/bagon/shared/imagenet512/val/n02119789/ILSVRC2012_val_00047804.JPEG reached epsilon at step 954, loss sum: 120.3592, final loss: 0.00098419, weight distance: 0.0589
2025-09-23 02:03:22,495 - INFO - Example /home/projects/bagon/shared/imagenet512/val/n02091134/ILSVRC2012_val_00017871.JPEG reached epsilon at step 962, loss sum: 81.5992, final loss: 0.00099850, weight distance: 0.0567
2025-09-23 02:03:47,064 - INFO - Example /home/projects/bagon/shared/imagenet512/val/n02102318/ILSVRC2012_val_00019914.JPEG reached epsilon at step 621, loss sum: 106.3903, final loss: 0.00099754, weight distance: 0.0443
2025-09-23 02:04:08,242 - INFO - Example /home/projects/bagon/shared/imagenet512/val/n02408429/ILSVRC2012_val_00002726.JPEG reached epsilon at step 635, loss sum: 53.6015, final loss: 0.00099468, weight distance: 0.0430
2025-09-23 02:04:35,789 - INFO - Example /home/projects/bagon/shared/imagenet512/val/n04376876/ILSVRC2012_val_00026871.JPEG reached epsilon at step 895, loss sum: 350.2942, final loss: 0.00099087, weight distance: 0.0626
2025-09-23 02:05:12,167 - INFO - Example /home/projects/bagon/shared/imagenet512/val/n04263257/ILSVRC2012_val_00024667.JPEG reached epsilon at step 1241, loss sum: 373.8500, final loss: 0.00099945, weight distance: 0.0763
2025-09-23 02:05:40,606 - INFO - Example /home/projects/bagon/shared/imagenet512/val/n02412080/ILSVRC2012_val_00003314.JPEG reached epsilon at step 955, loss sum: 118.2170, final loss: 0.00097036, weight distance: 0.0618
2025-09-23 02:06:17,601 - INFO - Example /home/projects/bagon/shared/imagenet512/val/n02415577/ILSVRC2012_val_00004840.JPEG reached epsilon at step 1258, loss sum: 86.3465, final loss: 0.00099850, weight distance: 0.0694
2025-09-23 02:06:38,360 - INFO - Example /home/projects/bagon/shared/imagenet512/val/n03384352/ILSVRC2012_val_00001579.JPEG reached epsilon at step 679, loss sum: 344.2643, final loss: 0.00099564, weight distance: 0.0523
2025-09-23 02:07:00,904 - INFO - Example /home/projects/bagon/shared/imagenet512/val/n02817516/ILSVRC2012_val_00018607.JPEG reached epsilon at step 760, loss sum: 794.2627, final loss: 0.00099087, weight distance: 0.0588
2025-09-23 02:07:28,788 - INFO - Example /home/projects/bagon/shared/imagenet512/val/n02099267/ILSVRC2012_val_00020892.JPEG reached epsilon at step 941, loss sum: 229.6276, final loss: 0.00098610, weight distance: 0.0564
2025-09-23 02:08:07,998 - INFO - Example /home/projects/bagon/shared/imagenet512/val/n04461696/ILSVRC2012_val_00027753.JPEG reached epsilon at step 1339, loss sum: 1166.6098, final loss: 0.00099850, weight distance: 0.0900
2025-09-23 02:08:25,733 - INFO - Example /home/projects/bagon/shared/imagenet512/val/n04344873/ILSVRC2012_val_00011083.JPEG reached epsilon at step 587, loss sum: 15.4751, final loss: 0.00099754, weight distance: 0.0341
2025-09-23 02:08:53,811 - INFO - Example /home/projects/bagon/shared/imagenet512/val/n02108422/ILSVRC2012_val_00026273.JPEG reached epsilon at step 950, loss sum: 177.8675, final loss: 0.00099945, weight distance: 0.0636
2025-09-23 02:09:27,655 - INFO - Example /home/projects/bagon/shared/imagenet512/val/n03372029/ILSVRC2012_val_00037468.JPEG reached epsilon at step 1137, loss sum: 455.1233, final loss: 0.00099754, weight distance: 0.0782
2025-09-23 02:09:50,641 - INFO - Example /home/projects/bagon/shared/imagenet512/val/n03958227/ILSVRC2012_val_00016850.JPEG reached epsilon at step 761, loss sum: 311.3800, final loss: 0.00099945, weight distance: 0.0549
2025-09-23 02:10:35,456 - INFO - Example /home/projects/bagon/shared/imagenet512/val/n01496331/ILSVRC2012_val_00004698.JPEG reached epsilon at step 1534, loss sum: 569.3038, final loss: 0.00099945, weight distance: 0.0953
2025-09-23 02:11:10,063 - INFO - Example /home/projects/bagon/shared/imagenet512/val/n02641379/ILSVRC2012_val_00005915.JPEG reached epsilon at step 1178, loss sum: 1376.4552, final loss: 0.00099850, weight distance: 0.0847
2025-09-23 02:11:51,207 - INFO - Example /home/projects/bagon/shared/imagenet512/val/n03710637/ILSVRC2012_val_00006979.JPEG reached epsilon at step 1407, loss sum: 179.2531, final loss: 0.00099945, weight distance: 0.0781
2025-09-23 02:12:15,348 - INFO - Example /home/projects/bagon/shared/imagenet512/val/n03141823/ILSVRC2012_val_00033498.JPEG reached epsilon at step 801, loss sum: 1200.8569, final loss: 0.00099754, weight distance: 0.0653
2025-09-23 02:12:50,031 - INFO - Example /home/projects/bagon/shared/imagenet512/val/n03871628/ILSVRC2012_val_00022943.JPEG reached epsilon at step 1060, loss sum: 436.1407, final loss: 0.00099087, weight distance: 0.0709
2025-09-23 02:13:35,425 - INFO - Example /home/projects/bagon/shared/imagenet512/val/n03633091/ILSVRC2012_val_00046680.JPEG reached epsilon at step 1491, loss sum: 1759.1405, final loss: 0.00099850, weight distance: 0.1048
2025-09-23 02:14:11,586 - INFO - Example /home/projects/bagon/shared/imagenet512/val/n04548362/ILSVRC2012_val_00006169.JPEG reached epsilon at step 1206, loss sum: 509.0689, final loss: 0.00099468, weight distance: 0.0751
2025-09-23 02:14:53,762 - INFO - Example /home/projects/bagon/shared/imagenet512/val/n03770439/ILSVRC2012_val_00034072.JPEG reached epsilon at step 1382, loss sum: 932.6069, final loss: 0.00099468, weight distance: 0.0874
2025-09-23 02:15:25,024 - INFO - Example /home/projects/bagon/shared/imagenet512/val/n04548362/ILSVRC2012_val_00036228.JPEG reached epsilon at step 1047, loss sum: 439.8086, final loss: 0.00099754, weight distance: 0.0728
2025-09-23 02:15:57,259 - INFO - Example /home/projects/bagon/shared/imagenet512/val/n02804610/ILSVRC2012_val_00011135.JPEG reached epsilon at step 1094, loss sum: 869.0333, final loss: 0.00099277, weight distance: 0.0810
2025-09-23 02:16:35,249 - INFO - Example /home/projects/bagon/shared/imagenet512/val/n02895154/ILSVRC2012_val_00034336.JPEG reached epsilon at step 1295, loss sum: 442.6771, final loss: 0.00099945, weight distance: 0.0838
2025-09-23 02:17:18,876 - INFO - Example /home/projects/bagon/shared/imagenet512/val/n03110669/ILSVRC2012_val_00015238.JPEG reached epsilon at step 1492, loss sum: 874.0578, final loss: 0.00099182, weight distance: 0.0971
2025-09-23 02:17:55,643 - INFO - Example /home/projects/bagon/shared/imagenet512/val/n02268853/ILSVRC2012_val_00035819.JPEG reached epsilon at step 1234, loss sum: 255.5866, final loss: 0.00099277, weight distance: 0.0756
2025-09-23 02:18:16,940 - INFO - Example /home/projects/bagon/shared/imagenet512/val/n03662601/ILSVRC2012_val_00048015.JPEG reached epsilon at step 689, loss sum: 119.6723, final loss: 0.00099277, weight distance: 0.0466
2025-09-23 02:18:47,847 - INFO - Example /home/projects/bagon/shared/imagenet512/val/n02051845/ILSVRC2012_val_00048644.JPEG reached epsilon at step 1032, loss sum: 660.1051, final loss: 0.00099087, weight distance: 0.0710
2025-09-23 02:19:21,775 - INFO - Example /home/projects/bagon/shared/imagenet512/val/n04423845/ILSVRC2012_val_00001263.JPEG reached epsilon at step 1155, loss sum: 1169.2703, final loss: 0.00099945, weight distance: 0.0845
2025-09-23 02:19:57,685 - INFO - Example /home/projects/bagon/shared/imagenet512/val/n03532672/ILSVRC2012_val_00016133.JPEG reached epsilon at step 1230, loss sum: 607.0146, final loss: 0.00099277, weight distance: 0.0861
2025-09-23 02:20:21,998 - INFO - Example /home/projects/bagon/shared/imagenet512/val/n03223299/ILSVRC2012_val_00040733.JPEG reached epsilon at step 820, loss sum: 517.4109, final loss: 0.00099182, weight distance: 0.0601
2025-09-23 02:20:45,923 - INFO - Example /home/projects/bagon/shared/imagenet512/val/n04579145/ILSVRC2012_val_00035950.JPEG reached epsilon at step 810, loss sum: 227.9944, final loss: 0.00099754, weight distance: 0.0583
2025-09-23 02:21:12,242 - INFO - Example /home/projects/bagon/shared/imagenet512/val/n03930630/ILSVRC2012_val_00017360.JPEG reached epsilon at step 894, loss sum: 151.9686, final loss: 0.00098896, weight distance: 0.0590
2025-09-23 02:22:02,187 - INFO - Example /home/projects/bagon/shared/imagenet512/val/n03710721/ILSVRC2012_val_00010762.JPEG reached epsilon at step 1725, loss sum: 173.6662, final loss: 0.00099754, weight distance: 0.0914
2025-09-23 02:22:32,419 - INFO - Example /home/projects/bagon/shared/imagenet512/val/n03124043/ILSVRC2012_val_00002116.JPEG reached epsilon at step 1027, loss sum: 2287.6148, final loss: 0.00099373, weight distance: 0.0832
2025-09-23 02:23:06,264 - INFO - Example /home/projects/bagon/shared/imagenet512/val/n02281787/ILSVRC2012_val_00026704.JPEG reached epsilon at step 1155, loss sum: 507.7416, final loss: 0.00099659, weight distance: 0.0768
2025-09-23 02:23:45,473 - INFO - Example /home/projects/bagon/shared/imagenet512/val/n03075370/ILSVRC2012_val_00006660.JPEG reached epsilon at step 1348, loss sum: 1965.7863, final loss: 0.00099945, weight distance: 0.0993
2025-09-23 02:24:29,179 - INFO - Example /home/projects/bagon/shared/imagenet512/val/n01644900/ILSVRC2012_val_00044262.JPEG reached epsilon at step 1506, loss sum: 1557.5935, final loss: 0.00098896, weight distance: 0.0978
2025-09-23 02:25:04,982 - INFO - Example /home/projects/bagon/shared/imagenet512/val/n03124170/ILSVRC2012_val_00009695.JPEG reached epsilon at step 1224, loss sum: 1121.0490, final loss: 0.00099850, weight distance: 0.0861
2025-09-23 02:25:38,922 - INFO - Example /home/projects/bagon/shared/imagenet512/val/n03017168/ILSVRC2012_val_00007510.JPEG reached epsilon at step 1007, loss sum: 171.9460, final loss: 0.00098991, weight distance: 0.0649
2025-09-23 02:26:22,955 - INFO - Example /home/projects/bagon/shared/imagenet512/val/n02110185/ILSVRC2012_val_00030708.JPEG reached epsilon at step 1516, loss sum: 273.6112, final loss: 0.00098705, weight distance: 0.0880
2025-09-23 02:26:55,916 - INFO - Example /home/projects/bagon/shared/imagenet512/val/n04317175/ILSVRC2012_val_00029053.JPEG reached epsilon at step 1126, loss sum: 845.5974, final loss: 0.00099945, weight distance: 0.0827
2025-09-23 02:27:40,868 - INFO - Example /home/projects/bagon/shared/imagenet512/val/n02776631/ILSVRC2012_val_00018287.JPEG reached epsilon at step 1550, loss sum: 813.0442, final loss: 0.00099277, weight distance: 0.0978
2025-09-23 02:28:13,051 - INFO - Example /home/projects/bagon/shared/imagenet512/val/n03376595/ILSVRC2012_val_00001685.JPEG reached epsilon at step 1101, loss sum: 1123.2207, final loss: 0.00099850, weight distance: 0.0794
2025-09-23 02:28:51,615 - INFO - Example /home/projects/bagon/shared/imagenet512/val/n06794110/ILSVRC2012_val_00001518.JPEG reached epsilon at step 1280, loss sum: 634.2354, final loss: 0.00099754, weight distance: 0.0828
2025-09-23 02:29:29,900 - INFO - Example /home/projects/bagon/shared/imagenet512/val/n01740131/ILSVRC2012_val_00011776.JPEG reached epsilon at step 1316, loss sum: 243.8789, final loss: 0.00099659, weight distance: 0.0810
2025-09-23 02:29:58,959 - INFO - Example /home/projects/bagon/shared/imagenet512/val/n02415577/ILSVRC2012_val_00013120.JPEG reached epsilon at step 989, loss sum: 77.7317, final loss: 0.00099277, weight distance: 0.0592
2025-09-23 02:30:21,606 - INFO - Example /home/projects/bagon/shared/imagenet512/val/n02497673/ILSVRC2012_val_00021645.JPEG reached epsilon at step 765, loss sum: 84.8776, final loss: 0.00098896, weight distance: 0.0486
2025-09-23 02:30:41,015 - INFO - Example /home/projects/bagon/shared/imagenet512/val/n04467665/ILSVRC2012_val_00015480.JPEG reached epsilon at step 649, loss sum: 6.7514, final loss: 0.00099850, weight distance: 0.0317
2025-09-23 02:30:53,567 - INFO - Example /home/projects/bagon/shared/imagenet512/val/n03347037/ILSVRC2012_val_00019779.JPEG reached epsilon at step 405, loss sum: 330.7992, final loss: 0.00098896, weight distance: 0.0338
2025-09-23 02:31:12,960 - INFO - Example /home/projects/bagon/shared/imagenet512/val/n07747607/ILSVRC2012_val_00021193.JPEG reached epsilon at step 643, loss sum: 145.6756, final loss: 0.00099754, weight distance: 0.0491
2025-09-23 02:31:47,298 - INFO - Example /home/projects/bagon/shared/imagenet512/val/n02963159/ILSVRC2012_val_00034450.JPEG reached epsilon at step 1169, loss sum: 1386.3158, final loss: 0.00099468, weight distance: 0.0833
2025-09-23 02:32:08,552 - INFO - Example /home/projects/bagon/shared/imagenet512/val/n04372370/ILSVRC2012_val_00002797.JPEG reached epsilon at step 697, loss sum: 65.2161, final loss: 0.00099468, weight distance: 0.0458
2025-09-23 02:32:41,678 - INFO - Example /home/projects/bagon/shared/imagenet512/val/n04366367/ILSVRC2012_val_00044144.JPEG reached epsilon at step 1134, loss sum: 502.3173, final loss: 0.00099087, weight distance: 0.0742
2025-09-23 02:33:03,392 - INFO - Example /home/projects/bagon/shared/imagenet512/val/n03134739/ILSVRC2012_val_00021307.JPEG reached epsilon at step 730, loss sum: 19.8030, final loss: 0.00099659, weight distance: 0.0417
2025-09-23 02:33:26,820 - INFO - Example /home/projects/bagon/shared/imagenet512/val/n07697537/ILSVRC2012_val_00023660.JPEG reached epsilon at step 783, loss sum: 536.9204, final loss: 0.00099754, weight distance: 0.0587
2025-09-23 02:34:07,092 - INFO - Example /home/projects/bagon/shared/imagenet512/val/n01664065/ILSVRC2012_val_00048257.JPEG reached epsilon at step 1365, loss sum: 1730.1380, final loss: 0.00099373, weight distance: 0.0929
2025-09-23 02:34:45,569 - INFO - Example /home/projects/bagon/shared/imagenet512/val/n15075141/ILSVRC2012_val_00035894.JPEG reached epsilon at step 1318, loss sum: 624.4401, final loss: 0.00099087, weight distance: 0.0830
2025-09-23 02:35:24,344 - INFO - Example /home/projects/bagon/shared/imagenet512/val/n04423845/ILSVRC2012_val_00019979.JPEG reached epsilon at step 1331, loss sum: 3275.0161, final loss: 0.00099373, weight distance: 0.0969
2025-09-23 02:35:50,793 - INFO - Example /home/projects/bagon/shared/imagenet512/val/n03874293/ILSVRC2012_val_00034833.JPEG reached epsilon at step 898, loss sum: 1604.0108, final loss: 0.00099945, weight distance: 0.0711
2025-09-23 02:36:32,901 - INFO - Example /home/projects/bagon/shared/imagenet512/val/n03220513/ILSVRC2012_val_00030808.JPEG reached epsilon at step 1452, loss sum: 1153.5564, final loss: 0.00099468, weight distance: 0.0892
2025-09-23 02:37:14,831 - INFO - Example /home/projects/bagon/shared/imagenet512/val/n02877765/ILSVRC2012_val_00001080.JPEG reached epsilon at step 1428, loss sum: 2078.0514, final loss: 0.00099564, weight distance: 0.1019
2025-09-23 02:37:34,821 - INFO - Example /home/projects/bagon/shared/imagenet512/val/n02786058/ILSVRC2012_val_00000400.JPEG reached epsilon at step 641, loss sum: 146.7420, final loss: 0.00099182, weight distance: 0.0446
2025-09-23 02:38:10,826 - INFO - Example /home/projects/bagon/shared/imagenet512/val/n04542943/ILSVRC2012_val_00003817.JPEG reached epsilon at step 1231, loss sum: 961.4927, final loss: 0.00099754, weight distance: 0.0843
2025-09-23 02:38:44,195 - INFO - Example /home/projects/bagon/shared/imagenet512/val/n03259280/ILSVRC2012_val_00004830.JPEG reached epsilon at step 1144, loss sum: 866.2358, final loss: 0.00099373, weight distance: 0.0778
2025-09-23 02:39:12,946 - INFO - Example /home/projects/bagon/shared/imagenet512/val/n07248320/ILSVRC2012_val_00046363.JPEG reached epsilon at step 981, loss sum: 696.6040, final loss: 0.00099659, weight distance: 0.0699
2025-09-23 02:39:33,602 - INFO - Example /home/projects/bagon/shared/imagenet512/val/n03527444/ILSVRC2012_val_00035839.JPEG reached epsilon at step 690, loss sum: 443.5099, final loss: 0.00099277, weight distance: 0.0534
2025-09-23 02:40:10,837 - INFO - Example /home/projects/bagon/shared/imagenet512/val/n03871628/ILSVRC2012_val_00004509.JPEG reached epsilon at step 1280, loss sum: 1399.2506, final loss: 0.00099850, weight distance: 0.0872
2025-09-23 02:40:44,345 - INFO - Example /home/projects/bagon/shared/imagenet512/val/n03891332/ILSVRC2012_val_00042599.JPEG reached epsilon at step 1148, loss sum: 730.2947, final loss: 0.00099659, weight distance: 0.0810
2025-09-23 02:41:17,020 - INFO - Example /home/projects/bagon/shared/imagenet512/val/n02834397/ILSVRC2012_val_00033383.JPEG reached epsilon at step 1117, loss sum: 265.7894, final loss: 0.00099850, weight distance: 0.0711
2025-09-23 02:41:51,022 - INFO - Example /home/projects/bagon/shared/imagenet512/val/n03976657/ILSVRC2012_val_00031473.JPEG reached epsilon at step 1167, loss sum: 276.9141, final loss: 0.00099468, weight distance: 0.0716
2025-09-23 02:42:27,845 - INFO - Example /home/projects/bagon/shared/imagenet512/val/n01644900/ILSVRC2012_val_00035658.JPEG reached epsilon at step 1263, loss sum: 1434.0932, final loss: 0.00099277, weight distance: 0.0856
2025-09-23 02:42:56,266 - INFO - Example /home/projects/bagon/shared/imagenet512/val/n03982430/ILSVRC2012_val_00007285.JPEG reached epsilon at step 968, loss sum: 792.5559, final loss: 0.00099754, weight distance: 0.0699
2025-09-23 02:43:25,834 - INFO - Example /home/projects/bagon/shared/imagenet512/val/n02089867/ILSVRC2012_val_00046021.JPEG reached epsilon at step 1009, loss sum: 625.0001, final loss: 0.00099087, weight distance: 0.0688
2025-09-23 02:44:11,196 - INFO - Example /home/projects/bagon/shared/imagenet512/val/n02895154/ILSVRC2012_val_00013983.JPEG reached epsilon at step 1565, loss sum: 769.6899, final loss: 0.00099945, weight distance: 0.0897
2025-09-23 02:44:44,506 - INFO - Example /home/projects/bagon/shared/imagenet512/val/n04507155/ILSVRC2012_val_00002976.JPEG reached epsilon at step 1141, loss sum: 1663.6597, final loss: 0.00099850, weight distance: 0.0875
2025-09-23 02:45:38,185 - INFO - Example /home/projects/bagon/shared/imagenet512/val/n02808440/ILSVRC2012_val_00015979.JPEG reached epsilon at step 1854, loss sum: 302.4324, final loss: 0.00098801, weight distance: 0.0985
2025-09-23 02:46:02,794 - INFO - Example /home/projects/bagon/shared/imagenet512/val/n02108089/ILSVRC2012_val_00017602.JPEG reached epsilon at step 814, loss sum: 637.6330, final loss: 0.00099277, weight distance: 0.0628
2025-09-23 02:46:39,633 - INFO - Example /home/projects/bagon/shared/imagenet512/val/n01694178/ILSVRC2012_val_00017680.JPEG reached epsilon at step 1250, loss sum: 2580.7242, final loss: 0.00099564, weight distance: 0.0958
2025-09-23 02:47:03,186 - INFO - Example /home/projects/bagon/shared/imagenet512/val/n03347037/ILSVRC2012_val_00044848.JPEG reached epsilon at step 796, loss sum: 821.2908, final loss: 0.00099659, weight distance: 0.0614
2025-09-23 02:47:23,196 - INFO - Example /home/projects/bagon/shared/imagenet512/val/n04204238/ILSVRC2012_val_00048359.JPEG reached epsilon at step 673, loss sum: 43.2388, final loss: 0.00099373, weight distance: 0.0416
2025-09-23 02:48:00,907 - INFO - Example /home/projects/bagon/shared/imagenet512/val/n02494079/ILSVRC2012_val_00007196.JPEG reached epsilon at step 1296, loss sum: 161.7303, final loss: 0.00098610, weight distance: 0.0764
2025-09-23 02:48:13,695 - INFO - Example /home/projects/bagon/shared/imagenet512/val/n03803284/ILSVRC2012_val_00000277.JPEG reached epsilon at step 416, loss sum: 133.1896, final loss: 0.00099850, weight distance: 0.0343
2025-09-23 02:48:46,605 - INFO - Example /home/projects/bagon/shared/imagenet512/val/n03874599/ILSVRC2012_val_00040583.JPEG reached epsilon at step 1126, loss sum: 807.7826, final loss: 0.00099564, weight distance: 0.0720
2025-09-23 02:49:06,503 - INFO - Example /home/projects/bagon/shared/imagenet512/val/n04258138/ILSVRC2012_val_00043320.JPEG reached epsilon at step 669, loss sum: 336.4103, final loss: 0.00099754, weight distance: 0.0508
2025-09-23 02:49:37,130 - INFO - Example /home/projects/bagon/shared/imagenet512/val/n07716358/ILSVRC2012_val_00013592.JPEG reached epsilon at step 1046, loss sum: 276.2287, final loss: 0.00099468, weight distance: 0.0697
2025-09-23 02:50:07,791 - INFO - Example /home/projects/bagon/shared/imagenet512/val/n04366367/ILSVRC2012_val_00047364.JPEG reached epsilon at step 1046, loss sum: 356.9238, final loss: 0.00099754, weight distance: 0.0668
2025-09-23 02:50:30,007 - INFO - Example /home/projects/bagon/shared/imagenet512/val/n02104029/ILSVRC2012_val_00040368.JPEG reached epsilon at step 748, loss sum: 81.9932, final loss: 0.00099277, weight distance: 0.0492
2025-09-23 02:50:53,375 - INFO - Example /home/projects/bagon/shared/imagenet512/val/n03891251/ILSVRC2012_val_00030253.JPEG reached epsilon at step 775, loss sum: 87.9282, final loss: 0.00099850, weight distance: 0.0492
2025-09-23 02:51:41,886 - INFO - Example /home/projects/bagon/shared/imagenet512/val/n01644900/ILSVRC2012_val_00021776.JPEG reached epsilon at step 1659, loss sum: 945.6034, final loss: 0.00099659, weight distance: 0.0994
2025-09-23 02:52:16,593 - INFO - Example /home/projects/bagon/shared/imagenet512/val/n03983396/ILSVRC2012_val_00044297.JPEG reached epsilon at step 1172, loss sum: 337.2771, final loss: 0.00099373, weight distance: 0.0694
2025-09-23 02:52:41,456 - INFO - Example /home/projects/bagon/shared/imagenet512/val/n07831146/ILSVRC2012_val_00004837.JPEG reached epsilon at step 836, loss sum: 365.1431, final loss: 0.00099087, weight distance: 0.0614
2025-09-23 02:53:11,811 - INFO - Example /home/projects/bagon/shared/imagenet512/val/n04507155/ILSVRC2012_val_00038295.JPEG reached epsilon at step 1038, loss sum: 891.8531, final loss: 0.00098705, weight distance: 0.0730
2025-09-23 02:53:43,989 - INFO - Example /home/projects/bagon/shared/imagenet512/val/n04040759/ILSVRC2012_val_00018235.JPEG reached epsilon at step 1099, loss sum: 922.9754, final loss: 0.00099659, weight distance: 0.0778
2025-09-23 02:54:27,601 - INFO - Example /home/projects/bagon/shared/imagenet512/val/n02840245/ILSVRC2012_val_00003451.JPEG reached epsilon at step 1501, loss sum: 2510.1404, final loss: 0.00099468, weight distance: 0.1052
2025-09-23 02:55:11,246 - INFO - Example /home/projects/bagon/shared/imagenet512/val/n04033995/ILSVRC2012_val_00017857.JPEG reached epsilon at step 1505, loss sum: 1381.3788, final loss: 0.00099087, weight distance: 0.0979
2025-09-23 02:55:34,382 - INFO - Example /home/projects/bagon/shared/imagenet512/val/n03347037/ILSVRC2012_val_00048633.JPEG reached epsilon at step 781, loss sum: 346.3367, final loss: 0.00099373, weight distance: 0.0582
2025-09-23 02:56:14,689 - INFO - Example /home/projects/bagon/shared/imagenet512/val/n03146219/ILSVRC2012_val_00043630.JPEG reached epsilon at step 1387, loss sum: 590.1837, final loss: 0.00099373, weight distance: 0.0829
2025-09-23 02:56:54,865 - INFO - Example /home/projects/bagon/shared/imagenet512/val/n03110669/ILSVRC2012_val_00030597.JPEG reached epsilon at step 1371, loss sum: 366.9197, final loss: 0.00099850, weight distance: 0.0856
2025-09-23 02:57:25,601 - INFO - Example /home/projects/bagon/shared/imagenet512/val/n02536864/ILSVRC2012_val_00019672.JPEG reached epsilon at step 1036, loss sum: 423.5699, final loss: 0.00099277, weight distance: 0.0728
2025-09-23 02:57:58,336 - INFO - Example /home/projects/bagon/shared/imagenet512/val/n03680355/ILSVRC2012_val_00008600.JPEG reached epsilon at step 1121, loss sum: 586.9076, final loss: 0.00099754, weight distance: 0.0767
2025-09-23 02:58:22,980 - INFO - Example /home/projects/bagon/shared/imagenet512/val/n03868863/ILSVRC2012_val_00048987.JPEG reached epsilon at step 832, loss sum: 144.9141, final loss: 0.00099564, weight distance: 0.0562
2025-09-23 02:59:10,517 - INFO - Example /home/projects/bagon/shared/imagenet512/val/n03584254/ILSVRC2012_val_00003244.JPEG reached epsilon at step 1640, loss sum: 1939.2795, final loss: 0.00099945, weight distance: 0.1090
2025-09-23 02:59:43,049 - INFO - Example /home/projects/bagon/shared/imagenet512/val/n03141823/ILSVRC2012_val_00033873.JPEG reached epsilon at step 1101, loss sum: 1569.3290, final loss: 0.00099564, weight distance: 0.0807
2025-09-23 03:00:31,423 - INFO - Example /home/projects/bagon/shared/imagenet512/val/n04532670/ILSVRC2012_val_00044597.JPEG reached epsilon at step 1575, loss sum: 2026.0378, final loss: 0.00099564, weight distance: 0.1114
2025-09-23 03:01:07,437 - INFO - Example /home/projects/bagon/shared/imagenet512/val/n02397096/ILSVRC2012_val_00033386.JPEG reached epsilon at step 1235, loss sum: 666.1393, final loss: 0.00098896, weight distance: 0.0823
2025-09-23 03:01:43,751 - INFO - Example /home/projects/bagon/shared/imagenet512/val/n04560804/ILSVRC2012_val_00013257.JPEG reached epsilon at step 1234, loss sum: 277.2523, final loss: 0.00098896, weight distance: 0.0804
2025-09-23 03:02:11,079 - INFO - Example /home/projects/bagon/shared/imagenet512/val/n07716358/ILSVRC2012_val_00030332.JPEG reached epsilon at step 927, loss sum: 351.9043, final loss: 0.00099945, weight distance: 0.0659
2025-09-23 03:02:40,772 - INFO - Example /home/projects/bagon/shared/imagenet512/val/n01689811/ILSVRC2012_val_00016357.JPEG reached epsilon at step 1013, loss sum: 119.9087, final loss: 0.00099468, weight distance: 0.0623
2025-09-23 03:03:10,154 - INFO - Example /home/projects/bagon/shared/imagenet512/val/n07920052/ILSVRC2012_val_00032808.JPEG reached epsilon at step 1003, loss sum: 554.8677, final loss: 0.00099754, weight distance: 0.0705
2025-09-23 03:03:43,939 - INFO - Example /home/projects/bagon/shared/imagenet512/val/n02939185/ILSVRC2012_val_00034904.JPEG reached epsilon at step 1157, loss sum: 506.1552, final loss: 0.00099659, weight distance: 0.0780
2025-09-23 03:04:10,269 - INFO - Example /home/projects/bagon/shared/imagenet512/val/n03908618/ILSVRC2012_val_00002724.JPEG reached epsilon at step 893, loss sum: 272.3657, final loss: 0.00099277, weight distance: 0.0588
2025-09-23 03:04:39,490 - INFO - Example /home/projects/bagon/shared/imagenet512/val/n02094114/ILSVRC2012_val_00002262.JPEG reached epsilon at step 997, loss sum: 248.3035, final loss: 0.00099754, weight distance: 0.0676
2025-09-23 03:05:30,529 - INFO - Example /home/projects/bagon/shared/imagenet512/val/n03710637/ILSVRC2012_val_00013356.JPEG reached epsilon at step 1759, loss sum: 276.5332, final loss: 0.00099945, weight distance: 0.1016
2025-09-23 03:06:06,043 - INFO - Example /home/projects/bagon/shared/imagenet512/val/n02814860/ILSVRC2012_val_00009417.JPEG reached epsilon at step 1179, loss sum: 563.8557, final loss: 0.00099277, weight distance: 0.0764
2025-09-23 03:06:29,415 - INFO - Example /home/projects/bagon/shared/imagenet512/val/n07875152/ILSVRC2012_val_00039451.JPEG reached epsilon at step 785, loss sum: 348.9214, final loss: 0.00099277, weight distance: 0.0587
2025-09-23 03:07:11,214 - INFO - Example /home/projects/bagon/shared/imagenet512/val/n03179701/ILSVRC2012_val_00011480.JPEG reached epsilon at step 1438, loss sum: 435.2011, final loss: 0.00099087, weight distance: 0.0917
2025-09-23 03:07:54,093 - INFO - Example /home/projects/bagon/shared/imagenet512/val/n02870880/ILSVRC2012_val_00026166.JPEG reached epsilon at step 1446, loss sum: 1171.3999, final loss: 0.00099182, weight distance: 0.0986
2025-09-23 03:08:34,230 - INFO - Example /home/projects/bagon/shared/imagenet512/val/n04141076/ILSVRC2012_val_00043019.JPEG reached epsilon at step 1373, loss sum: 1786.5610, final loss: 0.00099850, weight distance: 0.0852
2025-09-23 03:09:17,298 - INFO - Example /home/projects/bagon/shared/imagenet512/val/n01753488/ILSVRC2012_val_00034461.JPEG reached epsilon at step 1482, loss sum: 1047.8169, final loss: 0.00099182, weight distance: 0.0856
2025-09-23 03:09:57,475 - INFO - Example /home/projects/bagon/shared/imagenet512/val/n03950228/ILSVRC2012_val_00031108.JPEG reached epsilon at step 1360, loss sum: 158.3104, final loss: 0.00099373, weight distance: 0.0784
2025-09-23 03:10:18,192 - INFO - Example /home/projects/bagon/shared/imagenet512/val/n01440764/ILSVRC2012_val_00037375.JPEG reached epsilon at step 694, loss sum: 109.8628, final loss: 0.00099182, weight distance: 0.0478
2025-09-23 03:10:48,029 - INFO - Example /home/projects/bagon/shared/imagenet512/val/n03908714/ILSVRC2012_val_00031975.JPEG reached epsilon at step 1011, loss sum: 660.0462, final loss: 0.00099277, weight distance: 0.0730
2025-09-23 03:11:25,907 - INFO - Example /home/projects/bagon/shared/imagenet512/val/n03876231/ILSVRC2012_val_00004827.JPEG reached epsilon at step 1299, loss sum: 1801.4021, final loss: 0.00099945, weight distance: 0.0952
2025-09-23 03:12:10,686 - INFO - Example /home/projects/bagon/shared/imagenet512/val/n04447861/ILSVRC2012_val_00001621.JPEG reached epsilon at step 1540, loss sum: 1646.2664, final loss: 0.00099754, weight distance: 0.1033
2025-09-23 03:12:48,398 - INFO - Example /home/projects/bagon/shared/imagenet512/val/n03141823/ILSVRC2012_val_00037016.JPEG reached epsilon at step 1291, loss sum: 1828.3895, final loss: 0.00099945, weight distance: 0.0922
2025-09-23 03:13:23,873 - INFO - Example /home/projects/bagon/shared/imagenet512/val/n07836838/ILSVRC2012_val_00025087.JPEG reached epsilon at step 1211, loss sum: 426.4329, final loss: 0.00099659, weight distance: 0.0799
2025-09-23 03:13:40,855 - INFO - Example /home/projects/bagon/shared/imagenet512/val/n03958227/ILSVRC2012_val_00025860.JPEG reached epsilon at step 562, loss sum: 36.0600, final loss: 0.00099087, weight distance: 0.0385
2025-09-23 03:14:01,624 - INFO - Example /home/projects/bagon/shared/imagenet512/val/n02091831/ILSVRC2012_val_00027058.JPEG reached epsilon at step 693, loss sum: 106.5687, final loss: 0.00099564, weight distance: 0.0481
2025-09-23 03:14:44,533 - INFO - Example /home/projects/bagon/shared/imagenet512/val/n01622779/ILSVRC2012_val_00004345.JPEG reached epsilon at step 1456, loss sum: 4411.1863, final loss: 0.00099564, weight distance: 0.1075
2025-09-23 03:15:22,203 - INFO - Example /home/projects/bagon/shared/imagenet512/val/n03775071/ILSVRC2012_val_00036328.JPEG reached epsilon at step 1292, loss sum: 2999.4564, final loss: 0.00099468, weight distance: 0.0970
2025-09-23 03:15:49,232 - INFO - Example /home/projects/bagon/shared/imagenet512/val/n02066245/ILSVRC2012_val_00020123.JPEG reached epsilon at step 915, loss sum: 911.5669, final loss: 0.00099468, weight distance: 0.0683
2025-09-23 03:16:28,032 - INFO - Example /home/projects/bagon/shared/imagenet512/val/n03196217/ILSVRC2012_val_00015628.JPEG reached epsilon at step 1332, loss sum: 1313.8953, final loss: 0.00099277, weight distance: 0.0860
2025-09-23 03:17:13,024 - INFO - Example /home/projects/bagon/shared/imagenet512/val/n03196217/ILSVRC2012_val_00044168.JPEG reached epsilon at step 1546, loss sum: 2373.4802, final loss: 0.00099373, weight distance: 0.1071
2025-09-23 03:17:39,607 - INFO - Example /home/projects/bagon/shared/imagenet512/val/n01855672/ILSVRC2012_val_00016490.JPEG reached epsilon at step 900, loss sum: 835.1659, final loss: 0.00099754, weight distance: 0.0662
2025-09-23 03:18:09,663 - INFO - Example /home/projects/bagon/shared/imagenet512/val/n01682714/ILSVRC2012_val_00011551.JPEG reached epsilon at step 1012, loss sum: 115.7453, final loss: 0.00099373, weight distance: 0.0612
2025-09-23 03:18:36,108 - INFO - Example /home/projects/bagon/shared/imagenet512/val/n02730930/ILSVRC2012_val_00016687.JPEG reached epsilon at step 879, loss sum: 129.9165, final loss: 0.00099182, weight distance: 0.0590
2025-09-23 03:19:20,633 - INFO - Example /home/projects/bagon/shared/imagenet512/val/n02107908/ILSVRC2012_val_00048486.JPEG reached epsilon at step 1495, loss sum: 314.9058, final loss: 0.00099468, weight distance: 0.0931
2025-09-23 03:19:53,721 - INFO - Example /home/projects/bagon/shared/imagenet512/val/n03770679/ILSVRC2012_val_00048444.JPEG reached epsilon at step 1117, loss sum: 358.6291, final loss: 0.00099850, weight distance: 0.0714
2025-09-23 03:20:27,747 - INFO - Example /home/projects/bagon/shared/imagenet512/val/n01687978/ILSVRC2012_val_00011158.JPEG reached epsilon at step 1148, loss sum: 401.0194, final loss: 0.00099182, weight distance: 0.0769
2025-09-23 03:21:00,767 - INFO - Example /home/projects/bagon/shared/imagenet512/val/n04263257/ILSVRC2012_val_00011619.JPEG reached epsilon at step 1126, loss sum: 372.1255, final loss: 0.00099850, weight distance: 0.0729
2025-09-23 03:21:37,832 - INFO - Example /home/projects/bagon/shared/imagenet512/val/n02443484/ILSVRC2012_val_00030982.JPEG reached epsilon at step 1268, loss sum: 320.3902, final loss: 0.00099468, weight distance: 0.0774
2025-09-23 03:22:41,346 - INFO - Example /home/projects/bagon/shared/imagenet512/val/n04008634/ILSVRC2012_val_00026393.JPEG reached epsilon at step 2202, loss sum: 3654.6621, final loss: 0.00098991, weight distance: 0.1268
2025-09-23 03:23:16,906 - INFO - Example /home/projects/bagon/shared/imagenet512/val/n02808440/ILSVRC2012_val_00030242.JPEG reached epsilon at step 1215, loss sum: 62.5822, final loss: 0.00099373, weight distance: 0.0652
2025-09-23 03:23:41,139 - INFO - Example /home/projects/bagon/shared/imagenet512/val/n02704792/ILSVRC2012_val_00000998.JPEG reached epsilon at step 818, loss sum: 220.1533, final loss: 0.00098896, weight distance: 0.0581
2025-09-23 03:24:12,676 - INFO - Example /home/projects/bagon/shared/imagenet512/val/n02840245/ILSVRC2012_val_00041319.JPEG reached epsilon at step 1078, loss sum: 212.2282, final loss: 0.00099373, weight distance: 0.0682
2025-09-23 03:24:45,986 - INFO - Example /home/projects/bagon/shared/imagenet512/val/n04347754/ILSVRC2012_val_00024807.JPEG reached epsilon at step 1132, loss sum: 1121.2680, final loss: 0.00099754, weight distance: 0.0836
2025-09-23 03:25:20,975 - INFO - Example /home/projects/bagon/shared/imagenet512/val/n04404412/ILSVRC2012_val_00010092.JPEG reached epsilon at step 1197, loss sum: 801.8469, final loss: 0.00099850, weight distance: 0.0794
2025-09-23 03:26:00,848 - INFO - Example /home/projects/bagon/shared/imagenet512/val/n04599235/ILSVRC2012_val_00020189.JPEG reached epsilon at step 1371, loss sum: 650.9189, final loss: 0.00099850, weight distance: 0.0931
2025-09-23 03:26:21,760 - INFO - Example /home/projects/bagon/shared/imagenet512/val/n03991062/ILSVRC2012_val_00008277.JPEG reached epsilon at step 697, loss sum: 109.1420, final loss: 0.00099468, weight distance: 0.0473
2025-09-23 03:26:51,648 - INFO - Example /home/projects/bagon/shared/imagenet512/val/n04209239/ILSVRC2012_val_00016871.JPEG reached epsilon at step 1020, loss sum: 499.7312, final loss: 0.00099945, weight distance: 0.0658
2025-09-23 03:27:27,411 - INFO - Example /home/projects/bagon/shared/imagenet512/val/n04392985/ILSVRC2012_val_00000627.JPEG reached epsilon at step 1227, loss sum: 401.5016, final loss: 0.00099659, weight distance: 0.0808
2025-09-23 03:27:52,948 - INFO - Example /home/projects/bagon/shared/imagenet512/val/n02927161/ILSVRC2012_val_00045329.JPEG reached epsilon at step 865, loss sum: 765.6864, final loss: 0.00099564, weight distance: 0.0669
2025-09-23 03:28:27,610 - INFO - Example /home/projects/bagon/shared/imagenet512/val/n03125729/ILSVRC2012_val_00009879.JPEG reached epsilon at step 1187, loss sum: 319.3688, final loss: 0.00099754, weight distance: 0.0687
2025-09-23 03:28:59,741 - INFO - Example /home/projects/bagon/shared/imagenet512/val/n02094258/ILSVRC2012_val_00009009.JPEG reached epsilon at step 1098, loss sum: 247.2490, final loss: 0.00099277, weight distance: 0.0722
2025-09-23 03:29:30,276 - INFO - Example /home/projects/bagon/shared/imagenet512/val/n02769748/ILSVRC2012_val_00031604.JPEG reached epsilon at step 1034, loss sum: 197.3304, final loss: 0.00099468, weight distance: 0.0652
2025-09-23 03:29:58,429 - INFO - Example /home/projects/bagon/shared/imagenet512/val/n03014705/ILSVRC2012_val_00003093.JPEG reached epsilon at step 958, loss sum: 386.2106, final loss: 0.00099945, weight distance: 0.0668
2025-09-23 03:30:37,687 - INFO - Example /home/projects/bagon/shared/imagenet512/val/n02444819/ILSVRC2012_val_00032812.JPEG reached epsilon at step 1347, loss sum: 1221.1731, final loss: 0.00099659, weight distance: 0.0893
2025-09-23 03:31:29,858 - INFO - Example /home/projects/bagon/shared/imagenet512/val/n03494278/ILSVRC2012_val_00028082.JPEG reached epsilon at step 1783, loss sum: 2692.0939, final loss: 0.00099468, weight distance: 0.1219
2025-09-23 03:32:04,301 - INFO - Example /home/projects/bagon/shared/imagenet512/val/n02486261/ILSVRC2012_val_00001236.JPEG reached epsilon at step 1180, loss sum: 579.1541, final loss: 0.00099945, weight distance: 0.0784
2025-09-23 03:32:33,151 - INFO - Example /home/projects/bagon/shared/imagenet512/val/n03388549/ILSVRC2012_val_00004768.JPEG reached epsilon at step 983, loss sum: 111.0916, final loss: 0.00099182, weight distance: 0.0596
2025-09-23 03:33:06,071 - INFO - Example /home/projects/bagon/shared/imagenet512/val/n02093428/ILSVRC2012_val_00007527.JPEG reached epsilon at step 1125, loss sum: 382.0307, final loss: 0.00099659, weight distance: 0.0734
2025-09-23 03:33:46,727 - INFO - Example /home/projects/bagon/shared/imagenet512/val/n04404412/ILSVRC2012_val_00022995.JPEG reached epsilon at step 1399, loss sum: 552.5921, final loss: 0.00099087, weight distance: 0.0852
2025-09-23 03:34:22,860 - INFO - Example /home/projects/bagon/shared/imagenet512/val/n02102973/ILSVRC2012_val_00030920.JPEG reached epsilon at step 1234, loss sum: 659.1680, final loss: 0.00099659, weight distance: 0.0807
2025-09-23 03:35:03,666 - INFO - Example /home/projects/bagon/shared/imagenet512/val/n02443484/ILSVRC2012_val_00016721.JPEG reached epsilon at step 1397, loss sum: 136.8232, final loss: 0.00098419, weight distance: 0.0803
2025-09-23 03:35:30,111 - INFO - Example /home/projects/bagon/shared/imagenet512/val/n02106662/ILSVRC2012_val_00007922.JPEG reached epsilon at step 899, loss sum: 260.9356, final loss: 0.00099087, weight distance: 0.0564
2025-09-23 03:35:58,034 - INFO - Example /home/projects/bagon/shared/imagenet512/val/n04023962/ILSVRC2012_val_00003452.JPEG reached epsilon at step 950, loss sum: 923.3211, final loss: 0.00099564, weight distance: 0.0721
2025-09-23 03:36:29,078 - INFO - Example /home/projects/bagon/shared/imagenet512/val/n01981276/ILSVRC2012_val_00016333.JPEG reached epsilon at step 1060, loss sum: 1426.7679, final loss: 0.00099277, weight distance: 0.0795
2025-09-23 03:37:09,458 - INFO - Example /home/projects/bagon/shared/imagenet512/val/n04328186/ILSVRC2012_val_00010042.JPEG reached epsilon at step 1382, loss sum: 1298.6605, final loss: 0.00099182, weight distance: 0.0939
2025-09-23 03:37:29,400 - INFO - Example /home/projects/bagon/shared/imagenet512/val/n04501370/ILSVRC2012_val_00020213.JPEG reached epsilon at step 669, loss sum: 261.8147, final loss: 0.00099087, weight distance: 0.0495
2025-09-23 03:38:28,572 - INFO - Example /home/projects/bagon/shared/imagenet512/val/n04443257/ILSVRC2012_val_00018548.JPEG reached epsilon at step 2048, loss sum: 1629.4075, final loss: 0.00099182, weight distance: 0.1228
2025-09-23 03:38:56,716 - INFO - Example /home/projects/bagon/shared/imagenet512/val/n03271574/ILSVRC2012_val_00000942.JPEG reached epsilon at step 958, loss sum: 1075.7279, final loss: 0.00098896, weight distance: 0.0724
2025-09-23 03:39:15,743 - INFO - Example /home/projects/bagon/shared/imagenet512/val/n02879718/ILSVRC2012_val_00033814.JPEG reached epsilon at step 616, loss sum: 458.9587, final loss: 0.00098515, weight distance: 0.0481
2025-09-23 03:39:40,629 - INFO - Example /home/projects/bagon/shared/imagenet512/val/n03492542/ILSVRC2012_val_00042744.JPEG reached epsilon at step 841, loss sum: 831.1314, final loss: 0.00098801, weight distance: 0.0646
2025-09-23 03:40:11,832 - INFO - Example /home/projects/bagon/shared/imagenet512/val/n10565667/ILSVRC2012_val_00017491.JPEG reached epsilon at step 1063, loss sum: 1056.8022, final loss: 0.00099277, weight distance: 0.0720
2025-09-23 03:40:50,114 - INFO - Example /home/projects/bagon/shared/imagenet512/val/n03063689/ILSVRC2012_val_00042964.JPEG reached epsilon at step 1311, loss sum: 1179.4549, final loss: 0.00099468, weight distance: 0.0838
2025-09-23 03:41:24,139 - INFO - Example /home/projects/bagon/shared/imagenet512/val/n02504458/ILSVRC2012_val_00032620.JPEG reached epsilon at step 1164, loss sum: 128.8289, final loss: 0.00098228, weight distance: 0.0677
2025-09-23 03:41:50,862 - INFO - Example /home/projects/bagon/shared/imagenet512/val/n03908618/ILSVRC2012_val_00020750.JPEG reached epsilon at step 909, loss sum: 175.7191, final loss: 0.00099659, weight distance: 0.0588
2025-09-23 03:42:32,588 - INFO - Example /home/projects/bagon/shared/imagenet512/val/n03976657/ILSVRC2012_val_00015796.JPEG reached epsilon at step 1435, loss sum: 762.3893, final loss: 0.00098991, weight distance: 0.0919
2025-09-23 03:43:19,262 - INFO - Example /home/projects/bagon/shared/imagenet512/val/n02704792/ILSVRC2012_val_00015399.JPEG reached epsilon at step 1603, loss sum: 4460.3731, final loss: 0.00099087, weight distance: 0.1203
2025-09-23 03:44:03,047 - INFO - Example /home/projects/bagon/shared/imagenet512/val/n02971356/ILSVRC2012_val_00029699.JPEG reached epsilon at step 1506, loss sum: 1753.9817, final loss: 0.00099659, weight distance: 0.1041
2025-09-23 03:44:03,708 - INFO - Time limit reached. Exiting before starting next example.
