2025-09-23 01:23:36,152 - INFO - Parsed arguments:
2025-09-23 01:23:36,152 - INFO -   amp_dtype = None
2025-09-23 01:23:36,152 - INFO -   bars_npy = /home/projects/bagon/andreyg/Projects/BMM_school/Universal_learning/Programming/bars/geq6wrong_21017_geq6correct_1525_imagenet.npy
2025-09-23 01:23:36,152 - INFO -   cka_layer_fraction = 0.05
2025-09-23 01:23:36,152 - INFO -   current_worker = 1
2025-09-23 01:23:36,152 - INFO -   deterministic = True
2025-09-23 01:23:36,152 - INFO -   device = cuda
2025-09-23 01:23:36,152 - INFO -   epsilon = 0.001
2025-09-23 01:23:36,152 - INFO -   examples_csv = /home/projects/bagon/andreyg/Projects/BMM_school/Universal_learning/Programming/bars/geq6wrong_21017_geq6correct_1525_imagenet_examples_ammended.csv
2025-09-23 01:23:36,153 - INFO -   explicit_examples_for_training = None
2025-09-23 01:23:36,153 - INFO -   grad_clip_norm = 1.0
2025-09-23 01:23:36,153 - INFO -   hierarchy_json = /home/projects/bagon/andreyg/Projects/BMM_school/Universal_learning/Programming/bars/imagenet_synset_hierarchy.json
2025-09-23 01:23:36,153 - INFO -   imagenet_models_csv = /home/projects/bagon/andreyg/Projects/BMM_school/Universal_learning/Programming/bars/imagenet_models.csv
2025-09-23 01:23:36,153 - INFO -   lr = 0.0001
2025-09-23 01:23:36,153 - INFO -   max_examples = 50000
2025-09-23 01:23:36,153 - INFO -   max_steps_per_example = 10000
2025-09-23 01:23:36,153 - INFO -   model_csv_name = vgg_13_224_tv_imagenet_1k
2025-09-23 01:23:36,153 - INFO -   model_name = vgg13.tv_in1k
2025-09-23 01:23:36,153 - INFO -   no_amp = False
2025-09-23 01:23:36,153 - INFO -   num_workers = 8
2025-09-23 01:23:36,153 - INFO -   output_dir = /home/projects/bagon/andreyg/Projects/BMM_school/Universal_learning/Programming/training_gradient_evaluator_single_loss_parallel/output_parallel_8_workers_trial_2
2025-09-23 01:23:36,153 - INFO -   root_dir = None
2025-09-23 01:23:36,153 - INFO -   seed = 1337
2025-09-23 01:23:36,153 - INFO -   time_limit_seconds = 6300
2025-09-23 01:23:36,153 - INFO -   weight_decay = 0.0
2025-09-23 01:23:36,153 - INFO -   zero_aug_train = False
2025-09-23 01:23:38,226 - INFO - Loaded TIMM pretrained weights for vgg13.tv_in1k
2025-09-23 01:23:38,226 - INFO - pretrained_cfg.url= hf_hub_id=timm/vgg13.tv_in1k
2025-09-23 01:23:38,585 - INFO - Training configuration:
2025-09-23 01:23:38,585 - INFO -   lr = 0.0001
2025-09-23 01:23:38,585 - INFO -   weight_decay = 0.0
2025-09-23 01:23:38,585 - INFO -   max_steps = 10000
2025-09-23 01:23:38,585 - INFO -   epsilon = 0.001
2025-09-23 01:23:38,585 - INFO -   device = cuda
2025-09-23 01:23:38,585 - INFO -   use_amp = True
2025-09-23 01:23:38,585 - INFO -   amp_dtype = None
2025-09-23 01:23:38,585 - INFO -   gradient_clip_norm = 1.0
2025-09-23 01:24:18,782 - INFO - Example /home/projects/bagon/shared/imagenet512/val/n01697457/ILSVRC2012_val_00007266.JPEG reached epsilon at step 1231, loss sum: 301.8370, final loss: 0.00099659, weight distance: 0.0734
2025-09-23 01:24:48,536 - INFO - Example /home/projects/bagon/shared/imagenet512/val/n02536864/ILSVRC2012_val_00044563.JPEG reached epsilon at step 1001, loss sum: 354.4563, final loss: 0.00099468, weight distance: 0.0665
2025-09-23 01:25:07,756 - INFO - Example /home/projects/bagon/shared/imagenet512/val/n03937543/ILSVRC2012_val_00048930.JPEG reached epsilon at step 643, loss sum: 353.8062, final loss: 0.00099659, weight distance: 0.0501
2025-09-23 01:25:39,339 - INFO - Example /home/projects/bagon/shared/imagenet512/val/n03483316/ILSVRC2012_val_00016051.JPEG reached epsilon at step 1074, loss sum: 738.6804, final loss: 0.00099564, weight distance: 0.0767
2025-09-23 01:25:52,763 - INFO - Example /home/projects/bagon/shared/imagenet512/val/n01580077/ILSVRC2012_val_00013753.JPEG reached epsilon at step 440, loss sum: 30.5585, final loss: 0.00099468, weight distance: 0.0317
2025-09-23 01:26:18,573 - INFO - Example /home/projects/bagon/shared/imagenet512/val/n02841315/ILSVRC2012_val_00017620.JPEG reached epsilon at step 875, loss sum: 633.6087, final loss: 0.00099659, weight distance: 0.0638
2025-09-23 01:26:44,706 - INFO - Example /home/projects/bagon/shared/imagenet512/val/n01819313/ILSVRC2012_val_00020514.JPEG reached epsilon at step 887, loss sum: 688.8045, final loss: 0.00099659, weight distance: 0.0667
2025-09-23 01:27:01,078 - INFO - Example /home/projects/bagon/shared/imagenet512/val/n03134739/ILSVRC2012_val_00033811.JPEG reached epsilon at step 544, loss sum: 28.6351, final loss: 0.00099277, weight distance: 0.0359
2025-09-23 01:27:18,542 - INFO - Example /home/projects/bagon/shared/imagenet512/val/n01704323/ILSVRC2012_val_00048548.JPEG reached epsilon at step 582, loss sum: 454.4207, final loss: 0.00099850, weight distance: 0.0486
2025-09-23 01:27:45,010 - INFO - Example /home/projects/bagon/shared/imagenet512/val/n04435653/ILSVRC2012_val_00020450.JPEG reached epsilon at step 900, loss sum: 243.3359, final loss: 0.00099564, weight distance: 0.0638
2025-09-23 01:28:19,025 - INFO - Example /home/projects/bagon/shared/imagenet512/val/n02808304/ILSVRC2012_val_00022989.JPEG reached epsilon at step 1164, loss sum: 1033.0253, final loss: 0.00099850, weight distance: 0.0806
2025-09-23 01:28:32,710 - INFO - Example /home/projects/bagon/shared/imagenet512/val/n04347754/ILSVRC2012_val_00013459.JPEG reached epsilon at step 431, loss sum: 3.8684, final loss: 0.00099087, weight distance: 0.0241
2025-09-23 01:28:47,511 - INFO - Example /home/projects/bagon/shared/imagenet512/val/n03733805/ILSVRC2012_val_00029464.JPEG reached epsilon at step 487, loss sum: 16.1201, final loss: 0.00099277, weight distance: 0.0317
2025-09-23 01:29:18,815 - INFO - Example /home/projects/bagon/shared/imagenet512/val/n04141327/ILSVRC2012_val_00003236.JPEG reached epsilon at step 1065, loss sum: 602.0087, final loss: 0.00099850, weight distance: 0.0710
2025-09-23 01:29:38,282 - INFO - Example /home/projects/bagon/shared/imagenet512/val/n03388549/ILSVRC2012_val_00015918.JPEG reached epsilon at step 649, loss sum: 412.3436, final loss: 0.00099564, weight distance: 0.0527
2025-09-23 01:30:02,848 - INFO - Example /home/projects/bagon/shared/imagenet512/val/n02097047/ILSVRC2012_val_00047084.JPEG reached epsilon at step 827, loss sum: 88.8970, final loss: 0.00098991, weight distance: 0.0497
2025-09-23 01:30:37,514 - INFO - Example /home/projects/bagon/shared/imagenet512/val/n03888605/ILSVRC2012_val_00035987.JPEG reached epsilon at step 1186, loss sum: 124.2146, final loss: 0.00099087, weight distance: 0.0620
2025-09-23 01:30:59,139 - INFO - Example /home/projects/bagon/shared/imagenet512/val/n03793489/ILSVRC2012_val_00045856.JPEG reached epsilon at step 719, loss sum: 157.6586, final loss: 0.00099087, weight distance: 0.0513
2025-09-23 01:31:37,038 - INFO - Example /home/projects/bagon/shared/imagenet512/val/n03873416/ILSVRC2012_val_00016980.JPEG reached epsilon at step 1299, loss sum: 713.3457, final loss: 0.00099754, weight distance: 0.0785
2025-09-23 01:31:49,679 - INFO - Example /home/projects/bagon/shared/imagenet512/val/n07753592/ILSVRC2012_val_00040280.JPEG reached epsilon at step 407, loss sum: 24.6261, final loss: 0.00099564, weight distance: 0.0308
2025-09-23 01:32:11,526 - INFO - Example /home/projects/bagon/shared/imagenet512/val/n01667778/ILSVRC2012_val_00034728.JPEG reached epsilon at step 732, loss sum: 67.5967, final loss: 0.00098610, weight distance: 0.0496
2025-09-23 01:32:32,373 - INFO - Example /home/projects/bagon/shared/imagenet512/val/n04476259/ILSVRC2012_val_00032312.JPEG reached epsilon at step 699, loss sum: 36.4361, final loss: 0.00099468, weight distance: 0.0428
2025-09-23 01:32:40,374 - INFO - Example /home/projects/bagon/shared/imagenet512/val/n04613696/ILSVRC2012_val_00012991.JPEG reached epsilon at step 248, loss sum: 5.3315, final loss: 0.00099277, weight distance: 0.0187
2025-09-23 01:32:54,059 - INFO - Example /home/projects/bagon/shared/imagenet512/val/n02793495/ILSVRC2012_val_00027715.JPEG reached epsilon at step 447, loss sum: 33.0033, final loss: 0.00099945, weight distance: 0.0307
2025-09-23 01:33:25,576 - INFO - Example /home/projects/bagon/shared/imagenet512/val/n03110669/ILSVRC2012_val_00002171.JPEG reached epsilon at step 1071, loss sum: 178.8659, final loss: 0.00099754, weight distance: 0.0688
2025-09-23 01:33:47,900 - INFO - Example /home/projects/bagon/shared/imagenet512/val/n04086273/ILSVRC2012_val_00032525.JPEG reached epsilon at step 749, loss sum: 190.1821, final loss: 0.00099945, weight distance: 0.0524
2025-09-23 01:34:19,209 - INFO - Example /home/projects/bagon/shared/imagenet512/val/n02099712/ILSVRC2012_val_00022606.JPEG reached epsilon at step 1068, loss sum: 79.2991, final loss: 0.00099659, weight distance: 0.0610
2025-09-23 01:34:36,107 - INFO - Example /home/projects/bagon/shared/imagenet512/val/n02091635/ILSVRC2012_val_00019639.JPEG reached epsilon at step 561, loss sum: 56.0776, final loss: 0.00099087, weight distance: 0.0377
2025-09-23 01:35:03,299 - INFO - Example /home/projects/bagon/shared/imagenet512/val/n02120505/ILSVRC2012_val_00035164.JPEG reached epsilon at step 924, loss sum: 126.0849, final loss: 0.00098991, weight distance: 0.0579
2025-09-23 01:35:26,143 - INFO - Example /home/projects/bagon/shared/imagenet512/val/n02090379/ILSVRC2012_val_00020739.JPEG reached epsilon at step 770, loss sum: 135.7877, final loss: 0.00099468, weight distance: 0.0516
2025-09-23 01:35:47,112 - INFO - Example /home/projects/bagon/shared/imagenet512/val/n02408429/ILSVRC2012_val_00009898.JPEG reached epsilon at step 704, loss sum: 108.7678, final loss: 0.00098801, weight distance: 0.0482
2025-09-23 01:36:36,060 - INFO - Example /home/projects/bagon/shared/imagenet512/val/n02988304/ILSVRC2012_val_00040907.JPEG reached epsilon at step 1689, loss sum: 379.9730, final loss: 0.00099659, weight distance: 0.0974
2025-09-23 01:37:20,479 - INFO - Example /home/projects/bagon/shared/imagenet512/val/n02676566/ILSVRC2012_val_00013063.JPEG reached epsilon at step 1524, loss sum: 995.8607, final loss: 0.00099468, weight distance: 0.0979
2025-09-23 01:37:50,904 - INFO - Example /home/projects/bagon/shared/imagenet512/val/n03045698/ILSVRC2012_val_00041131.JPEG reached epsilon at step 1036, loss sum: 242.3117, final loss: 0.00099564, weight distance: 0.0647
2025-09-23 01:38:14,439 - INFO - Example /home/projects/bagon/shared/imagenet512/val/n02037110/ILSVRC2012_val_00009991.JPEG reached epsilon at step 795, loss sum: 467.8003, final loss: 0.00099182, weight distance: 0.0604
2025-09-23 01:38:34,562 - INFO - Example /home/projects/bagon/shared/imagenet512/val/n02276258/ILSVRC2012_val_00001187.JPEG reached epsilon at step 675, loss sum: 1061.4191, final loss: 0.00099850, weight distance: 0.0568
2025-09-23 01:38:53,803 - INFO - Example /home/projects/bagon/shared/imagenet512/val/n04613696/ILSVRC2012_val_00042945.JPEG reached epsilon at step 638, loss sum: 277.0137, final loss: 0.00099945, weight distance: 0.0474
2025-09-23 01:39:13,047 - INFO - Example /home/projects/bagon/shared/imagenet512/val/n02777292/ILSVRC2012_val_00004895.JPEG reached epsilon at step 645, loss sum: 32.0182, final loss: 0.00099945, weight distance: 0.0401
2025-09-23 01:39:46,441 - INFO - Example /home/projects/bagon/shared/imagenet512/val/n02326432/ILSVRC2012_val_00007440.JPEG reached epsilon at step 1143, loss sum: 351.3593, final loss: 0.00099182, weight distance: 0.0746
2025-09-23 01:40:00,190 - INFO - Example /home/projects/bagon/shared/imagenet512/val/n04597913/ILSVRC2012_val_00022476.JPEG reached epsilon at step 451, loss sum: 37.5671, final loss: 0.00099754, weight distance: 0.0313
2025-09-23 01:40:28,569 - INFO - Example /home/projects/bagon/shared/imagenet512/val/n01944390/ILSVRC2012_val_00008789.JPEG reached epsilon at step 967, loss sum: 1171.2259, final loss: 0.00099564, weight distance: 0.0724
2025-09-23 01:40:59,473 - INFO - Example /home/projects/bagon/shared/imagenet512/val/n03481172/ILSVRC2012_val_00026993.JPEG reached epsilon at step 1054, loss sum: 69.4824, final loss: 0.00099182, weight distance: 0.0586
2025-09-23 01:41:20,184 - INFO - Example /home/projects/bagon/shared/imagenet512/val/n03803284/ILSVRC2012_val_00020872.JPEG reached epsilon at step 695, loss sum: 544.3480, final loss: 0.00099945, weight distance: 0.0560
2025-09-23 01:41:47,279 - INFO - Example /home/projects/bagon/shared/imagenet512/val/n02002724/ILSVRC2012_val_00022687.JPEG reached epsilon at step 921, loss sum: 346.9595, final loss: 0.00099850, weight distance: 0.0557
2025-09-23 01:42:12,065 - INFO - Example /home/projects/bagon/shared/imagenet512/val/n03982430/ILSVRC2012_val_00034059.JPEG reached epsilon at step 840, loss sum: 358.9427, final loss: 0.00099373, weight distance: 0.0621
2025-09-23 01:42:28,970 - INFO - Example /home/projects/bagon/shared/imagenet512/val/n02085782/ILSVRC2012_val_00029262.JPEG reached epsilon at step 563, loss sum: 9.8445, final loss: 0.00099945, weight distance: 0.0333
2025-09-23 01:43:08,626 - INFO - Example /home/projects/bagon/shared/imagenet512/val/n09421951/ILSVRC2012_val_00018154.JPEG reached epsilon at step 1352, loss sum: 164.4685, final loss: 0.00099945, weight distance: 0.0767
2025-09-23 01:43:34,129 - INFO - Example /home/projects/bagon/shared/imagenet512/val/n02028035/ILSVRC2012_val_00029974.JPEG reached epsilon at step 865, loss sum: 452.7279, final loss: 0.00099468, weight distance: 0.0651
2025-09-23 01:44:07,334 - INFO - Example /home/projects/bagon/shared/imagenet512/val/n02835271/ILSVRC2012_val_00043435.JPEG reached epsilon at step 1136, loss sum: 1002.7210, final loss: 0.00099468, weight distance: 0.0743
2025-09-23 01:44:22,992 - INFO - Example /home/projects/bagon/shared/imagenet512/val/n02096177/ILSVRC2012_val_00032177.JPEG reached epsilon at step 518, loss sum: 87.9489, final loss: 0.00098705, weight distance: 0.0375
2025-09-23 01:44:49,456 - INFO - Example /home/projects/bagon/shared/imagenet512/val/n02093428/ILSVRC2012_val_00008303.JPEG reached epsilon at step 899, loss sum: 18.5804, final loss: 0.00099945, weight distance: 0.0434
2025-09-23 01:45:08,782 - INFO - Example /home/projects/bagon/shared/imagenet512/val/n02088466/ILSVRC2012_val_00013080.JPEG reached epsilon at step 647, loss sum: 89.0596, final loss: 0.00099277, weight distance: 0.0451
2025-09-23 01:45:35,878 - INFO - Example /home/projects/bagon/shared/imagenet512/val/n03032252/ILSVRC2012_val_00031248.JPEG reached epsilon at step 920, loss sum: 450.4888, final loss: 0.00099754, weight distance: 0.0666
2025-09-23 01:46:00,563 - INFO - Example /home/projects/bagon/shared/imagenet512/val/n02085620/ILSVRC2012_val_00021266.JPEG reached epsilon at step 836, loss sum: 59.7865, final loss: 0.00099373, weight distance: 0.0499
2025-09-23 01:46:17,505 - INFO - Example /home/projects/bagon/shared/imagenet512/val/n02606052/ILSVRC2012_val_00038764.JPEG reached epsilon at step 562, loss sum: 154.2913, final loss: 0.00098610, weight distance: 0.0430
2025-09-23 01:46:46,276 - INFO - Example /home/projects/bagon/shared/imagenet512/val/n02098105/ILSVRC2012_val_00005267.JPEG reached epsilon at step 973, loss sum: 440.3519, final loss: 0.00099754, weight distance: 0.0674
2025-09-23 01:47:19,079 - INFO - Example /home/projects/bagon/shared/imagenet512/val/n03146219/ILSVRC2012_val_00002250.JPEG reached epsilon at step 1117, loss sum: 113.5187, final loss: 0.00099850, weight distance: 0.0598
2025-09-23 01:47:40,888 - INFO - Example /home/projects/bagon/shared/imagenet512/val/n04552348/ILSVRC2012_val_00047529.JPEG reached epsilon at step 733, loss sum: 18.4760, final loss: 0.00099468, weight distance: 0.0403
2025-09-23 01:48:16,948 - INFO - Example /home/projects/bagon/shared/imagenet512/val/n02894605/ILSVRC2012_val_00020306.JPEG reached epsilon at step 1234, loss sum: 150.6060, final loss: 0.00099754, weight distance: 0.0697
2025-09-23 01:48:34,810 - INFO - Example /home/projects/bagon/shared/imagenet512/val/n04023962/ILSVRC2012_val_00013561.JPEG reached epsilon at step 595, loss sum: 70.5215, final loss: 0.00099945, weight distance: 0.0417
2025-09-23 01:48:58,378 - INFO - Example /home/projects/bagon/shared/imagenet512/val/n04476259/ILSVRC2012_val_00011105.JPEG reached epsilon at step 794, loss sum: 137.5569, final loss: 0.00099087, weight distance: 0.0535
2025-09-23 01:49:20,478 - INFO - Example /home/projects/bagon/shared/imagenet512/val/n03804744/ILSVRC2012_val_00028216.JPEG reached epsilon at step 742, loss sum: 240.8626, final loss: 0.00099087, weight distance: 0.0496
2025-09-23 01:49:54,612 - INFO - Example /home/projects/bagon/shared/imagenet512/val/n03977966/ILSVRC2012_val_00029106.JPEG reached epsilon at step 1162, loss sum: 348.5723, final loss: 0.00098705, weight distance: 0.0763
2025-09-23 01:50:12,436 - INFO - Example /home/projects/bagon/shared/imagenet512/val/n01819313/ILSVRC2012_val_00033479.JPEG reached epsilon at step 594, loss sum: 192.4215, final loss: 0.00099564, weight distance: 0.0465
2025-09-23 01:50:37,648 - INFO - Example /home/projects/bagon/shared/imagenet512/val/n03481172/ILSVRC2012_val_00025034.JPEG reached epsilon at step 855, loss sum: 281.2520, final loss: 0.00099564, weight distance: 0.0599
2025-09-23 01:50:56,697 - INFO - Example /home/projects/bagon/shared/imagenet512/val/n02130308/ILSVRC2012_val_00041296.JPEG reached epsilon at step 631, loss sum: 246.5087, final loss: 0.00099659, weight distance: 0.0477
2025-09-23 01:51:31,084 - INFO - Example /home/projects/bagon/shared/imagenet512/val/n03532672/ILSVRC2012_val_00018267.JPEG reached epsilon at step 1176, loss sum: 349.1379, final loss: 0.00099754, weight distance: 0.0766
2025-09-23 01:51:52,195 - INFO - Example /home/projects/bagon/shared/imagenet512/val/n07615774/ILSVRC2012_val_00039496.JPEG reached epsilon at step 709, loss sum: 279.9951, final loss: 0.00099182, weight distance: 0.0525
2025-09-23 01:52:27,267 - INFO - Example /home/projects/bagon/shared/imagenet512/val/n02089078/ILSVRC2012_val_00047543.JPEG reached epsilon at step 1201, loss sum: 198.5513, final loss: 0.00099945, weight distance: 0.0731
2025-09-23 01:52:45,547 - INFO - Example /home/projects/bagon/shared/imagenet512/val/n03884397/ILSVRC2012_val_00030107.JPEG reached epsilon at step 610, loss sum: 490.1109, final loss: 0.00098705, weight distance: 0.0494
2025-09-23 01:52:55,991 - INFO - Example /home/projects/bagon/shared/imagenet512/val/n02093647/ILSVRC2012_val_00001957.JPEG reached epsilon at step 332, loss sum: 2.0946, final loss: 0.00099087, weight distance: 0.0190
2025-09-23 01:53:17,437 - INFO - Example /home/projects/bagon/shared/imagenet512/val/n03485407/ILSVRC2012_val_00013665.JPEG reached epsilon at step 718, loss sum: 229.9121, final loss: 0.00099945, weight distance: 0.0524
2025-09-23 01:53:36,132 - INFO - Example /home/projects/bagon/shared/imagenet512/val/n04141975/ILSVRC2012_val_00010284.JPEG reached epsilon at step 625, loss sum: 153.4842, final loss: 0.00099850, weight distance: 0.0450
2025-09-23 01:53:56,537 - INFO - Example /home/projects/bagon/shared/imagenet512/val/n04428191/ILSVRC2012_val_00006136.JPEG reached epsilon at step 685, loss sum: 42.7857, final loss: 0.00099468, weight distance: 0.0409
2025-09-23 01:54:26,812 - INFO - Example /home/projects/bagon/shared/imagenet512/val/n01644900/ILSVRC2012_val_00039478.JPEG reached epsilon at step 1032, loss sum: 99.9628, final loss: 0.00099564, weight distance: 0.0622
2025-09-23 01:54:43,403 - INFO - Example /home/projects/bagon/shared/imagenet512/val/n04259630/ILSVRC2012_val_00026779.JPEG reached epsilon at step 551, loss sum: 63.6507, final loss: 0.00099754, weight distance: 0.0407
2025-09-23 01:55:16,046 - INFO - Example /home/projects/bagon/shared/imagenet512/val/n02795169/ILSVRC2012_val_00011533.JPEG reached epsilon at step 1116, loss sum: 140.7604, final loss: 0.00099850, weight distance: 0.0676
2025-09-23 01:55:39,001 - INFO - Example /home/projects/bagon/shared/imagenet512/val/n02106550/ILSVRC2012_val_00012085.JPEG reached epsilon at step 774, loss sum: 189.6604, final loss: 0.00099850, weight distance: 0.0534
2025-09-23 01:56:05,508 - INFO - Example /home/projects/bagon/shared/imagenet512/val/n02106382/ILSVRC2012_val_00022843.JPEG reached epsilon at step 899, loss sum: 296.2059, final loss: 0.00099754, weight distance: 0.0625
2025-09-23 01:56:40,686 - INFO - Example /home/projects/bagon/shared/imagenet512/val/n02279972/ILSVRC2012_val_00023084.JPEG reached epsilon at step 1204, loss sum: 899.7877, final loss: 0.00099277, weight distance: 0.0798
2025-09-23 01:56:59,377 - INFO - Example /home/projects/bagon/shared/imagenet512/val/n03617480/ILSVRC2012_val_00027806.JPEG reached epsilon at step 624, loss sum: 252.6736, final loss: 0.00099754, weight distance: 0.0476
2025-09-23 01:57:27,392 - INFO - Example /home/projects/bagon/shared/imagenet512/val/n02114855/ILSVRC2012_val_00004178.JPEG reached epsilon at step 953, loss sum: 142.8524, final loss: 0.00099754, weight distance: 0.0587
2025-09-23 01:57:50,784 - INFO - Example /home/projects/bagon/shared/imagenet512/val/n01728920/ILSVRC2012_val_00013751.JPEG reached epsilon at step 790, loss sum: 110.6549, final loss: 0.00099754, weight distance: 0.0475
2025-09-23 01:58:15,273 - INFO - Example /home/projects/bagon/shared/imagenet512/val/n02786058/ILSVRC2012_val_00016079.JPEG reached epsilon at step 829, loss sum: 170.6787, final loss: 0.00099850, weight distance: 0.0567
2025-09-23 01:58:47,004 - INFO - Example /home/projects/bagon/shared/imagenet512/val/n02268443/ILSVRC2012_val_00030535.JPEG reached epsilon at step 1084, loss sum: 274.2327, final loss: 0.00099850, weight distance: 0.0652
2025-09-23 01:59:20,900 - INFO - Example /home/projects/bagon/shared/imagenet512/val/n02951585/ILSVRC2012_val_00000223.JPEG reached epsilon at step 1159, loss sum: 119.9121, final loss: 0.00099754, weight distance: 0.0603
2025-09-23 01:59:35,399 - INFO - Example /home/projects/bagon/shared/imagenet512/val/n04540053/ILSVRC2012_val_00004370.JPEG reached epsilon at step 477, loss sum: 71.3858, final loss: 0.00099182, weight distance: 0.0350
2025-09-23 02:00:01,881 - INFO - Example /home/projects/bagon/shared/imagenet512/val/n02002724/ILSVRC2012_val_00042532.JPEG reached epsilon at step 899, loss sum: 155.2779, final loss: 0.00099182, weight distance: 0.0603
2025-09-23 02:00:16,192 - INFO - Example /home/projects/bagon/shared/imagenet512/val/n01644373/ILSVRC2012_val_00007398.JPEG reached epsilon at step 455, loss sum: 25.3143, final loss: 0.00099468, weight distance: 0.0300
2025-09-23 02:00:50,233 - INFO - Example /home/projects/bagon/shared/imagenet512/val/n02883205/ILSVRC2012_val_00036568.JPEG reached epsilon at step 1165, loss sum: 138.6937, final loss: 0.00099373, weight distance: 0.0676
2025-09-23 02:01:12,455 - INFO - Example /home/projects/bagon/shared/imagenet512/val/n02640242/ILSVRC2012_val_00008189.JPEG reached epsilon at step 748, loss sum: 351.2346, final loss: 0.00099754, weight distance: 0.0542
2025-09-23 02:01:36,033 - INFO - Example /home/projects/bagon/shared/imagenet512/val/n02090379/ILSVRC2012_val_00024950.JPEG reached epsilon at step 797, loss sum: 96.5873, final loss: 0.00099945, weight distance: 0.0510
2025-09-23 02:02:03,144 - INFO - Example /home/projects/bagon/shared/imagenet512/val/n02396427/ILSVRC2012_val_00027556.JPEG reached epsilon at step 921, loss sum: 37.7127, final loss: 0.00099277, weight distance: 0.0480
2025-09-23 02:02:26,449 - INFO - Example /home/projects/bagon/shared/imagenet512/val/n02099849/ILSVRC2012_val_00023943.JPEG reached epsilon at step 787, loss sum: 141.3789, final loss: 0.00099850, weight distance: 0.0499
2025-09-23 02:02:57,936 - INFO - Example /home/projects/bagon/shared/imagenet512/val/n02101388/ILSVRC2012_val_00011777.JPEG reached epsilon at step 1074, loss sum: 593.2772, final loss: 0.00099182, weight distance: 0.0760
2025-09-23 02:03:16,124 - INFO - Example /home/projects/bagon/shared/imagenet512/val/n03920288/ILSVRC2012_val_00005792.JPEG reached epsilon at step 607, loss sum: 108.9829, final loss: 0.00099468, weight distance: 0.0453
2025-09-23 02:03:40,571 - INFO - Example /home/projects/bagon/shared/imagenet512/val/n02877765/ILSVRC2012_val_00028094.JPEG reached epsilon at step 827, loss sum: 292.4460, final loss: 0.00099182, weight distance: 0.0613
2025-09-23 02:04:12,139 - INFO - Example /home/projects/bagon/shared/imagenet512/val/n02130308/ILSVRC2012_val_00035388.JPEG reached epsilon at step 1077, loss sum: 1243.8787, final loss: 0.00099945, weight distance: 0.0726
2025-09-23 02:04:45,027 - INFO - Example /home/projects/bagon/shared/imagenet512/val/n03947888/ILSVRC2012_val_00036604.JPEG reached epsilon at step 1124, loss sum: 207.6047, final loss: 0.00099754, weight distance: 0.0689
2025-09-23 02:04:58,532 - INFO - Example /home/projects/bagon/shared/imagenet512/val/n02105251/ILSVRC2012_val_00028633.JPEG reached epsilon at step 442, loss sum: 4.0618, final loss: 0.00098515, weight distance: 0.0245
2025-09-23 02:05:22,813 - INFO - Example /home/projects/bagon/shared/imagenet512/val/n02134418/ILSVRC2012_val_00034637.JPEG reached epsilon at step 821, loss sum: 235.3261, final loss: 0.00099564, weight distance: 0.0525
2025-09-23 02:05:44,828 - INFO - Example /home/projects/bagon/shared/imagenet512/val/n03042490/ILSVRC2012_val_00010674.JPEG reached epsilon at step 742, loss sum: 150.1592, final loss: 0.00098610, weight distance: 0.0504
2025-09-23 02:06:19,944 - INFO - Example /home/projects/bagon/shared/imagenet512/val/n02444819/ILSVRC2012_val_00007115.JPEG reached epsilon at step 1202, loss sum: 154.1454, final loss: 0.00099850, weight distance: 0.0710
2025-09-23 02:06:54,155 - INFO - Example /home/projects/bagon/shared/imagenet512/val/n02823428/ILSVRC2012_val_00011437.JPEG reached epsilon at step 1168, loss sum: 482.5388, final loss: 0.00098991, weight distance: 0.0752
2025-09-23 02:07:18,329 - INFO - Example /home/projects/bagon/shared/imagenet512/val/n01843383/ILSVRC2012_val_00019884.JPEG reached epsilon at step 818, loss sum: 674.0749, final loss: 0.00098610, weight distance: 0.0622
2025-09-23 02:07:44,550 - INFO - Example /home/projects/bagon/shared/imagenet512/val/n02259212/ILSVRC2012_val_00044153.JPEG reached epsilon at step 890, loss sum: 258.3515, final loss: 0.00099373, weight distance: 0.0613
2025-09-23 02:08:08,732 - INFO - Example /home/projects/bagon/shared/imagenet512/val/n03884397/ILSVRC2012_val_00041007.JPEG reached epsilon at step 818, loss sum: 73.5526, final loss: 0.00099659, weight distance: 0.0521
2025-09-23 02:08:32,384 - INFO - Example /home/projects/bagon/shared/imagenet512/val/n02058221/ILSVRC2012_val_00000207.JPEG reached epsilon at step 796, loss sum: 679.6658, final loss: 0.00099087, weight distance: 0.0612
2025-09-23 02:08:57,673 - INFO - Example /home/projects/bagon/shared/imagenet512/val/n13052670/ILSVRC2012_val_00040793.JPEG reached epsilon at step 857, loss sum: 119.1253, final loss: 0.00099277, weight distance: 0.0513
2025-09-23 02:09:09,212 - INFO - Example /home/projects/bagon/shared/imagenet512/val/n03000684/ILSVRC2012_val_00023477.JPEG reached epsilon at step 373, loss sum: 11.8668, final loss: 0.00099373, weight distance: 0.0265
2025-09-23 02:09:22,373 - INFO - Example /home/projects/bagon/shared/imagenet512/val/n02843684/ILSVRC2012_val_00000514.JPEG reached epsilon at step 431, loss sum: 17.6333, final loss: 0.00098991, weight distance: 0.0296
2025-09-23 02:09:45,838 - INFO - Example /home/projects/bagon/shared/imagenet512/val/n02747177/ILSVRC2012_val_00021981.JPEG reached epsilon at step 788, loss sum: 88.9296, final loss: 0.00099087, weight distance: 0.0510
2025-09-23 02:10:04,126 - INFO - Example /home/projects/bagon/shared/imagenet512/val/n07768694/ILSVRC2012_val_00041470.JPEG reached epsilon at step 610, loss sum: 90.2768, final loss: 0.00099850, weight distance: 0.0436
2025-09-23 02:10:43,974 - INFO - Example /home/projects/bagon/shared/imagenet512/val/n03450230/ILSVRC2012_val_00008551.JPEG reached epsilon at step 1370, loss sum: 388.3987, final loss: 0.00099754, weight distance: 0.0821
2025-09-23 02:11:02,158 - INFO - Example /home/projects/bagon/shared/imagenet512/val/n09472597/ILSVRC2012_val_00016868.JPEG reached epsilon at step 603, loss sum: 213.1849, final loss: 0.00098991, weight distance: 0.0474
2025-09-23 02:11:28,595 - INFO - Example /home/projects/bagon/shared/imagenet512/val/n03255030/ILSVRC2012_val_00032911.JPEG reached epsilon at step 899, loss sum: 128.8808, final loss: 0.00098896, weight distance: 0.0553
2025-09-23 02:11:50,507 - INFO - Example /home/projects/bagon/shared/imagenet512/val/n02111277/ILSVRC2012_val_00047062.JPEG reached epsilon at step 739, loss sum: 26.0902, final loss: 0.00099754, weight distance: 0.0415
2025-09-23 02:12:23,819 - INFO - Example /home/projects/bagon/shared/imagenet512/val/n04398044/ILSVRC2012_val_00030441.JPEG reached epsilon at step 1140, loss sum: 340.3877, final loss: 0.00099373, weight distance: 0.0757
2025-09-23 02:12:39,025 - INFO - Example /home/projects/bagon/shared/imagenet512/val/n01531178/ILSVRC2012_val_00031086.JPEG reached epsilon at step 503, loss sum: 157.6712, final loss: 0.00099087, weight distance: 0.0398
2025-09-23 02:13:00,971 - INFO - Example /home/projects/bagon/shared/imagenet512/val/n02977058/ILSVRC2012_val_00029340.JPEG reached epsilon at step 728, loss sum: 125.4384, final loss: 0.00099182, weight distance: 0.0499
2025-09-23 02:13:34,431 - INFO - Example /home/projects/bagon/shared/imagenet512/val/n02504458/ILSVRC2012_val_00021807.JPEG reached epsilon at step 1138, loss sum: 99.8719, final loss: 0.00099945, weight distance: 0.0613
2025-09-23 02:13:41,962 - INFO - Example /home/projects/bagon/shared/imagenet512/val/n03404251/ILSVRC2012_val_00033667.JPEG reached epsilon at step 228, loss sum: 0.7373, final loss: 0.00099277, weight distance: 0.0119
2025-09-23 02:14:07,178 - INFO - Example /home/projects/bagon/shared/imagenet512/val/n02106550/ILSVRC2012_val_00034429.JPEG reached epsilon at step 852, loss sum: 128.3908, final loss: 0.00098991, weight distance: 0.0554
2025-09-23 02:14:34,741 - INFO - Example /home/projects/bagon/shared/imagenet512/val/n02978881/ILSVRC2012_val_00038135.JPEG reached epsilon at step 937, loss sum: 405.5844, final loss: 0.00099945, weight distance: 0.0622
2025-09-23 02:14:42,297 - INFO - Example /home/projects/bagon/shared/imagenet512/val/n03384352/ILSVRC2012_val_00036025.JPEG reached epsilon at step 233, loss sum: 0.9383, final loss: 0.00099659, weight distance: 0.0133
2025-09-23 02:15:03,839 - INFO - Example /home/projects/bagon/shared/imagenet512/val/n04049303/ILSVRC2012_val_00019907.JPEG reached epsilon at step 726, loss sum: 24.9277, final loss: 0.00099468, weight distance: 0.0423
2025-09-23 02:15:23,838 - INFO - Example /home/projects/bagon/shared/imagenet512/val/n04579145/ILSVRC2012_val_00047046.JPEG reached epsilon at step 671, loss sum: 123.9500, final loss: 0.00099564, weight distance: 0.0498
2025-09-23 02:15:48,036 - INFO - Example /home/projects/bagon/shared/imagenet512/val/n02099849/ILSVRC2012_val_00017377.JPEG reached epsilon at step 819, loss sum: 407.8816, final loss: 0.00099564, weight distance: 0.0574
2025-09-23 02:16:08,407 - INFO - Example /home/projects/bagon/shared/imagenet512/val/n03792782/ILSVRC2012_val_00005303.JPEG reached epsilon at step 684, loss sum: 39.3041, final loss: 0.00099277, weight distance: 0.0434
2025-09-23 02:16:48,096 - INFO - Example /home/projects/bagon/shared/imagenet512/val/n04325704/ILSVRC2012_val_00039815.JPEG reached epsilon at step 1364, loss sum: 439.2715, final loss: 0.00099850, weight distance: 0.0846
2025-09-23 02:17:08,011 - INFO - Example /home/projects/bagon/shared/imagenet512/val/n04447861/ILSVRC2012_val_00026111.JPEG reached epsilon at step 667, loss sum: 29.0960, final loss: 0.00099564, weight distance: 0.0417
2025-09-23 02:17:25,989 - INFO - Example /home/projects/bagon/shared/imagenet512/val/n02797295/ILSVRC2012_val_00017834.JPEG reached epsilon at step 591, loss sum: 172.5282, final loss: 0.00098705, weight distance: 0.0453
2025-09-23 02:17:47,472 - INFO - Example /home/projects/bagon/shared/imagenet512/val/n03384352/ILSVRC2012_val_00009120.JPEG reached epsilon at step 721, loss sum: 672.0862, final loss: 0.00099659, weight distance: 0.0583
2025-09-23 02:18:35,458 - INFO - Example /home/projects/bagon/shared/imagenet512/val/n15075141/ILSVRC2012_val_00029967.JPEG reached epsilon at step 1657, loss sum: 1102.4301, final loss: 0.00099659, weight distance: 0.0994
2025-09-23 02:18:56,452 - INFO - Example /home/projects/bagon/shared/imagenet512/val/n02951585/ILSVRC2012_val_00036184.JPEG reached epsilon at step 706, loss sum: 32.0034, final loss: 0.00098801, weight distance: 0.0430
2025-09-23 02:19:15,851 - INFO - Example /home/projects/bagon/shared/imagenet512/val/n04447861/ILSVRC2012_val_00028452.JPEG reached epsilon at step 650, loss sum: 24.3001, final loss: 0.00099754, weight distance: 0.0389
2025-09-23 02:19:50,351 - INFO - Example /home/projects/bagon/shared/imagenet512/val/n02226429/ILSVRC2012_val_00006915.JPEG reached epsilon at step 1180, loss sum: 145.2641, final loss: 0.00099945, weight distance: 0.0669
2025-09-23 02:20:38,547 - INFO - Example /home/projects/bagon/shared/imagenet512/val/n03476991/ILSVRC2012_val_00017903.JPEG reached epsilon at step 1662, loss sum: 1613.0316, final loss: 0.00099564, weight distance: 0.1095
2025-09-23 02:21:16,484 - INFO - Example /home/projects/bagon/shared/imagenet512/val/n01983481/ILSVRC2012_val_00026193.JPEG reached epsilon at step 1302, loss sum: 986.8075, final loss: 0.00099850, weight distance: 0.0897
2025-09-23 02:21:41,542 - INFO - Example /home/projects/bagon/shared/imagenet512/val/n15075141/ILSVRC2012_val_00027432.JPEG reached epsilon at step 849, loss sum: 188.3404, final loss: 0.00099373, weight distance: 0.0516
2025-09-23 02:22:23,927 - INFO - Example /home/projects/bagon/shared/imagenet512/val/n04557648/ILSVRC2012_val_00017570.JPEG reached epsilon at step 1458, loss sum: 378.6631, final loss: 0.00099945, weight distance: 0.0845
2025-09-23 02:23:06,886 - INFO - Example /home/projects/bagon/shared/imagenet512/val/n03877472/ILSVRC2012_val_00010822.JPEG reached epsilon at step 1478, loss sum: 1452.5376, final loss: 0.00099659, weight distance: 0.1039
2025-09-23 02:23:27,131 - INFO - Example /home/projects/bagon/shared/imagenet512/val/n07614500/ILSVRC2012_val_00009969.JPEG reached epsilon at step 680, loss sum: 31.9008, final loss: 0.00099564, weight distance: 0.0416
2025-09-23 02:23:48,223 - INFO - Example /home/projects/bagon/shared/imagenet512/val/n02105855/ILSVRC2012_val_00044406.JPEG reached epsilon at step 710, loss sum: 248.8169, final loss: 0.00099468, weight distance: 0.0455
2025-09-23 02:24:12,780 - INFO - Example /home/projects/bagon/shared/imagenet512/val/n04254680/ILSVRC2012_val_00036164.JPEG reached epsilon at step 831, loss sum: 562.0610, final loss: 0.00099087, weight distance: 0.0579
2025-09-23 02:24:31,161 - INFO - Example /home/projects/bagon/shared/imagenet512/val/n07720875/ILSVRC2012_val_00027571.JPEG reached epsilon at step 615, loss sum: 46.1954, final loss: 0.00099850, weight distance: 0.0416
2025-09-23 02:24:54,338 - INFO - Example /home/projects/bagon/shared/imagenet512/val/n02777292/ILSVRC2012_val_00030267.JPEG reached epsilon at step 782, loss sum: 64.4622, final loss: 0.00099754, weight distance: 0.0494
2025-09-23 02:25:05,671 - INFO - Example /home/projects/bagon/shared/imagenet512/val/n03485794/ILSVRC2012_val_00005801.JPEG reached epsilon at step 367, loss sum: 7.9701, final loss: 0.00099468, weight distance: 0.0250
2025-09-23 02:25:41,461 - INFO - Example /home/projects/bagon/shared/imagenet512/val/n03637318/ILSVRC2012_val_00017312.JPEG reached epsilon at step 1227, loss sum: 397.9538, final loss: 0.00099468, weight distance: 0.0773
2025-09-23 02:25:58,794 - INFO - Example /home/projects/bagon/shared/imagenet512/val/n01484850/ILSVRC2012_val_00031466.JPEG reached epsilon at step 577, loss sum: 26.5827, final loss: 0.00098801, weight distance: 0.0378
2025-09-23 02:26:29,064 - INFO - Example /home/projects/bagon/shared/imagenet512/val/n03131574/ILSVRC2012_val_00004460.JPEG reached epsilon at step 1032, loss sum: 302.1990, final loss: 0.00099087, weight distance: 0.0622
2025-09-23 02:26:57,320 - INFO - Example /home/projects/bagon/shared/imagenet512/val/n02823428/ILSVRC2012_val_00022396.JPEG reached epsilon at step 962, loss sum: 247.1912, final loss: 0.00099087, weight distance: 0.0646
2025-09-23 02:27:16,662 - INFO - Example /home/projects/bagon/shared/imagenet512/val/n03630383/ILSVRC2012_val_00002627.JPEG reached epsilon at step 648, loss sum: 69.4230, final loss: 0.00099945, weight distance: 0.0423
2025-09-23 02:27:43,503 - INFO - Example /home/projects/bagon/shared/imagenet512/val/n01986214/ILSVRC2012_val_00037144.JPEG reached epsilon at step 911, loss sum: 893.9142, final loss: 0.00098991, weight distance: 0.0668
2025-09-23 02:27:59,736 - INFO - Example /home/projects/bagon/shared/imagenet512/val/n03759954/ILSVRC2012_val_00049128.JPEG reached epsilon at step 538, loss sum: 38.9911, final loss: 0.00099468, weight distance: 0.0382
2025-09-23 02:28:48,673 - INFO - Example /home/projects/bagon/shared/imagenet512/val/n01698640/ILSVRC2012_val_00006151.JPEG reached epsilon at step 1689, loss sum: 2344.0698, final loss: 0.00099754, weight distance: 0.1071
2025-09-23 02:29:07,695 - INFO - Example /home/projects/bagon/shared/imagenet512/val/n02281406/ILSVRC2012_val_00049742.JPEG reached epsilon at step 637, loss sum: 83.3938, final loss: 0.00099373, weight distance: 0.0431
2025-09-23 02:29:22,908 - INFO - Example /home/projects/bagon/shared/imagenet512/val/n03891332/ILSVRC2012_val_00017999.JPEG reached epsilon at step 484, loss sum: 49.4471, final loss: 0.00099754, weight distance: 0.0362
2025-09-23 02:29:49,646 - INFO - Example /home/projects/bagon/shared/imagenet512/val/n04041544/ILSVRC2012_val_00024841.JPEG reached epsilon at step 909, loss sum: 619.7947, final loss: 0.00099850, weight distance: 0.0658
2025-09-23 02:30:12,288 - INFO - Example /home/projects/bagon/shared/imagenet512/val/n01664065/ILSVRC2012_val_00036202.JPEG reached epsilon at step 758, loss sum: 234.7362, final loss: 0.00099945, weight distance: 0.0459
2025-09-23 02:30:31,735 - INFO - Example /home/projects/bagon/shared/imagenet512/val/n02777292/ILSVRC2012_val_00003803.JPEG reached epsilon at step 652, loss sum: 145.2783, final loss: 0.00099564, weight distance: 0.0479
2025-09-23 02:30:48,162 - INFO - Example /home/projects/bagon/shared/imagenet512/val/n04265275/ILSVRC2012_val_00049659.JPEG reached epsilon at step 542, loss sum: 13.8235, final loss: 0.00098610, weight distance: 0.0327
2025-09-23 02:31:05,710 - INFO - Example /home/projects/bagon/shared/imagenet512/val/n03995372/ILSVRC2012_val_00045162.JPEG reached epsilon at step 584, loss sum: 186.0108, final loss: 0.00098610, weight distance: 0.0452
2025-09-23 02:31:30,030 - INFO - Example /home/projects/bagon/shared/imagenet512/val/n02966687/ILSVRC2012_val_00034947.JPEG reached epsilon at step 825, loss sum: 453.1930, final loss: 0.00099182, weight distance: 0.0609
2025-09-23 02:31:54,412 - INFO - Example /home/projects/bagon/shared/imagenet512/val/n03804744/ILSVRC2012_val_00037696.JPEG reached epsilon at step 825, loss sum: 52.6424, final loss: 0.00099182, weight distance: 0.0483
2025-09-23 02:32:20,104 - INFO - Example /home/projects/bagon/shared/imagenet512/val/n03018349/ILSVRC2012_val_00000346.JPEG reached epsilon at step 872, loss sum: 246.0209, final loss: 0.00099850, weight distance: 0.0621
2025-09-23 02:32:56,173 - INFO - Example /home/projects/bagon/shared/imagenet512/val/n04536866/ILSVRC2012_val_00039680.JPEG reached epsilon at step 1235, loss sum: 1397.3408, final loss: 0.00099468, weight distance: 0.0804
2025-09-23 02:33:15,115 - INFO - Example /home/projects/bagon/shared/imagenet512/val/n03417042/ILSVRC2012_val_00042487.JPEG reached epsilon at step 627, loss sum: 14.8679, final loss: 0.00099277, weight distance: 0.0367
2025-09-23 02:33:35,490 - INFO - Example /home/projects/bagon/shared/imagenet512/val/n03843555/ILSVRC2012_val_00010931.JPEG reached epsilon at step 685, loss sum: 138.0560, final loss: 0.00099945, weight distance: 0.0461
2025-09-23 02:33:55,631 - INFO - Example /home/projects/bagon/shared/imagenet512/val/n04023962/ILSVRC2012_val_00007919.JPEG reached epsilon at step 677, loss sum: 203.6826, final loss: 0.00098991, weight distance: 0.0502
2025-09-23 02:34:29,062 - INFO - Example /home/projects/bagon/shared/imagenet512/val/n03485407/ILSVRC2012_val_00022547.JPEG reached epsilon at step 1137, loss sum: 1043.2696, final loss: 0.00098610, weight distance: 0.0812
2025-09-23 02:35:04,254 - INFO - Example /home/projects/bagon/shared/imagenet512/val/n01698640/ILSVRC2012_val_00010395.JPEG reached epsilon at step 1206, loss sum: 362.9311, final loss: 0.00099468, weight distance: 0.0727
2025-09-23 02:35:34,483 - INFO - Example /home/projects/bagon/shared/imagenet512/val/n03376595/ILSVRC2012_val_00001855.JPEG reached epsilon at step 1030, loss sum: 409.7681, final loss: 0.00099277, weight distance: 0.0708
2025-09-23 02:35:54,096 - INFO - Example /home/projects/bagon/shared/imagenet512/val/n03825788/ILSVRC2012_val_00023059.JPEG reached epsilon at step 657, loss sum: 157.1495, final loss: 0.00099945, weight distance: 0.0472
2025-09-23 02:36:09,801 - INFO - Example /home/projects/bagon/shared/imagenet512/val/n02869837/ILSVRC2012_val_00038967.JPEG reached epsilon at step 520, loss sum: 56.2132, final loss: 0.00098896, weight distance: 0.0372
2025-09-23 02:36:29,910 - INFO - Example /home/projects/bagon/shared/imagenet512/val/n01694178/ILSVRC2012_val_00017490.JPEG reached epsilon at step 675, loss sum: 314.9342, final loss: 0.00099945, weight distance: 0.0529
2025-09-23 02:36:43,453 - INFO - Example /home/projects/bagon/shared/imagenet512/val/n04447861/ILSVRC2012_val_00035684.JPEG reached epsilon at step 444, loss sum: 5.4920, final loss: 0.00099277, weight distance: 0.0254
2025-09-23 02:36:59,028 - INFO - Example /home/projects/bagon/shared/imagenet512/val/n01632777/ILSVRC2012_val_00041298.JPEG reached epsilon at step 514, loss sum: 310.8702, final loss: 0.00099087, weight distance: 0.0422
2025-09-23 02:37:16,858 - INFO - Example /home/projects/bagon/shared/imagenet512/val/n02843684/ILSVRC2012_val_00004330.JPEG reached epsilon at step 595, loss sum: 107.4970, final loss: 0.00099659, weight distance: 0.0438
2025-09-23 02:37:33,565 - INFO - Example /home/projects/bagon/shared/imagenet512/val/n03325584/ILSVRC2012_val_00029330.JPEG reached epsilon at step 554, loss sum: 70.4392, final loss: 0.00099945, weight distance: 0.0382
2025-09-23 02:38:09,738 - INFO - Example /home/projects/bagon/shared/imagenet512/val/n04591713/ILSVRC2012_val_00048539.JPEG reached epsilon at step 1240, loss sum: 431.5072, final loss: 0.00099468, weight distance: 0.0786
2025-09-23 02:38:31,890 - INFO - Example /home/projects/bagon/shared/imagenet512/val/n02992211/ILSVRC2012_val_00039077.JPEG reached epsilon at step 746, loss sum: 246.6511, final loss: 0.00098991, weight distance: 0.0526
2025-09-23 02:39:17,590 - INFO - Example /home/projects/bagon/shared/imagenet512/val/n03950228/ILSVRC2012_val_00019039.JPEG reached epsilon at step 1572, loss sum: 250.8881, final loss: 0.00099659, weight distance: 0.0889
2025-09-23 02:40:01,652 - INFO - Example /home/projects/bagon/shared/imagenet512/val/n04326547/ILSVRC2012_val_00011562.JPEG reached epsilon at step 1517, loss sum: 1942.3560, final loss: 0.00099945, weight distance: 0.0994
2025-09-23 02:40:36,401 - INFO - Example /home/projects/bagon/shared/imagenet512/val/n02138441/ILSVRC2012_val_00032737.JPEG reached epsilon at step 1183, loss sum: 699.6527, final loss: 0.00099850, weight distance: 0.0756
2025-09-23 02:40:57,319 - INFO - Example /home/projects/bagon/shared/imagenet512/val/n03379051/ILSVRC2012_val_00047692.JPEG reached epsilon at step 703, loss sum: 478.7734, final loss: 0.00099468, weight distance: 0.0554
2025-09-23 02:41:06,555 - INFO - Example /home/projects/bagon/shared/imagenet512/val/n02787622/ILSVRC2012_val_00032950.JPEG reached epsilon at step 293, loss sum: 18.7265, final loss: 0.00099468, weight distance: 0.0225
2025-09-23 02:41:29,312 - INFO - Example /home/projects/bagon/shared/imagenet512/val/n02096177/ILSVRC2012_val_00016484.JPEG reached epsilon at step 769, loss sum: 73.0605, final loss: 0.00099659, weight distance: 0.0496
2025-09-23 02:41:57,895 - INFO - Example /home/projects/bagon/shared/imagenet512/val/n02672831/ILSVRC2012_val_00034486.JPEG reached epsilon at step 973, loss sum: 1518.5321, final loss: 0.00099182, weight distance: 0.0754
2025-09-23 02:42:32,842 - INFO - Example /home/projects/bagon/shared/imagenet512/val/n04592741/ILSVRC2012_val_00022734.JPEG reached epsilon at step 1198, loss sum: 362.7499, final loss: 0.00098705, weight distance: 0.0650
2025-09-23 02:42:49,928 - INFO - Example /home/projects/bagon/shared/imagenet512/val/n02841315/ILSVRC2012_val_00002158.JPEG reached epsilon at step 569, loss sum: 154.3704, final loss: 0.00099087, weight distance: 0.0422
2025-09-23 02:43:02,270 - INFO - Example /home/projects/bagon/shared/imagenet512/val/n03467068/ILSVRC2012_val_00043020.JPEG reached epsilon at step 398, loss sum: 25.2062, final loss: 0.00098801, weight distance: 0.0294
2025-09-23 02:43:15,592 - INFO - Example /home/projects/bagon/shared/imagenet512/val/n03929660/ILSVRC2012_val_00029852.JPEG reached epsilon at step 436, loss sum: 45.4650, final loss: 0.00099373, weight distance: 0.0315
2025-09-23 02:43:31,341 - INFO - Example /home/projects/bagon/shared/imagenet512/val/n04005630/ILSVRC2012_val_00040082.JPEG reached epsilon at step 522, loss sum: 82.9759, final loss: 0.00099468, weight distance: 0.0394
2025-09-23 02:43:56,607 - INFO - Example /home/projects/bagon/shared/imagenet512/val/n03131574/ILSVRC2012_val_00009699.JPEG reached epsilon at step 857, loss sum: 127.3975, final loss: 0.00099373, weight distance: 0.0532
2025-09-23 02:44:21,239 - INFO - Example /home/projects/bagon/shared/imagenet512/val/n02655020/ILSVRC2012_val_00010683.JPEG reached epsilon at step 830, loss sum: 1369.8633, final loss: 0.00098705, weight distance: 0.0677
2025-09-23 02:44:48,188 - INFO - Example /home/projects/bagon/shared/imagenet512/val/n03347037/ILSVRC2012_val_00011810.JPEG reached epsilon at step 917, loss sum: 816.9579, final loss: 0.00099754, weight distance: 0.0685
2025-09-23 02:45:05,846 - INFO - Example /home/projects/bagon/shared/imagenet512/val/n01582220/ILSVRC2012_val_00000476.JPEG reached epsilon at step 589, loss sum: 313.3944, final loss: 0.00099468, weight distance: 0.0449
2025-09-23 02:45:35,240 - INFO - Example /home/projects/bagon/shared/imagenet512/val/n02094258/ILSVRC2012_val_00016976.JPEG reached epsilon at step 1003, loss sum: 193.1914, final loss: 0.00099468, weight distance: 0.0663
2025-09-23 02:46:05,537 - INFO - Example /home/projects/bagon/shared/imagenet512/val/n01742172/ILSVRC2012_val_00029088.JPEG reached epsilon at step 1034, loss sum: 169.1452, final loss: 0.00098991, weight distance: 0.0652
2025-09-23 02:46:39,622 - INFO - Example /home/projects/bagon/shared/imagenet512/val/n03372029/ILSVRC2012_val_00003736.JPEG reached epsilon at step 1168, loss sum: 507.2870, final loss: 0.00099182, weight distance: 0.0779
2025-09-23 02:46:52,353 - INFO - Example /home/projects/bagon/shared/imagenet512/val/n04200800/ILSVRC2012_val_00036014.JPEG reached epsilon at step 415, loss sum: 126.1964, final loss: 0.00099659, weight distance: 0.0341
2025-09-23 02:47:24,437 - INFO - Example /home/projects/bagon/shared/imagenet512/val/n01924916/ILSVRC2012_val_00047016.JPEG reached epsilon at step 1096, loss sum: 347.1435, final loss: 0.00099945, weight distance: 0.0734
2025-09-23 02:47:47,898 - INFO - Example /home/projects/bagon/shared/imagenet512/val/n01749939/ILSVRC2012_val_00008810.JPEG reached epsilon at step 793, loss sum: 51.4740, final loss: 0.00099945, weight distance: 0.0484
2025-09-23 02:48:17,570 - INFO - Example /home/projects/bagon/shared/imagenet512/val/n03095699/ILSVRC2012_val_00010195.JPEG reached epsilon at step 988, loss sum: 91.4407, final loss: 0.00099850, weight distance: 0.0584
2025-09-23 02:48:38,543 - INFO - Example /home/projects/bagon/shared/imagenet512/val/n04428191/ILSVRC2012_val_00008174.JPEG reached epsilon at step 666, loss sum: 45.2327, final loss: 0.00099659, weight distance: 0.0436
2025-09-23 02:48:56,579 - INFO - Example /home/projects/bagon/shared/imagenet512/val/n02085782/ILSVRC2012_val_00015670.JPEG reached epsilon at step 550, loss sum: 17.8347, final loss: 0.00098896, weight distance: 0.0330
2025-09-23 02:49:30,666 - INFO - Example /home/projects/bagon/shared/imagenet512/val/n02268853/ILSVRC2012_val_00049961.JPEG reached epsilon at step 1169, loss sum: 61.0390, final loss: 0.00099087, weight distance: 0.0623
2025-09-23 02:49:57,175 - INFO - Example /home/projects/bagon/shared/imagenet512/val/n02233338/ILSVRC2012_val_00036880.JPEG reached epsilon at step 902, loss sum: 193.8841, final loss: 0.00099754, weight distance: 0.0600
2025-09-23 02:50:39,457 - INFO - Example /home/projects/bagon/shared/imagenet512/val/n01692333/ILSVRC2012_val_00014312.JPEG reached epsilon at step 1453, loss sum: 3176.0222, final loss: 0.00099754, weight distance: 0.1073
2025-09-23 02:50:56,672 - INFO - Example /home/projects/bagon/shared/imagenet512/val/n01774384/ILSVRC2012_val_00047122.JPEG reached epsilon at step 569, loss sum: 152.5799, final loss: 0.00099659, weight distance: 0.0433
2025-09-23 02:51:26,293 - INFO - Example /home/projects/bagon/shared/imagenet512/val/n03134739/ILSVRC2012_val_00023149.JPEG reached epsilon at step 1006, loss sum: 596.2401, final loss: 0.00099754, weight distance: 0.0713
2025-09-23 02:52:08,333 - INFO - Example /home/projects/bagon/shared/imagenet512/val/n03017168/ILSVRC2012_val_00036909.JPEG reached epsilon at step 1442, loss sum: 2170.5893, final loss: 0.00099468, weight distance: 0.0999
2025-09-23 02:52:30,628 - INFO - Example /home/projects/bagon/shared/imagenet512/val/n03240683/ILSVRC2012_val_00008795.JPEG reached epsilon at step 749, loss sum: 357.6306, final loss: 0.00099754, weight distance: 0.0562
2025-09-23 02:52:57,816 - INFO - Example /home/projects/bagon/shared/imagenet512/val/n03530642/ILSVRC2012_val_00038525.JPEG reached epsilon at step 921, loss sum: 1039.0700, final loss: 0.00099087, weight distance: 0.0642
2025-09-23 02:53:24,588 - INFO - Example /home/projects/bagon/shared/imagenet512/val/n02114548/ILSVRC2012_val_00015446.JPEG reached epsilon at step 906, loss sum: 484.5974, final loss: 0.00099277, weight distance: 0.0583
2025-09-23 02:53:46,579 - INFO - Example /home/projects/bagon/shared/imagenet512/val/n01582220/ILSVRC2012_val_00039004.JPEG reached epsilon at step 738, loss sum: 352.8895, final loss: 0.00099564, weight distance: 0.0532
2025-09-23 02:54:13,514 - INFO - Example /home/projects/bagon/shared/imagenet512/val/n04371774/ILSVRC2012_val_00015554.JPEG reached epsilon at step 913, loss sum: 1472.9428, final loss: 0.00099087, weight distance: 0.0740
2025-09-23 02:54:28,523 - INFO - Example /home/projects/bagon/shared/imagenet512/val/n01530575/ILSVRC2012_val_00035540.JPEG reached epsilon at step 494, loss sum: 74.6813, final loss: 0.00098705, weight distance: 0.0361
2025-09-23 02:54:49,233 - INFO - Example /home/projects/bagon/shared/imagenet512/val/n04517823/ILSVRC2012_val_00048458.JPEG reached epsilon at step 694, loss sum: 104.7435, final loss: 0.00099564, weight distance: 0.0485
2025-09-23 02:55:08,855 - INFO - Example /home/projects/bagon/shared/imagenet512/val/n03623198/ILSVRC2012_val_00041207.JPEG reached epsilon at step 656, loss sum: 95.2762, final loss: 0.00098896, weight distance: 0.0459
2025-09-23 02:55:25,225 - INFO - Example /home/projects/bagon/shared/imagenet512/val/n04004767/ILSVRC2012_val_00020731.JPEG reached epsilon at step 542, loss sum: 18.9240, final loss: 0.00099754, weight distance: 0.0316
2025-09-23 02:55:52,246 - INFO - Example /home/projects/bagon/shared/imagenet512/val/n07590611/ILSVRC2012_val_00038847.JPEG reached epsilon at step 914, loss sum: 260.8857, final loss: 0.00099850, weight distance: 0.0621
2025-09-23 02:56:08,056 - INFO - Example /home/projects/bagon/shared/imagenet512/val/n02033041/ILSVRC2012_val_00035972.JPEG reached epsilon at step 519, loss sum: 42.1864, final loss: 0.00099373, weight distance: 0.0353
2025-09-23 02:56:36,055 - INFO - Example /home/projects/bagon/shared/imagenet512/val/n04367480/ILSVRC2012_val_00025494.JPEG reached epsilon at step 949, loss sum: 193.6247, final loss: 0.00099850, weight distance: 0.0630
2025-09-23 02:57:06,388 - INFO - Example /home/projects/bagon/shared/imagenet512/val/n01688243/ILSVRC2012_val_00017015.JPEG reached epsilon at step 1031, loss sum: 835.9599, final loss: 0.00098896, weight distance: 0.0763
2025-09-23 02:57:37,242 - INFO - Example /home/projects/bagon/shared/imagenet512/val/n03995372/ILSVRC2012_val_00021444.JPEG reached epsilon at step 1049, loss sum: 676.0506, final loss: 0.00099468, weight distance: 0.0757
2025-09-23 02:57:52,639 - INFO - Example /home/projects/bagon/shared/imagenet512/val/n02190166/ILSVRC2012_val_00040278.JPEG reached epsilon at step 507, loss sum: 259.3306, final loss: 0.00099087, weight distance: 0.0420
2025-09-23 02:58:17,814 - INFO - Example /home/projects/bagon/shared/imagenet512/val/n01944390/ILSVRC2012_val_00047412.JPEG reached epsilon at step 851, loss sum: 633.3679, final loss: 0.00099182, weight distance: 0.0611
2025-09-23 02:58:48,645 - INFO - Example /home/projects/bagon/shared/imagenet512/val/n03355925/ILSVRC2012_val_00020208.JPEG reached epsilon at step 1049, loss sum: 461.7699, final loss: 0.00099564, weight distance: 0.0699
2025-09-23 02:59:13,025 - INFO - Example /home/projects/bagon/shared/imagenet512/val/n04266014/ILSVRC2012_val_00005787.JPEG reached epsilon at step 822, loss sum: 916.1615, final loss: 0.00099659, weight distance: 0.0643
2025-09-23 02:59:22,549 - INFO - Example /home/projects/bagon/shared/imagenet512/val/n04347754/ILSVRC2012_val_00030480.JPEG reached epsilon at step 298, loss sum: 3.4679, final loss: 0.00099373, weight distance: 0.0200
2025-09-23 02:59:45,593 - INFO - Example /home/projects/bagon/shared/imagenet512/val/n04366367/ILSVRC2012_val_00011834.JPEG reached epsilon at step 776, loss sum: 115.9627, final loss: 0.00099850, weight distance: 0.0499
2025-09-23 03:00:23,584 - INFO - Example /home/projects/bagon/shared/imagenet512/val/n03977966/ILSVRC2012_val_00046876.JPEG reached epsilon at step 1296, loss sum: 404.0978, final loss: 0.00099945, weight distance: 0.0820
2025-09-23 03:00:36,478 - INFO - Example /home/projects/bagon/shared/imagenet512/val/n07718747/ILSVRC2012_val_00011521.JPEG reached epsilon at step 420, loss sum: 110.2399, final loss: 0.00099945, weight distance: 0.0331
2025-09-23 03:01:11,848 - INFO - Example /home/projects/bagon/shared/imagenet512/val/n04204238/ILSVRC2012_val_00009203.JPEG reached epsilon at step 1209, loss sum: 1142.1638, final loss: 0.00099850, weight distance: 0.0865
2025-09-23 03:01:58,213 - INFO - Example /home/projects/bagon/shared/imagenet512/val/n04090263/ILSVRC2012_val_00039316.JPEG reached epsilon at step 1591, loss sum: 247.5693, final loss: 0.00099468, weight distance: 0.0850
2025-09-23 03:02:25,785 - INFO - Example /home/projects/bagon/shared/imagenet512/val/n02268853/ILSVRC2012_val_00043486.JPEG reached epsilon at step 933, loss sum: 72.5253, final loss: 0.00099087, weight distance: 0.0545
2025-09-23 03:02:47,384 - INFO - Example /home/projects/bagon/shared/imagenet512/val/n01855672/ILSVRC2012_val_00047108.JPEG reached epsilon at step 724, loss sum: 806.9810, final loss: 0.00098991, weight distance: 0.0520
2025-09-23 03:03:16,547 - INFO - Example /home/projects/bagon/shared/imagenet512/val/n04447861/ILSVRC2012_val_00040960.JPEG reached epsilon at step 989, loss sum: 824.7531, final loss: 0.00099182, weight distance: 0.0717
2025-09-23 03:03:44,788 - INFO - Example /home/projects/bagon/shared/imagenet512/val/n04286575/ILSVRC2012_val_00020426.JPEG reached epsilon at step 957, loss sum: 291.3753, final loss: 0.00099182, weight distance: 0.0576
2025-09-23 03:04:02,912 - INFO - Example /home/projects/bagon/shared/imagenet512/val/n03733281/ILSVRC2012_val_00032108.JPEG reached epsilon at step 603, loss sum: 216.2350, final loss: 0.00099277, weight distance: 0.0456
2025-09-23 03:04:26,932 - INFO - Example /home/projects/bagon/shared/imagenet512/val/n02786058/ILSVRC2012_val_00005610.JPEG reached epsilon at step 810, loss sum: 1040.9949, final loss: 0.00099564, weight distance: 0.0633
2025-09-23 03:04:51,817 - INFO - Example /home/projects/bagon/shared/imagenet512/val/n02823750/ILSVRC2012_val_00014945.JPEG reached epsilon at step 840, loss sum: 141.6334, final loss: 0.00099945, weight distance: 0.0555
2025-09-23 03:05:07,254 - INFO - Example /home/projects/bagon/shared/imagenet512/val/n07693725/ILSVRC2012_val_00019949.JPEG reached epsilon at step 507, loss sum: 55.1641, final loss: 0.00097847, weight distance: 0.0369
2025-09-23 03:05:34,055 - INFO - Example /home/projects/bagon/shared/imagenet512/val/n01498041/ILSVRC2012_val_00042547.JPEG reached epsilon at step 908, loss sum: 478.9824, final loss: 0.00099373, weight distance: 0.0653
2025-09-23 03:06:06,274 - INFO - Example /home/projects/bagon/shared/imagenet512/val/n07614500/ILSVRC2012_val_00006914.JPEG reached epsilon at step 1091, loss sum: 521.8252, final loss: 0.00099945, weight distance: 0.0708
2025-09-23 03:06:25,438 - INFO - Example /home/projects/bagon/shared/imagenet512/val/n03938244/ILSVRC2012_val_00023366.JPEG reached epsilon at step 640, loss sum: 84.4843, final loss: 0.00099850, weight distance: 0.0445
2025-09-23 03:06:59,157 - INFO - Example /home/projects/bagon/shared/imagenet512/val/n02493793/ILSVRC2012_val_00036994.JPEG reached epsilon at step 1151, loss sum: 650.4984, final loss: 0.00099850, weight distance: 0.0760
2025-09-23 03:07:39,421 - INFO - Example /home/projects/bagon/shared/imagenet512/val/n02129604/ILSVRC2012_val_00049631.JPEG reached epsilon at step 1380, loss sum: 286.0197, final loss: 0.00099945, weight distance: 0.0803
2025-09-23 03:08:21,654 - INFO - Example /home/projects/bagon/shared/imagenet512/val/n03476991/ILSVRC2012_val_00002442.JPEG reached epsilon at step 1450, loss sum: 249.2613, final loss: 0.00099468, weight distance: 0.0845
2025-09-23 03:08:58,757 - INFO - Example /home/projects/bagon/shared/imagenet512/val/n04487394/ILSVRC2012_val_00037551.JPEG reached epsilon at step 1264, loss sum: 2330.7170, final loss: 0.00098801, weight distance: 0.0906
2025-09-23 03:08:59,341 - INFO - Time limit reached. Exiting before starting next example.
