2025-09-23 01:23:32,977 - INFO - Parsed arguments:
2025-09-23 01:23:32,977 - INFO -   amp_dtype = None
2025-09-23 01:23:32,977 - INFO -   bars_npy = /home/projects/bagon/andreyg/Projects/BMM_school/Universal_learning/Programming/bars/geq6wrong_21017_geq6correct_1525_imagenet.npy
2025-09-23 01:23:32,977 - INFO -   cka_layer_fraction = 0.05
2025-09-23 01:23:32,977 - INFO -   current_worker = 0
2025-09-23 01:23:32,977 - INFO -   deterministic = True
2025-09-23 01:23:32,977 - INFO -   device = cuda
2025-09-23 01:23:32,977 - INFO -   epsilon = 0.001
2025-09-23 01:23:32,977 - INFO -   examples_csv = /home/projects/bagon/andreyg/Projects/BMM_school/Universal_learning/Programming/bars/geq6wrong_21017_geq6correct_1525_imagenet_examples_ammended.csv
2025-09-23 01:23:32,977 - INFO -   explicit_examples_for_training = None
2025-09-23 01:23:32,977 - INFO -   grad_clip_norm = 1.0
2025-09-23 01:23:32,977 - INFO -   hierarchy_json = /home/projects/bagon/andreyg/Projects/BMM_school/Universal_learning/Programming/bars/imagenet_synset_hierarchy.json
2025-09-23 01:23:32,977 - INFO -   imagenet_models_csv = /home/projects/bagon/andreyg/Projects/BMM_school/Universal_learning/Programming/bars/imagenet_models.csv
2025-09-23 01:23:32,977 - INFO -   lr = 0.0001
2025-09-23 01:23:32,977 - INFO -   max_examples = 50000
2025-09-23 01:23:32,977 - INFO -   max_steps_per_example = 10000
2025-09-23 01:23:32,977 - INFO -   model_csv_name = vgg_13_224_tv_imagenet_1k
2025-09-23 01:23:32,977 - INFO -   model_name = vgg13.tv_in1k
2025-09-23 01:23:32,977 - INFO -   no_amp = False
2025-09-23 01:23:32,978 - INFO -   num_workers = 8
2025-09-23 01:23:32,978 - INFO -   output_dir = /home/projects/bagon/andreyg/Projects/BMM_school/Universal_learning/Programming/training_gradient_evaluator_single_loss_parallel/output_parallel_8_workers_trial_2
2025-09-23 01:23:32,978 - INFO -   root_dir = None
2025-09-23 01:23:32,978 - INFO -   seed = 1337
2025-09-23 01:23:32,978 - INFO -   time_limit_seconds = 6300
2025-09-23 01:23:32,978 - INFO -   weight_decay = 0.0
2025-09-23 01:23:32,978 - INFO -   zero_aug_train = False
2025-09-23 01:23:35,138 - INFO - Loaded TIMM pretrained weights for vgg13.tv_in1k
2025-09-23 01:23:35,138 - INFO - pretrained_cfg.url= hf_hub_id=timm/vgg13.tv_in1k
2025-09-23 01:23:35,518 - INFO - Training configuration:
2025-09-23 01:23:35,518 - INFO -   lr = 0.0001
2025-09-23 01:23:35,518 - INFO -   weight_decay = 0.0
2025-09-23 01:23:35,518 - INFO -   max_steps = 10000
2025-09-23 01:23:35,518 - INFO -   epsilon = 0.001
2025-09-23 01:23:35,518 - INFO -   device = cuda
2025-09-23 01:23:35,518 - INFO -   use_amp = True
2025-09-23 01:23:35,518 - INFO -   amp_dtype = None
2025-09-23 01:23:35,518 - INFO -   gradient_clip_norm = 1.0
2025-09-23 01:23:39,883 - INFO - CKA layer subset: selecting 1/13 layers (~5%)
2025-09-23 01:23:50,803 - INFO - Example /home/projects/bagon/shared/imagenet512/val/n02018207/ILSVRC2012_val_00009270.JPEG reached epsilon at step 306, loss sum: 4.8263, final loss: 0.00099087, weight distance: 0.0212
2025-09-23 01:24:16,813 - INFO - Example /home/projects/bagon/shared/imagenet512/val/n07693725/ILSVRC2012_val_00049796.JPEG reached epsilon at step 834, loss sum: 219.8085, final loss: 0.00099468, weight distance: 0.0587
2025-09-23 01:24:41,731 - INFO - Example /home/projects/bagon/shared/imagenet512/val/n02102318/ILSVRC2012_val_00020593.JPEG reached epsilon at step 781, loss sum: 252.5151, final loss: 0.00099659, weight distance: 0.0578
2025-09-23 01:25:22,839 - INFO - Example /home/projects/bagon/shared/imagenet512/val/n03388183/ILSVRC2012_val_00005545.JPEG reached epsilon at step 1353, loss sum: 688.5552, final loss: 0.00099945, weight distance: 0.0873
2025-09-23 01:25:34,168 - INFO - Example /home/projects/bagon/shared/imagenet512/val/n02088094/ILSVRC2012_val_00014386.JPEG reached epsilon at step 342, loss sum: 11.3616, final loss: 0.00099850, weight distance: 0.0251
2025-09-23 01:25:51,535 - INFO - Example /home/projects/bagon/shared/imagenet512/val/n07860988/ILSVRC2012_val_00037332.JPEG reached epsilon at step 553, loss sum: 5.2226, final loss: 0.00098705, weight distance: 0.0291
2025-09-23 01:26:18,743 - INFO - Example /home/projects/bagon/shared/imagenet512/val/n01924916/ILSVRC2012_val_00032764.JPEG reached epsilon at step 884, loss sum: 126.4479, final loss: 0.00098991, weight distance: 0.0576
2025-09-23 01:26:30,432 - INFO - Example /home/projects/bagon/shared/imagenet512/val/n02111129/ILSVRC2012_val_00026684.JPEG reached epsilon at step 361, loss sum: 17.0646, final loss: 0.00099087, weight distance: 0.0263
2025-09-23 01:26:48,070 - INFO - Example /home/projects/bagon/shared/imagenet512/val/n01440764/ILSVRC2012_val_00028158.JPEG reached epsilon at step 563, loss sum: 63.1579, final loss: 0.00099468, weight distance: 0.0390
2025-09-23 01:27:00,305 - INFO - Example /home/projects/bagon/shared/imagenet512/val/n04409515/ILSVRC2012_val_00036818.JPEG reached epsilon at step 380, loss sum: 142.1638, final loss: 0.00099087, weight distance: 0.0316
2025-09-23 01:27:15,969 - INFO - Example /home/projects/bagon/shared/imagenet512/val/n09472597/ILSVRC2012_val_00039999.JPEG reached epsilon at step 495, loss sum: 57.1210, final loss: 0.00098991, weight distance: 0.0367
2025-09-23 01:27:21,539 - INFO - Example /home/projects/bagon/shared/imagenet512/val/n02437312/ILSVRC2012_val_00018774.JPEG reached epsilon at step 156, loss sum: 0.5277, final loss: 0.00098991, weight distance: 0.0096
2025-09-23 01:27:46,107 - INFO - Example /home/projects/bagon/shared/imagenet512/val/n02536864/ILSVRC2012_val_00025391.JPEG reached epsilon at step 796, loss sum: 151.1774, final loss: 0.00098801, weight distance: 0.0503
2025-09-23 01:28:24,813 - INFO - Example /home/projects/bagon/shared/imagenet512/val/n02415577/ILSVRC2012_val_00039697.JPEG reached epsilon at step 1276, loss sum: 1209.1977, final loss: 0.00098801, weight distance: 0.0685
2025-09-23 01:28:37,232 - INFO - Example /home/projects/bagon/shared/imagenet512/val/n03445924/ILSVRC2012_val_00026782.JPEG reached epsilon at step 388, loss sum: 9.1973, final loss: 0.00099564, weight distance: 0.0263
2025-09-23 01:28:48,578 - INFO - Example /home/projects/bagon/shared/imagenet512/val/n04146614/ILSVRC2012_val_00004786.JPEG reached epsilon at step 352, loss sum: 18.4179, final loss: 0.00099564, weight distance: 0.0268
2025-09-23 01:29:19,120 - INFO - Example /home/projects/bagon/shared/imagenet512/val/n03733805/ILSVRC2012_val_00038562.JPEG reached epsilon at step 1001, loss sum: 286.1875, final loss: 0.00099564, weight distance: 0.0664
2025-09-23 01:29:34,157 - INFO - Example /home/projects/bagon/shared/imagenet512/val/n04435653/ILSVRC2012_val_00024338.JPEG reached epsilon at step 477, loss sum: 113.2875, final loss: 0.00099945, weight distance: 0.0379
2025-09-23 01:29:46,725 - INFO - Example /home/projects/bagon/shared/imagenet512/val/n02797295/ILSVRC2012_val_00031279.JPEG reached epsilon at step 393, loss sum: 48.6520, final loss: 0.00099850, weight distance: 0.0310
2025-09-23 01:30:16,160 - INFO - Example /home/projects/bagon/shared/imagenet512/val/n01873310/ILSVRC2012_val_00000189.JPEG reached epsilon at step 962, loss sum: 129.0252, final loss: 0.00099754, weight distance: 0.0594
2025-09-23 01:30:42,010 - INFO - Example /home/projects/bagon/shared/imagenet512/val/n07684084/ILSVRC2012_val_00007138.JPEG reached epsilon at step 843, loss sum: 160.1423, final loss: 0.00099564, weight distance: 0.0576
2025-09-23 01:30:58,135 - INFO - Example /home/projects/bagon/shared/imagenet512/val/n02730930/ILSVRC2012_val_00016184.JPEG reached epsilon at step 506, loss sum: 18.6639, final loss: 0.00098896, weight distance: 0.0325
2025-09-23 01:31:25,565 - INFO - Example /home/projects/bagon/shared/imagenet512/val/n02128385/ILSVRC2012_val_00012399.JPEG reached epsilon at step 895, loss sum: 103.1153, final loss: 0.00098801, weight distance: 0.0543
2025-09-23 01:31:40,246 - INFO - Example /home/projects/bagon/shared/imagenet512/val/n02281787/ILSVRC2012_val_00032862.JPEG reached epsilon at step 465, loss sum: 47.2336, final loss: 0.00098896, weight distance: 0.0336
2025-09-23 01:31:56,123 - INFO - Example /home/projects/bagon/shared/imagenet512/val/n02966687/ILSVRC2012_val_00001202.JPEG reached epsilon at step 506, loss sum: 6.5329, final loss: 0.00098801, weight distance: 0.0278
2025-09-23 01:32:16,206 - INFO - Example /home/projects/bagon/shared/imagenet512/val/n02165456/ILSVRC2012_val_00036486.JPEG reached epsilon at step 647, loss sum: 38.4178, final loss: 0.00099182, weight distance: 0.0381
2025-09-23 01:32:24,522 - INFO - Example /home/projects/bagon/shared/imagenet512/val/n03457902/ILSVRC2012_val_00029112.JPEG reached epsilon at step 249, loss sum: 0.7205, final loss: 0.00098991, weight distance: 0.0121
2025-09-23 01:32:36,325 - INFO - Example /home/projects/bagon/shared/imagenet512/val/n03127925/ILSVRC2012_val_00012465.JPEG reached epsilon at step 363, loss sum: 32.2604, final loss: 0.00099945, weight distance: 0.0288
2025-09-23 01:32:51,138 - INFO - Example /home/projects/bagon/shared/imagenet512/val/n01688243/ILSVRC2012_val_00025025.JPEG reached epsilon at step 462, loss sum: 45.1380, final loss: 0.00099373, weight distance: 0.0346
2025-09-23 01:33:05,507 - INFO - Example /home/projects/bagon/shared/imagenet512/val/n02417914/ILSVRC2012_val_00038004.JPEG reached epsilon at step 433, loss sum: 17.4934, final loss: 0.00098896, weight distance: 0.0302
2025-09-23 01:33:46,071 - INFO - Example /home/projects/bagon/shared/imagenet512/val/n01687978/ILSVRC2012_val_00016308.JPEG reached epsilon at step 1342, loss sum: 194.6302, final loss: 0.00098801, weight distance: 0.0793
2025-09-23 01:34:08,365 - INFO - Example /home/projects/bagon/shared/imagenet512/val/n02280649/ILSVRC2012_val_00007368.JPEG reached epsilon at step 723, loss sum: 481.5670, final loss: 0.00099182, weight distance: 0.0546
2025-09-23 01:34:13,123 - INFO - Example /home/projects/bagon/shared/imagenet512/val/n03127925/ILSVRC2012_val_00013348.JPEG reached epsilon at step 128, loss sum: 0.2952, final loss: 0.00098705, weight distance: 0.0070
2025-09-23 01:34:37,114 - INFO - Example /home/projects/bagon/shared/imagenet512/val/n03958227/ILSVRC2012_val_00027382.JPEG reached epsilon at step 780, loss sum: 100.2932, final loss: 0.00099468, weight distance: 0.0514
2025-09-23 01:35:12,214 - INFO - Example /home/projects/bagon/shared/imagenet512/val/n02168699/ILSVRC2012_val_00046314.JPEG reached epsilon at step 1156, loss sum: 472.8831, final loss: 0.00099277, weight distance: 0.0746
2025-09-23 01:35:34,333 - INFO - Example /home/projects/bagon/shared/imagenet512/val/n02526121/ILSVRC2012_val_00015752.JPEG reached epsilon at step 709, loss sum: 215.9858, final loss: 0.00099277, weight distance: 0.0521
2025-09-23 01:35:54,994 - INFO - Example /home/projects/bagon/shared/imagenet512/val/n02640242/ILSVRC2012_val_00048433.JPEG reached epsilon at step 663, loss sum: 60.1372, final loss: 0.00099850, weight distance: 0.0459
2025-09-23 01:36:13,813 - INFO - Example /home/projects/bagon/shared/imagenet512/val/n03133878/ILSVRC2012_val_00012686.JPEG reached epsilon at step 605, loss sum: 53.3626, final loss: 0.00099850, weight distance: 0.0410
2025-09-23 01:36:27,170 - INFO - Example /home/projects/bagon/shared/imagenet512/val/n02500267/ILSVRC2012_val_00016556.JPEG reached epsilon at step 419, loss sum: 14.6070, final loss: 0.00098801, weight distance: 0.0274
2025-09-23 01:36:36,722 - INFO - Example /home/projects/bagon/shared/imagenet512/val/n02917067/ILSVRC2012_val_00025128.JPEG reached epsilon at step 291, loss sum: 11.4904, final loss: 0.00099850, weight distance: 0.0222
2025-09-23 01:36:59,477 - INFO - Example /home/projects/bagon/shared/imagenet512/val/n02096051/ILSVRC2012_val_00022763.JPEG reached epsilon at step 738, loss sum: 45.2097, final loss: 0.00098896, weight distance: 0.0457
2025-09-23 01:37:27,870 - INFO - Example /home/projects/bagon/shared/imagenet512/val/n02107142/ILSVRC2012_val_00016581.JPEG reached epsilon at step 926, loss sum: 267.9783, final loss: 0.00099468, weight distance: 0.0620
2025-09-23 01:37:47,851 - INFO - Example /home/projects/bagon/shared/imagenet512/val/n03884397/ILSVRC2012_val_00000844.JPEG reached epsilon at step 644, loss sum: 49.4039, final loss: 0.00099659, weight distance: 0.0428
2025-09-23 01:38:14,168 - INFO - Example /home/projects/bagon/shared/imagenet512/val/n03770439/ILSVRC2012_val_00014221.JPEG reached epsilon at step 859, loss sum: 161.5746, final loss: 0.00099373, weight distance: 0.0572
2025-09-23 01:38:39,787 - INFO - Example /home/projects/bagon/shared/imagenet512/val/n02231487/ILSVRC2012_val_00018003.JPEG reached epsilon at step 835, loss sum: 93.7909, final loss: 0.00099468, weight distance: 0.0519
2025-09-23 01:39:00,052 - INFO - Example /home/projects/bagon/shared/imagenet512/val/n02091467/ILSVRC2012_val_00030433.JPEG reached epsilon at step 654, loss sum: 57.6014, final loss: 0.00099659, weight distance: 0.0411
2025-09-23 01:39:31,408 - INFO - Example /home/projects/bagon/shared/imagenet512/val/n02837789/ILSVRC2012_val_00032841.JPEG reached epsilon at step 1029, loss sum: 199.5561, final loss: 0.00099373, weight distance: 0.0655
2025-09-23 01:39:57,735 - INFO - Example /home/projects/bagon/shared/imagenet512/val/n03018349/ILSVRC2012_val_00047905.JPEG reached epsilon at step 859, loss sum: 253.4245, final loss: 0.00099468, weight distance: 0.0608
2025-09-23 01:40:17,327 - INFO - Example /home/projects/bagon/shared/imagenet512/val/n02321529/ILSVRC2012_val_00035545.JPEG reached epsilon at step 631, loss sum: 90.1610, final loss: 0.00099277, weight distance: 0.0431
2025-09-23 01:40:27,798 - INFO - Example /home/projects/bagon/shared/imagenet512/val/n04265275/ILSVRC2012_val_00014737.JPEG reached epsilon at step 322, loss sum: 1.8161, final loss: 0.00099277, weight distance: 0.0180
2025-09-23 01:40:39,059 - INFO - Example /home/projects/bagon/shared/imagenet512/val/n02088632/ILSVRC2012_val_00018028.JPEG reached epsilon at step 349, loss sum: 1.6805, final loss: 0.00099659, weight distance: 0.0175
2025-09-23 01:40:48,374 - INFO - Example /home/projects/bagon/shared/imagenet512/val/n04146614/ILSVRC2012_val_00010117.JPEG reached epsilon at step 283, loss sum: 3.8835, final loss: 0.00099659, weight distance: 0.0195
2025-09-23 01:41:06,915 - INFO - Example /home/projects/bagon/shared/imagenet512/val/n03483316/ILSVRC2012_val_00034530.JPEG reached epsilon at step 595, loss sum: 174.9540, final loss: 0.00099564, weight distance: 0.0462
2025-09-23 01:41:27,655 - INFO - Example /home/projects/bagon/shared/imagenet512/val/n03376595/ILSVRC2012_val_00004162.JPEG reached epsilon at step 669, loss sum: 154.9338, final loss: 0.00099754, weight distance: 0.0476
2025-09-23 01:41:41,890 - INFO - Example /home/projects/bagon/shared/imagenet512/val/n01981276/ILSVRC2012_val_00006315.JPEG reached epsilon at step 450, loss sum: 125.1363, final loss: 0.00099277, weight distance: 0.0366
2025-09-23 01:42:07,880 - INFO - Example /home/projects/bagon/shared/imagenet512/val/n02102177/ILSVRC2012_val_00006630.JPEG reached epsilon at step 847, loss sum: 126.5455, final loss: 0.00098705, weight distance: 0.0541
2025-09-23 01:42:08,885 - INFO - Example /home/projects/bagon/shared/imagenet512/val/n02389026/ILSVRC2012_val_00045251.JPEG reached epsilon at step 1, loss sum: 0.0003, final loss: 0.00025487, weight distance: 0.0000
2025-09-23 01:42:39,984 - INFO - Example /home/projects/bagon/shared/imagenet512/val/n04147183/ILSVRC2012_val_00004682.JPEG reached epsilon at step 1021, loss sum: 113.9963, final loss: 0.00098896, weight distance: 0.0604
2025-09-23 01:43:02,548 - INFO - Example /home/projects/bagon/shared/imagenet512/val/n02105056/ILSVRC2012_val_00019294.JPEG reached epsilon at step 717, loss sum: 66.2450, final loss: 0.00099850, weight distance: 0.0442
2025-09-23 01:43:27,453 - INFO - Example /home/projects/bagon/shared/imagenet512/val/n02114855/ILSVRC2012_val_00009474.JPEG reached epsilon at step 798, loss sum: 80.4348, final loss: 0.00099659, weight distance: 0.0524
2025-09-23 01:43:42,819 - INFO - Example /home/projects/bagon/shared/imagenet512/val/n04310018/ILSVRC2012_val_00000544.JPEG reached epsilon at step 488, loss sum: 6.5039, final loss: 0.00099468, weight distance: 0.0285
2025-09-23 01:43:54,160 - INFO - Example /home/projects/bagon/shared/imagenet512/val/n02100236/ILSVRC2012_val_00017711.JPEG reached epsilon at step 351, loss sum: 5.6726, final loss: 0.00099564, weight distance: 0.0224
2025-09-23 01:44:16,239 - INFO - Example /home/projects/bagon/shared/imagenet512/val/n02106382/ILSVRC2012_val_00046212.JPEG reached epsilon at step 716, loss sum: 150.8731, final loss: 0.00099850, weight distance: 0.0515
2025-09-23 01:44:30,862 - INFO - Example /home/projects/bagon/shared/imagenet512/val/n02317335/ILSVRC2012_val_00045028.JPEG reached epsilon at step 460, loss sum: 40.8869, final loss: 0.00099564, weight distance: 0.0338
2025-09-23 01:44:51,032 - INFO - Example /home/projects/bagon/shared/imagenet512/val/n01735189/ILSVRC2012_val_00044086.JPEG reached epsilon at step 651, loss sum: 98.2810, final loss: 0.00099468, weight distance: 0.0441
2025-09-23 01:45:12,621 - INFO - Example /home/projects/bagon/shared/imagenet512/val/n01632458/ILSVRC2012_val_00041418.JPEG reached epsilon at step 699, loss sum: 32.3776, final loss: 0.00099659, weight distance: 0.0427
2025-09-23 01:45:34,466 - INFO - Example /home/projects/bagon/shared/imagenet512/val/n02100877/ILSVRC2012_val_00005607.JPEG reached epsilon at step 708, loss sum: 160.8067, final loss: 0.00099945, weight distance: 0.0511
2025-09-23 01:45:55,351 - INFO - Example /home/projects/bagon/shared/imagenet512/val/n02113978/ILSVRC2012_val_00018141.JPEG reached epsilon at step 671, loss sum: 64.7809, final loss: 0.00099468, weight distance: 0.0460
2025-09-23 01:46:16,374 - INFO - Example /home/projects/bagon/shared/imagenet512/val/n09472597/ILSVRC2012_val_00036419.JPEG reached epsilon at step 680, loss sum: 252.8397, final loss: 0.00098705, weight distance: 0.0519
2025-09-23 01:46:38,917 - INFO - Example /home/projects/bagon/shared/imagenet512/val/n03729826/ILSVRC2012_val_00044803.JPEG reached epsilon at step 731, loss sum: 281.0215, final loss: 0.00099564, weight distance: 0.0537
2025-09-23 01:47:03,416 - INFO - Example /home/projects/bagon/shared/imagenet512/val/n04467665/ILSVRC2012_val_00013319.JPEG reached epsilon at step 798, loss sum: 127.1253, final loss: 0.00099468, weight distance: 0.0513
2025-09-23 01:47:28,427 - INFO - Example /home/projects/bagon/shared/imagenet512/val/n02108422/ILSVRC2012_val_00004579.JPEG reached epsilon at step 815, loss sum: 56.0269, final loss: 0.00099564, weight distance: 0.0504
2025-09-23 01:47:47,799 - INFO - Example /home/projects/bagon/shared/imagenet512/val/n02233338/ILSVRC2012_val_00038142.JPEG reached epsilon at step 618, loss sum: 110.7507, final loss: 0.00099945, weight distance: 0.0446
2025-09-23 01:48:10,761 - INFO - Example /home/projects/bagon/shared/imagenet512/val/n04515003/ILSVRC2012_val_00049944.JPEG reached epsilon at step 746, loss sum: 185.3128, final loss: 0.00099850, weight distance: 0.0447
2025-09-23 01:48:23,141 - INFO - Example /home/projects/bagon/shared/imagenet512/val/n02667093/ILSVRC2012_val_00029439.JPEG reached epsilon at step 378, loss sum: 8.6556, final loss: 0.00098991, weight distance: 0.0250
2025-09-23 01:48:34,955 - INFO - Example /home/projects/bagon/shared/imagenet512/val/n03345487/ILSVRC2012_val_00024593.JPEG reached epsilon at step 366, loss sum: 1.9261, final loss: 0.00099659, weight distance: 0.0189
2025-09-23 01:49:09,906 - INFO - Example /home/projects/bagon/shared/imagenet512/val/n02105855/ILSVRC2012_val_00001963.JPEG reached epsilon at step 1148, loss sum: 106.7254, final loss: 0.00099945, weight distance: 0.0591
2025-09-23 01:49:26,197 - INFO - Example /home/projects/bagon/shared/imagenet512/val/n02099849/ILSVRC2012_val_00027174.JPEG reached epsilon at step 520, loss sum: 41.1196, final loss: 0.00099659, weight distance: 0.0360
2025-09-23 01:49:52,202 - INFO - Example /home/projects/bagon/shared/imagenet512/val/n01775062/ILSVRC2012_val_00029156.JPEG reached epsilon at step 843, loss sum: 52.2096, final loss: 0.00099945, weight distance: 0.0493
2025-09-23 01:50:23,960 - INFO - Example /home/projects/bagon/shared/imagenet512/val/n01737021/ILSVRC2012_val_00033684.JPEG reached epsilon at step 1044, loss sum: 478.1985, final loss: 0.00099468, weight distance: 0.0670
2025-09-23 01:50:58,362 - INFO - Example /home/projects/bagon/shared/imagenet512/val/n04487394/ILSVRC2012_val_00001321.JPEG reached epsilon at step 1130, loss sum: 495.1082, final loss: 0.00099945, weight distance: 0.0705
2025-09-23 01:51:21,424 - INFO - Example /home/projects/bagon/shared/imagenet512/val/n04179913/ILSVRC2012_val_00006735.JPEG reached epsilon at step 744, loss sum: 132.8639, final loss: 0.00098991, weight distance: 0.0500
2025-09-23 01:51:36,551 - INFO - Example /home/projects/bagon/shared/imagenet512/val/n04442312/ILSVRC2012_val_00004737.JPEG reached epsilon at step 480, loss sum: 102.6887, final loss: 0.00099182, weight distance: 0.0366
2025-09-23 01:52:11,445 - INFO - Example /home/projects/bagon/shared/imagenet512/val/n04270147/ILSVRC2012_val_00016047.JPEG reached epsilon at step 1148, loss sum: 164.5609, final loss: 0.00099277, weight distance: 0.0689
2025-09-23 01:52:44,246 - INFO - Example /home/projects/bagon/shared/imagenet512/val/n02641379/ILSVRC2012_val_00038033.JPEG reached epsilon at step 1080, loss sum: 320.7631, final loss: 0.00099754, weight distance: 0.0695
2025-09-23 01:53:07,630 - INFO - Example /home/projects/bagon/shared/imagenet512/val/n03873416/ILSVRC2012_val_00029352.JPEG reached epsilon at step 760, loss sum: 32.6376, final loss: 0.00099659, weight distance: 0.0449
2025-09-23 01:53:33,753 - INFO - Example /home/projects/bagon/shared/imagenet512/val/n03478589/ILSVRC2012_val_00020471.JPEG reached epsilon at step 851, loss sum: 416.2839, final loss: 0.00099182, weight distance: 0.0581
2025-09-23 01:53:55,535 - INFO - Example /home/projects/bagon/shared/imagenet512/val/n02102177/ILSVRC2012_val_00025493.JPEG reached epsilon at step 706, loss sum: 283.5377, final loss: 0.00099564, weight distance: 0.0497
2025-09-23 01:54:02,403 - INFO - Example /home/projects/bagon/shared/imagenet512/val/n03814639/ILSVRC2012_val_00028383.JPEG reached epsilon at step 200, loss sum: 0.8741, final loss: 0.00099087, weight distance: 0.0124
2025-09-23 01:54:23,416 - INFO - Example /home/projects/bagon/shared/imagenet512/val/n01943899/ILSVRC2012_val_00038001.JPEG reached epsilon at step 680, loss sum: 301.3470, final loss: 0.00098896, weight distance: 0.0536
2025-09-23 01:54:47,403 - INFO - Example /home/projects/bagon/shared/imagenet512/val/n02012849/ILSVRC2012_val_00016134.JPEG reached epsilon at step 781, loss sum: 58.2713, final loss: 0.00099659, weight distance: 0.0478
2025-09-23 01:55:06,346 - INFO - Example /home/projects/bagon/shared/imagenet512/val/n03942813/ILSVRC2012_val_00004867.JPEG reached epsilon at step 609, loss sum: 129.9250, final loss: 0.00099564, weight distance: 0.0449
2025-09-23 01:55:29,973 - INFO - Example /home/projects/bagon/shared/imagenet512/val/n04141327/ILSVRC2012_val_00036286.JPEG reached epsilon at step 768, loss sum: 127.1401, final loss: 0.00099659, weight distance: 0.0486
2025-09-23 01:55:52,299 - INFO - Example /home/projects/bagon/shared/imagenet512/val/n02138441/ILSVRC2012_val_00033234.JPEG reached epsilon at step 723, loss sum: 28.1151, final loss: 0.00099182, weight distance: 0.0440
2025-09-23 01:56:16,857 - INFO - Example /home/projects/bagon/shared/imagenet512/val/n04522168/ILSVRC2012_val_00011908.JPEG reached epsilon at step 800, loss sum: 34.6645, final loss: 0.00099468, weight distance: 0.0452
2025-09-23 01:56:44,646 - INFO - Example /home/projects/bagon/shared/imagenet512/val/n02107574/ILSVRC2012_val_00000531.JPEG reached epsilon at step 908, loss sum: 135.7932, final loss: 0.00099468, weight distance: 0.0604
2025-09-23 01:56:54,515 - INFO - Example /home/projects/bagon/shared/imagenet512/val/n04542943/ILSVRC2012_val_00049214.JPEG reached epsilon at step 302, loss sum: 13.6070, final loss: 0.00098991, weight distance: 0.0236
2025-09-23 01:57:16,105 - INFO - Example /home/projects/bagon/shared/imagenet512/val/n01614925/ILSVRC2012_val_00044921.JPEG reached epsilon at step 696, loss sum: 137.7424, final loss: 0.00099945, weight distance: 0.0488
2025-09-23 01:57:31,770 - INFO - Example /home/projects/bagon/shared/imagenet512/val/n02398521/ILSVRC2012_val_00001473.JPEG reached epsilon at step 497, loss sum: 12.6551, final loss: 0.00098991, weight distance: 0.0313
2025-09-23 01:57:47,765 - INFO - Example /home/projects/bagon/shared/imagenet512/val/n01945685/ILSVRC2012_val_00029475.JPEG reached epsilon at step 509, loss sum: 95.8837, final loss: 0.00099659, weight distance: 0.0377
2025-09-23 01:58:14,729 - INFO - Example /home/projects/bagon/shared/imagenet512/val/n04485082/ILSVRC2012_val_00024709.JPEG reached epsilon at step 879, loss sum: 291.7837, final loss: 0.00099277, weight distance: 0.0601
2025-09-23 01:58:37,856 - INFO - Example /home/projects/bagon/shared/imagenet512/val/n03457902/ILSVRC2012_val_00013614.JPEG reached epsilon at step 751, loss sum: 202.7524, final loss: 0.00099754, weight distance: 0.0501
2025-09-23 01:59:05,653 - INFO - Example /home/projects/bagon/shared/imagenet512/val/n02177972/ILSVRC2012_val_00039201.JPEG reached epsilon at step 907, loss sum: 705.1224, final loss: 0.00098610, weight distance: 0.0690
2025-09-23 01:59:26,072 - INFO - Example /home/projects/bagon/shared/imagenet512/val/n07742313/ILSVRC2012_val_00031005.JPEG reached epsilon at step 660, loss sum: 19.3978, final loss: 0.00098991, weight distance: 0.0394
2025-09-23 01:59:43,611 - INFO - Example /home/projects/bagon/shared/imagenet512/val/n03661043/ILSVRC2012_val_00032167.JPEG reached epsilon at step 562, loss sum: 41.4327, final loss: 0.00099945, weight distance: 0.0383
2025-09-23 02:00:07,105 - INFO - Example /home/projects/bagon/shared/imagenet512/val/n04589890/ILSVRC2012_val_00029584.JPEG reached epsilon at step 763, loss sum: 363.3796, final loss: 0.00099373, weight distance: 0.0567
2025-09-23 02:00:28,259 - INFO - Example /home/projects/bagon/shared/imagenet512/val/n02134418/ILSVRC2012_val_00019901.JPEG reached epsilon at step 684, loss sum: 48.9740, final loss: 0.00099754, weight distance: 0.0430
2025-09-23 02:00:52,536 - INFO - Example /home/projects/bagon/shared/imagenet512/val/n04254680/ILSVRC2012_val_00040329.JPEG reached epsilon at step 788, loss sum: 152.6300, final loss: 0.00099850, weight distance: 0.0534
2025-09-23 02:01:14,246 - INFO - Example /home/projects/bagon/shared/imagenet512/val/n02102318/ILSVRC2012_val_00023859.JPEG reached epsilon at step 693, loss sum: 45.1200, final loss: 0.00099659, weight distance: 0.0446
2025-09-23 02:01:38,982 - INFO - Example /home/projects/bagon/shared/imagenet512/val/n03781244/ILSVRC2012_val_00045231.JPEG reached epsilon at step 805, loss sum: 12.8181, final loss: 0.00099277, weight distance: 0.0415
2025-09-23 02:01:49,954 - INFO - Example /home/projects/bagon/shared/imagenet512/val/n02328150/ILSVRC2012_val_00015153.JPEG reached epsilon at step 339, loss sum: 5.2388, final loss: 0.00099850, weight distance: 0.0226
2025-09-23 02:02:17,452 - INFO - Example /home/projects/bagon/shared/imagenet512/val/n04116512/ILSVRC2012_val_00015501.JPEG reached epsilon at step 898, loss sum: 220.8659, final loss: 0.00099564, weight distance: 0.0608
2025-09-23 02:02:46,991 - INFO - Example /home/projects/bagon/shared/imagenet512/val/n07742313/ILSVRC2012_val_00046374.JPEG reached epsilon at step 969, loss sum: 324.7434, final loss: 0.00099468, weight distance: 0.0671
2025-09-23 02:03:10,967 - INFO - Example /home/projects/bagon/shared/imagenet512/val/n02094114/ILSVRC2012_val_00001379.JPEG reached epsilon at step 771, loss sum: 22.1598, final loss: 0.00099754, weight distance: 0.0428
2025-09-23 02:03:22,566 - INFO - Example /home/projects/bagon/shared/imagenet512/val/n03920288/ILSVRC2012_val_00033879.JPEG reached epsilon at step 357, loss sum: 12.8213, final loss: 0.00099373, weight distance: 0.0247
2025-09-23 02:03:58,125 - INFO - Example /home/projects/bagon/shared/imagenet512/val/n03637318/ILSVRC2012_val_00033621.JPEG reached epsilon at step 1170, loss sum: 150.3748, final loss: 0.00099945, weight distance: 0.0716
2025-09-23 02:04:10,323 - INFO - Example /home/projects/bagon/shared/imagenet512/val/n04355338/ILSVRC2012_val_00009365.JPEG reached epsilon at step 381, loss sum: 11.6430, final loss: 0.00099564, weight distance: 0.0264
2025-09-23 02:04:21,042 - INFO - Example /home/projects/bagon/shared/imagenet512/val/n03590841/ILSVRC2012_val_00047113.JPEG reached epsilon at step 331, loss sum: 113.0920, final loss: 0.00099087, weight distance: 0.0284
2025-09-23 02:04:40,182 - INFO - Example /home/projects/bagon/shared/imagenet512/val/n03888257/ILSVRC2012_val_00038942.JPEG reached epsilon at step 617, loss sum: 233.5467, final loss: 0.00099182, weight distance: 0.0433
2025-09-23 02:04:58,277 - INFO - Example /home/projects/bagon/shared/imagenet512/val/n03775071/ILSVRC2012_val_00006140.JPEG reached epsilon at step 580, loss sum: 9.7343, final loss: 0.00099754, weight distance: 0.0310
2025-09-23 02:05:15,957 - INFO - Example /home/projects/bagon/shared/imagenet512/val/n04428191/ILSVRC2012_val_00022577.JPEG reached epsilon at step 567, loss sum: 35.3849, final loss: 0.00099373, weight distance: 0.0371
2025-09-23 02:05:33,357 - INFO - Example /home/projects/bagon/shared/imagenet512/val/n04162706/ILSVRC2012_val_00017477.JPEG reached epsilon at step 558, loss sum: 28.4424, final loss: 0.00099468, weight distance: 0.0362
2025-09-23 02:06:04,844 - INFO - Example /home/projects/bagon/shared/imagenet512/val/n03791053/ILSVRC2012_val_00022929.JPEG reached epsilon at step 1035, loss sum: 72.6747, final loss: 0.00099945, weight distance: 0.0620
2025-09-23 02:06:35,613 - INFO - Example /home/projects/bagon/shared/imagenet512/val/n03459775/ILSVRC2012_val_00009300.JPEG reached epsilon at step 1009, loss sum: 47.2556, final loss: 0.00099564, weight distance: 0.0573
2025-09-23 02:06:55,314 - INFO - Example /home/projects/bagon/shared/imagenet512/val/n02102480/ILSVRC2012_val_00000539.JPEG reached epsilon at step 624, loss sum: 56.7155, final loss: 0.00099564, weight distance: 0.0428
2025-09-23 02:07:22,228 - INFO - Example /home/projects/bagon/shared/imagenet512/val/n02174001/ILSVRC2012_val_00046485.JPEG reached epsilon at step 879, loss sum: 309.9698, final loss: 0.00099754, weight distance: 0.0564
2025-09-23 02:07:40,096 - INFO - Example /home/projects/bagon/shared/imagenet512/val/n04467665/ILSVRC2012_val_00013205.JPEG reached epsilon at step 572, loss sum: 52.3495, final loss: 0.00099754, weight distance: 0.0374
2025-09-23 02:07:51,023 - INFO - Example /home/projects/bagon/shared/imagenet512/val/n03961711/ILSVRC2012_val_00010894.JPEG reached epsilon at step 338, loss sum: 10.2890, final loss: 0.00098991, weight distance: 0.0244
2025-09-23 02:08:11,247 - INFO - Example /home/projects/bagon/shared/imagenet512/val/n02834397/ILSVRC2012_val_00042425.JPEG reached epsilon at step 651, loss sum: 68.2300, final loss: 0.00099564, weight distance: 0.0451
2025-09-23 02:08:31,739 - INFO - Example /home/projects/bagon/shared/imagenet512/val/n01688243/ILSVRC2012_val_00015981.JPEG reached epsilon at step 662, loss sum: 127.4757, final loss: 0.00099659, weight distance: 0.0488
2025-09-23 02:08:59,356 - INFO - Example /home/projects/bagon/shared/imagenet512/val/n04270147/ILSVRC2012_val_00045450.JPEG reached epsilon at step 897, loss sum: 224.5918, final loss: 0.00098991, weight distance: 0.0612
2025-09-23 02:09:20,572 - INFO - Example /home/projects/bagon/shared/imagenet512/val/n03976467/ILSVRC2012_val_00009106.JPEG reached epsilon at step 687, loss sum: 516.3878, final loss: 0.00099182, weight distance: 0.0541
2025-09-23 02:09:50,480 - INFO - Example /home/projects/bagon/shared/imagenet512/val/n01798484/ILSVRC2012_val_00031938.JPEG reached epsilon at step 978, loss sum: 1133.7604, final loss: 0.00098991, weight distance: 0.0709
2025-09-23 02:10:22,619 - INFO - Example /home/projects/bagon/shared/imagenet512/val/n04254777/ILSVRC2012_val_00011662.JPEG reached epsilon at step 1055, loss sum: 450.6287, final loss: 0.00099850, weight distance: 0.0718
2025-09-23 02:10:49,743 - INFO - Example /home/projects/bagon/shared/imagenet512/val/n04462240/ILSVRC2012_val_00007378.JPEG reached epsilon at step 880, loss sum: 159.9206, final loss: 0.00098610, weight distance: 0.0599
2025-09-23 02:11:14,543 - INFO - Example /home/projects/bagon/shared/imagenet512/val/n03124043/ILSVRC2012_val_00034264.JPEG reached epsilon at step 808, loss sum: 404.4302, final loss: 0.00098896, weight distance: 0.0605
2025-09-23 02:11:46,118 - INFO - Example /home/projects/bagon/shared/imagenet512/val/n02790996/ILSVRC2012_val_00016682.JPEG reached epsilon at step 1037, loss sum: 343.0047, final loss: 0.00099564, weight distance: 0.0641
2025-09-23 02:11:59,235 - INFO - Example /home/projects/bagon/shared/imagenet512/val/n03482405/ILSVRC2012_val_00043129.JPEG reached epsilon at step 409, loss sum: 6.4977, final loss: 0.00099754, weight distance: 0.0237
2025-09-23 02:12:26,933 - INFO - Example /home/projects/bagon/shared/imagenet512/val/n02607072/ILSVRC2012_val_00028937.JPEG reached epsilon at step 905, loss sum: 365.1618, final loss: 0.00099277, weight distance: 0.0610
2025-09-23 02:12:45,182 - INFO - Example /home/projects/bagon/shared/imagenet512/val/n07760859/ILSVRC2012_val_00009177.JPEG reached epsilon at step 586, loss sum: 184.9399, final loss: 0.00099754, weight distance: 0.0439
2025-09-23 02:13:10,224 - INFO - Example /home/projects/bagon/shared/imagenet512/val/n01855032/ILSVRC2012_val_00002309.JPEG reached epsilon at step 816, loss sum: 22.4915, final loss: 0.00099468, weight distance: 0.0452
2025-09-23 02:13:29,337 - INFO - Example /home/projects/bagon/shared/imagenet512/val/n02100735/ILSVRC2012_val_00032017.JPEG reached epsilon at step 616, loss sum: 69.3288, final loss: 0.00099468, weight distance: 0.0408
2025-09-23 02:13:46,801 - INFO - Example /home/projects/bagon/shared/imagenet512/val/n02090721/ILSVRC2012_val_00003363.JPEG reached epsilon at step 559, loss sum: 2.7649, final loss: 0.00099373, weight distance: 0.0248
2025-09-23 02:14:04,478 - INFO - Example /home/projects/bagon/shared/imagenet512/val/n02123394/ILSVRC2012_val_00016598.JPEG reached epsilon at step 564, loss sum: 189.7780, final loss: 0.00099277, weight distance: 0.0428
2025-09-23 02:14:13,996 - INFO - Example /home/projects/bagon/shared/imagenet512/val/n03888257/ILSVRC2012_val_00017020.JPEG reached epsilon at step 290, loss sum: 2.0386, final loss: 0.00099945, weight distance: 0.0179
2025-09-23 02:14:48,068 - INFO - Example /home/projects/bagon/shared/imagenet512/val/n02483708/ILSVRC2012_val_00035682.JPEG reached epsilon at step 1122, loss sum: 160.6906, final loss: 0.00099373, weight distance: 0.0656
2025-09-23 02:15:21,705 - INFO - Example /home/projects/bagon/shared/imagenet512/val/n01682714/ILSVRC2012_val_00049116.JPEG reached epsilon at step 1107, loss sum: 134.0392, final loss: 0.00098896, weight distance: 0.0681
2025-09-23 02:15:31,662 - INFO - Example /home/projects/bagon/shared/imagenet512/val/n02966193/ILSVRC2012_val_00012851.JPEG reached epsilon at step 305, loss sum: 19.7567, final loss: 0.00099182, weight distance: 0.0244
2025-09-23 02:15:44,046 - INFO - Example /home/projects/bagon/shared/imagenet512/val/n04254680/ILSVRC2012_val_00041778.JPEG reached epsilon at step 387, loss sum: 9.9141, final loss: 0.00099659, weight distance: 0.0264
2025-09-23 02:16:01,659 - INFO - Example /home/projects/bagon/shared/imagenet512/val/n02692877/ILSVRC2012_val_00003692.JPEG reached epsilon at step 565, loss sum: 151.9647, final loss: 0.00099754, weight distance: 0.0427
2025-09-23 02:16:25,960 - INFO - Example /home/projects/bagon/shared/imagenet512/val/n02233338/ILSVRC2012_val_00010888.JPEG reached epsilon at step 788, loss sum: 205.4976, final loss: 0.00099754, weight distance: 0.0546
2025-09-23 02:16:44,763 - INFO - Example /home/projects/bagon/shared/imagenet512/val/n03891332/ILSVRC2012_val_00047319.JPEG reached epsilon at step 605, loss sum: 154.6235, final loss: 0.00099277, weight distance: 0.0447
2025-09-23 02:17:09,505 - INFO - Example /home/projects/bagon/shared/imagenet512/val/n02091032/ILSVRC2012_val_00029591.JPEG reached epsilon at step 806, loss sum: 61.2428, final loss: 0.00099754, weight distance: 0.0502
2025-09-23 02:17:31,444 - INFO - Example /home/projects/bagon/shared/imagenet512/val/n04525305/ILSVRC2012_val_00033818.JPEG reached epsilon at step 706, loss sum: 148.0862, final loss: 0.00099659, weight distance: 0.0502
2025-09-23 02:18:10,704 - INFO - Example /home/projects/bagon/shared/imagenet512/val/n02443484/ILSVRC2012_val_00012000.JPEG reached epsilon at step 1298, loss sum: 140.3319, final loss: 0.00098515, weight distance: 0.0687
2025-09-23 02:18:33,985 - INFO - Example /home/projects/bagon/shared/imagenet512/val/n02883205/ILSVRC2012_val_00008638.JPEG reached epsilon at step 742, loss sum: 58.7010, final loss: 0.00099850, weight distance: 0.0438
2025-09-23 02:18:51,989 - INFO - Example /home/projects/bagon/shared/imagenet512/val/n03584829/ILSVRC2012_val_00017587.JPEG reached epsilon at step 578, loss sum: 145.0411, final loss: 0.00099754, weight distance: 0.0427
2025-09-23 02:19:24,865 - INFO - Example /home/projects/bagon/shared/imagenet512/val/n02108915/ILSVRC2012_val_00010491.JPEG reached epsilon at step 1080, loss sum: 589.5151, final loss: 0.00098896, weight distance: 0.0743
2025-09-23 02:19:37,121 - INFO - Example /home/projects/bagon/shared/imagenet512/val/n02321529/ILSVRC2012_val_00021501.JPEG reached epsilon at step 381, loss sum: 42.9795, final loss: 0.00098610, weight distance: 0.0284
2025-09-23 02:19:58,183 - INFO - Example /home/projects/bagon/shared/imagenet512/val/n04162706/ILSVRC2012_val_00031753.JPEG reached epsilon at step 679, loss sum: 164.5929, final loss: 0.00099277, weight distance: 0.0488
2025-09-23 02:20:31,595 - INFO - Example /home/projects/bagon/shared/imagenet512/val/n02667093/ILSVRC2012_val_00021534.JPEG reached epsilon at step 1101, loss sum: 227.0975, final loss: 0.00098991, weight distance: 0.0633
2025-09-23 02:21:05,064 - INFO - Example /home/projects/bagon/shared/imagenet512/val/n04004767/ILSVRC2012_val_00017125.JPEG reached epsilon at step 1102, loss sum: 136.1156, final loss: 0.00099277, weight distance: 0.0680
2025-09-23 02:21:32,130 - INFO - Example /home/projects/bagon/shared/imagenet512/val/n02692877/ILSVRC2012_val_00016891.JPEG reached epsilon at step 876, loss sum: 195.8292, final loss: 0.00099373, weight distance: 0.0576
2025-09-23 02:21:56,430 - INFO - Example /home/projects/bagon/shared/imagenet512/val/n07684084/ILSVRC2012_val_00046840.JPEG reached epsilon at step 790, loss sum: 239.0195, final loss: 0.00099373, weight distance: 0.0585
2025-09-23 02:22:29,441 - INFO - Example /home/projects/bagon/shared/imagenet512/val/n03481172/ILSVRC2012_val_00021070.JPEG reached epsilon at step 1086, loss sum: 207.3608, final loss: 0.00099087, weight distance: 0.0672
2025-09-23 02:22:59,736 - INFO - Example /home/projects/bagon/shared/imagenet512/val/n02168699/ILSVRC2012_val_00045910.JPEG reached epsilon at step 993, loss sum: 283.2465, final loss: 0.00099945, weight distance: 0.0659
2025-09-23 02:23:11,340 - INFO - Example /home/projects/bagon/shared/imagenet512/val/n02276258/ILSVRC2012_val_00037053.JPEG reached epsilon at step 357, loss sum: 15.3113, final loss: 0.00098801, weight distance: 0.0256
2025-09-23 02:23:35,385 - INFO - Example /home/projects/bagon/shared/imagenet512/val/n04485082/ILSVRC2012_val_00042551.JPEG reached epsilon at step 776, loss sum: 62.5410, final loss: 0.00099659, weight distance: 0.0481
2025-09-23 02:24:00,403 - INFO - Example /home/projects/bagon/shared/imagenet512/val/n02277742/ILSVRC2012_val_00000810.JPEG reached epsilon at step 815, loss sum: 212.4547, final loss: 0.00099182, weight distance: 0.0578
2025-09-23 02:24:24,192 - INFO - Example /home/projects/bagon/shared/imagenet512/val/n01531178/ILSVRC2012_val_00025535.JPEG reached epsilon at step 773, loss sum: 719.3226, final loss: 0.00098801, weight distance: 0.0619
2025-09-23 02:24:44,923 - INFO - Example /home/projects/bagon/shared/imagenet512/val/n02777292/ILSVRC2012_val_00041712.JPEG reached epsilon at step 670, loss sum: 61.6694, final loss: 0.00099564, weight distance: 0.0455
2025-09-23 02:25:02,272 - INFO - Example /home/projects/bagon/shared/imagenet512/val/n04476259/ILSVRC2012_val_00037098.JPEG reached epsilon at step 555, loss sum: 17.8700, final loss: 0.00098801, weight distance: 0.0344
2025-09-23 02:25:24,846 - INFO - Example /home/projects/bagon/shared/imagenet512/val/n02859443/ILSVRC2012_val_00011886.JPEG reached epsilon at step 732, loss sum: 33.0802, final loss: 0.00099468, weight distance: 0.0410
2025-09-23 02:25:38,070 - INFO - Example /home/projects/bagon/shared/imagenet512/val/n02457408/ILSVRC2012_val_00006352.JPEG reached epsilon at step 416, loss sum: 14.9137, final loss: 0.00099564, weight distance: 0.0291
2025-09-23 02:25:59,561 - INFO - Example /home/projects/bagon/shared/imagenet512/val/n07871810/ILSVRC2012_val_00008075.JPEG reached epsilon at step 696, loss sum: 71.4225, final loss: 0.00099564, weight distance: 0.0482
2025-09-23 02:26:23,855 - INFO - Example /home/projects/bagon/shared/imagenet512/val/n04131690/ILSVRC2012_val_00009845.JPEG reached epsilon at step 788, loss sum: 42.7738, final loss: 0.00099564, weight distance: 0.0473
2025-09-23 02:26:51,372 - INFO - Example /home/projects/bagon/shared/imagenet512/val/n02859443/ILSVRC2012_val_00020927.JPEG reached epsilon at step 900, loss sum: 168.6933, final loss: 0.00099373, weight distance: 0.0570
2025-09-23 02:27:13,263 - INFO - Example /home/projects/bagon/shared/imagenet512/val/n04259630/ILSVRC2012_val_00017596.JPEG reached epsilon at step 710, loss sum: 146.9361, final loss: 0.00099277, weight distance: 0.0472
2025-09-23 02:27:43,949 - INFO - Example /home/projects/bagon/shared/imagenet512/val/n04584207/ILSVRC2012_val_00021402.JPEG reached epsilon at step 1007, loss sum: 362.6549, final loss: 0.00099468, weight distance: 0.0689
2025-09-23 02:28:09,522 - INFO - Example /home/projects/bagon/shared/imagenet512/val/n04328186/ILSVRC2012_val_00035635.JPEG reached epsilon at step 832, loss sum: 199.8766, final loss: 0.00099850, weight distance: 0.0586
2025-09-23 02:28:52,698 - INFO - Example /home/projects/bagon/shared/imagenet512/val/n03179701/ILSVRC2012_val_00043335.JPEG reached epsilon at step 1430, loss sum: 177.0323, final loss: 0.00099087, weight distance: 0.0826
2025-09-23 02:29:14,437 - INFO - Example /home/projects/bagon/shared/imagenet512/val/n03259280/ILSVRC2012_val_00008537.JPEG reached epsilon at step 698, loss sum: 206.0758, final loss: 0.00099564, weight distance: 0.0513
2025-09-23 02:29:31,989 - INFO - Example /home/projects/bagon/shared/imagenet512/val/n02110341/ILSVRC2012_val_00022581.JPEG reached epsilon at step 562, loss sum: 343.4541, final loss: 0.00099277, weight distance: 0.0431
2025-09-23 02:29:48,428 - INFO - Example /home/projects/bagon/shared/imagenet512/val/n03868863/ILSVRC2012_val_00049205.JPEG reached epsilon at step 524, loss sum: 106.6916, final loss: 0.00099468, weight distance: 0.0397
2025-09-23 02:30:02,237 - INFO - Example /home/projects/bagon/shared/imagenet512/val/n01776313/ILSVRC2012_val_00013600.JPEG reached epsilon at step 431, loss sum: 10.7020, final loss: 0.00098991, weight distance: 0.0282
2025-09-23 02:30:16,523 - INFO - Example /home/projects/bagon/shared/imagenet512/val/n01770393/ILSVRC2012_val_00001887.JPEG reached epsilon at step 449, loss sum: 25.7025, final loss: 0.00099468, weight distance: 0.0312
2025-09-23 02:30:36,529 - INFO - Example /home/projects/bagon/shared/imagenet512/val/n03721384/ILSVRC2012_val_00022878.JPEG reached epsilon at step 645, loss sum: 164.2414, final loss: 0.00099754, weight distance: 0.0459
2025-09-23 02:31:00,084 - INFO - Example /home/projects/bagon/shared/imagenet512/val/n04517823/ILSVRC2012_val_00001402.JPEG reached epsilon at step 766, loss sum: 49.1159, final loss: 0.00099468, weight distance: 0.0477
2025-09-23 02:31:18,974 - INFO - Example /home/projects/bagon/shared/imagenet512/val/n02487347/ILSVRC2012_val_00014402.JPEG reached epsilon at step 603, loss sum: 27.9378, final loss: 0.00099659, weight distance: 0.0395
2025-09-23 02:31:39,575 - INFO - Example /home/projects/bagon/shared/imagenet512/val/n02403003/ILSVRC2012_val_00016115.JPEG reached epsilon at step 665, loss sum: 86.7472, final loss: 0.00098896, weight distance: 0.0435
2025-09-23 02:31:59,459 - INFO - Example /home/projects/bagon/shared/imagenet512/val/n03903868/ILSVRC2012_val_00014397.JPEG reached epsilon at step 633, loss sum: 14.4859, final loss: 0.00099945, weight distance: 0.0363
2025-09-23 02:32:14,455 - INFO - Example /home/projects/bagon/shared/imagenet512/val/n03954731/ILSVRC2012_val_00019106.JPEG reached epsilon at step 476, loss sum: 166.1598, final loss: 0.00099087, weight distance: 0.0379
2025-09-23 02:32:22,757 - INFO - Example /home/projects/bagon/shared/imagenet512/val/n03935335/ILSVRC2012_val_00007867.JPEG reached epsilon at step 249, loss sum: 1.1254, final loss: 0.00098801, weight distance: 0.0144
2025-09-23 02:32:59,217 - INFO - Example /home/projects/bagon/shared/imagenet512/val/n03481172/ILSVRC2012_val_00007391.JPEG reached epsilon at step 1193, loss sum: 483.3847, final loss: 0.00099659, weight distance: 0.0743
2025-09-23 02:33:24,175 - INFO - Example /home/projects/bagon/shared/imagenet512/val/n01685808/ILSVRC2012_val_00020124.JPEG reached epsilon at step 811, loss sum: 234.6855, final loss: 0.00099659, weight distance: 0.0556
2025-09-23 02:33:36,413 - INFO - Example /home/projects/bagon/shared/imagenet512/val/n02130308/ILSVRC2012_val_00001060.JPEG reached epsilon at step 382, loss sum: 9.0807, final loss: 0.00098515, weight distance: 0.0260
2025-09-23 02:34:01,806 - INFO - Example /home/projects/bagon/shared/imagenet512/val/n07583066/ILSVRC2012_val_00034162.JPEG reached epsilon at step 829, loss sum: 202.8916, final loss: 0.00099373, weight distance: 0.0575
2025-09-23 02:34:27,552 - INFO - Example /home/projects/bagon/shared/imagenet512/val/n01742172/ILSVRC2012_val_00027488.JPEG reached epsilon at step 840, loss sum: 34.5045, final loss: 0.00099659, weight distance: 0.0485
2025-09-23 02:35:02,032 - INFO - Example /home/projects/bagon/shared/imagenet512/val/n07718472/ILSVRC2012_val_00029220.JPEG reached epsilon at step 1133, loss sum: 156.5134, final loss: 0.00099564, weight distance: 0.0688
2025-09-23 02:35:31,174 - INFO - Example /home/projects/bagon/shared/imagenet512/val/n03017168/ILSVRC2012_val_00041338.JPEG reached epsilon at step 942, loss sum: 235.4062, final loss: 0.00099277, weight distance: 0.0606
2025-09-23 02:35:49,796 - INFO - Example /home/projects/bagon/shared/imagenet512/val/n03930313/ILSVRC2012_val_00010851.JPEG reached epsilon at step 598, loss sum: 17.8083, final loss: 0.00098705, weight distance: 0.0342
2025-09-23 02:36:22,207 - INFO - Example /home/projects/bagon/shared/imagenet512/val/n03450230/ILSVRC2012_val_00006802.JPEG reached epsilon at step 1065, loss sum: 70.9453, final loss: 0.00099468, weight distance: 0.0585
2025-09-23 02:36:49,060 - INFO - Example /home/projects/bagon/shared/imagenet512/val/n04037443/ILSVRC2012_val_00030124.JPEG reached epsilon at step 877, loss sum: 75.0795, final loss: 0.00099945, weight distance: 0.0556
2025-09-23 02:37:11,090 - INFO - Example /home/projects/bagon/shared/imagenet512/val/n02100735/ILSVRC2012_val_00020160.JPEG reached epsilon at step 714, loss sum: 90.5294, final loss: 0.00099659, weight distance: 0.0446
2025-09-23 02:37:42,913 - INFO - Example /home/projects/bagon/shared/imagenet512/val/n02093859/ILSVRC2012_val_00023401.JPEG reached epsilon at step 1043, loss sum: 200.9485, final loss: 0.00099945, weight distance: 0.0677
2025-09-23 02:38:15,516 - INFO - Example /home/projects/bagon/shared/imagenet512/val/n02114367/ILSVRC2012_val_00002259.JPEG reached epsilon at step 1073, loss sum: 336.9303, final loss: 0.00099373, weight distance: 0.0646
2025-09-23 02:38:44,258 - INFO - Example /home/projects/bagon/shared/imagenet512/val/n07730033/ILSVRC2012_val_00042608.JPEG reached epsilon at step 941, loss sum: 240.0273, final loss: 0.00099850, weight distance: 0.0612
2025-09-23 02:38:56,862 - INFO - Example /home/projects/bagon/shared/imagenet512/val/n07717556/ILSVRC2012_val_00017689.JPEG reached epsilon at step 395, loss sum: 34.8514, final loss: 0.00098896, weight distance: 0.0292
2025-09-23 02:39:12,187 - INFO - Example /home/projects/bagon/shared/imagenet512/val/n02092339/ILSVRC2012_val_00021668.JPEG reached epsilon at step 487, loss sum: 9.9931, final loss: 0.00099850, weight distance: 0.0303
2025-09-23 02:39:45,811 - INFO - Example /home/projects/bagon/shared/imagenet512/val/n02106166/ILSVRC2012_val_00040450.JPEG reached epsilon at step 1107, loss sum: 96.1668, final loss: 0.00099754, weight distance: 0.0626
2025-09-23 02:40:03,234 - INFO - Example /home/projects/bagon/shared/imagenet512/val/n04033901/ILSVRC2012_val_00028495.JPEG reached epsilon at step 557, loss sum: 191.3364, final loss: 0.00098705, weight distance: 0.0449
2025-09-23 02:40:23,971 - INFO - Example /home/projects/bagon/shared/imagenet512/val/n03891332/ILSVRC2012_val_00000201.JPEG reached epsilon at step 670, loss sum: 271.5861, final loss: 0.00099373, weight distance: 0.0502
2025-09-23 02:40:43,081 - INFO - Example /home/projects/bagon/shared/imagenet512/val/n02127052/ILSVRC2012_val_00006407.JPEG reached epsilon at step 612, loss sum: 56.6931, final loss: 0.00099182, weight distance: 0.0396
2025-09-23 02:41:10,205 - INFO - Example /home/projects/bagon/shared/imagenet512/val/n02088364/ILSVRC2012_val_00009664.JPEG reached epsilon at step 884, loss sum: 111.0789, final loss: 0.00099564, weight distance: 0.0512
2025-09-23 02:41:38,845 - INFO - Example /home/projects/bagon/shared/imagenet512/val/n03764736/ILSVRC2012_val_00037170.JPEG reached epsilon at step 936, loss sum: 451.7800, final loss: 0.00099754, weight distance: 0.0661
2025-09-23 02:41:55,138 - INFO - Example /home/projects/bagon/shared/imagenet512/val/n03124170/ILSVRC2012_val_00005346.JPEG reached epsilon at step 519, loss sum: 7.7239, final loss: 0.00099373, weight distance: 0.0277
2025-09-23 02:42:04,635 - INFO - Example /home/projects/bagon/shared/imagenet512/val/n02112350/ILSVRC2012_val_00000658.JPEG reached epsilon at step 289, loss sum: 16.0006, final loss: 0.00099659, weight distance: 0.0225
2025-09-23 02:42:33,221 - INFO - Example /home/projects/bagon/shared/imagenet512/val/n03595614/ILSVRC2012_val_00008273.JPEG reached epsilon at step 932, loss sum: 351.9900, final loss: 0.00099564, weight distance: 0.0647
2025-09-23 02:42:57,156 - INFO - Example /home/projects/bagon/shared/imagenet512/val/n01829413/ILSVRC2012_val_00006457.JPEG reached epsilon at step 778, loss sum: 196.5410, final loss: 0.00098705, weight distance: 0.0541
2025-09-23 02:43:27,603 - INFO - Example /home/projects/bagon/shared/imagenet512/val/n01740131/ILSVRC2012_val_00003607.JPEG reached epsilon at step 999, loss sum: 84.0948, final loss: 0.00099564, weight distance: 0.0590
2025-09-23 02:43:53,729 - INFO - Example /home/projects/bagon/shared/imagenet512/val/n03272010/ILSVRC2012_val_00021729.JPEG reached epsilon at step 853, loss sum: 159.9482, final loss: 0.00099945, weight distance: 0.0556
2025-09-23 02:44:27,812 - INFO - Example /home/projects/bagon/shared/imagenet512/val/n04069434/ILSVRC2012_val_00032853.JPEG reached epsilon at step 1123, loss sum: 122.2030, final loss: 0.00099182, weight distance: 0.0620
2025-09-23 02:44:35,274 - INFO - Example /home/projects/bagon/shared/imagenet512/val/n04311174/ILSVRC2012_val_00048232.JPEG reached epsilon at step 220, loss sum: 1.2030, final loss: 0.00099564, weight distance: 0.0140
2025-09-23 02:45:05,501 - INFO - Example /home/projects/bagon/shared/imagenet512/val/n02493509/ILSVRC2012_val_00040638.JPEG reached epsilon at step 992, loss sum: 366.2231, final loss: 0.00099659, weight distance: 0.0689
2025-09-23 02:45:34,195 - INFO - Example /home/projects/bagon/shared/imagenet512/val/n03124170/ILSVRC2012_val_00004872.JPEG reached epsilon at step 939, loss sum: 368.1577, final loss: 0.00099277, weight distance: 0.0641
2025-09-23 02:45:54,228 - INFO - Example /home/projects/bagon/shared/imagenet512/val/n07248320/ILSVRC2012_val_00007521.JPEG reached epsilon at step 646, loss sum: 12.5633, final loss: 0.00098515, weight distance: 0.0363
2025-09-23 02:46:06,092 - INFO - Example /home/projects/bagon/shared/imagenet512/val/n02948072/ILSVRC2012_val_00008717.JPEG reached epsilon at step 370, loss sum: 2.2185, final loss: 0.00098896, weight distance: 0.0203
2025-09-23 02:46:26,695 - INFO - Example /home/projects/bagon/shared/imagenet512/val/n03976467/ILSVRC2012_val_00018451.JPEG reached epsilon at step 665, loss sum: 163.4575, final loss: 0.00099850, weight distance: 0.0482
2025-09-23 02:46:54,960 - INFO - Example /home/projects/bagon/shared/imagenet512/val/n03786901/ILSVRC2012_val_00038845.JPEG reached epsilon at step 925, loss sum: 633.2272, final loss: 0.00099754, weight distance: 0.0693
2025-09-23 02:47:15,404 - INFO - Example /home/projects/bagon/shared/imagenet512/val/n02105412/ILSVRC2012_val_00035770.JPEG reached epsilon at step 659, loss sum: 34.6735, final loss: 0.00099659, weight distance: 0.0389
2025-09-23 02:47:29,206 - INFO - Example /home/projects/bagon/shared/imagenet512/val/n04429376/ILSVRC2012_val_00034381.JPEG reached epsilon at step 432, loss sum: 9.6491, final loss: 0.00098801, weight distance: 0.0279
2025-09-23 02:47:57,506 - INFO - Example /home/projects/bagon/shared/imagenet512/val/n02708093/ILSVRC2012_val_00028769.JPEG reached epsilon at step 925, loss sum: 84.8739, final loss: 0.00099754, weight distance: 0.0510
2025-09-23 02:48:29,793 - INFO - Example /home/projects/bagon/shared/imagenet512/val/n02795169/ILSVRC2012_val_00000787.JPEG reached epsilon at step 1061, loss sum: 42.9936, final loss: 0.00099087, weight distance: 0.0574
2025-09-23 02:49:01,928 - INFO - Example /home/projects/bagon/shared/imagenet512/val/n03063599/ILSVRC2012_val_00009084.JPEG reached epsilon at step 1049, loss sum: 107.8121, final loss: 0.00099754, weight distance: 0.0620
2025-09-23 02:49:18,061 - INFO - Example /home/projects/bagon/shared/imagenet512/val/n01955084/ILSVRC2012_val_00044637.JPEG reached epsilon at step 515, loss sum: 147.8134, final loss: 0.00099564, weight distance: 0.0405
2025-09-23 02:49:43,359 - INFO - Example /home/projects/bagon/shared/imagenet512/val/n01514668/ILSVRC2012_val_00024957.JPEG reached epsilon at step 821, loss sum: 41.4120, final loss: 0.00099754, weight distance: 0.0496
2025-09-23 02:50:07,151 - INFO - Example /home/projects/bagon/shared/imagenet512/val/n03220513/ILSVRC2012_val_00005065.JPEG reached epsilon at step 772, loss sum: 14.7563, final loss: 0.00099373, weight distance: 0.0397
2025-09-23 02:50:31,899 - INFO - Example /home/projects/bagon/shared/imagenet512/val/n03372029/ILSVRC2012_val_00012964.JPEG reached epsilon at step 806, loss sum: 122.5770, final loss: 0.00099945, weight distance: 0.0543
2025-09-23 02:50:57,191 - INFO - Example /home/projects/bagon/shared/imagenet512/val/n03201208/ILSVRC2012_val_00026442.JPEG reached epsilon at step 825, loss sum: 195.6468, final loss: 0.00099277, weight distance: 0.0529
2025-09-23 02:51:31,398 - INFO - Example /home/projects/bagon/shared/imagenet512/val/n02086240/ILSVRC2012_val_00004049.JPEG reached epsilon at step 1126, loss sum: 330.7621, final loss: 0.00098705, weight distance: 0.0724
2025-09-23 02:51:57,300 - INFO - Example /home/projects/bagon/shared/imagenet512/val/n02441942/ILSVRC2012_val_00019059.JPEG reached epsilon at step 843, loss sum: 149.0637, final loss: 0.00099564, weight distance: 0.0524
2025-09-23 02:52:17,907 - INFO - Example /home/projects/bagon/shared/imagenet512/val/n02808304/ILSVRC2012_val_00036502.JPEG reached epsilon at step 665, loss sum: 544.4194, final loss: 0.00099277, weight distance: 0.0523
2025-09-23 02:52:49,757 - INFO - Example /home/projects/bagon/shared/imagenet512/val/n03089624/ILSVRC2012_val_00005202.JPEG reached epsilon at step 1048, loss sum: 171.4851, final loss: 0.00099468, weight distance: 0.0671
2025-09-23 02:53:08,412 - INFO - Example /home/projects/bagon/shared/imagenet512/val/n02977058/ILSVRC2012_val_00037622.JPEG reached epsilon at step 600, loss sum: 138.7916, final loss: 0.00099277, weight distance: 0.0454
2025-09-23 02:53:26,322 - INFO - Example /home/projects/bagon/shared/imagenet512/val/n04366367/ILSVRC2012_val_00005497.JPEG reached epsilon at step 574, loss sum: 21.4079, final loss: 0.00099373, weight distance: 0.0362
2025-09-23 02:53:43,449 - INFO - Example /home/projects/bagon/shared/imagenet512/val/n01855672/ILSVRC2012_val_00023709.JPEG reached epsilon at step 548, loss sum: 65.9555, final loss: 0.00099945, weight distance: 0.0398
2025-09-23 02:54:06,580 - INFO - Example /home/projects/bagon/shared/imagenet512/val/n02025239/ILSVRC2012_val_00028187.JPEG reached epsilon at step 737, loss sum: 136.8811, final loss: 0.00099182, weight distance: 0.0494
2025-09-23 02:54:19,047 - INFO - Example /home/projects/bagon/shared/imagenet512/val/n03938244/ILSVRC2012_val_00005257.JPEG reached epsilon at step 390, loss sum: 12.6255, final loss: 0.00099945, weight distance: 0.0271
2025-09-23 02:54:40,421 - INFO - Example /home/projects/bagon/shared/imagenet512/val/n02106662/ILSVRC2012_val_00028884.JPEG reached epsilon at step 689, loss sum: 73.7936, final loss: 0.00099850, weight distance: 0.0440
2025-09-23 02:54:47,239 - INFO - Example /home/projects/bagon/shared/imagenet512/val/n02865351/ILSVRC2012_val_00039127.JPEG reached epsilon at step 193, loss sum: 4.1979, final loss: 0.00098610, weight distance: 0.0156
2025-09-23 02:55:10,173 - INFO - Example /home/projects/bagon/shared/imagenet512/val/n02099849/ILSVRC2012_val_00034849.JPEG reached epsilon at step 743, loss sum: 181.7331, final loss: 0.00099468, weight distance: 0.0498
2025-09-23 02:55:25,603 - INFO - Example /home/projects/bagon/shared/imagenet512/val/n01530575/ILSVRC2012_val_00026784.JPEG reached epsilon at step 488, loss sum: 83.3651, final loss: 0.00098705, weight distance: 0.0363
2025-09-23 02:55:46,480 - INFO - Example /home/projects/bagon/shared/imagenet512/val/n04258138/ILSVRC2012_val_00009920.JPEG reached epsilon at step 675, loss sum: 110.2168, final loss: 0.00099373, weight distance: 0.0455
2025-09-23 02:56:10,296 - INFO - Example /home/projects/bagon/shared/imagenet512/val/n02167151/ILSVRC2012_val_00009626.JPEG reached epsilon at step 773, loss sum: 43.5732, final loss: 0.00099182, weight distance: 0.0437
2025-09-23 02:56:29,957 - INFO - Example /home/projects/bagon/shared/imagenet512/val/n01592084/ILSVRC2012_val_00017976.JPEG reached epsilon at step 621, loss sum: 537.6228, final loss: 0.00099945, weight distance: 0.0506
2025-09-23 02:56:54,297 - INFO - Example /home/projects/bagon/shared/imagenet512/val/n02977058/ILSVRC2012_val_00018770.JPEG reached epsilon at step 793, loss sum: 133.3111, final loss: 0.00099754, weight distance: 0.0524
2025-09-23 02:57:12,757 - INFO - Example /home/projects/bagon/shared/imagenet512/val/n03127747/ILSVRC2012_val_00034925.JPEG reached epsilon at step 593, loss sum: 15.5884, final loss: 0.00099468, weight distance: 0.0355
2025-09-23 02:57:28,416 - INFO - Example /home/projects/bagon/shared/imagenet512/val/n02107142/ILSVRC2012_val_00008177.JPEG reached epsilon at step 497, loss sum: 8.4984, final loss: 0.00099277, weight distance: 0.0293
2025-09-23 02:57:50,602 - INFO - Example /home/projects/bagon/shared/imagenet512/val/n03065424/ILSVRC2012_val_00029883.JPEG reached epsilon at step 715, loss sum: 145.3745, final loss: 0.00099564, weight distance: 0.0473
2025-09-23 02:58:03,558 - INFO - Example /home/projects/bagon/shared/imagenet512/val/n04476259/ILSVRC2012_val_00036870.JPEG reached epsilon at step 402, loss sum: 12.0550, final loss: 0.00098705, weight distance: 0.0262
2025-09-23 02:58:22,635 - INFO - Example /home/projects/bagon/shared/imagenet512/val/n02092002/ILSVRC2012_val_00038406.JPEG reached epsilon at step 612, loss sum: 50.6661, final loss: 0.00097466, weight distance: 0.0417
2025-09-23 02:58:42,825 - INFO - Example /home/projects/bagon/shared/imagenet512/val/n04070727/ILSVRC2012_val_00006658.JPEG reached epsilon at step 649, loss sum: 100.5590, final loss: 0.00099277, weight distance: 0.0465
2025-09-23 02:59:01,579 - INFO - Example /home/projects/bagon/shared/imagenet512/val/n02101006/ILSVRC2012_val_00030512.JPEG reached epsilon at step 602, loss sum: 78.4463, final loss: 0.00099754, weight distance: 0.0418
2025-09-23 02:59:18,063 - INFO - Example /home/projects/bagon/shared/imagenet512/val/n02442845/ILSVRC2012_val_00015699.JPEG reached epsilon at step 515, loss sum: 147.9092, final loss: 0.00099754, weight distance: 0.0400
2025-09-23 02:59:37,407 - INFO - Example /home/projects/bagon/shared/imagenet512/val/n04550184/ILSVRC2012_val_00030785.JPEG reached epsilon at step 623, loss sum: 5.4895, final loss: 0.00099945, weight distance: 0.0311
2025-09-23 02:59:58,062 - INFO - Example /home/projects/bagon/shared/imagenet512/val/n04447861/ILSVRC2012_val_00020291.JPEG reached epsilon at step 667, loss sum: 88.6188, final loss: 0.00099182, weight distance: 0.0460
2025-09-23 03:00:25,887 - INFO - Example /home/projects/bagon/shared/imagenet512/val/n02098105/ILSVRC2012_val_00034514.JPEG reached epsilon at step 911, loss sum: 155.2764, final loss: 0.00099659, weight distance: 0.0556
2025-09-23 03:00:47,887 - INFO - Example /home/projects/bagon/shared/imagenet512/val/n01498041/ILSVRC2012_val_00027415.JPEG reached epsilon at step 713, loss sum: 62.4480, final loss: 0.00098991, weight distance: 0.0465
2025-09-23 03:01:03,562 - INFO - Example /home/projects/bagon/shared/imagenet512/val/n02802426/ILSVRC2012_val_00034473.JPEG reached epsilon at step 492, loss sum: 39.8487, final loss: 0.00099373, weight distance: 0.0347
2025-09-23 03:01:26,583 - INFO - Example /home/projects/bagon/shared/imagenet512/val/n03796401/ILSVRC2012_val_00035500.JPEG reached epsilon at step 737, loss sum: 65.8289, final loss: 0.00099850, weight distance: 0.0471
2025-09-23 03:01:58,271 - INFO - Example /home/projects/bagon/shared/imagenet512/val/n03476991/ILSVRC2012_val_00004493.JPEG reached epsilon at step 1040, loss sum: 185.8527, final loss: 0.00099754, weight distance: 0.0646
2025-09-23 03:02:23,110 - INFO - Example /home/projects/bagon/shared/imagenet512/val/n04409515/ILSVRC2012_val_00009605.JPEG reached epsilon at step 800, loss sum: 395.5429, final loss: 0.00099945, weight distance: 0.0558
2025-09-23 03:02:43,130 - INFO - Example /home/projects/bagon/shared/imagenet512/val/n02865351/ILSVRC2012_val_00001259.JPEG reached epsilon at step 642, loss sum: 263.2130, final loss: 0.00099087, weight distance: 0.0499
2025-09-23 03:03:10,672 - INFO - Example /home/projects/bagon/shared/imagenet512/val/n10148035/ILSVRC2012_val_00010947.JPEG reached epsilon at step 901, loss sum: 392.4823, final loss: 0.00099468, weight distance: 0.0637
2025-09-23 03:03:26,833 - INFO - Example /home/projects/bagon/shared/imagenet512/val/n01675722/ILSVRC2012_val_00019007.JPEG reached epsilon at step 507, loss sum: 178.6000, final loss: 0.00099564, weight distance: 0.0402
2025-09-23 03:03:48,445 - INFO - Example /home/projects/bagon/shared/imagenet512/val/n02096051/ILSVRC2012_val_00043789.JPEG reached epsilon at step 700, loss sum: 82.6973, final loss: 0.00098610, weight distance: 0.0467
2025-09-23 03:04:15,522 - INFO - Example /home/projects/bagon/shared/imagenet512/val/n03498962/ILSVRC2012_val_00007225.JPEG reached epsilon at step 885, loss sum: 77.4536, final loss: 0.00099659, weight distance: 0.0547
2025-09-23 03:04:37,799 - INFO - Example /home/projects/bagon/shared/imagenet512/val/n03930630/ILSVRC2012_val_00027679.JPEG reached epsilon at step 723, loss sum: 40.2263, final loss: 0.00099087, weight distance: 0.0439
2025-09-23 03:05:07,930 - INFO - Example /home/projects/bagon/shared/imagenet512/val/n03786901/ILSVRC2012_val_00037911.JPEG reached epsilon at step 988, loss sum: 817.5682, final loss: 0.00099754, weight distance: 0.0721
2025-09-23 03:05:22,523 - INFO - Example /home/projects/bagon/shared/imagenet512/val/n02606052/ILSVRC2012_val_00000996.JPEG reached epsilon at step 462, loss sum: 29.9148, final loss: 0.00098133, weight distance: 0.0334
2025-09-23 03:05:52,660 - INFO - Example /home/projects/bagon/shared/imagenet512/val/n03666591/ILSVRC2012_val_00015019.JPEG reached epsilon at step 983, loss sum: 109.1928, final loss: 0.00099087, weight distance: 0.0605
2025-09-23 03:06:13,041 - INFO - Example /home/projects/bagon/shared/imagenet512/val/n03530642/ILSVRC2012_val_00037411.JPEG reached epsilon at step 653, loss sum: 267.3175, final loss: 0.00099373, weight distance: 0.0478
2025-09-23 03:06:25,360 - INFO - Example /home/projects/bagon/shared/imagenet512/val/n02115641/ILSVRC2012_val_00048498.JPEG reached epsilon at step 385, loss sum: 5.0752, final loss: 0.00099659, weight distance: 0.0232
2025-09-23 03:06:42,573 - INFO - Example /home/projects/bagon/shared/imagenet512/val/n04251144/ILSVRC2012_val_00023075.JPEG reached epsilon at step 551, loss sum: 11.7276, final loss: 0.00099373, weight distance: 0.0327
2025-09-23 03:07:02,277 - INFO - Example /home/projects/bagon/shared/imagenet512/val/n04005630/ILSVRC2012_val_00008376.JPEG reached epsilon at step 631, loss sum: 97.5136, final loss: 0.00098991, weight distance: 0.0465
2025-09-23 03:07:23,940 - INFO - Example /home/projects/bagon/shared/imagenet512/val/n04550184/ILSVRC2012_val_00048746.JPEG reached epsilon at step 701, loss sum: 20.2434, final loss: 0.00099373, weight distance: 0.0396
2025-09-23 03:07:45,767 - INFO - Example /home/projects/bagon/shared/imagenet512/val/n02971356/ILSVRC2012_val_00030546.JPEG reached epsilon at step 707, loss sum: 55.6309, final loss: 0.00099659, weight distance: 0.0459
2025-09-23 03:08:02,398 - INFO - Example /home/projects/bagon/shared/imagenet512/val/n04153751/ILSVRC2012_val_00032448.JPEG reached epsilon at step 532, loss sum: 19.9939, final loss: 0.00099468, weight distance: 0.0335
2025-09-23 03:08:20,797 - INFO - Example /home/projects/bagon/shared/imagenet512/val/n02085620/ILSVRC2012_val_00030519.JPEG reached epsilon at step 589, loss sum: 78.8580, final loss: 0.00099373, weight distance: 0.0414
2025-09-23 03:08:48,145 - INFO - Example /home/projects/bagon/shared/imagenet512/val/n07880968/ILSVRC2012_val_00016592.JPEG reached epsilon at step 894, loss sum: 726.9602, final loss: 0.00099182, weight distance: 0.0663
2025-09-23 03:08:48,810 - INFO - Time limit reached. Exiting before starting next example.
