2025-09-23 02:30:04,045 - INFO - Parsed arguments:
2025-09-23 02:30:04,045 - INFO -   amp_dtype = None
2025-09-23 02:30:04,045 - INFO -   bars_npy = /home/projects/bagon/andreyg/Projects/BMM_school/Universal_learning/Programming/bars/geq6wrong_21017_geq6correct_1525_imagenet.npy
2025-09-23 02:30:04,045 - INFO -   cka_layer_fraction = 0.05
2025-09-23 02:30:04,045 - INFO -   current_worker = 7
2025-09-23 02:30:04,045 - INFO -   deterministic = True
2025-09-23 02:30:04,045 - INFO -   device = cuda
2025-09-23 02:30:04,045 - INFO -   epsilon = 0.001
2025-09-23 02:30:04,045 - INFO -   examples_csv = /home/projects/bagon/andreyg/Projects/BMM_school/Universal_learning/Programming/bars/geq6wrong_21017_geq6correct_1525_imagenet_examples_ammended.csv
2025-09-23 02:30:04,046 - INFO -   explicit_examples_for_training = None
2025-09-23 02:30:04,046 - INFO -   grad_clip_norm = 1.0
2025-09-23 02:30:04,046 - INFO -   hierarchy_json = /home/projects/bagon/andreyg/Projects/BMM_school/Universal_learning/Programming/bars/imagenet_synset_hierarchy.json
2025-09-23 02:30:04,046 - INFO -   imagenet_models_csv = /home/projects/bagon/andreyg/Projects/BMM_school/Universal_learning/Programming/bars/imagenet_models.csv
2025-09-23 02:30:04,046 - INFO -   lr = 0.0001
2025-09-23 02:30:04,046 - INFO -   max_examples = 50000
2025-09-23 02:30:04,046 - INFO -   max_steps_per_example = 10000
2025-09-23 02:30:04,046 - INFO -   model_csv_name = vgg_13_224_tv_imagenet_1k
2025-09-23 02:30:04,046 - INFO -   model_name = vgg13.tv_in1k
2025-09-23 02:30:04,046 - INFO -   no_amp = False
2025-09-23 02:30:04,046 - INFO -   num_workers = 8
2025-09-23 02:30:04,046 - INFO -   output_dir = /home/projects/bagon/andreyg/Projects/BMM_school/Universal_learning/Programming/training_gradient_evaluator_single_loss_parallel/output_parallel_8_workers_trial_2
2025-09-23 02:30:04,046 - INFO -   root_dir = None
2025-09-23 02:30:04,046 - INFO -   seed = 1337
2025-09-23 02:30:04,046 - INFO -   time_limit_seconds = 6300
2025-09-23 02:30:04,046 - INFO -   weight_decay = 0.0
2025-09-23 02:30:04,046 - INFO -   zero_aug_train = False
2025-09-23 02:30:06,187 - INFO - Loaded TIMM pretrained weights for vgg13.tv_in1k
2025-09-23 02:30:06,187 - INFO - pretrained_cfg.url= hf_hub_id=timm/vgg13.tv_in1k
2025-09-23 02:30:06,736 - INFO - Training configuration:
2025-09-23 02:30:06,736 - INFO -   lr = 0.0001
2025-09-23 02:30:06,736 - INFO -   weight_decay = 0.0
2025-09-23 02:30:06,736 - INFO -   max_steps = 10000
2025-09-23 02:30:06,736 - INFO -   epsilon = 0.001
2025-09-23 02:30:06,736 - INFO -   device = cuda
2025-09-23 02:30:06,736 - INFO -   use_amp = True
2025-09-23 02:30:06,736 - INFO -   amp_dtype = None
2025-09-23 02:30:06,736 - INFO -   gradient_clip_norm = 1.0
2025-09-23 02:30:52,303 - INFO - Example /home/projects/bagon/shared/imagenet512/val/n04336792/ILSVRC2012_val_00027884.JPEG reached epsilon at step 1291, loss sum: 1658.8439, final loss: 0.00099182, weight distance: 0.0955
2025-09-23 02:31:18,779 - INFO - Example /home/projects/bagon/shared/imagenet512/val/n04435653/ILSVRC2012_val_00027447.JPEG reached epsilon at step 876, loss sum: 1069.2909, final loss: 0.00099277, weight distance: 0.0695
2025-09-23 02:31:50,262 - INFO - Example /home/projects/bagon/shared/imagenet512/val/n02486261/ILSVRC2012_val_00011101.JPEG reached epsilon at step 1065, loss sum: 606.1984, final loss: 0.00099850, weight distance: 0.0745
2025-09-23 02:32:40,578 - INFO - Example /home/projects/bagon/shared/imagenet512/val/n03710637/ILSVRC2012_val_00014830.JPEG reached epsilon at step 1728, loss sum: 292.3946, final loss: 0.00099087, weight distance: 0.0995
2025-09-23 02:33:13,785 - INFO - Example /home/projects/bagon/shared/imagenet512/val/n02321529/ILSVRC2012_val_00043443.JPEG reached epsilon at step 1126, loss sum: 1006.7270, final loss: 0.00098801, weight distance: 0.0811
2025-09-23 02:33:51,795 - INFO - Example /home/projects/bagon/shared/imagenet512/val/n04263257/ILSVRC2012_val_00040481.JPEG reached epsilon at step 1299, loss sum: 858.4278, final loss: 0.00098896, weight distance: 0.0920
2025-09-23 02:34:24,684 - INFO - Example /home/projects/bagon/shared/imagenet512/val/n02992211/ILSVRC2012_val_00003715.JPEG reached epsilon at step 1118, loss sum: 253.4387, final loss: 0.00099373, weight distance: 0.0650
2025-09-23 02:34:54,754 - INFO - Example /home/projects/bagon/shared/imagenet512/val/n03452741/ILSVRC2012_val_00028144.JPEG reached epsilon at step 1021, loss sum: 288.2169, final loss: 0.00099373, weight distance: 0.0674
2025-09-23 02:35:15,978 - INFO - Example /home/projects/bagon/shared/imagenet512/val/n01873310/ILSVRC2012_val_00035112.JPEG reached epsilon at step 710, loss sum: 373.0175, final loss: 0.00099087, weight distance: 0.0527
2025-09-23 02:35:57,184 - INFO - Example /home/projects/bagon/shared/imagenet512/val/n03314780/ILSVRC2012_val_00033127.JPEG reached epsilon at step 1410, loss sum: 2247.8286, final loss: 0.00099850, weight distance: 0.0987
2025-09-23 02:36:28,194 - INFO - Example /home/projects/bagon/shared/imagenet512/val/n03796401/ILSVRC2012_val_00030948.JPEG reached epsilon at step 1053, loss sum: 787.8004, final loss: 0.00099277, weight distance: 0.0780
2025-09-23 02:37:21,640 - INFO - Example /home/projects/bagon/shared/imagenet512/val/n02124075/ILSVRC2012_val_00046770.JPEG reached epsilon at step 1841, loss sum: 3354.7791, final loss: 0.00099277, weight distance: 0.1194
2025-09-23 02:37:54,197 - INFO - Example /home/projects/bagon/shared/imagenet512/val/n02971356/ILSVRC2012_val_00039126.JPEG reached epsilon at step 1107, loss sum: 1183.6436, final loss: 0.00099945, weight distance: 0.0860
2025-09-23 02:38:29,285 - INFO - Example /home/projects/bagon/shared/imagenet512/val/n04442312/ILSVRC2012_val_00040118.JPEG reached epsilon at step 1195, loss sum: 1015.1810, final loss: 0.00098801, weight distance: 0.0839
2025-09-23 02:39:09,257 - INFO - Example /home/projects/bagon/shared/imagenet512/val/n02837789/ILSVRC2012_val_00026140.JPEG reached epsilon at step 1368, loss sum: 545.7824, final loss: 0.00099564, weight distance: 0.0896
2025-09-23 02:39:46,371 - INFO - Example /home/projects/bagon/shared/imagenet512/val/n02640242/ILSVRC2012_val_00000050.JPEG reached epsilon at step 1269, loss sum: 1940.9750, final loss: 0.00099182, weight distance: 0.0924
2025-09-23 02:40:21,388 - INFO - Example /home/projects/bagon/shared/imagenet512/val/n03141823/ILSVRC2012_val_00004718.JPEG reached epsilon at step 1194, loss sum: 586.6977, final loss: 0.00099754, weight distance: 0.0815
2025-09-23 02:40:48,961 - INFO - Example /home/projects/bagon/shared/imagenet512/val/n02326432/ILSVRC2012_val_00018196.JPEG reached epsilon at step 933, loss sum: 240.2184, final loss: 0.00099182, weight distance: 0.0630
2025-09-23 02:41:34,029 - INFO - Example /home/projects/bagon/shared/imagenet512/val/n03534580/ILSVRC2012_val_00009741.JPEG reached epsilon at step 1546, loss sum: 605.9462, final loss: 0.00099754, weight distance: 0.0891
2025-09-23 02:42:02,872 - INFO - Example /home/projects/bagon/shared/imagenet512/val/n03485407/ILSVRC2012_val_00030007.JPEG reached epsilon at step 978, loss sum: 613.8858, final loss: 0.00098896, weight distance: 0.0676
2025-09-23 02:42:30,783 - INFO - Example /home/projects/bagon/shared/imagenet512/val/n01943899/ILSVRC2012_val_00012672.JPEG reached epsilon at step 945, loss sum: 901.3169, final loss: 0.00099659, weight distance: 0.0694
2025-09-23 02:42:59,662 - INFO - Example /home/projects/bagon/shared/imagenet512/val/n02085936/ILSVRC2012_val_00041918.JPEG reached epsilon at step 979, loss sum: 502.6821, final loss: 0.00099182, weight distance: 0.0646
2025-09-23 02:43:31,196 - INFO - Example /home/projects/bagon/shared/imagenet512/val/n07920052/ILSVRC2012_val_00015099.JPEG reached epsilon at step 1071, loss sum: 401.6036, final loss: 0.00099659, weight distance: 0.0687
2025-09-23 02:44:29,791 - INFO - Example /home/projects/bagon/shared/imagenet512/val/n03642806/ILSVRC2012_val_00030849.JPEG reached epsilon at step 2021, loss sum: 1617.8703, final loss: 0.00099754, weight distance: 0.1237
2025-09-23 02:44:59,360 - INFO - Example /home/projects/bagon/shared/imagenet512/val/n02910353/ILSVRC2012_val_00044887.JPEG reached epsilon at step 1001, loss sum: 550.4502, final loss: 0.00099468, weight distance: 0.0713
2025-09-23 02:45:35,925 - INFO - Example /home/projects/bagon/shared/imagenet512/val/n03710721/ILSVRC2012_val_00019178.JPEG reached epsilon at step 1241, loss sum: 183.0293, final loss: 0.00099087, weight distance: 0.0760
2025-09-23 02:46:22,297 - INFO - Example /home/projects/bagon/shared/imagenet512/val/n03642806/ILSVRC2012_val_00031511.JPEG reached epsilon at step 1592, loss sum: 726.3783, final loss: 0.00099277, weight distance: 0.1011
2025-09-23 02:46:56,394 - INFO - Example /home/projects/bagon/shared/imagenet512/val/n02979186/ILSVRC2012_val_00014287.JPEG reached epsilon at step 1162, loss sum: 211.0979, final loss: 0.00099754, weight distance: 0.0756
2025-09-23 02:47:28,626 - INFO - Example /home/projects/bagon/shared/imagenet512/val/n03394916/ILSVRC2012_val_00041242.JPEG reached epsilon at step 1097, loss sum: 1520.2112, final loss: 0.00099659, weight distance: 0.0858
2025-09-23 02:48:06,377 - INFO - Example /home/projects/bagon/shared/imagenet512/val/n02106030/ILSVRC2012_val_00027164.JPEG reached epsilon at step 1272, loss sum: 145.5383, final loss: 0.00098705, weight distance: 0.0775
2025-09-23 02:48:41,006 - INFO - Example /home/projects/bagon/shared/imagenet512/val/n02412080/ILSVRC2012_val_00008559.JPEG reached epsilon at step 1181, loss sum: 148.0631, final loss: 0.00098419, weight distance: 0.0709
2025-09-23 02:49:07,186 - INFO - Example /home/projects/bagon/shared/imagenet512/val/n07880968/ILSVRC2012_val_00000606.JPEG reached epsilon at step 867, loss sum: 579.5116, final loss: 0.00099945, weight distance: 0.0649
2025-09-23 02:49:51,699 - INFO - Example /home/projects/bagon/shared/imagenet512/val/n04265275/ILSVRC2012_val_00004635.JPEG reached epsilon at step 1526, loss sum: 3105.5115, final loss: 0.00099945, weight distance: 0.1103
2025-09-23 02:50:31,984 - INFO - Example /home/projects/bagon/shared/imagenet512/val/n04443257/ILSVRC2012_val_00004633.JPEG reached epsilon at step 1373, loss sum: 762.4489, final loss: 0.00099564, weight distance: 0.0914
2025-09-23 02:51:11,206 - INFO - Example /home/projects/bagon/shared/imagenet512/val/n07749582/ILSVRC2012_val_00027944.JPEG reached epsilon at step 1341, loss sum: 1292.5024, final loss: 0.00099087, weight distance: 0.0924
2025-09-23 02:51:47,529 - INFO - Example /home/projects/bagon/shared/imagenet512/val/n02484975/ILSVRC2012_val_00037489.JPEG reached epsilon at step 1226, loss sum: 927.4176, final loss: 0.00099277, weight distance: 0.0864
2025-09-23 02:52:21,711 - INFO - Example /home/projects/bagon/shared/imagenet512/val/n02514041/ILSVRC2012_val_00004161.JPEG reached epsilon at step 1164, loss sum: 1778.7218, final loss: 0.00099945, weight distance: 0.0825
2025-09-23 02:53:07,933 - INFO - Example /home/projects/bagon/shared/imagenet512/val/n03950228/ILSVRC2012_val_00004522.JPEG reached epsilon at step 1587, loss sum: 717.9663, final loss: 0.00099468, weight distance: 0.0958
2025-09-23 02:53:36,644 - INFO - Example /home/projects/bagon/shared/imagenet512/val/n02113624/ILSVRC2012_val_00016805.JPEG reached epsilon at step 972, loss sum: 323.8471, final loss: 0.00099468, weight distance: 0.0620
2025-09-23 02:54:14,443 - INFO - Example /home/projects/bagon/shared/imagenet512/val/n02114712/ILSVRC2012_val_00009578.JPEG reached epsilon at step 1291, loss sum: 208.2481, final loss: 0.00099850, weight distance: 0.0766
2025-09-23 02:54:39,794 - INFO - Example /home/projects/bagon/shared/imagenet512/val/n13054560/ILSVRC2012_val_00036596.JPEG reached epsilon at step 854, loss sum: 92.8355, final loss: 0.00099087, weight distance: 0.0555
2025-09-23 02:55:10,258 - INFO - Example /home/projects/bagon/shared/imagenet512/val/n04380533/ILSVRC2012_val_00040162.JPEG reached epsilon at step 1034, loss sum: 139.0758, final loss: 0.00098515, weight distance: 0.0647
2025-09-23 02:55:58,020 - INFO - Example /home/projects/bagon/shared/imagenet512/val/n02701002/ILSVRC2012_val_00049302.JPEG reached epsilon at step 1641, loss sum: 2087.3629, final loss: 0.00098705, weight distance: 0.1044
2025-09-23 02:56:35,012 - INFO - Example /home/projects/bagon/shared/imagenet512/val/n07717556/ILSVRC2012_val_00037725.JPEG reached epsilon at step 1263, loss sum: 1251.2512, final loss: 0.00099564, weight distance: 0.0864
2025-09-23 02:57:17,547 - INFO - Example /home/projects/bagon/shared/imagenet512/val/n02219486/ILSVRC2012_val_00044990.JPEG reached epsilon at step 1451, loss sum: 2154.7400, final loss: 0.00099087, weight distance: 0.1003
2025-09-23 02:57:44,989 - INFO - Example /home/projects/bagon/shared/imagenet512/val/n02009229/ILSVRC2012_val_00049444.JPEG reached epsilon at step 921, loss sum: 503.1256, final loss: 0.00099945, weight distance: 0.0629
2025-09-23 02:58:20,521 - INFO - Example /home/projects/bagon/shared/imagenet512/val/n04286575/ILSVRC2012_val_00007039.JPEG reached epsilon at step 1213, loss sum: 835.9319, final loss: 0.00099373, weight distance: 0.0794
2025-09-23 02:58:47,240 - INFO - Example /home/projects/bagon/shared/imagenet512/val/n04355338/ILSVRC2012_val_00005399.JPEG reached epsilon at step 901, loss sum: 418.7851, final loss: 0.00098610, weight distance: 0.0664
2025-09-23 02:59:15,974 - INFO - Example /home/projects/bagon/shared/imagenet512/val/n03595614/ILSVRC2012_val_00016727.JPEG reached epsilon at step 966, loss sum: 410.6808, final loss: 0.00099564, weight distance: 0.0667
2025-09-23 02:59:55,097 - INFO - Example /home/projects/bagon/shared/imagenet512/val/n03843555/ILSVRC2012_val_00046120.JPEG reached epsilon at step 1339, loss sum: 1979.6002, final loss: 0.00099182, weight distance: 0.0949
2025-09-23 03:00:33,784 - INFO - Example /home/projects/bagon/shared/imagenet512/val/n04208210/ILSVRC2012_val_00014894.JPEG reached epsilon at step 1322, loss sum: 2259.3002, final loss: 0.00099468, weight distance: 0.0953
2025-09-23 03:00:59,797 - INFO - Example /home/projects/bagon/shared/imagenet512/val/n03126707/ILSVRC2012_val_00027091.JPEG reached epsilon at step 862, loss sum: 144.0413, final loss: 0.00099373, weight distance: 0.0575
2025-09-23 03:01:37,666 - INFO - Example /home/projects/bagon/shared/imagenet512/val/n02871525/ILSVRC2012_val_00024980.JPEG reached epsilon at step 1288, loss sum: 446.8601, final loss: 0.00099564, weight distance: 0.0827
2025-09-23 03:02:19,528 - INFO - Example /home/projects/bagon/shared/imagenet512/val/n03710637/ILSVRC2012_val_00016626.JPEG reached epsilon at step 1435, loss sum: 157.2338, final loss: 0.00099182, weight distance: 0.0799
2025-09-23 03:02:54,274 - INFO - Example /home/projects/bagon/shared/imagenet512/val/n03930630/ILSVRC2012_val_00026079.JPEG reached epsilon at step 1182, loss sum: 800.5402, final loss: 0.00098801, weight distance: 0.0769
2025-09-23 03:03:37,047 - INFO - Example /home/projects/bagon/shared/imagenet512/val/n01644900/ILSVRC2012_val_00018879.JPEG reached epsilon at step 1466, loss sum: 1818.3343, final loss: 0.00099850, weight distance: 0.1010
2025-09-23 03:04:25,022 - INFO - Example /home/projects/bagon/shared/imagenet512/val/n02097658/ILSVRC2012_val_00042451.JPEG reached epsilon at step 1639, loss sum: 1701.3085, final loss: 0.00099850, weight distance: 0.1041
2025-09-23 03:05:07,263 - INFO - Example /home/projects/bagon/shared/imagenet512/val/n02669723/ILSVRC2012_val_00009522.JPEG reached epsilon at step 1448, loss sum: 223.1925, final loss: 0.00098991, weight distance: 0.0838
2025-09-23 03:05:42,142 - INFO - Example /home/projects/bagon/shared/imagenet512/val/n03658185/ILSVRC2012_val_00010432.JPEG reached epsilon at step 1190, loss sum: 561.9059, final loss: 0.00099850, weight distance: 0.0777
2025-09-23 03:06:23,328 - INFO - Example /home/projects/bagon/shared/imagenet512/val/n02012849/ILSVRC2012_val_00048195.JPEG reached epsilon at step 1409, loss sum: 657.1236, final loss: 0.00098991, weight distance: 0.0923
2025-09-23 03:07:01,669 - INFO - Example /home/projects/bagon/shared/imagenet512/val/n01773549/ILSVRC2012_val_00039025.JPEG reached epsilon at step 1311, loss sum: 399.0008, final loss: 0.00098705, weight distance: 0.0853
2025-09-23 03:07:40,772 - INFO - Example /home/projects/bagon/shared/imagenet512/val/n01728572/ILSVRC2012_val_00035265.JPEG reached epsilon at step 1337, loss sum: 208.4448, final loss: 0.00099468, weight distance: 0.0738
2025-09-23 03:08:06,860 - INFO - Example /home/projects/bagon/shared/imagenet512/val/n03887697/ILSVRC2012_val_00022680.JPEG reached epsilon at step 877, loss sum: 538.6944, final loss: 0.00097132, weight distance: 0.0666
2025-09-23 03:08:36,528 - INFO - Example /home/projects/bagon/shared/imagenet512/val/n04591713/ILSVRC2012_val_00016679.JPEG reached epsilon at step 1003, loss sum: 115.5944, final loss: 0.00099468, weight distance: 0.0624
2025-09-23 03:09:09,029 - INFO - Example /home/projects/bagon/shared/imagenet512/val/n07920052/ILSVRC2012_val_00020352.JPEG reached epsilon at step 1103, loss sum: 164.7558, final loss: 0.00099277, weight distance: 0.0667
2025-09-23 03:09:32,199 - INFO - Example /home/projects/bagon/shared/imagenet512/val/n10565667/ILSVRC2012_val_00027740.JPEG reached epsilon at step 778, loss sum: 76.9989, final loss: 0.00099277, weight distance: 0.0497
2025-09-23 03:10:08,871 - INFO - Example /home/projects/bagon/shared/imagenet512/val/n01990800/ILSVRC2012_val_00041213.JPEG reached epsilon at step 1252, loss sum: 3115.4280, final loss: 0.00099945, weight distance: 0.0945
2025-09-23 03:10:57,100 - INFO - Example /home/projects/bagon/shared/imagenet512/val/n03691459/ILSVRC2012_val_00002359.JPEG reached epsilon at step 1657, loss sum: 2661.6559, final loss: 0.00099659, weight distance: 0.1145
2025-09-23 03:12:19,737 - INFO - Example /home/projects/bagon/shared/imagenet512/val/n02786058/ILSVRC2012_val_00037985.JPEG reached epsilon at step 2862, loss sum: 10060.1186, final loss: 0.00099468, weight distance: 0.1893
2025-09-23 03:13:05,358 - INFO - Example /home/projects/bagon/shared/imagenet512/val/n03933933/ILSVRC2012_val_00041992.JPEG reached epsilon at step 1563, loss sum: 706.2664, final loss: 0.00099754, weight distance: 0.0972
2025-09-23 03:13:59,044 - INFO - Example /home/projects/bagon/shared/imagenet512/val/n09256479/ILSVRC2012_val_00025622.JPEG reached epsilon at step 1830, loss sum: 2005.8981, final loss: 0.00099564, weight distance: 0.1075
2025-09-23 03:14:28,569 - INFO - Example /home/projects/bagon/shared/imagenet512/val/n03297495/ILSVRC2012_val_00023386.JPEG reached epsilon at step 1002, loss sum: 772.1999, final loss: 0.00099087, weight distance: 0.0687
2025-09-23 03:15:01,303 - INFO - Example /home/projects/bagon/shared/imagenet512/val/n01687978/ILSVRC2012_val_00003821.JPEG reached epsilon at step 1113, loss sum: 582.4026, final loss: 0.00099277, weight distance: 0.0738
2025-09-23 03:15:32,873 - INFO - Example /home/projects/bagon/shared/imagenet512/val/n02124075/ILSVRC2012_val_00023786.JPEG reached epsilon at step 1073, loss sum: 182.6010, final loss: 0.00099945, weight distance: 0.0662
2025-09-23 03:16:03,404 - INFO - Example /home/projects/bagon/shared/imagenet512/val/n04612504/ILSVRC2012_val_00031426.JPEG reached epsilon at step 1037, loss sum: 1370.2710, final loss: 0.00099468, weight distance: 0.0789
2025-09-23 03:16:35,212 - INFO - Example /home/projects/bagon/shared/imagenet512/val/n03759954/ILSVRC2012_val_00007409.JPEG reached epsilon at step 1080, loss sum: 415.9577, final loss: 0.00099659, weight distance: 0.0734
2025-09-23 03:16:48,590 - INFO - Example /home/projects/bagon/shared/imagenet512/val/n07753592/ILSVRC2012_val_00021098.JPEG reached epsilon at step 429, loss sum: 50.9057, final loss: 0.00098610, weight distance: 0.0322
2025-09-23 03:17:21,494 - INFO - Example /home/projects/bagon/shared/imagenet512/val/n07930864/ILSVRC2012_val_00005022.JPEG reached epsilon at step 1121, loss sum: 560.9325, final loss: 0.00099564, weight distance: 0.0782
2025-09-23 03:18:14,782 - INFO - Example /home/projects/bagon/shared/imagenet512/val/n03710637/ILSVRC2012_val_00033398.JPEG reached epsilon at step 1828, loss sum: 204.6167, final loss: 0.00099945, weight distance: 0.1005
2025-09-23 03:18:53,058 - INFO - Example /home/projects/bagon/shared/imagenet512/val/n03710637/ILSVRC2012_val_00024573.JPEG reached epsilon at step 1309, loss sum: 472.7007, final loss: 0.00099850, weight distance: 0.0833
2025-09-23 03:19:41,801 - INFO - Example /home/projects/bagon/shared/imagenet512/val/n04443257/ILSVRC2012_val_00045194.JPEG reached epsilon at step 1671, loss sum: 1416.5095, final loss: 0.00099754, weight distance: 0.1007
2025-09-23 03:20:11,120 - INFO - Example /home/projects/bagon/shared/imagenet512/val/n04229816/ILSVRC2012_val_00013426.JPEG reached epsilon at step 990, loss sum: 309.2480, final loss: 0.00099850, weight distance: 0.0663
2025-09-23 03:20:31,736 - INFO - Example /home/projects/bagon/shared/imagenet512/val/n02692877/ILSVRC2012_val_00045146.JPEG reached epsilon at step 688, loss sum: 182.1420, final loss: 0.00099754, weight distance: 0.0482
2025-09-23 03:21:19,512 - INFO - Example /home/projects/bagon/shared/imagenet512/val/n03492542/ILSVRC2012_val_00040967.JPEG reached epsilon at step 1621, loss sum: 769.0530, final loss: 0.00099087, weight distance: 0.1022
2025-09-23 03:22:09,183 - INFO - Example /home/projects/bagon/shared/imagenet512/val/n04356056/ILSVRC2012_val_00039734.JPEG reached epsilon at step 1690, loss sum: 987.2588, final loss: 0.00099468, weight distance: 0.0977
2025-09-23 03:22:39,270 - INFO - Example /home/projects/bagon/shared/imagenet512/val/n03983396/ILSVRC2012_val_00028328.JPEG reached epsilon at step 1019, loss sum: 706.7684, final loss: 0.00099659, weight distance: 0.0743
2025-09-23 03:23:15,107 - INFO - Example /home/projects/bagon/shared/imagenet512/val/n02493509/ILSVRC2012_val_00012359.JPEG reached epsilon at step 1221, loss sum: 210.8995, final loss: 0.00099564, weight distance: 0.0759
2025-09-23 03:23:35,440 - INFO - Example /home/projects/bagon/shared/imagenet512/val/n04462240/ILSVRC2012_val_00016686.JPEG reached epsilon at step 674, loss sum: 117.4946, final loss: 0.00099659, weight distance: 0.0475
2025-09-23 03:24:07,113 - INFO - Example /home/projects/bagon/shared/imagenet512/val/n07716358/ILSVRC2012_val_00023848.JPEG reached epsilon at step 1074, loss sum: 229.6976, final loss: 0.00099754, weight distance: 0.0702
2025-09-23 03:24:45,463 - INFO - Example /home/projects/bagon/shared/imagenet512/val/n02017213/ILSVRC2012_val_00042376.JPEG reached epsilon at step 1310, loss sum: 1594.6074, final loss: 0.00099182, weight distance: 0.0964
2025-09-23 03:25:13,463 - INFO - Example /home/projects/bagon/shared/imagenet512/val/n02669723/ILSVRC2012_val_00045524.JPEG reached epsilon at step 948, loss sum: 78.5852, final loss: 0.00097036, weight distance: 0.0573
2025-09-23 03:25:41,046 - INFO - Example /home/projects/bagon/shared/imagenet512/val/n07871810/ILSVRC2012_val_00015840.JPEG reached epsilon at step 933, loss sum: 297.3385, final loss: 0.00099564, weight distance: 0.0653
2025-09-23 03:26:17,362 - INFO - Example /home/projects/bagon/shared/imagenet512/val/n12144580/ILSVRC2012_val_00041542.JPEG reached epsilon at step 1233, loss sum: 250.4111, final loss: 0.00098801, weight distance: 0.0783
2025-09-23 03:26:46,577 - INFO - Example /home/projects/bagon/shared/imagenet512/val/n04070727/ILSVRC2012_val_00033032.JPEG reached epsilon at step 962, loss sum: 433.2701, final loss: 0.00099373, weight distance: 0.0667
2025-09-23 03:27:12,953 - INFO - Example /home/projects/bagon/shared/imagenet512/val/n03769881/ILSVRC2012_val_00031610.JPEG reached epsilon at step 889, loss sum: 111.5723, final loss: 0.00099659, weight distance: 0.0569
2025-09-23 03:27:53,244 - INFO - Example /home/projects/bagon/shared/imagenet512/val/n10148035/ILSVRC2012_val_00029882.JPEG reached epsilon at step 1377, loss sum: 2742.7364, final loss: 0.00098991, weight distance: 0.1027
2025-09-23 03:28:40,162 - INFO - Example /home/projects/bagon/shared/imagenet512/val/n03207941/ILSVRC2012_val_00048287.JPEG reached epsilon at step 1609, loss sum: 2876.5580, final loss: 0.00099087, weight distance: 0.1137
2025-09-23 03:29:09,187 - INFO - Example /home/projects/bagon/shared/imagenet512/val/n02966687/ILSVRC2012_val_00043450.JPEG reached epsilon at step 983, loss sum: 2252.7907, final loss: 0.00099659, weight distance: 0.0764
2025-09-23 03:29:38,875 - INFO - Example /home/projects/bagon/shared/imagenet512/val/n04265275/ILSVRC2012_val_00024097.JPEG reached epsilon at step 1006, loss sum: 1592.1388, final loss: 0.00099564, weight distance: 0.0721
2025-09-23 03:30:14,272 - INFO - Example /home/projects/bagon/shared/imagenet512/val/n04141076/ILSVRC2012_val_00029866.JPEG reached epsilon at step 1206, loss sum: 451.6958, final loss: 0.00099945, weight distance: 0.0763
2025-09-23 03:30:32,343 - INFO - Example /home/projects/bagon/shared/imagenet512/val/n03976467/ILSVRC2012_val_00020713.JPEG reached epsilon at step 599, loss sum: 151.5585, final loss: 0.00099659, weight distance: 0.0458
2025-09-23 03:31:02,095 - INFO - Example /home/projects/bagon/shared/imagenet512/val/n03179701/ILSVRC2012_val_00008518.JPEG reached epsilon at step 1009, loss sum: 634.4297, final loss: 0.00098991, weight distance: 0.0702
2025-09-23 03:31:53,114 - INFO - Example /home/projects/bagon/shared/imagenet512/val/n04356056/ILSVRC2012_val_00015697.JPEG reached epsilon at step 1755, loss sum: 1487.4174, final loss: 0.00098705, weight distance: 0.1095
2025-09-23 03:32:30,647 - INFO - Example /home/projects/bagon/shared/imagenet512/val/n02167151/ILSVRC2012_val_00003331.JPEG reached epsilon at step 1239, loss sum: 677.9290, final loss: 0.00099945, weight distance: 0.0830
2025-09-23 03:33:13,547 - INFO - Example /home/projects/bagon/shared/imagenet512/val/n13133613/ILSVRC2012_val_00009549.JPEG reached epsilon at step 1458, loss sum: 231.4423, final loss: 0.00099277, weight distance: 0.0842
2025-09-23 03:33:56,530 - INFO - Example /home/projects/bagon/shared/imagenet512/val/n01756291/ILSVRC2012_val_00026712.JPEG reached epsilon at step 1465, loss sum: 477.8545, final loss: 0.00098896, weight distance: 0.0847
2025-09-23 03:34:32,235 - INFO - Example /home/projects/bagon/shared/imagenet512/val/n12144580/ILSVRC2012_val_00008648.JPEG reached epsilon at step 1216, loss sum: 242.2560, final loss: 0.00098610, weight distance: 0.0763
2025-09-23 03:35:01,710 - INFO - Example /home/projects/bagon/shared/imagenet512/val/n02981792/ILSVRC2012_val_00004218.JPEG reached epsilon at step 999, loss sum: 142.6337, final loss: 0.00098705, weight distance: 0.0636
2025-09-23 03:35:24,741 - INFO - Example /home/projects/bagon/shared/imagenet512/val/n04330267/ILSVRC2012_val_00043536.JPEG reached epsilon at step 773, loss sum: 43.2627, final loss: 0.00099754, weight distance: 0.0473
2025-09-23 03:35:45,931 - INFO - Example /home/projects/bagon/shared/imagenet512/val/n01494475/ILSVRC2012_val_00022552.JPEG reached epsilon at step 708, loss sum: 145.2054, final loss: 0.00098705, weight distance: 0.0494
2025-09-23 03:36:38,970 - INFO - Example /home/projects/bagon/shared/imagenet512/val/n03197337/ILSVRC2012_val_00009243.JPEG reached epsilon at step 1825, loss sum: 1921.2291, final loss: 0.00099564, weight distance: 0.1201
2025-09-23 03:37:27,545 - INFO - Example /home/projects/bagon/shared/imagenet512/val/n02676566/ILSVRC2012_val_00039740.JPEG reached epsilon at step 1660, loss sum: 1038.4931, final loss: 0.00099087, weight distance: 0.1119
2025-09-23 03:38:06,552 - INFO - Example /home/projects/bagon/shared/imagenet512/val/n04209133/ILSVRC2012_val_00046639.JPEG reached epsilon at step 1333, loss sum: 1170.1876, final loss: 0.00098610, weight distance: 0.0929
2025-09-23 03:38:48,823 - INFO - Example /home/projects/bagon/shared/imagenet512/val/n03998194/ILSVRC2012_val_00049806.JPEG reached epsilon at step 1448, loss sum: 3362.6275, final loss: 0.00099373, weight distance: 0.1103
2025-09-23 03:39:18,911 - INFO - Example /home/projects/bagon/shared/imagenet512/val/n04579145/ILSVRC2012_val_00014224.JPEG reached epsilon at step 1021, loss sum: 631.8718, final loss: 0.00099754, weight distance: 0.0749
2025-09-23 03:40:01,770 - INFO - Example /home/projects/bagon/shared/imagenet512/val/n12998815/ILSVRC2012_val_00026184.JPEG reached epsilon at step 1469, loss sum: 1070.5927, final loss: 0.00099945, weight distance: 0.0960
2025-09-23 03:40:45,419 - INFO - Example /home/projects/bagon/shared/imagenet512/val/n09332890/ILSVRC2012_val_00043650.JPEG reached epsilon at step 1497, loss sum: 1079.7290, final loss: 0.00099373, weight distance: 0.0987
2025-09-23 03:41:24,245 - INFO - Example /home/projects/bagon/shared/imagenet512/val/n02910353/ILSVRC2012_val_00032648.JPEG reached epsilon at step 1327, loss sum: 313.9961, final loss: 0.00099564, weight distance: 0.0805
2025-09-23 03:41:41,688 - INFO - Example /home/projects/bagon/shared/imagenet512/val/n04118776/ILSVRC2012_val_00027203.JPEG reached epsilon at step 576, loss sum: 59.1396, final loss: 0.00099087, weight distance: 0.0407
2025-09-23 03:42:18,658 - INFO - Example /home/projects/bagon/shared/imagenet512/val/n01729322/ILSVRC2012_val_00018453.JPEG reached epsilon at step 1260, loss sum: 900.7797, final loss: 0.00099373, weight distance: 0.0821
2025-09-23 03:43:01,254 - INFO - Example /home/projects/bagon/shared/imagenet512/val/n02123159/ILSVRC2012_val_00027539.JPEG reached epsilon at step 1451, loss sum: 455.5816, final loss: 0.00099564, weight distance: 0.0871
2025-09-23 03:43:31,343 - INFO - Example /home/projects/bagon/shared/imagenet512/val/n04270147/ILSVRC2012_val_00024034.JPEG reached epsilon at step 1020, loss sum: 107.5119, final loss: 0.00099850, weight distance: 0.0609
2025-09-23 03:44:10,925 - INFO - Example /home/projects/bagon/shared/imagenet512/val/n03529860/ILSVRC2012_val_00033213.JPEG reached epsilon at step 1353, loss sum: 547.2598, final loss: 0.00098705, weight distance: 0.0870
2025-09-23 03:44:41,813 - INFO - Example /home/projects/bagon/shared/imagenet512/val/n01751748/ILSVRC2012_val_00032628.JPEG reached epsilon at step 1040, loss sum: 169.9498, final loss: 0.00099754, weight distance: 0.0656
2025-09-23 03:45:12,249 - INFO - Example /home/projects/bagon/shared/imagenet512/val/n03197337/ILSVRC2012_val_00029469.JPEG reached epsilon at step 1033, loss sum: 292.6886, final loss: 0.00099373, weight distance: 0.0681
2025-09-23 03:45:45,909 - INFO - Example /home/projects/bagon/shared/imagenet512/val/n03131574/ILSVRC2012_val_00022199.JPEG reached epsilon at step 1146, loss sum: 496.6192, final loss: 0.00097847, weight distance: 0.0758
2025-09-23 03:46:16,911 - INFO - Example /home/projects/bagon/shared/imagenet512/val/n04542943/ILSVRC2012_val_00015750.JPEG reached epsilon at step 1053, loss sum: 2461.1465, final loss: 0.00099754, weight distance: 0.0851
2025-09-23 03:47:01,096 - INFO - Example /home/projects/bagon/shared/imagenet512/val/n02219486/ILSVRC2012_val_00032504.JPEG reached epsilon at step 1493, loss sum: 1964.9331, final loss: 0.00099564, weight distance: 0.1045
2025-09-23 03:47:27,257 - INFO - Example /home/projects/bagon/shared/imagenet512/val/n03803284/ILSVRC2012_val_00001515.JPEG reached epsilon at step 883, loss sum: 1197.1856, final loss: 0.00099087, weight distance: 0.0692
2025-09-23 03:48:07,586 - INFO - Example /home/projects/bagon/shared/imagenet512/val/n03207941/ILSVRC2012_val_00014622.JPEG reached epsilon at step 1379, loss sum: 1017.8486, final loss: 0.00099564, weight distance: 0.0870
2025-09-23 03:48:27,540 - INFO - Example /home/projects/bagon/shared/imagenet512/val/n03160309/ILSVRC2012_val_00015060.JPEG reached epsilon at step 666, loss sum: 576.7035, final loss: 0.00099659, weight distance: 0.0548
2025-09-23 03:49:06,220 - INFO - Example /home/projects/bagon/shared/imagenet512/val/n04591157/ILSVRC2012_val_00013769.JPEG reached epsilon at step 1321, loss sum: 313.9149, final loss: 0.00099945, weight distance: 0.0849
2025-09-23 03:49:43,416 - INFO - Example /home/projects/bagon/shared/imagenet512/val/n02992529/ILSVRC2012_val_00026822.JPEG reached epsilon at step 1270, loss sum: 559.2829, final loss: 0.00099373, weight distance: 0.0819
2025-09-23 03:50:18,890 - INFO - Example /home/projects/bagon/shared/imagenet512/val/n03045698/ILSVRC2012_val_00024111.JPEG reached epsilon at step 1210, loss sum: 1601.0425, final loss: 0.00099754, weight distance: 0.0828
2025-09-23 03:51:06,578 - INFO - Example /home/projects/bagon/shared/imagenet512/val/n03866082/ILSVRC2012_val_00034283.JPEG reached epsilon at step 1638, loss sum: 934.9891, final loss: 0.00099468, weight distance: 0.1029
2025-09-23 03:51:44,032 - INFO - Example /home/projects/bagon/shared/imagenet512/val/n03903868/ILSVRC2012_val_00005095.JPEG reached epsilon at step 1278, loss sum: 1033.1361, final loss: 0.00099182, weight distance: 0.0878
2025-09-23 03:52:47,294 - INFO - Example /home/projects/bagon/shared/imagenet512/val/n03832673/ILSVRC2012_val_00045627.JPEG reached epsilon at step 2182, loss sum: 2380.2678, final loss: 0.00099945, weight distance: 0.1371
2025-09-23 03:53:45,249 - INFO - Example /home/projects/bagon/shared/imagenet512/val/n04356056/ILSVRC2012_val_00012545.JPEG reached epsilon at step 1998, loss sum: 1912.8593, final loss: 0.00098801, weight distance: 0.1218
2025-09-23 03:54:14,913 - INFO - Example /home/projects/bagon/shared/imagenet512/val/n02909870/ILSVRC2012_val_00007724.JPEG reached epsilon at step 1006, loss sum: 619.7788, final loss: 0.00099659, weight distance: 0.0729
2025-09-23 03:55:03,939 - INFO - Example /home/projects/bagon/shared/imagenet512/val/n03125729/ILSVRC2012_val_00004363.JPEG reached epsilon at step 1685, loss sum: 2884.2502, final loss: 0.00099754, weight distance: 0.1063
2025-09-23 03:55:43,204 - INFO - Example /home/projects/bagon/shared/imagenet512/val/n03146219/ILSVRC2012_val_00028726.JPEG reached epsilon at step 1343, loss sum: 767.5871, final loss: 0.00099945, weight distance: 0.0797
2025-09-23 03:56:22,238 - INFO - Example /home/projects/bagon/shared/imagenet512/val/n04357314/ILSVRC2012_val_00023485.JPEG reached epsilon at step 1335, loss sum: 768.3696, final loss: 0.00099373, weight distance: 0.0861
2025-09-23 03:56:58,947 - INFO - Example /home/projects/bagon/shared/imagenet512/val/n02837789/ILSVRC2012_val_00015053.JPEG reached epsilon at step 1252, loss sum: 189.0757, final loss: 0.00098610, weight distance: 0.0746
2025-09-23 03:57:41,672 - INFO - Example /home/projects/bagon/shared/imagenet512/val/n02504458/ILSVRC2012_val_00022907.JPEG reached epsilon at step 1456, loss sum: 190.8569, final loss: 0.00098515, weight distance: 0.0816
2025-09-23 03:58:25,990 - INFO - Example /home/projects/bagon/shared/imagenet512/val/n03372029/ILSVRC2012_val_00000140.JPEG reached epsilon at step 1519, loss sum: 2741.4632, final loss: 0.00099659, weight distance: 0.0940
2025-09-23 03:59:10,916 - INFO - Example /home/projects/bagon/shared/imagenet512/val/n02871525/ILSVRC2012_val_00040739.JPEG reached epsilon at step 1539, loss sum: 1109.6011, final loss: 0.00099945, weight distance: 0.1030
2025-09-23 03:59:46,764 - INFO - Example /home/projects/bagon/shared/imagenet512/val/n03710193/ILSVRC2012_val_00040946.JPEG reached epsilon at step 1219, loss sum: 771.8636, final loss: 0.00099373, weight distance: 0.0778
2025-09-23 04:00:12,020 - INFO - Example /home/projects/bagon/shared/imagenet512/val/n03633091/ILSVRC2012_val_00006333.JPEG reached epsilon at step 849, loss sum: 209.7217, final loss: 0.00099659, weight distance: 0.0585
2025-09-23 04:00:45,762 - INFO - Example /home/projects/bagon/shared/imagenet512/val/n03218198/ILSVRC2012_val_00044648.JPEG reached epsilon at step 1148, loss sum: 2791.9173, final loss: 0.00099277, weight distance: 0.0757
2025-09-23 04:01:25,229 - INFO - Example /home/projects/bagon/shared/imagenet512/val/n02106030/ILSVRC2012_val_00023666.JPEG reached epsilon at step 1348, loss sum: 1126.2881, final loss: 0.00099754, weight distance: 0.0899
2025-09-23 04:02:07,543 - INFO - Example /home/projects/bagon/shared/imagenet512/val/n02769748/ILSVRC2012_val_00019321.JPEG reached epsilon at step 1448, loss sum: 2309.2687, final loss: 0.00099564, weight distance: 0.1069
2025-09-23 04:02:35,168 - INFO - Example /home/projects/bagon/shared/imagenet512/val/n03443371/ILSVRC2012_val_00005887.JPEG reached epsilon at step 933, loss sum: 321.2508, final loss: 0.00099659, weight distance: 0.0650
2025-09-23 04:03:10,934 - INFO - Example /home/projects/bagon/shared/imagenet512/val/n02128757/ILSVRC2012_val_00019738.JPEG reached epsilon at step 1206, loss sum: 689.0325, final loss: 0.00099087, weight distance: 0.0829
2025-09-23 04:03:41,240 - INFO - Example /home/projects/bagon/shared/imagenet512/val/n04370456/ILSVRC2012_val_00005163.JPEG reached epsilon at step 1023, loss sum: 541.3967, final loss: 0.00099754, weight distance: 0.0722
2025-09-23 04:04:09,994 - INFO - Example /home/projects/bagon/shared/imagenet512/val/n02395406/ILSVRC2012_val_00046042.JPEG reached epsilon at step 967, loss sum: 1612.0656, final loss: 0.00099754, weight distance: 0.0755
2025-09-23 04:04:56,772 - INFO - Example /home/projects/bagon/shared/imagenet512/val/n03793489/ILSVRC2012_val_00049330.JPEG reached epsilon at step 1607, loss sum: 695.8841, final loss: 0.00099850, weight distance: 0.1052
2025-09-23 04:05:26,736 - INFO - Example /home/projects/bagon/shared/imagenet512/val/n03461385/ILSVRC2012_val_00023277.JPEG reached epsilon at step 1017, loss sum: 176.4705, final loss: 0.00099182, weight distance: 0.0594
2025-09-23 04:05:53,806 - INFO - Example /home/projects/bagon/shared/imagenet512/val/n13054560/ILSVRC2012_val_00042718.JPEG reached epsilon at step 916, loss sum: 176.4400, final loss: 0.00099850, weight distance: 0.0586
2025-09-23 04:06:14,827 - INFO - Example /home/projects/bagon/shared/imagenet512/val/n02325366/ILSVRC2012_val_00000937.JPEG reached epsilon at step 699, loss sum: 66.2200, final loss: 0.00097179, weight distance: 0.0455
2025-09-23 04:06:54,231 - INFO - Example /home/projects/bagon/shared/imagenet512/val/n02096294/ILSVRC2012_val_00001564.JPEG reached epsilon at step 1348, loss sum: 302.2349, final loss: 0.00099277, weight distance: 0.0833
2025-09-23 04:07:22,648 - INFO - Example /home/projects/bagon/shared/imagenet512/val/n02916936/ILSVRC2012_val_00028143.JPEG reached epsilon at step 963, loss sum: 593.6239, final loss: 0.00099468, weight distance: 0.0718
2025-09-23 04:07:59,212 - INFO - Example /home/projects/bagon/shared/imagenet512/val/n04371430/ILSVRC2012_val_00015591.JPEG reached epsilon at step 1242, loss sum: 758.0150, final loss: 0.00099277, weight distance: 0.0828
2025-09-23 04:08:38,611 - INFO - Example /home/projects/bagon/shared/imagenet512/val/n02130308/ILSVRC2012_val_00003773.JPEG reached epsilon at step 1333, loss sum: 1196.5890, final loss: 0.00099659, weight distance: 0.0941
2025-09-23 04:09:43,333 - INFO - Example /home/projects/bagon/shared/imagenet512/val/n04356056/ILSVRC2012_val_00032243.JPEG reached epsilon at step 2237, loss sum: 5999.5487, final loss: 0.00098801, weight distance: 0.1436
2025-09-23 04:10:16,840 - INFO - Example /home/projects/bagon/shared/imagenet512/val/n02797295/ILSVRC2012_val_00026437.JPEG reached epsilon at step 1141, loss sum: 1140.2461, final loss: 0.00099659, weight distance: 0.0827
2025-09-23 04:10:56,398 - INFO - Example /home/projects/bagon/shared/imagenet512/val/n01744401/ILSVRC2012_val_00037464.JPEG reached epsilon at step 1348, loss sum: 1382.6985, final loss: 0.00099850, weight distance: 0.0936
2025-09-23 04:11:24,413 - INFO - Example /home/projects/bagon/shared/imagenet512/val/n02268443/ILSVRC2012_val_00024612.JPEG reached epsilon at step 948, loss sum: 195.0360, final loss: 0.00097179, weight distance: 0.0636
2025-09-23 04:11:57,501 - INFO - Example /home/projects/bagon/shared/imagenet512/val/n07718472/ILSVRC2012_val_00025981.JPEG reached epsilon at step 1126, loss sum: 825.2554, final loss: 0.00099850, weight distance: 0.0747
2025-09-23 04:12:39,105 - INFO - Example /home/projects/bagon/shared/imagenet512/val/n01775062/ILSVRC2012_val_00025447.JPEG reached epsilon at step 1423, loss sum: 1669.7671, final loss: 0.00099754, weight distance: 0.0876
2025-09-23 04:13:19,954 - INFO - Example /home/projects/bagon/shared/imagenet512/val/n02978881/ILSVRC2012_val_00016528.JPEG reached epsilon at step 1398, loss sum: 604.5144, final loss: 0.00098991, weight distance: 0.0930
2025-09-23 04:13:58,824 - INFO - Example /home/projects/bagon/shared/imagenet512/val/n02167151/ILSVRC2012_val_00004517.JPEG reached epsilon at step 1329, loss sum: 299.4244, final loss: 0.00098991, weight distance: 0.0769
2025-09-23 04:14:37,984 - INFO - Example /home/projects/bagon/shared/imagenet512/val/n01978455/ILSVRC2012_val_00019859.JPEG reached epsilon at step 1337, loss sum: 320.3035, final loss: 0.00099659, weight distance: 0.0819
2025-09-23 04:15:10,974 - INFO - Example /home/projects/bagon/shared/imagenet512/val/n03899768/ILSVRC2012_val_00023647.JPEG reached epsilon at step 1123, loss sum: 1099.2932, final loss: 0.00099945, weight distance: 0.0804
2025-09-23 04:15:29,440 - INFO - Example /home/projects/bagon/shared/imagenet512/val/n02104365/ILSVRC2012_val_00045533.JPEG reached epsilon at step 611, loss sum: 146.8074, final loss: 0.00098610, weight distance: 0.0458
2025-09-23 04:15:30,014 - INFO - Time limit reached. Exiting before starting next example.
2025-09-23 04:15:30,054 - INFO - Merged 8 worker CSVs into /home/projects/bagon/andreyg/Projects/BMM_school/Universal_learning/Programming/training_gradient_evaluator_single_loss_parallel/output_parallel_8_workers_trial_2/vgg13.tv_in1k/single_example_results.csv
2025-09-23 04:15:31,738 - INFO - Training complete. Summary saved to /home/projects/bagon/andreyg/Projects/BMM_school/Universal_learning/Programming/training_gradient_evaluator_single_loss_parallel/output_parallel_8_workers_trial_2/vgg13.tv_in1k/training_summary.json
