2025-09-23 03:09:07,054 - INFO - Parsed arguments:
2025-09-23 03:09:07,054 - INFO -   amp_dtype = None
2025-09-23 03:09:07,054 - INFO -   bars_npy = /home/projects/bagon/andreyg/Projects/BMM_school/Universal_learning/Programming/bars/geq6wrong_21017_geq6correct_1525_imagenet.npy
2025-09-23 03:09:07,054 - INFO -   cka_layer_fraction = 0.05
2025-09-23 03:09:07,054 - INFO -   current_worker = 4
2025-09-23 03:09:07,054 - INFO -   deterministic = True
2025-09-23 03:09:07,054 - INFO -   device = cuda
2025-09-23 03:09:07,054 - INFO -   epsilon = 0.001
2025-09-23 03:09:07,054 - INFO -   examples_csv = /home/projects/bagon/andreyg/Projects/BMM_school/Universal_learning/Programming/bars/geq6wrong_21017_geq6correct_1525_imagenet_examples_ammended.csv
2025-09-23 03:09:07,054 - INFO -   explicit_examples_for_training = None
2025-09-23 03:09:07,054 - INFO -   grad_clip_norm = 1.0
2025-09-23 03:09:07,054 - INFO -   hierarchy_json = /home/projects/bagon/andreyg/Projects/BMM_school/Universal_learning/Programming/bars/imagenet_synset_hierarchy.json
2025-09-23 03:09:07,054 - INFO -   imagenet_models_csv = /home/projects/bagon/andreyg/Projects/BMM_school/Universal_learning/Programming/bars/imagenet_models.csv
2025-09-23 03:09:07,054 - INFO -   lr = 0.0001
2025-09-23 03:09:07,054 - INFO -   max_examples = 50000
2025-09-23 03:09:07,054 - INFO -   max_steps_per_example = 10000
2025-09-23 03:09:07,054 - INFO -   model_csv_name = convnext_tiny_224_classification_imagenet_12k_ft_classification_imagenet_1k
2025-09-23 03:09:07,054 - INFO -   model_name = convnext_tiny.in12k_ft_in1k
2025-09-23 03:09:07,054 - INFO -   no_amp = False
2025-09-23 03:09:07,054 - INFO -   num_workers = 8
2025-09-23 03:09:07,054 - INFO -   output_dir = /home/projects/bagon/andreyg/Projects/BMM_school/Universal_learning/Programming/training_gradient_evaluator_single_loss_parallel/output_parallel_8_workers_trial_2
2025-09-23 03:09:07,055 - INFO -   root_dir = None
2025-09-23 03:09:07,055 - INFO -   seed = 1337
2025-09-23 03:09:07,055 - INFO -   time_limit_seconds = 6300
2025-09-23 03:09:07,055 - INFO -   weight_decay = 0.0
2025-09-23 03:09:07,055 - INFO -   zero_aug_train = False
2025-09-23 03:09:07,967 - INFO - Loaded TIMM pretrained weights for convnext_tiny.in12k_ft_in1k
2025-09-23 03:09:07,967 - INFO - pretrained_cfg.url= hf_hub_id=timm/convnext_tiny.in12k_ft_in1k
2025-09-23 03:09:08,306 - INFO - Training configuration:
2025-09-23 03:09:08,306 - INFO -   lr = 0.0001
2025-09-23 03:09:08,306 - INFO -   weight_decay = 0.0
2025-09-23 03:09:08,306 - INFO -   max_steps = 10000
2025-09-23 03:09:08,306 - INFO -   epsilon = 0.001
2025-09-23 03:09:08,306 - INFO -   device = cuda
2025-09-23 03:09:08,306 - INFO -   use_amp = True
2025-09-23 03:09:08,306 - INFO -   amp_dtype = None
2025-09-23 03:09:08,306 - INFO -   gradient_clip_norm = 1.0
2025-09-23 03:09:28,203 - INFO - Example /home/projects/bagon/shared/imagenet512/val/n07932039/ILSVRC2012_val_00029971.JPEG reached epsilon at step 325, loss sum: 43.0107, final loss: 0.00099945, weight distance: 0.0192
2025-09-23 03:09:50,991 - INFO - Example /home/projects/bagon/shared/imagenet512/val/n04591157/ILSVRC2012_val_00005426.JPEG reached epsilon at step 425, loss sum: 284.4517, final loss: 0.00098801, weight distance: 0.0241
2025-09-23 03:10:11,394 - INFO - Example /home/projects/bagon/shared/imagenet512/val/n04355338/ILSVRC2012_val_00031308.JPEG reached epsilon at step 386, loss sum: 57.0139, final loss: 0.00099373, weight distance: 0.0202
2025-09-23 03:10:22,971 - INFO - Example /home/projects/bagon/shared/imagenet512/val/n04435653/ILSVRC2012_val_00008528.JPEG reached epsilon at step 211, loss sum: 115.4279, final loss: 0.00099182, weight distance: 0.0144
2025-09-23 03:10:40,869 - INFO - Example /home/projects/bagon/shared/imagenet512/val/n07714571/ILSVRC2012_val_00043273.JPEG reached epsilon at step 334, loss sum: 115.4205, final loss: 0.00099564, weight distance: 0.0210
2025-09-23 03:10:48,184 - INFO - Example /home/projects/bagon/shared/imagenet512/val/n04376876/ILSVRC2012_val_00044486.JPEG reached epsilon at step 126, loss sum: 20.3288, final loss: 0.00099945, weight distance: 0.0067
2025-09-23 03:11:00,495 - INFO - Example /home/projects/bagon/shared/imagenet512/val/n02939185/ILSVRC2012_val_00031452.JPEG reached epsilon at step 226, loss sum: 63.4668, final loss: 0.00098705, weight distance: 0.0151
2025-09-23 03:11:23,110 - INFO - Example /home/projects/bagon/shared/imagenet512/val/n03216828/ILSVRC2012_val_00005968.JPEG reached epsilon at step 427, loss sum: 139.6433, final loss: 0.00099373, weight distance: 0.0237
2025-09-23 03:11:54,057 - INFO - Example /home/projects/bagon/shared/imagenet512/val/n01630670/ILSVRC2012_val_00048295.JPEG reached epsilon at step 593, loss sum: 124.9934, final loss: 0.00099659, weight distance: 0.0335
2025-09-23 03:12:16,263 - INFO - Example /home/projects/bagon/shared/imagenet512/val/n03461385/ILSVRC2012_val_00000372.JPEG reached epsilon at step 416, loss sum: 177.7263, final loss: 0.00099754, weight distance: 0.0275
2025-09-23 03:12:46,941 - INFO - Example /home/projects/bagon/shared/imagenet512/val/n03047690/ILSVRC2012_val_00004108.JPEG reached epsilon at step 589, loss sum: 42.3908, final loss: 0.00099373, weight distance: 0.0250
2025-09-23 03:13:04,500 - INFO - Example /home/projects/bagon/shared/imagenet512/val/n01694178/ILSVRC2012_val_00022997.JPEG reached epsilon at step 331, loss sum: 95.3224, final loss: 0.00099277, weight distance: 0.0188
2025-09-23 03:13:27,920 - INFO - Example /home/projects/bagon/shared/imagenet512/val/n04081281/ILSVRC2012_val_00015832.JPEG reached epsilon at step 443, loss sum: 71.8527, final loss: 0.00099373, weight distance: 0.0257
2025-09-23 03:13:52,949 - INFO - Example /home/projects/bagon/shared/imagenet512/val/n03476684/ILSVRC2012_val_00032145.JPEG reached epsilon at step 476, loss sum: 179.3060, final loss: 0.00099754, weight distance: 0.0301
2025-09-23 03:14:15,350 - INFO - Example /home/projects/bagon/shared/imagenet512/val/n01734418/ILSVRC2012_val_00031390.JPEG reached epsilon at step 415, loss sum: 129.7649, final loss: 0.00099659, weight distance: 0.0264
2025-09-23 03:14:46,336 - INFO - Example /home/projects/bagon/shared/imagenet512/val/n02669723/ILSVRC2012_val_00046320.JPEG reached epsilon at step 585, loss sum: 53.9964, final loss: 0.00099468, weight distance: 0.0290
2025-09-23 03:15:21,036 - INFO - Example /home/projects/bagon/shared/imagenet512/val/n02727426/ILSVRC2012_val_00014240.JPEG reached epsilon at step 645, loss sum: 42.9178, final loss: 0.00099754, weight distance: 0.0329
2025-09-23 03:16:00,320 - INFO - Example /home/projects/bagon/shared/imagenet512/val/n02110806/ILSVRC2012_val_00040381.JPEG reached epsilon at step 728, loss sum: 55.2069, final loss: 0.00099850, weight distance: 0.0321
2025-09-23 03:16:53,245 - INFO - Example /home/projects/bagon/shared/imagenet512/val/n03180011/ILSVRC2012_val_00034300.JPEG reached epsilon at step 988, loss sum: 83.1231, final loss: 0.00099373, weight distance: 0.0396
2025-09-23 03:17:26,220 - INFO - Example /home/projects/bagon/shared/imagenet512/val/n01981276/ILSVRC2012_val_00021241.JPEG reached epsilon at step 610, loss sum: 210.2424, final loss: 0.00099468, weight distance: 0.0308
2025-09-23 03:18:00,245 - INFO - Example /home/projects/bagon/shared/imagenet512/val/n07684084/ILSVRC2012_val_00032674.JPEG reached epsilon at step 632, loss sum: 44.7057, final loss: 0.00099564, weight distance: 0.0314
2025-09-23 03:18:26,219 - INFO - Example /home/projects/bagon/shared/imagenet512/val/n02233338/ILSVRC2012_val_00039550.JPEG reached epsilon at step 455, loss sum: 298.1871, final loss: 0.00099659, weight distance: 0.0195
2025-09-23 03:18:40,748 - INFO - Example /home/projects/bagon/shared/imagenet512/val/n03710193/ILSVRC2012_val_00025673.JPEG reached epsilon at step 260, loss sum: 75.7114, final loss: 0.00099659, weight distance: 0.0147
2025-09-23 03:18:51,268 - INFO - Example /home/projects/bagon/shared/imagenet512/val/n04418357/ILSVRC2012_val_00034027.JPEG reached epsilon at step 185, loss sum: 46.5304, final loss: 0.00099754, weight distance: 0.0119
2025-09-23 03:19:09,246 - INFO - Example /home/projects/bagon/shared/imagenet512/val/n04542943/ILSVRC2012_val_00016069.JPEG reached epsilon at step 336, loss sum: 51.9984, final loss: 0.00099277, weight distance: 0.0195
2025-09-23 03:19:36,018 - INFO - Example /home/projects/bagon/shared/imagenet512/val/n04356056/ILSVRC2012_val_00037040.JPEG reached epsilon at step 509, loss sum: 33.8543, final loss: 0.00099945, weight distance: 0.0276
2025-09-23 03:20:37,456 - INFO - Example /home/projects/bagon/shared/imagenet512/val/n01491361/ILSVRC2012_val_00023935.JPEG reached epsilon at step 1153, loss sum: 256.0565, final loss: 0.00099659, weight distance: 0.0273
2025-09-23 03:20:59,256 - INFO - Example /home/projects/bagon/shared/imagenet512/val/n03291819/ILSVRC2012_val_00035328.JPEG reached epsilon at step 403, loss sum: 66.7565, final loss: 0.00099182, weight distance: 0.0177
2025-09-23 03:21:25,775 - INFO - Example /home/projects/bagon/shared/imagenet512/val/n03642806/ILSVRC2012_val_00008787.JPEG reached epsilon at step 495, loss sum: 95.0215, final loss: 0.00099945, weight distance: 0.0281
2025-09-23 03:21:45,513 - INFO - Example /home/projects/bagon/shared/imagenet512/val/n03902125/ILSVRC2012_val_00040702.JPEG reached epsilon at step 360, loss sum: 83.7486, final loss: 0.00099850, weight distance: 0.0163
2025-09-23 03:22:01,650 - INFO - Example /home/projects/bagon/shared/imagenet512/val/n04275548/ILSVRC2012_val_00043164.JPEG reached epsilon at step 292, loss sum: 25.9950, final loss: 0.00099468, weight distance: 0.0168
2025-09-23 03:22:58,246 - INFO - Example /home/projects/bagon/shared/imagenet512/val/n03764736/ILSVRC2012_val_00001770.JPEG reached epsilon at step 1059, loss sum: 58.3169, final loss: 0.00099564, weight distance: 0.0155
2025-09-23 03:23:27,519 - INFO - Example /home/projects/bagon/shared/imagenet512/val/n03483316/ILSVRC2012_val_00002351.JPEG reached epsilon at step 538, loss sum: 711.5156, final loss: 0.00099468, weight distance: 0.0186
2025-09-23 03:23:48,752 - INFO - Example /home/projects/bagon/shared/imagenet512/val/n02128757/ILSVRC2012_val_00024910.JPEG reached epsilon at step 387, loss sum: 132.9890, final loss: 0.00099945, weight distance: 0.0215
2025-09-23 03:24:17,404 - INFO - Example /home/projects/bagon/shared/imagenet512/val/n07920052/ILSVRC2012_val_00013375.JPEG reached epsilon at step 540, loss sum: 114.4849, final loss: 0.00099659, weight distance: 0.0312
2025-09-23 03:24:35,999 - INFO - Example /home/projects/bagon/shared/imagenet512/val/n04090263/ILSVRC2012_val_00038216.JPEG reached epsilon at step 344, loss sum: 122.9214, final loss: 0.00099945, weight distance: 0.0215
2025-09-23 03:25:05,588 - INFO - Example /home/projects/bagon/shared/imagenet512/val/n02105505/ILSVRC2012_val_00007059.JPEG reached epsilon at step 549, loss sum: 105.0508, final loss: 0.00099373, weight distance: 0.0277
2025-09-23 03:25:19,448 - INFO - Example /home/projects/bagon/shared/imagenet512/val/n03770439/ILSVRC2012_val_00006000.JPEG reached epsilon at step 234, loss sum: 38.5956, final loss: 0.00099659, weight distance: 0.0142
2025-09-23 03:25:31,685 - INFO - Example /home/projects/bagon/shared/imagenet512/val/n04522168/ILSVRC2012_val_00042916.JPEG reached epsilon at step 220, loss sum: 148.6655, final loss: 0.00099182, weight distance: 0.0159
2025-09-23 03:26:04,648 - INFO - Example /home/projects/bagon/shared/imagenet512/val/n02825657/ILSVRC2012_val_00006205.JPEG reached epsilon at step 620, loss sum: 153.7554, final loss: 0.00099850, weight distance: 0.0188
2025-09-23 03:26:31,157 - INFO - Example /home/projects/bagon/shared/imagenet512/val/n03899768/ILSVRC2012_val_00046336.JPEG reached epsilon at step 494, loss sum: 62.2442, final loss: 0.00099277, weight distance: 0.0254
2025-09-23 03:26:49,346 - INFO - Example /home/projects/bagon/shared/imagenet512/val/n03249569/ILSVRC2012_val_00002905.JPEG reached epsilon at step 331, loss sum: 29.9771, final loss: 0.00099373, weight distance: 0.0213
2025-09-23 03:27:04,595 - INFO - Example /home/projects/bagon/shared/imagenet512/val/n09246464/ILSVRC2012_val_00031523.JPEG reached epsilon at step 275, loss sum: 54.1620, final loss: 0.00099754, weight distance: 0.0153
2025-09-23 03:27:23,604 - INFO - Example /home/projects/bagon/shared/imagenet512/val/n04604644/ILSVRC2012_val_00021154.JPEG reached epsilon at step 357, loss sum: 68.4930, final loss: 0.00099373, weight distance: 0.0209
2025-09-23 03:27:39,798 - INFO - Example /home/projects/bagon/shared/imagenet512/val/n03483316/ILSVRC2012_val_00011813.JPEG reached epsilon at step 302, loss sum: 100.1063, final loss: 0.00098896, weight distance: 0.0186
2025-09-23 03:27:58,648 - INFO - Example /home/projects/bagon/shared/imagenet512/val/n03958227/ILSVRC2012_val_00015775.JPEG reached epsilon at step 356, loss sum: 56.2580, final loss: 0.00099945, weight distance: 0.0232
2025-09-23 03:28:21,795 - INFO - Example /home/projects/bagon/shared/imagenet512/val/n03259280/ILSVRC2012_val_00010219.JPEG reached epsilon at step 431, loss sum: 50.7226, final loss: 0.00099850, weight distance: 0.0245
2025-09-23 03:28:42,527 - INFO - Example /home/projects/bagon/shared/imagenet512/val/n04548362/ILSVRC2012_val_00008472.JPEG reached epsilon at step 391, loss sum: 42.3158, final loss: 0.00099277, weight distance: 0.0183
2025-09-23 03:28:59,227 - INFO - Example /home/projects/bagon/shared/imagenet512/val/n03376595/ILSVRC2012_val_00014479.JPEG reached epsilon at step 313, loss sum: 431.2684, final loss: 0.00099659, weight distance: 0.0243
2025-09-23 03:29:30,389 - INFO - Example /home/projects/bagon/shared/imagenet512/val/n02100236/ILSVRC2012_val_00031655.JPEG reached epsilon at step 577, loss sum: 137.4204, final loss: 0.00099468, weight distance: 0.0311
2025-09-23 03:29:52,856 - INFO - Example /home/projects/bagon/shared/imagenet512/val/n03028079/ILSVRC2012_val_00039053.JPEG reached epsilon at step 405, loss sum: 76.8465, final loss: 0.00099373, weight distance: 0.0253
2025-09-23 03:30:14,002 - INFO - Example /home/projects/bagon/shared/imagenet512/val/n02111500/ILSVRC2012_val_00036075.JPEG reached epsilon at step 398, loss sum: 46.7683, final loss: 0.00099850, weight distance: 0.0212
2025-09-23 03:30:33,177 - INFO - Example /home/projects/bagon/shared/imagenet512/val/n02727426/ILSVRC2012_val_00018413.JPEG reached epsilon at step 358, loss sum: 140.9532, final loss: 0.00099659, weight distance: 0.0198
2025-09-23 03:30:54,556 - INFO - Example /home/projects/bagon/shared/imagenet512/val/n02894605/ILSVRC2012_val_00015515.JPEG reached epsilon at step 403, loss sum: 55.2598, final loss: 0.00099659, weight distance: 0.0212
2025-09-23 03:31:16,171 - INFO - Example /home/projects/bagon/shared/imagenet512/val/n03788195/ILSVRC2012_val_00030336.JPEG reached epsilon at step 407, loss sum: 57.3959, final loss: 0.00099468, weight distance: 0.0215
2025-09-23 03:31:50,626 - INFO - Example /home/projects/bagon/shared/imagenet512/val/n02749479/ILSVRC2012_val_00033972.JPEG reached epsilon at step 653, loss sum: 65.0045, final loss: 0.00099945, weight distance: 0.0348
2025-09-23 03:32:39,815 - INFO - Example /home/projects/bagon/shared/imagenet512/val/n13133613/ILSVRC2012_val_00011122.JPEG reached epsilon at step 945, loss sum: 98.1141, final loss: 0.00099564, weight distance: 0.0469
2025-09-23 03:32:55,059 - INFO - Example /home/projects/bagon/shared/imagenet512/val/n02971356/ILSVRC2012_val_00035114.JPEG reached epsilon at step 282, loss sum: 25.5109, final loss: 0.00099373, weight distance: 0.0160
2025-09-23 03:33:10,714 - INFO - Example /home/projects/bagon/shared/imagenet512/val/n03141823/ILSVRC2012_val_00038458.JPEG reached epsilon at step 285, loss sum: 208.2870, final loss: 0.00099659, weight distance: 0.0208
2025-09-23 03:33:56,605 - INFO - Example /home/projects/bagon/shared/imagenet512/val/n04350905/ILSVRC2012_val_00033166.JPEG reached epsilon at step 858, loss sum: 149.6986, final loss: 0.00099564, weight distance: 0.0323
2025-09-23 03:34:14,948 - INFO - Example /home/projects/bagon/shared/imagenet512/val/n03763968/ILSVRC2012_val_00031265.JPEG reached epsilon at step 340, loss sum: 87.5091, final loss: 0.00099659, weight distance: 0.0194
2025-09-23 03:34:33,740 - INFO - Example /home/projects/bagon/shared/imagenet512/val/n03598930/ILSVRC2012_val_00010088.JPEG reached epsilon at step 354, loss sum: 4.1557, final loss: 0.00099945, weight distance: 0.0160
2025-09-23 03:35:00,344 - INFO - Example /home/projects/bagon/shared/imagenet512/val/n03047690/ILSVRC2012_val_00018631.JPEG reached epsilon at step 492, loss sum: 28.2683, final loss: 0.00099564, weight distance: 0.0193
2025-09-23 03:35:18,148 - INFO - Example /home/projects/bagon/shared/imagenet512/val/n02096294/ILSVRC2012_val_00034554.JPEG reached epsilon at step 329, loss sum: 74.2872, final loss: 0.00099945, weight distance: 0.0207
2025-09-23 03:35:53,015 - INFO - Example /home/projects/bagon/shared/imagenet512/val/n02791270/ILSVRC2012_val_00035205.JPEG reached epsilon at step 636, loss sum: 130.7358, final loss: 0.00099850, weight distance: 0.0324
2025-09-23 03:36:35,669 - INFO - Example /home/projects/bagon/shared/imagenet512/val/n03710637/ILSVRC2012_val_00007816.JPEG reached epsilon at step 813, loss sum: 64.1608, final loss: 0.00099850, weight distance: 0.0290
2025-09-23 03:36:58,059 - INFO - Example /home/projects/bagon/shared/imagenet512/val/n15075141/ILSVRC2012_val_00046353.JPEG reached epsilon at step 402, loss sum: 252.0432, final loss: 0.00099754, weight distance: 0.0180
2025-09-23 03:37:13,538 - INFO - Example /home/projects/bagon/shared/imagenet512/val/n03627232/ILSVRC2012_val_00013065.JPEG reached epsilon at step 279, loss sum: 169.8091, final loss: 0.00099564, weight distance: 0.0206
2025-09-23 03:37:55,258 - INFO - Example /home/projects/bagon/shared/imagenet512/val/n04147183/ILSVRC2012_val_00010749.JPEG reached epsilon at step 787, loss sum: 274.6285, final loss: 0.00099468, weight distance: 0.0417
2025-09-23 03:38:16,265 - INFO - Example /home/projects/bagon/shared/imagenet512/val/n02105056/ILSVRC2012_val_00049815.JPEG reached epsilon at step 377, loss sum: 135.4640, final loss: 0.00099373, weight distance: 0.0179
2025-09-23 03:38:38,141 - INFO - Example /home/projects/bagon/shared/imagenet512/val/n03476684/ILSVRC2012_val_00008183.JPEG reached epsilon at step 402, loss sum: 135.0190, final loss: 0.00099945, weight distance: 0.0266
2025-09-23 03:39:03,206 - INFO - Example /home/projects/bagon/shared/imagenet512/val/n02089867/ILSVRC2012_val_00009220.JPEG reached epsilon at step 461, loss sum: 149.9681, final loss: 0.00099659, weight distance: 0.0262
2025-09-23 03:39:25,774 - INFO - Example /home/projects/bagon/shared/imagenet512/val/n07836838/ILSVRC2012_val_00020034.JPEG reached epsilon at step 417, loss sum: 73.5668, final loss: 0.00099754, weight distance: 0.0241
2025-09-23 03:39:57,413 - INFO - Example /home/projects/bagon/shared/imagenet512/val/n01644900/ILSVRC2012_val_00028673.JPEG reached epsilon at step 590, loss sum: 84.3108, final loss: 0.00099564, weight distance: 0.0330
2025-09-23 03:40:20,911 - INFO - Example /home/projects/bagon/shared/imagenet512/val/n03854065/ILSVRC2012_val_00031331.JPEG reached epsilon at step 436, loss sum: 165.0463, final loss: 0.00099850, weight distance: 0.0217
2025-09-23 03:40:49,802 - INFO - Example /home/projects/bagon/shared/imagenet512/val/n02483362/ILSVRC2012_val_00038037.JPEG reached epsilon at step 532, loss sum: 300.0659, final loss: 0.00099564, weight distance: 0.0259
2025-09-23 03:41:19,102 - INFO - Example /home/projects/bagon/shared/imagenet512/val/n01798484/ILSVRC2012_val_00006790.JPEG reached epsilon at step 540, loss sum: 64.2320, final loss: 0.00099468, weight distance: 0.0262
2025-09-23 03:41:42,399 - INFO - Example /home/projects/bagon/shared/imagenet512/val/n07745940/ILSVRC2012_val_00012645.JPEG reached epsilon at step 432, loss sum: 140.9062, final loss: 0.00099754, weight distance: 0.0281
2025-09-23 03:42:12,535 - INFO - Example /home/projects/bagon/shared/imagenet512/val/n04356056/ILSVRC2012_val_00028254.JPEG reached epsilon at step 574, loss sum: 219.7222, final loss: 0.00099468, weight distance: 0.0312
2025-09-23 03:42:40,291 - INFO - Example /home/projects/bagon/shared/imagenet512/val/n03355925/ILSVRC2012_val_00027876.JPEG reached epsilon at step 513, loss sum: 44.9395, final loss: 0.00099468, weight distance: 0.0164
2025-09-23 03:43:09,003 - INFO - Example /home/projects/bagon/shared/imagenet512/val/n07730033/ILSVRC2012_val_00041676.JPEG reached epsilon at step 534, loss sum: 273.4949, final loss: 0.00099850, weight distance: 0.0338
2025-09-23 03:43:34,132 - INFO - Example /home/projects/bagon/shared/imagenet512/val/n02105251/ILSVRC2012_val_00006419.JPEG reached epsilon at step 466, loss sum: 224.1266, final loss: 0.00099564, weight distance: 0.0245
2025-09-23 03:43:49,394 - INFO - Example /home/projects/bagon/shared/imagenet512/val/n03920288/ILSVRC2012_val_00049112.JPEG reached epsilon at step 280, loss sum: 10.6527, final loss: 0.00099468, weight distance: 0.0076
2025-09-23 03:44:10,385 - INFO - Example /home/projects/bagon/shared/imagenet512/val/n03787032/ILSVRC2012_val_00035779.JPEG reached epsilon at step 398, loss sum: 94.9718, final loss: 0.00099850, weight distance: 0.0254
2025-09-23 03:44:38,152 - INFO - Example /home/projects/bagon/shared/imagenet512/val/n03126707/ILSVRC2012_val_00047451.JPEG reached epsilon at step 521, loss sum: 110.1390, final loss: 0.00099945, weight distance: 0.0240
2025-09-23 03:45:34,375 - INFO - Example /home/projects/bagon/shared/imagenet512/val/n04286575/ILSVRC2012_val_00032647.JPEG reached epsilon at step 1084, loss sum: 130.0451, final loss: 0.00099373, weight distance: 0.0191
2025-09-23 03:45:46,864 - INFO - Example /home/projects/bagon/shared/imagenet512/val/n02910353/ILSVRC2012_val_00008958.JPEG reached epsilon at step 231, loss sum: 43.7810, final loss: 0.00099754, weight distance: 0.0147
2025-09-23 03:46:03,649 - INFO - Example /home/projects/bagon/shared/imagenet512/val/n04522168/ILSVRC2012_val_00028768.JPEG reached epsilon at step 315, loss sum: 114.3003, final loss: 0.00099754, weight distance: 0.0184
2025-09-23 03:46:28,466 - INFO - Example /home/projects/bagon/shared/imagenet512/val/n02504458/ILSVRC2012_val_00039678.JPEG reached epsilon at step 466, loss sum: 52.0776, final loss: 0.00099945, weight distance: 0.0258
2025-09-23 03:46:45,363 - INFO - Example /home/projects/bagon/shared/imagenet512/val/n03692522/ILSVRC2012_val_00049785.JPEG reached epsilon at step 317, loss sum: 150.6683, final loss: 0.00099945, weight distance: 0.0146
2025-09-23 03:47:15,882 - INFO - Example /home/projects/bagon/shared/imagenet512/val/n04228054/ILSVRC2012_val_00008835.JPEG reached epsilon at step 568, loss sum: 85.0602, final loss: 0.00099850, weight distance: 0.0287
2025-09-23 03:47:32,355 - INFO - Example /home/projects/bagon/shared/imagenet512/val/n04597913/ILSVRC2012_val_00008202.JPEG reached epsilon at step 297, loss sum: 139.8071, final loss: 0.00099850, weight distance: 0.0198
2025-09-23 03:48:03,131 - INFO - Example /home/projects/bagon/shared/imagenet512/val/n04487394/ILSVRC2012_val_00049208.JPEG reached epsilon at step 568, loss sum: 122.5156, final loss: 0.00099659, weight distance: 0.0339
2025-09-23 03:49:07,699 - INFO - Example /home/projects/bagon/shared/imagenet512/val/n04355933/ILSVRC2012_val_00031126.JPEG reached epsilon at step 1232, loss sum: 139.7825, final loss: 0.00099850, weight distance: 0.0297
2025-09-23 03:49:38,020 - INFO - Example /home/projects/bagon/shared/imagenet512/val/n02107312/ILSVRC2012_val_00015511.JPEG reached epsilon at step 573, loss sum: 183.6105, final loss: 0.00099850, weight distance: 0.0261
2025-09-23 03:49:53,539 - INFO - Example /home/projects/bagon/shared/imagenet512/val/n01632777/ILSVRC2012_val_00011474.JPEG reached epsilon at step 285, loss sum: 53.8003, final loss: 0.00099373, weight distance: 0.0190
2025-09-23 03:50:08,838 - INFO - Example /home/projects/bagon/shared/imagenet512/val/n02939185/ILSVRC2012_val_00008169.JPEG reached epsilon at step 283, loss sum: 86.2554, final loss: 0.00098419, weight distance: 0.0175
2025-09-23 03:50:33,021 - INFO - Example /home/projects/bagon/shared/imagenet512/val/n02981792/ILSVRC2012_val_00049543.JPEG reached epsilon at step 455, loss sum: 116.2851, final loss: 0.00099659, weight distance: 0.0257
2025-09-23 03:50:58,798 - INFO - Example /home/projects/bagon/shared/imagenet512/val/n01739381/ILSVRC2012_val_00005827.JPEG reached epsilon at step 487, loss sum: 58.4540, final loss: 0.00099850, weight distance: 0.0262
2025-09-23 03:51:16,151 - INFO - Example /home/projects/bagon/shared/imagenet512/val/n04357314/ILSVRC2012_val_00023241.JPEG reached epsilon at step 324, loss sum: 119.7133, final loss: 0.00099945, weight distance: 0.0200
2025-09-23 03:51:34,249 - INFO - Example /home/projects/bagon/shared/imagenet512/val/n04154565/ILSVRC2012_val_00019043.JPEG reached epsilon at step 339, loss sum: 43.0455, final loss: 0.00099945, weight distance: 0.0179
2025-09-23 03:51:50,475 - INFO - Example /home/projects/bagon/shared/imagenet512/val/n02892767/ILSVRC2012_val_00000808.JPEG reached epsilon at step 301, loss sum: 153.0778, final loss: 0.00099659, weight distance: 0.0161
2025-09-23 03:52:07,152 - INFO - Example /home/projects/bagon/shared/imagenet512/val/n03980874/ILSVRC2012_val_00027107.JPEG reached epsilon at step 311, loss sum: 109.8162, final loss: 0.00099945, weight distance: 0.0183
2025-09-23 03:52:21,754 - INFO - Example /home/projects/bagon/shared/imagenet512/val/n02892767/ILSVRC2012_val_00005423.JPEG reached epsilon at step 272, loss sum: 162.7013, final loss: 0.00099945, weight distance: 0.0181
2025-09-23 03:52:45,736 - INFO - Example /home/projects/bagon/shared/imagenet512/val/n02090721/ILSVRC2012_val_00017327.JPEG reached epsilon at step 448, loss sum: 82.7489, final loss: 0.00099659, weight distance: 0.0228
2025-09-23 03:53:09,932 - INFO - Example /home/projects/bagon/shared/imagenet512/val/n02089078/ILSVRC2012_val_00037609.JPEG reached epsilon at step 455, loss sum: 142.7331, final loss: 0.00099564, weight distance: 0.0239
2025-09-23 03:55:47,282 - INFO - Example /home/projects/bagon/shared/imagenet512/val/n02974003/ILSVRC2012_val_00006952.JPEG reached epsilon at step 3059, loss sum: 271.5392, final loss: 0.00099659, weight distance: 0.0260
2025-09-23 03:56:31,110 - INFO - Example /home/projects/bagon/shared/imagenet512/val/n02089973/ILSVRC2012_val_00045799.JPEG reached epsilon at step 837, loss sum: 33.7378, final loss: 0.00099659, weight distance: 0.0369
2025-09-23 03:56:59,923 - INFO - Example /home/projects/bagon/shared/imagenet512/val/n02113186/ILSVRC2012_val_00023268.JPEG reached epsilon at step 547, loss sum: 76.0425, final loss: 0.00099754, weight distance: 0.0309
2025-09-23 03:57:23,534 - INFO - Example /home/projects/bagon/shared/imagenet512/val/n03125729/ILSVRC2012_val_00008716.JPEG reached epsilon at step 445, loss sum: 123.9785, final loss: 0.00099945, weight distance: 0.0250
2025-09-23 03:57:43,934 - INFO - Example /home/projects/bagon/shared/imagenet512/val/n03532672/ILSVRC2012_val_00024123.JPEG reached epsilon at step 382, loss sum: 203.7826, final loss: 0.00099945, weight distance: 0.0238
2025-09-23 03:58:05,280 - INFO - Example /home/projects/bagon/shared/imagenet512/val/n03775071/ILSVRC2012_val_00022216.JPEG reached epsilon at step 401, loss sum: 70.3538, final loss: 0.00099468, weight distance: 0.0226
2025-09-23 03:58:16,765 - INFO - Example /home/projects/bagon/shared/imagenet512/val/n02840245/ILSVRC2012_val_00041698.JPEG reached epsilon at step 210, loss sum: 30.6577, final loss: 0.00099659, weight distance: 0.0132
2025-09-23 03:58:54,548 - INFO - Example /home/projects/bagon/shared/imagenet512/val/n04008634/ILSVRC2012_val_00049362.JPEG reached epsilon at step 724, loss sum: 56.5480, final loss: 0.00099659, weight distance: 0.0335
2025-09-23 03:59:08,486 - INFO - Example /home/projects/bagon/shared/imagenet512/val/n03476991/ILSVRC2012_val_00025365.JPEG reached epsilon at step 258, loss sum: 178.2175, final loss: 0.00099850, weight distance: 0.0183
2025-09-23 03:59:34,892 - INFO - Example /home/projects/bagon/shared/imagenet512/val/n03706229/ILSVRC2012_val_00008728.JPEG reached epsilon at step 502, loss sum: 7.2492, final loss: 0.00099850, weight distance: 0.0188
2025-09-23 04:00:10,550 - INFO - Example /home/projects/bagon/shared/imagenet512/val/n02236044/ILSVRC2012_val_00012127.JPEG reached epsilon at step 682, loss sum: 509.6085, final loss: 0.00099945, weight distance: 0.0327
2025-09-23 04:00:33,951 - INFO - Example /home/projects/bagon/shared/imagenet512/val/n04579145/ILSVRC2012_val_00033173.JPEG reached epsilon at step 440, loss sum: 133.0414, final loss: 0.00099373, weight distance: 0.0240
2025-09-23 04:00:51,137 - INFO - Example /home/projects/bagon/shared/imagenet512/val/n02090721/ILSVRC2012_val_00030412.JPEG reached epsilon at step 322, loss sum: 10.2804, final loss: 0.00099373, weight distance: 0.0199
2025-09-23 04:01:32,747 - INFO - Example /home/projects/bagon/shared/imagenet512/val/n02109961/ILSVRC2012_val_00028523.JPEG reached epsilon at step 798, loss sum: 152.7814, final loss: 0.00099850, weight distance: 0.0334
2025-09-23 04:01:47,029 - INFO - Example /home/projects/bagon/shared/imagenet512/val/n04456115/ILSVRC2012_val_00035674.JPEG reached epsilon at step 259, loss sum: 154.4724, final loss: 0.00099754, weight distance: 0.0167
2025-09-23 04:02:33,026 - INFO - Example /home/projects/bagon/shared/imagenet512/val/n01871265/ILSVRC2012_val_00011218.JPEG reached epsilon at step 883, loss sum: 150.2891, final loss: 0.00099468, weight distance: 0.0432
2025-09-23 04:02:57,217 - INFO - Example /home/projects/bagon/shared/imagenet512/val/n03838899/ILSVRC2012_val_00044509.JPEG reached epsilon at step 450, loss sum: 57.0496, final loss: 0.00099373, weight distance: 0.0259
2025-09-23 04:03:25,134 - INFO - Example /home/projects/bagon/shared/imagenet512/val/n02988304/ILSVRC2012_val_00035511.JPEG reached epsilon at step 527, loss sum: 181.1023, final loss: 0.00099754, weight distance: 0.0337
2025-09-23 04:03:40,503 - INFO - Example /home/projects/bagon/shared/imagenet512/val/n02667093/ILSVRC2012_val_00044339.JPEG reached epsilon at step 279, loss sum: 136.5394, final loss: 0.00099754, weight distance: 0.0151
2025-09-23 04:03:56,496 - INFO - Example /home/projects/bagon/shared/imagenet512/val/n03461385/ILSVRC2012_val_00003568.JPEG reached epsilon at step 299, loss sum: 15.6894, final loss: 0.00099373, weight distance: 0.0188
2025-09-23 04:04:26,444 - INFO - Example /home/projects/bagon/shared/imagenet512/val/n01744401/ILSVRC2012_val_00001482.JPEG reached epsilon at step 568, loss sum: 521.7145, final loss: 0.00099659, weight distance: 0.0317
2025-09-23 04:04:46,249 - INFO - Example /home/projects/bagon/shared/imagenet512/val/n02869837/ILSVRC2012_val_00016535.JPEG reached epsilon at step 372, loss sum: 64.4692, final loss: 0.00099468, weight distance: 0.0245
2025-09-23 04:05:13,893 - INFO - Example /home/projects/bagon/shared/imagenet512/val/n04069434/ILSVRC2012_val_00030477.JPEG reached epsilon at step 521, loss sum: 93.8962, final loss: 0.00099850, weight distance: 0.0273
2025-09-23 04:05:33,175 - INFO - Example /home/projects/bagon/shared/imagenet512/val/n04136333/ILSVRC2012_val_00002902.JPEG reached epsilon at step 357, loss sum: 112.0379, final loss: 0.00099754, weight distance: 0.0186
2025-09-23 04:06:00,074 - INFO - Example /home/projects/bagon/shared/imagenet512/val/n07860988/ILSVRC2012_val_00033051.JPEG reached epsilon at step 510, loss sum: 146.0772, final loss: 0.00099468, weight distance: 0.0284
2025-09-23 04:06:23,460 - INFO - Example /home/projects/bagon/shared/imagenet512/val/n03400231/ILSVRC2012_val_00015404.JPEG reached epsilon at step 441, loss sum: 67.5720, final loss: 0.00099659, weight distance: 0.0274
2025-09-23 04:06:52,964 - INFO - Example /home/projects/bagon/shared/imagenet512/val/n03085013/ILSVRC2012_val_00025409.JPEG reached epsilon at step 558, loss sum: 120.0269, final loss: 0.00099945, weight distance: 0.0316
2025-09-23 04:07:23,222 - INFO - Example /home/projects/bagon/shared/imagenet512/val/n01843383/ILSVRC2012_val_00029589.JPEG reached epsilon at step 575, loss sum: 15.0790, final loss: 0.00099277, weight distance: 0.0330
2025-09-23 04:07:41,435 - INFO - Example /home/projects/bagon/shared/imagenet512/val/n04111531/ILSVRC2012_val_00029341.JPEG reached epsilon at step 340, loss sum: 12.5074, final loss: 0.00099945, weight distance: 0.0181
2025-09-23 04:07:55,914 - INFO - Example /home/projects/bagon/shared/imagenet512/val/n04235860/ILSVRC2012_val_00007955.JPEG reached epsilon at step 265, loss sum: 20.0846, final loss: 0.00099468, weight distance: 0.0148
2025-09-23 04:08:29,357 - INFO - Example /home/projects/bagon/shared/imagenet512/val/n01985128/ILSVRC2012_val_00013580.JPEG reached epsilon at step 636, loss sum: 40.3495, final loss: 0.00099754, weight distance: 0.0312
2025-09-23 04:09:20,227 - INFO - Example /home/projects/bagon/shared/imagenet512/val/n03724870/ILSVRC2012_val_00003148.JPEG reached epsilon at step 978, loss sum: 184.2499, final loss: 0.00099945, weight distance: 0.0122
2025-09-23 04:09:48,337 - INFO - Example /home/projects/bagon/shared/imagenet512/val/n03929855/ILSVRC2012_val_00022617.JPEG reached epsilon at step 534, loss sum: 316.6172, final loss: 0.00099659, weight distance: 0.0325
2025-09-23 04:10:05,297 - INFO - Example /home/projects/bagon/shared/imagenet512/val/n04259630/ILSVRC2012_val_00013340.JPEG reached epsilon at step 304, loss sum: 128.4479, final loss: 0.00099945, weight distance: 0.0187
2025-09-23 04:10:19,448 - INFO - Example /home/projects/bagon/shared/imagenet512/val/n04332243/ILSVRC2012_val_00030726.JPEG reached epsilon at step 262, loss sum: 45.0342, final loss: 0.00099468, weight distance: 0.0147
2025-09-23 04:11:08,410 - INFO - Example /home/projects/bagon/shared/imagenet512/val/n02110185/ILSVRC2012_val_00041189.JPEG reached epsilon at step 943, loss sum: 181.4134, final loss: 0.00099373, weight distance: 0.0436
2025-09-23 04:11:33,162 - INFO - Example /home/projects/bagon/shared/imagenet512/val/n02988304/ILSVRC2012_val_00007354.JPEG reached epsilon at step 469, loss sum: 106.2022, final loss: 0.00099945, weight distance: 0.0298
2025-09-23 04:11:54,615 - INFO - Example /home/projects/bagon/shared/imagenet512/val/n02124075/ILSVRC2012_val_00041579.JPEG reached epsilon at step 395, loss sum: 52.8458, final loss: 0.00099850, weight distance: 0.0200
2025-09-23 04:12:14,879 - INFO - Example /home/projects/bagon/shared/imagenet512/val/n04009552/ILSVRC2012_val_00047644.JPEG reached epsilon at step 378, loss sum: 105.9059, final loss: 0.00099564, weight distance: 0.0169
2025-09-23 04:12:30,136 - INFO - Example /home/projects/bagon/shared/imagenet512/val/n04423845/ILSVRC2012_val_00026989.JPEG reached epsilon at step 282, loss sum: 188.5556, final loss: 0.00099277, weight distance: 0.0196
2025-09-23 04:13:03,326 - INFO - Example /home/projects/bagon/shared/imagenet512/val/n07711569/ILSVRC2012_val_00013084.JPEG reached epsilon at step 629, loss sum: 103.5023, final loss: 0.00099945, weight distance: 0.0192
2025-09-23 04:13:17,784 - INFO - Example /home/projects/bagon/shared/imagenet512/val/n03958227/ILSVRC2012_val_00027015.JPEG reached epsilon at step 260, loss sum: 184.2955, final loss: 0.00099087, weight distance: 0.0156
2025-09-23 04:13:45,815 - INFO - Example /home/projects/bagon/shared/imagenet512/val/n04372370/ILSVRC2012_val_00041016.JPEG reached epsilon at step 533, loss sum: 252.1971, final loss: 0.00099277, weight distance: 0.0149
2025-09-23 04:14:10,847 - INFO - Example /home/projects/bagon/shared/imagenet512/val/n04409515/ILSVRC2012_val_00019125.JPEG reached epsilon at step 475, loss sum: 131.7616, final loss: 0.00099850, weight distance: 0.0309
2025-09-23 04:14:33,486 - INFO - Example /home/projects/bagon/shared/imagenet512/val/n03272010/ILSVRC2012_val_00006680.JPEG reached epsilon at step 423, loss sum: 5.2732, final loss: 0.00099564, weight distance: 0.0143
2025-09-23 04:15:05,937 - INFO - Example /home/projects/bagon/shared/imagenet512/val/n07930864/ILSVRC2012_val_00048321.JPEG reached epsilon at step 615, loss sum: 119.2548, final loss: 0.00099564, weight distance: 0.0324
2025-09-23 04:15:24,672 - INFO - Example /home/projects/bagon/shared/imagenet512/val/n03793489/ILSVRC2012_val_00017816.JPEG reached epsilon at step 349, loss sum: 64.5134, final loss: 0.00099277, weight distance: 0.0185
2025-09-23 04:16:14,401 - INFO - Example /home/projects/bagon/shared/imagenet512/val/n02981792/ILSVRC2012_val_00020540.JPEG reached epsilon at step 949, loss sum: 25.0511, final loss: 0.00099754, weight distance: 0.0370
2025-09-23 04:16:42,103 - INFO - Example /home/projects/bagon/shared/imagenet512/val/n02113186/ILSVRC2012_val_00049884.JPEG reached epsilon at step 523, loss sum: 111.2458, final loss: 0.00099564, weight distance: 0.0295
2025-09-23 04:17:00,533 - INFO - Example /home/projects/bagon/shared/imagenet512/val/n02074367/ILSVRC2012_val_00002000.JPEG reached epsilon at step 343, loss sum: 154.8936, final loss: 0.00099754, weight distance: 0.0162
2025-09-23 04:17:42,788 - INFO - Example /home/projects/bagon/shared/imagenet512/val/n02992529/ILSVRC2012_val_00031438.JPEG reached epsilon at step 799, loss sum: 408.5562, final loss: 0.00099659, weight distance: 0.0214
2025-09-23 04:18:06,638 - INFO - Example /home/projects/bagon/shared/imagenet512/val/n03733805/ILSVRC2012_val_00033697.JPEG reached epsilon at step 450, loss sum: 79.8679, final loss: 0.00099945, weight distance: 0.0238
2025-09-23 04:18:36,461 - INFO - Example /home/projects/bagon/shared/imagenet512/val/n03249569/ILSVRC2012_val_00002043.JPEG reached epsilon at step 568, loss sum: 61.3108, final loss: 0.00099659, weight distance: 0.0214
2025-09-23 04:19:06,418 - INFO - Example /home/projects/bagon/shared/imagenet512/val/n07742313/ILSVRC2012_val_00034491.JPEG reached epsilon at step 569, loss sum: 79.3274, final loss: 0.00099373, weight distance: 0.0289
2025-09-23 04:19:24,670 - INFO - Example /home/projects/bagon/shared/imagenet512/val/n03141823/ILSVRC2012_val_00037313.JPEG reached epsilon at step 342, loss sum: 160.3181, final loss: 0.00099564, weight distance: 0.0141
2025-09-23 04:19:41,020 - INFO - Example /home/projects/bagon/shared/imagenet512/val/n04081281/ILSVRC2012_val_00039444.JPEG reached epsilon at step 301, loss sum: 43.3442, final loss: 0.00099659, weight distance: 0.0183
2025-09-23 04:21:32,785 - INFO - Example /home/projects/bagon/shared/imagenet512/val/n01756291/ILSVRC2012_val_00020569.JPEG reached epsilon at step 2148, loss sum: 126.0468, final loss: 0.00099945, weight distance: 0.0409
2025-09-23 04:21:53,671 - INFO - Example /home/projects/bagon/shared/imagenet512/val/n03014705/ILSVRC2012_val_00044628.JPEG reached epsilon at step 388, loss sum: 57.8048, final loss: 0.00099754, weight distance: 0.0195
2025-09-23 04:22:43,657 - INFO - Example /home/projects/bagon/shared/imagenet512/val/n04392985/ILSVRC2012_val_00029455.JPEG reached epsilon at step 960, loss sum: 145.4269, final loss: 0.00099468, weight distance: 0.0442
2025-09-23 04:23:08,300 - INFO - Example /home/projects/bagon/shared/imagenet512/val/n04522168/ILSVRC2012_val_00046271.JPEG reached epsilon at step 461, loss sum: 60.3871, final loss: 0.00099850, weight distance: 0.0203
2025-09-23 04:23:36,478 - INFO - Example /home/projects/bagon/shared/imagenet512/val/n03637318/ILSVRC2012_val_00047460.JPEG reached epsilon at step 535, loss sum: 82.2574, final loss: 0.00099277, weight distance: 0.0280
2025-09-23 04:24:00,780 - INFO - Example /home/projects/bagon/shared/imagenet512/val/n03534580/ILSVRC2012_val_00042152.JPEG reached epsilon at step 425, loss sum: 316.8906, final loss: 0.00099277, weight distance: 0.0220
2025-09-23 04:24:34,688 - INFO - Example /home/projects/bagon/shared/imagenet512/val/n07583066/ILSVRC2012_val_00038089.JPEG reached epsilon at step 640, loss sum: 77.7808, final loss: 0.00099754, weight distance: 0.0354
2025-09-23 04:25:09,266 - INFO - Example /home/projects/bagon/shared/imagenet512/val/n03933933/ILSVRC2012_val_00040499.JPEG reached epsilon at step 662, loss sum: 89.8682, final loss: 0.00098991, weight distance: 0.0145
2025-09-23 04:28:52,815 - INFO - Example /home/projects/bagon/shared/imagenet512/val/n01667114/ILSVRC2012_val_00016550.JPEG reached epsilon at step 4350, loss sum: 388.7453, final loss: 0.00099754, weight distance: 0.0378
2025-09-23 04:29:20,225 - INFO - Example /home/projects/bagon/shared/imagenet512/val/n02108089/ILSVRC2012_val_00023231.JPEG reached epsilon at step 515, loss sum: 312.0582, final loss: 0.00099850, weight distance: 0.0295
2025-09-23 04:29:39,899 - INFO - Example /home/projects/bagon/shared/imagenet512/val/n04033901/ILSVRC2012_val_00003041.JPEG reached epsilon at step 368, loss sum: 42.0416, final loss: 0.00099468, weight distance: 0.0144
2025-09-23 04:30:05,044 - INFO - Example /home/projects/bagon/shared/imagenet512/val/n02640242/ILSVRC2012_val_00032922.JPEG reached epsilon at step 475, loss sum: 124.6247, final loss: 0.00099659, weight distance: 0.0287
2025-09-23 04:30:26,794 - INFO - Example /home/projects/bagon/shared/imagenet512/val/n07695742/ILSVRC2012_val_00004195.JPEG reached epsilon at step 408, loss sum: 179.4727, final loss: 0.00099659, weight distance: 0.0223
2025-09-23 04:30:48,514 - INFO - Example /home/projects/bagon/shared/imagenet512/val/n02018795/ILSVRC2012_val_00044999.JPEG reached epsilon at step 409, loss sum: 219.1851, final loss: 0.00099945, weight distance: 0.0195
2025-09-23 04:31:05,675 - INFO - Example /home/projects/bagon/shared/imagenet512/val/n04525038/ILSVRC2012_val_00036415.JPEG reached epsilon at step 320, loss sum: 348.9835, final loss: 0.00098991, weight distance: 0.0231
2025-09-23 04:31:23,214 - INFO - Example /home/projects/bagon/shared/imagenet512/val/n03796401/ILSVRC2012_val_00000365.JPEG reached epsilon at step 327, loss sum: 86.4429, final loss: 0.00099754, weight distance: 0.0231
2025-09-23 04:31:41,243 - INFO - Example /home/projects/bagon/shared/imagenet512/val/n09193705/ILSVRC2012_val_00027422.JPEG reached epsilon at step 331, loss sum: 55.6528, final loss: 0.00099754, weight distance: 0.0197
2025-09-23 04:32:08,759 - INFO - Example /home/projects/bagon/shared/imagenet512/val/n04493381/ILSVRC2012_val_00006781.JPEG reached epsilon at step 520, loss sum: 70.5535, final loss: 0.00099182, weight distance: 0.0309
2025-09-23 04:33:06,738 - INFO - Example /home/projects/bagon/shared/imagenet512/val/n04270147/ILSVRC2012_val_00028618.JPEG reached epsilon at step 1112, loss sum: 132.6466, final loss: 0.00099754, weight distance: 0.0185
2025-09-23 04:33:18,334 - INFO - Example /home/projects/bagon/shared/imagenet512/val/n07932039/ILSVRC2012_val_00017072.JPEG reached epsilon at step 208, loss sum: 82.0182, final loss: 0.00098228, weight distance: 0.0135
2025-09-23 04:33:31,737 - INFO - Example /home/projects/bagon/shared/imagenet512/val/n02910353/ILSVRC2012_val_00028342.JPEG reached epsilon at step 247, loss sum: 115.8587, final loss: 0.00098991, weight distance: 0.0181
2025-09-23 04:33:46,982 - INFO - Example /home/projects/bagon/shared/imagenet512/val/n02088632/ILSVRC2012_val_00032000.JPEG reached epsilon at step 280, loss sum: 111.2982, final loss: 0.00098991, weight distance: 0.0184
2025-09-23 04:35:44,920 - INFO - Example /home/projects/bagon/shared/imagenet512/val/n03690938/ILSVRC2012_val_00003466.JPEG reached epsilon at step 2299, loss sum: 126.8741, final loss: 0.00099659, weight distance: 0.0204
2025-09-23 04:36:00,285 - INFO - Example /home/projects/bagon/shared/imagenet512/val/n03476991/ILSVRC2012_val_00039891.JPEG reached epsilon at step 283, loss sum: 469.0649, final loss: 0.00099754, weight distance: 0.0167
2025-09-23 04:36:32,933 - INFO - Example /home/projects/bagon/shared/imagenet512/val/n02443114/ILSVRC2012_val_00030469.JPEG reached epsilon at step 624, loss sum: 75.1393, final loss: 0.00099659, weight distance: 0.0316
2025-09-23 04:36:54,643 - INFO - Example /home/projects/bagon/shared/imagenet512/val/n02363005/ILSVRC2012_val_00028074.JPEG reached epsilon at step 411, loss sum: 68.4447, final loss: 0.00099754, weight distance: 0.0234
2025-09-23 04:37:20,012 - INFO - Example /home/projects/bagon/shared/imagenet512/val/n01985128/ILSVRC2012_val_00025521.JPEG reached epsilon at step 482, loss sum: 126.6202, final loss: 0.00099468, weight distance: 0.0267
2025-09-23 04:37:51,601 - INFO - Example /home/projects/bagon/shared/imagenet512/val/n02483708/ILSVRC2012_val_00022740.JPEG reached epsilon at step 606, loss sum: 89.6522, final loss: 0.00099754, weight distance: 0.0227
2025-09-23 04:38:13,157 - INFO - Example /home/projects/bagon/shared/imagenet512/val/n01980166/ILSVRC2012_val_00000818.JPEG reached epsilon at step 410, loss sum: 120.4903, final loss: 0.00099659, weight distance: 0.0201
2025-09-23 04:38:30,661 - INFO - Example /home/projects/bagon/shared/imagenet512/val/n02966687/ILSVRC2012_val_00025709.JPEG reached epsilon at step 329, loss sum: 95.7119, final loss: 0.00099850, weight distance: 0.0168
2025-09-23 04:39:10,700 - INFO - Example /home/projects/bagon/shared/imagenet512/val/n03782006/ILSVRC2012_val_00018187.JPEG reached epsilon at step 772, loss sum: 143.3684, final loss: 0.00099373, weight distance: 0.0409
2025-09-23 04:39:42,650 - INFO - Example /home/projects/bagon/shared/imagenet512/val/n03063599/ILSVRC2012_val_00010857.JPEG reached epsilon at step 615, loss sum: 179.8237, final loss: 0.00099850, weight distance: 0.0266
2025-09-23 04:40:03,883 - INFO - Example /home/projects/bagon/shared/imagenet512/val/n02526121/ILSVRC2012_val_00042915.JPEG reached epsilon at step 403, loss sum: 138.6677, final loss: 0.00099754, weight distance: 0.0258
2025-09-23 04:41:55,452 - INFO - Example /home/projects/bagon/shared/imagenet512/val/n01682714/ILSVRC2012_val_00042070.JPEG reached epsilon at step 2167, loss sum: 223.2211, final loss: 0.00099850, weight distance: 0.0315
2025-09-23 04:42:33,134 - INFO - Example /home/projects/bagon/shared/imagenet512/val/n02422699/ILSVRC2012_val_00025116.JPEG reached epsilon at step 725, loss sum: 70.4223, final loss: 0.00099945, weight distance: 0.0343
2025-09-23 04:44:07,649 - INFO - Example /home/projects/bagon/shared/imagenet512/val/n01698640/ILSVRC2012_val_00007238.JPEG reached epsilon at step 1841, loss sum: 109.0506, final loss: 0.00099659, weight distance: 0.0148
2025-09-23 04:44:48,295 - INFO - Example /home/projects/bagon/shared/imagenet512/val/n03773504/ILSVRC2012_val_00010189.JPEG reached epsilon at step 781, loss sum: 66.9598, final loss: 0.00099850, weight distance: 0.0335
2025-09-23 04:45:07,458 - INFO - Example /home/projects/bagon/shared/imagenet512/val/n02493793/ILSVRC2012_val_00045444.JPEG reached epsilon at step 362, loss sum: 30.7490, final loss: 0.00099945, weight distance: 0.0223
2025-09-23 04:45:25,825 - INFO - Example /home/projects/bagon/shared/imagenet512/val/n03179701/ILSVRC2012_val_00032302.JPEG reached epsilon at step 343, loss sum: 83.5558, final loss: 0.00099373, weight distance: 0.0193
2025-09-23 04:46:03,496 - INFO - Example /home/projects/bagon/shared/imagenet512/val/n04008634/ILSVRC2012_val_00014988.JPEG reached epsilon at step 722, loss sum: 61.8884, final loss: 0.00099945, weight distance: 0.0297
2025-09-23 04:46:17,580 - INFO - Example /home/projects/bagon/shared/imagenet512/val/n04479046/ILSVRC2012_val_00043734.JPEG reached epsilon at step 259, loss sum: 142.6034, final loss: 0.00098705, weight distance: 0.0184
2025-09-23 04:46:32,685 - INFO - Example /home/projects/bagon/shared/imagenet512/val/n03355925/ILSVRC2012_val_00001962.JPEG reached epsilon at step 272, loss sum: 57.1104, final loss: 0.00099468, weight distance: 0.0157
2025-09-23 04:47:38,196 - INFO - Example /home/projects/bagon/shared/imagenet512/val/n03017168/ILSVRC2012_val_00035306.JPEG reached epsilon at step 1269, loss sum: 692.1051, final loss: 0.00099277, weight distance: 0.0219
2025-09-23 04:47:54,846 - INFO - Example /home/projects/bagon/shared/imagenet512/val/n03443371/ILSVRC2012_val_00017478.JPEG reached epsilon at step 296, loss sum: 5.2361, final loss: 0.00099564, weight distance: 0.0125
2025-09-23 04:48:32,079 - INFO - Example /home/projects/bagon/shared/imagenet512/val/n06785654/ILSVRC2012_val_00046723.JPEG reached epsilon at step 712, loss sum: 183.9918, final loss: 0.00099754, weight distance: 0.0211
2025-09-23 04:48:52,492 - INFO - Example /home/projects/bagon/shared/imagenet512/val/n02098105/ILSVRC2012_val_00031531.JPEG reached epsilon at step 384, loss sum: 63.1933, final loss: 0.00099564, weight distance: 0.0241
2025-09-23 04:49:08,167 - INFO - Example /home/projects/bagon/shared/imagenet512/val/n03958227/ILSVRC2012_val_00008350.JPEG reached epsilon at step 291, loss sum: 189.0230, final loss: 0.00099277, weight distance: 0.0167
2025-09-23 04:49:28,651 - INFO - Example /home/projects/bagon/shared/imagenet512/val/n04599235/ILSVRC2012_val_00028150.JPEG reached epsilon at step 389, loss sum: 242.6365, final loss: 0.00099659, weight distance: 0.0242
2025-09-23 04:49:53,996 - INFO - Example /home/projects/bagon/shared/imagenet512/val/n03124170/ILSVRC2012_val_00037403.JPEG reached epsilon at step 484, loss sum: 20.1506, final loss: 0.00099659, weight distance: 0.0255
2025-09-23 04:50:07,362 - INFO - Example /home/projects/bagon/shared/imagenet512/val/n03976657/ILSVRC2012_val_00044719.JPEG reached epsilon at step 247, loss sum: 149.9794, final loss: 0.00099564, weight distance: 0.0169
2025-09-23 04:50:33,493 - INFO - Example /home/projects/bagon/shared/imagenet512/val/n02268443/ILSVRC2012_val_00046231.JPEG reached epsilon at step 500, loss sum: 48.6896, final loss: 0.00099754, weight distance: 0.0275
2025-09-23 04:50:55,121 - INFO - Example /home/projects/bagon/shared/imagenet512/val/n03125729/ILSVRC2012_val_00016343.JPEG reached epsilon at step 411, loss sum: 62.0649, final loss: 0.00099468, weight distance: 0.0228
2025-09-23 04:51:13,968 - INFO - Example /home/projects/bagon/shared/imagenet512/val/n03884397/ILSVRC2012_val_00039417.JPEG reached epsilon at step 356, loss sum: 36.3707, final loss: 0.00099277, weight distance: 0.0218
2025-09-23 04:51:32,572 - INFO - Example /home/projects/bagon/shared/imagenet512/val/n03803284/ILSVRC2012_val_00049210.JPEG reached epsilon at step 346, loss sum: 58.1458, final loss: 0.00099564, weight distance: 0.0175
2025-09-23 04:52:01,947 - INFO - Example /home/projects/bagon/shared/imagenet512/val/n04285008/ILSVRC2012_val_00033293.JPEG reached epsilon at step 561, loss sum: 37.3134, final loss: 0.00099468, weight distance: 0.0269
2025-09-23 04:52:23,779 - INFO - Example /home/projects/bagon/shared/imagenet512/val/n03843555/ILSVRC2012_val_00047442.JPEG reached epsilon at step 412, loss sum: 45.4128, final loss: 0.00099850, weight distance: 0.0258
2025-09-23 04:52:49,929 - INFO - Example /home/projects/bagon/shared/imagenet512/val/n04428191/ILSVRC2012_val_00031546.JPEG reached epsilon at step 498, loss sum: 97.2231, final loss: 0.00099373, weight distance: 0.0323
2025-09-23 04:53:10,404 - INFO - Example /home/projects/bagon/shared/imagenet512/val/n03124170/ILSVRC2012_val_00017204.JPEG reached epsilon at step 385, loss sum: 109.4264, final loss: 0.00099754, weight distance: 0.0213
2025-09-23 04:53:27,565 - INFO - Example /home/projects/bagon/shared/imagenet512/val/n04141975/ILSVRC2012_val_00006418.JPEG reached epsilon at step 324, loss sum: 49.1752, final loss: 0.00099277, weight distance: 0.0183
2025-09-23 04:53:41,734 - INFO - Example /home/projects/bagon/shared/imagenet512/val/n03599486/ILSVRC2012_val_00029813.JPEG reached epsilon at step 264, loss sum: 30.6191, final loss: 0.00099945, weight distance: 0.0168
2025-09-23 04:53:59,876 - INFO - Example /home/projects/bagon/shared/imagenet512/val/n03929660/ILSVRC2012_val_00022149.JPEG reached epsilon at step 326, loss sum: 100.4684, final loss: 0.00099564, weight distance: 0.0189
2025-09-23 04:54:24,370 - INFO - Example /home/projects/bagon/shared/imagenet512/val/n02169497/ILSVRC2012_val_00001539.JPEG reached epsilon at step 468, loss sum: 169.9046, final loss: 0.00099850, weight distance: 0.0249
2025-09-23 04:54:24,994 - INFO - Time limit reached. Exiting before starting next example.
