2025-09-23 03:09:07,009 - INFO - Parsed arguments:
2025-09-23 03:09:07,009 - INFO -   amp_dtype = None
2025-09-23 03:09:07,010 - INFO -   bars_npy = /home/projects/bagon/andreyg/Projects/BMM_school/Universal_learning/Programming/bars/geq6wrong_21017_geq6correct_1525_imagenet.npy
2025-09-23 03:09:07,010 - INFO -   cka_layer_fraction = 0.05
2025-09-23 03:09:07,010 - INFO -   current_worker = 3
2025-09-23 03:09:07,010 - INFO -   deterministic = True
2025-09-23 03:09:07,010 - INFO -   device = cuda
2025-09-23 03:09:07,010 - INFO -   epsilon = 0.001
2025-09-23 03:09:07,010 - INFO -   examples_csv = /home/projects/bagon/andreyg/Projects/BMM_school/Universal_learning/Programming/bars/geq6wrong_21017_geq6correct_1525_imagenet_examples_ammended.csv
2025-09-23 03:09:07,010 - INFO -   explicit_examples_for_training = None
2025-09-23 03:09:07,010 - INFO -   grad_clip_norm = 1.0
2025-09-23 03:09:07,010 - INFO -   hierarchy_json = /home/projects/bagon/andreyg/Projects/BMM_school/Universal_learning/Programming/bars/imagenet_synset_hierarchy.json
2025-09-23 03:09:07,010 - INFO -   imagenet_models_csv = /home/projects/bagon/andreyg/Projects/BMM_school/Universal_learning/Programming/bars/imagenet_models.csv
2025-09-23 03:09:07,010 - INFO -   lr = 0.0001
2025-09-23 03:09:07,010 - INFO -   max_examples = 50000
2025-09-23 03:09:07,010 - INFO -   max_steps_per_example = 10000
2025-09-23 03:09:07,010 - INFO -   model_csv_name = convnext_tiny_224_classification_imagenet_12k_ft_classification_imagenet_1k
2025-09-23 03:09:07,010 - INFO -   model_name = convnext_tiny.in12k_ft_in1k
2025-09-23 03:09:07,010 - INFO -   no_amp = False
2025-09-23 03:09:07,010 - INFO -   num_workers = 8
2025-09-23 03:09:07,010 - INFO -   output_dir = /home/projects/bagon/andreyg/Projects/BMM_school/Universal_learning/Programming/training_gradient_evaluator_single_loss_parallel/output_parallel_8_workers_trial_2
2025-09-23 03:09:07,010 - INFO -   root_dir = None
2025-09-23 03:09:07,010 - INFO -   seed = 1337
2025-09-23 03:09:07,010 - INFO -   time_limit_seconds = 6300
2025-09-23 03:09:07,010 - INFO -   weight_decay = 0.0
2025-09-23 03:09:07,010 - INFO -   zero_aug_train = False
2025-09-23 03:09:08,028 - INFO - Loaded TIMM pretrained weights for convnext_tiny.in12k_ft_in1k
2025-09-23 03:09:08,029 - INFO - pretrained_cfg.url= hf_hub_id=timm/convnext_tiny.in12k_ft_in1k
2025-09-23 03:09:08,343 - INFO - Training configuration:
2025-09-23 03:09:08,343 - INFO -   lr = 0.0001
2025-09-23 03:09:08,343 - INFO -   weight_decay = 0.0
2025-09-23 03:09:08,343 - INFO -   max_steps = 10000
2025-09-23 03:09:08,343 - INFO -   epsilon = 0.001
2025-09-23 03:09:08,343 - INFO -   device = cuda
2025-09-23 03:09:08,344 - INFO -   use_amp = True
2025-09-23 03:09:08,344 - INFO -   amp_dtype = None
2025-09-23 03:09:08,344 - INFO -   gradient_clip_norm = 1.0
2025-09-23 03:09:38,635 - INFO - Example /home/projects/bagon/shared/imagenet512/val/n02843684/ILSVRC2012_val_00005853.JPEG reached epsilon at step 504, loss sum: 63.3373, final loss: 0.00099945, weight distance: 0.0225
2025-09-23 03:09:55,825 - INFO - Example /home/projects/bagon/shared/imagenet512/val/n04525038/ILSVRC2012_val_00029578.JPEG reached epsilon at step 270, loss sum: 240.2100, final loss: 0.00099850, weight distance: 0.0212
2025-09-23 03:10:18,683 - INFO - Example /home/projects/bagon/shared/imagenet512/val/n02490219/ILSVRC2012_val_00045164.JPEG reached epsilon at step 410, loss sum: 47.0200, final loss: 0.00099945, weight distance: 0.0149
2025-09-23 03:10:43,644 - INFO - Example /home/projects/bagon/shared/imagenet512/val/n07892512/ILSVRC2012_val_00034228.JPEG reached epsilon at step 414, loss sum: 42.0622, final loss: 0.00099850, weight distance: 0.0254
2025-09-23 03:10:58,293 - INFO - Example /home/projects/bagon/shared/imagenet512/val/n04254120/ILSVRC2012_val_00014848.JPEG reached epsilon at step 244, loss sum: 9.7469, final loss: 0.00099850, weight distance: 0.0138
2025-09-23 03:11:18,898 - INFO - Example /home/projects/bagon/shared/imagenet512/val/n03954731/ILSVRC2012_val_00038970.JPEG reached epsilon at step 366, loss sum: 48.9508, final loss: 0.00099373, weight distance: 0.0210
2025-09-23 03:11:39,007 - INFO - Example /home/projects/bagon/shared/imagenet512/val/n03961711/ILSVRC2012_val_00027388.JPEG reached epsilon at step 354, loss sum: 50.4032, final loss: 0.00099468, weight distance: 0.0195
2025-09-23 03:12:01,575 - INFO - Example /home/projects/bagon/shared/imagenet512/val/n03201208/ILSVRC2012_val_00013938.JPEG reached epsilon at step 402, loss sum: 63.6321, final loss: 0.00099564, weight distance: 0.0204
2025-09-23 03:12:26,442 - INFO - Example /home/projects/bagon/shared/imagenet512/val/n07930864/ILSVRC2012_val_00043897.JPEG reached epsilon at step 406, loss sum: 127.5326, final loss: 0.00099564, weight distance: 0.0242
2025-09-23 03:12:45,202 - INFO - Example /home/projects/bagon/shared/imagenet512/val/n02088094/ILSVRC2012_val_00006698.JPEG reached epsilon at step 324, loss sum: 52.8440, final loss: 0.00099945, weight distance: 0.0215
2025-09-23 03:14:57,077 - INFO - Example /home/projects/bagon/shared/imagenet512/val/n02795169/ILSVRC2012_val_00026180.JPEG reached epsilon at step 2323, loss sum: 384.7103, final loss: 0.00098610, weight distance: 0.0204
2025-09-23 03:15:26,364 - INFO - Example /home/projects/bagon/shared/imagenet512/val/n12144580/ILSVRC2012_val_00000632.JPEG reached epsilon at step 495, loss sum: 116.8402, final loss: 0.00099850, weight distance: 0.0310
2025-09-23 03:15:46,167 - INFO - Example /home/projects/bagon/shared/imagenet512/val/n03485794/ILSVRC2012_val_00047363.JPEG reached epsilon at step 307, loss sum: 69.9917, final loss: 0.00099277, weight distance: 0.0181
2025-09-23 03:16:57,375 - INFO - Example /home/projects/bagon/shared/imagenet512/val/n03980874/ILSVRC2012_val_00039869.JPEG reached epsilon at step 1248, loss sum: 500.4738, final loss: 0.00099277, weight distance: 0.0261
2025-09-23 03:17:41,802 - INFO - Example /home/projects/bagon/shared/imagenet512/val/n02113712/ILSVRC2012_val_00002409.JPEG reached epsilon at step 809, loss sum: 133.9227, final loss: 0.00099564, weight distance: 0.0440
2025-09-23 03:17:57,707 - INFO - Example /home/projects/bagon/shared/imagenet512/val/n03871628/ILSVRC2012_val_00017920.JPEG reached epsilon at step 282, loss sum: 39.9815, final loss: 0.00099754, weight distance: 0.0170
2025-09-23 03:18:26,948 - INFO - Example /home/projects/bagon/shared/imagenet512/val/n03476991/ILSVRC2012_val_00040181.JPEG reached epsilon at step 532, loss sum: 6.4611, final loss: 0.00099468, weight distance: 0.0091
2025-09-23 03:19:00,601 - INFO - Example /home/projects/bagon/shared/imagenet512/val/n03866082/ILSVRC2012_val_00038100.JPEG reached epsilon at step 591, loss sum: 98.0044, final loss: 0.00099754, weight distance: 0.0243
2025-09-23 03:19:19,380 - INFO - Example /home/projects/bagon/shared/imagenet512/val/n04456115/ILSVRC2012_val_00005671.JPEG reached epsilon at step 218, loss sum: 27.5883, final loss: 0.00098896, weight distance: 0.0132
2025-09-23 03:19:48,042 - INFO - Example /home/projects/bagon/shared/imagenet512/val/n02206856/ILSVRC2012_val_00043768.JPEG reached epsilon at step 423, loss sum: 183.5556, final loss: 0.00099373, weight distance: 0.0224
2025-09-23 03:20:53,934 - INFO - Example /home/projects/bagon/shared/imagenet512/val/n03773504/ILSVRC2012_val_00023537.JPEG reached epsilon at step 1166, loss sum: 80.8517, final loss: 0.00099945, weight distance: 0.0460
2025-09-23 03:21:33,507 - INFO - Example /home/projects/bagon/shared/imagenet512/val/n03947888/ILSVRC2012_val_00040013.JPEG reached epsilon at step 528, loss sum: 149.3198, final loss: 0.00099468, weight distance: 0.0232
2025-09-23 03:21:58,885 - INFO - Example /home/projects/bagon/shared/imagenet512/val/n03249569/ILSVRC2012_val_00041539.JPEG reached epsilon at step 449, loss sum: 83.3058, final loss: 0.00099564, weight distance: 0.0232
2025-09-23 03:22:25,972 - INFO - Example /home/projects/bagon/shared/imagenet512/val/n03691459/ILSVRC2012_val_00025560.JPEG reached epsilon at step 490, loss sum: 171.5020, final loss: 0.00099850, weight distance: 0.0167
2025-09-23 03:22:57,079 - INFO - Example /home/projects/bagon/shared/imagenet512/val/n03016953/ILSVRC2012_val_00026319.JPEG reached epsilon at step 507, loss sum: 102.6212, final loss: 0.00099373, weight distance: 0.0229
2025-09-23 03:23:19,954 - INFO - Example /home/projects/bagon/shared/imagenet512/val/n03769881/ILSVRC2012_val_00035663.JPEG reached epsilon at step 321, loss sum: 103.0107, final loss: 0.00098705, weight distance: 0.0216
2025-09-23 03:23:41,429 - INFO - Example /home/projects/bagon/shared/imagenet512/val/n03481172/ILSVRC2012_val_00020721.JPEG reached epsilon at step 351, loss sum: 91.9756, final loss: 0.00099850, weight distance: 0.0212
2025-09-23 03:24:31,876 - INFO - Example /home/projects/bagon/shared/imagenet512/val/n02804414/ILSVRC2012_val_00024565.JPEG reached epsilon at step 856, loss sum: 48.8285, final loss: 0.00099754, weight distance: 0.0401
2025-09-23 03:24:50,739 - INFO - Example /home/projects/bagon/shared/imagenet512/val/n03297495/ILSVRC2012_val_00033095.JPEG reached epsilon at step 335, loss sum: 60.0817, final loss: 0.00099277, weight distance: 0.0215
2025-09-23 03:25:05,050 - INFO - Example /home/projects/bagon/shared/imagenet512/val/n03770439/ILSVRC2012_val_00032294.JPEG reached epsilon at step 252, loss sum: 92.7118, final loss: 0.00099468, weight distance: 0.0137
2025-09-23 03:25:23,988 - INFO - Example /home/projects/bagon/shared/imagenet512/val/n04590129/ILSVRC2012_val_00030682.JPEG reached epsilon at step 270, loss sum: 196.0633, final loss: 0.00098515, weight distance: 0.0177
2025-09-23 03:25:44,422 - INFO - Example /home/projects/bagon/shared/imagenet512/val/n03871628/ILSVRC2012_val_00045375.JPEG reached epsilon at step 353, loss sum: 191.8602, final loss: 0.00099373, weight distance: 0.0260
2025-09-23 03:26:11,793 - INFO - Example /home/projects/bagon/shared/imagenet512/val/n07747607/ILSVRC2012_val_00033807.JPEG reached epsilon at step 498, loss sum: 253.6017, final loss: 0.00099277, weight distance: 0.0275
2025-09-23 03:26:18,289 - INFO - Example /home/projects/bagon/shared/imagenet512/val/n10148035/ILSVRC2012_val_00031852.JPEG reached epsilon at step 106, loss sum: 3.1429, final loss: 0.00099468, weight distance: 0.0065
2025-09-23 03:26:55,907 - INFO - Example /home/projects/bagon/shared/imagenet512/val/n01773549/ILSVRC2012_val_00013797.JPEG reached epsilon at step 686, loss sum: 56.0587, final loss: 0.00099659, weight distance: 0.0310
2025-09-23 03:27:14,323 - INFO - Example /home/projects/bagon/shared/imagenet512/val/n04265275/ILSVRC2012_val_00028508.JPEG reached epsilon at step 323, loss sum: 192.4798, final loss: 0.00099945, weight distance: 0.0202
2025-09-23 03:27:58,048 - INFO - Example /home/projects/bagon/shared/imagenet512/val/n03180011/ILSVRC2012_val_00013776.JPEG reached epsilon at step 785, loss sum: 96.8904, final loss: 0.00099564, weight distance: 0.0210
2025-09-23 03:28:51,812 - INFO - Example /home/projects/bagon/shared/imagenet512/val/n04532106/ILSVRC2012_val_00019983.JPEG reached epsilon at step 992, loss sum: 185.3918, final loss: 0.00099945, weight distance: 0.0298
2025-09-23 03:29:33,969 - INFO - Example /home/projects/bagon/shared/imagenet512/val/n02104029/ILSVRC2012_val_00020132.JPEG reached epsilon at step 705, loss sum: 44.9385, final loss: 0.00099373, weight distance: 0.0197
2025-09-23 03:30:23,570 - INFO - Example /home/projects/bagon/shared/imagenet512/val/n04483307/ILSVRC2012_val_00014691.JPEG reached epsilon at step 849, loss sum: 135.6191, final loss: 0.00099850, weight distance: 0.0387
2025-09-23 03:30:43,697 - INFO - Example /home/projects/bagon/shared/imagenet512/val/n03124170/ILSVRC2012_val_00040779.JPEG reached epsilon at step 361, loss sum: 236.2583, final loss: 0.00099564, weight distance: 0.0224
2025-09-23 03:31:12,933 - INFO - Example /home/projects/bagon/shared/imagenet512/val/n13037406/ILSVRC2012_val_00017984.JPEG reached epsilon at step 494, loss sum: 59.3175, final loss: 0.00099468, weight distance: 0.0266
2025-09-23 03:31:41,154 - INFO - Example /home/projects/bagon/shared/imagenet512/val/n02089078/ILSVRC2012_val_00025466.JPEG reached epsilon at step 424, loss sum: 50.7166, final loss: 0.00099564, weight distance: 0.0208
2025-09-23 03:32:14,331 - INFO - Example /home/projects/bagon/shared/imagenet512/val/n02669723/ILSVRC2012_val_00016186.JPEG reached epsilon at step 606, loss sum: 72.9733, final loss: 0.00099850, weight distance: 0.0309
2025-09-23 03:32:55,607 - INFO - Example /home/projects/bagon/shared/imagenet512/val/n03710721/ILSVRC2012_val_00020057.JPEG reached epsilon at step 758, loss sum: 89.0881, final loss: 0.00099850, weight distance: 0.0387
2025-09-23 03:33:15,014 - INFO - Example /home/projects/bagon/shared/imagenet512/val/n02443114/ILSVRC2012_val_00012633.JPEG reached epsilon at step 344, loss sum: 56.1591, final loss: 0.00099754, weight distance: 0.0195
2025-09-23 03:33:34,919 - INFO - Example /home/projects/bagon/shared/imagenet512/val/n04435653/ILSVRC2012_val_00020316.JPEG reached epsilon at step 357, loss sum: 106.3391, final loss: 0.00099945, weight distance: 0.0236
2025-09-23 03:33:48,706 - INFO - Example /home/projects/bagon/shared/imagenet512/val/n03075370/ILSVRC2012_val_00038524.JPEG reached epsilon at step 242, loss sum: 131.3124, final loss: 0.00099659, weight distance: 0.0144
2025-09-23 03:34:11,185 - INFO - Example /home/projects/bagon/shared/imagenet512/val/n10565667/ILSVRC2012_val_00022622.JPEG reached epsilon at step 377, loss sum: 119.9506, final loss: 0.00099754, weight distance: 0.0231
2025-09-23 03:35:04,020 - INFO - Example /home/projects/bagon/shared/imagenet512/val/n07711569/ILSVRC2012_val_00042025.JPEG reached epsilon at step 977, loss sum: 216.3855, final loss: 0.00099468, weight distance: 0.0217
2025-09-23 03:35:20,352 - INFO - Example /home/projects/bagon/shared/imagenet512/val/n03450230/ILSVRC2012_val_00037828.JPEG reached epsilon at step 292, loss sum: 29.5586, final loss: 0.00099850, weight distance: 0.0150
2025-09-23 03:36:02,408 - INFO - Example /home/projects/bagon/shared/imagenet512/val/n02895154/ILSVRC2012_val_00020007.JPEG reached epsilon at step 774, loss sum: 92.0434, final loss: 0.00099659, weight distance: 0.0264
2025-09-23 03:36:21,862 - INFO - Example /home/projects/bagon/shared/imagenet512/val/n02091134/ILSVRC2012_val_00023235.JPEG reached epsilon at step 351, loss sum: 149.4348, final loss: 0.00099754, weight distance: 0.0203
2025-09-23 03:36:40,596 - INFO - Example /home/projects/bagon/shared/imagenet512/val/n04399382/ILSVRC2012_val_00017395.JPEG reached epsilon at step 336, loss sum: 103.7269, final loss: 0.00099850, weight distance: 0.0217
2025-09-23 03:36:55,314 - INFO - Example /home/projects/bagon/shared/imagenet512/val/n01496331/ILSVRC2012_val_00009518.JPEG reached epsilon at step 243, loss sum: 31.0346, final loss: 0.00099468, weight distance: 0.0160
2025-09-23 03:37:16,997 - INFO - Example /home/projects/bagon/shared/imagenet512/val/n04254777/ILSVRC2012_val_00027732.JPEG reached epsilon at step 383, loss sum: 44.6503, final loss: 0.00099564, weight distance: 0.0234
2025-09-23 03:37:41,324 - INFO - Example /home/projects/bagon/shared/imagenet512/val/n03929660/ILSVRC2012_val_00047770.JPEG reached epsilon at step 439, loss sum: 35.4744, final loss: 0.00099945, weight distance: 0.0314
2025-09-23 03:38:07,513 - INFO - Example /home/projects/bagon/shared/imagenet512/val/n03481172/ILSVRC2012_val_00047166.JPEG reached epsilon at step 444, loss sum: 8.1676, final loss: 0.00099564, weight distance: 0.0232
2025-09-23 03:38:23,827 - INFO - Example /home/projects/bagon/shared/imagenet512/val/n04501370/ILSVRC2012_val_00002807.JPEG reached epsilon at step 266, loss sum: 215.2169, final loss: 0.00099754, weight distance: 0.0152
2025-09-23 03:38:47,457 - INFO - Example /home/projects/bagon/shared/imagenet512/val/n07749582/ILSVRC2012_val_00038212.JPEG reached epsilon at step 425, loss sum: 71.0872, final loss: 0.00099850, weight distance: 0.0245
2025-09-23 03:39:46,119 - INFO - Example /home/projects/bagon/shared/imagenet512/val/n03637318/ILSVRC2012_val_00001257.JPEG reached epsilon at step 1079, loss sum: 123.6796, final loss: 0.00099277, weight distance: 0.0193
2025-09-23 03:40:21,117 - INFO - Example /home/projects/bagon/shared/imagenet512/val/n02749479/ILSVRC2012_val_00040754.JPEG reached epsilon at step 614, loss sum: 55.3565, final loss: 0.00099659, weight distance: 0.0333
2025-09-23 03:40:58,399 - INFO - Example /home/projects/bagon/shared/imagenet512/val/n03832673/ILSVRC2012_val_00015715.JPEG reached epsilon at step 662, loss sum: 167.6998, final loss: 0.00099564, weight distance: 0.0391
2025-09-23 03:41:37,141 - INFO - Example /home/projects/bagon/shared/imagenet512/val/n02980441/ILSVRC2012_val_00027848.JPEG reached epsilon at step 708, loss sum: 35.3427, final loss: 0.00099373, weight distance: 0.0319
2025-09-23 03:41:59,713 - INFO - Example /home/projects/bagon/shared/imagenet512/val/n04070727/ILSVRC2012_val_00000331.JPEG reached epsilon at step 390, loss sum: 171.5235, final loss: 0.00099754, weight distance: 0.0235
2025-09-23 03:42:35,981 - INFO - Example /home/projects/bagon/shared/imagenet512/val/n02676566/ILSVRC2012_val_00028353.JPEG reached epsilon at step 587, loss sum: 134.1072, final loss: 0.00099659, weight distance: 0.0295
2025-09-23 03:42:59,737 - INFO - Example /home/projects/bagon/shared/imagenet512/val/n03837869/ILSVRC2012_val_00043384.JPEG reached epsilon at step 430, loss sum: 100.9796, final loss: 0.00099945, weight distance: 0.0247
2025-09-23 03:43:13,789 - INFO - Example /home/projects/bagon/shared/imagenet512/val/n03041632/ILSVRC2012_val_00009160.JPEG reached epsilon at step 245, loss sum: 36.0536, final loss: 0.00099277, weight distance: 0.0166
2025-09-23 03:43:33,574 - INFO - Example /home/projects/bagon/shared/imagenet512/val/n04592741/ILSVRC2012_val_00001901.JPEG reached epsilon at step 292, loss sum: 42.6345, final loss: 0.00099468, weight distance: 0.0185
2025-09-23 03:43:58,317 - INFO - Example /home/projects/bagon/shared/imagenet512/val/n04532670/ILSVRC2012_val_00044720.JPEG reached epsilon at step 303, loss sum: 18.3349, final loss: 0.00099850, weight distance: 0.0183
2025-09-23 03:44:48,137 - INFO - Example /home/projects/bagon/shared/imagenet512/val/n01773549/ILSVRC2012_val_00028677.JPEG reached epsilon at step 915, loss sum: 98.2954, final loss: 0.00099564, weight distance: 0.0273
2025-09-23 03:45:18,207 - INFO - Example /home/projects/bagon/shared/imagenet512/val/n03485407/ILSVRC2012_val_00040501.JPEG reached epsilon at step 546, loss sum: 172.0043, final loss: 0.00099468, weight distance: 0.0293
2025-09-23 03:45:42,681 - INFO - Example /home/projects/bagon/shared/imagenet512/val/n01665541/ILSVRC2012_val_00030406.JPEG reached epsilon at step 440, loss sum: 45.5360, final loss: 0.00099754, weight distance: 0.0280
2025-09-23 03:46:13,584 - INFO - Example /home/projects/bagon/shared/imagenet512/val/n03950228/ILSVRC2012_val_00013590.JPEG reached epsilon at step 547, loss sum: 54.3646, final loss: 0.00099945, weight distance: 0.0211
2025-09-23 03:46:42,263 - INFO - Example /home/projects/bagon/shared/imagenet512/val/n02795169/ILSVRC2012_val_00002986.JPEG reached epsilon at step 519, loss sum: 115.9316, final loss: 0.00099373, weight distance: 0.0304
2025-09-23 03:47:25,671 - INFO - Example /home/projects/bagon/shared/imagenet512/val/n02825657/ILSVRC2012_val_00004824.JPEG reached epsilon at step 794, loss sum: 137.9886, final loss: 0.00099182, weight distance: 0.0340
2025-09-23 03:48:17,421 - INFO - Example /home/projects/bagon/shared/imagenet512/val/n04398044/ILSVRC2012_val_00013473.JPEG reached epsilon at step 893, loss sum: 29.0416, final loss: 0.00099277, weight distance: 0.0317
2025-09-23 03:48:46,626 - INFO - Example /home/projects/bagon/shared/imagenet512/val/n02669723/ILSVRC2012_val_00019360.JPEG reached epsilon at step 456, loss sum: 70.4389, final loss: 0.00099945, weight distance: 0.0240
2025-09-23 03:49:05,369 - INFO - Example /home/projects/bagon/shared/imagenet512/val/n03595614/ILSVRC2012_val_00000282.JPEG reached epsilon at step 335, loss sum: 51.8916, final loss: 0.00099277, weight distance: 0.0190
2025-09-23 03:49:32,987 - INFO - Example /home/projects/bagon/shared/imagenet512/val/n02106030/ILSVRC2012_val_00046531.JPEG reached epsilon at step 480, loss sum: 55.3742, final loss: 0.00099754, weight distance: 0.0264
2025-09-23 03:49:46,474 - INFO - Example /home/projects/bagon/shared/imagenet512/val/n03982430/ILSVRC2012_val_00033709.JPEG reached epsilon at step 234, loss sum: 109.1727, final loss: 0.00099945, weight distance: 0.0130
2025-09-23 03:50:10,889 - INFO - Example /home/projects/bagon/shared/imagenet512/val/n02641379/ILSVRC2012_val_00019691.JPEG reached epsilon at step 443, loss sum: 213.3368, final loss: 0.00099850, weight distance: 0.0241
2025-09-23 03:50:29,586 - INFO - Example /home/projects/bagon/shared/imagenet512/val/n03657121/ILSVRC2012_val_00029193.JPEG reached epsilon at step 314, loss sum: 72.3158, final loss: 0.00099754, weight distance: 0.0215
2025-09-23 03:50:57,726 - INFO - Example /home/projects/bagon/shared/imagenet512/val/n02226429/ILSVRC2012_val_00023689.JPEG reached epsilon at step 511, loss sum: 90.8962, final loss: 0.00099754, weight distance: 0.0275
2025-09-23 03:51:21,757 - INFO - Example /home/projects/bagon/shared/imagenet512/val/n07684084/ILSVRC2012_val_00013349.JPEG reached epsilon at step 434, loss sum: 221.9808, final loss: 0.00099659, weight distance: 0.0253
2025-09-23 03:51:59,920 - INFO - Example /home/projects/bagon/shared/imagenet512/val/n02090721/ILSVRC2012_val_00008739.JPEG reached epsilon at step 700, loss sum: 103.2140, final loss: 0.00099373, weight distance: 0.0373
2025-09-23 03:52:30,984 - INFO - Example /home/projects/bagon/shared/imagenet512/val/n03995372/ILSVRC2012_val_00002458.JPEG reached epsilon at step 478, loss sum: 280.7845, final loss: 0.00099564, weight distance: 0.0305
2025-09-23 03:53:02,318 - INFO - Example /home/projects/bagon/shared/imagenet512/val/n04428191/ILSVRC2012_val_00036974.JPEG reached epsilon at step 571, loss sum: 134.2166, final loss: 0.00099468, weight distance: 0.0298
2025-09-23 03:53:28,248 - INFO - Example /home/projects/bagon/shared/imagenet512/val/n02094258/ILSVRC2012_val_00024664.JPEG reached epsilon at step 468, loss sum: 181.4649, final loss: 0.00099373, weight distance: 0.0292
2025-09-23 03:54:11,203 - INFO - Example /home/projects/bagon/shared/imagenet512/val/n01914609/ILSVRC2012_val_00022969.JPEG reached epsilon at step 784, loss sum: 105.3365, final loss: 0.00099373, weight distance: 0.0322
2025-09-23 03:54:22,983 - INFO - Example /home/projects/bagon/shared/imagenet512/val/n02098413/ILSVRC2012_val_00048379.JPEG reached epsilon at step 206, loss sum: 18.4812, final loss: 0.00099850, weight distance: 0.0120
2025-09-23 03:54:44,062 - INFO - Example /home/projects/bagon/shared/imagenet512/val/n02837789/ILSVRC2012_val_00031139.JPEG reached epsilon at step 380, loss sum: 85.5309, final loss: 0.00099754, weight distance: 0.0197
2025-09-23 03:55:16,458 - INFO - Example /home/projects/bagon/shared/imagenet512/val/n04356056/ILSVRC2012_val_00032562.JPEG reached epsilon at step 582, loss sum: 279.6838, final loss: 0.00099945, weight distance: 0.0343
2025-09-23 03:55:40,566 - INFO - Example /home/projects/bagon/shared/imagenet512/val/n02109525/ILSVRC2012_val_00045060.JPEG reached epsilon at step 433, loss sum: 149.8908, final loss: 0.00099277, weight distance: 0.0271
2025-09-23 03:56:14,640 - INFO - Example /home/projects/bagon/shared/imagenet512/val/n04008634/ILSVRC2012_val_00014476.JPEG reached epsilon at step 621, loss sum: 244.9605, final loss: 0.00099277, weight distance: 0.0249
2025-09-23 03:56:40,187 - INFO - Example /home/projects/bagon/shared/imagenet512/val/n03832673/ILSVRC2012_val_00040046.JPEG reached epsilon at step 462, loss sum: 64.8210, final loss: 0.00099754, weight distance: 0.0273
2025-09-23 03:56:54,931 - INFO - Example /home/projects/bagon/shared/imagenet512/val/n02892767/ILSVRC2012_val_00003067.JPEG reached epsilon at step 260, loss sum: 136.9278, final loss: 0.00099754, weight distance: 0.0184
2025-09-23 03:57:13,013 - INFO - Example /home/projects/bagon/shared/imagenet512/val/n03724870/ILSVRC2012_val_00007992.JPEG reached epsilon at step 264, loss sum: 61.5576, final loss: 0.00099659, weight distance: 0.0162
2025-09-23 03:57:29,625 - INFO - Example /home/projects/bagon/shared/imagenet512/val/n13052670/ILSVRC2012_val_00013612.JPEG reached epsilon at step 280, loss sum: 38.0662, final loss: 0.00099754, weight distance: 0.0186
2025-09-23 03:57:53,542 - INFO - Example /home/projects/bagon/shared/imagenet512/val/n03814639/ILSVRC2012_val_00004297.JPEG reached epsilon at step 432, loss sum: 530.8958, final loss: 0.00099564, weight distance: 0.0259
2025-09-23 03:58:14,555 - INFO - Example /home/projects/bagon/shared/imagenet512/val/n02011460/ILSVRC2012_val_00009672.JPEG reached epsilon at step 377, loss sum: 86.9192, final loss: 0.00099850, weight distance: 0.0196
2025-09-23 03:58:28,702 - INFO - Example /home/projects/bagon/shared/imagenet512/val/n02493509/ILSVRC2012_val_00010663.JPEG reached epsilon at step 249, loss sum: 25.3730, final loss: 0.00099373, weight distance: 0.0142
2025-09-23 03:58:45,753 - INFO - Example /home/projects/bagon/shared/imagenet512/val/n03126707/ILSVRC2012_val_00035122.JPEG reached epsilon at step 302, loss sum: 184.0941, final loss: 0.00099468, weight distance: 0.0174
2025-09-23 03:59:15,355 - INFO - Example /home/projects/bagon/shared/imagenet512/val/n01514859/ILSVRC2012_val_00032162.JPEG reached epsilon at step 511, loss sum: 65.4534, final loss: 0.00099850, weight distance: 0.0252
2025-09-23 04:00:38,499 - INFO - Example /home/projects/bagon/shared/imagenet512/val/n04356056/ILSVRC2012_val_00023754.JPEG reached epsilon at step 1538, loss sum: 232.8953, final loss: 0.00099277, weight distance: 0.0342
2025-09-23 04:00:53,844 - INFO - Example /home/projects/bagon/shared/imagenet512/val/n03908714/ILSVRC2012_val_00046578.JPEG reached epsilon at step 270, loss sum: 271.3960, final loss: 0.00099850, weight distance: 0.0185
2025-09-23 04:01:11,432 - INFO - Example /home/projects/bagon/shared/imagenet512/val/n04579432/ILSVRC2012_val_00031012.JPEG reached epsilon at step 314, loss sum: 111.5421, final loss: 0.00099754, weight distance: 0.0217
2025-09-23 04:01:28,984 - INFO - Example /home/projects/bagon/shared/imagenet512/val/n02087046/ILSVRC2012_val_00038974.JPEG reached epsilon at step 311, loss sum: 32.0118, final loss: 0.00099373, weight distance: 0.0170
2025-09-23 04:02:08,066 - INFO - Example /home/projects/bagon/shared/imagenet512/val/n02979186/ILSVRC2012_val_00033397.JPEG reached epsilon at step 708, loss sum: 113.3325, final loss: 0.00099850, weight distance: 0.0363
2025-09-23 04:02:25,025 - INFO - Example /home/projects/bagon/shared/imagenet512/val/n07836838/ILSVRC2012_val_00017267.JPEG reached epsilon at step 298, loss sum: 272.3715, final loss: 0.00099850, weight distance: 0.0207
2025-09-23 04:03:05,408 - INFO - Example /home/projects/bagon/shared/imagenet512/val/n01682714/ILSVRC2012_val_00040616.JPEG reached epsilon at step 742, loss sum: 78.2023, final loss: 0.00099754, weight distance: 0.0329
2025-09-23 04:04:21,879 - INFO - Example /home/projects/bagon/shared/imagenet512/val/n02415577/ILSVRC2012_val_00049704.JPEG reached epsilon at step 1406, loss sum: 88.3290, final loss: 0.00099850, weight distance: 0.0353
2025-09-23 04:04:47,747 - INFO - Example /home/projects/bagon/shared/imagenet512/val/n04133789/ILSVRC2012_val_00019572.JPEG reached epsilon at step 467, loss sum: 101.9101, final loss: 0.00099182, weight distance: 0.0278
2025-09-23 04:05:10,092 - INFO - Example /home/projects/bagon/shared/imagenet512/val/n09428293/ILSVRC2012_val_00009411.JPEG reached epsilon at step 401, loss sum: 58.6581, final loss: 0.00099850, weight distance: 0.0225
2025-09-23 04:05:32,294 - INFO - Example /home/projects/bagon/shared/imagenet512/val/n03063599/ILSVRC2012_val_00029400.JPEG reached epsilon at step 400, loss sum: 154.3427, final loss: 0.00099277, weight distance: 0.0248
2025-09-23 04:06:02,686 - INFO - Example /home/projects/bagon/shared/imagenet512/val/n02514041/ILSVRC2012_val_00032289.JPEG reached epsilon at step 554, loss sum: 120.5326, final loss: 0.00099850, weight distance: 0.0347
2025-09-23 04:06:41,692 - INFO - Example /home/projects/bagon/shared/imagenet512/val/n02028035/ILSVRC2012_val_00040471.JPEG reached epsilon at step 671, loss sum: 82.4084, final loss: 0.00099754, weight distance: 0.0348
2025-09-23 04:07:04,181 - INFO - Example /home/projects/bagon/shared/imagenet512/val/n02777292/ILSVRC2012_val_00049222.JPEG reached epsilon at step 377, loss sum: 76.9195, final loss: 0.00099754, weight distance: 0.0235
2025-09-23 04:07:41,314 - INFO - Example /home/projects/bagon/shared/imagenet512/val/n04264628/ILSVRC2012_val_00026369.JPEG reached epsilon at step 681, loss sum: 46.7325, final loss: 0.00099564, weight distance: 0.0293
2025-09-23 04:08:04,097 - INFO - Example /home/projects/bagon/shared/imagenet512/val/n07590611/ILSVRC2012_val_00005941.JPEG reached epsilon at step 402, loss sum: 51.4596, final loss: 0.00099468, weight distance: 0.0224
2025-09-23 04:08:24,979 - INFO - Example /home/projects/bagon/shared/imagenet512/val/n04209239/ILSVRC2012_val_00046099.JPEG reached epsilon at step 374, loss sum: 41.8535, final loss: 0.00099850, weight distance: 0.0189
2025-09-23 04:08:57,168 - INFO - Example /home/projects/bagon/shared/imagenet512/val/n02114712/ILSVRC2012_val_00017643.JPEG reached epsilon at step 552, loss sum: 136.0436, final loss: 0.00099754, weight distance: 0.0329
2025-09-23 04:09:13,374 - INFO - Example /home/projects/bagon/shared/imagenet512/val/n02859443/ILSVRC2012_val_00048193.JPEG reached epsilon at step 288, loss sum: 50.5131, final loss: 0.00099850, weight distance: 0.0169
2025-09-23 04:10:02,751 - INFO - Example /home/projects/bagon/shared/imagenet512/val/n04285008/ILSVRC2012_val_00047893.JPEG reached epsilon at step 910, loss sum: 73.7210, final loss: 0.00099945, weight distance: 0.0368
2025-09-23 04:10:26,005 - INFO - Example /home/projects/bagon/shared/imagenet512/val/n02692877/ILSVRC2012_val_00049328.JPEG reached epsilon at step 371, loss sum: 349.5940, final loss: 0.00099945, weight distance: 0.0199
2025-09-23 04:11:10,564 - INFO - Example /home/projects/bagon/shared/imagenet512/val/n02086240/ILSVRC2012_val_00018392.JPEG reached epsilon at step 787, loss sum: 139.2919, final loss: 0.00099754, weight distance: 0.0350
2025-09-23 04:11:37,099 - INFO - Example /home/projects/bagon/shared/imagenet512/val/n03249569/ILSVRC2012_val_00043056.JPEG reached epsilon at step 482, loss sum: 69.9895, final loss: 0.00099564, weight distance: 0.0298
2025-09-23 04:11:56,366 - INFO - Example /home/projects/bagon/shared/imagenet512/val/n01665541/ILSVRC2012_val_00000938.JPEG reached epsilon at step 281, loss sum: 48.9505, final loss: 0.00099277, weight distance: 0.0190
2025-09-23 04:12:37,870 - INFO - Example /home/projects/bagon/shared/imagenet512/val/n02979186/ILSVRC2012_val_00006787.JPEG reached epsilon at step 765, loss sum: 80.3808, final loss: 0.00099277, weight distance: 0.0280
2025-09-23 04:13:05,858 - INFO - Example /home/projects/bagon/shared/imagenet512/val/n01978287/ILSVRC2012_val_00019368.JPEG reached epsilon at step 475, loss sum: 236.7159, final loss: 0.00099850, weight distance: 0.0248
2025-09-23 04:13:35,771 - INFO - Example /home/projects/bagon/shared/imagenet512/val/n01630670/ILSVRC2012_val_00045101.JPEG reached epsilon at step 536, loss sum: 124.0148, final loss: 0.00099468, weight distance: 0.0275
2025-09-23 04:13:50,963 - INFO - Example /home/projects/bagon/shared/imagenet512/val/n04525038/ILSVRC2012_val_00003663.JPEG reached epsilon at step 176, loss sum: 8.3545, final loss: 0.00099945, weight distance: 0.0128
2025-09-23 04:14:09,521 - INFO - Example /home/projects/bagon/shared/imagenet512/val/n09835506/ILSVRC2012_val_00022559.JPEG reached epsilon at step 334, loss sum: 113.3283, final loss: 0.00099468, weight distance: 0.0177
2025-09-23 04:14:27,329 - INFO - Example /home/projects/bagon/shared/imagenet512/val/n03970156/ILSVRC2012_val_00015919.JPEG reached epsilon at step 256, loss sum: 133.6621, final loss: 0.00099754, weight distance: 0.0152
2025-09-23 04:15:00,061 - INFO - Example /home/projects/bagon/shared/imagenet512/val/n03661043/ILSVRC2012_val_00028549.JPEG reached epsilon at step 485, loss sum: 355.6152, final loss: 0.00099182, weight distance: 0.0318
2025-09-23 04:15:20,273 - INFO - Example /home/projects/bagon/shared/imagenet512/val/n04004767/ILSVRC2012_val_00030755.JPEG reached epsilon at step 324, loss sum: 267.2091, final loss: 0.00099850, weight distance: 0.0199
2025-09-23 04:15:52,025 - INFO - Example /home/projects/bagon/shared/imagenet512/val/n03895866/ILSVRC2012_val_00001590.JPEG reached epsilon at step 543, loss sum: 65.3312, final loss: 0.00099468, weight distance: 0.0324
2025-09-23 04:16:33,428 - INFO - Example /home/projects/bagon/shared/imagenet512/val/n04152593/ILSVRC2012_val_00034252.JPEG reached epsilon at step 760, loss sum: 105.4647, final loss: 0.00099277, weight distance: 0.0300
2025-09-23 04:16:59,903 - INFO - Example /home/projects/bagon/shared/imagenet512/val/n02325366/ILSVRC2012_val_00001670.JPEG reached epsilon at step 480, loss sum: 82.5220, final loss: 0.00099373, weight distance: 0.0265
2025-09-23 04:17:25,908 - INFO - Example /home/projects/bagon/shared/imagenet512/val/n02092002/ILSVRC2012_val_00024989.JPEG reached epsilon at step 473, loss sum: 68.9082, final loss: 0.00099754, weight distance: 0.0205
2025-09-23 04:18:02,176 - INFO - Example /home/projects/bagon/shared/imagenet512/val/n02097658/ILSVRC2012_val_00010450.JPEG reached epsilon at step 665, loss sum: 131.7657, final loss: 0.00099945, weight distance: 0.0341
2025-09-23 04:18:25,018 - INFO - Example /home/projects/bagon/shared/imagenet512/val/n01740131/ILSVRC2012_val_00009329.JPEG reached epsilon at step 403, loss sum: 65.8168, final loss: 0.00099468, weight distance: 0.0268
2025-09-23 04:18:53,714 - INFO - Example /home/projects/bagon/shared/imagenet512/val/n03201208/ILSVRC2012_val_00046839.JPEG reached epsilon at step 526, loss sum: 98.4314, final loss: 0.00099564, weight distance: 0.0305
2025-09-23 04:19:59,453 - INFO - Example /home/projects/bagon/shared/imagenet512/val/n02834397/ILSVRC2012_val_00003192.JPEG reached epsilon at step 1217, loss sum: 159.0995, final loss: 0.00099850, weight distance: 0.0124
2025-09-23 04:20:24,778 - INFO - Example /home/projects/bagon/shared/imagenet512/val/n07715103/ILSVRC2012_val_00039501.JPEG reached epsilon at step 459, loss sum: 132.3485, final loss: 0.00099659, weight distance: 0.0232
2025-09-23 04:21:06,347 - INFO - Example /home/projects/bagon/shared/imagenet512/val/n02113712/ILSVRC2012_val_00049715.JPEG reached epsilon at step 764, loss sum: 115.2601, final loss: 0.00099945, weight distance: 0.0394
2025-09-23 04:21:25,466 - INFO - Example /home/projects/bagon/shared/imagenet512/val/n04560804/ILSVRC2012_val_00022214.JPEG reached epsilon at step 344, loss sum: 19.5173, final loss: 0.00099373, weight distance: 0.0206
2025-09-23 04:21:55,271 - INFO - Example /home/projects/bagon/shared/imagenet512/val/n03777754/ILSVRC2012_val_00034423.JPEG reached epsilon at step 544, loss sum: 232.0196, final loss: 0.00098801, weight distance: 0.0186
2025-09-23 04:22:10,672 - INFO - Example /home/projects/bagon/shared/imagenet512/val/n02492660/ILSVRC2012_val_00046617.JPEG reached epsilon at step 275, loss sum: 50.3369, final loss: 0.00099564, weight distance: 0.0174
2025-09-23 04:22:27,124 - INFO - Example /home/projects/bagon/shared/imagenet512/val/n03887697/ILSVRC2012_val_00021774.JPEG reached epsilon at step 295, loss sum: 84.5334, final loss: 0.00099564, weight distance: 0.0216
2025-09-23 04:22:46,571 - INFO - Example /home/projects/bagon/shared/imagenet512/val/n03877845/ILSVRC2012_val_00003937.JPEG reached epsilon at step 351, loss sum: 99.7019, final loss: 0.00099373, weight distance: 0.0203
2025-09-23 04:23:06,825 - INFO - Example /home/projects/bagon/shared/imagenet512/val/n03980874/ILSVRC2012_val_00044689.JPEG reached epsilon at step 367, loss sum: 117.0988, final loss: 0.00099754, weight distance: 0.0227
2025-09-23 04:23:19,030 - INFO - Example /home/projects/bagon/shared/imagenet512/val/n09332890/ILSVRC2012_val_00048189.JPEG reached epsilon at step 215, loss sum: 110.2617, final loss: 0.00099754, weight distance: 0.0145
2025-09-23 04:23:39,302 - INFO - Example /home/projects/bagon/shared/imagenet512/val/n04550184/ILSVRC2012_val_00046428.JPEG reached epsilon at step 366, loss sum: 89.9535, final loss: 0.00099754, weight distance: 0.0203
2025-09-23 04:23:57,554 - INFO - Example /home/projects/bagon/shared/imagenet512/val/n03709823/ILSVRC2012_val_00005195.JPEG reached epsilon at step 328, loss sum: 51.2161, final loss: 0.00099850, weight distance: 0.0196
2025-09-23 04:24:24,458 - INFO - Example /home/projects/bagon/shared/imagenet512/val/n02264363/ILSVRC2012_val_00011783.JPEG reached epsilon at step 448, loss sum: 88.9676, final loss: 0.00099564, weight distance: 0.0237
2025-09-23 04:24:37,581 - INFO - Example /home/projects/bagon/shared/imagenet512/val/n02879718/ILSVRC2012_val_00014440.JPEG reached epsilon at step 231, loss sum: 198.7339, final loss: 0.00099850, weight distance: 0.0139
2025-09-23 04:24:58,325 - INFO - Example /home/projects/bagon/shared/imagenet512/val/n02807133/ILSVRC2012_val_00010380.JPEG reached epsilon at step 374, loss sum: 143.0343, final loss: 0.00099754, weight distance: 0.0172
2025-09-23 04:25:21,114 - INFO - Example /home/projects/bagon/shared/imagenet512/val/n01560419/ILSVRC2012_val_00011267.JPEG reached epsilon at step 414, loss sum: 143.8408, final loss: 0.00099754, weight distance: 0.0219
2025-09-23 04:25:37,668 - INFO - Example /home/projects/bagon/shared/imagenet512/val/n04330267/ILSVRC2012_val_00049277.JPEG reached epsilon at step 240, loss sum: 60.4389, final loss: 0.00099754, weight distance: 0.0131
2025-09-23 04:26:33,776 - INFO - Example /home/projects/bagon/shared/imagenet512/val/n04152593/ILSVRC2012_val_00013766.JPEG reached epsilon at step 712, loss sum: 91.9456, final loss: 0.00099945, weight distance: 0.0347
2025-09-23 04:26:54,905 - INFO - Example /home/projects/bagon/shared/imagenet512/val/n02128925/ILSVRC2012_val_00033573.JPEG reached epsilon at step 327, loss sum: 122.9976, final loss: 0.00099850, weight distance: 0.0199
2025-09-23 04:27:27,161 - INFO - Example /home/projects/bagon/shared/imagenet512/val/n01978455/ILSVRC2012_val_00047416.JPEG reached epsilon at step 525, loss sum: 133.2795, final loss: 0.00099945, weight distance: 0.0319
2025-09-23 04:29:13,880 - INFO - Example /home/projects/bagon/shared/imagenet512/val/n04428191/ILSVRC2012_val_00026435.JPEG reached epsilon at step 1865, loss sum: 249.9098, final loss: 0.00099659, weight distance: 0.0214
2025-09-23 04:29:29,687 - INFO - Example /home/projects/bagon/shared/imagenet512/val/n03530642/ILSVRC2012_val_00004681.JPEG reached epsilon at step 280, loss sum: 58.9467, final loss: 0.00099945, weight distance: 0.0189
2025-09-23 04:29:43,918 - INFO - Example /home/projects/bagon/shared/imagenet512/val/n03709823/ILSVRC2012_val_00023792.JPEG reached epsilon at step 252, loss sum: 49.3151, final loss: 0.00099754, weight distance: 0.0163
2025-09-23 04:30:05,585 - INFO - Example /home/projects/bagon/shared/imagenet512/val/n07860988/ILSVRC2012_val_00004273.JPEG reached epsilon at step 390, loss sum: 110.6596, final loss: 0.00099277, weight distance: 0.0240
2025-09-23 04:30:26,187 - INFO - Example /home/projects/bagon/shared/imagenet512/val/n02012849/ILSVRC2012_val_00043150.JPEG reached epsilon at step 370, loss sum: 141.6684, final loss: 0.00099754, weight distance: 0.0211
2025-09-23 04:30:47,426 - INFO - Example /home/projects/bagon/shared/imagenet512/val/n01689811/ILSVRC2012_val_00033734.JPEG reached epsilon at step 384, loss sum: 57.6386, final loss: 0.00099564, weight distance: 0.0209
2025-09-23 04:31:12,282 - INFO - Example /home/projects/bagon/shared/imagenet512/val/n02119022/ILSVRC2012_val_00032508.JPEG reached epsilon at step 453, loss sum: 44.9399, final loss: 0.00099659, weight distance: 0.0265
2025-09-23 04:31:38,184 - INFO - Example /home/projects/bagon/shared/imagenet512/val/n02093859/ILSVRC2012_val_00000062.JPEG reached epsilon at step 471, loss sum: 94.0608, final loss: 0.00099850, weight distance: 0.0271
2025-09-23 04:32:03,647 - INFO - Example /home/projects/bagon/shared/imagenet512/val/n03692522/ILSVRC2012_val_00029851.JPEG reached epsilon at step 464, loss sum: 125.1829, final loss: 0.00099945, weight distance: 0.0196
2025-09-23 04:32:21,372 - INFO - Example /home/projects/bagon/shared/imagenet512/val/n02268443/ILSVRC2012_val_00000418.JPEG reached epsilon at step 319, loss sum: 36.6825, final loss: 0.00099659, weight distance: 0.0191
2025-09-23 04:33:00,797 - INFO - Example /home/projects/bagon/shared/imagenet512/val/n03710721/ILSVRC2012_val_00028574.JPEG reached epsilon at step 727, loss sum: 80.7235, final loss: 0.00099945, weight distance: 0.0334
2025-09-23 04:33:23,244 - INFO - Example /home/projects/bagon/shared/imagenet512/val/n02101388/ILSVRC2012_val_00031633.JPEG reached epsilon at step 405, loss sum: 35.1817, final loss: 0.00099945, weight distance: 0.0195
2025-09-23 04:34:14,274 - INFO - Example /home/projects/bagon/shared/imagenet512/val/n02979186/ILSVRC2012_val_00040604.JPEG reached epsilon at step 947, loss sum: 150.4326, final loss: 0.00099850, weight distance: 0.0506
2025-09-23 04:34:30,283 - INFO - Example /home/projects/bagon/shared/imagenet512/val/n03045698/ILSVRC2012_val_00025105.JPEG reached epsilon at step 286, loss sum: 103.7141, final loss: 0.00099659, weight distance: 0.0189
2025-09-23 04:34:53,454 - INFO - Example /home/projects/bagon/shared/imagenet512/val/n03345487/ILSVRC2012_val_00025134.JPEG reached epsilon at step 419, loss sum: 173.6251, final loss: 0.00099373, weight distance: 0.0238
2025-09-23 04:35:13,174 - INFO - Example /home/projects/bagon/shared/imagenet512/val/n02971356/ILSVRC2012_val_00026415.JPEG reached epsilon at step 356, loss sum: 28.2611, final loss: 0.00099754, weight distance: 0.0146
2025-09-23 04:35:29,677 - INFO - Example /home/projects/bagon/shared/imagenet512/val/n04317175/ILSVRC2012_val_00041030.JPEG reached epsilon at step 294, loss sum: 58.6063, final loss: 0.00099468, weight distance: 0.0184
2025-09-23 04:36:06,427 - INFO - Example /home/projects/bagon/shared/imagenet512/val/n02106166/ILSVRC2012_val_00034821.JPEG reached epsilon at step 674, loss sum: 112.5944, final loss: 0.00099373, weight distance: 0.0291
2025-09-23 04:36:33,611 - INFO - Example /home/projects/bagon/shared/imagenet512/val/n03017168/ILSVRC2012_val_00015837.JPEG reached epsilon at step 496, loss sum: 86.0724, final loss: 0.00099945, weight distance: 0.0310
2025-09-23 04:37:06,642 - INFO - Example /home/projects/bagon/shared/imagenet512/val/n02093991/ILSVRC2012_val_00005867.JPEG reached epsilon at step 604, loss sum: 170.9666, final loss: 0.00099373, weight distance: 0.0295
2025-09-23 04:37:35,869 - INFO - Example /home/projects/bagon/shared/imagenet512/val/n02321529/ILSVRC2012_val_00029107.JPEG reached epsilon at step 533, loss sum: 69.4887, final loss: 0.00099564, weight distance: 0.0283
2025-09-23 04:38:00,972 - INFO - Example /home/projects/bagon/shared/imagenet512/val/n02837789/ILSVRC2012_val_00005005.JPEG reached epsilon at step 457, loss sum: 66.7849, final loss: 0.00099754, weight distance: 0.0262
2025-09-23 04:38:36,264 - INFO - Example /home/projects/bagon/shared/imagenet512/val/n04263257/ILSVRC2012_val_00014670.JPEG reached epsilon at step 457, loss sum: 76.1449, final loss: 0.00099945, weight distance: 0.0203
2025-09-23 04:38:49,649 - INFO - Example /home/projects/bagon/shared/imagenet512/val/n04371430/ILSVRC2012_val_00041734.JPEG reached epsilon at step 236, loss sum: 188.7149, final loss: 0.00099564, weight distance: 0.0144
2025-09-23 04:39:20,541 - INFO - Example /home/projects/bagon/shared/imagenet512/val/n02699494/ILSVRC2012_val_00016040.JPEG reached epsilon at step 567, loss sum: 102.7440, final loss: 0.00099468, weight distance: 0.0287
2025-09-23 04:39:44,898 - INFO - Example /home/projects/bagon/shared/imagenet512/val/n02105412/ILSVRC2012_val_00016191.JPEG reached epsilon at step 359, loss sum: 151.2967, final loss: 0.00099850, weight distance: 0.0227
2025-09-23 04:40:24,291 - INFO - Example /home/projects/bagon/shared/imagenet512/val/n02808440/ILSVRC2012_val_00016026.JPEG reached epsilon at step 722, loss sum: 107.1383, final loss: 0.00099277, weight distance: 0.0411
2025-09-23 04:40:58,031 - INFO - Example /home/projects/bagon/shared/imagenet512/val/n03710721/ILSVRC2012_val_00007096.JPEG reached epsilon at step 618, loss sum: 123.5807, final loss: 0.00099659, weight distance: 0.0379
2025-09-23 04:41:36,148 - INFO - Example /home/projects/bagon/shared/imagenet512/val/n03297495/ILSVRC2012_val_00001545.JPEG reached epsilon at step 700, loss sum: 96.4798, final loss: 0.00099659, weight distance: 0.0367
2025-09-23 04:43:46,032 - INFO - Example /home/projects/bagon/shared/imagenet512/val/n03642806/ILSVRC2012_val_00026305.JPEG reached epsilon at step 2377, loss sum: 100.7977, final loss: 0.00099659, weight distance: 0.0261
2025-09-23 04:44:21,185 - INFO - Example /home/projects/bagon/shared/imagenet512/val/n02091244/ILSVRC2012_val_00025708.JPEG reached epsilon at step 598, loss sum: 99.8621, final loss: 0.00099373, weight distance: 0.0307
2025-09-23 04:44:42,948 - INFO - Example /home/projects/bagon/shared/imagenet512/val/n02107574/ILSVRC2012_val_00032111.JPEG reached epsilon at step 394, loss sum: 96.8304, final loss: 0.00099850, weight distance: 0.0250
2025-09-23 04:44:59,693 - INFO - Example /home/projects/bagon/shared/imagenet512/val/n03692522/ILSVRC2012_val_00035877.JPEG reached epsilon at step 299, loss sum: 143.0598, final loss: 0.00099945, weight distance: 0.0197
2025-09-23 04:45:19,005 - INFO - Example /home/projects/bagon/shared/imagenet512/val/n02110063/ILSVRC2012_val_00028214.JPEG reached epsilon at step 347, loss sum: 40.1175, final loss: 0.00099277, weight distance: 0.0218
2025-09-23 04:45:43,419 - INFO - Example /home/projects/bagon/shared/imagenet512/val/n04461696/ILSVRC2012_val_00029413.JPEG reached epsilon at step 443, loss sum: 176.5478, final loss: 0.00099850, weight distance: 0.0266
2025-09-23 04:46:02,819 - INFO - Example /home/projects/bagon/shared/imagenet512/val/n04592741/ILSVRC2012_val_00031478.JPEG reached epsilon at step 349, loss sum: 29.4079, final loss: 0.00099754, weight distance: 0.0185
2025-09-23 04:46:11,853 - INFO - Example /home/projects/bagon/shared/imagenet512/val/n03223299/ILSVRC2012_val_00020689.JPEG reached epsilon at step 155, loss sum: 51.8983, final loss: 0.00099945, weight distance: 0.0108
2025-09-23 04:46:27,088 - INFO - Example /home/projects/bagon/shared/imagenet512/val/n03476991/ILSVRC2012_val_00047463.JPEG reached epsilon at step 271, loss sum: 81.2764, final loss: 0.00098705, weight distance: 0.0196
2025-09-23 04:48:09,186 - INFO - Example /home/projects/bagon/shared/imagenet512/val/n04493381/ILSVRC2012_val_00031080.JPEG reached epsilon at step 1898, loss sum: 92.0590, final loss: 0.00099754, weight distance: 0.0288
2025-09-23 04:48:24,793 - INFO - Example /home/projects/bagon/shared/imagenet512/val/n04606251/ILSVRC2012_val_00018377.JPEG reached epsilon at step 278, loss sum: 108.1048, final loss: 0.00099754, weight distance: 0.0145
2025-09-23 04:48:48,956 - INFO - Example /home/projects/bagon/shared/imagenet512/val/n07836838/ILSVRC2012_val_00043225.JPEG reached epsilon at step 438, loss sum: 288.5100, final loss: 0.00099754, weight distance: 0.0264
2025-09-23 04:49:17,419 - INFO - Example /home/projects/bagon/shared/imagenet512/val/n09399592/ILSVRC2012_val_00022008.JPEG reached epsilon at step 520, loss sum: 97.4600, final loss: 0.00099945, weight distance: 0.0263
2025-09-23 04:49:41,421 - INFO - Example /home/projects/bagon/shared/imagenet512/val/n02088238/ILSVRC2012_val_00017892.JPEG reached epsilon at step 437, loss sum: 33.0023, final loss: 0.00099468, weight distance: 0.0237
2025-09-23 04:49:54,629 - INFO - Example /home/projects/bagon/shared/imagenet512/val/n04525038/ILSVRC2012_val_00028390.JPEG reached epsilon at step 221, loss sum: 53.8940, final loss: 0.00099277, weight distance: 0.0110
2025-09-23 04:50:21,739 - INFO - Example /home/projects/bagon/shared/imagenet512/val/n02089867/ILSVRC2012_val_00030025.JPEG reached epsilon at step 494, loss sum: 71.5199, final loss: 0.00099468, weight distance: 0.0293
2025-09-23 04:50:51,175 - INFO - Example /home/projects/bagon/shared/imagenet512/val/n02169497/ILSVRC2012_val_00018858.JPEG reached epsilon at step 538, loss sum: 116.1333, final loss: 0.00099468, weight distance: 0.0309
2025-09-23 04:51:13,293 - INFO - Example /home/projects/bagon/shared/imagenet512/val/n07579787/ILSVRC2012_val_00046646.JPEG reached epsilon at step 401, loss sum: 171.3944, final loss: 0.00099850, weight distance: 0.0256
2025-09-23 04:51:38,666 - INFO - Example /home/projects/bagon/shared/imagenet512/val/n02134084/ILSVRC2012_val_00017605.JPEG reached epsilon at step 461, loss sum: 80.8636, final loss: 0.00099277, weight distance: 0.0246
2025-09-23 04:51:57,040 - INFO - Example /home/projects/bagon/shared/imagenet512/val/n02454379/ILSVRC2012_val_00025171.JPEG reached epsilon at step 291, loss sum: 223.0179, final loss: 0.00098705, weight distance: 0.0162
2025-09-23 04:53:37,051 - INFO - Example /home/projects/bagon/shared/imagenet512/val/n04380533/ILSVRC2012_val_00035869.JPEG reached epsilon at step 1779, loss sum: 114.4365, final loss: 0.00099945, weight distance: 0.0231
2025-09-23 04:53:53,548 - INFO - Example /home/projects/bagon/shared/imagenet512/val/n02840245/ILSVRC2012_val_00024607.JPEG reached epsilon at step 295, loss sum: 22.9826, final loss: 0.00099373, weight distance: 0.0200
2025-09-23 04:54:05,586 - INFO - Example /home/projects/bagon/shared/imagenet512/val/n03761084/ILSVRC2012_val_00035152.JPEG reached epsilon at step 212, loss sum: 4.4240, final loss: 0.00099468, weight distance: 0.0106
2025-09-23 04:55:50,409 - INFO - Example /home/projects/bagon/shared/imagenet512/val/n12144580/ILSVRC2012_val_00008867.JPEG reached epsilon at step 1958, loss sum: 194.4239, final loss: 0.00099659, weight distance: 0.0435
2025-09-23 04:55:51,077 - INFO - Time limit reached. Exiting before starting next example.
