2025-09-23 03:09:28,034 - INFO - Parsed arguments:
2025-09-23 03:09:28,034 - INFO -   amp_dtype = None
2025-09-23 03:09:28,034 - INFO -   bars_npy = /home/projects/bagon/andreyg/Projects/BMM_school/Universal_learning/Programming/bars/geq6wrong_21017_geq6correct_1525_imagenet.npy
2025-09-23 03:09:28,034 - INFO -   cka_layer_fraction = 0.05
2025-09-23 03:09:28,034 - INFO -   current_worker = 6
2025-09-23 03:09:28,034 - INFO -   deterministic = True
2025-09-23 03:09:28,034 - INFO -   device = cuda
2025-09-23 03:09:28,034 - INFO -   epsilon = 0.001
2025-09-23 03:09:28,034 - INFO -   examples_csv = /home/projects/bagon/andreyg/Projects/BMM_school/Universal_learning/Programming/bars/geq6wrong_21017_geq6correct_1525_imagenet_examples_ammended.csv
2025-09-23 03:09:28,034 - INFO -   explicit_examples_for_training = None
2025-09-23 03:09:28,034 - INFO -   grad_clip_norm = 1.0
2025-09-23 03:09:28,034 - INFO -   hierarchy_json = /home/projects/bagon/andreyg/Projects/BMM_school/Universal_learning/Programming/bars/imagenet_synset_hierarchy.json
2025-09-23 03:09:28,034 - INFO -   imagenet_models_csv = /home/projects/bagon/andreyg/Projects/BMM_school/Universal_learning/Programming/bars/imagenet_models.csv
2025-09-23 03:09:28,034 - INFO -   lr = 0.0001
2025-09-23 03:09:28,034 - INFO -   max_examples = 50000
2025-09-23 03:09:28,034 - INFO -   max_steps_per_example = 10000
2025-09-23 03:09:28,034 - INFO -   model_csv_name = convnext_tiny_224_classification_imagenet_12k_ft_classification_imagenet_1k
2025-09-23 03:09:28,034 - INFO -   model_name = convnext_tiny.in12k_ft_in1k
2025-09-23 03:09:28,034 - INFO -   no_amp = False
2025-09-23 03:09:28,034 - INFO -   num_workers = 8
2025-09-23 03:09:28,034 - INFO -   output_dir = /home/projects/bagon/andreyg/Projects/BMM_school/Universal_learning/Programming/training_gradient_evaluator_single_loss_parallel/output_parallel_8_workers_trial_2
2025-09-23 03:09:28,034 - INFO -   root_dir = None
2025-09-23 03:09:28,034 - INFO -   seed = 1337
2025-09-23 03:09:28,034 - INFO -   time_limit_seconds = 6300
2025-09-23 03:09:28,034 - INFO -   weight_decay = 0.0
2025-09-23 03:09:28,034 - INFO -   zero_aug_train = False
2025-09-23 03:09:29,078 - INFO - Loaded TIMM pretrained weights for convnext_tiny.in12k_ft_in1k
2025-09-23 03:09:29,078 - INFO - pretrained_cfg.url= hf_hub_id=timm/convnext_tiny.in12k_ft_in1k
2025-09-23 03:09:29,480 - INFO - Training configuration:
2025-09-23 03:09:29,480 - INFO -   lr = 0.0001
2025-09-23 03:09:29,480 - INFO -   weight_decay = 0.0
2025-09-23 03:09:29,480 - INFO -   max_steps = 10000
2025-09-23 03:09:29,480 - INFO -   epsilon = 0.001
2025-09-23 03:09:29,480 - INFO -   device = cuda
2025-09-23 03:09:29,480 - INFO -   use_amp = True
2025-09-23 03:09:29,480 - INFO -   amp_dtype = None
2025-09-23 03:09:29,481 - INFO -   gradient_clip_norm = 1.0
2025-09-23 03:10:13,704 - INFO - Example /home/projects/bagon/shared/imagenet512/val/n15075141/ILSVRC2012_val_00006055.JPEG reached epsilon at step 728, loss sum: 85.2308, final loss: 0.00099468, weight distance: 0.0374
2025-09-23 03:10:43,662 - INFO - Example /home/projects/bagon/shared/imagenet512/val/n07590611/ILSVRC2012_val_00045414.JPEG reached epsilon at step 531, loss sum: 252.1205, final loss: 0.00099754, weight distance: 0.0283
2025-09-23 03:11:17,879 - INFO - Example /home/projects/bagon/shared/imagenet512/val/n01494475/ILSVRC2012_val_00022552.JPEG reached epsilon at step 619, loss sum: 124.1328, final loss: 0.00099850, weight distance: 0.0260
2025-09-23 03:11:36,241 - INFO - Example /home/projects/bagon/shared/imagenet512/val/n03197337/ILSVRC2012_val_00009243.JPEG reached epsilon at step 326, loss sum: 22.7212, final loss: 0.00099087, weight distance: 0.0184
2025-09-23 03:12:12,195 - INFO - Example /home/projects/bagon/shared/imagenet512/val/n02676566/ILSVRC2012_val_00039740.JPEG reached epsilon at step 654, loss sum: 206.4424, final loss: 0.00099754, weight distance: 0.0335
2025-09-23 03:12:29,859 - INFO - Example /home/projects/bagon/shared/imagenet512/val/n04209133/ILSVRC2012_val_00046639.JPEG reached epsilon at step 314, loss sum: 21.3864, final loss: 0.00099468, weight distance: 0.0196
2025-09-23 03:12:53,465 - INFO - Example /home/projects/bagon/shared/imagenet512/val/n03998194/ILSVRC2012_val_00049806.JPEG reached epsilon at step 424, loss sum: 125.5472, final loss: 0.00099468, weight distance: 0.0273
2025-09-23 03:13:14,226 - INFO - Example /home/projects/bagon/shared/imagenet512/val/n04579145/ILSVRC2012_val_00014224.JPEG reached epsilon at step 371, loss sum: 106.2010, final loss: 0.00099373, weight distance: 0.0209
2025-09-23 03:13:51,062 - INFO - Example /home/projects/bagon/shared/imagenet512/val/n12998815/ILSVRC2012_val_00026184.JPEG reached epsilon at step 670, loss sum: 429.6734, final loss: 0.00099182, weight distance: 0.0393
2025-09-23 03:14:20,397 - INFO - Example /home/projects/bagon/shared/imagenet512/val/n09332890/ILSVRC2012_val_00043650.JPEG reached epsilon at step 531, loss sum: 147.3494, final loss: 0.00099945, weight distance: 0.0270
2025-09-23 03:14:30,250 - INFO - Example /home/projects/bagon/shared/imagenet512/val/n02910353/ILSVRC2012_val_00032648.JPEG reached epsilon at step 169, loss sum: 51.6892, final loss: 0.00098896, weight distance: 0.0102
2025-09-23 03:14:50,313 - INFO - Example /home/projects/bagon/shared/imagenet512/val/n04118776/ILSVRC2012_val_00027203.JPEG reached epsilon at step 359, loss sum: 111.9295, final loss: 0.00099373, weight distance: 0.0185
2025-09-23 03:15:17,305 - INFO - Example /home/projects/bagon/shared/imagenet512/val/n02123159/ILSVRC2012_val_00027539.JPEG reached epsilon at step 487, loss sum: 103.1015, final loss: 0.00099754, weight distance: 0.0255
2025-09-23 03:15:41,886 - INFO - Example /home/projects/bagon/shared/imagenet512/val/n04270147/ILSVRC2012_val_00024034.JPEG reached epsilon at step 442, loss sum: 106.2972, final loss: 0.00099754, weight distance: 0.0218
2025-09-23 03:19:34,648 - INFO - Example /home/projects/bagon/shared/imagenet512/val/n03529860/ILSVRC2012_val_00033213.JPEG reached epsilon at step 4291, loss sum: 663.4497, final loss: 0.00099373, weight distance: 0.0359
2025-09-23 03:20:18,806 - INFO - Example /home/projects/bagon/shared/imagenet512/val/n03197337/ILSVRC2012_val_00029469.JPEG reached epsilon at step 805, loss sum: 267.7468, final loss: 0.00099945, weight distance: 0.0339
2025-09-23 03:20:55,362 - INFO - Example /home/projects/bagon/shared/imagenet512/val/n03131574/ILSVRC2012_val_00022199.JPEG reached epsilon at step 664, loss sum: 170.2823, final loss: 0.00099754, weight distance: 0.0373
2025-09-23 03:21:08,143 - INFO - Example /home/projects/bagon/shared/imagenet512/val/n04542943/ILSVRC2012_val_00015750.JPEG reached epsilon at step 223, loss sum: 15.8290, final loss: 0.00099564, weight distance: 0.0162
2025-09-23 03:21:37,136 - INFO - Example /home/projects/bagon/shared/imagenet512/val/n02219486/ILSVRC2012_val_00032504.JPEG reached epsilon at step 524, loss sum: 107.6221, final loss: 0.00099659, weight distance: 0.0276
2025-09-23 03:21:54,751 - INFO - Example /home/projects/bagon/shared/imagenet512/val/n03803284/ILSVRC2012_val_00001515.JPEG reached epsilon at step 313, loss sum: 125.6092, final loss: 0.00099087, weight distance: 0.0233
2025-09-23 03:22:22,843 - INFO - Example /home/projects/bagon/shared/imagenet512/val/n03207941/ILSVRC2012_val_00014622.JPEG reached epsilon at step 507, loss sum: 231.9375, final loss: 0.00099468, weight distance: 0.0307
2025-09-23 03:23:05,104 - INFO - Example /home/projects/bagon/shared/imagenet512/val/n03160309/ILSVRC2012_val_00015060.JPEG reached epsilon at step 770, loss sum: 244.9945, final loss: 0.00099373, weight distance: 0.0151
2025-09-23 03:23:30,364 - INFO - Example /home/projects/bagon/shared/imagenet512/val/n04591157/ILSVRC2012_val_00013769.JPEG reached epsilon at step 455, loss sum: 67.0453, final loss: 0.00099754, weight distance: 0.0210
2025-09-23 03:23:56,344 - INFO - Example /home/projects/bagon/shared/imagenet512/val/n03866082/ILSVRC2012_val_00034283.JPEG reached epsilon at step 468, loss sum: 205.7326, final loss: 0.00099850, weight distance: 0.0256
2025-09-23 03:24:19,128 - INFO - Example /home/projects/bagon/shared/imagenet512/val/n03903868/ILSVRC2012_val_00005095.JPEG reached epsilon at step 409, loss sum: 168.3069, final loss: 0.00099373, weight distance: 0.0247
2025-09-23 03:24:40,934 - INFO - Example /home/projects/bagon/shared/imagenet512/val/n03832673/ILSVRC2012_val_00045627.JPEG reached epsilon at step 391, loss sum: 73.0908, final loss: 0.00099659, weight distance: 0.0232
2025-09-23 03:25:10,693 - INFO - Example /home/projects/bagon/shared/imagenet512/val/n04356056/ILSVRC2012_val_00012545.JPEG reached epsilon at step 538, loss sum: 148.5655, final loss: 0.00099945, weight distance: 0.0311
2025-09-23 03:25:41,203 - INFO - Example /home/projects/bagon/shared/imagenet512/val/n03642806/ILSVRC2012_val_00011923.JPEG reached epsilon at step 552, loss sum: 202.4487, final loss: 0.00099945, weight distance: 0.0319
2025-09-23 03:26:01,807 - INFO - Example /home/projects/bagon/shared/imagenet512/val/n02909870/ILSVRC2012_val_00007724.JPEG reached epsilon at step 366, loss sum: 219.3468, final loss: 0.00099277, weight distance: 0.0230
2025-09-23 03:26:23,926 - INFO - Example /home/projects/bagon/shared/imagenet512/val/n03125729/ILSVRC2012_val_00004363.JPEG reached epsilon at step 395, loss sum: 270.8538, final loss: 0.00099850, weight distance: 0.0217
2025-09-23 03:26:48,117 - INFO - Example /home/projects/bagon/shared/imagenet512/val/n03146219/ILSVRC2012_val_00028726.JPEG reached epsilon at step 431, loss sum: 98.5881, final loss: 0.00099373, weight distance: 0.0226
2025-09-23 03:27:07,389 - INFO - Example /home/projects/bagon/shared/imagenet512/val/n04357314/ILSVRC2012_val_00023485.JPEG reached epsilon at step 341, loss sum: 129.2692, final loss: 0.00099945, weight distance: 0.0210
2025-09-23 03:27:37,223 - INFO - Example /home/projects/bagon/shared/imagenet512/val/n02837789/ILSVRC2012_val_00015053.JPEG reached epsilon at step 536, loss sum: 140.1272, final loss: 0.00099659, weight distance: 0.0294
2025-09-23 03:28:19,004 - INFO - Example /home/projects/bagon/shared/imagenet512/val/n02504458/ILSVRC2012_val_00022907.JPEG reached epsilon at step 756, loss sum: 94.0078, final loss: 0.00099754, weight distance: 0.0393
2025-09-23 03:28:43,037 - INFO - Example /home/projects/bagon/shared/imagenet512/val/n03372029/ILSVRC2012_val_00000140.JPEG reached epsilon at step 429, loss sum: 71.4047, final loss: 0.00099754, weight distance: 0.0252
2025-09-23 03:29:02,235 - INFO - Example /home/projects/bagon/shared/imagenet512/val/n02871525/ILSVRC2012_val_00040739.JPEG reached epsilon at step 340, loss sum: 198.2378, final loss: 0.00099468, weight distance: 0.0209
2025-09-23 03:29:24,956 - INFO - Example /home/projects/bagon/shared/imagenet512/val/n03710193/ILSVRC2012_val_00040946.JPEG reached epsilon at step 405, loss sum: 544.9352, final loss: 0.00099945, weight distance: 0.0282
2025-09-23 03:30:03,047 - INFO - Example /home/projects/bagon/shared/imagenet512/val/n03633091/ILSVRC2012_val_00006333.JPEG reached epsilon at step 688, loss sum: 198.8972, final loss: 0.00099945, weight distance: 0.0163
2025-09-23 03:31:37,922 - INFO - Example /home/projects/bagon/shared/imagenet512/val/n03218198/ILSVRC2012_val_00044648.JPEG reached epsilon at step 1734, loss sum: 326.0898, final loss: 0.00099564, weight distance: 0.0259
2025-09-23 03:32:06,648 - INFO - Example /home/projects/bagon/shared/imagenet512/val/n02106030/ILSVRC2012_val_00023666.JPEG reached epsilon at step 516, loss sum: 157.5872, final loss: 0.00099945, weight distance: 0.0287
2025-09-23 03:32:36,196 - INFO - Example /home/projects/bagon/shared/imagenet512/val/n02769748/ILSVRC2012_val_00019321.JPEG reached epsilon at step 533, loss sum: 245.8167, final loss: 0.00099945, weight distance: 0.0318
2025-09-23 03:32:59,976 - INFO - Example /home/projects/bagon/shared/imagenet512/val/n03443371/ILSVRC2012_val_00005887.JPEG reached epsilon at step 427, loss sum: 65.9492, final loss: 0.00099182, weight distance: 0.0155
2025-09-23 03:33:33,065 - INFO - Example /home/projects/bagon/shared/imagenet512/val/n02128757/ILSVRC2012_val_00019738.JPEG reached epsilon at step 597, loss sum: 76.9631, final loss: 0.00099945, weight distance: 0.0309
2025-09-23 03:33:51,267 - INFO - Example /home/projects/bagon/shared/imagenet512/val/n04370456/ILSVRC2012_val_00005163.JPEG reached epsilon at step 322, loss sum: 698.5623, final loss: 0.00099087, weight distance: 0.0250
2025-09-23 03:34:15,613 - INFO - Example /home/projects/bagon/shared/imagenet512/val/n02395406/ILSVRC2012_val_00046042.JPEG reached epsilon at step 435, loss sum: 198.1466, final loss: 0.00099659, weight distance: 0.0246
2025-09-23 03:34:34,364 - INFO - Example /home/projects/bagon/shared/imagenet512/val/n03461385/ILSVRC2012_val_00023277.JPEG reached epsilon at step 332, loss sum: 68.8648, final loss: 0.00099277, weight distance: 0.0216
2025-09-23 03:35:01,107 - INFO - Example /home/projects/bagon/shared/imagenet512/val/n13054560/ILSVRC2012_val_00042718.JPEG reached epsilon at step 479, loss sum: 263.5721, final loss: 0.00099277, weight distance: 0.0256
2025-09-23 03:35:39,238 - INFO - Example /home/projects/bagon/shared/imagenet512/val/n02325366/ILSVRC2012_val_00000937.JPEG reached epsilon at step 689, loss sum: 140.5502, final loss: 0.00099373, weight distance: 0.0376
2025-09-23 03:36:04,958 - INFO - Example /home/projects/bagon/shared/imagenet512/val/n02096294/ILSVRC2012_val_00001564.JPEG reached epsilon at step 460, loss sum: 361.8585, final loss: 0.00099277, weight distance: 0.0259
2025-09-23 03:36:27,068 - INFO - Example /home/projects/bagon/shared/imagenet512/val/n02916936/ILSVRC2012_val_00028143.JPEG reached epsilon at step 394, loss sum: 107.1988, final loss: 0.00099564, weight distance: 0.0257
2025-09-23 03:36:49,980 - INFO - Example /home/projects/bagon/shared/imagenet512/val/n04371430/ILSVRC2012_val_00015591.JPEG reached epsilon at step 409, loss sum: 175.9338, final loss: 0.00099754, weight distance: 0.0293
2025-09-23 03:37:42,020 - INFO - Example /home/projects/bagon/shared/imagenet512/val/n02130308/ILSVRC2012_val_00003773.JPEG reached epsilon at step 945, loss sum: 329.9985, final loss: 0.00099468, weight distance: 0.0297
2025-09-23 03:40:41,515 - INFO - Example /home/projects/bagon/shared/imagenet512/val/n04356056/ILSVRC2012_val_00032243.JPEG reached epsilon at step 3298, loss sum: 912.1056, final loss: 0.00099945, weight distance: 0.0264
2025-09-23 03:40:59,153 - INFO - Example /home/projects/bagon/shared/imagenet512/val/n02797295/ILSVRC2012_val_00026437.JPEG reached epsilon at step 311, loss sum: 24.1540, final loss: 0.00099564, weight distance: 0.0180
2025-09-23 03:41:26,858 - INFO - Example /home/projects/bagon/shared/imagenet512/val/n01744401/ILSVRC2012_val_00037464.JPEG reached epsilon at step 498, loss sum: 139.9065, final loss: 0.00099945, weight distance: 0.0281
2025-09-23 03:41:54,609 - INFO - Example /home/projects/bagon/shared/imagenet512/val/n02268443/ILSVRC2012_val_00024612.JPEG reached epsilon at step 499, loss sum: 85.5299, final loss: 0.00099659, weight distance: 0.0269
2025-09-23 03:42:20,478 - INFO - Example /home/projects/bagon/shared/imagenet512/val/n07718472/ILSVRC2012_val_00025981.JPEG reached epsilon at step 464, loss sum: 98.1355, final loss: 0.00099182, weight distance: 0.0241
2025-09-23 03:42:42,136 - INFO - Example /home/projects/bagon/shared/imagenet512/val/n01775062/ILSVRC2012_val_00025447.JPEG reached epsilon at step 386, loss sum: 98.7024, final loss: 0.00099564, weight distance: 0.0211
2025-09-23 03:43:58,333 - INFO - Example /home/projects/bagon/shared/imagenet512/val/n02978881/ILSVRC2012_val_00016528.JPEG reached epsilon at step 1393, loss sum: 204.6779, final loss: 0.00099659, weight distance: 0.0239
2025-09-23 03:44:21,499 - INFO - Example /home/projects/bagon/shared/imagenet512/val/n02167151/ILSVRC2012_val_00004517.JPEG reached epsilon at step 414, loss sum: 52.1535, final loss: 0.00099945, weight distance: 0.0205
2025-09-23 03:44:48,155 - INFO - Example /home/projects/bagon/shared/imagenet512/val/n01978455/ILSVRC2012_val_00019859.JPEG reached epsilon at step 478, loss sum: 195.6509, final loss: 0.00099468, weight distance: 0.0295
2025-09-23 03:45:12,319 - INFO - Example /home/projects/bagon/shared/imagenet512/val/n03899768/ILSVRC2012_val_00023647.JPEG reached epsilon at step 432, loss sum: 154.4417, final loss: 0.00099850, weight distance: 0.0253
2025-09-23 03:45:43,312 - INFO - Example /home/projects/bagon/shared/imagenet512/val/n02104365/ILSVRC2012_val_00045533.JPEG reached epsilon at step 557, loss sum: 88.7929, final loss: 0.00099564, weight distance: 0.0310
2025-09-23 03:46:37,718 - INFO - Example /home/projects/bagon/shared/imagenet512/val/n04493381/ILSVRC2012_val_00034621.JPEG reached epsilon at step 988, loss sum: 108.4770, final loss: 0.00099564, weight distance: 0.0336
2025-09-23 03:47:00,890 - INFO - Example /home/projects/bagon/shared/imagenet512/val/n03584254/ILSVRC2012_val_00039821.JPEG reached epsilon at step 413, loss sum: 175.0874, final loss: 0.00099850, weight distance: 0.0196
2025-09-23 03:47:24,762 - INFO - Example /home/projects/bagon/shared/imagenet512/val/n07836838/ILSVRC2012_val_00017527.JPEG reached epsilon at step 426, loss sum: 198.7571, final loss: 0.00098801, weight distance: 0.0141
2025-09-23 03:47:53,684 - INFO - Example /home/projects/bagon/shared/imagenet512/val/n04483307/ILSVRC2012_val_00045574.JPEG reached epsilon at step 519, loss sum: 95.4354, final loss: 0.00099468, weight distance: 0.0211
2025-09-23 03:48:14,743 - INFO - Example /home/projects/bagon/shared/imagenet512/val/n03868863/ILSVRC2012_val_00036571.JPEG reached epsilon at step 374, loss sum: 325.3158, final loss: 0.00099373, weight distance: 0.0240
2025-09-23 03:49:07,390 - INFO - Example /home/projects/bagon/shared/imagenet512/val/n01773549/ILSVRC2012_val_00041612.JPEG reached epsilon at step 959, loss sum: 221.2279, final loss: 0.00099659, weight distance: 0.0423
2025-09-23 03:49:39,194 - INFO - Example /home/projects/bagon/shared/imagenet512/val/n02814533/ILSVRC2012_val_00006220.JPEG reached epsilon at step 574, loss sum: 236.3741, final loss: 0.00099564, weight distance: 0.0307
2025-09-23 03:49:57,145 - INFO - Example /home/projects/bagon/shared/imagenet512/val/n15075141/ILSVRC2012_val_00034988.JPEG reached epsilon at step 318, loss sum: 111.8818, final loss: 0.00099468, weight distance: 0.0211
2025-09-23 03:50:14,518 - INFO - Example /home/projects/bagon/shared/imagenet512/val/n03899768/ILSVRC2012_val_00036309.JPEG reached epsilon at step 308, loss sum: 160.4143, final loss: 0.00099564, weight distance: 0.0210
2025-09-23 03:50:24,777 - INFO - Example /home/projects/bagon/shared/imagenet512/val/n07718472/ILSVRC2012_val_00030457.JPEG reached epsilon at step 176, loss sum: 57.8068, final loss: 0.00098705, weight distance: 0.0110
2025-09-23 03:50:58,876 - INFO - Example /home/projects/bagon/shared/imagenet512/val/n02105855/ILSVRC2012_val_00024624.JPEG reached epsilon at step 617, loss sum: 493.2621, final loss: 0.00099850, weight distance: 0.0349
2025-09-23 03:51:14,958 - INFO - Example /home/projects/bagon/shared/imagenet512/val/n04597913/ILSVRC2012_val_00006723.JPEG reached epsilon at step 284, loss sum: 130.0689, final loss: 0.00099373, weight distance: 0.0204
2025-09-23 03:52:01,232 - INFO - Example /home/projects/bagon/shared/imagenet512/val/n02123159/ILSVRC2012_val_00045958.JPEG reached epsilon at step 842, loss sum: 109.8784, final loss: 0.00099564, weight distance: 0.0461
2025-09-23 03:52:19,389 - INFO - Example /home/projects/bagon/shared/imagenet512/val/n03461385/ILSVRC2012_val_00021783.JPEG reached epsilon at step 322, loss sum: 82.3192, final loss: 0.00099182, weight distance: 0.0217
2025-09-23 03:52:37,877 - INFO - Example /home/projects/bagon/shared/imagenet512/val/n09246464/ILSVRC2012_val_00048191.JPEG reached epsilon at step 328, loss sum: 160.2440, final loss: 0.00099277, weight distance: 0.0212
2025-09-23 03:53:07,952 - INFO - Example /home/projects/bagon/shared/imagenet512/val/n03710637/ILSVRC2012_val_00010435.JPEG reached epsilon at step 544, loss sum: 140.5044, final loss: 0.00099754, weight distance: 0.0349
2025-09-23 03:53:46,989 - INFO - Example /home/projects/bagon/shared/imagenet512/val/n02894605/ILSVRC2012_val_00044923.JPEG reached epsilon at step 710, loss sum: 117.6552, final loss: 0.00099468, weight distance: 0.0390
2025-09-23 03:54:07,206 - INFO - Example /home/projects/bagon/shared/imagenet512/val/n02843684/ILSVRC2012_val_00002647.JPEG reached epsilon at step 361, loss sum: 297.0180, final loss: 0.00099468, weight distance: 0.0196
2025-09-23 03:54:26,542 - INFO - Example /home/projects/bagon/shared/imagenet512/val/n03481172/ILSVRC2012_val_00001591.JPEG reached epsilon at step 345, loss sum: 310.4446, final loss: 0.00099182, weight distance: 0.0205
2025-09-23 03:54:56,504 - INFO - Example /home/projects/bagon/shared/imagenet512/val/n07684084/ILSVRC2012_val_00012379.JPEG reached epsilon at step 542, loss sum: 101.8258, final loss: 0.00099564, weight distance: 0.0264
2025-09-23 03:55:15,857 - INFO - Example /home/projects/bagon/shared/imagenet512/val/n03970156/ILSVRC2012_val_00046400.JPEG reached epsilon at step 344, loss sum: 354.1531, final loss: 0.00099945, weight distance: 0.0261
2025-09-23 03:55:33,354 - INFO - Example /home/projects/bagon/shared/imagenet512/val/n04141975/ILSVRC2012_val_00007472.JPEG reached epsilon at step 310, loss sum: 345.2767, final loss: 0.00099277, weight distance: 0.0186
2025-09-23 03:56:05,596 - INFO - Example /home/projects/bagon/shared/imagenet512/val/n02871525/ILSVRC2012_val_00041619.JPEG reached epsilon at step 583, loss sum: 563.3035, final loss: 0.00099945, weight distance: 0.0217
2025-09-23 03:56:29,547 - INFO - Example /home/projects/bagon/shared/imagenet512/val/n03759954/ILSVRC2012_val_00010804.JPEG reached epsilon at step 428, loss sum: 311.6248, final loss: 0.00099373, weight distance: 0.0280
2025-09-23 03:58:48,816 - INFO - Example /home/projects/bagon/shared/imagenet512/val/n04311004/ILSVRC2012_val_00026411.JPEG reached epsilon at step 2566, loss sum: 415.0310, final loss: 0.00099945, weight distance: 0.0238
2025-09-23 03:59:07,426 - INFO - Example /home/projects/bagon/shared/imagenet512/val/n03976657/ILSVRC2012_val_00046123.JPEG reached epsilon at step 331, loss sum: 268.2824, final loss: 0.00099850, weight distance: 0.0244
2025-09-23 03:59:32,881 - INFO - Example /home/projects/bagon/shared/imagenet512/val/n02091244/ILSVRC2012_val_00014107.JPEG reached epsilon at step 458, loss sum: 133.2984, final loss: 0.00099659, weight distance: 0.0253
2025-09-23 03:59:55,799 - INFO - Example /home/projects/bagon/shared/imagenet512/val/n03291819/ILSVRC2012_val_00046025.JPEG reached epsilon at step 411, loss sum: 210.9740, final loss: 0.00099564, weight distance: 0.0262
2025-09-23 04:01:40,495 - INFO - Example /home/projects/bagon/shared/imagenet512/val/n03710721/ILSVRC2012_val_00018600.JPEG reached epsilon at step 1927, loss sum: 218.4969, final loss: 0.00099945, weight distance: 0.0353
2025-09-23 04:01:53,312 - INFO - Example /home/projects/bagon/shared/imagenet512/val/n03887697/ILSVRC2012_val_00006771.JPEG reached epsilon at step 224, loss sum: 80.7417, final loss: 0.00099087, weight distance: 0.0152
2025-09-23 04:02:08,188 - INFO - Example /home/projects/bagon/shared/imagenet512/val/n04286575/ILSVRC2012_val_00045535.JPEG reached epsilon at step 262, loss sum: 325.4172, final loss: 0.00098896, weight distance: 0.0153
2025-09-23 04:02:37,774 - INFO - Example /home/projects/bagon/shared/imagenet512/val/n04483307/ILSVRC2012_val_00038907.JPEG reached epsilon at step 534, loss sum: 86.8270, final loss: 0.00099754, weight distance: 0.0265
2025-09-23 04:03:16,232 - INFO - Example /home/projects/bagon/shared/imagenet512/val/n02325366/ILSVRC2012_val_00025889.JPEG reached epsilon at step 698, loss sum: 238.5544, final loss: 0.00099659, weight distance: 0.0358
2025-09-23 04:03:41,804 - INFO - Example /home/projects/bagon/shared/imagenet512/val/n03832673/ILSVRC2012_val_00039330.JPEG reached epsilon at step 460, loss sum: 67.7839, final loss: 0.00099182, weight distance: 0.0278
2025-09-23 04:04:09,382 - INFO - Example /home/projects/bagon/shared/imagenet512/val/n04550184/ILSVRC2012_val_00041236.JPEG reached epsilon at step 495, loss sum: 169.1578, final loss: 0.00099373, weight distance: 0.0263
2025-09-23 04:04:36,080 - INFO - Example /home/projects/bagon/shared/imagenet512/val/n02871525/ILSVRC2012_val_00012973.JPEG reached epsilon at step 479, loss sum: 448.6560, final loss: 0.00099564, weight distance: 0.0336
2025-09-23 04:05:00,043 - INFO - Example /home/projects/bagon/shared/imagenet512/val/n02988304/ILSVRC2012_val_00036782.JPEG reached epsilon at step 428, loss sum: 376.1685, final loss: 0.00099850, weight distance: 0.0285
2025-09-23 04:05:15,473 - INFO - Example /home/projects/bagon/shared/imagenet512/val/n04118776/ILSVRC2012_val_00002870.JPEG reached epsilon at step 269, loss sum: 114.0431, final loss: 0.00099659, weight distance: 0.0199
2025-09-23 04:07:10,777 - INFO - Example /home/projects/bagon/shared/imagenet512/val/n04154565/ILSVRC2012_val_00020251.JPEG reached epsilon at step 2111, loss sum: 530.8642, final loss: 0.00099277, weight distance: 0.0312
2025-09-23 04:07:26,882 - INFO - Example /home/projects/bagon/shared/imagenet512/val/n04479046/ILSVRC2012_val_00037612.JPEG reached epsilon at step 283, loss sum: 205.5488, final loss: 0.00099659, weight distance: 0.0197
2025-09-23 04:07:58,157 - INFO - Example /home/projects/bagon/shared/imagenet512/val/n02979186/ILSVRC2012_val_00008651.JPEG reached epsilon at step 563, loss sum: 170.4230, final loss: 0.00099564, weight distance: 0.0393
2025-09-23 04:08:32,938 - INFO - Example /home/projects/bagon/shared/imagenet512/val/n02106030/ILSVRC2012_val_00016572.JPEG reached epsilon at step 628, loss sum: 99.1022, final loss: 0.00099850, weight distance: 0.0374
2025-09-23 04:08:54,343 - INFO - Example /home/projects/bagon/shared/imagenet512/val/n04366367/ILSVRC2012_val_00024513.JPEG reached epsilon at step 381, loss sum: 181.5911, final loss: 0.00099754, weight distance: 0.0249
2025-09-23 04:09:48,416 - INFO - Example /home/projects/bagon/shared/imagenet512/val/n04392985/ILSVRC2012_val_00005881.JPEG reached epsilon at step 983, loss sum: 158.1575, final loss: 0.00099564, weight distance: 0.0356
2025-09-23 04:10:18,055 - INFO - Example /home/projects/bagon/shared/imagenet512/val/n03933933/ILSVRC2012_val_00033399.JPEG reached epsilon at step 533, loss sum: 204.7248, final loss: 0.00099373, weight distance: 0.0317
2025-09-23 04:10:47,758 - INFO - Example /home/projects/bagon/shared/imagenet512/val/n04398044/ILSVRC2012_val_00039681.JPEG reached epsilon at step 535, loss sum: 128.5464, final loss: 0.00098991, weight distance: 0.0329
2025-09-23 04:11:24,397 - INFO - Example /home/projects/bagon/shared/imagenet512/val/n02088466/ILSVRC2012_val_00013651.JPEG reached epsilon at step 664, loss sum: 94.0947, final loss: 0.00099754, weight distance: 0.0303
2025-09-23 04:11:38,960 - INFO - Example /home/projects/bagon/shared/imagenet512/val/n02971356/ILSVRC2012_val_00041798.JPEG reached epsilon at step 256, loss sum: 28.6176, final loss: 0.00099182, weight distance: 0.0132
2025-09-23 04:11:53,794 - INFO - Example /home/projects/bagon/shared/imagenet512/val/n03498962/ILSVRC2012_val_00013140.JPEG reached epsilon at step 261, loss sum: 258.9737, final loss: 0.00099659, weight distance: 0.0153
2025-09-23 04:12:27,494 - INFO - Example /home/projects/bagon/shared/imagenet512/val/n04357314/ILSVRC2012_val_00016521.JPEG reached epsilon at step 608, loss sum: 159.8352, final loss: 0.00099373, weight distance: 0.0375
2025-09-23 04:12:42,810 - INFO - Example /home/projects/bagon/shared/imagenet512/val/n04596742/ILSVRC2012_val_00015856.JPEG reached epsilon at step 269, loss sum: 413.8813, final loss: 0.00099373, weight distance: 0.0175
2025-09-23 04:13:09,676 - INFO - Example /home/projects/bagon/shared/imagenet512/val/n04355933/ILSVRC2012_val_00039909.JPEG reached epsilon at step 482, loss sum: 350.7048, final loss: 0.00099564, weight distance: 0.0295
2025-09-23 04:13:57,323 - INFO - Example /home/projects/bagon/shared/imagenet512/val/n01773797/ILSVRC2012_val_00043646.JPEG reached epsilon at step 867, loss sum: 209.7305, final loss: 0.00099945, weight distance: 0.0264
2025-09-23 04:14:43,637 - INFO - Example /home/projects/bagon/shared/imagenet512/val/n02669723/ILSVRC2012_val_00037014.JPEG reached epsilon at step 843, loss sum: 168.9717, final loss: 0.00099564, weight distance: 0.0318
2025-09-23 04:15:05,537 - INFO - Example /home/projects/bagon/shared/imagenet512/val/n09421951/ILSVRC2012_val_00020343.JPEG reached epsilon at step 391, loss sum: 200.7601, final loss: 0.00099945, weight distance: 0.0286
2025-09-23 04:15:41,053 - INFO - Example /home/projects/bagon/shared/imagenet512/val/n02089078/ILSVRC2012_val_00029836.JPEG reached epsilon at step 641, loss sum: 462.8931, final loss: 0.00099182, weight distance: 0.0381
2025-09-23 04:15:54,136 - INFO - Example /home/projects/bagon/shared/imagenet512/val/n04286575/ILSVRC2012_val_00046750.JPEG reached epsilon at step 227, loss sum: 154.0414, final loss: 0.00099468, weight distance: 0.0125
2025-09-23 04:16:55,370 - INFO - Example /home/projects/bagon/shared/imagenet512/val/n07930864/ILSVRC2012_val_00046595.JPEG reached epsilon at step 1122, loss sum: 198.1599, final loss: 0.00099754, weight distance: 0.0239
2025-09-23 04:17:48,550 - INFO - Example /home/projects/bagon/shared/imagenet512/val/n02089973/ILSVRC2012_val_00001777.JPEG reached epsilon at step 970, loss sum: 113.5879, final loss: 0.00099754, weight distance: 0.0355
2025-09-23 04:18:18,147 - INFO - Example /home/projects/bagon/shared/imagenet512/val/n02107312/ILSVRC2012_val_00016543.JPEG reached epsilon at step 533, loss sum: 334.1842, final loss: 0.00099373, weight distance: 0.0288
2025-09-23 04:18:47,008 - INFO - Example /home/projects/bagon/shared/imagenet512/val/n02669723/ILSVRC2012_val_00016845.JPEG reached epsilon at step 521, loss sum: 87.4236, final loss: 0.00099564, weight distance: 0.0278
2025-09-23 04:19:10,517 - INFO - Example /home/projects/bagon/shared/imagenet512/val/n02264363/ILSVRC2012_val_00036196.JPEG reached epsilon at step 422, loss sum: 367.9553, final loss: 0.00099850, weight distance: 0.0250
2025-09-23 04:19:39,943 - INFO - Example /home/projects/bagon/shared/imagenet512/val/n04560804/ILSVRC2012_val_00005897.JPEG reached epsilon at step 532, loss sum: 117.3418, final loss: 0.00099945, weight distance: 0.0234
2025-09-23 04:19:59,346 - INFO - Example /home/projects/bagon/shared/imagenet512/val/n02111500/ILSVRC2012_val_00022990.JPEG reached epsilon at step 346, loss sum: 41.1540, final loss: 0.00099754, weight distance: 0.0170
2025-09-23 04:21:00,198 - INFO - Example /home/projects/bagon/shared/imagenet512/val/n02096294/ILSVRC2012_val_00042022.JPEG reached epsilon at step 1114, loss sum: 312.7566, final loss: 0.00099659, weight distance: 0.0266
2025-09-23 04:21:26,092 - INFO - Example /home/projects/bagon/shared/imagenet512/val/n03642806/ILSVRC2012_val_00031843.JPEG reached epsilon at step 465, loss sum: 153.0307, final loss: 0.00099754, weight distance: 0.0274
2025-09-23 04:21:48,345 - INFO - Example /home/projects/bagon/shared/imagenet512/val/n03908618/ILSVRC2012_val_00037720.JPEG reached epsilon at step 398, loss sum: 187.0503, final loss: 0.00099564, weight distance: 0.0242
2025-09-23 04:22:30,190 - INFO - Example /home/projects/bagon/shared/imagenet512/val/n01756291/ILSVRC2012_val_00013574.JPEG reached epsilon at step 760, loss sum: 217.6480, final loss: 0.00099564, weight distance: 0.0334
2025-09-23 04:22:56,070 - INFO - Example /home/projects/bagon/shared/imagenet512/val/n07711569/ILSVRC2012_val_00012168.JPEG reached epsilon at step 464, loss sum: 191.0594, final loss: 0.00099373, weight distance: 0.0224
2025-09-23 04:23:31,035 - INFO - Example /home/projects/bagon/shared/imagenet512/val/n02134418/ILSVRC2012_val_00038825.JPEG reached epsilon at step 632, loss sum: 175.9458, final loss: 0.00099277, weight distance: 0.0283
2025-09-23 04:23:57,282 - INFO - Example /home/projects/bagon/shared/imagenet512/val/n04557648/ILSVRC2012_val_00019201.JPEG reached epsilon at step 472, loss sum: 129.9563, final loss: 0.00099373, weight distance: 0.0283
2025-09-23 04:24:23,027 - INFO - Example /home/projects/bagon/shared/imagenet512/val/n02097209/ILSVRC2012_val_00028518.JPEG reached epsilon at step 462, loss sum: 88.5004, final loss: 0.00099850, weight distance: 0.0293
2025-09-23 04:24:43,855 - INFO - Example /home/projects/bagon/shared/imagenet512/val/n03770679/ILSVRC2012_val_00032380.JPEG reached epsilon at step 371, loss sum: 152.3209, final loss: 0.00099373, weight distance: 0.0208
2025-09-23 04:25:13,956 - INFO - Example /home/projects/bagon/shared/imagenet512/val/n07717556/ILSVRC2012_val_00030324.JPEG reached epsilon at step 542, loss sum: 126.8059, final loss: 0.00099182, weight distance: 0.0294
2025-09-23 04:25:38,684 - INFO - Example /home/projects/bagon/shared/imagenet512/val/n03240683/ILSVRC2012_val_00018696.JPEG reached epsilon at step 443, loss sum: 51.2660, final loss: 0.00099373, weight distance: 0.0219
2025-09-23 04:25:57,825 - INFO - Example /home/projects/bagon/shared/imagenet512/val/n04560804/ILSVRC2012_val_00049156.JPEG reached epsilon at step 340, loss sum: 119.5434, final loss: 0.00099373, weight distance: 0.0235
2025-09-23 04:26:23,502 - INFO - Example /home/projects/bagon/shared/imagenet512/val/n07248320/ILSVRC2012_val_00038591.JPEG reached epsilon at step 462, loss sum: 91.9775, final loss: 0.00099850, weight distance: 0.0172
2025-09-23 04:26:50,570 - INFO - Example /home/projects/bagon/shared/imagenet512/val/n02123159/ILSVRC2012_val_00017486.JPEG reached epsilon at step 485, loss sum: 191.6853, final loss: 0.00099564, weight distance: 0.0308
2025-09-23 04:27:16,624 - INFO - Example /home/projects/bagon/shared/imagenet512/val/n07684084/ILSVRC2012_val_00034151.JPEG reached epsilon at step 467, loss sum: 231.3497, final loss: 0.00099945, weight distance: 0.0302
2025-09-23 04:27:57,469 - INFO - Example /home/projects/bagon/shared/imagenet512/val/n03773504/ILSVRC2012_val_00019081.JPEG reached epsilon at step 739, loss sum: 120.3842, final loss: 0.00099182, weight distance: 0.0328
2025-09-23 04:28:32,267 - INFO - Example /home/projects/bagon/shared/imagenet512/val/n02123394/ILSVRC2012_val_00010218.JPEG reached epsilon at step 629, loss sum: 148.5595, final loss: 0.00099659, weight distance: 0.0313
2025-09-23 04:28:45,889 - INFO - Example /home/projects/bagon/shared/imagenet512/val/n04239074/ILSVRC2012_val_00003278.JPEG reached epsilon at step 238, loss sum: 94.2503, final loss: 0.00099754, weight distance: 0.0145
2025-09-23 04:30:32,094 - INFO - Example /home/projects/bagon/shared/imagenet512/val/n04560804/ILSVRC2012_val_00034852.JPEG reached epsilon at step 1965, loss sum: 140.8455, final loss: 0.00099659, weight distance: 0.0291
2025-09-23 04:31:12,635 - INFO - Example /home/projects/bagon/shared/imagenet512/val/n01749939/ILSVRC2012_val_00008788.JPEG reached epsilon at step 741, loss sum: 422.4383, final loss: 0.00099850, weight distance: 0.0335
2025-09-23 04:31:39,885 - INFO - Example /home/projects/bagon/shared/imagenet512/val/n01514668/ILSVRC2012_val_00010208.JPEG reached epsilon at step 494, loss sum: 110.8428, final loss: 0.00099659, weight distance: 0.0281
2025-09-23 04:32:18,777 - INFO - Example /home/projects/bagon/shared/imagenet512/val/n02114548/ILSVRC2012_val_00016243.JPEG reached epsilon at step 711, loss sum: 111.3993, final loss: 0.00099945, weight distance: 0.0303
2025-09-23 04:36:22,739 - INFO - Example /home/projects/bagon/shared/imagenet512/val/n07749582/ILSVRC2012_val_00033348.JPEG reached epsilon at step 4548, loss sum: 348.6564, final loss: 0.00099945, weight distance: 0.0257
2025-09-23 04:36:51,546 - INFO - Example /home/projects/bagon/shared/imagenet512/val/n03179701/ILSVRC2012_val_00032198.JPEG reached epsilon at step 528, loss sum: 315.2604, final loss: 0.00099277, weight distance: 0.0329
2025-09-23 04:37:09,984 - INFO - Example /home/projects/bagon/shared/imagenet512/val/n04579145/ILSVRC2012_val_00031287.JPEG reached epsilon at step 334, loss sum: 243.9596, final loss: 0.00099754, weight distance: 0.0226
2025-09-23 04:37:41,479 - INFO - Example /home/projects/bagon/shared/imagenet512/val/n02510455/ILSVRC2012_val_00022427.JPEG reached epsilon at step 580, loss sum: 306.4865, final loss: 0.00099850, weight distance: 0.0340
2025-09-23 04:37:53,127 - INFO - Example /home/projects/bagon/shared/imagenet512/val/n04286575/ILSVRC2012_val_00036296.JPEG reached epsilon at step 204, loss sum: 124.0258, final loss: 0.00099659, weight distance: 0.0139
2025-09-23 04:38:29,685 - INFO - Example /home/projects/bagon/shared/imagenet512/val/n02747177/ILSVRC2012_val_00028319.JPEG reached epsilon at step 671, loss sum: 84.3551, final loss: 0.00098991, weight distance: 0.0128
2025-09-23 04:38:46,526 - INFO - Example /home/projects/bagon/shared/imagenet512/val/n04443257/ILSVRC2012_val_00035695.JPEG reached epsilon at step 300, loss sum: 61.5297, final loss: 0.00099850, weight distance: 0.0186
2025-09-23 04:39:16,547 - INFO - Example /home/projects/bagon/shared/imagenet512/val/n02999410/ILSVRC2012_val_00034338.JPEG reached epsilon at step 548, loss sum: 108.3042, final loss: 0.00099277, weight distance: 0.0166
2025-09-23 04:39:42,331 - INFO - Example /home/projects/bagon/shared/imagenet512/val/n02096437/ILSVRC2012_val_00030588.JPEG reached epsilon at step 469, loss sum: 147.6301, final loss: 0.00099564, weight distance: 0.0234
2025-09-23 04:40:03,699 - INFO - Example /home/projects/bagon/shared/imagenet512/val/n04443257/ILSVRC2012_val_00029997.JPEG reached epsilon at step 387, loss sum: 209.8593, final loss: 0.00099945, weight distance: 0.0255
2025-09-23 04:40:28,557 - INFO - Example /home/projects/bagon/shared/imagenet512/val/n02939185/ILSVRC2012_val_00011050.JPEG reached epsilon at step 452, loss sum: 78.2260, final loss: 0.00099373, weight distance: 0.0291
2025-09-23 04:40:53,946 - INFO - Example /home/projects/bagon/shared/imagenet512/val/n02916936/ILSVRC2012_val_00038590.JPEG reached epsilon at step 461, loss sum: 295.2616, final loss: 0.00099468, weight distance: 0.0284
2025-09-23 04:41:10,107 - INFO - Example /home/projects/bagon/shared/imagenet512/val/n04532106/ILSVRC2012_val_00048541.JPEG reached epsilon at step 289, loss sum: 59.7172, final loss: 0.00099945, weight distance: 0.0156
2025-09-23 04:41:40,213 - INFO - Example /home/projects/bagon/shared/imagenet512/val/n04131690/ILSVRC2012_val_00009150.JPEG reached epsilon at step 552, loss sum: 101.1900, final loss: 0.00099659, weight distance: 0.0135
2025-09-23 04:42:08,846 - INFO - Example /home/projects/bagon/shared/imagenet512/val/n04023962/ILSVRC2012_val_00009676.JPEG reached epsilon at step 525, loss sum: 255.6383, final loss: 0.00099468, weight distance: 0.0299
2025-09-23 04:42:22,385 - INFO - Example /home/projects/bagon/shared/imagenet512/val/n02834397/ILSVRC2012_val_00046879.JPEG reached epsilon at step 241, loss sum: 26.6403, final loss: 0.00099754, weight distance: 0.0129
2025-09-23 04:43:07,717 - INFO - Example /home/projects/bagon/shared/imagenet512/val/n02113712/ILSVRC2012_val_00028246.JPEG reached epsilon at step 839, loss sum: 177.2969, final loss: 0.00099373, weight distance: 0.0389
2025-09-23 04:43:43,816 - INFO - Example /home/projects/bagon/shared/imagenet512/val/n02092002/ILSVRC2012_val_00049206.JPEG reached epsilon at step 668, loss sum: 189.7098, final loss: 0.00099850, weight distance: 0.0395
2025-09-23 04:44:17,899 - INFO - Example /home/projects/bagon/shared/imagenet512/val/n02094433/ILSVRC2012_val_00019702.JPEG reached epsilon at step 625, loss sum: 131.2059, final loss: 0.00099373, weight distance: 0.0332
2025-09-23 04:44:56,114 - INFO - Example /home/projects/bagon/shared/imagenet512/val/n02123159/ILSVRC2012_val_00025723.JPEG reached epsilon at step 706, loss sum: 143.3077, final loss: 0.00099850, weight distance: 0.0363
2025-09-23 04:45:42,669 - INFO - Example /home/projects/bagon/shared/imagenet512/val/n06874185/ILSVRC2012_val_00006593.JPEG reached epsilon at step 863, loss sum: 474.6681, final loss: 0.00099850, weight distance: 0.0292
2025-09-23 04:47:03,428 - INFO - Example /home/projects/bagon/shared/imagenet512/val/n01753488/ILSVRC2012_val_00036910.JPEG reached epsilon at step 1507, loss sum: 99.7332, final loss: 0.00099850, weight distance: 0.0539
2025-09-23 04:47:41,058 - INFO - Example /home/projects/bagon/shared/imagenet512/val/n03180011/ILSVRC2012_val_00009325.JPEG reached epsilon at step 697, loss sum: 118.5885, final loss: 0.00099945, weight distance: 0.0375
2025-09-23 04:48:03,060 - INFO - Example /home/projects/bagon/shared/imagenet512/val/n07714990/ILSVRC2012_val_00025693.JPEG reached epsilon at step 398, loss sum: 174.9280, final loss: 0.00099564, weight distance: 0.0239
2025-09-23 04:48:43,650 - INFO - Example /home/projects/bagon/shared/imagenet512/val/n02504458/ILSVRC2012_val_00030840.JPEG reached epsilon at step 749, loss sum: 86.9733, final loss: 0.00099850, weight distance: 0.0350
2025-09-23 04:49:08,089 - INFO - Example /home/projects/bagon/shared/imagenet512/val/n02395406/ILSVRC2012_val_00032734.JPEG reached epsilon at step 445, loss sum: 418.6299, final loss: 0.00099182, weight distance: 0.0296
2025-09-23 04:49:32,015 - INFO - Example /home/projects/bagon/shared/imagenet512/val/n04009552/ILSVRC2012_val_00006864.JPEG reached epsilon at step 436, loss sum: 174.6457, final loss: 0.00099850, weight distance: 0.0254
2025-09-23 04:49:53,767 - INFO - Example /home/projects/bagon/shared/imagenet512/val/n04591713/ILSVRC2012_val_00019154.JPEG reached epsilon at step 395, loss sum: 57.1628, final loss: 0.00099373, weight distance: 0.0173
2025-09-23 04:50:09,117 - INFO - Example /home/projects/bagon/shared/imagenet512/val/n04357314/ILSVRC2012_val_00003757.JPEG reached epsilon at step 274, loss sum: 274.1214, final loss: 0.00099659, weight distance: 0.0198
2025-09-23 04:50:29,807 - INFO - Example /home/projects/bagon/shared/imagenet512/val/n04328186/ILSVRC2012_val_00007145.JPEG reached epsilon at step 375, loss sum: 196.9865, final loss: 0.00099659, weight distance: 0.0199
2025-09-23 04:52:44,039 - INFO - Example /home/projects/bagon/shared/imagenet512/val/n03485407/ILSVRC2012_val_00005121.JPEG reached epsilon at step 2511, loss sum: 834.6169, final loss: 0.00099850, weight distance: 0.0277
2025-09-23 04:53:08,891 - INFO - Example /home/projects/bagon/shared/imagenet512/val/n02895154/ILSVRC2012_val_00045316.JPEG reached epsilon at step 453, loss sum: 193.4606, final loss: 0.00099659, weight distance: 0.0308
2025-09-23 04:54:33,346 - INFO - Example /home/projects/bagon/shared/imagenet512/val/n03447721/ILSVRC2012_val_00004592.JPEG reached epsilon at step 1575, loss sum: 84.6731, final loss: 0.00099659, weight distance: 0.0225
2025-09-23 04:54:33,983 - INFO - Time limit reached. Exiting before starting next example.
