2025-09-23 03:09:29,978 - INFO - Parsed arguments:
2025-09-23 03:09:29,978 - INFO -   amp_dtype = None
2025-09-23 03:09:29,978 - INFO -   bars_npy = /home/projects/bagon/andreyg/Projects/BMM_school/Universal_learning/Programming/bars/geq6wrong_21017_geq6correct_1525_imagenet.npy
2025-09-23 03:09:29,978 - INFO -   cka_layer_fraction = 0.05
2025-09-23 03:09:29,978 - INFO -   current_worker = 5
2025-09-23 03:09:29,978 - INFO -   deterministic = True
2025-09-23 03:09:29,978 - INFO -   device = cuda
2025-09-23 03:09:29,978 - INFO -   epsilon = 0.001
2025-09-23 03:09:29,978 - INFO -   examples_csv = /home/projects/bagon/andreyg/Projects/BMM_school/Universal_learning/Programming/bars/geq6wrong_21017_geq6correct_1525_imagenet_examples_ammended.csv
2025-09-23 03:09:29,978 - INFO -   explicit_examples_for_training = None
2025-09-23 03:09:29,978 - INFO -   grad_clip_norm = 1.0
2025-09-23 03:09:29,978 - INFO -   hierarchy_json = /home/projects/bagon/andreyg/Projects/BMM_school/Universal_learning/Programming/bars/imagenet_synset_hierarchy.json
2025-09-23 03:09:29,978 - INFO -   imagenet_models_csv = /home/projects/bagon/andreyg/Projects/BMM_school/Universal_learning/Programming/bars/imagenet_models.csv
2025-09-23 03:09:29,978 - INFO -   lr = 0.0001
2025-09-23 03:09:29,978 - INFO -   max_examples = 50000
2025-09-23 03:09:29,979 - INFO -   max_steps_per_example = 10000
2025-09-23 03:09:29,979 - INFO -   model_csv_name = convnext_tiny_224_classification_imagenet_12k_ft_classification_imagenet_1k
2025-09-23 03:09:29,979 - INFO -   model_name = convnext_tiny.in12k_ft_in1k
2025-09-23 03:09:29,979 - INFO -   no_amp = False
2025-09-23 03:09:29,979 - INFO -   num_workers = 8
2025-09-23 03:09:29,979 - INFO -   output_dir = /home/projects/bagon/andreyg/Projects/BMM_school/Universal_learning/Programming/training_gradient_evaluator_single_loss_parallel/output_parallel_8_workers_trial_2
2025-09-23 03:09:29,979 - INFO -   root_dir = None
2025-09-23 03:09:29,979 - INFO -   seed = 1337
2025-09-23 03:09:29,979 - INFO -   time_limit_seconds = 6300
2025-09-23 03:09:29,979 - INFO -   weight_decay = 0.0
2025-09-23 03:09:29,979 - INFO -   zero_aug_train = False
2025-09-23 03:09:30,982 - INFO - Loaded TIMM pretrained weights for convnext_tiny.in12k_ft_in1k
2025-09-23 03:09:30,982 - INFO - pretrained_cfg.url= hf_hub_id=timm/convnext_tiny.in12k_ft_in1k
2025-09-23 03:09:31,375 - INFO - Training configuration:
2025-09-23 03:09:31,376 - INFO -   lr = 0.0001
2025-09-23 03:09:31,376 - INFO -   weight_decay = 0.0
2025-09-23 03:09:31,376 - INFO -   max_steps = 10000
2025-09-23 03:09:31,376 - INFO -   epsilon = 0.001
2025-09-23 03:09:31,376 - INFO -   device = cuda
2025-09-23 03:09:31,376 - INFO -   use_amp = True
2025-09-23 03:09:31,376 - INFO -   amp_dtype = None
2025-09-23 03:09:31,376 - INFO -   gradient_clip_norm = 1.0
2025-09-23 03:09:58,119 - INFO - Example /home/projects/bagon/shared/imagenet512/val/n02098286/ILSVRC2012_val_00030961.JPEG reached epsilon at step 438, loss sum: 126.9273, final loss: 0.00099754, weight distance: 0.0223
2025-09-23 03:10:28,717 - INFO - Example /home/projects/bagon/shared/imagenet512/val/n01514859/ILSVRC2012_val_00004183.JPEG reached epsilon at step 581, loss sum: 217.6879, final loss: 0.00099659, weight distance: 0.0339
2025-09-23 03:10:45,083 - INFO - Example /home/projects/bagon/shared/imagenet512/val/n07697537/ILSVRC2012_val_00046213.JPEG reached epsilon at step 306, loss sum: 92.2297, final loss: 0.00099468, weight distance: 0.0187
2025-09-23 03:11:04,970 - INFO - Example /home/projects/bagon/shared/imagenet512/val/n04376876/ILSVRC2012_val_00019899.JPEG reached epsilon at step 373, loss sum: 87.5107, final loss: 0.00099564, weight distance: 0.0160
2025-09-23 03:11:27,710 - INFO - Example /home/projects/bagon/shared/imagenet512/val/n04485082/ILSVRC2012_val_00024877.JPEG reached epsilon at step 432, loss sum: 38.3701, final loss: 0.00099182, weight distance: 0.0249
2025-09-23 03:11:47,683 - INFO - Example /home/projects/bagon/shared/imagenet512/val/n03126707/ILSVRC2012_val_00006428.JPEG reached epsilon at step 377, loss sum: 88.3072, final loss: 0.00099468, weight distance: 0.0206
2025-09-23 03:12:12,148 - INFO - Example /home/projects/bagon/shared/imagenet512/val/n07717556/ILSVRC2012_val_00012757.JPEG reached epsilon at step 466, loss sum: 122.2178, final loss: 0.00099850, weight distance: 0.0272
2025-09-23 03:12:39,391 - INFO - Example /home/projects/bagon/shared/imagenet512/val/n12998815/ILSVRC2012_val_00016330.JPEG reached epsilon at step 521, loss sum: 177.6226, final loss: 0.00099564, weight distance: 0.0248
2025-09-23 03:13:07,031 - INFO - Example /home/projects/bagon/shared/imagenet512/val/n03400231/ILSVRC2012_val_00033419.JPEG reached epsilon at step 529, loss sum: 50.6803, final loss: 0.00099659, weight distance: 0.0294
2025-09-23 03:13:53,907 - INFO - Example /home/projects/bagon/shared/imagenet512/val/n04008634/ILSVRC2012_val_00032572.JPEG reached epsilon at step 895, loss sum: 70.5782, final loss: 0.00099564, weight distance: 0.0418
2025-09-23 03:14:39,611 - INFO - Example /home/projects/bagon/shared/imagenet512/val/n04591713/ILSVRC2012_val_00035740.JPEG reached epsilon at step 869, loss sum: 77.4453, final loss: 0.00099277, weight distance: 0.0236
2025-09-23 03:15:07,381 - INFO - Example /home/projects/bagon/shared/imagenet512/val/n02096294/ILSVRC2012_val_00029691.JPEG reached epsilon at step 533, loss sum: 34.9728, final loss: 0.00099659, weight distance: 0.0227
2025-09-23 03:15:46,274 - INFO - Example /home/projects/bagon/shared/imagenet512/val/n02415577/ILSVRC2012_val_00022966.JPEG reached epsilon at step 745, loss sum: 154.9109, final loss: 0.00099564, weight distance: 0.0403
2025-09-23 03:16:09,680 - INFO - Example /home/projects/bagon/shared/imagenet512/val/n02233338/ILSVRC2012_val_00021514.JPEG reached epsilon at step 446, loss sum: 99.2782, final loss: 0.00099754, weight distance: 0.0259
2025-09-23 03:17:06,146 - INFO - Example /home/projects/bagon/shared/imagenet512/val/n03394916/ILSVRC2012_val_00003587.JPEG reached epsilon at step 1092, loss sum: 238.3859, final loss: 0.00099850, weight distance: 0.0388
2025-09-23 03:17:20,472 - INFO - Example /home/projects/bagon/shared/imagenet512/val/n02910353/ILSVRC2012_val_00028179.JPEG reached epsilon at step 268, loss sum: 141.8321, final loss: 0.00099564, weight distance: 0.0176
2025-09-23 03:18:26,330 - INFO - Example /home/projects/bagon/shared/imagenet512/val/n01914609/ILSVRC2012_val_00031110.JPEG reached epsilon at step 1284, loss sum: 203.1734, final loss: 0.00099659, weight distance: 0.0280
2025-09-23 03:18:46,395 - INFO - Example /home/projects/bagon/shared/imagenet512/val/n02091244/ILSVRC2012_val_00001137.JPEG reached epsilon at step 381, loss sum: 141.7396, final loss: 0.00099277, weight distance: 0.0220
2025-09-23 03:19:02,794 - INFO - Example /home/projects/bagon/shared/imagenet512/val/n03724870/ILSVRC2012_val_00002798.JPEG reached epsilon at step 307, loss sum: 71.5428, final loss: 0.00099850, weight distance: 0.0173
2025-09-23 03:19:23,798 - INFO - Example /home/projects/bagon/shared/imagenet512/val/n03676483/ILSVRC2012_val_00019870.JPEG reached epsilon at step 400, loss sum: 62.7095, final loss: 0.00099373, weight distance: 0.0242
2025-09-23 03:19:48,294 - INFO - Example /home/projects/bagon/shared/imagenet512/val/n04090263/ILSVRC2012_val_00021492.JPEG reached epsilon at step 468, loss sum: 68.4633, final loss: 0.00099564, weight distance: 0.0267
2025-09-23 03:20:12,084 - INFO - Example /home/projects/bagon/shared/imagenet512/val/n03761084/ILSVRC2012_val_00001614.JPEG reached epsilon at step 454, loss sum: 30.2031, final loss: 0.00099659, weight distance: 0.0198
2025-09-23 03:20:47,461 - INFO - Example /home/projects/bagon/shared/imagenet512/val/n02403003/ILSVRC2012_val_00039271.JPEG reached epsilon at step 684, loss sum: 53.6233, final loss: 0.00099754, weight distance: 0.0310
2025-09-23 03:21:09,803 - INFO - Example /home/projects/bagon/shared/imagenet512/val/n02091467/ILSVRC2012_val_00017193.JPEG reached epsilon at step 424, loss sum: 196.5696, final loss: 0.00099468, weight distance: 0.0274
2025-09-23 03:21:30,587 - INFO - Example /home/projects/bagon/shared/imagenet512/val/n03125729/ILSVRC2012_val_00038317.JPEG reached epsilon at step 396, loss sum: 57.0499, final loss: 0.00099754, weight distance: 0.0212
2025-09-23 03:21:49,146 - INFO - Example /home/projects/bagon/shared/imagenet512/val/n04081281/ILSVRC2012_val_00022454.JPEG reached epsilon at step 349, loss sum: 58.2227, final loss: 0.00099373, weight distance: 0.0229
2025-09-23 03:22:10,553 - INFO - Example /home/projects/bagon/shared/imagenet512/val/n02011460/ILSVRC2012_val_00024007.JPEG reached epsilon at step 406, loss sum: 33.5789, final loss: 0.00099754, weight distance: 0.0211
2025-09-23 03:22:33,200 - INFO - Example /home/projects/bagon/shared/imagenet512/val/n04560804/ILSVRC2012_val_00011758.JPEG reached epsilon at step 433, loss sum: 125.7234, final loss: 0.00099945, weight distance: 0.0261
2025-09-23 03:23:03,723 - INFO - Example /home/projects/bagon/shared/imagenet512/val/n03930630/ILSVRC2012_val_00039963.JPEG reached epsilon at step 587, loss sum: 319.1166, final loss: 0.00099659, weight distance: 0.0262
2025-09-23 03:23:31,281 - INFO - Example /home/projects/bagon/shared/imagenet512/val/n03787032/ILSVRC2012_val_00028732.JPEG reached epsilon at step 529, loss sum: 79.0823, final loss: 0.00099277, weight distance: 0.0277
2025-09-23 03:23:53,614 - INFO - Example /home/projects/bagon/shared/imagenet512/val/n01632458/ILSVRC2012_val_00010675.JPEG reached epsilon at step 418, loss sum: 43.0517, final loss: 0.00099659, weight distance: 0.0211
2025-09-23 03:24:56,324 - INFO - Example /home/projects/bagon/shared/imagenet512/val/n04392985/ILSVRC2012_val_00041808.JPEG reached epsilon at step 1220, loss sum: 178.5120, final loss: 0.00099945, weight distance: 0.0420
2025-09-23 03:25:14,936 - INFO - Example /home/projects/bagon/shared/imagenet512/val/n01685808/ILSVRC2012_val_00010887.JPEG reached epsilon at step 352, loss sum: 38.8770, final loss: 0.00098896, weight distance: 0.0215
2025-09-23 03:25:35,393 - INFO - Example /home/projects/bagon/shared/imagenet512/val/n07584110/ILSVRC2012_val_00030584.JPEG reached epsilon at step 389, loss sum: 157.8517, final loss: 0.00099659, weight distance: 0.0209
2025-09-23 03:26:09,107 - INFO - Example /home/projects/bagon/shared/imagenet512/val/n01990800/ILSVRC2012_val_00014138.JPEG reached epsilon at step 650, loss sum: 364.5509, final loss: 0.00099468, weight distance: 0.0179
2025-09-23 03:26:46,611 - INFO - Example /home/projects/bagon/shared/imagenet512/val/n02808440/ILSVRC2012_val_00030761.JPEG reached epsilon at step 720, loss sum: 229.9226, final loss: 0.00099850, weight distance: 0.0387
2025-09-23 03:27:06,538 - INFO - Example /home/projects/bagon/shared/imagenet512/val/n03998194/ILSVRC2012_val_00015241.JPEG reached epsilon at step 378, loss sum: 117.9758, final loss: 0.00099850, weight distance: 0.0246
2025-09-23 03:27:30,658 - INFO - Example /home/projects/bagon/shared/imagenet512/val/n02871525/ILSVRC2012_val_00041323.JPEG reached epsilon at step 458, loss sum: 255.0402, final loss: 0.00099945, weight distance: 0.0291
2025-09-23 03:28:00,940 - INFO - Example /home/projects/bagon/shared/imagenet512/val/n02107908/ILSVRC2012_val_00033982.JPEG reached epsilon at step 580, loss sum: 101.0062, final loss: 0.00099564, weight distance: 0.0322
2025-09-23 03:28:27,902 - INFO - Example /home/projects/bagon/shared/imagenet512/val/n02106382/ILSVRC2012_val_00003834.JPEG reached epsilon at step 513, loss sum: 104.6574, final loss: 0.00099277, weight distance: 0.0287
2025-09-23 03:28:46,403 - INFO - Example /home/projects/bagon/shared/imagenet512/val/n07248320/ILSVRC2012_val_00027903.JPEG reached epsilon at step 350, loss sum: 201.6603, final loss: 0.00099659, weight distance: 0.0222
2025-09-23 03:29:03,643 - INFO - Example /home/projects/bagon/shared/imagenet512/val/n02892767/ILSVRC2012_val_00010611.JPEG reached epsilon at step 325, loss sum: 220.9941, final loss: 0.00099468, weight distance: 0.0205
2025-09-23 03:29:45,808 - INFO - Example /home/projects/bagon/shared/imagenet512/val/n03838899/ILSVRC2012_val_00027537.JPEG reached epsilon at step 818, loss sum: 96.8702, final loss: 0.00099754, weight distance: 0.0399
2025-09-23 03:29:59,359 - INFO - Example /home/projects/bagon/shared/imagenet512/val/n04235860/ILSVRC2012_val_00026304.JPEG reached epsilon at step 253, loss sum: 15.3226, final loss: 0.00099468, weight distance: 0.0160
2025-09-23 03:30:40,416 - INFO - Example /home/projects/bagon/shared/imagenet512/val/n01682714/ILSVRC2012_val_00015721.JPEG reached epsilon at step 794, loss sum: 157.3542, final loss: 0.00099277, weight distance: 0.0472
2025-09-23 03:31:15,346 - INFO - Example /home/projects/bagon/shared/imagenet512/val/n03710637/ILSVRC2012_val_00041429.JPEG reached epsilon at step 673, loss sum: 161.0076, final loss: 0.00099754, weight distance: 0.0394
2025-09-23 03:31:47,314 - INFO - Example /home/projects/bagon/shared/imagenet512/val/n07753592/ILSVRC2012_val_00018896.JPEG reached epsilon at step 613, loss sum: 36.9706, final loss: 0.00099754, weight distance: 0.0242
2025-09-23 03:32:16,243 - INFO - Example /home/projects/bagon/shared/imagenet512/val/n04296562/ILSVRC2012_val_00025553.JPEG reached epsilon at step 555, loss sum: 237.7305, final loss: 0.00099468, weight distance: 0.0212
2025-09-23 03:32:33,835 - INFO - Example /home/projects/bagon/shared/imagenet512/val/n02666196/ILSVRC2012_val_00023881.JPEG reached epsilon at step 332, loss sum: 101.5216, final loss: 0.00099277, weight distance: 0.0225
2025-09-23 03:32:50,911 - INFO - Example /home/projects/bagon/shared/imagenet512/val/n02441942/ILSVRC2012_val_00031587.JPEG reached epsilon at step 321, loss sum: 65.5217, final loss: 0.00099659, weight distance: 0.0213
2025-09-23 03:33:09,229 - INFO - Example /home/projects/bagon/shared/imagenet512/val/n02769748/ILSVRC2012_val_00042967.JPEG reached epsilon at step 344, loss sum: 31.6584, final loss: 0.00099754, weight distance: 0.0174
2025-09-23 03:34:37,233 - INFO - Example /home/projects/bagon/shared/imagenet512/val/n02100877/ILSVRC2012_val_00039863.JPEG reached epsilon at step 1701, loss sum: 408.6300, final loss: 0.00099850, weight distance: 0.0258
2025-09-23 03:35:08,210 - INFO - Example /home/projects/bagon/shared/imagenet512/val/n01740131/ILSVRC2012_val_00043843.JPEG reached epsilon at step 578, loss sum: 84.3360, final loss: 0.00099468, weight distance: 0.0303
2025-09-23 03:35:32,300 - INFO - Example /home/projects/bagon/shared/imagenet512/val/n02089078/ILSVRC2012_val_00000327.JPEG reached epsilon at step 446, loss sum: 66.7585, final loss: 0.00099277, weight distance: 0.0237
2025-09-23 03:35:54,329 - INFO - Example /home/projects/bagon/shared/imagenet512/val/n03866082/ILSVRC2012_val_00018050.JPEG reached epsilon at step 411, loss sum: 77.5594, final loss: 0.00099945, weight distance: 0.0248
2025-09-23 03:36:25,333 - INFO - Example /home/projects/bagon/shared/imagenet512/val/n01744401/ILSVRC2012_val_00039489.JPEG reached epsilon at step 596, loss sum: 77.7518, final loss: 0.00099277, weight distance: 0.0294
2025-09-23 03:36:44,310 - INFO - Example /home/projects/bagon/shared/imagenet512/val/n04041544/ILSVRC2012_val_00042524.JPEG reached epsilon at step 356, loss sum: 284.6231, final loss: 0.00099659, weight distance: 0.0252
2025-09-23 03:37:05,937 - INFO - Example /home/projects/bagon/shared/imagenet512/val/n03777754/ILSVRC2012_val_00040760.JPEG reached epsilon at step 407, loss sum: 50.2832, final loss: 0.00099659, weight distance: 0.0222
2025-09-23 03:37:54,518 - INFO - Example /home/projects/bagon/shared/imagenet512/val/n02109961/ILSVRC2012_val_00039381.JPEG reached epsilon at step 934, loss sum: 98.7772, final loss: 0.00099945, weight distance: 0.0389
2025-09-23 03:38:18,087 - INFO - Example /home/projects/bagon/shared/imagenet512/val/n02087046/ILSVRC2012_val_00007511.JPEG reached epsilon at step 439, loss sum: 61.3714, final loss: 0.00099754, weight distance: 0.0208
2025-09-23 03:38:52,611 - INFO - Example /home/projects/bagon/shared/imagenet512/val/n01983481/ILSVRC2012_val_00020280.JPEG reached epsilon at step 658, loss sum: 199.9403, final loss: 0.00099468, weight distance: 0.0307
2025-09-23 03:39:19,156 - INFO - Example /home/projects/bagon/shared/imagenet512/val/n01644900/ILSVRC2012_val_00011724.JPEG reached epsilon at step 496, loss sum: 47.4058, final loss: 0.00099945, weight distance: 0.0300
2025-09-23 03:39:51,523 - INFO - Example /home/projects/bagon/shared/imagenet512/val/n04525305/ILSVRC2012_val_00012357.JPEG reached epsilon at step 603, loss sum: 78.1780, final loss: 0.00099564, weight distance: 0.0329
2025-09-23 03:40:11,574 - INFO - Example /home/projects/bagon/shared/imagenet512/val/n02769748/ILSVRC2012_val_00029320.JPEG reached epsilon at step 369, loss sum: 149.4119, final loss: 0.00099468, weight distance: 0.0227
2025-09-23 03:40:29,395 - INFO - Example /home/projects/bagon/shared/imagenet512/val/n04591157/ILSVRC2012_val_00016002.JPEG reached epsilon at step 326, loss sum: 146.8736, final loss: 0.00099373, weight distance: 0.0225
2025-09-23 03:40:45,148 - INFO - Example /home/projects/bagon/shared/imagenet512/val/n04372370/ILSVRC2012_val_00044588.JPEG reached epsilon at step 276, loss sum: 92.2196, final loss: 0.00099659, weight distance: 0.0182
2025-09-23 03:41:05,431 - INFO - Example /home/projects/bagon/shared/imagenet512/val/n07742313/ILSVRC2012_val_00036797.JPEG reached epsilon at step 381, loss sum: 423.9335, final loss: 0.00099277, weight distance: 0.0293
2025-09-23 03:41:20,450 - INFO - Example /home/projects/bagon/shared/imagenet512/val/n03532672/ILSVRC2012_val_00041821.JPEG reached epsilon at step 273, loss sum: 131.6290, final loss: 0.00099373, weight distance: 0.0161
2025-09-23 03:41:46,724 - INFO - Example /home/projects/bagon/shared/imagenet512/val/n03063689/ILSVRC2012_val_00008304.JPEG reached epsilon at step 489, loss sum: 72.7193, final loss: 0.00099182, weight distance: 0.0296
2025-09-23 03:42:21,638 - INFO - Example /home/projects/bagon/shared/imagenet512/val/n02231487/ILSVRC2012_val_00047863.JPEG reached epsilon at step 655, loss sum: 77.6128, final loss: 0.00099850, weight distance: 0.0270
2025-09-23 03:42:44,757 - INFO - Example /home/projects/bagon/shared/imagenet512/val/n03255030/ILSVRC2012_val_00033532.JPEG reached epsilon at step 433, loss sum: 102.4322, final loss: 0.00099754, weight distance: 0.0221
2025-09-23 03:43:16,292 - INFO - Example /home/projects/bagon/shared/imagenet512/val/n02326432/ILSVRC2012_val_00038132.JPEG reached epsilon at step 606, loss sum: 123.4585, final loss: 0.00099850, weight distance: 0.0303
2025-09-23 03:43:41,584 - INFO - Example /home/projects/bagon/shared/imagenet512/val/n02112137/ILSVRC2012_val_00007654.JPEG reached epsilon at step 470, loss sum: 106.7020, final loss: 0.00099754, weight distance: 0.0225
2025-09-23 03:44:06,459 - INFO - Example /home/projects/bagon/shared/imagenet512/val/n04127249/ILSVRC2012_val_00030979.JPEG reached epsilon at step 470, loss sum: 274.6753, final loss: 0.00099564, weight distance: 0.0260
2025-09-23 03:44:40,687 - INFO - Example /home/projects/bagon/shared/imagenet512/val/n02669723/ILSVRC2012_val_00034987.JPEG reached epsilon at step 652, loss sum: 85.8111, final loss: 0.00099850, weight distance: 0.0328
2025-09-23 03:45:48,596 - INFO - Example /home/projects/bagon/shared/imagenet512/val/n03793489/ILSVRC2012_val_00021458.JPEG reached epsilon at step 1286, loss sum: 248.8307, final loss: 0.00099945, weight distance: 0.0220
2025-09-23 03:46:15,303 - INFO - Example /home/projects/bagon/shared/imagenet512/val/n02791124/ILSVRC2012_val_00014462.JPEG reached epsilon at step 497, loss sum: 70.3411, final loss: 0.00099754, weight distance: 0.0276
2025-09-23 03:46:32,306 - INFO - Example /home/projects/bagon/shared/imagenet512/val/n03042490/ILSVRC2012_val_00037549.JPEG reached epsilon at step 314, loss sum: 79.7898, final loss: 0.00099945, weight distance: 0.0199
2025-09-23 03:46:58,739 - INFO - Example /home/projects/bagon/shared/imagenet512/val/n04004767/ILSVRC2012_val_00011455.JPEG reached epsilon at step 504, loss sum: 102.1303, final loss: 0.00099373, weight distance: 0.0213
2025-09-23 03:47:14,786 - INFO - Example /home/projects/bagon/shared/imagenet512/val/n07717556/ILSVRC2012_val_00047933.JPEG reached epsilon at step 295, loss sum: 126.6294, final loss: 0.00099850, weight distance: 0.0157
2025-09-23 03:47:40,079 - INFO - Example /home/projects/bagon/shared/imagenet512/val/n02823750/ILSVRC2012_val_00042994.JPEG reached epsilon at step 480, loss sum: 41.1113, final loss: 0.00099564, weight distance: 0.0285
2025-09-23 03:48:02,275 - INFO - Example /home/projects/bagon/shared/imagenet512/val/n04380533/ILSVRC2012_val_00012725.JPEG reached epsilon at step 418, loss sum: 66.7795, final loss: 0.00099754, weight distance: 0.0216
2025-09-23 03:48:28,128 - INFO - Example /home/projects/bagon/shared/imagenet512/val/n04591713/ILSVRC2012_val_00049393.JPEG reached epsilon at step 480, loss sum: 237.0951, final loss: 0.00099850, weight distance: 0.0288
2025-09-23 03:49:05,544 - INFO - Example /home/projects/bagon/shared/imagenet512/val/n02927161/ILSVRC2012_val_00014380.JPEG reached epsilon at step 704, loss sum: 107.9411, final loss: 0.00099945, weight distance: 0.0303
2025-09-23 03:49:26,147 - INFO - Example /home/projects/bagon/shared/imagenet512/val/n06794110/ILSVRC2012_val_00046475.JPEG reached epsilon at step 382, loss sum: 121.0208, final loss: 0.00099277, weight distance: 0.0244
2025-09-23 03:49:54,805 - INFO - Example /home/projects/bagon/shared/imagenet512/val/n02107908/ILSVRC2012_val_00016969.JPEG reached epsilon at step 533, loss sum: 93.7623, final loss: 0.00099564, weight distance: 0.0331
2025-09-23 03:50:10,049 - INFO - Example /home/projects/bagon/shared/imagenet512/val/n03871628/ILSVRC2012_val_00017618.JPEG reached epsilon at step 272, loss sum: 93.8275, final loss: 0.00099277, weight distance: 0.0174
2025-09-23 03:50:45,130 - INFO - Example /home/projects/bagon/shared/imagenet512/val/n02396427/ILSVRC2012_val_00032163.JPEG reached epsilon at step 663, loss sum: 87.1220, final loss: 0.00099850, weight distance: 0.0348
2025-09-23 03:51:06,827 - INFO - Example /home/projects/bagon/shared/imagenet512/val/n03967562/ILSVRC2012_val_00032082.JPEG reached epsilon at step 410, loss sum: 196.1827, final loss: 0.00099850, weight distance: 0.0226
2025-09-23 03:51:22,243 - INFO - Example /home/projects/bagon/shared/imagenet512/val/n04192698/ILSVRC2012_val_00019697.JPEG reached epsilon at step 282, loss sum: 213.7355, final loss: 0.00099659, weight distance: 0.0177
2025-09-23 03:51:33,532 - INFO - Example /home/projects/bagon/shared/imagenet512/val/n02795169/ILSVRC2012_val_00000687.JPEG reached epsilon at step 205, loss sum: 106.4130, final loss: 0.00099850, weight distance: 0.0121
2025-09-23 03:52:28,937 - INFO - Example /home/projects/bagon/shared/imagenet512/val/n02808440/ILSVRC2012_val_00024866.JPEG reached epsilon at step 1061, loss sum: 91.1324, final loss: 0.00099564, weight distance: 0.0422
2025-09-23 03:54:26,175 - INFO - Example /home/projects/bagon/shared/imagenet512/val/n04254777/ILSVRC2012_val_00015827.JPEG reached epsilon at step 2254, loss sum: 146.9071, final loss: 0.00099564, weight distance: 0.0163
2025-09-23 03:54:45,898 - INFO - Example /home/projects/bagon/shared/imagenet512/val/n01924916/ILSVRC2012_val_00008623.JPEG reached epsilon at step 363, loss sum: 55.0478, final loss: 0.00099945, weight distance: 0.0193
2025-09-23 03:55:04,218 - INFO - Example /home/projects/bagon/shared/imagenet512/val/n02085620/ILSVRC2012_val_00017702.JPEG reached epsilon at step 337, loss sum: 124.7196, final loss: 0.00099373, weight distance: 0.0159
2025-09-23 03:55:23,115 - INFO - Example /home/projects/bagon/shared/imagenet512/val/n03041632/ILSVRC2012_val_00012885.JPEG reached epsilon at step 358, loss sum: 550.9413, final loss: 0.00099468, weight distance: 0.0163
2025-09-23 03:55:52,983 - INFO - Example /home/projects/bagon/shared/imagenet512/val/n03047690/ILSVRC2012_val_00026701.JPEG reached epsilon at step 556, loss sum: 211.8122, final loss: 0.00099277, weight distance: 0.0297
2025-09-23 03:56:11,753 - INFO - Example /home/projects/bagon/shared/imagenet512/val/n02486410/ILSVRC2012_val_00001155.JPEG reached epsilon at step 347, loss sum: 192.9262, final loss: 0.00099564, weight distance: 0.0210
2025-09-23 03:56:28,029 - INFO - Example /home/projects/bagon/shared/imagenet512/val/n07930864/ILSVRC2012_val_00026197.JPEG reached epsilon at step 308, loss sum: 84.8007, final loss: 0.00099468, weight distance: 0.0180
2025-09-23 03:56:45,984 - INFO - Example /home/projects/bagon/shared/imagenet512/val/n02259212/ILSVRC2012_val_00040451.JPEG reached epsilon at step 332, loss sum: 232.5005, final loss: 0.00099850, weight distance: 0.0190
2025-09-23 03:57:01,762 - INFO - Example /home/projects/bagon/shared/imagenet512/val/n04023962/ILSVRC2012_val_00002782.JPEG reached epsilon at step 290, loss sum: 69.1679, final loss: 0.00099277, weight distance: 0.0156
2025-09-23 03:57:28,338 - INFO - Example /home/projects/bagon/shared/imagenet512/val/n03384352/ILSVRC2012_val_00002612.JPEG reached epsilon at step 510, loss sum: 59.7934, final loss: 0.00099945, weight distance: 0.0263
2025-09-23 03:58:10,258 - INFO - Example /home/projects/bagon/shared/imagenet512/val/n02095314/ILSVRC2012_val_00037153.JPEG reached epsilon at step 787, loss sum: 154.7850, final loss: 0.00099945, weight distance: 0.0250
2025-09-23 03:58:37,559 - INFO - Example /home/projects/bagon/shared/imagenet512/val/n04264628/ILSVRC2012_val_00010159.JPEG reached epsilon at step 508, loss sum: 88.6646, final loss: 0.00099945, weight distance: 0.0279
2025-09-23 03:59:04,009 - INFO - Example /home/projects/bagon/shared/imagenet512/val/n02123597/ILSVRC2012_val_00032328.JPEG reached epsilon at step 498, loss sum: 104.9842, final loss: 0.00099468, weight distance: 0.0286
2025-09-23 03:59:29,365 - INFO - Example /home/projects/bagon/shared/imagenet512/val/n13133613/ILSVRC2012_val_00015477.JPEG reached epsilon at step 485, loss sum: 62.9966, final loss: 0.00099945, weight distance: 0.0277
2025-09-23 03:59:53,585 - INFO - Example /home/projects/bagon/shared/imagenet512/val/n01582220/ILSVRC2012_val_00041135.JPEG reached epsilon at step 462, loss sum: 794.4579, final loss: 0.00099945, weight distance: 0.0272
2025-09-23 04:00:11,246 - INFO - Example /home/projects/bagon/shared/imagenet512/val/n04026417/ILSVRC2012_val_00002268.JPEG reached epsilon at step 332, loss sum: 71.2399, final loss: 0.00099373, weight distance: 0.0189
2025-09-23 04:00:38,668 - INFO - Example /home/projects/bagon/shared/imagenet512/val/n04204238/ILSVRC2012_val_00044710.JPEG reached epsilon at step 520, loss sum: 132.2177, final loss: 0.00099850, weight distance: 0.0278
2025-09-23 04:00:59,598 - INFO - Example /home/projects/bagon/shared/imagenet512/val/n09468604/ILSVRC2012_val_00039019.JPEG reached epsilon at step 395, loss sum: 84.5859, final loss: 0.00099468, weight distance: 0.0237
2025-09-23 04:01:18,409 - INFO - Example /home/projects/bagon/shared/imagenet512/val/n04069434/ILSVRC2012_val_00026322.JPEG reached epsilon at step 351, loss sum: 169.8425, final loss: 0.00099373, weight distance: 0.0234
2025-09-23 04:01:29,665 - INFO - Example /home/projects/bagon/shared/imagenet512/val/n03742115/ILSVRC2012_val_00006201.JPEG reached epsilon at step 201, loss sum: 8.4397, final loss: 0.00099564, weight distance: 0.0123
2025-09-23 04:01:44,620 - INFO - Example /home/projects/bagon/shared/imagenet512/val/n04254120/ILSVRC2012_val_00017584.JPEG reached epsilon at step 270, loss sum: 136.6729, final loss: 0.00099277, weight distance: 0.0177
2025-09-23 04:02:13,877 - INFO - Example /home/projects/bagon/shared/imagenet512/val/n04370456/ILSVRC2012_val_00018171.JPEG reached epsilon at step 544, loss sum: 213.0321, final loss: 0.00098991, weight distance: 0.0201
2025-09-23 04:02:47,496 - INFO - Example /home/projects/bagon/shared/imagenet512/val/n02676566/ILSVRC2012_val_00004501.JPEG reached epsilon at step 627, loss sum: 205.4023, final loss: 0.00099564, weight distance: 0.0335
2025-09-23 04:03:13,003 - INFO - Example /home/projects/bagon/shared/imagenet512/val/n09428293/ILSVRC2012_val_00009073.JPEG reached epsilon at step 471, loss sum: 192.5439, final loss: 0.00099564, weight distance: 0.0316
2025-09-23 04:03:33,830 - INFO - Example /home/projects/bagon/shared/imagenet512/val/n03676483/ILSVRC2012_val_00022289.JPEG reached epsilon at step 381, loss sum: 154.1367, final loss: 0.00099468, weight distance: 0.0218
2025-09-23 04:03:57,742 - INFO - Example /home/projects/bagon/shared/imagenet512/val/n07745940/ILSVRC2012_val_00012652.JPEG reached epsilon at step 447, loss sum: 163.9170, final loss: 0.00099754, weight distance: 0.0261
2025-09-23 04:04:23,137 - INFO - Example /home/projects/bagon/shared/imagenet512/val/n07614500/ILSVRC2012_val_00031184.JPEG reached epsilon at step 483, loss sum: 141.7086, final loss: 0.00099373, weight distance: 0.0224
2025-09-23 04:04:42,532 - INFO - Example /home/projects/bagon/shared/imagenet512/val/n04326547/ILSVRC2012_val_00039424.JPEG reached epsilon at step 367, loss sum: 68.2048, final loss: 0.00099659, weight distance: 0.0219
2025-09-23 04:04:58,407 - INFO - Example /home/projects/bagon/shared/imagenet512/val/n03781244/ILSVRC2012_val_00018837.JPEG reached epsilon at step 288, loss sum: 141.7445, final loss: 0.00099659, weight distance: 0.0165
2025-09-23 04:06:09,244 - INFO - Example /home/projects/bagon/shared/imagenet512/val/n03773504/ILSVRC2012_val_00016766.JPEG reached epsilon at step 1357, loss sum: 252.2443, final loss: 0.00099564, weight distance: 0.0342
2025-09-23 04:06:36,253 - INFO - Example /home/projects/bagon/shared/imagenet512/val/n02837789/ILSVRC2012_val_00000239.JPEG reached epsilon at step 508, loss sum: 230.1918, final loss: 0.00099373, weight distance: 0.0285
2025-09-23 04:06:54,131 - INFO - Example /home/projects/bagon/shared/imagenet512/val/n03958227/ILSVRC2012_val_00013823.JPEG reached epsilon at step 334, loss sum: 207.5160, final loss: 0.00099850, weight distance: 0.0238
2025-09-23 04:07:20,209 - INFO - Example /home/projects/bagon/shared/imagenet512/val/n02364673/ILSVRC2012_val_00000642.JPEG reached epsilon at step 499, loss sum: 190.0157, final loss: 0.00099373, weight distance: 0.0284
2025-09-23 04:08:02,978 - INFO - Example /home/projects/bagon/shared/imagenet512/val/n03532672/ILSVRC2012_val_00044336.JPEG reached epsilon at step 801, loss sum: 509.3652, final loss: 0.00099277, weight distance: 0.0284
2025-09-23 04:08:28,723 - INFO - Example /home/projects/bagon/shared/imagenet512/val/n04131690/ILSVRC2012_val_00038083.JPEG reached epsilon at step 482, loss sum: 13.7891, final loss: 0.00099373, weight distance: 0.0222
2025-09-23 04:08:54,688 - INFO - Example /home/projects/bagon/shared/imagenet512/val/n02096294/ILSVRC2012_val_00039701.JPEG reached epsilon at step 496, loss sum: 131.6338, final loss: 0.00099564, weight distance: 0.0290
2025-09-23 04:09:23,211 - INFO - Example /home/projects/bagon/shared/imagenet512/val/n03538406/ILSVRC2012_val_00035344.JPEG reached epsilon at step 538, loss sum: 81.7796, final loss: 0.00099754, weight distance: 0.0298
2025-09-23 04:09:46,683 - INFO - Example /home/projects/bagon/shared/imagenet512/val/n03791053/ILSVRC2012_val_00043594.JPEG reached epsilon at step 446, loss sum: 91.2991, final loss: 0.00099564, weight distance: 0.0243
2025-09-23 04:10:01,786 - INFO - Example /home/projects/bagon/shared/imagenet512/val/n03476684/ILSVRC2012_val_00021958.JPEG reached epsilon at step 282, loss sum: 238.6031, final loss: 0.00098801, weight distance: 0.0181
2025-09-23 04:10:27,774 - INFO - Example /home/projects/bagon/shared/imagenet512/val/n03933933/ILSVRC2012_val_00024181.JPEG reached epsilon at step 418, loss sum: 213.2665, final loss: 0.00099468, weight distance: 0.0239
2025-09-23 04:10:45,450 - INFO - Example /home/projects/bagon/shared/imagenet512/val/n04596742/ILSVRC2012_val_00043269.JPEG reached epsilon at step 333, loss sum: 92.4385, final loss: 0.00099850, weight distance: 0.0208
2025-09-23 04:11:12,258 - INFO - Example /home/projects/bagon/shared/imagenet512/val/n03776460/ILSVRC2012_val_00016516.JPEG reached epsilon at step 512, loss sum: 382.0040, final loss: 0.00099564, weight distance: 0.0334
2025-09-23 04:11:32,320 - INFO - Example /home/projects/bagon/shared/imagenet512/val/n03877845/ILSVRC2012_val_00012730.JPEG reached epsilon at step 380, loss sum: 192.0208, final loss: 0.00099945, weight distance: 0.0283
2025-09-23 04:11:52,796 - INFO - Example /home/projects/bagon/shared/imagenet512/val/n03770679/ILSVRC2012_val_00038133.JPEG reached epsilon at step 389, loss sum: 62.8116, final loss: 0.00099564, weight distance: 0.0216
2025-09-23 04:12:12,699 - INFO - Example /home/projects/bagon/shared/imagenet512/val/n02669723/ILSVRC2012_val_00047602.JPEG reached epsilon at step 376, loss sum: 46.4578, final loss: 0.00099373, weight distance: 0.0205
2025-09-23 04:12:29,479 - INFO - Example /home/projects/bagon/shared/imagenet512/val/n07932039/ILSVRC2012_val_00022583.JPEG reached epsilon at step 314, loss sum: 191.3643, final loss: 0.00099754, weight distance: 0.0158
2025-09-23 04:12:47,103 - INFO - Example /home/projects/bagon/shared/imagenet512/val/n03691459/ILSVRC2012_val_00022310.JPEG reached epsilon at step 330, loss sum: 245.8350, final loss: 0.00099373, weight distance: 0.0197
2025-09-23 04:12:58,408 - INFO - Example /home/projects/bagon/shared/imagenet512/val/n03623198/ILSVRC2012_val_00007091.JPEG reached epsilon at step 207, loss sum: 82.2402, final loss: 0.00099373, weight distance: 0.0135
2025-09-23 04:13:14,717 - INFO - Example /home/projects/bagon/shared/imagenet512/val/n03459775/ILSVRC2012_val_00041657.JPEG reached epsilon at step 306, loss sum: 120.8422, final loss: 0.00099373, weight distance: 0.0214
2025-09-23 04:13:34,782 - INFO - Example /home/projects/bagon/shared/imagenet512/val/n04192698/ILSVRC2012_val_00041860.JPEG reached epsilon at step 382, loss sum: 93.6696, final loss: 0.00099277, weight distance: 0.0236
2025-09-23 04:13:52,418 - INFO - Example /home/projects/bagon/shared/imagenet512/val/n04553703/ILSVRC2012_val_00048579.JPEG reached epsilon at step 333, loss sum: 104.6061, final loss: 0.00099182, weight distance: 0.0164
2025-09-23 04:14:15,760 - INFO - Example /home/projects/bagon/shared/imagenet512/val/n04033995/ILSVRC2012_val_00000260.JPEG reached epsilon at step 444, loss sum: 108.3357, final loss: 0.00099945, weight distance: 0.0244
2025-09-23 04:14:44,204 - INFO - Example /home/projects/bagon/shared/imagenet512/val/n02504013/ILSVRC2012_val_00025043.JPEG reached epsilon at step 546, loss sum: 107.8354, final loss: 0.00099564, weight distance: 0.0288
2025-09-23 04:15:17,767 - INFO - Example /home/projects/bagon/shared/imagenet512/val/n03180011/ILSVRC2012_val_00042951.JPEG reached epsilon at step 647, loss sum: 81.8036, final loss: 0.00099945, weight distance: 0.0349
2025-09-23 04:17:08,706 - INFO - Example /home/projects/bagon/shared/imagenet512/val/n02999410/ILSVRC2012_val_00032707.JPEG reached epsilon at step 2167, loss sum: 157.9665, final loss: 0.00099373, weight distance: 0.0218
2025-09-23 04:17:32,634 - INFO - Example /home/projects/bagon/shared/imagenet512/val/n02115641/ILSVRC2012_val_00038762.JPEG reached epsilon at step 457, loss sum: 151.5801, final loss: 0.00099373, weight distance: 0.0287
2025-09-23 04:17:59,395 - INFO - Example /home/projects/bagon/shared/imagenet512/val/n02870880/ILSVRC2012_val_00048605.JPEG reached epsilon at step 512, loss sum: 103.5186, final loss: 0.00099277, weight distance: 0.0241
2025-09-23 04:18:23,880 - INFO - Example /home/projects/bagon/shared/imagenet512/val/n02777292/ILSVRC2012_val_00026129.JPEG reached epsilon at step 466, loss sum: 117.1893, final loss: 0.00099659, weight distance: 0.0296
2025-09-23 04:18:47,933 - INFO - Example /home/projects/bagon/shared/imagenet512/val/n02108422/ILSVRC2012_val_00036844.JPEG reached epsilon at step 459, loss sum: 114.7670, final loss: 0.00099850, weight distance: 0.0246
2025-09-23 04:19:11,975 - INFO - Example /home/projects/bagon/shared/imagenet512/val/n04330267/ILSVRC2012_val_00001353.JPEG reached epsilon at step 454, loss sum: 208.3499, final loss: 0.00099850, weight distance: 0.0289
2025-09-23 04:19:42,924 - INFO - Example /home/projects/bagon/shared/imagenet512/val/n07871810/ILSVRC2012_val_00035622.JPEG reached epsilon at step 596, loss sum: 273.8483, final loss: 0.00099468, weight distance: 0.0286
2025-09-23 04:20:14,492 - INFO - Example /home/projects/bagon/shared/imagenet512/val/n04392985/ILSVRC2012_val_00035035.JPEG reached epsilon at step 600, loss sum: 166.0845, final loss: 0.00099373, weight distance: 0.0321
2025-09-23 04:20:29,875 - INFO - Example /home/projects/bagon/shared/imagenet512/val/n03291819/ILSVRC2012_val_00023706.JPEG reached epsilon at step 281, loss sum: 86.0939, final loss: 0.00099754, weight distance: 0.0184
2025-09-23 04:20:53,858 - INFO - Example /home/projects/bagon/shared/imagenet512/val/n01944390/ILSVRC2012_val_00034957.JPEG reached epsilon at step 452, loss sum: 629.3361, final loss: 0.00099373, weight distance: 0.0238
2025-09-23 04:21:03,489 - INFO - Example /home/projects/bagon/shared/imagenet512/val/n04023962/ILSVRC2012_val_00017190.JPEG reached epsilon at step 162, loss sum: 40.9159, final loss: 0.00099087, weight distance: 0.0096
2025-09-23 04:21:18,546 - INFO - Example /home/projects/bagon/shared/imagenet512/val/n04525038/ILSVRC2012_val_00006115.JPEG reached epsilon at step 273, loss sum: 393.2190, final loss: 0.00099373, weight distance: 0.0194
2025-09-23 04:24:13,235 - INFO - Example /home/projects/bagon/shared/imagenet512/val/n06874185/ILSVRC2012_val_00039108.JPEG reached epsilon at step 3368, loss sum: 352.3876, final loss: 0.00099850, weight distance: 0.0251
2025-09-23 04:25:05,583 - INFO - Example /home/projects/bagon/shared/imagenet512/val/n04008634/ILSVRC2012_val_00010103.JPEG reached epsilon at step 993, loss sum: 92.4363, final loss: 0.00099373, weight distance: 0.0407
2025-09-23 04:25:28,239 - INFO - Example /home/projects/bagon/shared/imagenet512/val/n04560804/ILSVRC2012_val_00020102.JPEG reached epsilon at step 417, loss sum: 93.2869, final loss: 0.00099754, weight distance: 0.0230
2025-09-23 04:26:06,818 - INFO - Example /home/projects/bagon/shared/imagenet512/val/n02167151/ILSVRC2012_val_00031128.JPEG reached epsilon at step 718, loss sum: 138.7146, final loss: 0.00099373, weight distance: 0.0237
2025-09-23 04:26:29,563 - INFO - Example /home/projects/bagon/shared/imagenet512/val/n03661043/ILSVRC2012_val_00016662.JPEG reached epsilon at step 430, loss sum: 28.4434, final loss: 0.00099564, weight distance: 0.0212
2025-09-23 04:26:53,514 - INFO - Example /home/projects/bagon/shared/imagenet512/val/n02769748/ILSVRC2012_val_00030346.JPEG reached epsilon at step 451, loss sum: 299.5502, final loss: 0.00098896, weight distance: 0.0357
2025-09-23 04:27:21,639 - INFO - Example /home/projects/bagon/shared/imagenet512/val/n04356056/ILSVRC2012_val_00036536.JPEG reached epsilon at step 533, loss sum: 95.9750, final loss: 0.00099468, weight distance: 0.0301
2025-09-23 04:27:35,786 - INFO - Example /home/projects/bagon/shared/imagenet512/val/n03804744/ILSVRC2012_val_00043343.JPEG reached epsilon at step 264, loss sum: 201.8024, final loss: 0.00099945, weight distance: 0.0167
2025-09-23 04:28:05,891 - INFO - Example /home/projects/bagon/shared/imagenet512/val/n07880968/ILSVRC2012_val_00014650.JPEG reached epsilon at step 579, loss sum: 141.7807, final loss: 0.00099659, weight distance: 0.0283
2025-09-23 04:28:43,331 - INFO - Example /home/projects/bagon/shared/imagenet512/val/n02108422/ILSVRC2012_val_00010709.JPEG reached epsilon at step 726, loss sum: 611.7380, final loss: 0.00099850, weight distance: 0.0356
2025-09-23 04:28:58,617 - INFO - Example /home/projects/bagon/shared/imagenet512/val/n03482405/ILSVRC2012_val_00035168.JPEG reached epsilon at step 286, loss sum: 43.4004, final loss: 0.00099182, weight distance: 0.0194
2025-09-23 04:29:22,877 - INFO - Example /home/projects/bagon/shared/imagenet512/val/n03642806/ILSVRC2012_val_00017736.JPEG reached epsilon at step 464, loss sum: 103.8500, final loss: 0.00099850, weight distance: 0.0237
2025-09-23 04:29:55,432 - INFO - Example /home/projects/bagon/shared/imagenet512/val/n02123045/ILSVRC2012_val_00044027.JPEG reached epsilon at step 628, loss sum: 80.3426, final loss: 0.00099850, weight distance: 0.0319
2025-09-23 04:30:35,786 - INFO - Example /home/projects/bagon/shared/imagenet512/val/n04141076/ILSVRC2012_val_00026817.JPEG reached epsilon at step 782, loss sum: 411.2305, final loss: 0.00099277, weight distance: 0.0392
2025-09-23 04:31:03,297 - INFO - Example /home/projects/bagon/shared/imagenet512/val/n02504013/ILSVRC2012_val_00005205.JPEG reached epsilon at step 515, loss sum: 86.1064, final loss: 0.00099373, weight distance: 0.0280
2025-09-23 04:32:49,671 - INFO - Example /home/projects/bagon/shared/imagenet512/val/n03045698/ILSVRC2012_val_00018391.JPEG reached epsilon at step 2087, loss sum: 322.2484, final loss: 0.00099277, weight distance: 0.0122
2025-09-23 04:33:07,909 - INFO - Example /home/projects/bagon/shared/imagenet512/val/n02487347/ILSVRC2012_val_00048608.JPEG reached epsilon at step 342, loss sum: 170.8570, final loss: 0.00099945, weight distance: 0.0226
2025-09-23 04:33:39,779 - INFO - Example /home/projects/bagon/shared/imagenet512/val/n03355925/ILSVRC2012_val_00036294.JPEG reached epsilon at step 616, loss sum: 114.6944, final loss: 0.00099373, weight distance: 0.0351
2025-09-23 04:34:15,083 - INFO - Example /home/projects/bagon/shared/imagenet512/val/n07745940/ILSVRC2012_val_00016159.JPEG reached epsilon at step 682, loss sum: 287.6728, final loss: 0.00099277, weight distance: 0.0385
2025-09-23 04:34:45,064 - INFO - Example /home/projects/bagon/shared/imagenet512/val/n04204347/ILSVRC2012_val_00036653.JPEG reached epsilon at step 579, loss sum: 117.1635, final loss: 0.00099373, weight distance: 0.0335
2025-09-23 04:35:07,548 - INFO - Example /home/projects/bagon/shared/imagenet512/val/n02097658/ILSVRC2012_val_00013549.JPEG reached epsilon at step 429, loss sum: 184.6705, final loss: 0.00099659, weight distance: 0.0231
2025-09-23 04:35:44,595 - INFO - Example /home/projects/bagon/shared/imagenet512/val/n02109961/ILSVRC2012_val_00040410.JPEG reached epsilon at step 719, loss sum: 113.6916, final loss: 0.00099564, weight distance: 0.0342
2025-09-23 04:36:05,318 - INFO - Example /home/projects/bagon/shared/imagenet512/val/n09256479/ILSVRC2012_val_00021830.JPEG reached epsilon at step 381, loss sum: 139.1786, final loss: 0.00099945, weight distance: 0.0244
2025-09-23 04:36:25,001 - INFO - Example /home/projects/bagon/shared/imagenet512/val/n10148035/ILSVRC2012_val_00010485.JPEG reached epsilon at step 361, loss sum: 121.1530, final loss: 0.00099564, weight distance: 0.0210
2025-09-23 04:37:15,184 - INFO - Example /home/projects/bagon/shared/imagenet512/val/n02497673/ILSVRC2012_val_00013284.JPEG reached epsilon at step 955, loss sum: 101.5397, final loss: 0.00099850, weight distance: 0.0440
2025-09-23 04:37:43,405 - INFO - Example /home/projects/bagon/shared/imagenet512/val/n02979186/ILSVRC2012_val_00035482.JPEG reached epsilon at step 527, loss sum: 110.2632, final loss: 0.00099754, weight distance: 0.0216
2025-09-23 04:38:22,981 - INFO - Example /home/projects/bagon/shared/imagenet512/val/n03785016/ILSVRC2012_val_00048082.JPEG reached epsilon at step 756, loss sum: 977.1145, final loss: 0.00099850, weight distance: 0.0391
2025-09-23 04:38:49,746 - INFO - Example /home/projects/bagon/shared/imagenet512/val/n07579787/ILSVRC2012_val_00022658.JPEG reached epsilon at step 511, loss sum: 91.7437, final loss: 0.00099754, weight distance: 0.0277
2025-09-23 04:39:15,170 - INFO - Example /home/projects/bagon/shared/imagenet512/val/n03661043/ILSVRC2012_val_00028061.JPEG reached epsilon at step 484, loss sum: 199.1619, final loss: 0.00099373, weight distance: 0.0266
2025-09-23 04:39:37,273 - INFO - Example /home/projects/bagon/shared/imagenet512/val/n03063599/ILSVRC2012_val_00038548.JPEG reached epsilon at step 418, loss sum: 33.8530, final loss: 0.00099945, weight distance: 0.0219
2025-09-23 04:40:00,340 - INFO - Example /home/projects/bagon/shared/imagenet512/val/n01751748/ILSVRC2012_val_00021916.JPEG reached epsilon at step 437, loss sum: 41.3071, final loss: 0.00099373, weight distance: 0.0249
2025-09-23 04:40:20,179 - INFO - Example /home/projects/bagon/shared/imagenet512/val/n02493509/ILSVRC2012_val_00024398.JPEG reached epsilon at step 371, loss sum: 60.7329, final loss: 0.00099754, weight distance: 0.0241
2025-09-23 04:40:43,468 - INFO - Example /home/projects/bagon/shared/imagenet512/val/n02096294/ILSVRC2012_val_00004354.JPEG reached epsilon at step 431, loss sum: 211.3686, final loss: 0.00099182, weight distance: 0.0286
2025-09-23 04:41:03,726 - INFO - Example /home/projects/bagon/shared/imagenet512/val/n03127925/ILSVRC2012_val_00007666.JPEG reached epsilon at step 344, loss sum: 160.5152, final loss: 0.00099754, weight distance: 0.0221
2025-09-23 04:42:12,997 - INFO - Example /home/projects/bagon/shared/imagenet512/val/n03773504/ILSVRC2012_val_00033144.JPEG reached epsilon at step 1330, loss sum: 179.3330, final loss: 0.00098896, weight distance: 0.0396
2025-09-23 04:42:34,430 - INFO - Example /home/projects/bagon/shared/imagenet512/val/n02093647/ILSVRC2012_val_00044964.JPEG reached epsilon at step 403, loss sum: 373.1066, final loss: 0.00099373, weight distance: 0.0250
2025-09-23 04:43:14,918 - INFO - Example /home/projects/bagon/shared/imagenet512/val/n02443484/ILSVRC2012_val_00040895.JPEG reached epsilon at step 782, loss sum: 109.5702, final loss: 0.00099182, weight distance: 0.0258
2025-09-23 04:43:36,693 - INFO - Example /home/projects/bagon/shared/imagenet512/val/n03888605/ILSVRC2012_val_00013743.JPEG reached epsilon at step 408, loss sum: 125.8279, final loss: 0.00099754, weight distance: 0.0220
2025-09-23 04:43:59,609 - INFO - Example /home/projects/bagon/shared/imagenet512/val/n03388549/ILSVRC2012_val_00024695.JPEG reached epsilon at step 435, loss sum: 41.0024, final loss: 0.00099850, weight distance: 0.0230
2025-09-23 04:44:52,849 - INFO - Example /home/projects/bagon/shared/imagenet512/val/n04266014/ILSVRC2012_val_00020130.JPEG reached epsilon at step 1017, loss sum: 289.5788, final loss: 0.00099659, weight distance: 0.0257
2025-09-23 04:45:14,489 - INFO - Example /home/projects/bagon/shared/imagenet512/val/n03476684/ILSVRC2012_val_00044415.JPEG reached epsilon at step 403, loss sum: 125.8668, final loss: 0.00099850, weight distance: 0.0225
2025-09-23 04:45:28,153 - INFO - Example /home/projects/bagon/shared/imagenet512/val/n03045698/ILSVRC2012_val_00046955.JPEG reached epsilon at step 255, loss sum: 187.3773, final loss: 0.00099850, weight distance: 0.0161
2025-09-23 04:45:41,708 - INFO - Example /home/projects/bagon/shared/imagenet512/val/n04296562/ILSVRC2012_val_00030103.JPEG reached epsilon at step 253, loss sum: 41.7350, final loss: 0.00099468, weight distance: 0.0143
2025-09-23 04:46:04,818 - INFO - Example /home/projects/bagon/shared/imagenet512/val/n02093991/ILSVRC2012_val_00040926.JPEG reached epsilon at step 438, loss sum: 118.8228, final loss: 0.00099659, weight distance: 0.0223
2025-09-23 04:46:21,404 - INFO - Example /home/projects/bagon/shared/imagenet512/val/n02124075/ILSVRC2012_val_00022337.JPEG reached epsilon at step 306, loss sum: 57.9881, final loss: 0.00099468, weight distance: 0.0154
2025-09-23 04:46:39,133 - INFO - Example /home/projects/bagon/shared/imagenet512/val/n02951585/ILSVRC2012_val_00030387.JPEG reached epsilon at step 336, loss sum: 77.0948, final loss: 0.00099659, weight distance: 0.0182
2025-09-23 04:47:06,448 - INFO - Example /home/projects/bagon/shared/imagenet512/val/n07614500/ILSVRC2012_val_00012292.JPEG reached epsilon at step 514, loss sum: 73.5771, final loss: 0.00099468, weight distance: 0.0270
2025-09-23 04:47:32,433 - INFO - Example /home/projects/bagon/shared/imagenet512/val/n02325366/ILSVRC2012_val_00041378.JPEG reached epsilon at step 492, loss sum: 41.4697, final loss: 0.00099659, weight distance: 0.0254
2025-09-23 04:48:11,932 - INFO - Example /home/projects/bagon/shared/imagenet512/val/n03854065/ILSVRC2012_val_00045994.JPEG reached epsilon at step 739, loss sum: 121.8266, final loss: 0.00099564, weight distance: 0.0244
2025-09-23 04:48:34,339 - INFO - Example /home/projects/bagon/shared/imagenet512/val/n07745940/ILSVRC2012_val_00000320.JPEG reached epsilon at step 426, loss sum: 156.5562, final loss: 0.00099850, weight distance: 0.0278
2025-09-23 04:48:57,932 - INFO - Example /home/projects/bagon/shared/imagenet512/val/n07930864/ILSVRC2012_val_00013198.JPEG reached epsilon at step 449, loss sum: 239.6444, final loss: 0.00099564, weight distance: 0.0276
2025-09-23 04:52:50,506 - INFO - Example /home/projects/bagon/shared/imagenet512/val/n03787032/ILSVRC2012_val_00001035.JPEG reached epsilon at step 4566, loss sum: 442.7782, final loss: 0.00099564, weight distance: 0.0354
2025-09-23 04:53:21,755 - INFO - Example /home/projects/bagon/shared/imagenet512/val/n03866082/ILSVRC2012_val_00021408.JPEG reached epsilon at step 596, loss sum: 288.8056, final loss: 0.00099564, weight distance: 0.0369
2025-09-23 04:53:37,669 - INFO - Example /home/projects/bagon/shared/imagenet512/val/n02951585/ILSVRC2012_val_00003235.JPEG reached epsilon at step 299, loss sum: 33.0668, final loss: 0.00099564, weight distance: 0.0207
2025-09-23 04:53:53,362 - INFO - Example /home/projects/bagon/shared/imagenet512/val/n01667778/ILSVRC2012_val_00031793.JPEG reached epsilon at step 293, loss sum: 85.7634, final loss: 0.00099564, weight distance: 0.0187
2025-09-23 04:54:21,433 - INFO - Example /home/projects/bagon/shared/imagenet512/val/n03146219/ILSVRC2012_val_00003165.JPEG reached epsilon at step 532, loss sum: 131.3409, final loss: 0.00099468, weight distance: 0.0275
2025-09-23 04:54:36,997 - INFO - Example /home/projects/bagon/shared/imagenet512/val/n02776631/ILSVRC2012_val_00019309.JPEG reached epsilon at step 291, loss sum: 49.6030, final loss: 0.00099277, weight distance: 0.0179
2025-09-23 04:54:37,853 - INFO - Time limit reached. Exiting before starting next example.
