2025-09-23 02:48:21,182 - INFO - Parsed arguments:
2025-09-23 02:48:21,182 - INFO -   amp_dtype = None
2025-09-23 02:48:21,182 - INFO -   bars_npy = /home/projects/bagon/andreyg/Projects/BMM_school/Universal_learning/Programming/bars/geq6wrong_21017_geq6correct_1525_imagenet.npy
2025-09-23 02:48:21,182 - INFO -   cka_layer_fraction = 0.05
2025-09-23 02:48:21,182 - INFO -   current_worker = 0
2025-09-23 02:48:21,182 - INFO -   deterministic = True
2025-09-23 02:48:21,182 - INFO -   device = cuda
2025-09-23 02:48:21,182 - INFO -   epsilon = 0.001
2025-09-23 02:48:21,183 - INFO -   examples_csv = /home/projects/bagon/andreyg/Projects/BMM_school/Universal_learning/Programming/bars/geq6wrong_21017_geq6correct_1525_imagenet_examples_ammended.csv
2025-09-23 02:48:21,183 - INFO -   explicit_examples_for_training = None
2025-09-23 02:48:21,183 - INFO -   grad_clip_norm = 1.0
2025-09-23 02:48:21,183 - INFO -   hierarchy_json = /home/projects/bagon/andreyg/Projects/BMM_school/Universal_learning/Programming/bars/imagenet_synset_hierarchy.json
2025-09-23 02:48:21,183 - INFO -   imagenet_models_csv = /home/projects/bagon/andreyg/Projects/BMM_school/Universal_learning/Programming/bars/imagenet_models.csv
2025-09-23 02:48:21,183 - INFO -   lr = 0.0001
2025-09-23 02:48:21,183 - INFO -   max_examples = 50000
2025-09-23 02:48:21,183 - INFO -   max_steps_per_example = 10000
2025-09-23 02:48:21,183 - INFO -   model_csv_name = convnext_tiny_224_classification_imagenet_12k_ft_classification_imagenet_1k
2025-09-23 02:48:21,183 - INFO -   model_name = convnext_tiny.in12k_ft_in1k
2025-09-23 02:48:21,183 - INFO -   no_amp = False
2025-09-23 02:48:21,183 - INFO -   num_workers = 8
2025-09-23 02:48:21,183 - INFO -   output_dir = /home/projects/bagon/andreyg/Projects/BMM_school/Universal_learning/Programming/training_gradient_evaluator_single_loss_parallel/output_parallel_8_workers_trial_2
2025-09-23 02:48:21,183 - INFO -   root_dir = None
2025-09-23 02:48:21,183 - INFO -   seed = 1337
2025-09-23 02:48:21,183 - INFO -   time_limit_seconds = 6300
2025-09-23 02:48:21,183 - INFO -   weight_decay = 0.0
2025-09-23 02:48:21,183 - INFO -   zero_aug_train = False
2025-09-23 02:48:22,084 - INFO - Loaded TIMM pretrained weights for convnext_tiny.in12k_ft_in1k
2025-09-23 02:48:22,084 - INFO - pretrained_cfg.url= hf_hub_id=timm/convnext_tiny.in12k_ft_in1k
2025-09-23 02:48:22,407 - INFO - Training configuration:
2025-09-23 02:48:22,408 - INFO -   lr = 0.0001
2025-09-23 02:48:22,408 - INFO -   weight_decay = 0.0
2025-09-23 02:48:22,408 - INFO -   max_steps = 10000
2025-09-23 02:48:22,408 - INFO -   epsilon = 0.001
2025-09-23 02:48:22,408 - INFO -   device = cuda
2025-09-23 02:48:22,408 - INFO -   use_amp = True
2025-09-23 02:48:22,408 - INFO -   amp_dtype = None
2025-09-23 02:48:22,408 - INFO -   gradient_clip_norm = 1.0
2025-09-23 02:48:25,018 - INFO - CKA layer subset: selecting 5/100 layers (~5%)
2025-09-23 02:48:48,423 - INFO - Example /home/projects/bagon/shared/imagenet512/val/n04127249/ILSVRC2012_val_00002068.JPEG reached epsilon at step 421, loss sum: 11.9086, final loss: 0.00099468, weight distance: 0.0207
2025-09-23 02:49:09,612 - INFO - Example /home/projects/bagon/shared/imagenet512/val/n02099429/ILSVRC2012_val_00038920.JPEG reached epsilon at step 392, loss sum: 19.4962, final loss: 0.00099468, weight distance: 0.0178
2025-09-23 02:49:26,310 - INFO - Example /home/projects/bagon/shared/imagenet512/val/n02091831/ILSVRC2012_val_00047324.JPEG reached epsilon at step 301, loss sum: 12.4224, final loss: 0.00099659, weight distance: 0.0175
2025-09-23 02:49:39,781 - INFO - Example /home/projects/bagon/shared/imagenet512/val/n04522168/ILSVRC2012_val_00003657.JPEG reached epsilon at step 238, loss sum: 33.9312, final loss: 0.00099659, weight distance: 0.0154
2025-09-23 02:50:02,444 - INFO - Example /home/projects/bagon/shared/imagenet512/val/n03769881/ILSVRC2012_val_00035193.JPEG reached epsilon at step 415, loss sum: 17.5034, final loss: 0.00099468, weight distance: 0.0223
2025-09-23 02:50:36,031 - INFO - Example /home/projects/bagon/shared/imagenet512/val/n02107683/ILSVRC2012_val_00004180.JPEG reached epsilon at step 638, loss sum: 57.5155, final loss: 0.00099659, weight distance: 0.0312
2025-09-23 02:50:47,393 - INFO - Example /home/projects/bagon/shared/imagenet512/val/n02104365/ILSVRC2012_val_00010865.JPEG reached epsilon at step 206, loss sum: 28.0061, final loss: 0.00099945, weight distance: 0.0102
2025-09-23 02:51:33,148 - INFO - Example /home/projects/bagon/shared/imagenet512/val/n02106030/ILSVRC2012_val_00049725.JPEG reached epsilon at step 869, loss sum: 50.4066, final loss: 0.00099468, weight distance: 0.0352
2025-09-23 02:52:17,940 - INFO - Example /home/projects/bagon/shared/imagenet512/val/n01985128/ILSVRC2012_val_00049661.JPEG reached epsilon at step 857, loss sum: 29.4768, final loss: 0.00099945, weight distance: 0.0199
2025-09-23 02:52:35,771 - INFO - Example /home/projects/bagon/shared/imagenet512/val/n03976657/ILSVRC2012_val_00028457.JPEG reached epsilon at step 332, loss sum: 27.6211, final loss: 0.00099468, weight distance: 0.0206
2025-09-23 02:53:12,401 - INFO - Example /home/projects/bagon/shared/imagenet512/val/n02071294/ILSVRC2012_val_00024749.JPEG reached epsilon at step 699, loss sum: 15.4344, final loss: 0.00099373, weight distance: 0.0337
2025-09-23 02:53:31,705 - INFO - Example /home/projects/bagon/shared/imagenet512/val/n02098105/ILSVRC2012_val_00012004.JPEG reached epsilon at step 361, loss sum: 53.3788, final loss: 0.00099373, weight distance: 0.0236
2025-09-23 02:53:44,471 - INFO - Example /home/projects/bagon/shared/imagenet512/val/n02093991/ILSVRC2012_val_00007327.JPEG reached epsilon at step 234, loss sum: 28.0319, final loss: 0.00099468, weight distance: 0.0128
2025-09-23 02:54:07,802 - INFO - Example /home/projects/bagon/shared/imagenet512/val/n12144580/ILSVRC2012_val_00048526.JPEG reached epsilon at step 438, loss sum: 32.5501, final loss: 0.00099754, weight distance: 0.0231
2025-09-23 02:54:28,465 - INFO - Example /home/projects/bagon/shared/imagenet512/val/n02091831/ILSVRC2012_val_00027267.JPEG reached epsilon at step 374, loss sum: 51.4189, final loss: 0.00099659, weight distance: 0.0207
2025-09-23 02:54:49,906 - INFO - Example /home/projects/bagon/shared/imagenet512/val/n02823428/ILSVRC2012_val_00016065.JPEG reached epsilon at step 401, loss sum: 28.2777, final loss: 0.00099182, weight distance: 0.0210
2025-09-23 02:55:10,743 - INFO - Example /home/projects/bagon/shared/imagenet512/val/n02102177/ILSVRC2012_val_00028131.JPEG reached epsilon at step 391, loss sum: 53.2803, final loss: 0.00099182, weight distance: 0.0230
2025-09-23 02:55:50,619 - INFO - Example /home/projects/bagon/shared/imagenet512/val/n02086079/ILSVRC2012_val_00036703.JPEG reached epsilon at step 753, loss sum: 84.7329, final loss: 0.00099754, weight distance: 0.0348
2025-09-23 02:56:31,562 - INFO - Example /home/projects/bagon/shared/imagenet512/val/n03218198/ILSVRC2012_val_00012308.JPEG reached epsilon at step 781, loss sum: 49.0005, final loss: 0.00099277, weight distance: 0.0387
2025-09-23 02:56:50,018 - INFO - Example /home/projects/bagon/shared/imagenet512/val/n04201297/ILSVRC2012_val_00046663.JPEG reached epsilon at step 344, loss sum: 54.2953, final loss: 0.00099850, weight distance: 0.0201
2025-09-23 02:57:01,380 - INFO - Example /home/projects/bagon/shared/imagenet512/val/n03494278/ILSVRC2012_val_00048826.JPEG reached epsilon at step 206, loss sum: 12.8863, final loss: 0.00099468, weight distance: 0.0127
2025-09-23 02:57:32,749 - INFO - Example /home/projects/bagon/shared/imagenet512/val/n02089973/ILSVRC2012_val_00007929.JPEG reached epsilon at step 587, loss sum: 41.7810, final loss: 0.00099754, weight distance: 0.0238
2025-09-23 02:57:44,118 - INFO - Example /home/projects/bagon/shared/imagenet512/val/n03908618/ILSVRC2012_val_00023536.JPEG reached epsilon at step 206, loss sum: 31.0349, final loss: 0.00099277, weight distance: 0.0155
2025-09-23 02:57:57,962 - INFO - Example /home/projects/bagon/shared/imagenet512/val/n04258138/ILSVRC2012_val_00002606.JPEG reached epsilon at step 254, loss sum: 83.1290, final loss: 0.00099373, weight distance: 0.0161
2025-09-23 02:58:25,220 - INFO - Example /home/projects/bagon/shared/imagenet512/val/n03535780/ILSVRC2012_val_00020517.JPEG reached epsilon at step 511, loss sum: 49.4174, final loss: 0.00099850, weight distance: 0.0304
2025-09-23 02:58:45,356 - INFO - Example /home/projects/bagon/shared/imagenet512/val/n03062245/ILSVRC2012_val_00021859.JPEG reached epsilon at step 376, loss sum: 56.6480, final loss: 0.00099945, weight distance: 0.0234
2025-09-23 02:59:08,177 - INFO - Example /home/projects/bagon/shared/imagenet512/val/n02113186/ILSVRC2012_val_00031156.JPEG reached epsilon at step 428, loss sum: 42.1889, final loss: 0.00099468, weight distance: 0.0249
2025-09-23 02:59:26,198 - INFO - Example /home/projects/bagon/shared/imagenet512/val/n02730930/ILSVRC2012_val_00020467.JPEG reached epsilon at step 335, loss sum: 12.9099, final loss: 0.00099564, weight distance: 0.0169
2025-09-23 02:59:49,987 - INFO - Example /home/projects/bagon/shared/imagenet512/val/n04389033/ILSVRC2012_val_00032496.JPEG reached epsilon at step 447, loss sum: 23.4372, final loss: 0.00099373, weight distance: 0.0209
2025-09-23 03:00:05,407 - INFO - Example /home/projects/bagon/shared/imagenet512/val/n10565667/ILSVRC2012_val_00048689.JPEG reached epsilon at step 284, loss sum: 38.5562, final loss: 0.00099754, weight distance: 0.0159
2025-09-23 03:00:21,330 - INFO - Example /home/projects/bagon/shared/imagenet512/val/n04557648/ILSVRC2012_val_00025148.JPEG reached epsilon at step 294, loss sum: 14.9991, final loss: 0.00099277, weight distance: 0.0189
2025-09-23 03:00:35,584 - INFO - Example /home/projects/bagon/shared/imagenet512/val/n02113978/ILSVRC2012_val_00018055.JPEG reached epsilon at step 262, loss sum: 62.0294, final loss: 0.00099373, weight distance: 0.0140
2025-09-23 03:01:06,506 - INFO - Example /home/projects/bagon/shared/imagenet512/val/n03062245/ILSVRC2012_val_00019181.JPEG reached epsilon at step 585, loss sum: 72.1846, final loss: 0.00099564, weight distance: 0.0291
2025-09-23 03:01:30,179 - INFO - Example /home/projects/bagon/shared/imagenet512/val/n03792782/ILSVRC2012_val_00032009.JPEG reached epsilon at step 444, loss sum: 21.1396, final loss: 0.00099850, weight distance: 0.0230
2025-09-23 03:01:48,579 - INFO - Example /home/projects/bagon/shared/imagenet512/val/n02111500/ILSVRC2012_val_00046044.JPEG reached epsilon at step 343, loss sum: 14.8112, final loss: 0.00099373, weight distance: 0.0175
2025-09-23 03:02:20,430 - INFO - Example /home/projects/bagon/shared/imagenet512/val/n03297495/ILSVRC2012_val_00024855.JPEG reached epsilon at step 603, loss sum: 66.4212, final loss: 0.00099277, weight distance: 0.0321
2025-09-23 03:02:54,529 - INFO - Example /home/projects/bagon/shared/imagenet512/val/n01980166/ILSVRC2012_val_00013183.JPEG reached epsilon at step 642, loss sum: 62.8524, final loss: 0.00099468, weight distance: 0.0322
2025-09-23 03:03:13,775 - INFO - Example /home/projects/bagon/shared/imagenet512/val/n03459775/ILSVRC2012_val_00033620.JPEG reached epsilon at step 359, loss sum: 74.2921, final loss: 0.00098324, weight distance: 0.0272
2025-09-23 03:03:27,194 - INFO - Example /home/projects/bagon/shared/imagenet512/val/n09256479/ILSVRC2012_val_00004973.JPEG reached epsilon at step 240, loss sum: 13.0881, final loss: 0.00099850, weight distance: 0.0152
2025-09-23 03:03:49,105 - INFO - Example /home/projects/bagon/shared/imagenet512/val/n02699494/ILSVRC2012_val_00006462.JPEG reached epsilon at step 412, loss sum: 34.4760, final loss: 0.00099373, weight distance: 0.0254
2025-09-23 03:05:46,557 - INFO - Example /home/projects/bagon/shared/imagenet512/val/n03930630/ILSVRC2012_val_00047676.JPEG reached epsilon at step 2262, loss sum: 118.7177, final loss: 0.00099945, weight distance: 0.0214
2025-09-23 03:06:07,314 - INFO - Example /home/projects/bagon/shared/imagenet512/val/n02092002/ILSVRC2012_val_00001206.JPEG reached epsilon at step 386, loss sum: 28.3811, final loss: 0.00099468, weight distance: 0.0235
2025-09-23 03:06:24,140 - INFO - Example /home/projects/bagon/shared/imagenet512/val/n04467665/ILSVRC2012_val_00030438.JPEG reached epsilon at step 305, loss sum: 29.0270, final loss: 0.00099277, weight distance: 0.0186
2025-09-23 03:06:44,807 - INFO - Example /home/projects/bagon/shared/imagenet512/val/n04162706/ILSVRC2012_val_00034961.JPEG reached epsilon at step 387, loss sum: 56.3293, final loss: 0.00099373, weight distance: 0.0178
2025-09-23 03:07:10,070 - INFO - Example /home/projects/bagon/shared/imagenet512/val/n02814533/ILSVRC2012_val_00043122.JPEG reached epsilon at step 475, loss sum: 35.5356, final loss: 0.00099945, weight distance: 0.0231
2025-09-23 03:07:48,207 - INFO - Example /home/projects/bagon/shared/imagenet512/val/n03791053/ILSVRC2012_val_00043373.JPEG reached epsilon at step 721, loss sum: 62.3937, final loss: 0.00099754, weight distance: 0.0372
2025-09-23 03:08:01,741 - INFO - Example /home/projects/bagon/shared/imagenet512/val/n03141823/ILSVRC2012_val_00031711.JPEG reached epsilon at step 247, loss sum: 47.3447, final loss: 0.00098515, weight distance: 0.0168
2025-09-23 03:08:16,308 - INFO - Example /home/projects/bagon/shared/imagenet512/val/n02095570/ILSVRC2012_val_00041301.JPEG reached epsilon at step 259, loss sum: 72.8995, final loss: 0.00099564, weight distance: 0.0152
2025-09-23 03:08:38,515 - INFO - Example /home/projects/bagon/shared/imagenet512/val/n04081281/ILSVRC2012_val_00018924.JPEG reached epsilon at step 415, loss sum: 78.3496, final loss: 0.00099373, weight distance: 0.0273
2025-09-23 03:09:02,740 - INFO - Example /home/projects/bagon/shared/imagenet512/val/n02669723/ILSVRC2012_val_00012083.JPEG reached epsilon at step 449, loss sum: 63.6621, final loss: 0.00099754, weight distance: 0.0287
2025-09-23 03:10:29,456 - INFO - Example /home/projects/bagon/shared/imagenet512/val/n04591713/ILSVRC2012_val_00043192.JPEG reached epsilon at step 1636, loss sum: 143.8672, final loss: 0.00099754, weight distance: 0.0282
2025-09-23 03:10:47,570 - INFO - Example /home/projects/bagon/shared/imagenet512/val/n04418357/ILSVRC2012_val_00016570.JPEG reached epsilon at step 318, loss sum: 72.2449, final loss: 0.00099373, weight distance: 0.0199
2025-09-23 03:11:09,224 - INFO - Example /home/projects/bagon/shared/imagenet512/val/n03776460/ILSVRC2012_val_00024263.JPEG reached epsilon at step 398, loss sum: 51.7060, final loss: 0.00099564, weight distance: 0.0223
2025-09-23 03:11:30,849 - INFO - Example /home/projects/bagon/shared/imagenet512/val/n04356056/ILSVRC2012_val_00018374.JPEG reached epsilon at step 391, loss sum: 42.4569, final loss: 0.00099659, weight distance: 0.0229
2025-09-23 03:11:58,177 - INFO - Example /home/projects/bagon/shared/imagenet512/val/n02097298/ILSVRC2012_val_00007388.JPEG reached epsilon at step 508, loss sum: 29.8203, final loss: 0.00099564, weight distance: 0.0293
2025-09-23 03:12:31,367 - INFO - Example /home/projects/bagon/shared/imagenet512/val/n04389033/ILSVRC2012_val_00043756.JPEG reached epsilon at step 623, loss sum: 22.0673, final loss: 0.00099564, weight distance: 0.0292
2025-09-23 03:13:05,552 - INFO - Example /home/projects/bagon/shared/imagenet512/val/n04380533/ILSVRC2012_val_00038656.JPEG reached epsilon at step 639, loss sum: 41.2831, final loss: 0.00099659, weight distance: 0.0334
2025-09-23 03:13:41,365 - INFO - Example /home/projects/bagon/shared/imagenet512/val/n01978287/ILSVRC2012_val_00047370.JPEG reached epsilon at step 673, loss sum: 60.6012, final loss: 0.00099373, weight distance: 0.0398
2025-09-23 03:13:58,394 - INFO - Example /home/projects/bagon/shared/imagenet512/val/n03877472/ILSVRC2012_val_00022847.JPEG reached epsilon at step 315, loss sum: 17.7064, final loss: 0.00099754, weight distance: 0.0179
2025-09-23 03:14:07,368 - INFO - Example /home/projects/bagon/shared/imagenet512/val/n03535780/ILSVRC2012_val_00012133.JPEG reached epsilon at step 158, loss sum: 19.8361, final loss: 0.00098324, weight distance: 0.0104
2025-09-23 03:14:36,417 - INFO - Example /home/projects/bagon/shared/imagenet512/val/n02749479/ILSVRC2012_val_00038946.JPEG reached epsilon at step 540, loss sum: 40.5158, final loss: 0.00099564, weight distance: 0.0266
2025-09-23 03:14:48,252 - INFO - Example /home/projects/bagon/shared/imagenet512/val/n02840245/ILSVRC2012_val_00030455.JPEG reached epsilon at step 210, loss sum: 34.8832, final loss: 0.00098896, weight distance: 0.0135
2025-09-23 03:15:04,103 - INFO - Example /home/projects/bagon/shared/imagenet512/val/n10148035/ILSVRC2012_val_00006461.JPEG reached epsilon at step 289, loss sum: 30.5794, final loss: 0.00099850, weight distance: 0.0187
2025-09-23 03:15:24,592 - INFO - Example /home/projects/bagon/shared/imagenet512/val/n04548362/ILSVRC2012_val_00046586.JPEG reached epsilon at step 380, loss sum: 39.1319, final loss: 0.00099850, weight distance: 0.0161
2025-09-23 03:15:42,056 - INFO - Example /home/projects/bagon/shared/imagenet512/val/n03958227/ILSVRC2012_val_00020845.JPEG reached epsilon at step 322, loss sum: 82.5211, final loss: 0.00099373, weight distance: 0.0205
2025-09-23 03:16:08,486 - INFO - Example /home/projects/bagon/shared/imagenet512/val/n02687172/ILSVRC2012_val_00049572.JPEG reached epsilon at step 492, loss sum: 28.6516, final loss: 0.00099945, weight distance: 0.0246
2025-09-23 03:16:28,266 - INFO - Example /home/projects/bagon/shared/imagenet512/val/n04553703/ILSVRC2012_val_00003927.JPEG reached epsilon at step 366, loss sum: 42.0332, final loss: 0.00099564, weight distance: 0.0167
2025-09-23 03:16:45,063 - INFO - Example /home/projects/bagon/shared/imagenet512/val/n02939185/ILSVRC2012_val_00020028.JPEG reached epsilon at step 309, loss sum: 60.5125, final loss: 0.00099277, weight distance: 0.0201
2025-09-23 03:17:24,729 - INFO - Example /home/projects/bagon/shared/imagenet512/val/n04069434/ILSVRC2012_val_00044051.JPEG reached epsilon at step 747, loss sum: 44.1682, final loss: 0.00099277, weight distance: 0.0386
2025-09-23 03:17:39,208 - INFO - Example /home/projects/bagon/shared/imagenet512/val/n04507155/ILSVRC2012_val_00048993.JPEG reached epsilon at step 263, loss sum: 34.6481, final loss: 0.00099659, weight distance: 0.0178
2025-09-23 03:18:00,508 - INFO - Example /home/projects/bagon/shared/imagenet512/val/n03877845/ILSVRC2012_val_00018403.JPEG reached epsilon at step 391, loss sum: 42.5035, final loss: 0.00099659, weight distance: 0.0220
2025-09-23 03:18:31,945 - INFO - Example /home/projects/bagon/shared/imagenet512/val/n07716906/ILSVRC2012_val_00033271.JPEG reached epsilon at step 567, loss sum: 42.5888, final loss: 0.00099468, weight distance: 0.0248
2025-09-23 03:19:06,564 - INFO - Example /home/projects/bagon/shared/imagenet512/val/n02097209/ILSVRC2012_val_00030213.JPEG reached epsilon at step 652, loss sum: 46.8769, final loss: 0.00099659, weight distance: 0.0343
2025-09-23 03:19:18,228 - INFO - Example /home/projects/bagon/shared/imagenet512/val/n04254777/ILSVRC2012_val_00021633.JPEG reached epsilon at step 202, loss sum: 25.7245, final loss: 0.00099659, weight distance: 0.0097
2025-09-23 03:19:56,102 - INFO - Example /home/projects/bagon/shared/imagenet512/val/n07747607/ILSVRC2012_val_00001778.JPEG reached epsilon at step 714, loss sum: 129.0148, final loss: 0.00099850, weight distance: 0.0228
2025-09-23 03:20:25,301 - INFO - Example /home/projects/bagon/shared/imagenet512/val/n02167151/ILSVRC2012_val_00005947.JPEG reached epsilon at step 548, loss sum: 45.7546, final loss: 0.00099850, weight distance: 0.0291
2025-09-23 03:20:39,472 - INFO - Example /home/projects/bagon/shared/imagenet512/val/n07590611/ILSVRC2012_val_00010005.JPEG reached epsilon at step 258, loss sum: 13.9271, final loss: 0.00099373, weight distance: 0.0190
2025-09-23 03:21:03,480 - INFO - Example /home/projects/bagon/shared/imagenet512/val/n02093754/ILSVRC2012_val_00017764.JPEG reached epsilon at step 444, loss sum: 51.7106, final loss: 0.00099945, weight distance: 0.0262
2025-09-23 03:21:26,476 - INFO - Example /home/projects/bagon/shared/imagenet512/val/n02107574/ILSVRC2012_val_00046704.JPEG reached epsilon at step 428, loss sum: 36.1974, final loss: 0.00099754, weight distance: 0.0235
2025-09-23 03:21:52,893 - INFO - Example /home/projects/bagon/shared/imagenet512/val/n02088466/ILSVRC2012_val_00014631.JPEG reached epsilon at step 491, loss sum: 65.3366, final loss: 0.00099468, weight distance: 0.0242
2025-09-23 03:22:15,327 - INFO - Example /home/projects/bagon/shared/imagenet512/val/n02423022/ILSVRC2012_val_00021151.JPEG reached epsilon at step 415, loss sum: 89.8934, final loss: 0.00099277, weight distance: 0.0239
2025-09-23 03:22:39,043 - INFO - Example /home/projects/bagon/shared/imagenet512/val/n02093859/ILSVRC2012_val_00002687.JPEG reached epsilon at step 439, loss sum: 13.9313, final loss: 0.00099659, weight distance: 0.0198
2025-09-23 03:23:00,377 - INFO - Example /home/projects/bagon/shared/imagenet512/val/n03776460/ILSVRC2012_val_00045235.JPEG reached epsilon at step 395, loss sum: 31.8032, final loss: 0.00098705, weight distance: 0.0197
2025-09-23 03:23:14,686 - INFO - Example /home/projects/bagon/shared/imagenet512/val/n03933933/ILSVRC2012_val_00029034.JPEG reached epsilon at step 261, loss sum: 62.2535, final loss: 0.00099373, weight distance: 0.0150
2025-09-23 03:23:45,153 - INFO - Example /home/projects/bagon/shared/imagenet512/val/n07590611/ILSVRC2012_val_00007171.JPEG reached epsilon at step 571, loss sum: 92.0046, final loss: 0.00099373, weight distance: 0.0279
2025-09-23 03:24:05,499 - INFO - Example /home/projects/bagon/shared/imagenet512/val/n01924916/ILSVRC2012_val_00024354.JPEG reached epsilon at step 378, loss sum: 23.5091, final loss: 0.00099659, weight distance: 0.0207
2025-09-23 03:24:24,294 - INFO - Example /home/projects/bagon/shared/imagenet512/val/n01698640/ILSVRC2012_val_00047405.JPEG reached epsilon at step 346, loss sum: 14.0261, final loss: 0.00099945, weight distance: 0.0141
2025-09-23 03:24:58,326 - INFO - Example /home/projects/bagon/shared/imagenet512/val/n02087394/ILSVRC2012_val_00000102.JPEG reached epsilon at step 637, loss sum: 31.3205, final loss: 0.00099850, weight distance: 0.0248
2025-09-23 03:25:23,792 - INFO - Example /home/projects/bagon/shared/imagenet512/val/n03763968/ILSVRC2012_val_00048381.JPEG reached epsilon at step 472, loss sum: 94.1221, final loss: 0.00099564, weight distance: 0.0264
2025-09-23 03:25:47,441 - INFO - Example /home/projects/bagon/shared/imagenet512/val/n03216828/ILSVRC2012_val_00013529.JPEG reached epsilon at step 436, loss sum: 70.4729, final loss: 0.00099468, weight distance: 0.0243
2025-09-23 03:26:09,426 - INFO - Example /home/projects/bagon/shared/imagenet512/val/n02123394/ILSVRC2012_val_00024427.JPEG reached epsilon at step 407, loss sum: 70.0491, final loss: 0.00099754, weight distance: 0.0213
2025-09-23 03:26:29,962 - INFO - Example /home/projects/bagon/shared/imagenet512/val/n03255030/ILSVRC2012_val_00048022.JPEG reached epsilon at step 378, loss sum: 25.9560, final loss: 0.00099754, weight distance: 0.0213
2025-09-23 03:26:39,708 - INFO - Example /home/projects/bagon/shared/imagenet512/val/n04557648/ILSVRC2012_val_00001668.JPEG reached epsilon at step 172, loss sum: 38.0166, final loss: 0.00099182, weight distance: 0.0111
2025-09-23 03:27:02,022 - INFO - Example /home/projects/bagon/shared/imagenet512/val/n07716358/ILSVRC2012_val_00033681.JPEG reached epsilon at step 406, loss sum: 25.2980, final loss: 0.00099850, weight distance: 0.0191
2025-09-23 03:27:24,694 - INFO - Example /home/projects/bagon/shared/imagenet512/val/n02098286/ILSVRC2012_val_00028799.JPEG reached epsilon at step 419, loss sum: 40.8418, final loss: 0.00099754, weight distance: 0.0210
2025-09-23 03:27:42,293 - INFO - Example /home/projects/bagon/shared/imagenet512/val/n03710193/ILSVRC2012_val_00004092.JPEG reached epsilon at step 322, loss sum: 40.9823, final loss: 0.00099945, weight distance: 0.0189
2025-09-23 03:28:11,687 - INFO - Example /home/projects/bagon/shared/imagenet512/val/n03792782/ILSVRC2012_val_00001661.JPEG reached epsilon at step 490, loss sum: 94.5729, final loss: 0.00099468, weight distance: 0.0231
2025-09-23 03:28:28,350 - INFO - Example /home/projects/bagon/shared/imagenet512/val/n03345487/ILSVRC2012_val_00039248.JPEG reached epsilon at step 302, loss sum: 26.3565, final loss: 0.00099945, weight distance: 0.0170
2025-09-23 03:29:03,540 - INFO - Example /home/projects/bagon/shared/imagenet512/val/n03717622/ILSVRC2012_val_00025939.JPEG reached epsilon at step 660, loss sum: 79.1872, final loss: 0.00099373, weight distance: 0.0371
2025-09-23 03:29:28,598 - INFO - Example /home/projects/bagon/shared/imagenet512/val/n02085782/ILSVRC2012_val_00033200.JPEG reached epsilon at step 465, loss sum: 27.2846, final loss: 0.00099564, weight distance: 0.0188
2025-09-23 03:29:45,088 - INFO - Example /home/projects/bagon/shared/imagenet512/val/n03661043/ILSVRC2012_val_00027156.JPEG reached epsilon at step 298, loss sum: 28.1859, final loss: 0.00099373, weight distance: 0.0172
2025-09-23 03:30:17,921 - INFO - Example /home/projects/bagon/shared/imagenet512/val/n03617480/ILSVRC2012_val_00027240.JPEG reached epsilon at step 609, loss sum: 65.5830, final loss: 0.00099945, weight distance: 0.0394
2025-09-23 03:30:34,026 - INFO - Example /home/projects/bagon/shared/imagenet512/val/n01855032/ILSVRC2012_val_00014097.JPEG reached epsilon at step 293, loss sum: 12.6460, final loss: 0.00099373, weight distance: 0.0147
2025-09-23 03:31:05,359 - INFO - Example /home/projects/bagon/shared/imagenet512/val/n01735189/ILSVRC2012_val_00023657.JPEG reached epsilon at step 587, loss sum: 40.1372, final loss: 0.00099850, weight distance: 0.0288
2025-09-23 03:31:18,247 - INFO - Example /home/projects/bagon/shared/imagenet512/val/n03000134/ILSVRC2012_val_00015687.JPEG reached epsilon at step 227, loss sum: 75.5772, final loss: 0.00099182, weight distance: 0.0142
2025-09-23 03:31:42,788 - INFO - Example /home/projects/bagon/shared/imagenet512/val/n02363005/ILSVRC2012_val_00014389.JPEG reached epsilon at step 455, loss sum: 50.2844, final loss: 0.00099564, weight distance: 0.0261
2025-09-23 03:32:05,157 - INFO - Example /home/projects/bagon/shared/imagenet512/val/n02168699/ILSVRC2012_val_00044476.JPEG reached epsilon at step 410, loss sum: 37.1242, final loss: 0.00099945, weight distance: 0.0203
2025-09-23 03:32:23,764 - INFO - Example /home/projects/bagon/shared/imagenet512/val/n03457902/ILSVRC2012_val_00014300.JPEG reached epsilon at step 342, loss sum: 72.5567, final loss: 0.00099659, weight distance: 0.0227
2025-09-23 03:32:37,334 - INFO - Example /home/projects/bagon/shared/imagenet512/val/n07880968/ILSVRC2012_val_00001151.JPEG reached epsilon at step 247, loss sum: 35.2421, final loss: 0.00099564, weight distance: 0.0143
2025-09-23 03:33:05,926 - INFO - Example /home/projects/bagon/shared/imagenet512/val/n02087394/ILSVRC2012_val_00018933.JPEG reached epsilon at step 531, loss sum: 64.2641, final loss: 0.00099945, weight distance: 0.0279
2025-09-23 03:33:30,118 - INFO - Example /home/projects/bagon/shared/imagenet512/val/n02676566/ILSVRC2012_val_00040818.JPEG reached epsilon at step 404, loss sum: 12.3979, final loss: 0.00099754, weight distance: 0.0205
2025-09-23 03:34:11,436 - INFO - Example /home/projects/bagon/shared/imagenet512/val/n07730033/ILSVRC2012_val_00043178.JPEG reached epsilon at step 774, loss sum: 54.5237, final loss: 0.00099373, weight distance: 0.0352
2025-09-23 03:34:22,322 - INFO - Example /home/projects/bagon/shared/imagenet512/val/n03026506/ILSVRC2012_val_00036830.JPEG reached epsilon at step 194, loss sum: 7.2927, final loss: 0.00099945, weight distance: 0.0095
2025-09-23 03:34:43,941 - INFO - Example /home/projects/bagon/shared/imagenet512/val/n02790996/ILSVRC2012_val_00014676.JPEG reached epsilon at step 400, loss sum: 36.6263, final loss: 0.00099754, weight distance: 0.0207
2025-09-23 03:35:21,258 - INFO - Example /home/projects/bagon/shared/imagenet512/val/n02108000/ILSVRC2012_val_00048636.JPEG reached epsilon at step 703, loss sum: 30.7329, final loss: 0.00099754, weight distance: 0.0280
2025-09-23 03:35:44,576 - INFO - Example /home/projects/bagon/shared/imagenet512/val/n02108000/ILSVRC2012_val_00020748.JPEG reached epsilon at step 429, loss sum: 40.2237, final loss: 0.00099373, weight distance: 0.0231
2025-09-23 03:36:06,783 - INFO - Example /home/projects/bagon/shared/imagenet512/val/n02093991/ILSVRC2012_val_00016711.JPEG reached epsilon at step 410, loss sum: 56.4281, final loss: 0.00099945, weight distance: 0.0224
2025-09-23 03:36:29,858 - INFO - Example /home/projects/bagon/shared/imagenet512/val/n03670208/ILSVRC2012_val_00005250.JPEG reached epsilon at step 430, loss sum: 8.8337, final loss: 0.00099277, weight distance: 0.0227
2025-09-23 03:36:40,975 - INFO - Example /home/projects/bagon/shared/imagenet512/val/n02113978/ILSVRC2012_val_00003140.JPEG reached epsilon at step 199, loss sum: 15.0305, final loss: 0.00099754, weight distance: 0.0112
2025-09-23 03:36:52,688 - INFO - Example /home/projects/bagon/shared/imagenet512/val/n09332890/ILSVRC2012_val_00046298.JPEG reached epsilon at step 209, loss sum: 11.4459, final loss: 0.00099754, weight distance: 0.0120
2025-09-23 03:37:31,787 - INFO - Example /home/projects/bagon/shared/imagenet512/val/n01682714/ILSVRC2012_val_00045157.JPEG reached epsilon at step 724, loss sum: 86.7376, final loss: 0.00099754, weight distance: 0.0422
2025-09-23 03:39:08,205 - INFO - Example /home/projects/bagon/shared/imagenet512/val/n01773549/ILSVRC2012_val_00035171.JPEG reached epsilon at step 1832, loss sum: 62.3851, final loss: 0.00099850, weight distance: 0.0270
2025-09-23 03:40:10,319 - INFO - Example /home/projects/bagon/shared/imagenet512/val/n04483307/ILSVRC2012_val_00035056.JPEG reached epsilon at step 1175, loss sum: 23.4466, final loss: 0.00099945, weight distance: 0.0218
2025-09-23 03:40:38,846 - INFO - Example /home/projects/bagon/shared/imagenet512/val/n02268443/ILSVRC2012_val_00006760.JPEG reached epsilon at step 532, loss sum: 78.9419, final loss: 0.00099850, weight distance: 0.0294
2025-09-23 03:41:00,058 - INFO - Example /home/projects/bagon/shared/imagenet512/val/n03400231/ILSVRC2012_val_00009309.JPEG reached epsilon at step 391, loss sum: 87.1715, final loss: 0.00099564, weight distance: 0.0220
2025-09-23 03:41:30,037 - INFO - Example /home/projects/bagon/shared/imagenet512/val/n02102318/ILSVRC2012_val_00046143.JPEG reached epsilon at step 558, loss sum: 42.8452, final loss: 0.00099945, weight distance: 0.0221
2025-09-23 03:41:52,080 - INFO - Example /home/projects/bagon/shared/imagenet512/val/n02090622/ILSVRC2012_val_00036266.JPEG reached epsilon at step 407, loss sum: 88.9815, final loss: 0.00099468, weight distance: 0.0226
2025-09-23 03:42:24,030 - INFO - Example /home/projects/bagon/shared/imagenet512/val/n03394916/ILSVRC2012_val_00048507.JPEG reached epsilon at step 598, loss sum: 41.1263, final loss: 0.00099754, weight distance: 0.0246
2025-09-23 03:43:16,075 - INFO - Example /home/projects/bagon/shared/imagenet512/val/n02090721/ILSVRC2012_val_00009713.JPEG reached epsilon at step 979, loss sum: 33.5886, final loss: 0.00099373, weight distance: 0.0373
2025-09-23 03:43:47,340 - INFO - Example /home/projects/bagon/shared/imagenet512/val/n02097130/ILSVRC2012_val_00029609.JPEG reached epsilon at step 585, loss sum: 79.2759, final loss: 0.00099754, weight distance: 0.0346
2025-09-23 03:44:06,869 - INFO - Example /home/projects/bagon/shared/imagenet512/val/n03796401/ILSVRC2012_val_00039716.JPEG reached epsilon at step 357, loss sum: 29.6277, final loss: 0.00099277, weight distance: 0.0206
2025-09-23 03:44:46,837 - INFO - Example /home/projects/bagon/shared/imagenet512/val/n01968897/ILSVRC2012_val_00016495.JPEG reached epsilon at step 752, loss sum: 50.7908, final loss: 0.00099468, weight distance: 0.0216
2025-09-23 03:45:09,068 - INFO - Example /home/projects/bagon/shared/imagenet512/val/n02443484/ILSVRC2012_val_00036439.JPEG reached epsilon at step 406, loss sum: 124.2591, final loss: 0.00099373, weight distance: 0.0218
2025-09-23 03:45:22,718 - INFO - Example /home/projects/bagon/shared/imagenet512/val/n02091635/ILSVRC2012_val_00038565.JPEG reached epsilon at step 246, loss sum: 34.9705, final loss: 0.00099754, weight distance: 0.0146
2025-09-23 03:45:39,405 - INFO - Example /home/projects/bagon/shared/imagenet512/val/n03041632/ILSVRC2012_val_00008526.JPEG reached epsilon at step 304, loss sum: 191.5841, final loss: 0.00099850, weight distance: 0.0192
2025-09-23 03:45:56,729 - INFO - Example /home/projects/bagon/shared/imagenet512/val/n03452741/ILSVRC2012_val_00039714.JPEG reached epsilon at step 318, loss sum: 73.9074, final loss: 0.00099754, weight distance: 0.0184
2025-09-23 03:46:12,454 - INFO - Example /home/projects/bagon/shared/imagenet512/val/n07716358/ILSVRC2012_val_00016062.JPEG reached epsilon at step 286, loss sum: 7.2443, final loss: 0.00099945, weight distance: 0.0121
2025-09-23 03:46:29,278 - INFO - Example /home/projects/bagon/shared/imagenet512/val/n09332890/ILSVRC2012_val_00022287.JPEG reached epsilon at step 309, loss sum: 14.0642, final loss: 0.00099182, weight distance: 0.0118
2025-09-23 03:46:44,725 - INFO - Example /home/projects/bagon/shared/imagenet512/val/n04554684/ILSVRC2012_val_00021167.JPEG reached epsilon at step 283, loss sum: 5.3453, final loss: 0.00099945, weight distance: 0.0156
2025-09-23 03:47:13,808 - INFO - Example /home/projects/bagon/shared/imagenet512/val/n03782006/ILSVRC2012_val_00049172.JPEG reached epsilon at step 543, loss sum: 28.9260, final loss: 0.00099659, weight distance: 0.0255
2025-09-23 03:47:39,091 - INFO - Example /home/projects/bagon/shared/imagenet512/val/n02111500/ILSVRC2012_val_00030093.JPEG reached epsilon at step 473, loss sum: 38.0798, final loss: 0.00099754, weight distance: 0.0255
2025-09-23 03:48:03,882 - INFO - Example /home/projects/bagon/shared/imagenet512/val/n04201297/ILSVRC2012_val_00030692.JPEG reached epsilon at step 453, loss sum: 63.4428, final loss: 0.00099754, weight distance: 0.0245
2025-09-23 03:48:39,389 - INFO - Example /home/projects/bagon/shared/imagenet512/val/n02930766/ILSVRC2012_val_00025244.JPEG reached epsilon at step 669, loss sum: 17.0917, final loss: 0.00099564, weight distance: 0.0271
2025-09-23 03:48:56,533 - INFO - Example /home/projects/bagon/shared/imagenet512/val/n04462240/ILSVRC2012_val_00045868.JPEG reached epsilon at step 308, loss sum: 101.4853, final loss: 0.00099850, weight distance: 0.0184
2025-09-23 03:49:23,227 - INFO - Example /home/projects/bagon/shared/imagenet512/val/n03902125/ILSVRC2012_val_00019465.JPEG reached epsilon at step 496, loss sum: 25.8645, final loss: 0.00099564, weight distance: 0.0250
2025-09-23 03:49:44,286 - INFO - Example /home/projects/bagon/shared/imagenet512/val/n02098105/ILSVRC2012_val_00045987.JPEG reached epsilon at step 385, loss sum: 84.9479, final loss: 0.00099468, weight distance: 0.0206
2025-09-23 03:50:10,954 - INFO - Example /home/projects/bagon/shared/imagenet512/val/n02091032/ILSVRC2012_val_00005059.JPEG reached epsilon at step 498, loss sum: 41.3894, final loss: 0.00099277, weight distance: 0.0239
2025-09-23 03:50:43,471 - INFO - Example /home/projects/bagon/shared/imagenet512/val/n02268853/ILSVRC2012_val_00003239.JPEG reached epsilon at step 604, loss sum: 56.9710, final loss: 0.00099182, weight distance: 0.0266
2025-09-23 03:51:08,619 - INFO - Example /home/projects/bagon/shared/imagenet512/val/n03220513/ILSVRC2012_val_00026646.JPEG reached epsilon at step 466, loss sum: 80.0329, final loss: 0.00099754, weight distance: 0.0298
2025-09-23 03:51:38,422 - INFO - Example /home/projects/bagon/shared/imagenet512/val/n02119022/ILSVRC2012_val_00033641.JPEG reached epsilon at step 558, loss sum: 52.3005, final loss: 0.00099659, weight distance: 0.0300
2025-09-23 03:52:06,116 - INFO - Example /home/projects/bagon/shared/imagenet512/val/n01739381/ILSVRC2012_val_00018037.JPEG reached epsilon at step 519, loss sum: 15.9771, final loss: 0.00099468, weight distance: 0.0144
2025-09-23 03:52:24,508 - INFO - Example /home/projects/bagon/shared/imagenet512/val/n02231487/ILSVRC2012_val_00017245.JPEG reached epsilon at step 333, loss sum: 30.9727, final loss: 0.00099373, weight distance: 0.0176
2025-09-23 03:52:53,390 - INFO - Example /home/projects/bagon/shared/imagenet512/val/n02085782/ILSVRC2012_val_00007088.JPEG reached epsilon at step 537, loss sum: 47.9901, final loss: 0.00099564, weight distance: 0.0252
2025-09-23 03:53:45,567 - INFO - Example /home/projects/bagon/shared/imagenet512/val/n06359193/ILSVRC2012_val_00020836.JPEG reached epsilon at step 991, loss sum: 30.2596, final loss: 0.00099850, weight distance: 0.0247
2025-09-23 03:54:17,753 - INFO - Example /home/projects/bagon/shared/imagenet512/val/n04486054/ILSVRC2012_val_00027183.JPEG reached epsilon at step 607, loss sum: 62.5508, final loss: 0.00099754, weight distance: 0.0276
2025-09-23 03:54:35,351 - INFO - Example /home/projects/bagon/shared/imagenet512/val/n03197337/ILSVRC2012_val_00035128.JPEG reached epsilon at step 324, loss sum: 98.1546, final loss: 0.00099182, weight distance: 0.0207
2025-09-23 03:54:55,487 - INFO - Example /home/projects/bagon/shared/imagenet512/val/n07742313/ILSVRC2012_val_00000727.JPEG reached epsilon at step 374, loss sum: 94.5154, final loss: 0.00099468, weight distance: 0.0236
2025-09-23 03:55:08,900 - INFO - Example /home/projects/bagon/shared/imagenet512/val/n07579787/ILSVRC2012_val_00039997.JPEG reached epsilon at step 245, loss sum: 24.5273, final loss: 0.00099945, weight distance: 0.0156
2025-09-23 03:55:24,753 - INFO - Example /home/projects/bagon/shared/imagenet512/val/n04239074/ILSVRC2012_val_00017394.JPEG reached epsilon at step 290, loss sum: 46.1730, final loss: 0.00099850, weight distance: 0.0178
2025-09-23 03:55:45,400 - INFO - Example /home/projects/bagon/shared/imagenet512/val/n04409515/ILSVRC2012_val_00027078.JPEG reached epsilon at step 382, loss sum: 40.1342, final loss: 0.00099373, weight distance: 0.0205
2025-09-23 03:56:04,221 - INFO - Example /home/projects/bagon/shared/imagenet512/val/n02093991/ILSVRC2012_val_00019544.JPEG reached epsilon at step 348, loss sum: 92.0968, final loss: 0.00099182, weight distance: 0.0206
2025-09-23 03:56:24,501 - INFO - Example /home/projects/bagon/shared/imagenet512/val/n03602883/ILSVRC2012_val_00015982.JPEG reached epsilon at step 376, loss sum: 38.4663, final loss: 0.00099277, weight distance: 0.0208
2025-09-23 03:56:42,469 - INFO - Example /home/projects/bagon/shared/imagenet512/val/n03804744/ILSVRC2012_val_00029087.JPEG reached epsilon at step 330, loss sum: 62.1334, final loss: 0.00099564, weight distance: 0.0234
2025-09-23 03:57:07,873 - INFO - Example /home/projects/bagon/shared/imagenet512/val/n02807133/ILSVRC2012_val_00011741.JPEG reached epsilon at step 473, loss sum: 45.8803, final loss: 0.00099564, weight distance: 0.0247
2025-09-23 03:57:24,267 - INFO - Example /home/projects/bagon/shared/imagenet512/val/n03786901/ILSVRC2012_val_00033979.JPEG reached epsilon at step 301, loss sum: 18.9240, final loss: 0.00099850, weight distance: 0.0190
2025-09-23 03:57:49,947 - INFO - Example /home/projects/bagon/shared/imagenet512/val/n02011460/ILSVRC2012_val_00002242.JPEG reached epsilon at step 481, loss sum: 121.4176, final loss: 0.00099468, weight distance: 0.0289
2025-09-23 03:58:11,194 - INFO - Example /home/projects/bagon/shared/imagenet512/val/n02490219/ILSVRC2012_val_00031762.JPEG reached epsilon at step 395, loss sum: 27.1007, final loss: 0.00099564, weight distance: 0.0201
2025-09-23 03:58:42,343 - INFO - Example /home/projects/bagon/shared/imagenet512/val/n03187595/ILSVRC2012_val_00021048.JPEG reached epsilon at step 586, loss sum: 65.4821, final loss: 0.00099373, weight distance: 0.0311
2025-09-23 03:58:59,994 - INFO - Example /home/projects/bagon/shared/imagenet512/val/n03877845/ILSVRC2012_val_00026772.JPEG reached epsilon at step 327, loss sum: 94.7702, final loss: 0.00099468, weight distance: 0.0186
2025-09-23 03:59:25,893 - INFO - Example /home/projects/bagon/shared/imagenet512/val/n02894605/ILSVRC2012_val_00018400.JPEG reached epsilon at step 484, loss sum: 16.5060, final loss: 0.00099850, weight distance: 0.0202
2025-09-23 03:59:50,756 - INFO - Example /home/projects/bagon/shared/imagenet512/val/n07711569/ILSVRC2012_val_00010413.JPEG reached epsilon at step 465, loss sum: 21.3368, final loss: 0.00099850, weight distance: 0.0225
2025-09-23 04:00:24,018 - INFO - Example /home/projects/bagon/shared/imagenet512/val/n02988304/ILSVRC2012_val_00014182.JPEG reached epsilon at step 623, loss sum: 122.8111, final loss: 0.00099659, weight distance: 0.0365
2025-09-23 04:00:52,100 - INFO - Example /home/projects/bagon/shared/imagenet512/val/n02095314/ILSVRC2012_val_00012515.JPEG reached epsilon at step 525, loss sum: 52.6716, final loss: 0.00099659, weight distance: 0.0290
2025-09-23 04:01:15,397 - INFO - Example /home/projects/bagon/shared/imagenet512/val/n04399382/ILSVRC2012_val_00046628.JPEG reached epsilon at step 433, loss sum: 94.5077, final loss: 0.00099754, weight distance: 0.0300
2025-09-23 04:01:46,617 - INFO - Example /home/projects/bagon/shared/imagenet512/val/n02837789/ILSVRC2012_val_00046681.JPEG reached epsilon at step 587, loss sum: 90.6459, final loss: 0.00099659, weight distance: 0.0288
2025-09-23 04:02:03,819 - INFO - Example /home/projects/bagon/shared/imagenet512/val/n04532106/ILSVRC2012_val_00049927.JPEG reached epsilon at step 300, loss sum: 4.6137, final loss: 0.00099468, weight distance: 0.0160
2025-09-23 04:02:39,458 - INFO - Example /home/projects/bagon/shared/imagenet512/val/n04552348/ILSVRC2012_val_00011942.JPEG reached epsilon at step 666, loss sum: 78.0207, final loss: 0.00099564, weight distance: 0.0328
2025-09-23 04:03:16,198 - INFO - Example /home/projects/bagon/shared/imagenet512/val/n03887697/ILSVRC2012_val_00021464.JPEG reached epsilon at step 694, loss sum: 78.0858, final loss: 0.00099468, weight distance: 0.0185
2025-09-23 04:03:58,063 - INFO - Example /home/projects/bagon/shared/imagenet512/val/n02415577/ILSVRC2012_val_00049043.JPEG reached epsilon at step 794, loss sum: 97.9523, final loss: 0.00099468, weight distance: 0.0436
2025-09-23 04:04:20,042 - INFO - Example /home/projects/bagon/shared/imagenet512/val/n04482393/ILSVRC2012_val_00008823.JPEG reached epsilon at step 406, loss sum: 39.5995, final loss: 0.00099754, weight distance: 0.0241
2025-09-23 04:04:48,474 - INFO - Example /home/projects/bagon/shared/imagenet512/val/n01914609/ILSVRC2012_val_00016775.JPEG reached epsilon at step 531, loss sum: 50.0214, final loss: 0.00099754, weight distance: 0.0264
2025-09-23 04:05:19,614 - INFO - Example /home/projects/bagon/shared/imagenet512/val/n02089078/ILSVRC2012_val_00025318.JPEG reached epsilon at step 584, loss sum: 51.9400, final loss: 0.00099468, weight distance: 0.0265
2025-09-23 04:05:38,496 - INFO - Example /home/projects/bagon/shared/imagenet512/val/n02112706/ILSVRC2012_val_00042249.JPEG reached epsilon at step 347, loss sum: 106.6011, final loss: 0.00099564, weight distance: 0.0189
2025-09-23 04:06:16,751 - INFO - Example /home/projects/bagon/shared/imagenet512/val/n03000247/ILSVRC2012_val_00004637.JPEG reached epsilon at step 720, loss sum: 174.6909, final loss: 0.00099277, weight distance: 0.0383
2025-09-23 04:06:58,438 - INFO - Example /home/projects/bagon/shared/imagenet512/val/n02105855/ILSVRC2012_val_00001971.JPEG reached epsilon at step 786, loss sum: 24.8945, final loss: 0.00099850, weight distance: 0.0368
2025-09-23 04:07:49,912 - INFO - Example /home/projects/bagon/shared/imagenet512/val/n02389026/ILSVRC2012_val_00009168.JPEG reached epsilon at step 975, loss sum: 96.7776, final loss: 0.00099468, weight distance: 0.0384
2025-09-23 04:08:07,726 - INFO - Example /home/projects/bagon/shared/imagenet512/val/n02814533/ILSVRC2012_val_00038392.JPEG reached epsilon at step 329, loss sum: 4.7791, final loss: 0.00099945, weight distance: 0.0166
2025-09-23 04:08:49,081 - INFO - Example /home/projects/bagon/shared/imagenet512/val/n02090721/ILSVRC2012_val_00027682.JPEG reached epsilon at step 786, loss sum: 195.4122, final loss: 0.00099850, weight distance: 0.0280
2025-09-23 04:09:17,310 - INFO - Example /home/projects/bagon/shared/imagenet512/val/n02086240/ILSVRC2012_val_00029700.JPEG reached epsilon at step 526, loss sum: 75.4455, final loss: 0.00099373, weight distance: 0.0274
2025-09-23 04:09:34,319 - INFO - Example /home/projects/bagon/shared/imagenet512/val/n02747177/ILSVRC2012_val_00030962.JPEG reached epsilon at step 311, loss sum: 68.8204, final loss: 0.00099468, weight distance: 0.0187
2025-09-23 04:10:04,162 - INFO - Example /home/projects/bagon/shared/imagenet512/val/n02110627/ILSVRC2012_val_00014374.JPEG reached epsilon at step 559, loss sum: 63.0132, final loss: 0.00099754, weight distance: 0.0249
2025-09-23 04:10:17,991 - INFO - Example /home/projects/bagon/shared/imagenet512/val/n04370456/ILSVRC2012_val_00003039.JPEG reached epsilon at step 243, loss sum: 24.8048, final loss: 0.00099945, weight distance: 0.0126
2025-09-23 04:10:47,423 - INFO - Example /home/projects/bagon/shared/imagenet512/val/n01667114/ILSVRC2012_val_00019547.JPEG reached epsilon at step 552, loss sum: 35.9279, final loss: 0.00099564, weight distance: 0.0287
2025-09-23 04:11:26,115 - INFO - Example /home/projects/bagon/shared/imagenet512/val/n03690938/ILSVRC2012_val_00046286.JPEG reached epsilon at step 729, loss sum: 48.4171, final loss: 0.00099945, weight distance: 0.0304
2025-09-23 04:11:41,904 - INFO - Example /home/projects/bagon/shared/imagenet512/val/n04435653/ILSVRC2012_val_00005098.JPEG reached epsilon at step 269, loss sum: 46.6044, final loss: 0.00099373, weight distance: 0.0164
2025-09-23 04:12:10,626 - INFO - Example /home/projects/bagon/shared/imagenet512/val/n02123045/ILSVRC2012_val_00033837.JPEG reached epsilon at step 536, loss sum: 78.7511, final loss: 0.00099564, weight distance: 0.0311
2025-09-23 04:12:28,406 - INFO - Example /home/projects/bagon/shared/imagenet512/val/n02085620/ILSVRC2012_val_00049159.JPEG reached epsilon at step 323, loss sum: 57.9707, final loss: 0.00099468, weight distance: 0.0134
2025-09-23 04:12:41,638 - INFO - Example /home/projects/bagon/shared/imagenet512/val/n03888605/ILSVRC2012_val_00000317.JPEG reached epsilon at step 235, loss sum: 15.8310, final loss: 0.00099850, weight distance: 0.0145
2025-09-23 04:13:05,880 - INFO - Example /home/projects/bagon/shared/imagenet512/val/n02091467/ILSVRC2012_val_00028021.JPEG reached epsilon at step 449, loss sum: 184.7411, final loss: 0.00099850, weight distance: 0.0269
2025-09-23 04:13:30,195 - INFO - Example /home/projects/bagon/shared/imagenet512/val/n02106662/ILSVRC2012_val_00027763.JPEG reached epsilon at step 454, loss sum: 52.7102, final loss: 0.00099468, weight distance: 0.0241
2025-09-23 04:14:07,575 - INFO - Example /home/projects/bagon/shared/imagenet512/val/n02088632/ILSVRC2012_val_00017281.JPEG reached epsilon at step 702, loss sum: 48.7610, final loss: 0.00099754, weight distance: 0.0313
2025-09-23 04:14:25,088 - INFO - Example /home/projects/bagon/shared/imagenet512/val/n01950731/ILSVRC2012_val_00004632.JPEG reached epsilon at step 321, loss sum: 47.4940, final loss: 0.00099659, weight distance: 0.0210
2025-09-23 04:14:44,171 - INFO - Example /home/projects/bagon/shared/imagenet512/val/n03761084/ILSVRC2012_val_00022991.JPEG reached epsilon at step 352, loss sum: 18.3823, final loss: 0.00099850, weight distance: 0.0193
2025-09-23 04:15:09,609 - INFO - Example /home/projects/bagon/shared/imagenet512/val/n02093428/ILSVRC2012_val_00017823.JPEG reached epsilon at step 474, loss sum: 40.2160, final loss: 0.00099373, weight distance: 0.0254
2025-09-23 04:15:25,146 - INFO - Example /home/projects/bagon/shared/imagenet512/val/n02090622/ILSVRC2012_val_00033904.JPEG reached epsilon at step 279, loss sum: 12.8604, final loss: 0.00099468, weight distance: 0.0143
2025-09-23 04:15:36,409 - INFO - Example /home/projects/bagon/shared/imagenet512/val/n02105412/ILSVRC2012_val_00041416.JPEG reached epsilon at step 203, loss sum: 4.8245, final loss: 0.00099945, weight distance: 0.0124
2025-09-23 04:16:05,268 - INFO - Example /home/projects/bagon/shared/imagenet512/val/n03720891/ILSVRC2012_val_00016966.JPEG reached epsilon at step 542, loss sum: 26.9993, final loss: 0.00099754, weight distance: 0.0156
2025-09-23 04:16:19,655 - INFO - Example /home/projects/bagon/shared/imagenet512/val/n02640242/ILSVRC2012_val_00035871.JPEG reached epsilon at step 263, loss sum: 34.5831, final loss: 0.00099373, weight distance: 0.0160
2025-09-23 04:16:41,377 - INFO - Example /home/projects/bagon/shared/imagenet512/val/n02098413/ILSVRC2012_val_00048238.JPEG reached epsilon at step 403, loss sum: 40.8176, final loss: 0.00099277, weight distance: 0.0225
2025-09-23 04:17:05,438 - INFO - Example /home/projects/bagon/shared/imagenet512/val/n02979186/ILSVRC2012_val_00009404.JPEG reached epsilon at step 443, loss sum: 145.1683, final loss: 0.00099277, weight distance: 0.0298
2025-09-23 04:17:31,117 - INFO - Example /home/projects/bagon/shared/imagenet512/val/n02098105/ILSVRC2012_val_00009019.JPEG reached epsilon at step 477, loss sum: 51.9487, final loss: 0.00099945, weight distance: 0.0224
2025-09-23 04:19:46,778 - INFO - Example /home/projects/bagon/shared/imagenet512/val/n01773549/ILSVRC2012_val_00007882.JPEG reached epsilon at step 2601, loss sum: 199.3478, final loss: 0.00099659, weight distance: 0.0219
2025-09-23 04:20:12,729 - INFO - Example /home/projects/bagon/shared/imagenet512/val/n07684084/ILSVRC2012_val_00031763.JPEG reached epsilon at step 482, loss sum: 51.6889, final loss: 0.00099659, weight distance: 0.0224
2025-09-23 04:20:30,159 - INFO - Example /home/projects/bagon/shared/imagenet512/val/n07836838/ILSVRC2012_val_00049163.JPEG reached epsilon at step 320, loss sum: 36.0590, final loss: 0.00099373, weight distance: 0.0193
2025-09-23 04:20:44,700 - INFO - Example /home/projects/bagon/shared/imagenet512/val/n03220513/ILSVRC2012_val_00003408.JPEG reached epsilon at step 262, loss sum: 15.5266, final loss: 0.00099564, weight distance: 0.0144
2025-09-23 04:21:09,657 - INFO - Example /home/projects/bagon/shared/imagenet512/val/n02102318/ILSVRC2012_val_00045753.JPEG reached epsilon at step 466, loss sum: 32.3527, final loss: 0.00099945, weight distance: 0.0231
2025-09-23 04:21:27,794 - INFO - Example /home/projects/bagon/shared/imagenet512/val/n03478589/ILSVRC2012_val_00010856.JPEG reached epsilon at step 334, loss sum: 33.7263, final loss: 0.00099945, weight distance: 0.0220
2025-09-23 04:21:46,005 - INFO - Example /home/projects/bagon/shared/imagenet512/val/n03187595/ILSVRC2012_val_00033592.JPEG reached epsilon at step 334, loss sum: 17.3965, final loss: 0.00099945, weight distance: 0.0181
2025-09-23 04:22:09,864 - INFO - Example /home/projects/bagon/shared/imagenet512/val/n01883070/ILSVRC2012_val_00024701.JPEG reached epsilon at step 444, loss sum: 195.4215, final loss: 0.00099373, weight distance: 0.0254
2025-09-23 04:22:23,408 - INFO - Example /home/projects/bagon/shared/imagenet512/val/n04067472/ILSVRC2012_val_00039860.JPEG reached epsilon at step 245, loss sum: 5.2714, final loss: 0.00099468, weight distance: 0.0127
2025-09-23 04:22:47,658 - INFO - Example /home/projects/bagon/shared/imagenet512/val/n07742313/ILSVRC2012_val_00012279.JPEG reached epsilon at step 449, loss sum: 35.6782, final loss: 0.00099277, weight distance: 0.0250
2025-09-23 04:23:11,077 - INFO - Example /home/projects/bagon/shared/imagenet512/val/n03724870/ILSVRC2012_val_00040925.JPEG reached epsilon at step 435, loss sum: 47.1113, final loss: 0.00099754, weight distance: 0.0254
2025-09-23 04:23:37,907 - INFO - Example /home/projects/bagon/shared/imagenet512/val/n04554684/ILSVRC2012_val_00014530.JPEG reached epsilon at step 500, loss sum: 48.5295, final loss: 0.00099468, weight distance: 0.0235
2025-09-23 04:23:55,343 - INFO - Example /home/projects/bagon/shared/imagenet512/val/n03742115/ILSVRC2012_val_00003678.JPEG reached epsilon at step 321, loss sum: 59.6363, final loss: 0.00099373, weight distance: 0.0189
2025-09-23 04:25:31,848 - INFO - Example /home/projects/bagon/shared/imagenet512/val/n03218198/ILSVRC2012_val_00049755.JPEG reached epsilon at step 1839, loss sum: 48.4408, final loss: 0.00099945, weight distance: 0.0232
2025-09-23 04:25:57,787 - INFO - Example /home/projects/bagon/shared/imagenet512/val/n03146219/ILSVRC2012_val_00045213.JPEG reached epsilon at step 486, loss sum: 65.0145, final loss: 0.00099659, weight distance: 0.0251
2025-09-23 04:26:29,645 - INFO - Example /home/projects/bagon/shared/imagenet512/val/n03658185/ILSVRC2012_val_00047773.JPEG reached epsilon at step 601, loss sum: 49.9398, final loss: 0.00099277, weight distance: 0.0277
2025-09-23 04:26:54,681 - INFO - Example /home/projects/bagon/shared/imagenet512/val/n04356056/ILSVRC2012_val_00008306.JPEG reached epsilon at step 466, loss sum: 30.6712, final loss: 0.00099850, weight distance: 0.0231
2025-09-23 04:27:34,152 - INFO - Example /home/projects/bagon/shared/imagenet512/val/n02264363/ILSVRC2012_val_00001466.JPEG reached epsilon at step 745, loss sum: 106.3892, final loss: 0.00099277, weight distance: 0.0333
2025-09-23 04:28:01,042 - INFO - Example /home/projects/bagon/shared/imagenet512/val/n02097130/ILSVRC2012_val_00033958.JPEG reached epsilon at step 504, loss sum: 42.0145, final loss: 0.00099564, weight distance: 0.0237
2025-09-23 04:28:27,118 - INFO - Example /home/projects/bagon/shared/imagenet512/val/n02123394/ILSVRC2012_val_00009899.JPEG reached epsilon at step 487, loss sum: 108.3119, final loss: 0.00099850, weight distance: 0.0253
2025-09-23 04:28:41,301 - INFO - Example /home/projects/bagon/shared/imagenet512/val/n02981792/ILSVRC2012_val_00043460.JPEG reached epsilon at step 259, loss sum: 41.3755, final loss: 0.00099564, weight distance: 0.0168
2025-09-23 04:29:04,801 - INFO - Example /home/projects/bagon/shared/imagenet512/val/n01978455/ILSVRC2012_val_00011071.JPEG reached epsilon at step 435, loss sum: 49.6174, final loss: 0.00099277, weight distance: 0.0252
2025-09-23 04:29:30,299 - INFO - Example /home/projects/bagon/shared/imagenet512/val/n03777568/ILSVRC2012_val_00020855.JPEG reached epsilon at step 474, loss sum: 61.7100, final loss: 0.00099468, weight distance: 0.0271
2025-09-23 04:30:04,033 - INFO - Example /home/projects/bagon/shared/imagenet512/val/n04461696/ILSVRC2012_val_00039347.JPEG reached epsilon at step 620, loss sum: 77.6116, final loss: 0.00098705, weight distance: 0.0250
2025-09-23 04:30:19,451 - INFO - Example /home/projects/bagon/shared/imagenet512/val/n01675722/ILSVRC2012_val_00005244.JPEG reached epsilon at step 281, loss sum: 3.7147, final loss: 0.00099945, weight distance: 0.0165
2025-09-23 04:30:47,111 - INFO - Example /home/projects/bagon/shared/imagenet512/val/n02085936/ILSVRC2012_val_00030056.JPEG reached epsilon at step 519, loss sum: 29.0258, final loss: 0.00099850, weight distance: 0.0230
2025-09-23 04:31:07,746 - INFO - Example /home/projects/bagon/shared/imagenet512/val/n02871525/ILSVRC2012_val_00000896.JPEG reached epsilon at step 379, loss sum: 72.9354, final loss: 0.00099277, weight distance: 0.0229
2025-09-23 04:31:27,813 - INFO - Example /home/projects/bagon/shared/imagenet512/val/n03630383/ILSVRC2012_val_00040483.JPEG reached epsilon at step 369, loss sum: 68.1463, final loss: 0.00099754, weight distance: 0.0232
2025-09-23 04:31:43,687 - INFO - Example /home/projects/bagon/shared/imagenet512/val/n04192698/ILSVRC2012_val_00044477.JPEG reached epsilon at step 288, loss sum: 33.8031, final loss: 0.00099564, weight distance: 0.0177
2025-09-23 04:32:19,402 - INFO - Example /home/projects/bagon/shared/imagenet512/val/n02092002/ILSVRC2012_val_00010006.JPEG reached epsilon at step 666, loss sum: 52.2851, final loss: 0.00099564, weight distance: 0.0352
2025-09-23 04:32:50,270 - INFO - Example /home/projects/bagon/shared/imagenet512/val/n01744401/ILSVRC2012_val_00010586.JPEG reached epsilon at step 576, loss sum: 99.2454, final loss: 0.00099564, weight distance: 0.0323
2025-09-23 04:33:33,280 - INFO - Example /home/projects/bagon/shared/imagenet512/val/n02229544/ILSVRC2012_val_00018634.JPEG reached epsilon at step 808, loss sum: 96.8543, final loss: 0.00099564, weight distance: 0.0429
2025-09-23 04:33:33,901 - INFO - Time limit reached. Exiting before starting next example.
