2025-09-23 03:44:11,979 - INFO - Parsed arguments:
2025-09-23 03:44:11,979 - INFO -   amp_dtype = None
2025-09-23 03:44:11,979 - INFO -   bars_npy = /home/projects/bagon/andreyg/Projects/BMM_school/Universal_learning/Programming/bars/geq6wrong_21017_geq6correct_1525_imagenet.npy
2025-09-23 03:44:11,979 - INFO -   cka_layer_fraction = 0.05
2025-09-23 03:44:11,979 - INFO -   current_worker = 7
2025-09-23 03:44:11,979 - INFO -   deterministic = True
2025-09-23 03:44:11,979 - INFO -   device = cuda
2025-09-23 03:44:11,979 - INFO -   epsilon = 0.001
2025-09-23 03:44:11,979 - INFO -   examples_csv = /home/projects/bagon/andreyg/Projects/BMM_school/Universal_learning/Programming/bars/geq6wrong_21017_geq6correct_1525_imagenet_examples_ammended.csv
2025-09-23 03:44:11,979 - INFO -   explicit_examples_for_training = None
2025-09-23 03:44:11,979 - INFO -   grad_clip_norm = 1.0
2025-09-23 03:44:11,979 - INFO -   hierarchy_json = /home/projects/bagon/andreyg/Projects/BMM_school/Universal_learning/Programming/bars/imagenet_synset_hierarchy.json
2025-09-23 03:44:11,979 - INFO -   imagenet_models_csv = /home/projects/bagon/andreyg/Projects/BMM_school/Universal_learning/Programming/bars/imagenet_models.csv
2025-09-23 03:44:11,979 - INFO -   lr = 0.0001
2025-09-23 03:44:11,979 - INFO -   max_examples = 50000
2025-09-23 03:44:11,979 - INFO -   max_steps_per_example = 10000
2025-09-23 03:44:11,979 - INFO -   model_csv_name = convnext_tiny_224_classification_imagenet_12k_ft_classification_imagenet_1k
2025-09-23 03:44:11,979 - INFO -   model_name = convnext_tiny.in12k_ft_in1k
2025-09-23 03:44:11,979 - INFO -   no_amp = False
2025-09-23 03:44:11,979 - INFO -   num_workers = 8
2025-09-23 03:44:11,979 - INFO -   output_dir = /home/projects/bagon/andreyg/Projects/BMM_school/Universal_learning/Programming/training_gradient_evaluator_single_loss_parallel/output_parallel_8_workers_trial_2
2025-09-23 03:44:11,979 - INFO -   root_dir = None
2025-09-23 03:44:11,979 - INFO -   seed = 1337
2025-09-23 03:44:11,979 - INFO -   time_limit_seconds = 6300
2025-09-23 03:44:11,979 - INFO -   weight_decay = 0.0
2025-09-23 03:44:11,979 - INFO -   zero_aug_train = False
2025-09-23 03:44:12,926 - INFO - Loaded TIMM pretrained weights for convnext_tiny.in12k_ft_in1k
2025-09-23 03:44:12,926 - INFO - pretrained_cfg.url= hf_hub_id=timm/convnext_tiny.in12k_ft_in1k
2025-09-23 03:44:13,375 - INFO - Training configuration:
2025-09-23 03:44:13,375 - INFO -   lr = 0.0001
2025-09-23 03:44:13,375 - INFO -   weight_decay = 0.0
2025-09-23 03:44:13,375 - INFO -   max_steps = 10000
2025-09-23 03:44:13,375 - INFO -   epsilon = 0.001
2025-09-23 03:44:13,375 - INFO -   device = cuda
2025-09-23 03:44:13,375 - INFO -   use_amp = True
2025-09-23 03:44:13,375 - INFO -   amp_dtype = None
2025-09-23 03:44:13,375 - INFO -   gradient_clip_norm = 1.0
2025-09-23 03:45:02,712 - INFO - Example /home/projects/bagon/shared/imagenet512/val/n02808440/ILSVRC2012_val_00020254.JPEG reached epsilon at step 843, loss sum: 188.7750, final loss: 0.00099659, weight distance: 0.0428
2025-09-23 03:45:25,408 - INFO - Example /home/projects/bagon/shared/imagenet512/val/n07718472/ILSVRC2012_val_00018495.JPEG reached epsilon at step 401, loss sum: 177.8588, final loss: 0.00099659, weight distance: 0.0225
2025-09-23 03:45:53,522 - INFO - Example /home/projects/bagon/shared/imagenet512/val/n02110341/ILSVRC2012_val_00049881.JPEG reached epsilon at step 460, loss sum: 227.2502, final loss: 0.00099754, weight distance: 0.0254
2025-09-23 03:46:15,980 - INFO - Example /home/projects/bagon/shared/imagenet512/val/n01677366/ILSVRC2012_val_00004201.JPEG reached epsilon at step 359, loss sum: 91.9323, final loss: 0.00099468, weight distance: 0.0222
2025-09-23 03:46:42,496 - INFO - Example /home/projects/bagon/shared/imagenet512/val/n03838899/ILSVRC2012_val_00043268.JPEG reached epsilon at step 475, loss sum: 332.8977, final loss: 0.00099754, weight distance: 0.0267
2025-09-23 03:47:28,764 - INFO - Example /home/projects/bagon/shared/imagenet512/val/n04344873/ILSVRC2012_val_00021180.JPEG reached epsilon at step 832, loss sum: 331.4201, final loss: 0.00099468, weight distance: 0.0211
2025-09-23 03:47:47,734 - INFO - Example /home/projects/bagon/shared/imagenet512/val/n04370456/ILSVRC2012_val_00027573.JPEG reached epsilon at step 326, loss sum: 301.8900, final loss: 0.00099087, weight distance: 0.0239
2025-09-23 03:48:17,459 - INFO - Example /home/projects/bagon/shared/imagenet512/val/n04074963/ILSVRC2012_val_00031846.JPEG reached epsilon at step 502, loss sum: 412.2584, final loss: 0.00099945, weight distance: 0.0272
2025-09-23 03:48:40,412 - INFO - Example /home/projects/bagon/shared/imagenet512/val/n02980441/ILSVRC2012_val_00023472.JPEG reached epsilon at step 404, loss sum: 104.7624, final loss: 0.00099564, weight distance: 0.0221
2025-09-23 03:48:54,309 - INFO - Example /home/projects/bagon/shared/imagenet512/val/n04579432/ILSVRC2012_val_00006029.JPEG reached epsilon at step 244, loss sum: 38.9014, final loss: 0.00099850, weight distance: 0.0116
2025-09-23 03:49:11,006 - INFO - Example /home/projects/bagon/shared/imagenet512/val/n04136333/ILSVRC2012_val_00019371.JPEG reached epsilon at step 297, loss sum: 424.0497, final loss: 0.00099945, weight distance: 0.0157
2025-09-23 03:49:28,951 - INFO - Example /home/projects/bagon/shared/imagenet512/val/n02909870/ILSVRC2012_val_00001126.JPEG reached epsilon at step 321, loss sum: 393.3720, final loss: 0.00099373, weight distance: 0.0238
2025-09-23 03:49:59,920 - INFO - Example /home/projects/bagon/shared/imagenet512/val/n02098413/ILSVRC2012_val_00048235.JPEG reached epsilon at step 564, loss sum: 288.8556, final loss: 0.00099754, weight distance: 0.0314
2025-09-23 03:50:23,940 - INFO - Example /home/projects/bagon/shared/imagenet512/val/n04209239/ILSVRC2012_val_00040307.JPEG reached epsilon at step 430, loss sum: 189.1508, final loss: 0.00098133, weight distance: 0.0120
2025-09-23 03:51:00,378 - INFO - Example /home/projects/bagon/shared/imagenet512/val/n03063599/ILSVRC2012_val_00023189.JPEG reached epsilon at step 651, loss sum: 308.7198, final loss: 0.00099373, weight distance: 0.0354
2025-09-23 03:51:26,500 - INFO - Example /home/projects/bagon/shared/imagenet512/val/n03016953/ILSVRC2012_val_00006766.JPEG reached epsilon at step 471, loss sum: 127.4016, final loss: 0.00099945, weight distance: 0.0247
2025-09-23 03:51:50,687 - INFO - Example /home/projects/bagon/shared/imagenet512/val/n01773549/ILSVRC2012_val_00023989.JPEG reached epsilon at step 435, loss sum: 122.2276, final loss: 0.00099564, weight distance: 0.0244
2025-09-23 03:52:12,296 - INFO - Example /home/projects/bagon/shared/imagenet512/val/n02088238/ILSVRC2012_val_00035117.JPEG reached epsilon at step 387, loss sum: 319.2751, final loss: 0.00099564, weight distance: 0.0207
2025-09-23 03:52:40,818 - INFO - Example /home/projects/bagon/shared/imagenet512/val/n02137549/ILSVRC2012_val_00036537.JPEG reached epsilon at step 515, loss sum: 358.1001, final loss: 0.00099850, weight distance: 0.0278
2025-09-23 03:53:09,142 - INFO - Example /home/projects/bagon/shared/imagenet512/val/n03443371/ILSVRC2012_val_00034156.JPEG reached epsilon at step 511, loss sum: 275.1792, final loss: 0.00099564, weight distance: 0.0223
2025-09-23 03:53:32,261 - INFO - Example /home/projects/bagon/shared/imagenet512/val/n03291819/ILSVRC2012_val_00048896.JPEG reached epsilon at step 417, loss sum: 221.2848, final loss: 0.00099373, weight distance: 0.0230
2025-09-23 03:54:02,969 - INFO - Example /home/projects/bagon/shared/imagenet512/val/n02526121/ILSVRC2012_val_00000933.JPEG reached epsilon at step 558, loss sum: 406.2135, final loss: 0.00099945, weight distance: 0.0325
2025-09-23 03:54:21,945 - INFO - Example /home/projects/bagon/shared/imagenet512/val/n02877765/ILSVRC2012_val_00012104.JPEG reached epsilon at step 340, loss sum: 470.4879, final loss: 0.00099659, weight distance: 0.0204
2025-09-23 03:54:55,065 - INFO - Example /home/projects/bagon/shared/imagenet512/val/n02089973/ILSVRC2012_val_00029164.JPEG reached epsilon at step 604, loss sum: 123.0617, final loss: 0.00099850, weight distance: 0.0299
2025-09-23 03:55:25,543 - INFO - Example /home/projects/bagon/shared/imagenet512/val/n02094114/ILSVRC2012_val_00042473.JPEG reached epsilon at step 553, loss sum: 129.1620, final loss: 0.00099468, weight distance: 0.0292
2025-09-23 03:55:51,801 - INFO - Example /home/projects/bagon/shared/imagenet512/val/n02096294/ILSVRC2012_val_00009818.JPEG reached epsilon at step 474, loss sum: 250.4931, final loss: 0.00099945, weight distance: 0.0299
2025-09-23 03:56:26,831 - INFO - Example /home/projects/bagon/shared/imagenet512/val/n04285008/ILSVRC2012_val_00003049.JPEG reached epsilon at step 638, loss sum: 101.1554, final loss: 0.00099373, weight distance: 0.0312
2025-09-23 03:56:52,691 - INFO - Example /home/projects/bagon/shared/imagenet512/val/n07930864/ILSVRC2012_val_00037077.JPEG reached epsilon at step 466, loss sum: 215.7127, final loss: 0.00099468, weight distance: 0.0311
2025-09-23 03:57:17,770 - INFO - Example /home/projects/bagon/shared/imagenet512/val/n01641577/ILSVRC2012_val_00034226.JPEG reached epsilon at step 453, loss sum: 79.7070, final loss: 0.00099945, weight distance: 0.0241
2025-09-23 03:57:55,711 - INFO - Example /home/projects/bagon/shared/imagenet512/val/n03642806/ILSVRC2012_val_00022256.JPEG reached epsilon at step 691, loss sum: 115.1757, final loss: 0.00099754, weight distance: 0.0307
2025-09-23 03:58:20,870 - INFO - Example /home/projects/bagon/shared/imagenet512/val/n02493793/ILSVRC2012_val_00024437.JPEG reached epsilon at step 455, loss sum: 96.6729, final loss: 0.00099468, weight distance: 0.0233
2025-09-23 03:58:47,511 - INFO - Example /home/projects/bagon/shared/imagenet512/val/n02815834/ILSVRC2012_val_00027232.JPEG reached epsilon at step 482, loss sum: 260.7975, final loss: 0.00099659, weight distance: 0.0259
2025-09-23 03:59:13,650 - INFO - Example /home/projects/bagon/shared/imagenet512/val/n04346328/ILSVRC2012_val_00024070.JPEG reached epsilon at step 470, loss sum: 464.5791, final loss: 0.00099373, weight distance: 0.0280
2025-09-23 03:59:30,479 - INFO - Example /home/projects/bagon/shared/imagenet512/val/n04443257/ILSVRC2012_val_00009808.JPEG reached epsilon at step 298, loss sum: 165.2505, final loss: 0.00099754, weight distance: 0.0177
2025-09-23 04:00:20,767 - INFO - Example /home/projects/bagon/shared/imagenet512/val/n01753488/ILSVRC2012_val_00033674.JPEG reached epsilon at step 920, loss sum: 333.9759, final loss: 0.00099850, weight distance: 0.0418
2025-09-23 04:00:37,346 - INFO - Example /home/projects/bagon/shared/imagenet512/val/n03697007/ILSVRC2012_val_00013144.JPEG reached epsilon at step 293, loss sum: 97.2620, final loss: 0.00099468, weight distance: 0.0184
2025-09-23 04:00:55,025 - INFO - Example /home/projects/bagon/shared/imagenet512/val/n07579787/ILSVRC2012_val_00024184.JPEG reached epsilon at step 316, loss sum: 147.2557, final loss: 0.00099945, weight distance: 0.0202
2025-09-23 04:01:16,130 - INFO - Example /home/projects/bagon/shared/imagenet512/val/n04350905/ILSVRC2012_val_00027101.JPEG reached epsilon at step 378, loss sum: 143.1984, final loss: 0.00099945, weight distance: 0.0190
2025-09-23 04:01:33,990 - INFO - Example /home/projects/bagon/shared/imagenet512/val/n04270147/ILSVRC2012_val_00016879.JPEG reached epsilon at step 317, loss sum: 254.7502, final loss: 0.00099850, weight distance: 0.0184
2025-09-23 04:01:54,307 - INFO - Example /home/projects/bagon/shared/imagenet512/val/n01498041/ILSVRC2012_val_00042175.JPEG reached epsilon at step 365, loss sum: 160.3180, final loss: 0.00099850, weight distance: 0.0209
2025-09-23 04:02:15,254 - INFO - Example /home/projects/bagon/shared/imagenet512/val/n02783161/ILSVRC2012_val_00002507.JPEG reached epsilon at step 377, loss sum: 64.5741, final loss: 0.00099754, weight distance: 0.0181
2025-09-23 04:02:38,001 - INFO - Example /home/projects/bagon/shared/imagenet512/val/n04591157/ILSVRC2012_val_00022572.JPEG reached epsilon at step 410, loss sum: 70.9862, final loss: 0.00099373, weight distance: 0.0265
2025-09-23 04:03:08,047 - INFO - Example /home/projects/bagon/shared/imagenet512/val/n03908714/ILSVRC2012_val_00029113.JPEG reached epsilon at step 545, loss sum: 906.1587, final loss: 0.00099373, weight distance: 0.0371
2025-09-23 04:03:40,482 - INFO - Example /home/projects/bagon/shared/imagenet512/val/n04265275/ILSVRC2012_val_00015735.JPEG reached epsilon at step 592, loss sum: 148.2945, final loss: 0.00099373, weight distance: 0.0214
2025-09-23 04:04:13,138 - INFO - Example /home/projects/bagon/shared/imagenet512/val/n02094114/ILSVRC2012_val_00011404.JPEG reached epsilon at step 592, loss sum: 342.8396, final loss: 0.00099754, weight distance: 0.0323
2025-09-23 04:07:25,693 - INFO - Example /home/projects/bagon/shared/imagenet512/val/n01756291/ILSVRC2012_val_00046311.JPEG reached epsilon at step 3572, loss sum: 450.2506, final loss: 0.00099564, weight distance: 0.0365
2025-09-23 04:07:46,009 - INFO - Example /home/projects/bagon/shared/imagenet512/val/n02871525/ILSVRC2012_val_00034632.JPEG reached epsilon at step 361, loss sum: 239.9277, final loss: 0.00099564, weight distance: 0.0245
2025-09-23 04:08:11,208 - INFO - Example /home/projects/bagon/shared/imagenet512/val/n04081281/ILSVRC2012_val_00027988.JPEG reached epsilon at step 454, loss sum: 183.0699, final loss: 0.00099564, weight distance: 0.0261
2025-09-23 04:08:37,072 - INFO - Example /home/projects/bagon/shared/imagenet512/val/n02974003/ILSVRC2012_val_00017438.JPEG reached epsilon at step 466, loss sum: 150.3076, final loss: 0.00099373, weight distance: 0.0261
2025-09-23 04:09:10,181 - INFO - Example /home/projects/bagon/shared/imagenet512/val/n03124043/ILSVRC2012_val_00033631.JPEG reached epsilon at step 602, loss sum: 332.7631, final loss: 0.00099564, weight distance: 0.0371
2025-09-23 04:09:37,765 - INFO - Example /home/projects/bagon/shared/imagenet512/val/n02088466/ILSVRC2012_val_00038054.JPEG reached epsilon at step 499, loss sum: 293.2550, final loss: 0.00099945, weight distance: 0.0234
2025-09-23 04:10:26,213 - INFO - Example /home/projects/bagon/shared/imagenet512/val/n02094114/ILSVRC2012_val_00010253.JPEG reached epsilon at step 886, loss sum: 175.1875, final loss: 0.00099754, weight distance: 0.0233
2025-09-23 04:10:40,655 - INFO - Example /home/projects/bagon/shared/imagenet512/val/n09428293/ILSVRC2012_val_00003056.JPEG reached epsilon at step 256, loss sum: 41.0213, final loss: 0.00099945, weight distance: 0.0155
2025-09-23 04:11:22,988 - INFO - Example /home/projects/bagon/shared/imagenet512/val/n02134418/ILSVRC2012_val_00018303.JPEG reached epsilon at step 775, loss sum: 74.3106, final loss: 0.00099754, weight distance: 0.0379
2025-09-23 04:12:01,187 - INFO - Example /home/projects/bagon/shared/imagenet512/val/n07715103/ILSVRC2012_val_00003699.JPEG reached epsilon at step 697, loss sum: 158.3451, final loss: 0.00099754, weight distance: 0.0311
2025-09-23 04:12:19,510 - INFO - Example /home/projects/bagon/shared/imagenet512/val/n03866082/ILSVRC2012_val_00015286.JPEG reached epsilon at step 325, loss sum: 114.0728, final loss: 0.00099373, weight distance: 0.0186
2025-09-23 04:12:38,896 - INFO - Example /home/projects/bagon/shared/imagenet512/val/n03291819/ILSVRC2012_val_00025948.JPEG reached epsilon at step 346, loss sum: 159.4857, final loss: 0.00099468, weight distance: 0.0219
2025-09-23 04:13:13,505 - INFO - Example /home/projects/bagon/shared/imagenet512/val/n02113712/ILSVRC2012_val_00009464.JPEG reached epsilon at step 628, loss sum: 83.6249, final loss: 0.00099850, weight distance: 0.0340
2025-09-23 04:13:37,997 - INFO - Example /home/projects/bagon/shared/imagenet512/val/n02669723/ILSVRC2012_val_00008367.JPEG reached epsilon at step 441, loss sum: 63.9637, final loss: 0.00099850, weight distance: 0.0234
2025-09-23 04:14:04,906 - INFO - Example /home/projects/bagon/shared/imagenet512/val/n02105412/ILSVRC2012_val_00027094.JPEG reached epsilon at step 485, loss sum: 144.5904, final loss: 0.00099659, weight distance: 0.0294
2025-09-23 04:14:26,828 - INFO - Example /home/projects/bagon/shared/imagenet512/val/n03709823/ILSVRC2012_val_00032241.JPEG reached epsilon at step 393, loss sum: 121.6328, final loss: 0.00099182, weight distance: 0.0250
2025-09-23 04:15:24,209 - INFO - Example /home/projects/bagon/shared/imagenet512/val/n02229544/ILSVRC2012_val_00031335.JPEG reached epsilon at step 1052, loss sum: 199.2830, final loss: 0.00099850, weight distance: 0.0456
2025-09-23 04:15:34,573 - INFO - Example /home/projects/bagon/shared/imagenet512/val/n03976657/ILSVRC2012_val_00019249.JPEG reached epsilon at step 181, loss sum: 75.4187, final loss: 0.00099182, weight distance: 0.0121
2025-09-23 04:16:12,666 - INFO - Example /home/projects/bagon/shared/imagenet512/val/n01729322/ILSVRC2012_val_00038823.JPEG reached epsilon at step 659, loss sum: 303.8921, final loss: 0.00099945, weight distance: 0.0320
2025-09-23 04:16:53,739 - INFO - Example /home/projects/bagon/shared/imagenet512/val/n03838899/ILSVRC2012_val_00021762.JPEG reached epsilon at step 469, loss sum: 271.3397, final loss: 0.00099945, weight distance: 0.0231
2025-09-23 04:17:24,417 - INFO - Example /home/projects/bagon/shared/imagenet512/val/n02169497/ILSVRC2012_val_00029421.JPEG reached epsilon at step 537, loss sum: 286.7232, final loss: 0.00099182, weight distance: 0.0339
2025-09-23 04:17:58,928 - INFO - Example /home/projects/bagon/shared/imagenet512/val/n02107908/ILSVRC2012_val_00036497.JPEG reached epsilon at step 629, loss sum: 237.7285, final loss: 0.00099945, weight distance: 0.0355
2025-09-23 04:18:30,577 - INFO - Example /home/projects/bagon/shared/imagenet512/val/n02091134/ILSVRC2012_val_00036765.JPEG reached epsilon at step 588, loss sum: 190.7381, final loss: 0.00099754, weight distance: 0.0331
2025-09-23 04:19:05,971 - INFO - Example /home/projects/bagon/shared/imagenet512/val/n02441942/ILSVRC2012_val_00009986.JPEG reached epsilon at step 679, loss sum: 360.4958, final loss: 0.00099468, weight distance: 0.0330
2025-09-23 04:19:26,775 - INFO - Example /home/projects/bagon/shared/imagenet512/val/n01484850/ILSVRC2012_val_00031720.JPEG reached epsilon at step 390, loss sum: 323.2828, final loss: 0.00099945, weight distance: 0.0203
2025-09-23 04:19:48,069 - INFO - Example /home/projects/bagon/shared/imagenet512/val/n03692522/ILSVRC2012_val_00028897.JPEG reached epsilon at step 400, loss sum: 665.1365, final loss: 0.00099850, weight distance: 0.0249
2025-09-23 04:20:18,634 - INFO - Example /home/projects/bagon/shared/imagenet512/val/n04554684/ILSVRC2012_val_00014173.JPEG reached epsilon at step 580, loss sum: 509.0877, final loss: 0.00099945, weight distance: 0.0311
2025-09-23 04:20:43,852 - INFO - Example /home/projects/bagon/shared/imagenet512/val/n03637318/ILSVRC2012_val_00026568.JPEG reached epsilon at step 427, loss sum: 171.1268, final loss: 0.00099659, weight distance: 0.0246
2025-09-23 04:21:29,607 - INFO - Example /home/projects/bagon/shared/imagenet512/val/n03690938/ILSVRC2012_val_00017504.JPEG reached epsilon at step 802, loss sum: 178.2147, final loss: 0.00099659, weight distance: 0.0445
2025-09-23 04:21:52,301 - INFO - Example /home/projects/bagon/shared/imagenet512/val/n03658185/ILSVRC2012_val_00027231.JPEG reached epsilon at step 414, loss sum: 455.0137, final loss: 0.00099277, weight distance: 0.0275
2025-09-23 04:22:03,481 - INFO - Example /home/projects/bagon/shared/imagenet512/val/n04442312/ILSVRC2012_val_00026183.JPEG reached epsilon at step 198, loss sum: 136.5556, final loss: 0.00099087, weight distance: 0.0120
2025-09-23 04:22:29,639 - INFO - Example /home/projects/bagon/shared/imagenet512/val/n04355933/ILSVRC2012_val_00032393.JPEG reached epsilon at step 483, loss sum: 144.2751, final loss: 0.00099373, weight distance: 0.0276
2025-09-23 04:23:31,700 - INFO - Example /home/projects/bagon/shared/imagenet512/val/n04599235/ILSVRC2012_val_00015838.JPEG reached epsilon at step 1158, loss sum: 428.4860, final loss: 0.00099277, weight distance: 0.0194
2025-09-23 04:26:36,716 - INFO - Example /home/projects/bagon/shared/imagenet512/val/n02971356/ILSVRC2012_val_00040517.JPEG reached epsilon at step 3503, loss sum: 1635.2726, final loss: 0.00099277, weight distance: 0.0235
2025-09-23 04:26:57,737 - INFO - Example /home/projects/bagon/shared/imagenet512/val/n01768244/ILSVRC2012_val_00040255.JPEG reached epsilon at step 386, loss sum: 164.6890, final loss: 0.00099468, weight distance: 0.0222
2025-09-23 04:27:26,869 - INFO - Example /home/projects/bagon/shared/imagenet512/val/n02704792/ILSVRC2012_val_00041201.JPEG reached epsilon at step 539, loss sum: 243.8008, final loss: 0.00099277, weight distance: 0.0273
2025-09-23 04:27:59,356 - INFO - Example /home/projects/bagon/shared/imagenet512/val/n02226429/ILSVRC2012_val_00020985.JPEG reached epsilon at step 601, loss sum: 164.7510, final loss: 0.00099373, weight distance: 0.0321
2025-09-23 04:28:27,511 - INFO - Example /home/projects/bagon/shared/imagenet512/val/n03085013/ILSVRC2012_val_00048307.JPEG reached epsilon at step 518, loss sum: 191.3330, final loss: 0.00099087, weight distance: 0.0276
2025-09-23 04:28:52,963 - INFO - Example /home/projects/bagon/shared/imagenet512/val/n07892512/ILSVRC2012_val_00031066.JPEG reached epsilon at step 470, loss sum: 171.1727, final loss: 0.00099277, weight distance: 0.0314
2025-09-23 04:29:22,360 - INFO - Example /home/projects/bagon/shared/imagenet512/val/n07873807/ILSVRC2012_val_00035995.JPEG reached epsilon at step 545, loss sum: 310.5918, final loss: 0.00099945, weight distance: 0.0285
2025-09-23 04:29:45,506 - INFO - Example /home/projects/bagon/shared/imagenet512/val/n02500267/ILSVRC2012_val_00040939.JPEG reached epsilon at step 426, loss sum: 310.0124, final loss: 0.00099754, weight distance: 0.0226
2025-09-23 04:30:33,505 - INFO - Example /home/projects/bagon/shared/imagenet512/val/n02106030/ILSVRC2012_val_00011698.JPEG reached epsilon at step 900, loss sum: 157.2952, final loss: 0.00099277, weight distance: 0.0487
2025-09-23 04:30:54,940 - INFO - Example /home/projects/bagon/shared/imagenet512/val/n09256479/ILSVRC2012_val_00047681.JPEG reached epsilon at step 394, loss sum: 195.2858, final loss: 0.00099087, weight distance: 0.0242
2025-09-23 04:31:18,449 - INFO - Example /home/projects/bagon/shared/imagenet512/val/n04330267/ILSVRC2012_val_00028834.JPEG reached epsilon at step 433, loss sum: 126.1920, final loss: 0.00099277, weight distance: 0.0267
2025-09-23 04:31:47,818 - INFO - Example /home/projects/bagon/shared/imagenet512/val/n02791270/ILSVRC2012_val_00019912.JPEG reached epsilon at step 543, loss sum: 177.2606, final loss: 0.00099373, weight distance: 0.0310
2025-09-23 04:32:29,215 - INFO - Example /home/projects/bagon/shared/imagenet512/val/n04008634/ILSVRC2012_val_00014496.JPEG reached epsilon at step 767, loss sum: 238.6020, final loss: 0.00099754, weight distance: 0.0422
2025-09-23 04:32:52,624 - INFO - Example /home/projects/bagon/shared/imagenet512/val/n03793489/ILSVRC2012_val_00022389.JPEG reached epsilon at step 424, loss sum: 116.7846, final loss: 0.00099945, weight distance: 0.0248
2025-09-23 04:33:19,767 - INFO - Example /home/projects/bagon/shared/imagenet512/val/n02783161/ILSVRC2012_val_00046011.JPEG reached epsilon at step 488, loss sum: 311.1227, final loss: 0.00099945, weight distance: 0.0269
2025-09-23 04:33:46,636 - INFO - Example /home/projects/bagon/shared/imagenet512/val/n03787032/ILSVRC2012_val_00049767.JPEG reached epsilon at step 496, loss sum: 109.1291, final loss: 0.00099754, weight distance: 0.0325
2025-09-23 04:34:07,386 - INFO - Example /home/projects/bagon/shared/imagenet512/val/n01796340/ILSVRC2012_val_00031689.JPEG reached epsilon at step 380, loss sum: 320.9538, final loss: 0.00099564, weight distance: 0.0227
2025-09-23 04:34:33,946 - INFO - Example /home/projects/bagon/shared/imagenet512/val/n02410509/ILSVRC2012_val_00041565.JPEG reached epsilon at step 491, loss sum: 187.9854, final loss: 0.00099754, weight distance: 0.0277
2025-09-23 04:34:47,961 - INFO - Example /home/projects/bagon/shared/imagenet512/val/n04116512/ILSVRC2012_val_00037299.JPEG reached epsilon at step 252, loss sum: 93.5591, final loss: 0.00099468, weight distance: 0.0166
2025-09-23 04:35:06,235 - INFO - Example /home/projects/bagon/shared/imagenet512/val/n03759954/ILSVRC2012_val_00049305.JPEG reached epsilon at step 323, loss sum: 308.2848, final loss: 0.00099850, weight distance: 0.0227
2025-09-23 04:35:33,777 - INFO - Example /home/projects/bagon/shared/imagenet512/val/n03761084/ILSVRC2012_val_00029968.JPEG reached epsilon at step 511, loss sum: 154.0695, final loss: 0.00099659, weight distance: 0.0249
2025-09-23 04:36:06,369 - INFO - Example /home/projects/bagon/shared/imagenet512/val/n01980166/ILSVRC2012_val_00035169.JPEG reached epsilon at step 604, loss sum: 339.1284, final loss: 0.00099945, weight distance: 0.0350
2025-09-23 04:36:39,259 - INFO - Example /home/projects/bagon/shared/imagenet512/val/n02097130/ILSVRC2012_val_00041568.JPEG reached epsilon at step 612, loss sum: 346.4801, final loss: 0.00099659, weight distance: 0.0308
2025-09-23 04:36:57,541 - INFO - Example /home/projects/bagon/shared/imagenet512/val/n02776631/ILSVRC2012_val_00021392.JPEG reached epsilon at step 332, loss sum: 117.6977, final loss: 0.00099850, weight distance: 0.0222
2025-09-23 04:37:22,375 - INFO - Example /home/projects/bagon/shared/imagenet512/val/n03662601/ILSVRC2012_val_00021429.JPEG reached epsilon at step 457, loss sum: 194.1010, final loss: 0.00099850, weight distance: 0.0221
2025-09-23 04:38:19,718 - INFO - Example /home/projects/bagon/shared/imagenet512/val/n02916936/ILSVRC2012_val_00018713.JPEG reached epsilon at step 1072, loss sum: 583.4653, final loss: 0.00099468, weight distance: 0.0193
2025-09-23 04:38:42,835 - INFO - Example /home/projects/bagon/shared/imagenet512/val/n07930864/ILSVRC2012_val_00033139.JPEG reached epsilon at step 425, loss sum: 328.7870, final loss: 0.00099468, weight distance: 0.0261
2025-09-23 04:39:00,547 - INFO - Example /home/projects/bagon/shared/imagenet512/val/n04332243/ILSVRC2012_val_00008608.JPEG reached epsilon at step 321, loss sum: 48.1427, final loss: 0.00099564, weight distance: 0.0203
2025-09-23 04:39:22,936 - INFO - Example /home/projects/bagon/shared/imagenet512/val/n02974003/ILSVRC2012_val_00023858.JPEG reached epsilon at step 410, loss sum: 41.4826, final loss: 0.00099754, weight distance: 0.0215
2025-09-23 04:40:20,161 - INFO - Example /home/projects/bagon/shared/imagenet512/val/n04204238/ILSVRC2012_val_00000629.JPEG reached epsilon at step 1071, loss sum: 368.6764, final loss: 0.00099945, weight distance: 0.0421
2025-09-23 04:40:52,573 - INFO - Example /home/projects/bagon/shared/imagenet512/val/n02107574/ILSVRC2012_val_00006191.JPEG reached epsilon at step 600, loss sum: 52.1431, final loss: 0.00099945, weight distance: 0.0291
2025-09-23 04:41:26,808 - INFO - Example /home/projects/bagon/shared/imagenet512/val/n02979186/ILSVRC2012_val_00027735.JPEG reached epsilon at step 636, loss sum: 144.2034, final loss: 0.00099564, weight distance: 0.0312
2025-09-23 04:41:47,568 - INFO - Example /home/projects/bagon/shared/imagenet512/val/n03017168/ILSVRC2012_val_00018301.JPEG reached epsilon at step 380, loss sum: 167.1282, final loss: 0.00099277, weight distance: 0.0212
2025-09-23 04:42:07,458 - INFO - Example /home/projects/bagon/shared/imagenet512/val/n04525038/ILSVRC2012_val_00043142.JPEG reached epsilon at step 364, loss sum: 114.1812, final loss: 0.00099754, weight distance: 0.0240
2025-09-23 04:42:30,054 - INFO - Example /home/projects/bagon/shared/imagenet512/val/n04254120/ILSVRC2012_val_00028431.JPEG reached epsilon at step 417, loss sum: 231.1799, final loss: 0.00098801, weight distance: 0.0270
2025-09-23 04:42:48,568 - INFO - Example /home/projects/bagon/shared/imagenet512/val/n03930313/ILSVRC2012_val_00044064.JPEG reached epsilon at step 335, loss sum: 232.8803, final loss: 0.00099468, weight distance: 0.0236
2025-09-23 04:43:06,262 - INFO - Example /home/projects/bagon/shared/imagenet512/val/n07836838/ILSVRC2012_val_00026528.JPEG reached epsilon at step 321, loss sum: 163.2641, final loss: 0.00099468, weight distance: 0.0232
2025-09-23 04:44:43,843 - INFO - Example /home/projects/bagon/shared/imagenet512/val/n03785016/ILSVRC2012_val_00011514.JPEG reached epsilon at step 1846, loss sum: 158.8821, final loss: 0.00099754, weight distance: 0.0460
2025-09-23 04:45:05,941 - INFO - Example /home/projects/bagon/shared/imagenet512/val/n04482393/ILSVRC2012_val_00044823.JPEG reached epsilon at step 407, loss sum: 238.3738, final loss: 0.00099659, weight distance: 0.0251
2025-09-23 04:45:41,107 - INFO - Example /home/projects/bagon/shared/imagenet512/val/n02783161/ILSVRC2012_val_00031057.JPEG reached epsilon at step 645, loss sum: 384.6851, final loss: 0.00099754, weight distance: 0.0382
2025-09-23 04:46:06,209 - INFO - Example /home/projects/bagon/shared/imagenet512/val/n07768694/ILSVRC2012_val_00024707.JPEG reached epsilon at step 465, loss sum: 151.1974, final loss: 0.00099754, weight distance: 0.0165
2025-09-23 04:46:25,148 - INFO - Example /home/projects/bagon/shared/imagenet512/val/n03594734/ILSVRC2012_val_00037472.JPEG reached epsilon at step 346, loss sum: 302.2016, final loss: 0.00099659, weight distance: 0.0227
2025-09-23 04:48:09,457 - INFO - Example /home/projects/bagon/shared/imagenet512/val/n04493381/ILSVRC2012_val_00008574.JPEG reached epsilon at step 1965, loss sum: 126.6403, final loss: 0.00099754, weight distance: 0.0420
2025-09-23 04:48:48,162 - INFO - Example /home/projects/bagon/shared/imagenet512/val/n03594945/ILSVRC2012_val_00028405.JPEG reached epsilon at step 719, loss sum: 213.1740, final loss: 0.00099754, weight distance: 0.0338
2025-09-23 04:49:26,710 - INFO - Example /home/projects/bagon/shared/imagenet512/val/n03837869/ILSVRC2012_val_00046864.JPEG reached epsilon at step 701, loss sum: 637.9968, final loss: 0.00099754, weight distance: 0.0317
2025-09-23 04:49:50,748 - INFO - Example /home/projects/bagon/shared/imagenet512/val/n04592741/ILSVRC2012_val_00031487.JPEG reached epsilon at step 442, loss sum: 150.4287, final loss: 0.00099277, weight distance: 0.0262
2025-09-23 04:50:14,665 - INFO - Example /home/projects/bagon/shared/imagenet512/val/n02909870/ILSVRC2012_val_00006327.JPEG reached epsilon at step 439, loss sum: 158.0142, final loss: 0.00099564, weight distance: 0.0233
2025-09-23 04:50:29,296 - INFO - Example /home/projects/bagon/shared/imagenet512/val/n07860988/ILSVRC2012_val_00024852.JPEG reached epsilon at step 264, loss sum: 112.8026, final loss: 0.00099182, weight distance: 0.0155
2025-09-23 04:51:11,656 - INFO - Example /home/projects/bagon/shared/imagenet512/val/n04008634/ILSVRC2012_val_00041369.JPEG reached epsilon at step 789, loss sum: 413.6774, final loss: 0.00099277, weight distance: 0.0393
2025-09-23 04:51:52,722 - INFO - Example /home/projects/bagon/shared/imagenet512/val/n03710721/ILSVRC2012_val_00030322.JPEG reached epsilon at step 766, loss sum: 166.3847, final loss: 0.00099087, weight distance: 0.0413
2025-09-23 04:52:05,964 - INFO - Example /home/projects/bagon/shared/imagenet512/val/n03220513/ILSVRC2012_val_00046008.JPEG reached epsilon at step 238, loss sum: 84.5639, final loss: 0.00099373, weight distance: 0.0135
2025-09-23 04:52:25,481 - INFO - Example /home/projects/bagon/shared/imagenet512/val/n04005630/ILSVRC2012_val_00040234.JPEG reached epsilon at step 357, loss sum: 129.4695, final loss: 0.00099850, weight distance: 0.0264
2025-09-23 04:52:41,264 - INFO - Example /home/projects/bagon/shared/imagenet512/val/n03127925/ILSVRC2012_val_00027441.JPEG reached epsilon at step 288, loss sum: 90.3354, final loss: 0.00099659, weight distance: 0.0186
2025-09-23 04:53:00,417 - INFO - Example /home/projects/bagon/shared/imagenet512/val/n03633091/ILSVRC2012_val_00022723.JPEG reached epsilon at step 353, loss sum: 627.4337, final loss: 0.00099754, weight distance: 0.0248
2025-09-23 04:53:23,137 - INFO - Example /home/projects/bagon/shared/imagenet512/val/n02793495/ILSVRC2012_val_00030661.JPEG reached epsilon at step 419, loss sum: 280.1879, final loss: 0.00099277, weight distance: 0.0237
2025-09-23 04:53:49,970 - INFO - Example /home/projects/bagon/shared/imagenet512/val/n09428293/ILSVRC2012_val_00022923.JPEG reached epsilon at step 498, loss sum: 215.6350, final loss: 0.00099659, weight distance: 0.0305
2025-09-23 04:54:36,479 - INFO - Example /home/projects/bagon/shared/imagenet512/val/n03785016/ILSVRC2012_val_00016809.JPEG reached epsilon at step 878, loss sum: 210.4478, final loss: 0.00099564, weight distance: 0.0263
2025-09-23 04:55:49,198 - INFO - Example /home/projects/bagon/shared/imagenet512/val/n02123159/ILSVRC2012_val_00025396.JPEG reached epsilon at step 1369, loss sum: 73.3410, final loss: 0.00099373, weight distance: 0.0216
2025-09-23 04:56:17,283 - INFO - Example /home/projects/bagon/shared/imagenet512/val/n03272010/ILSVRC2012_val_00001273.JPEG reached epsilon at step 519, loss sum: 109.5592, final loss: 0.00099468, weight distance: 0.0254
2025-09-23 04:56:34,270 - INFO - Example /home/projects/bagon/shared/imagenet512/val/n09421951/ILSVRC2012_val_00015740.JPEG reached epsilon at step 309, loss sum: 161.0873, final loss: 0.00099373, weight distance: 0.0242
2025-09-23 04:56:53,903 - INFO - Example /home/projects/bagon/shared/imagenet512/val/n03658185/ILSVRC2012_val_00040880.JPEG reached epsilon at step 360, loss sum: 337.9383, final loss: 0.00099659, weight distance: 0.0260
2025-09-23 04:57:16,667 - INFO - Example /home/projects/bagon/shared/imagenet512/val/n02095570/ILSVRC2012_val_00023143.JPEG reached epsilon at step 415, loss sum: 250.7039, final loss: 0.00099754, weight distance: 0.0235
2025-09-23 04:57:40,856 - INFO - Example /home/projects/bagon/shared/imagenet512/val/n02113023/ILSVRC2012_val_00024145.JPEG reached epsilon at step 445, loss sum: 156.3722, final loss: 0.00099850, weight distance: 0.0267
2025-09-23 04:58:36,221 - INFO - Example /home/projects/bagon/shared/imagenet512/val/n03179701/ILSVRC2012_val_00042089.JPEG reached epsilon at step 1037, loss sum: 85.3069, final loss: 0.00099182, weight distance: 0.0236
2025-09-23 04:59:05,602 - INFO - Example /home/projects/bagon/shared/imagenet512/val/n01981276/ILSVRC2012_val_00002190.JPEG reached epsilon at step 543, loss sum: 125.1176, final loss: 0.00099373, weight distance: 0.0281
2025-09-23 04:59:39,957 - INFO - Example /home/projects/bagon/shared/imagenet512/val/n07836838/ILSVRC2012_val_00033551.JPEG reached epsilon at step 635, loss sum: 86.5561, final loss: 0.00099659, weight distance: 0.0226
2025-09-23 05:00:00,935 - INFO - Example /home/projects/bagon/shared/imagenet512/val/n02790996/ILSVRC2012_val_00010918.JPEG reached epsilon at step 384, loss sum: 106.3203, final loss: 0.00099564, weight distance: 0.0253
2025-09-23 05:00:18,834 - INFO - Example /home/projects/bagon/shared/imagenet512/val/n03485794/ILSVRC2012_val_00019769.JPEG reached epsilon at step 325, loss sum: 72.1932, final loss: 0.00099659, weight distance: 0.0233
2025-09-23 05:00:49,056 - INFO - Example /home/projects/bagon/shared/imagenet512/val/n01774750/ILSVRC2012_val_00009462.JPEG reached epsilon at step 558, loss sum: 44.4579, final loss: 0.00099754, weight distance: 0.0279
2025-09-23 05:01:28,552 - INFO - Example /home/projects/bagon/shared/imagenet512/val/n01784675/ILSVRC2012_val_00046086.JPEG reached epsilon at step 738, loss sum: 234.2616, final loss: 0.00099564, weight distance: 0.0436
2025-09-23 05:01:49,758 - INFO - Example /home/projects/bagon/shared/imagenet512/val/n04370456/ILSVRC2012_val_00033847.JPEG reached epsilon at step 389, loss sum: 140.6517, final loss: 0.00099564, weight distance: 0.0246
2025-09-23 05:03:28,781 - INFO - Example /home/projects/bagon/shared/imagenet512/val/n04332243/ILSVRC2012_val_00037422.JPEG reached epsilon at step 1873, loss sum: 576.4552, final loss: 0.00099468, weight distance: 0.0255
2025-09-23 05:03:50,816 - INFO - Example /home/projects/bagon/shared/imagenet512/val/n02108089/ILSVRC2012_val_00005263.JPEG reached epsilon at step 395, loss sum: 241.0808, final loss: 0.00099277, weight distance: 0.0219
2025-09-23 05:04:22,588 - INFO - Example /home/projects/bagon/shared/imagenet512/val/n01630670/ILSVRC2012_val_00032171.JPEG reached epsilon at step 593, loss sum: 151.6294, final loss: 0.00099373, weight distance: 0.0248
2025-09-23 05:04:51,665 - INFO - Example /home/projects/bagon/shared/imagenet512/val/n02870880/ILSVRC2012_val_00020066.JPEG reached epsilon at step 541, loss sum: 100.3279, final loss: 0.00099945, weight distance: 0.0307
2025-09-23 05:05:15,615 - INFO - Example /home/projects/bagon/shared/imagenet512/val/n03954731/ILSVRC2012_val_00029388.JPEG reached epsilon at step 443, loss sum: 469.3715, final loss: 0.00099754, weight distance: 0.0253
2025-09-23 05:05:53,749 - INFO - Example /home/projects/bagon/shared/imagenet512/val/n02504013/ILSVRC2012_val_00001850.JPEG reached epsilon at step 713, loss sum: 164.2106, final loss: 0.00099945, weight distance: 0.0465
2025-09-23 05:06:28,273 - INFO - Example /home/projects/bagon/shared/imagenet512/val/n02483708/ILSVRC2012_val_00026496.JPEG reached epsilon at step 639, loss sum: 165.4484, final loss: 0.00099659, weight distance: 0.0309
2025-09-23 05:06:59,719 - INFO - Example /home/projects/bagon/shared/imagenet512/val/n03089624/ILSVRC2012_val_00028174.JPEG reached epsilon at step 583, loss sum: 645.3324, final loss: 0.00099945, weight distance: 0.0296
2025-09-23 05:07:20,626 - INFO - Example /home/projects/bagon/shared/imagenet512/val/n02233338/ILSVRC2012_val_00022227.JPEG reached epsilon at step 381, loss sum: 410.6265, final loss: 0.00099945, weight distance: 0.0217
2025-09-23 05:07:59,337 - INFO - Example /home/projects/bagon/shared/imagenet512/val/n02114855/ILSVRC2012_val_00034279.JPEG reached epsilon at step 718, loss sum: 286.8056, final loss: 0.00099659, weight distance: 0.0384
2025-09-23 05:08:11,362 - INFO - Example /home/projects/bagon/shared/imagenet512/val/n03485407/ILSVRC2012_val_00017688.JPEG reached epsilon at step 214, loss sum: 141.1825, final loss: 0.00099564, weight distance: 0.0133
2025-09-23 05:08:43,833 - INFO - Example /home/projects/bagon/shared/imagenet512/val/n03594945/ILSVRC2012_val_00018474.JPEG reached epsilon at step 597, loss sum: 484.4673, final loss: 0.00099468, weight distance: 0.0332
2025-09-23 05:09:01,729 - INFO - Example /home/projects/bagon/shared/imagenet512/val/n04141975/ILSVRC2012_val_00028818.JPEG reached epsilon at step 326, loss sum: 84.4951, final loss: 0.00099850, weight distance: 0.0173
2025-09-23 05:10:14,606 - INFO - Example /home/projects/bagon/shared/imagenet512/val/n02095314/ILSVRC2012_val_00037195.JPEG reached epsilon at step 1370, loss sum: 174.1124, final loss: 0.00099277, weight distance: 0.0329
2025-09-23 05:10:39,631 - INFO - Example /home/projects/bagon/shared/imagenet512/val/n03657121/ILSVRC2012_val_00009467.JPEG reached epsilon at step 463, loss sum: 452.0804, final loss: 0.00099945, weight distance: 0.0284
2025-09-23 05:10:56,254 - INFO - Example /home/projects/bagon/shared/imagenet512/val/n04296562/ILSVRC2012_val_00006930.JPEG reached epsilon at step 303, loss sum: 65.7586, final loss: 0.00099564, weight distance: 0.0200
2025-09-23 05:11:33,591 - INFO - Example /home/projects/bagon/shared/imagenet512/val/n02979186/ILSVRC2012_val_00017775.JPEG reached epsilon at step 698, loss sum: 132.7841, final loss: 0.00099564, weight distance: 0.0375
