2025-09-14 21:22:33,890 - INFO - Parsed arguments:
2025-09-14 21:22:33,890 - INFO -   amp_dtype = None
2025-09-14 21:22:33,890 - INFO -   bars_npy = /home/projects/bagon/andreyg/Projects/BMM_school/Universal_learning/Programming/bars/geq6wrong_21017_geq6correct_1525_imagenet.npy
2025-09-14 21:22:33,890 - INFO -   deterministic = True
2025-09-14 21:22:33,890 - INFO -   device = cuda
2025-09-14 21:22:33,890 - INFO -   epsilon = 0.001
2025-09-14 21:22:33,890 - INFO -   examples_csv = /home/projects/bagon/andreyg/Projects/BMM_school/Universal_learning/Programming/bars/geq6wrong_21017_geq6correct_1525_imagenet_examples_ammended.csv
2025-09-14 21:22:33,890 - INFO -   grad_clip_norm = 1.0
2025-09-14 21:22:33,891 - INFO -   hierarchy_json = /home/projects/bagon/andreyg/Projects/BMM_school/Universal_learning/Programming/bars/imagenet_synset_hierarchy.json
2025-09-14 21:22:33,891 - INFO -   imagenet_models_csv = /home/projects/bagon/andreyg/Projects/BMM_school/Universal_learning/Programming/bars/imagenet_models.csv
2025-09-14 21:22:33,891 - INFO -   lr = 0.001
2025-09-14 21:22:33,891 - INFO -   max_examples = 150
2025-09-14 21:22:33,891 - INFO -   max_steps_per_example = 10000
2025-09-14 21:22:33,891 - INFO -   model_csv_name = efficientvit_base_0_224_classification_imagenet_1k
2025-09-14 21:22:33,891 - INFO -   model_name = efficientvit_b0.r224_in1k
2025-09-14 21:22:33,891 - INFO -   no_amp = False
2025-09-14 21:22:33,891 - INFO -   output_dir = /home/projects/bagon/andreyg/Projects/BMM_school/Universal_learning/Programming/training_gradient_evaluator_single_loss/outputs
2025-09-14 21:22:33,891 - INFO -   root_dir = None
2025-09-14 21:22:33,891 - INFO -   seed = 1337
2025-09-14 21:22:33,891 - INFO -   weight_decay = 0.0
2025-09-14 21:22:33,891 - INFO -   zero_aug_train = False
2025-09-14 21:22:33,902 - INFO - Loaded 50000 examples in difficulty order
2025-09-14 21:22:34,474 - INFO - Loaded TIMM pretrained weights for efficientvit_b0.r224_in1k
2025-09-14 21:22:34,474 - INFO - pretrained_cfg.url= hf_hub_id=timm/efficientvit_b0.r224_in1k
2025-09-14 21:22:34,807 - INFO - Stored original model weights for reset
2025-09-14 21:22:34,834 - INFO - Training configuration:
2025-09-14 21:22:34,834 - INFO -   lr = 0.001
2025-09-14 21:22:34,834 - INFO -   weight_decay = 0.0
2025-09-14 21:22:34,834 - INFO -   max_steps = 10000
2025-09-14 21:22:34,834 - INFO -   epsilon = 0.001
2025-09-14 21:22:34,834 - INFO -   device = cuda
2025-09-14 21:22:34,834 - INFO -   use_amp = True
2025-09-14 21:22:34,834 - INFO -   amp_dtype = bfloat16
2025-09-14 21:22:34,834 - INFO -   gradient_clip_norm = 1.0
2025-09-14 21:22:34,849 - INFO - Resolved model_csv_name='efficientvit_base_0_224_classification_imagenet_1k' to mask_row_index=984
