2025-09-14 21:57:39,329 - INFO - Parsed arguments:
2025-09-14 21:57:39,329 - INFO -   amp_dtype = None
2025-09-14 21:57:39,329 - INFO -   bars_npy = /home/projects/bagon/andreyg/Projects/BMM_school/Universal_learning/Programming/bars/geq6wrong_21017_geq6correct_1525_imagenet.npy
2025-09-14 21:57:39,329 - INFO -   deterministic = True
2025-09-14 21:57:39,329 - INFO -   device = cuda
2025-09-14 21:57:39,329 - INFO -   epsilon = 0.001
2025-09-14 21:57:39,329 - INFO -   examples_csv = /home/projects/bagon/andreyg/Projects/BMM_school/Universal_learning/Programming/bars/geq6wrong_21017_geq6correct_1525_imagenet_examples_ammended.csv
2025-09-14 21:57:39,329 - INFO -   grad_clip_norm = 1.0
2025-09-14 21:57:39,329 - INFO -   hierarchy_json = /home/projects/bagon/andreyg/Projects/BMM_school/Universal_learning/Programming/bars/imagenet_synset_hierarchy.json
2025-09-14 21:57:39,329 - INFO -   imagenet_models_csv = /home/projects/bagon/andreyg/Projects/BMM_school/Universal_learning/Programming/bars/imagenet_models.csv
2025-09-14 21:57:39,329 - INFO -   lr = 0.001
2025-09-14 21:57:39,329 - INFO -   max_examples = 150
2025-09-14 21:57:39,329 - INFO -   max_steps_per_example = 10000
2025-09-14 21:57:39,329 - INFO -   model_csv_name = efficientvit_base_0_224_classification_imagenet_1k
2025-09-14 21:57:39,329 - INFO -   model_name = efficientvit_b0.r224_in1k
2025-09-14 21:57:39,329 - INFO -   no_amp = False
2025-09-14 21:57:39,330 - INFO -   output_dir = /home/projects/bagon/andreyg/Projects/BMM_school/Universal_learning/Programming/training_gradient_evaluator_single_loss/outputs
2025-09-14 21:57:39,330 - INFO -   root_dir = None
2025-09-14 21:57:39,330 - INFO -   seed = 1337
2025-09-14 21:57:39,330 - INFO -   weight_decay = 0.0
2025-09-14 21:57:39,330 - INFO -   zero_aug_train = False
2025-09-14 21:57:39,341 - INFO - Loaded 50000 examples in difficulty order
2025-09-14 21:57:39,992 - INFO - Loaded TIMM pretrained weights for efficientvit_b0.r224_in1k
2025-09-14 21:57:39,993 - INFO - pretrained_cfg.url= hf_hub_id=timm/efficientvit_b0.r224_in1k
2025-09-14 21:57:40,305 - INFO - Stored original model weights for reset
2025-09-14 21:57:40,326 - INFO - Training configuration:
2025-09-14 21:57:40,327 - INFO -   lr = 0.001
2025-09-14 21:57:40,327 - INFO -   weight_decay = 0.0
2025-09-14 21:57:40,327 - INFO -   max_steps = 10000
2025-09-14 21:57:40,327 - INFO -   epsilon = 0.001
2025-09-14 21:57:40,327 - INFO -   device = cuda
2025-09-14 21:57:40,327 - INFO -   use_amp = True
2025-09-14 21:57:40,327 - INFO -   amp_dtype = bfloat16
2025-09-14 21:57:40,327 - INFO -   gradient_clip_norm = 1.0
2025-09-14 21:57:40,345 - INFO - Resolved model_csv_name='efficientvit_base_0_224_classification_imagenet_1k' to mask_row_index=984
2025-09-14 21:57:40,346 - WARNING - bars_npy appears to be an object array; reloading with allow_pickle=True and normalizing
2025-09-14 21:57:47,516 - INFO - Selected 150 wrong examples for training (sorted by difficulty)
2025-09-14 21:57:47,520 - INFO - Training examples (rank indices, 0-based): 21042, 21125, 21272, 21353, 21434, 21521, 21672, 21769, 21826, 21975, 22010, 22391, 22416, 22557, 22624, 22764, 22883, 22935, 23061, 23164, 23285, 23357, 23487, 23548, 23689, 23711, 23812, 23955, 24047, 24196, 24236, 24380, 24477, 24584, 24652, 24780, 24883, 24942, 25013, 25164, 25203, 25357, 25458, 25510, 25670, 25781, 25898, 25910, 26041, 26132, 26231, 26387, 26423, 26521, 26676, 26750, 26883, 26975, 27038, 27179, 27226, 27321, 27465, 27541, 27633, 27746, 27812, 27976, 28081, 28194, 28276, 28365, 28494, 28522, 28616, 28785, 28853, 28908, 29027, 29159, 29211, 29338, 29430, 29562, 29660, 29738, 29829, 29961, 30058, 30195, 30232, 30312, 30489, 30550, 30676, 30713, 30845, 30980, 31071, 31150, 31283, 31378, 31428, 31576, 31632, 31731, 31864, 31962, 32008, 32190, 32219, 32367, 32414, 32576, 32692, 32771, 32868, 32936, 33076, 33116, 33286, 33357, 33451, 33549, 33660, 33709, 33807, 33930, 34013, 34151, 34269, 34360, 34453, 34579, 34654, 34703, 34874, 34949, 35060, 35156, 35258, 35304, 35458, 35588, 35635, 35754, 35805, 35934, 36046, 36196
2025-09-14 21:57:47,527 - INFO - 
=== Training Example 1/150: /home/projects/bagon/shared/imagenet512/val/n03794056/ILSVRC2012_val_00009087.JPEG ===
2025-09-14 21:57:48,186 - INFO - Example /home/projects/bagon/shared/imagenet512/val/n03794056/ILSVRC2012_val_00009087.JPEG reached epsilon at step 3, loss sum: 0.3226, final loss: 0.00015736, weight distance: 0.0023
2025-09-14 21:57:48,190 - INFO - Example 1 completed: 3 steps, loss sum: 0.3226, final loss: 0.00015736, weight distance: 0.0023 (universal rank: 21043)
2025-09-14 21:57:48,190 - INFO - 
=== Training Example 2/150: /home/projects/bagon/shared/imagenet512/val/n03995372/ILSVRC2012_val_00019301.JPEG ===
2025-09-14 21:57:48,668 - INFO - Example /home/projects/bagon/shared/imagenet512/val/n03995372/ILSVRC2012_val_00019301.JPEG reached epsilon at step 6, loss sum: 5.4946, final loss: 0.00064850, weight distance: 0.0049
2025-09-14 21:57:48,672 - INFO - Example 2 completed: 6 steps, loss sum: 5.4946, final loss: 0.00064850, weight distance: 0.0049 (universal rank: 21126)
2025-09-14 21:57:48,672 - INFO - 
=== Training Example 3/150: /home/projects/bagon/shared/imagenet512/val/n02860847/ILSVRC2012_val_00033253.JPEG ===
2025-09-14 21:57:49,067 - INFO - Example /home/projects/bagon/shared/imagenet512/val/n02860847/ILSVRC2012_val_00033253.JPEG reached epsilon at step 4, loss sum: 0.4026, final loss: 0.00030518, weight distance: 0.0024
2025-09-14 21:57:49,071 - INFO - Example 3 completed: 4 steps, loss sum: 0.4026, final loss: 0.00030518, weight distance: 0.0024 (universal rank: 21273)
2025-09-14 21:57:49,071 - INFO - 
=== Training Example 4/150: /home/projects/bagon/shared/imagenet512/val/n07684084/ILSVRC2012_val_00042395.JPEG ===
2025-09-14 21:57:49,417 - INFO - Example /home/projects/bagon/shared/imagenet512/val/n07684084/ILSVRC2012_val_00042395.JPEG reached epsilon at step 4, loss sum: 1.1414, final loss: 0.00016212, weight distance: 0.0030
2025-09-14 21:57:49,421 - INFO - Example 4 completed: 4 steps, loss sum: 1.1414, final loss: 0.00016212, weight distance: 0.0030 (universal rank: 21354)
2025-09-14 21:57:49,421 - INFO - 
=== Training Example 5/150: /home/projects/bagon/shared/imagenet512/val/n03388043/ILSVRC2012_val_00032020.JPEG ===
2025-09-14 21:57:49,689 - INFO - Example /home/projects/bagon/shared/imagenet512/val/n03388043/ILSVRC2012_val_00032020.JPEG reached epsilon at step 3, loss sum: 0.6261, final loss: 0.00027466, weight distance: 0.0026
2025-09-14 21:57:49,692 - INFO - Example 5 completed: 3 steps, loss sum: 0.6261, final loss: 0.00027466, weight distance: 0.0026 (universal rank: 21435)
2025-09-14 21:57:49,692 - INFO - 
=== Training Example 6/150: /home/projects/bagon/shared/imagenet512/val/n03908618/ILSVRC2012_val_00010043.JPEG ===
2025-09-14 21:57:50,108 - INFO - Example /home/projects/bagon/shared/imagenet512/val/n03908618/ILSVRC2012_val_00010043.JPEG reached epsilon at step 5, loss sum: 1.3836, final loss: 0.00043869, weight distance: 0.0036
2025-09-14 21:57:50,112 - INFO - Example 6 completed: 5 steps, loss sum: 1.3836, final loss: 0.00043869, weight distance: 0.0036 (universal rank: 21522)
2025-09-14 21:57:50,112 - INFO - 
=== Training Example 7/150: /home/projects/bagon/shared/imagenet512/val/n01770393/ILSVRC2012_val_00011236.JPEG ===
2025-09-14 21:57:50,455 - INFO - Example /home/projects/bagon/shared/imagenet512/val/n01770393/ILSVRC2012_val_00011236.JPEG reached epsilon at step 4, loss sum: 1.4131, final loss: 0.00036049, weight distance: 0.0033
2025-09-14 21:57:50,460 - INFO - Example 7 completed: 4 steps, loss sum: 1.4131, final loss: 0.00036049, weight distance: 0.0033 (universal rank: 21673)
2025-09-14 21:57:50,460 - INFO - 
=== Training Example 8/150: /home/projects/bagon/shared/imagenet512/val/n04125021/ILSVRC2012_val_00024752.JPEG ===
2025-09-14 21:57:50,867 - INFO - Example /home/projects/bagon/shared/imagenet512/val/n04125021/ILSVRC2012_val_00024752.JPEG reached epsilon at step 5, loss sum: 2.3034, final loss: 0.00056458, weight distance: 0.0035
2025-09-14 21:57:50,871 - INFO - Example 8 completed: 5 steps, loss sum: 2.3034, final loss: 0.00056458, weight distance: 0.0035 (universal rank: 21770)
2025-09-14 21:57:50,871 - INFO - 
=== Training Example 9/150: /home/projects/bagon/shared/imagenet512/val/n03141823/ILSVRC2012_val_00006889.JPEG ===
2025-09-14 21:57:51,282 - INFO - Example /home/projects/bagon/shared/imagenet512/val/n03141823/ILSVRC2012_val_00006889.JPEG reached epsilon at step 5, loss sum: 0.7791, final loss: 0.00039482, weight distance: 0.0036
2025-09-14 21:57:51,286 - INFO - Example 9 completed: 5 steps, loss sum: 0.7791, final loss: 0.00039482, weight distance: 0.0036 (universal rank: 21827)
2025-09-14 21:57:51,287 - INFO - 
=== Training Example 10/150: /home/projects/bagon/shared/imagenet512/val/n02102177/ILSVRC2012_val_00006630.JPEG ===
2025-09-14 21:57:51,696 - INFO - Example /home/projects/bagon/shared/imagenet512/val/n02102177/ILSVRC2012_val_00006630.JPEG reached epsilon at step 5, loss sum: 0.7757, final loss: 0.00069809, weight distance: 0.0041
2025-09-14 21:57:51,700 - INFO - Example 10 completed: 5 steps, loss sum: 0.7757, final loss: 0.00069809, weight distance: 0.0041 (universal rank: 21976)
2025-09-14 21:57:51,700 - INFO - 
=== Training Example 11/150: /home/projects/bagon/shared/imagenet512/val/n02099712/ILSVRC2012_val_00046817.JPEG ===
2025-09-14 21:57:52,108 - INFO - Example /home/projects/bagon/shared/imagenet512/val/n02099712/ILSVRC2012_val_00046817.JPEG reached epsilon at step 5, loss sum: 2.2775, final loss: 0.00073242, weight distance: 0.0038
2025-09-14 21:57:52,112 - INFO - Example 11 completed: 5 steps, loss sum: 2.2775, final loss: 0.00073242, weight distance: 0.0038 (universal rank: 22011)
2025-09-14 21:57:52,112 - INFO - 
=== Training Example 12/150: /home/projects/bagon/shared/imagenet512/val/n04252077/ILSVRC2012_val_00034603.JPEG ===
2025-09-14 21:57:52,450 - INFO - Example /home/projects/bagon/shared/imagenet512/val/n04252077/ILSVRC2012_val_00034603.JPEG reached epsilon at step 4, loss sum: 0.1605, final loss: 0.00037766, weight distance: 0.0031
2025-09-14 21:57:52,455 - INFO - Example 12 completed: 4 steps, loss sum: 0.1605, final loss: 0.00037766, weight distance: 0.0031 (universal rank: 22392)
2025-09-14 21:57:52,455 - INFO - 
=== Training Example 13/150: /home/projects/bagon/shared/imagenet512/val/n02480495/ILSVRC2012_val_00010576.JPEG ===
2025-09-14 21:57:52,792 - INFO - Example /home/projects/bagon/shared/imagenet512/val/n02480495/ILSVRC2012_val_00010576.JPEG reached epsilon at step 4, loss sum: 1.5155, final loss: 0.00072479, weight distance: 0.0037
2025-09-14 21:57:52,797 - INFO - Example 13 completed: 4 steps, loss sum: 1.5155, final loss: 0.00072479, weight distance: 0.0037 (universal rank: 22417)
2025-09-14 21:57:52,797 - INFO - 
=== Training Example 14/150: /home/projects/bagon/shared/imagenet512/val/n02396427/ILSVRC2012_val_00023062.JPEG ===
2025-09-14 21:57:53,549 - INFO - Example /home/projects/bagon/shared/imagenet512/val/n02396427/ILSVRC2012_val_00023062.JPEG reached epsilon at step 10, loss sum: 4.1219, final loss: 0.00056076, weight distance: 0.0048
2025-09-14 21:57:53,554 - INFO - Example 14 completed: 10 steps, loss sum: 4.1219, final loss: 0.00056076, weight distance: 0.0048 (universal rank: 22558)
2025-09-14 21:57:53,554 - INFO - 
=== Training Example 15/150: /home/projects/bagon/shared/imagenet512/val/n03467068/ILSVRC2012_val_00020435.JPEG ===
2025-09-14 21:57:53,825 - INFO - Example /home/projects/bagon/shared/imagenet512/val/n03467068/ILSVRC2012_val_00020435.JPEG reached epsilon at step 3, loss sum: 0.2860, final loss: 0.00017357, weight distance: 0.0024
2025-09-14 21:57:53,829 - INFO - Example 15 completed: 3 steps, loss sum: 0.2860, final loss: 0.00017357, weight distance: 0.0024 (universal rank: 22625)
2025-09-14 21:57:53,829 - INFO - 
=== Training Example 16/150: /home/projects/bagon/shared/imagenet512/val/n02098413/ILSVRC2012_val_00038403.JPEG ===
2025-09-14 21:57:54,301 - INFO - Example /home/projects/bagon/shared/imagenet512/val/n02098413/ILSVRC2012_val_00038403.JPEG reached epsilon at step 6, loss sum: 2.2802, final loss: 0.00061798, weight distance: 0.0044
2025-09-14 21:57:54,305 - INFO - Example 16 completed: 6 steps, loss sum: 2.2802, final loss: 0.00061798, weight distance: 0.0044 (universal rank: 22765)
2025-09-14 21:57:54,305 - INFO - 
=== Training Example 17/150: /home/projects/bagon/shared/imagenet512/val/n02071294/ILSVRC2012_val_00047523.JPEG ===
2025-09-14 21:57:54,785 - INFO - Example /home/projects/bagon/shared/imagenet512/val/n02071294/ILSVRC2012_val_00047523.JPEG reached epsilon at step 6, loss sum: 2.9728, final loss: 0.00016975, weight distance: 0.0046
2025-09-14 21:57:54,789 - INFO - Example 17 completed: 6 steps, loss sum: 2.9728, final loss: 0.00016975, weight distance: 0.0046 (universal rank: 22884)
2025-09-14 21:57:54,789 - INFO - 
=== Training Example 18/150: /home/projects/bagon/shared/imagenet512/val/n02094114/ILSVRC2012_val_00001379.JPEG ===
2025-09-14 21:57:55,136 - INFO - Example /home/projects/bagon/shared/imagenet512/val/n02094114/ILSVRC2012_val_00001379.JPEG reached epsilon at step 4, loss sum: 0.5630, final loss: 0.00066757, weight distance: 0.0035
2025-09-14 21:57:55,140 - INFO - Example 18 completed: 4 steps, loss sum: 0.5630, final loss: 0.00066757, weight distance: 0.0035 (universal rank: 22936)
2025-09-14 21:57:55,140 - INFO - 
=== Training Example 19/150: /home/projects/bagon/shared/imagenet512/val/n02980441/ILSVRC2012_val_00006522.JPEG ===
2025-09-14 21:57:55,422 - INFO - Example /home/projects/bagon/shared/imagenet512/val/n02980441/ILSVRC2012_val_00006522.JPEG reached epsilon at step 3, loss sum: 0.0469, final loss: 0.00020027, weight distance: 0.0023
2025-09-14 21:57:55,426 - INFO - Example 19 completed: 3 steps, loss sum: 0.0469, final loss: 0.00020027, weight distance: 0.0023 (universal rank: 23062)
2025-09-14 21:57:55,426 - INFO - 
=== Training Example 20/150: /home/projects/bagon/shared/imagenet512/val/n03594945/ILSVRC2012_val_00037128.JPEG ===
2025-09-14 21:57:55,836 - INFO - Example /home/projects/bagon/shared/imagenet512/val/n03594945/ILSVRC2012_val_00037128.JPEG reached epsilon at step 5, loss sum: 3.6783, final loss: 0.00055313, weight distance: 0.0035
2025-09-14 21:57:55,841 - INFO - Example 20 completed: 5 steps, loss sum: 3.6783, final loss: 0.00055313, weight distance: 0.0035 (universal rank: 23165)
2025-09-14 21:57:55,841 - INFO - 
=== Training Example 21/150: /home/projects/bagon/shared/imagenet512/val/n04023962/ILSVRC2012_val_00005405.JPEG ===
2025-09-14 21:57:56,176 - INFO - Example /home/projects/bagon/shared/imagenet512/val/n04023962/ILSVRC2012_val_00005405.JPEG reached epsilon at step 4, loss sum: 2.6095, final loss: 0.00046921, weight distance: 0.0034
2025-09-14 21:57:56,179 - INFO - Example 21 completed: 4 steps, loss sum: 2.6095, final loss: 0.00046921, weight distance: 0.0034 (universal rank: 23286)
2025-09-14 21:57:56,179 - INFO - 
=== Training Example 22/150: /home/projects/bagon/shared/imagenet512/val/n02091831/ILSVRC2012_val_00006935.JPEG ===
2025-09-14 21:57:56,585 - INFO - Example /home/projects/bagon/shared/imagenet512/val/n02091831/ILSVRC2012_val_00006935.JPEG reached epsilon at step 5, loss sum: 1.7196, final loss: 0.00056076, weight distance: 0.0041
2025-09-14 21:57:56,589 - INFO - Example 22 completed: 5 steps, loss sum: 1.7196, final loss: 0.00056076, weight distance: 0.0041 (universal rank: 23358)
2025-09-14 21:57:56,589 - INFO - 
=== Training Example 23/150: /home/projects/bagon/shared/imagenet512/val/n02356798/ILSVRC2012_val_00045433.JPEG ===
2025-09-14 21:57:56,934 - INFO - Example /home/projects/bagon/shared/imagenet512/val/n02356798/ILSVRC2012_val_00045433.JPEG reached epsilon at step 4, loss sum: 1.3612, final loss: 0.00056458, weight distance: 0.0033
2025-09-14 21:57:56,938 - INFO - Example 23 completed: 4 steps, loss sum: 1.3612, final loss: 0.00056458, weight distance: 0.0033 (universal rank: 23488)
2025-09-14 21:57:56,938 - INFO - 
=== Training Example 24/150: /home/projects/bagon/shared/imagenet512/val/n03803284/ILSVRC2012_val_00021342.JPEG ===
2025-09-14 21:57:57,351 - INFO - Example /home/projects/bagon/shared/imagenet512/val/n03803284/ILSVRC2012_val_00021342.JPEG reached epsilon at step 5, loss sum: 2.8761, final loss: 0.00050354, weight distance: 0.0035
2025-09-14 21:57:57,355 - INFO - Example 24 completed: 5 steps, loss sum: 2.8761, final loss: 0.00050354, weight distance: 0.0035 (universal rank: 23549)
2025-09-14 21:57:57,356 - INFO - 
=== Training Example 25/150: /home/projects/bagon/shared/imagenet512/val/n02328150/ILSVRC2012_val_00029874.JPEG ===
2025-09-14 21:57:57,757 - INFO - Example /home/projects/bagon/shared/imagenet512/val/n02328150/ILSVRC2012_val_00029874.JPEG reached epsilon at step 5, loss sum: 2.2986, final loss: 0.00075150, weight distance: 0.0039
2025-09-14 21:57:57,760 - INFO - Example 25 completed: 5 steps, loss sum: 2.2986, final loss: 0.00075150, weight distance: 0.0039 (universal rank: 23690)
2025-09-14 21:57:57,761 - INFO - 
=== Training Example 26/150: /home/projects/bagon/shared/imagenet512/val/n04428191/ILSVRC2012_val_00038305.JPEG ===
2025-09-14 21:57:58,033 - INFO - Example /home/projects/bagon/shared/imagenet512/val/n04428191/ILSVRC2012_val_00038305.JPEG reached epsilon at step 3, loss sum: 0.4106, final loss: 0.00084305, weight distance: 0.0028
2025-09-14 21:57:58,037 - INFO - Example 26 completed: 3 steps, loss sum: 0.4106, final loss: 0.00084305, weight distance: 0.0028 (universal rank: 23712)
2025-09-14 21:57:58,037 - INFO - 
=== Training Example 27/150: /home/projects/bagon/shared/imagenet512/val/n02667093/ILSVRC2012_val_00041090.JPEG ===
2025-09-14 21:57:58,527 - INFO - Example /home/projects/bagon/shared/imagenet512/val/n02667093/ILSVRC2012_val_00041090.JPEG reached epsilon at step 6, loss sum: 1.3328, final loss: 0.00084686, weight distance: 0.0031
2025-09-14 21:57:58,531 - INFO - Example 27 completed: 6 steps, loss sum: 1.3328, final loss: 0.00084686, weight distance: 0.0031 (universal rank: 23813)
2025-09-14 21:57:58,532 - INFO - 
=== Training Example 28/150: /home/projects/bagon/shared/imagenet512/val/n04162706/ILSVRC2012_val_00029687.JPEG ===
2025-09-14 21:57:59,021 - INFO - Example /home/projects/bagon/shared/imagenet512/val/n04162706/ILSVRC2012_val_00029687.JPEG reached epsilon at step 4, loss sum: 5.2184, final loss: 0.00091171, weight distance: 0.0032
2025-09-14 21:57:59,025 - INFO - Example 28 completed: 4 steps, loss sum: 5.2184, final loss: 0.00091171, weight distance: 0.0032 (universal rank: 23956)
2025-09-14 21:57:59,025 - INFO - 
=== Training Example 29/150: /home/projects/bagon/shared/imagenet512/val/n02111277/ILSVRC2012_val_00001129.JPEG ===
2025-09-14 21:57:59,368 - INFO - Example /home/projects/bagon/shared/imagenet512/val/n02111277/ILSVRC2012_val_00001129.JPEG reached epsilon at step 4, loss sum: 0.7898, final loss: 0.00054932, weight distance: 0.0033
2025-09-14 21:57:59,372 - INFO - Example 29 completed: 4 steps, loss sum: 0.7898, final loss: 0.00054932, weight distance: 0.0033 (universal rank: 24048)
2025-09-14 21:57:59,372 - INFO - 
=== Training Example 30/150: /home/projects/bagon/shared/imagenet512/val/n02110063/ILSVRC2012_val_00026119.JPEG ===
2025-09-14 21:57:59,891 - INFO - Example /home/projects/bagon/shared/imagenet512/val/n02110063/ILSVRC2012_val_00026119.JPEG reached epsilon at step 6, loss sum: 0.8558, final loss: 0.00067139, weight distance: 0.0044
2025-09-14 21:57:59,895 - INFO - Example 30 completed: 6 steps, loss sum: 0.8558, final loss: 0.00067139, weight distance: 0.0044 (universal rank: 24197)
2025-09-14 21:57:59,895 - INFO - 
=== Training Example 31/150: /home/projects/bagon/shared/imagenet512/val/n03085013/ILSVRC2012_val_00038711.JPEG ===
2025-09-14 21:58:00,372 - INFO - Example /home/projects/bagon/shared/imagenet512/val/n03085013/ILSVRC2012_val_00038711.JPEG reached epsilon at step 6, loss sum: 1.2758, final loss: 0.00060272, weight distance: 0.0044
2025-09-14 21:58:00,375 - INFO - Example 31 completed: 6 steps, loss sum: 1.2758, final loss: 0.00060272, weight distance: 0.0044 (universal rank: 24237)
2025-09-14 21:58:00,375 - INFO - 
=== Training Example 32/150: /home/projects/bagon/shared/imagenet512/val/n02085620/ILSVRC2012_val_00040731.JPEG ===
2025-09-14 21:58:00,851 - INFO - Example /home/projects/bagon/shared/imagenet512/val/n02085620/ILSVRC2012_val_00040731.JPEG reached epsilon at step 6, loss sum: 5.4583, final loss: 0.00030518, weight distance: 0.0044
2025-09-14 21:58:00,855 - INFO - Example 32 completed: 6 steps, loss sum: 5.4583, final loss: 0.00030518, weight distance: 0.0044 (universal rank: 24381)
2025-09-14 21:58:00,855 - INFO - 
=== Training Example 33/150: /home/projects/bagon/shared/imagenet512/val/n04228054/ILSVRC2012_val_00040101.JPEG ===
2025-09-14 21:58:01,268 - INFO - Example /home/projects/bagon/shared/imagenet512/val/n04228054/ILSVRC2012_val_00040101.JPEG reached epsilon at step 5, loss sum: 0.7216, final loss: 0.00057602, weight distance: 0.0036
2025-09-14 21:58:01,272 - INFO - Example 33 completed: 5 steps, loss sum: 0.7216, final loss: 0.00057602, weight distance: 0.0036 (universal rank: 24478)
2025-09-14 21:58:01,272 - INFO - 
=== Training Example 34/150: /home/projects/bagon/shared/imagenet512/val/n02137549/ILSVRC2012_val_00041597.JPEG ===
2025-09-14 21:58:01,611 - INFO - Example /home/projects/bagon/shared/imagenet512/val/n02137549/ILSVRC2012_val_00041597.JPEG reached epsilon at step 4, loss sum: 1.4051, final loss: 0.00061417, weight distance: 0.0036
2025-09-14 21:58:01,615 - INFO - Example 34 completed: 4 steps, loss sum: 1.4051, final loss: 0.00061417, weight distance: 0.0036 (universal rank: 24585)
2025-09-14 21:58:01,615 - INFO - 
=== Training Example 35/150: /home/projects/bagon/shared/imagenet512/val/n01739381/ILSVRC2012_val_00024880.JPEG ===
2025-09-14 21:58:02,022 - INFO - Example /home/projects/bagon/shared/imagenet512/val/n01739381/ILSVRC2012_val_00024880.JPEG reached epsilon at step 5, loss sum: 0.8645, final loss: 0.00032425, weight distance: 0.0039
2025-09-14 21:58:02,025 - INFO - Example 35 completed: 5 steps, loss sum: 0.8645, final loss: 0.00032425, weight distance: 0.0039 (universal rank: 24653)
2025-09-14 21:58:02,025 - INFO - 
=== Training Example 36/150: /home/projects/bagon/shared/imagenet512/val/n03032252/ILSVRC2012_val_00042815.JPEG ===
2025-09-14 21:58:02,430 - INFO - Example /home/projects/bagon/shared/imagenet512/val/n03032252/ILSVRC2012_val_00042815.JPEG reached epsilon at step 5, loss sum: 1.2373, final loss: 0.00077820, weight distance: 0.0037
2025-09-14 21:58:02,434 - INFO - Example 36 completed: 5 steps, loss sum: 1.2373, final loss: 0.00077820, weight distance: 0.0037 (universal rank: 24781)
2025-09-14 21:58:02,434 - INFO - 
=== Training Example 37/150: /home/projects/bagon/shared/imagenet512/val/n03476991/ILSVRC2012_val_00004493.JPEG ===
2025-09-14 21:58:02,841 - INFO - Example /home/projects/bagon/shared/imagenet512/val/n03476991/ILSVRC2012_val_00004493.JPEG reached epsilon at step 5, loss sum: 1.1572, final loss: 0.00034142, weight distance: 0.0040
2025-09-14 21:58:02,845 - INFO - Example 37 completed: 5 steps, loss sum: 1.1572, final loss: 0.00034142, weight distance: 0.0040 (universal rank: 24884)
2025-09-14 21:58:02,845 - INFO - 
=== Training Example 38/150: /home/projects/bagon/shared/imagenet512/val/n02328150/ILSVRC2012_val_00014708.JPEG ===
2025-09-14 21:58:03,329 - INFO - Example /home/projects/bagon/shared/imagenet512/val/n02328150/ILSVRC2012_val_00014708.JPEG reached epsilon at step 6, loss sum: 6.0829, final loss: 0.00047493, weight distance: 0.0045
2025-09-14 21:58:03,333 - INFO - Example 38 completed: 6 steps, loss sum: 6.0829, final loss: 0.00047493, weight distance: 0.0045 (universal rank: 24943)
2025-09-14 21:58:03,333 - INFO - 
=== Training Example 39/150: /home/projects/bagon/shared/imagenet512/val/n12267677/ILSVRC2012_val_00028871.JPEG ===
2025-09-14 21:58:03,737 - INFO - Example /home/projects/bagon/shared/imagenet512/val/n12267677/ILSVRC2012_val_00028871.JPEG reached epsilon at step 5, loss sum: 0.9836, final loss: 0.00016022, weight distance: 0.0034
2025-09-14 21:58:03,741 - INFO - Example 39 completed: 5 steps, loss sum: 0.9836, final loss: 0.00016022, weight distance: 0.0034 (universal rank: 25014)
2025-09-14 21:58:03,741 - INFO - 
=== Training Example 40/150: /home/projects/bagon/shared/imagenet512/val/n01737021/ILSVRC2012_val_00034970.JPEG ===
2025-09-14 21:58:04,183 - INFO - Example /home/projects/bagon/shared/imagenet512/val/n01737021/ILSVRC2012_val_00034970.JPEG reached epsilon at step 3, loss sum: 0.1518, final loss: 0.00036812, weight distance: 0.0024
2025-09-14 21:58:04,187 - INFO - Example 40 completed: 3 steps, loss sum: 0.1518, final loss: 0.00036812, weight distance: 0.0024 (universal rank: 25165)
2025-09-14 21:58:04,187 - INFO - 
=== Training Example 41/150: /home/projects/bagon/shared/imagenet512/val/n02814533/ILSVRC2012_val_00006084.JPEG ===
2025-09-14 21:58:04,570 - INFO - Example /home/projects/bagon/shared/imagenet512/val/n02814533/ILSVRC2012_val_00006084.JPEG reached epsilon at step 4, loss sum: 0.3197, final loss: 0.00082397, weight distance: 0.0036
2025-09-14 21:58:04,574 - INFO - Example 41 completed: 4 steps, loss sum: 0.3197, final loss: 0.00082397, weight distance: 0.0036 (universal rank: 25204)
2025-09-14 21:58:04,574 - INFO - 
=== Training Example 42/150: /home/projects/bagon/shared/imagenet512/val/n02504013/ILSVRC2012_val_00020144.JPEG ===
2025-09-14 21:58:04,979 - INFO - Example /home/projects/bagon/shared/imagenet512/val/n02504013/ILSVRC2012_val_00020144.JPEG reached epsilon at step 5, loss sum: 0.7443, final loss: 0.00029182, weight distance: 0.0038
2025-09-14 21:58:04,983 - INFO - Example 42 completed: 5 steps, loss sum: 0.7443, final loss: 0.00029182, weight distance: 0.0038 (universal rank: 25358)
2025-09-14 21:58:04,983 - INFO - 
=== Training Example 43/150: /home/projects/bagon/shared/imagenet512/val/n04179913/ILSVRC2012_val_00039853.JPEG ===
2025-09-14 21:58:05,332 - INFO - Example /home/projects/bagon/shared/imagenet512/val/n04179913/ILSVRC2012_val_00039853.JPEG reached epsilon at step 4, loss sum: 3.0417, final loss: 0.00023174, weight distance: 0.0035
2025-09-14 21:58:05,336 - INFO - Example 43 completed: 4 steps, loss sum: 3.0417, final loss: 0.00023174, weight distance: 0.0035 (universal rank: 25459)
2025-09-14 21:58:05,336 - INFO - 
=== Training Example 44/150: /home/projects/bagon/shared/imagenet512/val/n01616318/ILSVRC2012_val_00032832.JPEG ===
2025-09-14 21:58:06,011 - INFO - Example /home/projects/bagon/shared/imagenet512/val/n01616318/ILSVRC2012_val_00032832.JPEG reached epsilon at step 8, loss sum: 2.6514, final loss: 0.00070953, weight distance: 0.0044
2025-09-14 21:58:06,015 - INFO - Example 44 completed: 8 steps, loss sum: 2.6514, final loss: 0.00070953, weight distance: 0.0044 (universal rank: 25511)
2025-09-14 21:58:06,015 - INFO - 
=== Training Example 45/150: /home/projects/bagon/shared/imagenet512/val/n03075370/ILSVRC2012_val_00023151.JPEG ===
2025-09-14 21:58:06,495 - INFO - Example /home/projects/bagon/shared/imagenet512/val/n03075370/ILSVRC2012_val_00023151.JPEG reached epsilon at step 6, loss sum: 3.2554, final loss: 0.00026131, weight distance: 0.0040
2025-09-14 21:58:06,499 - INFO - Example 45 completed: 6 steps, loss sum: 3.2554, final loss: 0.00026131, weight distance: 0.0040 (universal rank: 25671)
2025-09-14 21:58:06,499 - INFO - 
=== Training Example 46/150: /home/projects/bagon/shared/imagenet512/val/n01616318/ILSVRC2012_val_00030618.JPEG ===
2025-09-14 21:58:06,841 - INFO - Example /home/projects/bagon/shared/imagenet512/val/n01616318/ILSVRC2012_val_00030618.JPEG reached epsilon at step 4, loss sum: 1.3491, final loss: 0.00061798, weight distance: 0.0034
2025-09-14 21:58:06,846 - INFO - Example 46 completed: 4 steps, loss sum: 1.3491, final loss: 0.00061798, weight distance: 0.0034 (universal rank: 25782)
2025-09-14 21:58:06,846 - INFO - 
=== Training Example 47/150: /home/projects/bagon/shared/imagenet512/val/n04118538/ILSVRC2012_val_00019086.JPEG ===
2025-09-14 21:58:07,188 - INFO - Example /home/projects/bagon/shared/imagenet512/val/n04118538/ILSVRC2012_val_00019086.JPEG reached epsilon at step 4, loss sum: 1.2929, final loss: 0.00030899, weight distance: 0.0031
2025-09-14 21:58:07,192 - INFO - Example 47 completed: 4 steps, loss sum: 1.2929, final loss: 0.00030899, weight distance: 0.0031 (universal rank: 25899)
2025-09-14 21:58:07,192 - INFO - 
=== Training Example 48/150: /home/projects/bagon/shared/imagenet512/val/n03697007/ILSVRC2012_val_00004069.JPEG ===
2025-09-14 21:58:07,600 - INFO - Example /home/projects/bagon/shared/imagenet512/val/n03697007/ILSVRC2012_val_00004069.JPEG reached epsilon at step 5, loss sum: 5.5183, final loss: 0.00014400, weight distance: 0.0036
2025-09-14 21:58:07,604 - INFO - Example 48 completed: 5 steps, loss sum: 5.5183, final loss: 0.00014400, weight distance: 0.0036 (universal rank: 25911)
2025-09-14 21:58:07,604 - INFO - 
=== Training Example 49/150: /home/projects/bagon/shared/imagenet512/val/n02110806/ILSVRC2012_val_00010686.JPEG ===
2025-09-14 21:58:08,016 - INFO - Example /home/projects/bagon/shared/imagenet512/val/n02110806/ILSVRC2012_val_00010686.JPEG reached epsilon at step 5, loss sum: 3.6282, final loss: 0.00051880, weight distance: 0.0044
2025-09-14 21:58:08,020 - INFO - Example 49 completed: 5 steps, loss sum: 3.6282, final loss: 0.00051880, weight distance: 0.0044 (universal rank: 26042)
2025-09-14 21:58:08,020 - INFO - 
=== Training Example 50/150: /home/projects/bagon/shared/imagenet512/val/n04141076/ILSVRC2012_val_00004761.JPEG ===
2025-09-14 21:58:08,441 - INFO - Example /home/projects/bagon/shared/imagenet512/val/n04141076/ILSVRC2012_val_00004761.JPEG reached epsilon at step 5, loss sum: 3.2656, final loss: 0.00026894, weight distance: 0.0037
2025-09-14 21:58:08,445 - INFO - Example 50 completed: 5 steps, loss sum: 3.2656, final loss: 0.00026894, weight distance: 0.0037 (universal rank: 26133)
2025-09-14 21:58:08,445 - INFO - 
=== Training Example 51/150: /home/projects/bagon/shared/imagenet512/val/n02098286/ILSVRC2012_val_00006848.JPEG ===
2025-09-14 21:58:08,924 - INFO - Example /home/projects/bagon/shared/imagenet512/val/n02098286/ILSVRC2012_val_00006848.JPEG reached epsilon at step 6, loss sum: 1.6208, final loss: 0.00078201, weight distance: 0.0043
2025-09-14 21:58:08,927 - INFO - Example 51 completed: 6 steps, loss sum: 1.6208, final loss: 0.00078201, weight distance: 0.0043 (universal rank: 26232)
2025-09-14 21:58:08,927 - INFO - 
=== Training Example 52/150: /home/projects/bagon/shared/imagenet512/val/n01924916/ILSVRC2012_val_00043455.JPEG ===
2025-09-14 21:58:09,333 - INFO - Example /home/projects/bagon/shared/imagenet512/val/n01924916/ILSVRC2012_val_00043455.JPEG reached epsilon at step 5, loss sum: 3.2543, final loss: 0.00072098, weight distance: 0.0039
2025-09-14 21:58:09,337 - INFO - Example 52 completed: 5 steps, loss sum: 3.2543, final loss: 0.00072098, weight distance: 0.0039 (universal rank: 26388)
2025-09-14 21:58:09,337 - INFO - 
=== Training Example 53/150: /home/projects/bagon/shared/imagenet512/val/n03777754/ILSVRC2012_val_00022796.JPEG ===
2025-09-14 21:58:09,746 - INFO - Example /home/projects/bagon/shared/imagenet512/val/n03777754/ILSVRC2012_val_00022796.JPEG reached epsilon at step 5, loss sum: 0.5760, final loss: 0.00020027, weight distance: 0.0039
2025-09-14 21:58:09,749 - INFO - Example 53 completed: 5 steps, loss sum: 0.5760, final loss: 0.00020027, weight distance: 0.0039 (universal rank: 26424)
2025-09-14 21:58:09,749 - INFO - 
=== Training Example 54/150: /home/projects/bagon/shared/imagenet512/val/n02484975/ILSVRC2012_val_00006599.JPEG ===
2025-09-14 21:58:10,152 - INFO - Example /home/projects/bagon/shared/imagenet512/val/n02484975/ILSVRC2012_val_00006599.JPEG reached epsilon at step 5, loss sum: 1.3653, final loss: 0.00034523, weight distance: 0.0040
2025-09-14 21:58:10,156 - INFO - Example 54 completed: 5 steps, loss sum: 1.3653, final loss: 0.00034523, weight distance: 0.0040 (universal rank: 26522)
2025-09-14 21:58:10,156 - INFO - 
=== Training Example 55/150: /home/projects/bagon/shared/imagenet512/val/n03733281/ILSVRC2012_val_00024860.JPEG ===
2025-09-14 21:58:10,568 - INFO - Example /home/projects/bagon/shared/imagenet512/val/n03733281/ILSVRC2012_val_00024860.JPEG reached epsilon at step 5, loss sum: 2.4044, final loss: 0.00029564, weight distance: 0.0036
2025-09-14 21:58:10,572 - INFO - Example 55 completed: 5 steps, loss sum: 2.4044, final loss: 0.00029564, weight distance: 0.0036 (universal rank: 26677)
2025-09-14 21:58:10,572 - INFO - 
=== Training Example 56/150: /home/projects/bagon/shared/imagenet512/val/n02655020/ILSVRC2012_val_00007185.JPEG ===
2025-09-14 21:58:10,980 - INFO - Example /home/projects/bagon/shared/imagenet512/val/n02655020/ILSVRC2012_val_00007185.JPEG reached epsilon at step 5, loss sum: 6.2615, final loss: 0.00076675, weight distance: 0.0042
2025-09-14 21:58:10,984 - INFO - Example 56 completed: 5 steps, loss sum: 6.2615, final loss: 0.00076675, weight distance: 0.0042 (universal rank: 26751)
2025-09-14 21:58:10,984 - INFO - 
=== Training Example 57/150: /home/projects/bagon/shared/imagenet512/val/n02097474/ILSVRC2012_val_00033149.JPEG ===
2025-09-14 21:58:11,464 - INFO - Example /home/projects/bagon/shared/imagenet512/val/n02097474/ILSVRC2012_val_00033149.JPEG reached epsilon at step 6, loss sum: 4.4636, final loss: 0.00070572, weight distance: 0.0048
2025-09-14 21:58:11,468 - INFO - Example 57 completed: 6 steps, loss sum: 4.4636, final loss: 0.00070572, weight distance: 0.0048 (universal rank: 26884)
2025-09-14 21:58:11,469 - INFO - 
=== Training Example 58/150: /home/projects/bagon/shared/imagenet512/val/n07615774/ILSVRC2012_val_00048168.JPEG ===
2025-09-14 21:58:11,949 - INFO - Example /home/projects/bagon/shared/imagenet512/val/n07615774/ILSVRC2012_val_00048168.JPEG reached epsilon at step 6, loss sum: 5.6497, final loss: 0.00012875, weight distance: 0.0047
2025-09-14 21:58:11,953 - INFO - Example 58 completed: 6 steps, loss sum: 5.6497, final loss: 0.00012875, weight distance: 0.0047 (universal rank: 26976)
2025-09-14 21:58:11,953 - INFO - 
=== Training Example 59/150: /home/projects/bagon/shared/imagenet512/val/n02093859/ILSVRC2012_val_00007109.JPEG ===
2025-09-14 21:58:12,432 - INFO - Example /home/projects/bagon/shared/imagenet512/val/n02093859/ILSVRC2012_val_00007109.JPEG reached epsilon at step 6, loss sum: 1.6554, final loss: 0.00088501, weight distance: 0.0038
2025-09-14 21:58:12,436 - INFO - Example 59 completed: 6 steps, loss sum: 1.6554, final loss: 0.00088501, weight distance: 0.0038 (universal rank: 27039)
2025-09-14 21:58:12,436 - INFO - 
=== Training Example 60/150: /home/projects/bagon/shared/imagenet512/val/n04332243/ILSVRC2012_val_00002981.JPEG ===
2025-09-14 21:58:12,840 - INFO - Example /home/projects/bagon/shared/imagenet512/val/n04332243/ILSVRC2012_val_00002981.JPEG reached epsilon at step 5, loss sum: 2.3258, final loss: 0.00026703, weight distance: 0.0038
2025-09-14 21:58:12,844 - INFO - Example 60 completed: 5 steps, loss sum: 2.3258, final loss: 0.00026703, weight distance: 0.0038 (universal rank: 27180)
2025-09-14 21:58:12,844 - INFO - 
=== Training Example 61/150: /home/projects/bagon/shared/imagenet512/val/n03240683/ILSVRC2012_val_00025593.JPEG ===
2025-09-14 21:58:13,326 - INFO - Example /home/projects/bagon/shared/imagenet512/val/n03240683/ILSVRC2012_val_00025593.JPEG reached epsilon at step 6, loss sum: 3.3300, final loss: 0.00054169, weight distance: 0.0039
2025-09-14 21:58:13,330 - INFO - Example 61 completed: 6 steps, loss sum: 3.3300, final loss: 0.00054169, weight distance: 0.0039 (universal rank: 27227)
2025-09-14 21:58:13,330 - INFO - 
=== Training Example 62/150: /home/projects/bagon/shared/imagenet512/val/n03325584/ILSVRC2012_val_00042499.JPEG ===
2025-09-14 21:58:13,742 - INFO - Example /home/projects/bagon/shared/imagenet512/val/n03325584/ILSVRC2012_val_00042499.JPEG reached epsilon at step 5, loss sum: 0.4333, final loss: 0.00052261, weight distance: 0.0039
2025-09-14 21:58:13,747 - INFO - Example 62 completed: 5 steps, loss sum: 0.4333, final loss: 0.00052261, weight distance: 0.0039 (universal rank: 27322)
2025-09-14 21:58:13,747 - INFO - 
=== Training Example 63/150: /home/projects/bagon/shared/imagenet512/val/n04479046/ILSVRC2012_val_00004811.JPEG ===
2025-09-14 21:58:14,153 - INFO - Example /home/projects/bagon/shared/imagenet512/val/n04479046/ILSVRC2012_val_00004811.JPEG reached epsilon at step 5, loss sum: 3.9603, final loss: 0.00083542, weight distance: 0.0043
2025-09-14 21:58:14,158 - INFO - Example 63 completed: 5 steps, loss sum: 3.9603, final loss: 0.00083542, weight distance: 0.0043 (universal rank: 27466)
2025-09-14 21:58:14,158 - INFO - 
=== Training Example 64/150: /home/projects/bagon/shared/imagenet512/val/n03047690/ILSVRC2012_val_00043423.JPEG ===
2025-09-14 21:58:14,532 - INFO - Example /home/projects/bagon/shared/imagenet512/val/n03047690/ILSVRC2012_val_00043423.JPEG reached epsilon at step 4, loss sum: 1.3579, final loss: 0.00029373, weight distance: 0.0033
2025-09-14 21:58:14,535 - INFO - Example 64 completed: 4 steps, loss sum: 1.3579, final loss: 0.00029373, weight distance: 0.0033 (universal rank: 27542)
2025-09-14 21:58:14,535 - INFO - 
=== Training Example 65/150: /home/projects/bagon/shared/imagenet512/val/n01985128/ILSVRC2012_val_00011978.JPEG ===
2025-09-14 21:58:15,075 - INFO - Example /home/projects/bagon/shared/imagenet512/val/n01985128/ILSVRC2012_val_00011978.JPEG reached epsilon at step 7, loss sum: 15.2282, final loss: 0.00095749, weight distance: 0.0055
2025-09-14 21:58:15,078 - INFO - Example 65 completed: 7 steps, loss sum: 15.2282, final loss: 0.00095749, weight distance: 0.0055 (universal rank: 27634)
2025-09-14 21:58:15,078 - INFO - 
=== Training Example 66/150: /home/projects/bagon/shared/imagenet512/val/n06596364/ILSVRC2012_val_00011285.JPEG ===
2025-09-14 21:58:15,488 - INFO - Example /home/projects/bagon/shared/imagenet512/val/n06596364/ILSVRC2012_val_00011285.JPEG reached epsilon at step 5, loss sum: 3.1591, final loss: 0.00047302, weight distance: 0.0042
2025-09-14 21:58:15,491 - INFO - Example 66 completed: 5 steps, loss sum: 3.1591, final loss: 0.00047302, weight distance: 0.0042 (universal rank: 27747)
2025-09-14 21:58:15,491 - INFO - 
=== Training Example 67/150: /home/projects/bagon/shared/imagenet512/val/n02480495/ILSVRC2012_val_00035901.JPEG ===
2025-09-14 21:58:15,750 - INFO - Example /home/projects/bagon/shared/imagenet512/val/n02480495/ILSVRC2012_val_00035901.JPEG reached epsilon at step 3, loss sum: 0.2190, final loss: 0.00031853, weight distance: 0.0027
2025-09-14 21:58:15,754 - INFO - Example 67 completed: 3 steps, loss sum: 0.2190, final loss: 0.00031853, weight distance: 0.0027 (universal rank: 27813)
2025-09-14 21:58:15,754 - INFO - 
=== Training Example 68/150: /home/projects/bagon/shared/imagenet512/val/n01829413/ILSVRC2012_val_00035542.JPEG ===
2025-09-14 21:58:16,086 - INFO - Example /home/projects/bagon/shared/imagenet512/val/n01829413/ILSVRC2012_val_00035542.JPEG reached epsilon at step 4, loss sum: 1.5072, final loss: 0.00044060, weight distance: 0.0036
2025-09-14 21:58:16,089 - INFO - Example 68 completed: 4 steps, loss sum: 1.5072, final loss: 0.00044060, weight distance: 0.0036 (universal rank: 27977)
2025-09-14 21:58:16,089 - INFO - 
=== Training Example 69/150: /home/projects/bagon/shared/imagenet512/val/n03584254/ILSVRC2012_val_00010685.JPEG ===
2025-09-14 21:58:16,425 - INFO - Example /home/projects/bagon/shared/imagenet512/val/n03584254/ILSVRC2012_val_00010685.JPEG reached epsilon at step 4, loss sum: 0.8456, final loss: 0.00081635, weight distance: 0.0031
2025-09-14 21:58:16,428 - INFO - Example 69 completed: 4 steps, loss sum: 0.8456, final loss: 0.00081635, weight distance: 0.0031 (universal rank: 28082)
2025-09-14 21:58:16,428 - INFO - 
=== Training Example 70/150: /home/projects/bagon/shared/imagenet512/val/n04542943/ILSVRC2012_val_00007336.JPEG ===
2025-09-14 21:58:16,761 - INFO - Example /home/projects/bagon/shared/imagenet512/val/n04542943/ILSVRC2012_val_00007336.JPEG reached epsilon at step 4, loss sum: 1.6006, final loss: 0.00031471, weight distance: 0.0036
2025-09-14 21:58:16,764 - INFO - Example 70 completed: 4 steps, loss sum: 1.6006, final loss: 0.00031471, weight distance: 0.0036 (universal rank: 28195)
2025-09-14 21:58:16,764 - INFO - 
=== Training Example 71/150: /home/projects/bagon/shared/imagenet512/val/n04136333/ILSVRC2012_val_00039828.JPEG ===
2025-09-14 21:58:17,240 - INFO - Example /home/projects/bagon/shared/imagenet512/val/n04136333/ILSVRC2012_val_00039828.JPEG reached epsilon at step 6, loss sum: 3.8268, final loss: 0.00066376, weight distance: 0.0042
2025-09-14 21:58:17,243 - INFO - Example 71 completed: 6 steps, loss sum: 3.8268, final loss: 0.00066376, weight distance: 0.0042 (universal rank: 28277)
2025-09-14 21:58:17,244 - INFO - 
=== Training Example 72/150: /home/projects/bagon/shared/imagenet512/val/n04517823/ILSVRC2012_val_00021621.JPEG ===
2025-09-14 21:58:17,993 - INFO - Example /home/projects/bagon/shared/imagenet512/val/n04517823/ILSVRC2012_val_00021621.JPEG reached epsilon at step 10, loss sum: 8.8912, final loss: 0.00075531, weight distance: 0.0059
2025-09-14 21:58:17,996 - INFO - Example 72 completed: 10 steps, loss sum: 8.8912, final loss: 0.00075531, weight distance: 0.0059 (universal rank: 28366)
2025-09-14 21:58:17,996 - INFO - 
=== Training Example 73/150: /home/projects/bagon/shared/imagenet512/val/n04192698/ILSVRC2012_val_00006435.JPEG ===
2025-09-14 21:58:18,404 - INFO - Example /home/projects/bagon/shared/imagenet512/val/n04192698/ILSVRC2012_val_00006435.JPEG reached epsilon at step 5, loss sum: 1.8442, final loss: 0.00031281, weight distance: 0.0032
2025-09-14 21:58:18,407 - INFO - Example 73 completed: 5 steps, loss sum: 1.8442, final loss: 0.00031281, weight distance: 0.0032 (universal rank: 28495)
2025-09-14 21:58:18,407 - INFO - 
=== Training Example 74/150: /home/projects/bagon/shared/imagenet512/val/n04040759/ILSVRC2012_val_00046737.JPEG ===
2025-09-14 21:58:18,744 - INFO - Example /home/projects/bagon/shared/imagenet512/val/n04040759/ILSVRC2012_val_00046737.JPEG reached epsilon at step 4, loss sum: 3.4761, final loss: 0.00091553, weight distance: 0.0034
2025-09-14 21:58:18,747 - INFO - Example 74 completed: 4 steps, loss sum: 3.4761, final loss: 0.00091553, weight distance: 0.0034 (universal rank: 28523)
2025-09-14 21:58:18,747 - INFO - 
=== Training Example 75/150: /home/projects/bagon/shared/imagenet512/val/n02823428/ILSVRC2012_val_00003622.JPEG ===
2025-09-14 21:58:19,103 - INFO - Example /home/projects/bagon/shared/imagenet512/val/n02823428/ILSVRC2012_val_00003622.JPEG reached epsilon at step 4, loss sum: 0.3811, final loss: 0.00063705, weight distance: 0.0032
2025-09-14 21:58:19,107 - INFO - Example 75 completed: 4 steps, loss sum: 0.3811, final loss: 0.00063705, weight distance: 0.0032 (universal rank: 28617)
2025-09-14 21:58:19,107 - INFO - 
=== Training Example 76/150: /home/projects/bagon/shared/imagenet512/val/n03218198/ILSVRC2012_val_00042495.JPEG ===
2025-09-14 21:58:19,452 - INFO - Example /home/projects/bagon/shared/imagenet512/val/n03218198/ILSVRC2012_val_00042495.JPEG reached epsilon at step 4, loss sum: 3.6077, final loss: 0.00059509, weight distance: 0.0034
2025-09-14 21:58:19,455 - INFO - Example 76 completed: 4 steps, loss sum: 3.6077, final loss: 0.00059509, weight distance: 0.0034 (universal rank: 28786)
2025-09-14 21:58:19,455 - INFO - 
=== Training Example 77/150: /home/projects/bagon/shared/imagenet512/val/n03777754/ILSVRC2012_val_00006412.JPEG ===
2025-09-14 21:58:19,925 - INFO - Example /home/projects/bagon/shared/imagenet512/val/n03777754/ILSVRC2012_val_00006412.JPEG reached epsilon at step 6, loss sum: 4.5206, final loss: 0.00096512, weight distance: 0.0037
2025-09-14 21:58:19,928 - INFO - Example 77 completed: 6 steps, loss sum: 4.5206, final loss: 0.00096512, weight distance: 0.0037 (universal rank: 28854)
2025-09-14 21:58:19,928 - INFO - 
=== Training Example 78/150: /home/projects/bagon/shared/imagenet512/val/n03887697/ILSVRC2012_val_00009790.JPEG ===
2025-09-14 21:58:20,263 - INFO - Example /home/projects/bagon/shared/imagenet512/val/n03887697/ILSVRC2012_val_00009790.JPEG reached epsilon at step 4, loss sum: 0.6611, final loss: 0.00073242, weight distance: 0.0027
2025-09-14 21:58:20,266 - INFO - Example 78 completed: 4 steps, loss sum: 0.6611, final loss: 0.00073242, weight distance: 0.0027 (universal rank: 28909)
2025-09-14 21:58:20,266 - INFO - 
=== Training Example 79/150: /home/projects/bagon/shared/imagenet512/val/n02892201/ILSVRC2012_val_00016139.JPEG ===
2025-09-14 21:58:20,676 - INFO - Example /home/projects/bagon/shared/imagenet512/val/n02892201/ILSVRC2012_val_00016139.JPEG reached epsilon at step 5, loss sum: 4.9032, final loss: 0.00035667, weight distance: 0.0040
2025-09-14 21:58:20,679 - INFO - Example 79 completed: 5 steps, loss sum: 4.9032, final loss: 0.00035667, weight distance: 0.0040 (universal rank: 29028)
2025-09-14 21:58:20,679 - INFO - 
=== Training Example 80/150: /home/projects/bagon/shared/imagenet512/val/n03838899/ILSVRC2012_val_00041560.JPEG ===
2025-09-14 21:58:21,088 - INFO - Example /home/projects/bagon/shared/imagenet512/val/n03838899/ILSVRC2012_val_00041560.JPEG reached epsilon at step 5, loss sum: 1.2136, final loss: 0.00073624, weight distance: 0.0042
2025-09-14 21:58:21,091 - INFO - Example 80 completed: 5 steps, loss sum: 1.2136, final loss: 0.00073624, weight distance: 0.0042 (universal rank: 29160)
2025-09-14 21:58:21,091 - INFO - 
=== Training Example 81/150: /home/projects/bagon/shared/imagenet512/val/n02115913/ILSVRC2012_val_00008729.JPEG ===
2025-09-14 21:58:21,432 - INFO - Example /home/projects/bagon/shared/imagenet512/val/n02115913/ILSVRC2012_val_00008729.JPEG reached epsilon at step 4, loss sum: 1.8984, final loss: 0.00070190, weight distance: 0.0035
2025-09-14 21:58:21,436 - INFO - Example 81 completed: 4 steps, loss sum: 1.8984, final loss: 0.00070190, weight distance: 0.0035 (universal rank: 29212)
2025-09-14 21:58:21,436 - INFO - 
=== Training Example 82/150: /home/projects/bagon/shared/imagenet512/val/n03141823/ILSVRC2012_val_00046824.JPEG ===
2025-09-14 21:58:21,842 - INFO - Example /home/projects/bagon/shared/imagenet512/val/n03141823/ILSVRC2012_val_00046824.JPEG reached epsilon at step 5, loss sum: 2.6517, final loss: 0.00025368, weight distance: 0.0040
2025-09-14 21:58:21,846 - INFO - Example 82 completed: 5 steps, loss sum: 2.6517, final loss: 0.00025368, weight distance: 0.0040 (universal rank: 29339)
2025-09-14 21:58:21,846 - INFO - 
=== Training Example 83/150: /home/projects/bagon/shared/imagenet512/val/n02276258/ILSVRC2012_val_00015025.JPEG ===
2025-09-14 21:58:22,252 - INFO - Example /home/projects/bagon/shared/imagenet512/val/n02276258/ILSVRC2012_val_00015025.JPEG reached epsilon at step 5, loss sum: 8.9553, final loss: 0.00066376, weight distance: 0.0040
2025-09-14 21:58:22,255 - INFO - Example 83 completed: 5 steps, loss sum: 8.9553, final loss: 0.00066376, weight distance: 0.0040 (universal rank: 29431)
2025-09-14 21:58:22,255 - INFO - 
=== Training Example 84/150: /home/projects/bagon/shared/imagenet512/val/n04004767/ILSVRC2012_val_00021479.JPEG ===
2025-09-14 21:58:22,662 - INFO - Example /home/projects/bagon/shared/imagenet512/val/n04004767/ILSVRC2012_val_00021479.JPEG reached epsilon at step 5, loss sum: 2.2112, final loss: 0.00073242, weight distance: 0.0038
2025-09-14 21:58:22,665 - INFO - Example 84 completed: 5 steps, loss sum: 2.2112, final loss: 0.00073242, weight distance: 0.0038 (universal rank: 29563)
2025-09-14 21:58:22,665 - INFO - 
=== Training Example 85/150: /home/projects/bagon/shared/imagenet512/val/n03250847/ILSVRC2012_val_00018610.JPEG ===
2025-09-14 21:58:23,068 - INFO - Example /home/projects/bagon/shared/imagenet512/val/n03250847/ILSVRC2012_val_00018610.JPEG reached epsilon at step 5, loss sum: 1.5512, final loss: 0.00020981, weight distance: 0.0038
2025-09-14 21:58:23,071 - INFO - Example 85 completed: 5 steps, loss sum: 1.5512, final loss: 0.00020981, weight distance: 0.0038 (universal rank: 29661)
2025-09-14 21:58:23,071 - INFO - 
=== Training Example 86/150: /home/projects/bagon/shared/imagenet512/val/n02504458/ILSVRC2012_val_00033861.JPEG ===
2025-09-14 21:58:23,485 - INFO - Example /home/projects/bagon/shared/imagenet512/val/n02504458/ILSVRC2012_val_00033861.JPEG reached epsilon at step 5, loss sum: 1.2231, final loss: 0.00067139, weight distance: 0.0037
2025-09-14 21:58:23,489 - INFO - Example 86 completed: 5 steps, loss sum: 1.2231, final loss: 0.00067139, weight distance: 0.0037 (universal rank: 29739)
2025-09-14 21:58:23,489 - INFO - 
=== Training Example 87/150: /home/projects/bagon/shared/imagenet512/val/n01630670/ILSVRC2012_val_00016183.JPEG ===
2025-09-14 21:58:23,889 - INFO - Example /home/projects/bagon/shared/imagenet512/val/n01630670/ILSVRC2012_val_00016183.JPEG reached epsilon at step 5, loss sum: 5.1802, final loss: 0.00058746, weight distance: 0.0040
2025-09-14 21:58:23,892 - INFO - Example 87 completed: 5 steps, loss sum: 5.1802, final loss: 0.00058746, weight distance: 0.0040 (universal rank: 29830)
2025-09-14 21:58:23,892 - INFO - 
=== Training Example 88/150: /home/projects/bagon/shared/imagenet512/val/n02786058/ILSVRC2012_val_00010473.JPEG ===
2025-09-14 21:58:24,369 - INFO - Example /home/projects/bagon/shared/imagenet512/val/n02786058/ILSVRC2012_val_00010473.JPEG reached epsilon at step 6, loss sum: 4.7535, final loss: 0.00054169, weight distance: 0.0048
2025-09-14 21:58:24,372 - INFO - Example 88 completed: 6 steps, loss sum: 4.7535, final loss: 0.00054169, weight distance: 0.0048 (universal rank: 29962)
2025-09-14 21:58:24,372 - INFO - 
=== Training Example 89/150: /home/projects/bagon/shared/imagenet512/val/n02106030/ILSVRC2012_val_00036543.JPEG ===
2025-09-14 21:58:24,986 - INFO - Example /home/projects/bagon/shared/imagenet512/val/n02106030/ILSVRC2012_val_00036543.JPEG reached epsilon at step 8, loss sum: 4.4437, final loss: 0.00051117, weight distance: 0.0044
2025-09-14 21:58:24,989 - INFO - Example 89 completed: 8 steps, loss sum: 4.4437, final loss: 0.00051117, weight distance: 0.0044 (universal rank: 30059)
2025-09-14 21:58:24,989 - INFO - 
=== Training Example 90/150: /home/projects/bagon/shared/imagenet512/val/n04136333/ILSVRC2012_val_00038278.JPEG ===
2025-09-14 21:58:25,334 - INFO - Example /home/projects/bagon/shared/imagenet512/val/n04136333/ILSVRC2012_val_00038278.JPEG reached epsilon at step 4, loss sum: 0.7676, final loss: 0.00034714, weight distance: 0.0035
2025-09-14 21:58:25,338 - INFO - Example 90 completed: 4 steps, loss sum: 0.7676, final loss: 0.00034714, weight distance: 0.0035 (universal rank: 30196)
2025-09-14 21:58:25,338 - INFO - 
=== Training Example 91/150: /home/projects/bagon/shared/imagenet512/val/n01532829/ILSVRC2012_val_00029709.JPEG ===
2025-09-14 21:58:25,961 - INFO - Example /home/projects/bagon/shared/imagenet512/val/n01532829/ILSVRC2012_val_00029709.JPEG reached epsilon at step 8, loss sum: 5.1009, final loss: 0.00057983, weight distance: 0.0048
2025-09-14 21:58:25,964 - INFO - Example 91 completed: 8 steps, loss sum: 5.1009, final loss: 0.00057983, weight distance: 0.0048 (universal rank: 30233)
2025-09-14 21:58:25,964 - INFO - 
=== Training Example 92/150: /home/projects/bagon/shared/imagenet512/val/n03447447/ILSVRC2012_val_00034216.JPEG ===
2025-09-14 21:58:26,361 - INFO - Example /home/projects/bagon/shared/imagenet512/val/n03447447/ILSVRC2012_val_00034216.JPEG reached epsilon at step 4, loss sum: 2.1776, final loss: 0.00034142, weight distance: 0.0035
2025-09-14 21:58:26,365 - INFO - Example 92 completed: 4 steps, loss sum: 2.1776, final loss: 0.00034142, weight distance: 0.0035 (universal rank: 30313)
2025-09-14 21:58:26,365 - INFO - 
=== Training Example 93/150: /home/projects/bagon/shared/imagenet512/val/n02096437/ILSVRC2012_val_00005365.JPEG ===
2025-09-14 21:58:26,634 - INFO - Example /home/projects/bagon/shared/imagenet512/val/n02096437/ILSVRC2012_val_00005365.JPEG reached epsilon at step 3, loss sum: 0.6480, final loss: 0.00038147, weight distance: 0.0027
2025-09-14 21:58:26,637 - INFO - Example 93 completed: 3 steps, loss sum: 0.6480, final loss: 0.00038147, weight distance: 0.0027 (universal rank: 30490)
2025-09-14 21:58:26,637 - INFO - 
=== Training Example 94/150: /home/projects/bagon/shared/imagenet512/val/n04162706/ILSVRC2012_val_00036349.JPEG ===
2025-09-14 21:58:26,966 - INFO - Example /home/projects/bagon/shared/imagenet512/val/n04162706/ILSVRC2012_val_00036349.JPEG reached epsilon at step 4, loss sum: 0.0949, final loss: 0.00062180, weight distance: 0.0029
2025-09-14 21:58:26,970 - INFO - Example 94 completed: 4 steps, loss sum: 0.0949, final loss: 0.00062180, weight distance: 0.0029 (universal rank: 30551)
2025-09-14 21:58:26,970 - INFO - 
=== Training Example 95/150: /home/projects/bagon/shared/imagenet512/val/n02085782/ILSVRC2012_val_00028706.JPEG ===
2025-09-14 21:58:27,513 - INFO - Example /home/projects/bagon/shared/imagenet512/val/n02085782/ILSVRC2012_val_00028706.JPEG reached epsilon at step 7, loss sum: 4.2479, final loss: 0.00072098, weight distance: 0.0047
2025-09-14 21:58:27,516 - INFO - Example 95 completed: 7 steps, loss sum: 4.2479, final loss: 0.00072098, weight distance: 0.0047 (universal rank: 30677)
2025-09-14 21:58:27,516 - INFO - 
=== Training Example 96/150: /home/projects/bagon/shared/imagenet512/val/n02099267/ILSVRC2012_val_00040660.JPEG ===
2025-09-14 21:58:27,988 - INFO - Example /home/projects/bagon/shared/imagenet512/val/n02099267/ILSVRC2012_val_00040660.JPEG reached epsilon at step 6, loss sum: 2.3910, final loss: 0.00048256, weight distance: 0.0041
2025-09-14 21:58:27,991 - INFO - Example 96 completed: 6 steps, loss sum: 2.3910, final loss: 0.00048256, weight distance: 0.0041 (universal rank: 30714)
2025-09-14 21:58:27,992 - INFO - 
=== Training Example 97/150: /home/projects/bagon/shared/imagenet512/val/n01630670/ILSVRC2012_val_00047713.JPEG ===
2025-09-14 21:58:28,404 - INFO - Example /home/projects/bagon/shared/imagenet512/val/n01630670/ILSVRC2012_val_00047713.JPEG reached epsilon at step 5, loss sum: 5.0863, final loss: 0.00074005, weight distance: 0.0035
2025-09-14 21:58:28,407 - INFO - Example 97 completed: 5 steps, loss sum: 5.0863, final loss: 0.00074005, weight distance: 0.0035 (universal rank: 30846)
2025-09-14 21:58:28,407 - INFO - 
=== Training Example 98/150: /home/projects/bagon/shared/imagenet512/val/n02165456/ILSVRC2012_val_00038463.JPEG ===
2025-09-14 21:58:28,952 - INFO - Example /home/projects/bagon/shared/imagenet512/val/n02165456/ILSVRC2012_val_00038463.JPEG reached epsilon at step 7, loss sum: 3.3360, final loss: 0.00040817, weight distance: 0.0048
2025-09-14 21:58:28,955 - INFO - Example 98 completed: 7 steps, loss sum: 3.3360, final loss: 0.00040817, weight distance: 0.0048 (universal rank: 30981)
2025-09-14 21:58:28,956 - INFO - 
=== Training Example 99/150: /home/projects/bagon/shared/imagenet512/val/n03250847/ILSVRC2012_val_00012319.JPEG ===
2025-09-14 21:58:29,425 - INFO - Example /home/projects/bagon/shared/imagenet512/val/n03250847/ILSVRC2012_val_00012319.JPEG reached epsilon at step 6, loss sum: 4.6271, final loss: 0.00076675, weight distance: 0.0043
2025-09-14 21:58:29,429 - INFO - Example 99 completed: 6 steps, loss sum: 4.6271, final loss: 0.00076675, weight distance: 0.0043 (universal rank: 31072)
2025-09-14 21:58:29,429 - INFO - 
=== Training Example 100/150: /home/projects/bagon/shared/imagenet512/val/n03424325/ILSVRC2012_val_00047935.JPEG ===
2025-09-14 21:58:30,039 - INFO - Example /home/projects/bagon/shared/imagenet512/val/n03424325/ILSVRC2012_val_00047935.JPEG reached epsilon at step 8, loss sum: 8.1837, final loss: 0.00032043, weight distance: 0.0056
2025-09-14 21:58:30,042 - INFO - Example 100 completed: 8 steps, loss sum: 8.1837, final loss: 0.00032043, weight distance: 0.0056 (universal rank: 31151)
2025-09-14 21:58:30,042 - INFO - 
=== Training Example 101/150: /home/projects/bagon/shared/imagenet512/val/n03594734/ILSVRC2012_val_00009959.JPEG ===
2025-09-14 21:58:30,443 - INFO - Example /home/projects/bagon/shared/imagenet512/val/n03594734/ILSVRC2012_val_00009959.JPEG reached epsilon at step 5, loss sum: 1.8417, final loss: 0.00054550, weight distance: 0.0042
2025-09-14 21:58:30,446 - INFO - Example 101 completed: 5 steps, loss sum: 1.8417, final loss: 0.00054550, weight distance: 0.0042 (universal rank: 31284)
2025-09-14 21:58:30,446 - INFO - 
=== Training Example 102/150: /home/projects/bagon/shared/imagenet512/val/n03770439/ILSVRC2012_val_00002702.JPEG ===
2025-09-14 21:58:30,998 - INFO - Example /home/projects/bagon/shared/imagenet512/val/n03770439/ILSVRC2012_val_00002702.JPEG reached epsilon at step 7, loss sum: 3.6730, final loss: 0.00066376, weight distance: 0.0057
2025-09-14 21:58:31,001 - INFO - Example 102 completed: 7 steps, loss sum: 3.6730, final loss: 0.00066376, weight distance: 0.0057 (universal rank: 31379)
2025-09-14 21:58:31,001 - INFO - 
=== Training Example 103/150: /home/projects/bagon/shared/imagenet512/val/n04127249/ILSVRC2012_val_00030687.JPEG ===
2025-09-14 21:58:31,681 - INFO - Example /home/projects/bagon/shared/imagenet512/val/n04127249/ILSVRC2012_val_00030687.JPEG reached epsilon at step 5, loss sum: 2.8313, final loss: 0.00024223, weight distance: 0.0041
2025-09-14 21:58:31,685 - INFO - Example 103 completed: 5 steps, loss sum: 2.8313, final loss: 0.00024223, weight distance: 0.0041 (universal rank: 31429)
2025-09-14 21:58:31,685 - INFO - 
=== Training Example 104/150: /home/projects/bagon/shared/imagenet512/val/n01819313/ILSVRC2012_val_00020514.JPEG ===
2025-09-14 21:58:32,295 - INFO - Example /home/projects/bagon/shared/imagenet512/val/n01819313/ILSVRC2012_val_00020514.JPEG reached epsilon at step 6, loss sum: 5.3237, final loss: 0.00040245, weight distance: 0.0049
2025-09-14 21:58:32,298 - INFO - Example 104 completed: 6 steps, loss sum: 5.3237, final loss: 0.00040245, weight distance: 0.0049 (universal rank: 31577)
2025-09-14 21:58:32,299 - INFO - 
=== Training Example 105/150: /home/projects/bagon/shared/imagenet512/val/n04536866/ILSVRC2012_val_00002201.JPEG ===
2025-09-14 21:58:32,708 - INFO - Example /home/projects/bagon/shared/imagenet512/val/n04536866/ILSVRC2012_val_00002201.JPEG reached epsilon at step 5, loss sum: 3.7432, final loss: 0.00069427, weight distance: 0.0041
2025-09-14 21:58:32,711 - INFO - Example 105 completed: 5 steps, loss sum: 3.7432, final loss: 0.00069427, weight distance: 0.0041 (universal rank: 31633)
2025-09-14 21:58:32,711 - INFO - 
=== Training Example 106/150: /home/projects/bagon/shared/imagenet512/val/n03481172/ILSVRC2012_val_00024402.JPEG ===
2025-09-14 21:58:33,184 - INFO - Example /home/projects/bagon/shared/imagenet512/val/n03481172/ILSVRC2012_val_00024402.JPEG reached epsilon at step 6, loss sum: 2.3957, final loss: 0.00061798, weight distance: 0.0040
2025-09-14 21:58:33,187 - INFO - Example 106 completed: 6 steps, loss sum: 2.3957, final loss: 0.00061798, weight distance: 0.0040 (universal rank: 31732)
2025-09-14 21:58:33,187 - INFO - 
=== Training Example 107/150: /home/projects/bagon/shared/imagenet512/val/n03485407/ILSVRC2012_val_00025149.JPEG ===
2025-09-14 21:58:33,539 - INFO - Example /home/projects/bagon/shared/imagenet512/val/n03485407/ILSVRC2012_val_00025149.JPEG reached epsilon at step 4, loss sum: 0.5853, final loss: 0.00084305, weight distance: 0.0033
2025-09-14 21:58:33,543 - INFO - Example 107 completed: 4 steps, loss sum: 0.5853, final loss: 0.00084305, weight distance: 0.0033 (universal rank: 31865)
2025-09-14 21:58:33,543 - INFO - 
=== Training Example 108/150: /home/projects/bagon/shared/imagenet512/val/n03706229/ILSVRC2012_val_00049888.JPEG ===
2025-09-14 21:58:33,949 - INFO - Example /home/projects/bagon/shared/imagenet512/val/n03706229/ILSVRC2012_val_00049888.JPEG reached epsilon at step 5, loss sum: 4.7832, final loss: 0.00036430, weight distance: 0.0041
2025-09-14 21:58:33,952 - INFO - Example 108 completed: 5 steps, loss sum: 4.7832, final loss: 0.00036430, weight distance: 0.0041 (universal rank: 31963)
2025-09-14 21:58:33,952 - INFO - 
=== Training Example 109/150: /home/projects/bagon/shared/imagenet512/val/n04023962/ILSVRC2012_val_00007919.JPEG ===
2025-09-14 21:58:34,429 - INFO - Example /home/projects/bagon/shared/imagenet512/val/n04023962/ILSVRC2012_val_00007919.JPEG reached epsilon at step 6, loss sum: 4.2319, final loss: 0.00052643, weight distance: 0.0046
2025-09-14 21:58:34,432 - INFO - Example 109 completed: 6 steps, loss sum: 4.2319, final loss: 0.00052643, weight distance: 0.0046 (universal rank: 32009)
2025-09-14 21:58:34,432 - INFO - 
=== Training Example 110/150: /home/projects/bagon/shared/imagenet512/val/n02090379/ILSVRC2012_val_00023155.JPEG ===
2025-09-14 21:58:34,907 - INFO - Example /home/projects/bagon/shared/imagenet512/val/n02090379/ILSVRC2012_val_00023155.JPEG reached epsilon at step 6, loss sum: 1.6990, final loss: 0.00048065, weight distance: 0.0048
2025-09-14 21:58:34,910 - INFO - Example 110 completed: 6 steps, loss sum: 1.6990, final loss: 0.00048065, weight distance: 0.0048 (universal rank: 32191)
2025-09-14 21:58:34,910 - INFO - 
=== Training Example 111/150: /home/projects/bagon/shared/imagenet512/val/n04149813/ILSVRC2012_val_00030627.JPEG ===
2025-09-14 21:58:35,245 - INFO - Example /home/projects/bagon/shared/imagenet512/val/n04149813/ILSVRC2012_val_00030627.JPEG reached epsilon at step 4, loss sum: 2.7133, final loss: 0.00028229, weight distance: 0.0033
2025-09-14 21:58:35,248 - INFO - Example 111 completed: 4 steps, loss sum: 2.7133, final loss: 0.00028229, weight distance: 0.0033 (universal rank: 32220)
2025-09-14 21:58:35,248 - INFO - 
=== Training Example 112/150: /home/projects/bagon/shared/imagenet512/val/n02085936/ILSVRC2012_val_00030135.JPEG ===
2025-09-14 21:58:36,212 - INFO - Example /home/projects/bagon/shared/imagenet512/val/n02085936/ILSVRC2012_val_00030135.JPEG reached epsilon at step 13, loss sum: 3.1153, final loss: 0.00061417, weight distance: 0.0067
2025-09-14 21:58:36,216 - INFO - Example 112 completed: 13 steps, loss sum: 3.1153, final loss: 0.00061417, weight distance: 0.0067 (universal rank: 32368)
2025-09-14 21:58:36,216 - INFO - 
=== Training Example 113/150: /home/projects/bagon/shared/imagenet512/val/n03877845/ILSVRC2012_val_00018403.JPEG ===
2025-09-14 21:58:36,549 - INFO - Example /home/projects/bagon/shared/imagenet512/val/n03877845/ILSVRC2012_val_00018403.JPEG reached epsilon at step 4, loss sum: 0.6749, final loss: 0.00048637, weight distance: 0.0035
2025-09-14 21:58:36,552 - INFO - Example 113 completed: 4 steps, loss sum: 0.6749, final loss: 0.00048637, weight distance: 0.0035 (universal rank: 32415)
2025-09-14 21:58:36,552 - INFO - 
=== Training Example 114/150: /home/projects/bagon/shared/imagenet512/val/n03590841/ILSVRC2012_val_00027638.JPEG ===
2025-09-14 21:58:36,886 - INFO - Example /home/projects/bagon/shared/imagenet512/val/n03590841/ILSVRC2012_val_00027638.JPEG reached epsilon at step 4, loss sum: 1.9051, final loss: 0.00082779, weight distance: 0.0037
2025-09-14 21:58:36,889 - INFO - Example 114 completed: 4 steps, loss sum: 1.9051, final loss: 0.00082779, weight distance: 0.0037 (universal rank: 32577)
2025-09-14 21:58:36,889 - INFO - 
=== Training Example 115/150: /home/projects/bagon/shared/imagenet512/val/n03787032/ILSVRC2012_val_00000923.JPEG ===
2025-09-14 21:58:37,297 - INFO - Example /home/projects/bagon/shared/imagenet512/val/n03787032/ILSVRC2012_val_00000923.JPEG reached epsilon at step 5, loss sum: 1.7706, final loss: 0.00070953, weight distance: 0.0035
2025-09-14 21:58:37,300 - INFO - Example 115 completed: 5 steps, loss sum: 1.7706, final loss: 0.00070953, weight distance: 0.0035 (universal rank: 32693)
2025-09-14 21:58:37,301 - INFO - 
=== Training Example 116/150: /home/projects/bagon/shared/imagenet512/val/n04597913/ILSVRC2012_val_00006044.JPEG ===
2025-09-14 21:58:37,708 - INFO - Example /home/projects/bagon/shared/imagenet512/val/n04597913/ILSVRC2012_val_00006044.JPEG reached epsilon at step 5, loss sum: 2.0069, final loss: 0.00019073, weight distance: 0.0039
2025-09-14 21:58:37,711 - INFO - Example 116 completed: 5 steps, loss sum: 2.0069, final loss: 0.00019073, weight distance: 0.0039 (universal rank: 32772)
2025-09-14 21:58:37,711 - INFO - 
=== Training Example 117/150: /home/projects/bagon/shared/imagenet512/val/n04273569/ILSVRC2012_val_00022760.JPEG ===
2025-09-14 21:58:38,116 - INFO - Example /home/projects/bagon/shared/imagenet512/val/n04273569/ILSVRC2012_val_00022760.JPEG reached epsilon at step 5, loss sum: 2.2161, final loss: 0.00067902, weight distance: 0.0042
2025-09-14 21:58:38,119 - INFO - Example 117 completed: 5 steps, loss sum: 2.2161, final loss: 0.00067902, weight distance: 0.0042 (universal rank: 32869)
2025-09-14 21:58:38,120 - INFO - 
=== Training Example 118/150: /home/projects/bagon/shared/imagenet512/val/n03924679/ILSVRC2012_val_00032809.JPEG ===
2025-09-14 21:58:38,455 - INFO - Example /home/projects/bagon/shared/imagenet512/val/n03924679/ILSVRC2012_val_00032809.JPEG reached epsilon at step 4, loss sum: 0.3140, final loss: 0.00057220, weight distance: 0.0030
2025-09-14 21:58:38,458 - INFO - Example 118 completed: 4 steps, loss sum: 0.3140, final loss: 0.00057220, weight distance: 0.0030 (universal rank: 32937)
2025-09-14 21:58:38,458 - INFO - 
=== Training Example 119/150: /home/projects/bagon/shared/imagenet512/val/n03498962/ILSVRC2012_val_00032383.JPEG ===
2025-09-14 21:58:38,796 - INFO - Example /home/projects/bagon/shared/imagenet512/val/n03498962/ILSVRC2012_val_00032383.JPEG reached epsilon at step 4, loss sum: 0.6227, final loss: 0.00060272, weight distance: 0.0035
2025-09-14 21:58:38,799 - INFO - Example 119 completed: 4 steps, loss sum: 0.6227, final loss: 0.00060272, weight distance: 0.0035 (universal rank: 33077)
2025-09-14 21:58:38,799 - INFO - 
=== Training Example 120/150: /home/projects/bagon/shared/imagenet512/val/n09256479/ILSVRC2012_val_00005939.JPEG ===
2025-09-14 21:58:39,273 - INFO - Example /home/projects/bagon/shared/imagenet512/val/n09256479/ILSVRC2012_val_00005939.JPEG reached epsilon at step 6, loss sum: 4.5372, final loss: 0.00042152, weight distance: 0.0031
2025-09-14 21:58:39,277 - INFO - Example 120 completed: 6 steps, loss sum: 4.5372, final loss: 0.00042152, weight distance: 0.0031 (universal rank: 33117)
2025-09-14 21:58:39,277 - INFO - 
=== Training Example 121/150: /home/projects/bagon/shared/imagenet512/val/n02018207/ILSVRC2012_val_00035028.JPEG ===
2025-09-14 21:58:40,024 - INFO - Example /home/projects/bagon/shared/imagenet512/val/n02018207/ILSVRC2012_val_00035028.JPEG reached epsilon at step 10, loss sum: 3.1946, final loss: 0.00025368, weight distance: 0.0053
2025-09-14 21:58:40,027 - INFO - Example 121 completed: 10 steps, loss sum: 3.1946, final loss: 0.00025368, weight distance: 0.0053 (universal rank: 33287)
2025-09-14 21:58:40,027 - INFO - 
=== Training Example 122/150: /home/projects/bagon/shared/imagenet512/val/n03109150/ILSVRC2012_val_00049620.JPEG ===
2025-09-14 21:58:40,429 - INFO - Example /home/projects/bagon/shared/imagenet512/val/n03109150/ILSVRC2012_val_00049620.JPEG reached epsilon at step 5, loss sum: 4.3309, final loss: 0.00025749, weight distance: 0.0040
2025-09-14 21:58:40,433 - INFO - Example 122 completed: 5 steps, loss sum: 4.3309, final loss: 0.00025749, weight distance: 0.0040 (universal rank: 33358)
2025-09-14 21:58:40,433 - INFO - 
=== Training Example 123/150: /home/projects/bagon/shared/imagenet512/val/n02437616/ILSVRC2012_val_00019696.JPEG ===
2025-09-14 21:58:41,113 - INFO - Example /home/projects/bagon/shared/imagenet512/val/n02437616/ILSVRC2012_val_00019696.JPEG reached epsilon at step 9, loss sum: 11.4260, final loss: 0.00021458, weight distance: 0.0054
2025-09-14 21:58:41,116 - INFO - Example 123 completed: 9 steps, loss sum: 11.4260, final loss: 0.00021458, weight distance: 0.0054 (universal rank: 33452)
2025-09-14 21:58:41,116 - INFO - 
=== Training Example 124/150: /home/projects/bagon/shared/imagenet512/val/n03337140/ILSVRC2012_val_00047586.JPEG ===
2025-09-14 21:58:41,587 - INFO - Example /home/projects/bagon/shared/imagenet512/val/n03337140/ILSVRC2012_val_00047586.JPEG reached epsilon at step 6, loss sum: 2.6791, final loss: 0.00051498, weight distance: 0.0043
2025-09-14 21:58:41,591 - INFO - Example 124 completed: 6 steps, loss sum: 2.6791, final loss: 0.00051498, weight distance: 0.0043 (universal rank: 33550)
2025-09-14 21:58:41,591 - INFO - 
=== Training Example 125/150: /home/projects/bagon/shared/imagenet512/val/n02110185/ILSVRC2012_val_00042601.JPEG ===
2025-09-14 21:58:42,408 - INFO - Example /home/projects/bagon/shared/imagenet512/val/n02110185/ILSVRC2012_val_00042601.JPEG reached epsilon at step 11, loss sum: 3.5607, final loss: 0.00087357, weight distance: 0.0053
2025-09-14 21:58:42,411 - INFO - Example 125 completed: 11 steps, loss sum: 3.5607, final loss: 0.00087357, weight distance: 0.0053 (universal rank: 33661)
2025-09-14 21:58:42,411 - INFO - 
=== Training Example 126/150: /home/projects/bagon/shared/imagenet512/val/n02113799/ILSVRC2012_val_00021801.JPEG ===
2025-09-14 21:58:42,955 - INFO - Example /home/projects/bagon/shared/imagenet512/val/n02113799/ILSVRC2012_val_00021801.JPEG reached epsilon at step 7, loss sum: 6.1105, final loss: 0.00075531, weight distance: 0.0037
2025-09-14 21:58:42,958 - INFO - Example 126 completed: 7 steps, loss sum: 6.1105, final loss: 0.00075531, weight distance: 0.0037 (universal rank: 33710)
2025-09-14 21:58:42,958 - INFO - 
=== Training Example 127/150: /home/projects/bagon/shared/imagenet512/val/n03259280/ILSVRC2012_val_00041993.JPEG ===
2025-09-14 21:58:43,433 - INFO - Example /home/projects/bagon/shared/imagenet512/val/n03259280/ILSVRC2012_val_00041993.JPEG reached epsilon at step 6, loss sum: 7.2390, final loss: 0.00044060, weight distance: 0.0050
2025-09-14 21:58:43,436 - INFO - Example 127 completed: 6 steps, loss sum: 7.2390, final loss: 0.00044060, weight distance: 0.0050 (universal rank: 33808)
2025-09-14 21:58:43,436 - INFO - 
=== Training Example 128/150: /home/projects/bagon/shared/imagenet512/val/n03935335/ILSVRC2012_val_00025716.JPEG ===
2025-09-14 21:58:43,844 - INFO - Example /home/projects/bagon/shared/imagenet512/val/n03935335/ILSVRC2012_val_00025716.JPEG reached epsilon at step 5, loss sum: 5.8670, final loss: 0.00061417, weight distance: 0.0040
2025-09-14 21:58:43,847 - INFO - Example 128 completed: 5 steps, loss sum: 5.8670, final loss: 0.00061417, weight distance: 0.0040 (universal rank: 33931)
2025-09-14 21:58:43,847 - INFO - 
=== Training Example 129/150: /home/projects/bagon/shared/imagenet512/val/n02105641/ILSVRC2012_val_00030831.JPEG ===
2025-09-14 21:58:44,108 - INFO - Example /home/projects/bagon/shared/imagenet512/val/n02105641/ILSVRC2012_val_00030831.JPEG reached epsilon at step 3, loss sum: 0.1043, final loss: 0.00071716, weight distance: 0.0026
2025-09-14 21:58:44,112 - INFO - Example 129 completed: 3 steps, loss sum: 0.1043, final loss: 0.00071716, weight distance: 0.0026 (universal rank: 34014)
2025-09-14 21:58:44,112 - INFO - 
=== Training Example 130/150: /home/projects/bagon/shared/imagenet512/val/n02123045/ILSVRC2012_val_00004422.JPEG ===
2025-09-14 21:58:44,913 - INFO - Example /home/projects/bagon/shared/imagenet512/val/n02123045/ILSVRC2012_val_00004422.JPEG reached epsilon at step 10, loss sum: 2.5514, final loss: 0.00071716, weight distance: 0.0057
2025-09-14 21:58:44,917 - INFO - Example 130 completed: 10 steps, loss sum: 2.5514, final loss: 0.00071716, weight distance: 0.0057 (universal rank: 34152)
2025-09-14 21:58:44,917 - INFO - 
=== Training Example 131/150: /home/projects/bagon/shared/imagenet512/val/n03445924/ILSVRC2012_val_00034557.JPEG ===
2025-09-14 21:58:45,446 - INFO - Example /home/projects/bagon/shared/imagenet512/val/n03445924/ILSVRC2012_val_00034557.JPEG reached epsilon at step 5, loss sum: 2.2929, final loss: 0.00040817, weight distance: 0.0041
2025-09-14 21:58:45,449 - INFO - Example 131 completed: 5 steps, loss sum: 2.2929, final loss: 0.00040817, weight distance: 0.0041 (universal rank: 34270)
2025-09-14 21:58:45,450 - INFO - 
=== Training Example 132/150: /home/projects/bagon/shared/imagenet512/val/n03535780/ILSVRC2012_val_00030209.JPEG ===
2025-09-14 21:58:45,928 - INFO - Example /home/projects/bagon/shared/imagenet512/val/n03535780/ILSVRC2012_val_00030209.JPEG reached epsilon at step 6, loss sum: 2.0783, final loss: 0.00026894, weight distance: 0.0042
2025-09-14 21:58:45,931 - INFO - Example 132 completed: 6 steps, loss sum: 2.0783, final loss: 0.00026894, weight distance: 0.0042 (universal rank: 34361)
2025-09-14 21:58:45,932 - INFO - 
=== Training Example 133/150: /home/projects/bagon/shared/imagenet512/val/n01944390/ILSVRC2012_val_00001268.JPEG ===
2025-09-14 21:58:46,265 - INFO - Example /home/projects/bagon/shared/imagenet512/val/n01944390/ILSVRC2012_val_00001268.JPEG reached epsilon at step 4, loss sum: 1.2365, final loss: 0.00086212, weight distance: 0.0031
2025-09-14 21:58:46,268 - INFO - Example 133 completed: 4 steps, loss sum: 1.2365, final loss: 0.00086212, weight distance: 0.0031 (universal rank: 34454)
2025-09-14 21:58:46,268 - INFO - 
=== Training Example 134/150: /home/projects/bagon/shared/imagenet512/val/n04392985/ILSVRC2012_val_00021674.JPEG ===
2025-09-14 21:58:47,017 - INFO - Example /home/projects/bagon/shared/imagenet512/val/n04392985/ILSVRC2012_val_00021674.JPEG reached epsilon at step 10, loss sum: 4.8757, final loss: 0.00094223, weight distance: 0.0059
2025-09-14 21:58:47,021 - INFO - Example 134 completed: 10 steps, loss sum: 4.8757, final loss: 0.00094223, weight distance: 0.0059 (universal rank: 34580)
2025-09-14 21:58:47,021 - INFO - 
=== Training Example 135/150: /home/projects/bagon/shared/imagenet512/val/n02111500/ILSVRC2012_val_00030093.JPEG ===
2025-09-14 21:58:47,351 - INFO - Example /home/projects/bagon/shared/imagenet512/val/n02111500/ILSVRC2012_val_00030093.JPEG reached epsilon at step 4, loss sum: 0.5665, final loss: 0.00051880, weight distance: 0.0034
2025-09-14 21:58:47,355 - INFO - Example 135 completed: 4 steps, loss sum: 0.5665, final loss: 0.00051880, weight distance: 0.0034 (universal rank: 34655)
2025-09-14 21:58:47,355 - INFO - 
=== Training Example 136/150: /home/projects/bagon/shared/imagenet512/val/n02226429/ILSVRC2012_val_00005775.JPEG ===
2025-09-14 21:58:47,761 - INFO - Example /home/projects/bagon/shared/imagenet512/val/n02226429/ILSVRC2012_val_00005775.JPEG reached epsilon at step 5, loss sum: 2.6433, final loss: 0.00077438, weight distance: 0.0041
2025-09-14 21:58:47,764 - INFO - Example 136 completed: 5 steps, loss sum: 2.6433, final loss: 0.00077438, weight distance: 0.0041 (universal rank: 34704)
2025-09-14 21:58:47,765 - INFO - 
=== Training Example 137/150: /home/projects/bagon/shared/imagenet512/val/n04141327/ILSVRC2012_val_00016635.JPEG ===
2025-09-14 21:58:48,315 - INFO - Example /home/projects/bagon/shared/imagenet512/val/n04141327/ILSVRC2012_val_00016635.JPEG reached epsilon at step 7, loss sum: 1.9965, final loss: 0.00049591, weight distance: 0.0044
2025-09-14 21:58:48,318 - INFO - Example 137 completed: 7 steps, loss sum: 1.9965, final loss: 0.00049591, weight distance: 0.0044 (universal rank: 34875)
2025-09-14 21:58:48,318 - INFO - 
=== Training Example 138/150: /home/projects/bagon/shared/imagenet512/val/n01950731/ILSVRC2012_val_00003875.JPEG ===
2025-09-14 21:58:48,651 - INFO - Example /home/projects/bagon/shared/imagenet512/val/n01950731/ILSVRC2012_val_00003875.JPEG reached epsilon at step 4, loss sum: 1.8223, final loss: 0.00047493, weight distance: 0.0035
2025-09-14 21:58:48,655 - INFO - Example 138 completed: 4 steps, loss sum: 1.8223, final loss: 0.00047493, weight distance: 0.0035 (universal rank: 34950)
2025-09-14 21:58:48,655 - INFO - 
=== Training Example 139/150: /home/projects/bagon/shared/imagenet512/val/n07716906/ILSVRC2012_val_00015194.JPEG ===
2025-09-14 21:58:48,916 - INFO - Example /home/projects/bagon/shared/imagenet512/val/n07716906/ILSVRC2012_val_00015194.JPEG reached epsilon at step 3, loss sum: 1.3208, final loss: 0.00087357, weight distance: 0.0028
2025-09-14 21:58:48,919 - INFO - Example 139 completed: 3 steps, loss sum: 1.3208, final loss: 0.00087357, weight distance: 0.0028 (universal rank: 35061)
2025-09-14 21:58:48,919 - INFO - 
=== Training Example 140/150: /home/projects/bagon/shared/imagenet512/val/n03970156/ILSVRC2012_val_00018401.JPEG ===
2025-09-14 21:58:49,402 - INFO - Example /home/projects/bagon/shared/imagenet512/val/n03970156/ILSVRC2012_val_00018401.JPEG reached epsilon at step 6, loss sum: 8.1627, final loss: 0.00085831, weight distance: 0.0051
2025-09-14 21:58:49,406 - INFO - Example 140 completed: 6 steps, loss sum: 8.1627, final loss: 0.00085831, weight distance: 0.0051 (universal rank: 35157)
2025-09-14 21:58:49,406 - INFO - 
=== Training Example 141/150: /home/projects/bagon/shared/imagenet512/val/n03933933/ILSVRC2012_val_00020648.JPEG ===
2025-09-14 21:58:49,878 - INFO - Example /home/projects/bagon/shared/imagenet512/val/n03933933/ILSVRC2012_val_00020648.JPEG reached epsilon at step 6, loss sum: 4.7896, final loss: 0.00059891, weight distance: 0.0048
2025-09-14 21:58:49,881 - INFO - Example 141 completed: 6 steps, loss sum: 4.7896, final loss: 0.00059891, weight distance: 0.0048 (universal rank: 35259)
2025-09-14 21:58:49,881 - INFO - 
=== Training Example 142/150: /home/projects/bagon/shared/imagenet512/val/n03594734/ILSVRC2012_val_00019687.JPEG ===
2025-09-14 21:58:50,634 - INFO - Example /home/projects/bagon/shared/imagenet512/val/n03594734/ILSVRC2012_val_00019687.JPEG reached epsilon at step 8, loss sum: 6.1432, final loss: 0.00038719, weight distance: 0.0038
2025-09-14 21:58:50,637 - INFO - Example 142 completed: 8 steps, loss sum: 6.1432, final loss: 0.00038719, weight distance: 0.0038 (universal rank: 35305)
2025-09-14 21:58:50,637 - INFO - 
=== Training Example 143/150: /home/projects/bagon/shared/imagenet512/val/n03417042/ILSVRC2012_val_00046913.JPEG ===
2025-09-14 21:58:51,104 - INFO - Example /home/projects/bagon/shared/imagenet512/val/n03417042/ILSVRC2012_val_00046913.JPEG reached epsilon at step 6, loss sum: 7.7337, final loss: 0.00031281, weight distance: 0.0048
2025-09-14 21:58:51,108 - INFO - Example 143 completed: 6 steps, loss sum: 7.7337, final loss: 0.00031281, weight distance: 0.0048 (universal rank: 35459)
2025-09-14 21:58:51,108 - INFO - 
=== Training Example 144/150: /home/projects/bagon/shared/imagenet512/val/n03467068/ILSVRC2012_val_00031264.JPEG ===
2025-09-14 21:58:51,375 - INFO - Example /home/projects/bagon/shared/imagenet512/val/n03467068/ILSVRC2012_val_00031264.JPEG reached epsilon at step 3, loss sum: 0.0629, final loss: 0.00020885, weight distance: 0.0023
2025-09-14 21:58:51,378 - INFO - Example 144 completed: 3 steps, loss sum: 0.0629, final loss: 0.00020885, weight distance: 0.0023 (universal rank: 35589)
2025-09-14 21:58:51,378 - INFO - 
=== Training Example 145/150: /home/projects/bagon/shared/imagenet512/val/n02134418/ILSVRC2012_val_00022111.JPEG ===
2025-09-14 21:58:51,778 - INFO - Example /home/projects/bagon/shared/imagenet512/val/n02134418/ILSVRC2012_val_00022111.JPEG reached epsilon at step 5, loss sum: 3.2421, final loss: 0.00083542, weight distance: 0.0038
2025-09-14 21:58:51,782 - INFO - Example 145 completed: 5 steps, loss sum: 3.2421, final loss: 0.00083542, weight distance: 0.0038 (universal rank: 35636)
2025-09-14 21:58:51,782 - INFO - 
=== Training Example 146/150: /home/projects/bagon/shared/imagenet512/val/n02112137/ILSVRC2012_val_00018898.JPEG ===
2025-09-14 21:58:52,115 - INFO - Example /home/projects/bagon/shared/imagenet512/val/n02112137/ILSVRC2012_val_00018898.JPEG reached epsilon at step 4, loss sum: 1.6184, final loss: 0.00085449, weight distance: 0.0035
2025-09-14 21:58:52,118 - INFO - Example 146 completed: 4 steps, loss sum: 1.6184, final loss: 0.00085449, weight distance: 0.0035 (universal rank: 35755)
2025-09-14 21:58:52,118 - INFO - 
=== Training Example 147/150: /home/projects/bagon/shared/imagenet512/val/n03498962/ILSVRC2012_val_00023332.JPEG ===
2025-09-14 21:58:52,730 - INFO - Example /home/projects/bagon/shared/imagenet512/val/n03498962/ILSVRC2012_val_00023332.JPEG reached epsilon at step 8, loss sum: 8.5736, final loss: 0.00082016, weight distance: 0.0052
2025-09-14 21:58:52,733 - INFO - Example 147 completed: 8 steps, loss sum: 8.5736, final loss: 0.00082016, weight distance: 0.0052 (universal rank: 35806)
2025-09-14 21:58:52,733 - INFO - 
=== Training Example 148/150: /home/projects/bagon/shared/imagenet512/val/n04435653/ILSVRC2012_val_00022779.JPEG ===
2025-09-14 21:58:53,133 - INFO - Example /home/projects/bagon/shared/imagenet512/val/n04435653/ILSVRC2012_val_00022779.JPEG reached epsilon at step 5, loss sum: 1.6739, final loss: 0.00062561, weight distance: 0.0037
2025-09-14 21:58:53,137 - INFO - Example 148 completed: 5 steps, loss sum: 1.6739, final loss: 0.00062561, weight distance: 0.0037 (universal rank: 35935)
2025-09-14 21:58:53,137 - INFO - 
=== Training Example 149/150: /home/projects/bagon/shared/imagenet512/val/n07615774/ILSVRC2012_val_00015454.JPEG ===
2025-09-14 21:58:54,026 - INFO - Example /home/projects/bagon/shared/imagenet512/val/n07615774/ILSVRC2012_val_00015454.JPEG reached epsilon at step 12, loss sum: 10.8741, final loss: 0.00045776, weight distance: 0.0062
2025-09-14 21:58:54,029 - INFO - Example 149 completed: 12 steps, loss sum: 10.8741, final loss: 0.00045776, weight distance: 0.0062 (universal rank: 36047)
2025-09-14 21:58:54,029 - INFO - 
=== Training Example 150/150: /home/projects/bagon/shared/imagenet512/val/n04525038/ILSVRC2012_val_00044419.JPEG ===
2025-09-14 21:58:54,507 - INFO - Example /home/projects/bagon/shared/imagenet512/val/n04525038/ILSVRC2012_val_00044419.JPEG reached epsilon at step 6, loss sum: 5.0049, final loss: 0.00058746, weight distance: 0.0048
2025-09-14 21:58:54,510 - INFO - Example 150 completed: 6 steps, loss sum: 5.0049, final loss: 0.00058746, weight distance: 0.0048 (universal rank: 36197)
2025-09-14 21:58:54,510 - INFO - Creating final plots...
2025-09-14 21:58:56,412 - INFO - Training complete. Summary saved to /home/projects/bagon/andreyg/Projects/BMM_school/Universal_learning/Programming/training_gradient_evaluator_single_loss/outputs/efficientvit_b0.r224_in1k/training_summary.json
2025-09-14 21:58:56,412 - INFO - Results CSV: /home/projects/bagon/andreyg/Projects/BMM_school/Universal_learning/Programming/training_gradient_evaluator_single_loss/outputs/efficientvit_b0.r224_in1k/single_example_results.csv
