2025-09-15 08:56:27,825 - INFO - Parsed arguments:
2025-09-15 08:56:27,825 - INFO -   amp_dtype = None
2025-09-15 08:56:27,825 - INFO -   bars_npy = /home/projects/bagon/andreyg/Projects/BMM_school/Universal_learning/Programming/bars/geq6wrong_21017_geq6correct_1525_imagenet.npy
2025-09-15 08:56:27,825 - INFO -   deterministic = True
2025-09-15 08:56:27,825 - INFO -   device = cuda
2025-09-15 08:56:27,825 - INFO -   epsilon = 0.001
2025-09-15 08:56:27,825 - INFO -   examples_csv = /home/projects/bagon/andreyg/Projects/BMM_school/Universal_learning/Programming/bars/geq6wrong_21017_geq6correct_1525_imagenet_examples_ammended.csv
2025-09-15 08:56:27,825 - INFO -   grad_clip_norm = 1.0
2025-09-15 08:56:27,825 - INFO -   hierarchy_json = /home/projects/bagon/andreyg/Projects/BMM_school/Universal_learning/Programming/bars/imagenet_synset_hierarchy.json
2025-09-15 08:56:27,825 - INFO -   imagenet_models_csv = /home/projects/bagon/andreyg/Projects/BMM_school/Universal_learning/Programming/bars/imagenet_models.csv
2025-09-15 08:56:27,825 - INFO -   lr = 0.001
2025-09-15 08:56:27,825 - INFO -   max_examples = 60
2025-09-15 08:56:27,825 - INFO -   max_steps_per_example = 10000
2025-09-15 08:56:27,825 - INFO -   model_csv_name = efficientvit_base_0_224_classification_imagenet_1k
2025-09-15 08:56:27,826 - INFO -   model_name = efficientvit_b0.r224_in1k
2025-09-15 08:56:27,826 - INFO -   no_amp = False
2025-09-15 08:56:27,826 - INFO -   output_dir = /home/projects/bagon/andreyg/Projects/BMM_school/Universal_learning/Programming/training_gradient_evaluator_single_loss/outputs
2025-09-15 08:56:27,826 - INFO -   root_dir = None
2025-09-15 08:56:27,826 - INFO -   seed = 1337
2025-09-15 08:56:27,826 - INFO -   weight_decay = 0.0
2025-09-15 08:56:27,826 - INFO -   zero_aug_train = False
2025-09-15 08:56:27,841 - INFO - Loaded 50000 examples in difficulty order
2025-09-15 08:56:28,683 - INFO - Loaded TIMM pretrained weights for efficientvit_b0.r224_in1k
2025-09-15 08:56:28,684 - INFO - pretrained_cfg.url= hf_hub_id=timm/efficientvit_b0.r224_in1k
2025-09-15 08:56:29,077 - INFO - Stored original model weights for reset
2025-09-15 08:56:29,112 - INFO - Training configuration:
2025-09-15 08:56:29,112 - INFO -   lr = 0.001
2025-09-15 08:56:29,112 - INFO -   weight_decay = 0.0
2025-09-15 08:56:29,112 - INFO -   max_steps = 10000
2025-09-15 08:56:29,112 - INFO -   epsilon = 0.001
2025-09-15 08:56:29,112 - INFO -   device = cuda
2025-09-15 08:56:29,112 - INFO -   use_amp = True
2025-09-15 08:56:29,112 - INFO -   amp_dtype = bfloat16
2025-09-15 08:56:29,112 - INFO -   gradient_clip_norm = 1.0
2025-09-15 08:56:29,144 - INFO - Resolved model_csv_name='efficientvit_base_0_224_classification_imagenet_1k' to mask_row_index=984
2025-09-15 08:56:36,513 - INFO - Selected 60 wrong examples for training (sorted by difficulty)
2025-09-15 08:56:36,517 - INFO - Training examples (rank indices, 0-based): 21125, 22031, 22808, 23548, 24042, 24491, 24630, 24915, 25299, 26355, 26522, 26583, 27285, 27286, 29024, 29701, 30149, 30946, 31370, 31374, 31862, 33286, 33335, 33465, 33655, 33883, 34093, 34169, 34334, 36549, 36937, 38716, 39048, 39645, 39783, 39827, 40124, 40135, 40543, 40629, 40773, 41869, 42254, 42345, 42706, 42826, 42895, 43047, 43070, 43560, 44062, 44204, 44333, 44351, 45061, 46032, 46961, 47926, 47989, 48087
2025-09-15 08:56:37,623 - INFO - 
=== Training Example 1/60: /home/projects/bagon/shared/imagenet512/val/n03995372/ILSVRC2012_val_00019301.JPEG ===
2025-09-15 08:56:38,367 - INFO - Example /home/projects/bagon/shared/imagenet512/val/n03995372/ILSVRC2012_val_00019301.JPEG reached epsilon at step 6, loss sum: 5.4946, final loss: 0.00064850, weight distance: 0.0049
2025-09-15 08:56:47,005 - INFO - Example 1 completed: 6 steps, loss sum: 5.4946, final loss: 0.00064850, weight distance: 0.0049 (universal rank: 21126)
2025-09-15 08:56:47,005 - INFO - 
=== Training Example 2/60: /home/projects/bagon/shared/imagenet512/val/n02051845/ILSVRC2012_val_00036745.JPEG ===
2025-09-15 08:56:47,367 - INFO - Example /home/projects/bagon/shared/imagenet512/val/n02051845/ILSVRC2012_val_00036745.JPEG reached epsilon at step 4, loss sum: 2.3636, final loss: 0.00076294, weight distance: 0.0036
2025-09-15 08:56:55,638 - INFO - Example 2 completed: 4 steps, loss sum: 2.3636, final loss: 0.00076294, weight distance: 0.0036 (universal rank: 22032)
2025-09-15 08:56:55,638 - INFO - 
=== Training Example 3/60: /home/projects/bagon/shared/imagenet512/val/n07717556/ILSVRC2012_val_00030572.JPEG ===
2025-09-15 08:56:56,068 - INFO - Example /home/projects/bagon/shared/imagenet512/val/n07717556/ILSVRC2012_val_00030572.JPEG reached epsilon at step 5, loss sum: 5.6369, final loss: 0.00022984, weight distance: 0.0039
2025-09-15 08:57:04,256 - INFO - Example 3 completed: 5 steps, loss sum: 5.6369, final loss: 0.00022984, weight distance: 0.0039 (universal rank: 22809)
2025-09-15 08:57:04,256 - INFO - 
=== Training Example 4/60: /home/projects/bagon/shared/imagenet512/val/n03803284/ILSVRC2012_val_00021342.JPEG ===
2025-09-15 08:57:04,692 - INFO - Example /home/projects/bagon/shared/imagenet512/val/n03803284/ILSVRC2012_val_00021342.JPEG reached epsilon at step 5, loss sum: 2.8761, final loss: 0.00050354, weight distance: 0.0035
2025-09-15 08:57:13,032 - INFO - Example 4 completed: 5 steps, loss sum: 2.8761, final loss: 0.00050354, weight distance: 0.0035 (universal rank: 23549)
2025-09-15 08:57:13,032 - INFO - 
=== Training Example 5/60: /home/projects/bagon/shared/imagenet512/val/n04367480/ILSVRC2012_val_00001527.JPEG ===
2025-09-15 08:57:13,471 - INFO - Example /home/projects/bagon/shared/imagenet512/val/n04367480/ILSVRC2012_val_00001527.JPEG reached epsilon at step 5, loss sum: 1.6652, final loss: 0.00030136, weight distance: 0.0037
2025-09-15 08:57:21,656 - INFO - Example 5 completed: 5 steps, loss sum: 1.6652, final loss: 0.00030136, weight distance: 0.0037 (universal rank: 24043)
2025-09-15 08:57:21,657 - INFO - 
=== Training Example 6/60: /home/projects/bagon/shared/imagenet512/val/n04505470/ILSVRC2012_val_00037048.JPEG ===
2025-09-15 08:57:22,088 - INFO - Example /home/projects/bagon/shared/imagenet512/val/n04505470/ILSVRC2012_val_00037048.JPEG reached epsilon at step 5, loss sum: 0.0948, final loss: 0.00060272, weight distance: 0.0034
2025-09-15 08:57:30,213 - INFO - Example 6 completed: 5 steps, loss sum: 0.0948, final loss: 0.00060272, weight distance: 0.0034 (universal rank: 24492)
2025-09-15 08:57:30,213 - INFO - 
=== Training Example 7/60: /home/projects/bagon/shared/imagenet512/val/n01728572/ILSVRC2012_val_00008399.JPEG ===
2025-09-15 08:57:30,653 - INFO - Example /home/projects/bagon/shared/imagenet512/val/n01728572/ILSVRC2012_val_00008399.JPEG reached epsilon at step 5, loss sum: 0.8138, final loss: 0.00060654, weight distance: 0.0042
2025-09-15 08:57:38,985 - INFO - Example 7 completed: 5 steps, loss sum: 0.8138, final loss: 0.00060654, weight distance: 0.0042 (universal rank: 24631)
2025-09-15 08:57:38,985 - INFO - 
=== Training Example 8/60: /home/projects/bagon/shared/imagenet512/val/n02317335/ILSVRC2012_val_00043929.JPEG ===
2025-09-15 08:57:39,351 - INFO - Example /home/projects/bagon/shared/imagenet512/val/n02317335/ILSVRC2012_val_00043929.JPEG reached epsilon at step 4, loss sum: 1.7193, final loss: 0.00034714, weight distance: 0.0033
2025-09-15 08:57:47,605 - INFO - Example 8 completed: 4 steps, loss sum: 1.7193, final loss: 0.00034714, weight distance: 0.0033 (universal rank: 24916)
2025-09-15 08:57:47,605 - INFO - 
=== Training Example 9/60: /home/projects/bagon/shared/imagenet512/val/n02870880/ILSVRC2012_val_00018286.JPEG ===
2025-09-15 08:57:48,350 - INFO - Example /home/projects/bagon/shared/imagenet512/val/n02870880/ILSVRC2012_val_00018286.JPEG reached epsilon at step 8, loss sum: 3.3141, final loss: 0.00054169, weight distance: 0.0045
2025-09-15 08:57:56,427 - INFO - Example 9 completed: 8 steps, loss sum: 3.3141, final loss: 0.00054169, weight distance: 0.0045 (universal rank: 25300)
2025-09-15 08:57:56,428 - INFO - 
=== Training Example 10/60: /home/projects/bagon/shared/imagenet512/val/n02093991/ILSVRC2012_val_00039027.JPEG ===
2025-09-15 08:57:56,969 - INFO - Example /home/projects/bagon/shared/imagenet512/val/n02093991/ILSVRC2012_val_00039027.JPEG reached epsilon at step 5, loss sum: 2.0460, final loss: 0.00029373, weight distance: 0.0037
2025-09-15 08:58:05,223 - INFO - Example 10 completed: 5 steps, loss sum: 2.0460, final loss: 0.00029373, weight distance: 0.0037 (universal rank: 26356)
2025-09-15 08:58:05,224 - INFO - 
=== Training Example 11/60: /home/projects/bagon/shared/imagenet512/val/n04149813/ILSVRC2012_val_00006110.JPEG ===
2025-09-15 08:58:05,898 - INFO - Example /home/projects/bagon/shared/imagenet512/val/n04149813/ILSVRC2012_val_00006110.JPEG reached epsilon at step 5, loss sum: 4.5288, final loss: 0.00023079, weight distance: 0.0040
2025-09-15 08:58:14,045 - INFO - Example 11 completed: 5 steps, loss sum: 4.5288, final loss: 0.00023079, weight distance: 0.0040 (universal rank: 26523)
2025-09-15 08:58:14,045 - INFO - 
=== Training Example 12/60: /home/projects/bagon/shared/imagenet512/val/n02051845/ILSVRC2012_val_00006383.JPEG ===
2025-09-15 08:58:14,481 - INFO - Example /home/projects/bagon/shared/imagenet512/val/n02051845/ILSVRC2012_val_00006383.JPEG reached epsilon at step 5, loss sum: 2.8342, final loss: 0.00060272, weight distance: 0.0044
2025-09-15 08:58:22,727 - INFO - Example 12 completed: 5 steps, loss sum: 2.8342, final loss: 0.00060272, weight distance: 0.0044 (universal rank: 26584)
2025-09-15 08:58:22,727 - INFO - 
=== Training Example 13/60: /home/projects/bagon/shared/imagenet512/val/n02883205/ILSVRC2012_val_00034710.JPEG ===
2025-09-15 08:58:23,163 - INFO - Example /home/projects/bagon/shared/imagenet512/val/n02883205/ILSVRC2012_val_00034710.JPEG reached epsilon at step 5, loss sum: 1.1047, final loss: 0.00096893, weight distance: 0.0045
2025-09-15 08:58:31,783 - INFO - Example 13 completed: 5 steps, loss sum: 1.1047, final loss: 0.00096893, weight distance: 0.0045 (universal rank: 27286)
2025-09-15 08:58:31,783 - INFO - 
=== Training Example 14/60: /home/projects/bagon/shared/imagenet512/val/n02704792/ILSVRC2012_val_00025756.JPEG ===
2025-09-15 08:58:32,146 - INFO - Example /home/projects/bagon/shared/imagenet512/val/n02704792/ILSVRC2012_val_00025756.JPEG reached epsilon at step 4, loss sum: 0.5624, final loss: 0.00028419, weight distance: 0.0029
2025-09-15 08:58:40,502 - INFO - Example 14 completed: 4 steps, loss sum: 0.5624, final loss: 0.00028419, weight distance: 0.0029 (universal rank: 27287)
2025-09-15 08:58:40,502 - INFO - 
=== Training Example 15/60: /home/projects/bagon/shared/imagenet512/val/n03584254/ILSVRC2012_val_00037266.JPEG ===
2025-09-15 08:58:41,028 - INFO - Example /home/projects/bagon/shared/imagenet512/val/n03584254/ILSVRC2012_val_00037266.JPEG reached epsilon at step 6, loss sum: 1.1932, final loss: 0.00043678, weight distance: 0.0041
2025-09-15 08:58:49,210 - INFO - Example 15 completed: 6 steps, loss sum: 1.1932, final loss: 0.00043678, weight distance: 0.0041 (universal rank: 29025)
2025-09-15 08:58:49,210 - INFO - 
=== Training Example 16/60: /home/projects/bagon/shared/imagenet512/val/n02096585/ILSVRC2012_val_00022848.JPEG ===
2025-09-15 08:58:49,723 - INFO - Example /home/projects/bagon/shared/imagenet512/val/n02096585/ILSVRC2012_val_00022848.JPEG reached epsilon at step 6, loss sum: 2.4688, final loss: 0.00080109, weight distance: 0.0048
2025-09-15 08:58:57,987 - INFO - Example 16 completed: 6 steps, loss sum: 2.4688, final loss: 0.00080109, weight distance: 0.0048 (universal rank: 29702)
2025-09-15 08:58:57,987 - INFO - 
=== Training Example 17/60: /home/projects/bagon/shared/imagenet512/val/n03843555/ILSVRC2012_val_00028014.JPEG ===
2025-09-15 08:58:58,569 - INFO - Example /home/projects/bagon/shared/imagenet512/val/n03843555/ILSVRC2012_val_00028014.JPEG reached epsilon at step 7, loss sum: 3.7865, final loss: 0.00023270, weight distance: 0.0044
2025-09-15 08:59:07,090 - INFO - Example 17 completed: 7 steps, loss sum: 3.7865, final loss: 0.00023270, weight distance: 0.0044 (universal rank: 30150)
2025-09-15 08:59:07,090 - INFO - 
=== Training Example 18/60: /home/projects/bagon/shared/imagenet512/val/n01978455/ILSVRC2012_val_00021378.JPEG ===
2025-09-15 08:59:07,457 - INFO - Example /home/projects/bagon/shared/imagenet512/val/n01978455/ILSVRC2012_val_00021378.JPEG reached epsilon at step 4, loss sum: 0.5211, final loss: 0.00024033, weight distance: 0.0030
2025-09-15 08:59:15,812 - INFO - Example 18 completed: 4 steps, loss sum: 0.5211, final loss: 0.00024033, weight distance: 0.0030 (universal rank: 30947)
2025-09-15 08:59:15,813 - INFO - 
=== Training Example 19/60: /home/projects/bagon/shared/imagenet512/val/n12768682/ILSVRC2012_val_00014129.JPEG ===
2025-09-15 08:59:16,242 - INFO - Example /home/projects/bagon/shared/imagenet512/val/n12768682/ILSVRC2012_val_00014129.JPEG reached epsilon at step 5, loss sum: 6.3401, final loss: 0.00090790, weight distance: 0.0042
2025-09-15 08:59:24,315 - INFO - Example 19 completed: 5 steps, loss sum: 6.3401, final loss: 0.00090790, weight distance: 0.0042 (universal rank: 31371)
2025-09-15 08:59:24,315 - INFO - 
=== Training Example 20/60: /home/projects/bagon/shared/imagenet512/val/n02916936/ILSVRC2012_val_00008635.JPEG ===
2025-09-15 08:59:24,674 - INFO - Example /home/projects/bagon/shared/imagenet512/val/n02916936/ILSVRC2012_val_00008635.JPEG reached epsilon at step 4, loss sum: 1.4956, final loss: 0.00014877, weight distance: 0.0030
2025-09-15 08:59:32,772 - INFO - Example 20 completed: 4 steps, loss sum: 1.4956, final loss: 0.00014877, weight distance: 0.0030 (universal rank: 31375)
2025-09-15 08:59:32,772 - INFO - 
=== Training Example 21/60: /home/projects/bagon/shared/imagenet512/val/n02504458/ILSVRC2012_val_00021807.JPEG ===
2025-09-15 08:59:33,205 - INFO - Example /home/projects/bagon/shared/imagenet512/val/n02504458/ILSVRC2012_val_00021807.JPEG reached epsilon at step 5, loss sum: 1.1026, final loss: 0.00053406, weight distance: 0.0039
2025-09-15 08:59:41,508 - INFO - Example 21 completed: 5 steps, loss sum: 1.1026, final loss: 0.00053406, weight distance: 0.0039 (universal rank: 31863)
2025-09-15 08:59:41,508 - INFO - 
=== Training Example 22/60: /home/projects/bagon/shared/imagenet512/val/n02018207/ILSVRC2012_val_00035028.JPEG ===
2025-09-15 08:59:42,291 - INFO - Example /home/projects/bagon/shared/imagenet512/val/n02018207/ILSVRC2012_val_00035028.JPEG reached epsilon at step 10, loss sum: 3.1946, final loss: 0.00025368, weight distance: 0.0053
2025-09-15 08:59:50,408 - INFO - Example 22 completed: 10 steps, loss sum: 3.1946, final loss: 0.00025368, weight distance: 0.0053 (universal rank: 33287)
2025-09-15 08:59:50,408 - INFO - 
=== Training Example 23/60: /home/projects/bagon/shared/imagenet512/val/n04254120/ILSVRC2012_val_00040688.JPEG ===
2025-09-15 08:59:50,910 - INFO - Example /home/projects/bagon/shared/imagenet512/val/n04254120/ILSVRC2012_val_00040688.JPEG reached epsilon at step 6, loss sum: 5.1282, final loss: 0.00028038, weight distance: 0.0044
2025-09-15 08:59:59,118 - INFO - Example 23 completed: 6 steps, loss sum: 5.1282, final loss: 0.00028038, weight distance: 0.0044 (universal rank: 33336)
2025-09-15 08:59:59,118 - INFO - 
=== Training Example 24/60: /home/projects/bagon/shared/imagenet512/val/n04252077/ILSVRC2012_val_00048428.JPEG ===
2025-09-15 08:59:59,559 - INFO - Example /home/projects/bagon/shared/imagenet512/val/n04252077/ILSVRC2012_val_00048428.JPEG reached epsilon at step 5, loss sum: 2.7569, final loss: 0.00096130, weight distance: 0.0038
2025-09-15 09:00:07,692 - INFO - Example 24 completed: 5 steps, loss sum: 2.7569, final loss: 0.00096130, weight distance: 0.0038 (universal rank: 33466)
2025-09-15 09:00:07,692 - INFO - 
=== Training Example 25/60: /home/projects/bagon/shared/imagenet512/val/n02089078/ILSVRC2012_val_00009405.JPEG ===
2025-09-15 09:00:08,131 - INFO - Example /home/projects/bagon/shared/imagenet512/val/n02089078/ILSVRC2012_val_00009405.JPEG reached epsilon at step 5, loss sum: 1.2208, final loss: 0.00042725, weight distance: 0.0039
2025-09-15 09:00:16,236 - INFO - Example 25 completed: 5 steps, loss sum: 1.2208, final loss: 0.00042725, weight distance: 0.0039 (universal rank: 33656)
2025-09-15 09:00:16,236 - INFO - 
=== Training Example 26/60: /home/projects/bagon/shared/imagenet512/val/n02169497/ILSVRC2012_val_00048894.JPEG ===
2025-09-15 09:00:16,876 - INFO - Example /home/projects/bagon/shared/imagenet512/val/n02169497/ILSVRC2012_val_00048894.JPEG reached epsilon at step 8, loss sum: 2.0075, final loss: 0.00049973, weight distance: 0.0042
2025-09-15 09:00:25,134 - INFO - Example 26 completed: 8 steps, loss sum: 2.0075, final loss: 0.00049973, weight distance: 0.0042 (universal rank: 33884)
2025-09-15 09:00:25,134 - INFO - 
=== Training Example 27/60: /home/projects/bagon/shared/imagenet512/val/n03692522/ILSVRC2012_val_00004029.JPEG ===
2025-09-15 09:00:25,425 - INFO - Example /home/projects/bagon/shared/imagenet512/val/n03692522/ILSVRC2012_val_00004029.JPEG reached epsilon at step 3, loss sum: 2.8454, final loss: 0.00063324, weight distance: 0.0026
2025-09-15 09:00:33,606 - INFO - Example 27 completed: 3 steps, loss sum: 2.8454, final loss: 0.00063324, weight distance: 0.0026 (universal rank: 34094)
2025-09-15 09:00:33,606 - INFO - 
=== Training Example 28/60: /home/projects/bagon/shared/imagenet512/val/n02097658/ILSVRC2012_val_00017515.JPEG ===
2025-09-15 09:00:33,963 - INFO - Example /home/projects/bagon/shared/imagenet512/val/n02097658/ILSVRC2012_val_00017515.JPEG reached epsilon at step 4, loss sum: 1.7939, final loss: 0.00053406, weight distance: 0.0036
2025-09-15 09:00:42,045 - INFO - Example 28 completed: 4 steps, loss sum: 1.7939, final loss: 0.00053406, weight distance: 0.0036 (universal rank: 34170)
2025-09-15 09:00:42,046 - INFO - 
=== Training Example 29/60: /home/projects/bagon/shared/imagenet512/val/n04033995/ILSVRC2012_val_00035641.JPEG ===
2025-09-15 09:00:42,409 - INFO - Example /home/projects/bagon/shared/imagenet512/val/n04033995/ILSVRC2012_val_00035641.JPEG reached epsilon at step 4, loss sum: 0.8177, final loss: 0.00043678, weight distance: 0.0032
2025-09-15 09:00:50,698 - INFO - Example 29 completed: 4 steps, loss sum: 0.8177, final loss: 0.00043678, weight distance: 0.0032 (universal rank: 34335)
2025-09-15 09:00:50,698 - INFO - 
=== Training Example 30/60: /home/projects/bagon/shared/imagenet512/val/n02168699/ILSVRC2012_val_00035526.JPEG ===
2025-09-15 09:00:51,128 - INFO - Example /home/projects/bagon/shared/imagenet512/val/n02168699/ILSVRC2012_val_00035526.JPEG reached epsilon at step 5, loss sum: 4.8047, final loss: 0.00020218, weight distance: 0.0039
2025-09-15 09:00:59,238 - INFO - Example 30 completed: 5 steps, loss sum: 4.8047, final loss: 0.00020218, weight distance: 0.0039 (universal rank: 36550)
2025-09-15 09:00:59,238 - INFO - 
=== Training Example 31/60: /home/projects/bagon/shared/imagenet512/val/n07697537/ILSVRC2012_val_00026101.JPEG ===
2025-09-15 09:00:59,688 - INFO - Example /home/projects/bagon/shared/imagenet512/val/n07697537/ILSVRC2012_val_00026101.JPEG reached epsilon at step 5, loss sum: 6.0561, final loss: 0.00027466, weight distance: 0.0042
2025-09-15 09:01:07,967 - INFO - Example 31 completed: 5 steps, loss sum: 6.0561, final loss: 0.00027466, weight distance: 0.0042 (universal rank: 36938)
2025-09-15 09:01:07,968 - INFO - 
=== Training Example 32/60: /home/projects/bagon/shared/imagenet512/val/n02948072/ILSVRC2012_val_00047415.JPEG ===
2025-09-15 09:01:08,324 - INFO - Example /home/projects/bagon/shared/imagenet512/val/n02948072/ILSVRC2012_val_00047415.JPEG reached epsilon at step 4, loss sum: 1.3652, final loss: 0.00036621, weight distance: 0.0033
2025-09-15 09:01:16,509 - INFO - Example 32 completed: 4 steps, loss sum: 1.3652, final loss: 0.00036621, weight distance: 0.0033 (universal rank: 38717)
2025-09-15 09:01:16,509 - INFO - 
=== Training Example 33/60: /home/projects/bagon/shared/imagenet512/val/n02504013/ILSVRC2012_val_00033854.JPEG ===
2025-09-15 09:01:16,937 - INFO - Example /home/projects/bagon/shared/imagenet512/val/n02504013/ILSVRC2012_val_00033854.JPEG reached epsilon at step 5, loss sum: 0.6543, final loss: 0.00066376, weight distance: 0.0032
2025-09-15 09:01:25,110 - INFO - Example 33 completed: 5 steps, loss sum: 0.6543, final loss: 0.00066376, weight distance: 0.0032 (universal rank: 39049)
2025-09-15 09:01:25,110 - INFO - 
=== Training Example 34/60: /home/projects/bagon/shared/imagenet512/val/n03042490/ILSVRC2012_val_00046100.JPEG ===
2025-09-15 09:01:25,775 - INFO - Example /home/projects/bagon/shared/imagenet512/val/n03042490/ILSVRC2012_val_00046100.JPEG reached epsilon at step 8, loss sum: 6.4392, final loss: 0.00079727, weight distance: 0.0038
2025-09-15 09:01:33,934 - INFO - Example 34 completed: 8 steps, loss sum: 6.4392, final loss: 0.00079727, weight distance: 0.0038 (universal rank: 39646)
2025-09-15 09:01:33,934 - INFO - 
=== Training Example 35/60: /home/projects/bagon/shared/imagenet512/val/n01677366/ILSVRC2012_val_00022257.JPEG ===
2025-09-15 09:01:34,364 - INFO - Example /home/projects/bagon/shared/imagenet512/val/n01677366/ILSVRC2012_val_00022257.JPEG reached epsilon at step 5, loss sum: 3.0065, final loss: 0.00008106, weight distance: 0.0034
2025-09-15 09:01:42,735 - INFO - Example 35 completed: 5 steps, loss sum: 3.0065, final loss: 0.00008106, weight distance: 0.0034 (universal rank: 39784)
2025-09-15 09:01:42,735 - INFO - 
=== Training Example 36/60: /home/projects/bagon/shared/imagenet512/val/n02395406/ILSVRC2012_val_00045459.JPEG ===
2025-09-15 09:01:43,234 - INFO - Example /home/projects/bagon/shared/imagenet512/val/n02395406/ILSVRC2012_val_00045459.JPEG reached epsilon at step 6, loss sum: 1.3890, final loss: 0.00055695, weight distance: 0.0042
2025-09-15 09:01:51,533 - INFO - Example 36 completed: 6 steps, loss sum: 1.3890, final loss: 0.00055695, weight distance: 0.0042 (universal rank: 39828)
2025-09-15 09:01:51,534 - INFO - 
=== Training Example 37/60: /home/projects/bagon/shared/imagenet512/val/n03658185/ILSVRC2012_val_00019541.JPEG ===
2025-09-15 09:01:52,033 - INFO - Example /home/projects/bagon/shared/imagenet512/val/n03658185/ILSVRC2012_val_00019541.JPEG reached epsilon at step 6, loss sum: 2.1591, final loss: 0.00057983, weight distance: 0.0041
2025-09-15 09:02:00,082 - INFO - Example 37 completed: 6 steps, loss sum: 2.1591, final loss: 0.00057983, weight distance: 0.0041 (universal rank: 40125)
2025-09-15 09:02:00,082 - INFO - 
=== Training Example 38/60: /home/projects/bagon/shared/imagenet512/val/n02807133/ILSVRC2012_val_00001584.JPEG ===
2025-09-15 09:02:00,511 - INFO - Example /home/projects/bagon/shared/imagenet512/val/n02807133/ILSVRC2012_val_00001584.JPEG reached epsilon at step 5, loss sum: 1.1669, final loss: 0.00022888, weight distance: 0.0035
2025-09-15 09:02:08,734 - INFO - Example 38 completed: 5 steps, loss sum: 1.1669, final loss: 0.00022888, weight distance: 0.0035 (universal rank: 40136)
2025-09-15 09:02:08,734 - INFO - 
=== Training Example 39/60: /home/projects/bagon/shared/imagenet512/val/n01491361/ILSVRC2012_val_00010074.JPEG ===
2025-09-15 09:02:09,387 - INFO - Example /home/projects/bagon/shared/imagenet512/val/n01491361/ILSVRC2012_val_00010074.JPEG reached epsilon at step 8, loss sum: 4.1280, final loss: 0.00058746, weight distance: 0.0041
2025-09-15 09:02:17,378 - INFO - Example 39 completed: 8 steps, loss sum: 4.1280, final loss: 0.00058746, weight distance: 0.0041 (universal rank: 40544)
2025-09-15 09:02:17,378 - INFO - 
=== Training Example 40/60: /home/projects/bagon/shared/imagenet512/val/n03874599/ILSVRC2012_val_00023222.JPEG ===
2025-09-15 09:02:17,809 - INFO - Example /home/projects/bagon/shared/imagenet512/val/n03874599/ILSVRC2012_val_00023222.JPEG reached epsilon at step 5, loss sum: 2.1433, final loss: 0.00098419, weight distance: 0.0035
2025-09-15 09:02:26,096 - INFO - Example 40 completed: 5 steps, loss sum: 2.1433, final loss: 0.00098419, weight distance: 0.0035 (universal rank: 40630)
2025-09-15 09:02:26,096 - INFO - 
=== Training Example 41/60: /home/projects/bagon/shared/imagenet512/val/n04371774/ILSVRC2012_val_00007229.JPEG ===
2025-09-15 09:02:26,380 - INFO - Example /home/projects/bagon/shared/imagenet512/val/n04371774/ILSVRC2012_val_00007229.JPEG reached epsilon at step 3, loss sum: 0.5246, final loss: 0.00019169, weight distance: 0.0025
2025-09-15 09:02:35,338 - INFO - Example 41 completed: 3 steps, loss sum: 0.5246, final loss: 0.00019169, weight distance: 0.0025 (universal rank: 40774)
2025-09-15 09:02:35,338 - INFO - 
=== Training Example 42/60: /home/projects/bagon/shared/imagenet512/val/n04596742/ILSVRC2012_val_00019557.JPEG ===
2025-09-15 09:02:35,922 - INFO - Example /home/projects/bagon/shared/imagenet512/val/n04596742/ILSVRC2012_val_00019557.JPEG reached epsilon at step 7, loss sum: 5.8317, final loss: 0.00052643, weight distance: 0.0044
2025-09-15 09:02:45,461 - INFO - Example 42 completed: 7 steps, loss sum: 5.8317, final loss: 0.00052643, weight distance: 0.0044 (universal rank: 41870)
2025-09-15 09:02:45,462 - INFO - 
=== Training Example 43/60: /home/projects/bagon/shared/imagenet512/val/n04542943/ILSVRC2012_val_00042647.JPEG ===
2025-09-15 09:02:46,054 - INFO - Example /home/projects/bagon/shared/imagenet512/val/n04542943/ILSVRC2012_val_00042647.JPEG reached epsilon at step 7, loss sum: 6.8707, final loss: 0.00030899, weight distance: 0.0042
2025-09-15 09:02:54,922 - INFO - Example 43 completed: 7 steps, loss sum: 6.8707, final loss: 0.00030899, weight distance: 0.0042 (universal rank: 42255)
2025-09-15 09:02:54,922 - INFO - 
=== Training Example 44/60: /home/projects/bagon/shared/imagenet512/val/n04099969/ILSVRC2012_val_00022208.JPEG ===
2025-09-15 09:02:55,325 - INFO - Example /home/projects/bagon/shared/imagenet512/val/n04099969/ILSVRC2012_val_00022208.JPEG reached epsilon at step 4, loss sum: 2.0212, final loss: 0.00036430, weight distance: 0.0035
2025-09-15 09:03:08,664 - INFO - Example 44 completed: 4 steps, loss sum: 2.0212, final loss: 0.00036430, weight distance: 0.0035 (universal rank: 42346)
2025-09-15 09:03:08,664 - INFO - 
=== Training Example 45/60: /home/projects/bagon/shared/imagenet512/val/n03920288/ILSVRC2012_val_00018533.JPEG ===
2025-09-15 09:03:09,100 - INFO - Example /home/projects/bagon/shared/imagenet512/val/n03920288/ILSVRC2012_val_00018533.JPEG reached epsilon at step 5, loss sum: 6.7910, final loss: 0.00077820, weight distance: 0.0041
2025-09-15 09:03:17,275 - INFO - Example 45 completed: 5 steps, loss sum: 6.7910, final loss: 0.00077820, weight distance: 0.0041 (universal rank: 42707)
2025-09-15 09:03:17,275 - INFO - 
=== Training Example 46/60: /home/projects/bagon/shared/imagenet512/val/n02105855/ILSVRC2012_val_00036269.JPEG ===
2025-09-15 09:03:17,853 - INFO - Example /home/projects/bagon/shared/imagenet512/val/n02105855/ILSVRC2012_val_00036269.JPEG reached epsilon at step 7, loss sum: 7.7962, final loss: 0.00020885, weight distance: 0.0045
2025-09-15 09:03:26,054 - INFO - Example 46 completed: 7 steps, loss sum: 7.7962, final loss: 0.00020885, weight distance: 0.0045 (universal rank: 42827)
2025-09-15 09:03:26,054 - INFO - 
=== Training Example 47/60: /home/projects/bagon/shared/imagenet512/val/n02113624/ILSVRC2012_val_00003179.JPEG ===
2025-09-15 09:03:26,840 - INFO - Example /home/projects/bagon/shared/imagenet512/val/n02113624/ILSVRC2012_val_00003179.JPEG reached epsilon at step 10, loss sum: 3.4338, final loss: 0.00065613, weight distance: 0.0055
2025-09-15 09:03:35,057 - INFO - Example 47 completed: 10 steps, loss sum: 3.4338, final loss: 0.00065613, weight distance: 0.0055 (universal rank: 42896)
2025-09-15 09:03:35,058 - INFO - 
=== Training Example 48/60: /home/projects/bagon/shared/imagenet512/val/n04040759/ILSVRC2012_val_00018235.JPEG ===
2025-09-15 09:03:35,637 - INFO - Example /home/projects/bagon/shared/imagenet512/val/n04040759/ILSVRC2012_val_00018235.JPEG reached epsilon at step 7, loss sum: 5.3994, final loss: 0.00029564, weight distance: 0.0048
2025-09-15 09:03:43,715 - INFO - Example 48 completed: 7 steps, loss sum: 5.3994, final loss: 0.00029564, weight distance: 0.0048 (universal rank: 43048)
2025-09-15 09:03:43,715 - INFO - 
=== Training Example 49/60: /home/projects/bagon/shared/imagenet512/val/n02009229/ILSVRC2012_val_00020582.JPEG ===
2025-09-15 09:03:44,074 - INFO - Example /home/projects/bagon/shared/imagenet512/val/n02009229/ILSVRC2012_val_00020582.JPEG reached epsilon at step 4, loss sum: 0.3246, final loss: 0.00035667, weight distance: 0.0035
2025-09-15 09:03:52,730 - INFO - Example 49 completed: 4 steps, loss sum: 0.3246, final loss: 0.00035667, weight distance: 0.0035 (universal rank: 43071)
2025-09-15 09:03:52,731 - INFO - 
=== Training Example 50/60: /home/projects/bagon/shared/imagenet512/val/n02097130/ILSVRC2012_val_00014157.JPEG ===
2025-09-15 09:03:53,451 - INFO - Example /home/projects/bagon/shared/imagenet512/val/n02097130/ILSVRC2012_val_00014157.JPEG reached epsilon at step 9, loss sum: 6.0456, final loss: 0.00059128, weight distance: 0.0058
2025-09-15 09:04:01,548 - INFO - Example 50 completed: 9 steps, loss sum: 6.0456, final loss: 0.00059128, weight distance: 0.0058 (universal rank: 43561)
2025-09-15 09:04:01,548 - INFO - 
=== Training Example 51/60: /home/projects/bagon/shared/imagenet512/val/n02123045/ILSVRC2012_val_00005358.JPEG ===
2025-09-15 09:04:02,113 - INFO - Example /home/projects/bagon/shared/imagenet512/val/n02123045/ILSVRC2012_val_00005358.JPEG reached epsilon at step 7, loss sum: 2.6896, final loss: 0.00082016, weight distance: 0.0049
2025-09-15 09:04:10,365 - INFO - Example 51 completed: 7 steps, loss sum: 2.6896, final loss: 0.00082016, weight distance: 0.0049 (universal rank: 44063)
2025-09-15 09:04:10,365 - INFO - 
=== Training Example 52/60: /home/projects/bagon/shared/imagenet512/val/n02101388/ILSVRC2012_val_00031633.JPEG ===
2025-09-15 09:04:10,869 - INFO - Example /home/projects/bagon/shared/imagenet512/val/n02101388/ILSVRC2012_val_00031633.JPEG reached epsilon at step 6, loss sum: 4.7878, final loss: 0.00051498, weight distance: 0.0049
2025-09-15 09:04:18,860 - INFO - Example 52 completed: 6 steps, loss sum: 4.7878, final loss: 0.00051498, weight distance: 0.0049 (universal rank: 44205)
2025-09-15 09:04:18,860 - INFO - 
=== Training Example 53/60: /home/projects/bagon/shared/imagenet512/val/n01737021/ILSVRC2012_val_00004182.JPEG ===
2025-09-15 09:04:19,219 - INFO - Example /home/projects/bagon/shared/imagenet512/val/n01737021/ILSVRC2012_val_00004182.JPEG reached epsilon at step 4, loss sum: 2.5625, final loss: 0.00012875, weight distance: 0.0030
2025-09-15 09:04:27,320 - INFO - Example 53 completed: 4 steps, loss sum: 2.5625, final loss: 0.00012875, weight distance: 0.0030 (universal rank: 44334)
2025-09-15 09:04:27,320 - INFO - 
=== Training Example 54/60: /home/projects/bagon/shared/imagenet512/val/n02894605/ILSVRC2012_val_00019238.JPEG ===
2025-09-15 09:04:27,900 - INFO - Example /home/projects/bagon/shared/imagenet512/val/n02894605/ILSVRC2012_val_00019238.JPEG reached epsilon at step 7, loss sum: 5.3680, final loss: 0.00041962, weight distance: 0.0049
2025-09-15 09:04:36,904 - INFO - Example 54 completed: 7 steps, loss sum: 5.3680, final loss: 0.00041962, weight distance: 0.0049 (universal rank: 44352)
2025-09-15 09:04:36,904 - INFO - 
=== Training Example 55/60: /home/projects/bagon/shared/imagenet512/val/n02966687/ILSVRC2012_val_00009310.JPEG ===
2025-09-15 09:04:37,582 - INFO - Example /home/projects/bagon/shared/imagenet512/val/n02966687/ILSVRC2012_val_00009310.JPEG reached epsilon at step 8, loss sum: 9.1718, final loss: 0.00080872, weight distance: 0.0051
2025-09-15 09:04:46,634 - INFO - Example 55 completed: 8 steps, loss sum: 9.1718, final loss: 0.00080872, weight distance: 0.0051 (universal rank: 45062)
2025-09-15 09:04:46,634 - INFO - 
=== Training Example 56/60: /home/projects/bagon/shared/imagenet512/val/n03998194/ILSVRC2012_val_00015241.JPEG ===
2025-09-15 09:04:47,165 - INFO - Example /home/projects/bagon/shared/imagenet512/val/n03998194/ILSVRC2012_val_00015241.JPEG reached epsilon at step 6, loss sum: 3.0200, final loss: 0.00036812, weight distance: 0.0037
2025-09-15 09:04:56,255 - INFO - Example 56 completed: 6 steps, loss sum: 3.0200, final loss: 0.00036812, weight distance: 0.0037 (universal rank: 46033)
2025-09-15 09:04:56,256 - INFO - 
=== Training Example 57/60: /home/projects/bagon/shared/imagenet512/val/n02979186/ILSVRC2012_val_00008651.JPEG ===
2025-09-15 09:04:57,202 - INFO - Example /home/projects/bagon/shared/imagenet512/val/n02979186/ILSVRC2012_val_00008651.JPEG reached epsilon at step 8, loss sum: 3.9275, final loss: 0.00067902, weight distance: 0.0059
2025-09-15 09:05:07,821 - INFO - Example 57 completed: 8 steps, loss sum: 3.9275, final loss: 0.00067902, weight distance: 0.0059 (universal rank: 46962)
2025-09-15 09:05:07,821 - INFO - 
=== Training Example 58/60: /home/projects/bagon/shared/imagenet512/val/n03804744/ILSVRC2012_val_00009414.JPEG ===
2025-09-15 09:05:08,408 - INFO - Example /home/projects/bagon/shared/imagenet512/val/n03804744/ILSVRC2012_val_00009414.JPEG reached epsilon at step 7, loss sum: 9.1625, final loss: 0.00061798, weight distance: 0.0044
2025-09-15 09:05:16,879 - INFO - Example 58 completed: 7 steps, loss sum: 9.1625, final loss: 0.00061798, weight distance: 0.0044 (universal rank: 47927)
2025-09-15 09:05:16,879 - INFO - 
=== Training Example 59/60: /home/projects/bagon/shared/imagenet512/val/n03871628/ILSVRC2012_val_00021041.JPEG ===
2025-09-15 09:05:17,609 - INFO - Example /home/projects/bagon/shared/imagenet512/val/n03871628/ILSVRC2012_val_00021041.JPEG reached epsilon at step 9, loss sum: 13.5715, final loss: 0.00033951, weight distance: 0.0065
2025-09-15 09:05:25,755 - INFO - Example 59 completed: 9 steps, loss sum: 13.5715, final loss: 0.00033951, weight distance: 0.0065 (universal rank: 47990)
2025-09-15 09:05:25,755 - INFO - 
=== Training Example 60/60: /home/projects/bagon/shared/imagenet512/val/n09428293/ILSVRC2012_val_00032058.JPEG ===
2025-09-15 09:05:26,832 - INFO - Example /home/projects/bagon/shared/imagenet512/val/n09428293/ILSVRC2012_val_00032058.JPEG reached epsilon at step 14, loss sum: 10.4308, final loss: 0.00075531, weight distance: 0.0064
2025-09-15 09:05:34,978 - INFO - Example 60 completed: 14 steps, loss sum: 10.4308, final loss: 0.00075531, weight distance: 0.0064 (universal rank: 48088)
2025-09-15 09:05:34,979 - INFO - Creating final plots...
2025-09-15 09:05:36,749 - INFO - Training complete. Summary saved to /home/projects/bagon/andreyg/Projects/BMM_school/Universal_learning/Programming/training_gradient_evaluator_single_loss/outputs/efficientvit_b0.r224_in1k/training_summary.json
2025-09-15 09:05:36,749 - INFO - Results CSV: /home/projects/bagon/andreyg/Projects/BMM_school/Universal_learning/Programming/training_gradient_evaluator_single_loss/outputs/efficientvit_b0.r224_in1k/single_example_results.csv
