2025-09-22 08:00:04,001 - INFO - Parsed arguments:
2025-09-22 08:00:04,001 - INFO -   amp_dtype = None
2025-09-22 08:00:04,001 - INFO -   bars_npy = bars/geq6wrong_21017_geq6correct_1525_imagenet.npy
2025-09-22 08:00:04,001 - INFO -   cka_layer_fraction = 0.0
2025-09-22 08:00:04,002 - INFO -   deterministic = True
2025-09-22 08:00:04,002 - INFO -   device = cuda
2025-09-22 08:00:04,002 - INFO -   epsilon = 0.001
2025-09-22 08:00:04,002 - INFO -   examples_csv = bars/geq6wrong_21017_geq6correct_1525_imagenet_examples_ammended.csv
2025-09-22 08:00:04,002 - INFO -   explicit_examples_for_training = None
2025-09-22 08:00:04,002 - INFO -   grad_clip_norm = 1.0
2025-09-22 08:00:04,002 - INFO -   hierarchy_json = bars/imagenet_synset_hierarchy.json
2025-09-22 08:00:04,002 - INFO -   imagenet_models_csv = bars/imagenet_models.csv
2025-09-22 08:00:04,002 - INFO -   lr = 0.0001
2025-09-22 08:00:04,002 - INFO -   max_examples = 1
2025-09-22 08:00:04,002 - INFO -   max_steps_per_example = 10000
2025-09-22 08:00:04,002 - INFO -   model_csv_name = efficientvit_base_0_224_classification_imagenet_1k
2025-09-22 08:00:04,002 - INFO -   model_name = efficientvit_b0.r224_in1k
2025-09-22 08:00:04,002 - INFO -   no_amp = False
2025-09-22 08:00:04,002 - INFO -   output_dir = training_gradient_evaluator_single_loss/outputs_assess_training_time
2025-09-22 08:00:04,002 - INFO -   root_dir = None
2025-09-22 08:00:04,002 - INFO -   seed = 1337
2025-09-22 08:00:04,002 - INFO -   weight_decay = 0
2025-09-22 08:00:04,002 - INFO -   zero_aug_train = True
2025-09-22 08:00:04,011 - INFO - Loaded 50000 examples in difficulty order
2025-09-22 08:00:04,602 - INFO - Loaded TIMM pretrained weights for efficientvit_b0.r224_in1k
2025-09-22 08:00:04,602 - INFO - pretrained_cfg.url= hf_hub_id=timm/efficientvit_b0.r224_in1k
2025-09-22 08:00:04,901 - INFO - Stored original model weights for reset
2025-09-22 08:00:04,908 - INFO - Training configuration:
2025-09-22 08:00:04,908 - INFO -   lr = 0.0001
2025-09-22 08:00:04,908 - INFO -   weight_decay = 0
2025-09-22 08:00:04,908 - INFO -   max_steps = 10000
2025-09-22 08:00:04,908 - INFO -   epsilon = 0.001
2025-09-22 08:00:04,908 - INFO -   device = cuda
2025-09-22 08:00:04,908 - INFO -   use_amp = True
2025-09-22 08:00:04,908 - INFO -   amp_dtype = bfloat16
2025-09-22 08:00:04,908 - INFO -   gradient_clip_norm = 1.0
2025-09-22 08:00:04,929 - INFO - Resolved model_csv_name='efficientvit_base_0_224_classification_imagenet_1k' to mask_row_index=984
2025-09-22 08:00:08,219 - INFO - Selected 1 wrong examples for training (sorted by difficulty)
2025-09-22 08:00:08,222 - INFO - Training examples (rank indices, 0-based): 21042
2025-09-22 08:00:08,240 - INFO - CKA disabled: cka_layer_fraction == 0. Skipping all CKA computations.
2025-09-22 08:00:08,241 - INFO - 
=== Training Example 1/1: /home/projects/bagon/shared/imagenet512/val/n03794056/ILSVRC2012_val_00009087.JPEG ===
2025-09-22 08:00:09,649 - INFO - Example /home/projects/bagon/shared/imagenet512/val/n03794056/ILSVRC2012_val_00009087.JPEG reached epsilon at step 13, loss sum: 0.9416, final loss: 0.00093460, weight distance: 0.0013
2025-09-22 08:00:09,653 - INFO - Example 1 completed: 13 steps, loss sum: 0.9416, final loss: 0.00093460, weight distance: 0.0013 (universal rank: 21043)
2025-09-22 08:00:09,653 - INFO - Creating final plots...
2025-09-22 08:00:09,659 - INFO - Training complete. Summary saved to training_gradient_evaluator_single_loss/outputs_assess_training_time/efficientvit_b0.r224_in1k/training_summary.json
2025-09-22 08:00:09,659 - INFO - Results CSV: training_gradient_evaluator_single_loss/outputs_assess_training_time/efficientvit_b0.r224_in1k/single_example_results.csv
