2025-09-24 08:30:49,241 - INFO - Parsed arguments:
2025-09-24 08:30:49,241 - INFO -   amp_dtype = None
2025-09-24 08:30:49,241 - INFO -   bars_npy = /home/projects/bagon/andreyg/Projects/BMM_school/Universal_learning/Programming/bars/geq6wrong_21017_geq6correct_1525_imagenet.npy
2025-09-24 08:30:49,241 - INFO -   cka_layer_fraction = 0.05
2025-09-24 08:30:49,241 - INFO -   current_worker = 2
2025-09-24 08:30:49,241 - INFO -   deterministic = True
2025-09-24 08:30:49,241 - INFO -   device = cuda
2025-09-24 08:30:49,241 - INFO -   epsilon = 0.001
2025-09-24 08:30:49,241 - INFO -   examples_csv = /home/projects/bagon/andreyg/Projects/BMM_school/Universal_learning/Programming/bars/geq6wrong_21017_geq6correct_1525_imagenet_examples_ammended.csv
2025-09-24 08:30:49,241 - INFO -   explicit_examples_for_training = None
2025-09-24 08:30:49,241 - INFO -   grad_clip_norm = 1.0
2025-09-24 08:30:49,242 - INFO -   hierarchy_json = /home/projects/bagon/andreyg/Projects/BMM_school/Universal_learning/Programming/bars/imagenet_synset_hierarchy.json
2025-09-24 08:30:49,242 - INFO -   imagenet_models_csv = /home/projects/bagon/andreyg/Projects/BMM_school/Universal_learning/Programming/bars/imagenet_models.csv
2025-09-24 08:30:49,242 - INFO -   lr = 0.0001
2025-09-24 08:30:49,242 - INFO -   max_examples = 50000
2025-09-24 08:30:49,242 - INFO -   max_steps_per_example = 10000
2025-09-24 08:30:49,242 - INFO -   model_csv_name = resnet_10t_176_classification_imagenet_1k
2025-09-24 08:30:49,242 - INFO -   model_name = resnet10t.c3_in1k
2025-09-24 08:30:49,242 - INFO -   no_amp = False
2025-09-24 08:30:49,242 - INFO -   num_workers = 8
2025-09-24 08:30:49,242 - INFO -   output_dir = /home/projects/bagon/andreyg/Projects/BMM_school/Universal_learning/Programming/training_gradient_evaluator_single_loss_parallel/output_parallel_8_workers_trial_3
2025-09-24 08:30:49,242 - INFO -   root_dir = None
2025-09-24 08:30:49,242 - INFO -   seed = 1337
2025-09-24 08:30:49,242 - INFO -   time_limit_seconds = 6300
2025-09-24 08:30:49,242 - INFO -   weight_decay = 0.0
2025-09-24 08:30:49,242 - INFO -   zero_aug_train = False
2025-09-24 08:30:53,510 - INFO - Loaded TIMM pretrained weights for resnet10t.c3_in1k
2025-09-24 08:30:53,510 - INFO - pretrained_cfg.url=https://github.com/rwightman/pytorch-image-models/releases/download/v0.1-rsb-weights/resnet10t_176_c3-f3215ab1.pth hf_hub_id=timm/resnet10t.c3_in1k
2025-09-24 08:30:53,835 - INFO - Training configuration:
2025-09-24 08:30:53,836 - INFO -   lr = 0.0001
2025-09-24 08:30:53,836 - INFO -   weight_decay = 0.0
2025-09-24 08:30:53,836 - INFO -   max_steps = 10000
2025-09-24 08:30:53,836 - INFO -   epsilon = 0.001
2025-09-24 08:30:53,836 - INFO -   device = cuda
2025-09-24 08:30:53,836 - INFO -   use_amp = True
2025-09-24 08:30:53,836 - INFO -   amp_dtype = None
2025-09-24 08:30:53,836 - INFO -   gradient_clip_norm = 1.0
