2025-09-15 22:57:16,243 - INFO - Parsed arguments:
2025-09-15 22:57:16,243 - INFO -   amp_dtype = None
2025-09-15 22:57:16,243 - INFO -   bars_npy = /home/projects/bagon/andreyg/Projects/BMM_school/Universal_learning/Programming/bars/geq6wrong_21017_geq6correct_1525_imagenet.npy
2025-09-15 22:57:16,243 - INFO -   cka_layer_fraction = 0.05
2025-09-15 22:57:16,243 - INFO -   deterministic = True
2025-09-15 22:57:16,243 - INFO -   device = cuda
2025-09-15 22:57:16,243 - INFO -   epsilon = 0.001
2025-09-15 22:57:16,243 - INFO -   examples_csv = /home/projects/bagon/andreyg/Projects/BMM_school/Universal_learning/Programming/bars/geq6wrong_21017_geq6correct_1525_imagenet_examples_ammended.csv
2025-09-15 22:57:16,243 - INFO -   grad_clip_norm = 1.0
2025-09-15 22:57:16,243 - INFO -   hierarchy_json = /home/projects/bagon/andreyg/Projects/BMM_school/Universal_learning/Programming/bars/imagenet_synset_hierarchy.json
2025-09-15 22:57:16,244 - INFO -   imagenet_models_csv = /home/projects/bagon/andreyg/Projects/BMM_school/Universal_learning/Programming/bars/imagenet_models.csv
2025-09-15 22:57:16,244 - INFO -   lr = 1e-05
2025-09-15 22:57:16,244 - INFO -   max_examples = 1500
2025-09-15 22:57:16,244 - INFO -   max_steps_per_example = 10000
2025-09-15 22:57:16,244 - INFO -   model_csv_name = efficientvit_medium_0_224_classification_imagenet_1k
2025-09-15 22:57:16,244 - INFO -   model_name = efficientvit_m0.r224_in1k
2025-09-15 22:57:16,244 - INFO -   no_amp = False
2025-09-15 22:57:16,244 - INFO -   output_dir = /home/projects/bagon/andreyg/Projects/BMM_school/Universal_learning/Programming/training_gradient_evaluator_single_loss/outputs_lr_0.00001_150_examples
2025-09-15 22:57:16,244 - INFO -   root_dir = None
2025-09-15 22:57:16,244 - INFO -   seed = 1337
2025-09-15 22:57:16,244 - INFO -   weight_decay = 0.0
2025-09-15 22:57:16,244 - INFO -   zero_aug_train = True
2025-09-15 22:57:16,259 - INFO - Loaded 50000 examples in difficulty order
2025-09-15 22:57:17,359 - INFO - Loaded TIMM pretrained weights for efficientvit_m0.r224_in1k
2025-09-15 22:57:17,359 - INFO - pretrained_cfg.url= hf_hub_id=timm/efficientvit_m0.r224_in1k
2025-09-15 22:57:17,806 - INFO - Stored original model weights for reset
2025-09-15 22:57:17,829 - INFO - Training configuration:
2025-09-15 22:57:17,829 - INFO -   lr = 1e-05
2025-09-15 22:57:17,829 - INFO -   weight_decay = 0.0
2025-09-15 22:57:17,829 - INFO -   max_steps = 10000
2025-09-15 22:57:17,829 - INFO -   epsilon = 0.001
2025-09-15 22:57:17,829 - INFO -   device = cuda
2025-09-15 22:57:17,829 - INFO -   use_amp = True
2025-09-15 22:57:17,829 - INFO -   amp_dtype = bfloat16
2025-09-15 22:57:17,829 - INFO -   gradient_clip_norm = 1.0
2025-09-15 22:57:17,906 - INFO - Resolved model_csv_name='efficientvit_medium_0_224_classification_imagenet_1k' to mask_row_index=1018
2025-09-15 22:57:31,042 - INFO - Selected 1500 wrong examples for training (sorted by difficulty)
2025-09-15 22:57:31,047 - INFO - Training examples (rank indices, 0-based): 21020, 21022, 21023, 21028, 21040, 21042, 21044, 21047, 21065, 21072, 21078, 21094, 21113, 21128, 21136, 21163, 21173, 21174, 21190, 21208, 21217, 21220, 21224, 21231, 21233, 21237, 21241, 21245, 21304, 21423, 21450, 21453, 21528, 21550, 21690, 21693, 21698, 21699, 21706, 21709, 21720, 21739, 21740, 21752, 21761, 21767, 21786, 21806, 21812, 21815, 21833, 21839, 21849, 21904, 21953, 21955, 21971, 21979, 21991, 22024, 22032, 22062, 22073, 22149, 22196, 22197, 22201, 22203, 22210, 22221, 22235, 22237, 22255, 22280, 22281, 22291, 22294, 22299, 22306, 22336, 22347, 22351, 22358, 22419, 22425, 22428, 22431, 22435, 22438, 22497, 22714, 22717, 22782, 22790, 22800, 22828, 22836, 22867, 22924, 22935, 22947, 23011, 23144, 23168, 23173, 23178, 23184, 23201, 23213, 23244, 23246, 23247, 23249, 23256, 23260, 23272, 23289, 23310, 23316, 23362, 23368, 23388, 23390, 23418, 23455, 23551, 23556, 23569, 23574, 23575, 23594, 23601, 23604, 23609, 23617, 23630, 23631, 23635, 23647, 23659, 23660, 23681, 23699, 23701, 23705, 23770, 23786, 23809, 23835, 23851, 23859, 23917, 23921, 23927, 23934, 23935, 23938, 23944, 23950, 23955, 23977, 23991, 23992, 24002, 24012, 24029, 24040, 24044, 24057, 24087, 24125, 24178, 24232, 24265, 24281, 24293, 24296, 24352, 24355, 24359, 24363, 24372, 24399, 24405, 24408, 24414, 24421, 24424, 24431, 24432, 24437, 24561, 24570, 24573, 24574, 24592, 24623, 24634, 24635, 24647, 24664, 24686, 24701, 24740, 24754, 24811, 24885, 24890, 24908, 24914, 24919, 24928, 24930, 24933, 24938, 24961, 24965, 24971, 24981, 25014, 25016, 25163, 25167, 25173, 25179, 25188, 25223, 25225, 25236, 25237, 25241, 25272, 25284, 25285, 25288, 25293, 25294, 25356, 25403, 25406, 25426, 25451, 25454, 25466, 25482, 25503, 25504, 25558, 25601, 25642, 25643, 25647, 25652, 25655, 25662, 25669, 25685, 25687, 25712, 25725, 25757, 25778, 25888, 25890, 25899, 25919, 25922, 25926, 25935, 25936, 25954, 25955, 25992, 26003, 26012, 26021, 26030, 26137, 26147, 26152, 26167, 26174, 26192, 26195, 26228, 26230, 26236, 26274, 26337, 26339, 26340, 26341, 26344, 26346, 26375, 26392, 26401, 26427, 26428, 26429, 26440, 26447, 26460, 26464, 26483, 26589, 26594, 26595, 26639, 26641, 26650, 26664, 26744, 26759, 26780, 26783, 26786, 26822, 26989, 26999, 27020, 27026, 27034, 27058, 27067, 27098, 27121, 27125, 27133, 27135, 27148, 27172, 27175, 27178, 27208, 27224, 27265, 27292, 27297, 27298, 27314, 27336, 27375, 27397, 27399, 27408, 27453, 27466, 27484, 27487, 27495, 27502, 27516, 27538, 27553, 27632, 27633, 27641, 27658, 27719, 27749, 27755, 27804, 27810, 27827, 27850, 27896, 27919, 27945, 27974, 27990, 27991, 28075, 28107, 28111, 28131, 28151, 28166, 28222, 28268, 28271, 28275, 28276, 28336, 28353, 28360, 28372, 28403, 28407, 28492, 28493, 28550, 28557, 28563, 28565, 28620, 28624, 28634, 28649, 28656, 28661, 28720, 28727, 28756, 28758, 28759, 28785, 28791, 28861, 28884, 28930, 28986, 28994, 29004, 29010, 29018, 29067, 29077, 29090, 29122, 29128, 29135, 29148, 29152, 29162, 29173, 29227, 29231, 29232, 29239, 29245, 29248, 29253, 29284, 29334, 29432, 29437, 29441, 29465, 29469, 29513, 29537, 29541, 29564, 29573, 29599, 29608, 29625, 29656, 29662, 29663, 29675, 29705, 29706, 29719, 29736, 29760, 29761, 29770, 29774, 29780, 29801, 29861, 29870, 29883, 29901, 29905, 29945, 29960, 29971, 29986, 30006, 30056, 30070, 30078, 30079, 30083, 30144, 30186, 30214, 30231, 30233, 30235, 30252, 30284, 30308, 30315, 30316, 30320, 30330, 30355, 30381, 30394, 30406, 30423, 30435, 30467, 30481, 30483, 30613, 30668, 30747, 30767, 30840, 30841, 30854, 30856, 30860, 30939, 30972, 30981, 31000, 31001, 31004, 31033, 31050, 31098, 31123, 31129, 31130, 31137, 31160, 31169, 31185, 31193, 31194, 31203, 31209, 31214, 31289, 31296, 31304, 31305, 31348, 31355, 31367, 31384, 31429, 31433, 31515, 31538, 31553, 31574, 31591, 31618, 31625, 31645, 31669, 31718, 31720, 31756, 31784, 31786, 31787, 31798, 31826, 31845, 31850, 31854, 31862, 31898, 31914, 31925, 31930, 31936, 31965, 31966, 31969, 32003, 32009, 32013, 32015, 32034, 32036, 32074, 32096, 32123, 32126, 32159, 32194, 32200, 32227, 32231, 32233, 32239, 32258, 32310, 32315, 32351, 32367, 32379, 32427, 32435, 32441, 32442, 32446, 32474, 32487, 32490, 32491, 32504, 32512, 32544, 32559, 32588, 32604, 32605, 32621, 32654, 32660, 32695, 32744, 32749, 32772, 32814, 32844, 32849, 32851, 32853, 32854, 32865, 32893, 32906, 32943, 32946, 32953, 32988, 33004, 33010, 33011, 33029, 33059, 33060, 33064, 33073, 33096, 33122, 33125, 33182, 33215, 33242, 33260, 33297, 33298, 33365, 33366, 33374, 33393, 33406, 33410, 33422, 33451, 33504, 33509, 33526, 33545, 33547, 33558, 33573, 33592, 33593, 33633, 33642, 33648, 33697, 33706, 33708, 33726, 33728, 33729, 33747, 33771, 33803, 33808, 33809, 33823, 33831, 33859, 33863, 33892, 33897, 33920, 33930, 33937, 33947, 33952, 33959, 33962, 33992, 34041, 34057, 34084, 34085, 34123, 34126, 34130, 34132, 34136, 34176, 34194, 34195, 34223, 34232, 34251, 34259, 34276, 34282, 34295, 34299, 34305, 34311, 34410, 34411, 34418, 34438, 34461, 34487, 34504, 34509, 34512, 34527, 34541, 34543, 34562, 34585, 34614, 34620, 34632, 34635, 34654, 34671, 34691, 34699, 34705, 34723, 34752, 34756, 34812, 34813, 34818, 34908, 34920, 34926, 34933, 34939, 34964, 34996, 35018, 35039, 35048, 35054, 35075, 35188, 35230, 35245, 35246, 35256, 35277, 35286, 35302, 35320, 35335, 35368, 35393, 35408, 35410, 35411, 35416, 35422, 35460, 35462, 35469, 35478, 35506, 35509, 35542, 35570, 35677, 35680, 35709, 35711, 35717, 35722, 35735, 35762, 35793, 35815, 35822, 35842, 35856, 35861, 35869, 35870, 35884, 35931, 35944, 35978, 35986, 36026, 36036, 36063, 36093, 36125, 36233, 36285, 36319, 36337, 36338, 36340, 36357, 36358, 36361, 36380, 36387, 36388, 36391, 36399, 36409, 36415, 36425, 36451, 36517, 36570, 36575, 36583, 36596, 36605, 36640, 36653, 36672, 36676, 36679, 36690, 36708, 36724, 36738, 36756, 36778, 36781, 36797, 36816, 36860, 36873, 36889, 36929, 36962, 36980, 37018, 37043, 37087, 37093, 37112, 37139, 37141, 37142, 37233, 37236, 37244, 37246, 37274, 37285, 37296, 37312, 37329, 37341, 37342, 37376, 37397, 37400, 37402, 37415, 37417, 37418, 37423, 37479, 37500, 37503, 37516, 37521, 37523, 37544, 37556, 37565, 37606, 37646, 37676, 37680, 37683, 37714, 37716, 37734, 37738, 37779, 37795, 37860, 37861, 37891, 37922, 37937, 37968, 37973, 37978, 37984, 37988, 38004, 38024, 38083, 38131, 38134, 38149, 38178, 38206, 38220, 38231, 38233, 38248, 38255, 38298, 38301, 38320, 38414, 38430, 38461, 38467, 38536, 38543, 38555, 38561, 38575, 38591, 38594, 38612, 38619, 38639, 38646, 38648, 38653, 38662, 38664, 38666, 38710, 38739, 38752, 38759, 38788, 38802, 38845, 38888, 38932, 38958, 39002, 39007, 39024, 39047, 39055, 39080, 39081, 39097, 39105, 39148, 39159, 39167, 39175, 39177, 39178, 39180, 39188, 39195, 39204, 39206, 39222, 39265, 39281, 39286, 39332, 39353, 39373, 39388, 39390, 39437, 39445, 39456, 39464, 39480, 39481, 39500, 39504, 39521, 39537, 39568, 39619, 39627, 39641, 39644, 39658, 39682, 39698, 39724, 39734, 39753, 39766, 39813, 39816, 39835, 39872, 39890, 39898, 39899, 39913, 39950, 39978, 39986, 40031, 40033, 40046, 40054, 40095, 40118, 40126, 40135, 40137, 40179, 40238, 40252, 40331, 40362, 40376, 40414, 40447, 40468, 40471, 40513, 40515, 40530, 40548, 40561, 40577, 40605, 40658, 40667, 40676, 40687, 40754, 40761, 40805, 40813, 40824, 40830, 40860, 40915, 40977, 41025, 41047, 41053, 41095, 41101, 41110, 41127, 41132, 41170, 41185, 41206, 41217, 41264, 41279, 41281, 41291, 41312, 41336, 41390, 41429, 41460, 41488, 41493, 41520, 41524, 41528, 41533, 41575, 41606, 41627, 41629, 41640, 41652, 41726, 41728, 41743, 41752, 41775, 41778, 41817, 41822, 41830, 41853, 41873, 41921, 41929, 41949, 41958, 41967, 41970, 41986, 42007, 42021, 42034, 42069, 42089, 42120, 42125, 42197, 42202, 42206, 42210, 42213, 42258, 42263, 42278, 42285, 42294, 42324, 42328, 42338, 42365, 42379, 42385, 42392, 42397, 42494, 42495, 42550, 42582, 42584, 42593, 42601, 42608, 42632, 42639, 42648, 42649, 42661, 42668, 42677, 42715, 42732, 42733, 42756, 42763, 42772, 42779, 42795, 42806, 42817, 42824, 42828, 42846, 42859, 42865, 42881, 42884, 42893, 42921, 42925, 42931, 42952, 42988, 43005, 43012, 43024, 43026, 43029, 43118, 43156, 43196, 43206, 43207, 43230, 43241, 43249, 43269, 43275, 43297, 43318, 43335, 43371, 43372, 43388, 43407, 43415, 43417, 43419, 43429, 43431, 43453, 43463, 43500, 43511, 43519, 43529, 43569, 43602, 43625, 43644, 43698, 43762, 43785, 43806, 43845, 43862, 43907, 43935, 43951, 43993, 43996, 44022, 44035, 44040, 44049, 44077, 44091, 44110, 44134, 44145, 44151, 44160, 44174, 44199, 44219, 44222, 44232, 44237, 44269, 44298, 44302, 44310, 44316, 44339, 44377, 44417, 44418, 44435, 44451, 44453, 44461, 44469, 44498, 44502, 44556, 44577, 44581, 44582, 44616, 44623, 44624, 44651, 44654, 44692, 44698, 44712, 44773, 44797, 44798, 44825, 44831, 44850, 44856, 44874, 44877, 44880, 44887, 44898, 44914, 44915, 44931, 44965, 44971, 44978, 44995, 45004, 45006, 45034, 45049, 45065, 45075, 45116, 45126, 45128, 45130, 45132, 45185, 45221, 45260, 45264, 45284, 45301, 45316, 45322, 45328, 45433, 45476, 45488, 45505, 45516, 45524, 45535, 45537, 45538, 45581, 45624, 45631, 45644, 45645, 45651, 45655, 45691, 45707, 45796, 45814, 45857, 45862, 45892, 45902, 45903, 45912, 45946, 45956, 45966, 45983, 46007, 46028, 46044, 46046, 46055, 46084, 46086, 46089, 46113, 46126, 46127, 46145, 46153, 46154, 46163, 46191, 46209, 46219, 46286, 46309, 46311, 46312, 46321, 46331, 46350, 46436, 46475, 46490, 46503, 46524, 46531, 46570, 46580, 46583, 46586, 46660, 46672, 46679, 46687, 46703, 46715, 46745, 46755, 46756, 46811, 46818, 46820, 46841, 46896, 46898, 46899, 46923, 46926, 46927, 46934, 46978, 46998, 46999, 47000, 47006, 47058, 47076, 47085, 47099, 47134, 47146, 47149, 47152, 47211, 47216, 47224, 47226, 47228, 47230, 47231, 47244, 47247, 47272, 47329, 47345, 47350, 47367, 47410, 47463, 47467, 47474, 47505, 47510, 47534, 47538, 47539, 47567, 47581, 47597, 47620, 47633, 47634, 47636, 47640, 47676, 47685, 47691, 47721, 47751, 47754, 47757, 47760, 47768, 47771, 47779, 47812, 47815, 47822, 47852, 47859, 47876, 47896, 47912, 47937, 47960, 47968, 47980, 47997, 48000, 48017, 48068, 48088, 48089, 48092, 48094, 48099, 48109, 48118, 48130, 48135, 48142, 48152, 48158, 48166, 48169, 48179, 48188, 48195, 48201, 48204, 48222, 48241, 48242, 48256, 48275, 48306, 48314, 48332, 48333, 48353, 48354, 48357, 48362, 48372, 48376, 48379, 48399, 48400, 48401, 48410, 48427, 48432, 48439, 48454, 48455, 48456, 48460, 48465
2025-09-15 22:57:31,074 - INFO - CKA layer subset: selecting 12/236 layers (~5%)
2025-09-15 22:57:36,976 - INFO - 
=== Training Example 1/1500: /home/projects/bagon/shared/imagenet512/val/n01980166/ILSVRC2012_val_00034670.JPEG ===
2025-09-15 23:16:39,407 - INFO - Example /home/projects/bagon/shared/imagenet512/val/n01980166/ILSVRC2012_val_00034670.JPEG never reached epsilon after 10000 steps, loss sum: 594.8141, final loss: 0.00230408, weight distance: 0.0507
2025-09-15 23:16:40,612 - INFO - Example 1 completed: -1 steps, loss sum: 594.8141, final loss: 0.00230408, weight distance: 0.0507 (universal rank: 21021)
2025-09-15 23:16:40,612 - INFO - 
=== Training Example 2/1500: /home/projects/bagon/shared/imagenet512/val/n02127052/ILSVRC2012_val_00036933.JPEG ===
2025-09-15 23:35:57,712 - INFO - Example /home/projects/bagon/shared/imagenet512/val/n02127052/ILSVRC2012_val_00036933.JPEG never reached epsilon after 10000 steps, loss sum: 63.3326, final loss: 0.00119781, weight distance: 0.0314
2025-09-15 23:35:58,763 - INFO - Example 2 completed: -1 steps, loss sum: 63.3326, final loss: 0.00119781, weight distance: 0.0314 (universal rank: 21023)
2025-09-15 23:35:58,763 - INFO - 
=== Training Example 3/1500: /home/projects/bagon/shared/imagenet512/val/n02099849/ILSVRC2012_val_00042884.JPEG ===
2025-09-15 23:55:11,925 - INFO - Example /home/projects/bagon/shared/imagenet512/val/n02099849/ILSVRC2012_val_00042884.JPEG never reached epsilon after 10000 steps, loss sum: 719.9889, final loss: 0.00415039, weight distance: 0.0543
2025-09-15 23:55:12,902 - INFO - Example 3 completed: -1 steps, loss sum: 719.9889, final loss: 0.00415039, weight distance: 0.0543 (universal rank: 21024)
2025-09-15 23:55:12,902 - INFO - 
=== Training Example 4/1500: /home/projects/bagon/shared/imagenet512/val/n01774750/ILSVRC2012_val_00030405.JPEG ===
2025-09-16 00:14:04,887 - INFO - Example /home/projects/bagon/shared/imagenet512/val/n01774750/ILSVRC2012_val_00030405.JPEG never reached epsilon after 10000 steps, loss sum: 1893.4972, final loss: 0.00294495, weight distance: 0.0581
2025-09-16 00:14:06,617 - INFO - Example 4 completed: -1 steps, loss sum: 1893.4972, final loss: 0.00294495, weight distance: 0.0581 (universal rank: 21029)
2025-09-16 00:14:06,617 - INFO - 
=== Training Example 5/1500: /home/projects/bagon/shared/imagenet512/val/n01531178/ILSVRC2012_val_00009831.JPEG ===
2025-09-16 00:32:58,626 - INFO - Example /home/projects/bagon/shared/imagenet512/val/n01531178/ILSVRC2012_val_00009831.JPEG never reached epsilon after 10000 steps, loss sum: 780.6169, final loss: 0.00552368, weight distance: 0.0569
2025-09-16 00:32:59,443 - INFO - Example 5 completed: -1 steps, loss sum: 780.6169, final loss: 0.00552368, weight distance: 0.0569 (universal rank: 21041)
2025-09-16 00:32:59,443 - INFO - 
=== Training Example 6/1500: /home/projects/bagon/shared/imagenet512/val/n03794056/ILSVRC2012_val_00009087.JPEG ===
2025-09-16 00:51:50,278 - INFO - Example /home/projects/bagon/shared/imagenet512/val/n03794056/ILSVRC2012_val_00009087.JPEG never reached epsilon after 10000 steps, loss sum: 1805.0431, final loss: 0.00256348, weight distance: 0.0518
2025-09-16 00:51:51,068 - INFO - Example 6 completed: -1 steps, loss sum: 1805.0431, final loss: 0.00256348, weight distance: 0.0518 (universal rank: 21043)
2025-09-16 00:51:51,068 - INFO - 
=== Training Example 7/1500: /home/projects/bagon/shared/imagenet512/val/n01630670/ILSVRC2012_val_00000498.JPEG ===
2025-09-16 01:10:39,846 - INFO - Example /home/projects/bagon/shared/imagenet512/val/n01630670/ILSVRC2012_val_00000498.JPEG never reached epsilon after 10000 steps, loss sum: 2042.4819, final loss: 0.01080322, weight distance: 0.0632
2025-09-16 01:10:40,630 - INFO - Example 7 completed: -1 steps, loss sum: 2042.4819, final loss: 0.01080322, weight distance: 0.0632 (universal rank: 21045)
2025-09-16 01:10:40,630 - INFO - 
=== Training Example 8/1500: /home/projects/bagon/shared/imagenet512/val/n04127249/ILSVRC2012_val_00033544.JPEG ===
2025-09-16 01:29:28,058 - INFO - Example /home/projects/bagon/shared/imagenet512/val/n04127249/ILSVRC2012_val_00033544.JPEG never reached epsilon after 10000 steps, loss sum: 3241.2030, final loss: 0.00970459, weight distance: 0.0537
2025-09-16 01:29:29,673 - INFO - Example 8 completed: -1 steps, loss sum: 3241.2030, final loss: 0.00970459, weight distance: 0.0537 (universal rank: 21048)
2025-09-16 01:29:29,673 - INFO - 
=== Training Example 9/1500: /home/projects/bagon/shared/imagenet512/val/n02018207/ILSVRC2012_val_00006231.JPEG ===
2025-09-16 01:48:16,410 - INFO - Example /home/projects/bagon/shared/imagenet512/val/n02018207/ILSVRC2012_val_00006231.JPEG never reached epsilon after 10000 steps, loss sum: 1287.2677, final loss: 0.00408936, weight distance: 0.0640
2025-09-16 01:48:17,464 - INFO - Example 9 completed: -1 steps, loss sum: 1287.2677, final loss: 0.00408936, weight distance: 0.0640 (universal rank: 21066)
2025-09-16 01:48:17,464 - INFO - 
=== Training Example 10/1500: /home/projects/bagon/shared/imagenet512/val/n04507155/ILSVRC2012_val_00039938.JPEG ===
2025-09-16 02:07:08,625 - INFO - Example /home/projects/bagon/shared/imagenet512/val/n04507155/ILSVRC2012_val_00039938.JPEG never reached epsilon after 10000 steps, loss sum: 1656.4851, final loss: 0.00221252, weight distance: 0.0450
2025-09-16 02:07:09,420 - INFO - Example 10 completed: -1 steps, loss sum: 1656.4851, final loss: 0.00221252, weight distance: 0.0450 (universal rank: 21073)
2025-09-16 02:07:09,421 - INFO - 
=== Training Example 11/1500: /home/projects/bagon/shared/imagenet512/val/n03584829/ILSVRC2012_val_00034648.JPEG ===
2025-09-16 02:26:00,443 - INFO - Example /home/projects/bagon/shared/imagenet512/val/n03584829/ILSVRC2012_val_00034648.JPEG never reached epsilon after 10000 steps, loss sum: 702.0830, final loss: 0.00128937, weight distance: 0.0379
2025-09-16 02:26:02,287 - INFO - Example 11 completed: -1 steps, loss sum: 702.0830, final loss: 0.00128937, weight distance: 0.0379 (universal rank: 21079)
2025-09-16 02:26:02,287 - INFO - 
=== Training Example 12/1500: /home/projects/bagon/shared/imagenet512/val/n03127747/ILSVRC2012_val_00001689.JPEG ===
2025-09-16 02:44:44,801 - INFO - Example /home/projects/bagon/shared/imagenet512/val/n03127747/ILSVRC2012_val_00001689.JPEG never reached epsilon after 10000 steps, loss sum: 958.1087, final loss: 0.00402832, weight distance: 0.0545
2025-09-16 02:44:45,583 - INFO - Example 12 completed: -1 steps, loss sum: 958.1087, final loss: 0.00402832, weight distance: 0.0545 (universal rank: 21095)
2025-09-16 02:44:45,583 - INFO - 
=== Training Example 13/1500: /home/projects/bagon/shared/imagenet512/val/n02086240/ILSVRC2012_val_00004557.JPEG ===
2025-09-16 03:03:33,974 - INFO - Example /home/projects/bagon/shared/imagenet512/val/n02086240/ILSVRC2012_val_00004557.JPEG never reached epsilon after 10000 steps, loss sum: 2663.3577, final loss: 0.04003906, weight distance: 0.0661
2025-09-16 03:03:35,072 - INFO - Example 13 completed: -1 steps, loss sum: 2663.3577, final loss: 0.04003906, weight distance: 0.0661 (universal rank: 21114)
2025-09-16 03:03:35,072 - INFO - 
=== Training Example 14/1500: /home/projects/bagon/shared/imagenet512/val/n03868242/ILSVRC2012_val_00009767.JPEG ===
2025-09-16 03:22:18,821 - INFO - Example /home/projects/bagon/shared/imagenet512/val/n03868242/ILSVRC2012_val_00009767.JPEG never reached epsilon after 10000 steps, loss sum: 1882.0882, final loss: 0.01458740, weight distance: 0.0689
2025-09-16 03:22:19,754 - INFO - Example 14 completed: -1 steps, loss sum: 1882.0882, final loss: 0.01458740, weight distance: 0.0689 (universal rank: 21129)
2025-09-16 03:22:19,754 - INFO - 
=== Training Example 15/1500: /home/projects/bagon/shared/imagenet512/val/n04141975/ILSVRC2012_val_00008190.JPEG ===
2025-09-16 03:41:02,656 - INFO - Example /home/projects/bagon/shared/imagenet512/val/n04141975/ILSVRC2012_val_00008190.JPEG never reached epsilon after 10000 steps, loss sum: 5158.4715, final loss: 0.00183105, weight distance: 0.0643
2025-09-16 03:41:04,392 - INFO - Example 15 completed: -1 steps, loss sum: 5158.4715, final loss: 0.00183105, weight distance: 0.0643 (universal rank: 21137)
2025-09-16 03:41:04,393 - INFO - 
=== Training Example 16/1500: /home/projects/bagon/shared/imagenet512/val/n07583066/ILSVRC2012_val_00043744.JPEG ===
2025-09-16 03:59:47,640 - INFO - Example /home/projects/bagon/shared/imagenet512/val/n07583066/ILSVRC2012_val_00043744.JPEG never reached epsilon after 10000 steps, loss sum: 540.8248, final loss: 0.00177765, weight distance: 0.0585
2025-09-16 03:59:49,468 - INFO - Example 16 completed: -1 steps, loss sum: 540.8248, final loss: 0.00177765, weight distance: 0.0585 (universal rank: 21164)
2025-09-16 03:59:49,469 - INFO - 
=== Training Example 17/1500: /home/projects/bagon/shared/imagenet512/val/n03742115/ILSVRC2012_val_00043885.JPEG ===
2025-09-16 04:18:36,698 - INFO - Example /home/projects/bagon/shared/imagenet512/val/n03742115/ILSVRC2012_val_00043885.JPEG never reached epsilon after 10000 steps, loss sum: 1265.0166, final loss: 0.00283813, weight distance: 0.0527
2025-09-16 04:18:37,481 - INFO - Example 17 completed: -1 steps, loss sum: 1265.0166, final loss: 0.00283813, weight distance: 0.0527 (universal rank: 21174)
2025-09-16 04:18:37,482 - INFO - 
=== Training Example 18/1500: /home/projects/bagon/shared/imagenet512/val/n04540053/ILSVRC2012_val_00028392.JPEG ===
2025-09-16 04:37:21,621 - INFO - Example /home/projects/bagon/shared/imagenet512/val/n04540053/ILSVRC2012_val_00028392.JPEG never reached epsilon after 10000 steps, loss sum: 1714.4867, final loss: 0.00207520, weight distance: 0.0492
2025-09-16 04:37:22,533 - INFO - Example 18 completed: -1 steps, loss sum: 1714.4867, final loss: 0.00207520, weight distance: 0.0492 (universal rank: 21175)
2025-09-16 04:37:22,533 - INFO - 
=== Training Example 19/1500: /home/projects/bagon/shared/imagenet512/val/n02009912/ILSVRC2012_val_00005474.JPEG ===
2025-09-16 04:56:09,474 - INFO - Example /home/projects/bagon/shared/imagenet512/val/n02009912/ILSVRC2012_val_00005474.JPEG never reached epsilon after 10000 steps, loss sum: 1612.0873, final loss: 0.01672363, weight distance: 0.0744
2025-09-16 04:56:10,582 - INFO - Example 19 completed: -1 steps, loss sum: 1612.0873, final loss: 0.01672363, weight distance: 0.0744 (universal rank: 21191)
2025-09-16 04:56:10,582 - INFO - 
=== Training Example 20/1500: /home/projects/bagon/shared/imagenet512/val/n02111129/ILSVRC2012_val_00026684.JPEG ===
2025-09-16 05:14:51,374 - INFO - Example /home/projects/bagon/shared/imagenet512/val/n02111129/ILSVRC2012_val_00026684.JPEG never reached epsilon after 10000 steps, loss sum: 704.0504, final loss: 0.00433350, weight distance: 0.0543
2025-09-16 05:14:52,526 - INFO - Example 20 completed: -1 steps, loss sum: 704.0504, final loss: 0.00433350, weight distance: 0.0543 (universal rank: 21209)
2025-09-16 05:14:52,526 - INFO - 
=== Training Example 21/1500: /home/projects/bagon/shared/imagenet512/val/n07697313/ILSVRC2012_val_00018040.JPEG ===
2025-09-16 05:33:35,256 - INFO - Example /home/projects/bagon/shared/imagenet512/val/n07697313/ILSVRC2012_val_00018040.JPEG never reached epsilon after 10000 steps, loss sum: 569.3426, final loss: 0.00263977, weight distance: 0.0553
2025-09-16 05:33:36,153 - INFO - Example 21 completed: -1 steps, loss sum: 569.3426, final loss: 0.00263977, weight distance: 0.0553 (universal rank: 21218)
2025-09-16 05:33:36,153 - INFO - 
=== Training Example 22/1500: /home/projects/bagon/shared/imagenet512/val/n01560419/ILSVRC2012_val_00031649.JPEG ===
2025-09-16 05:52:22,190 - INFO - Example /home/projects/bagon/shared/imagenet512/val/n01560419/ILSVRC2012_val_00031649.JPEG never reached epsilon after 10000 steps, loss sum: 329.7337, final loss: 0.00250244, weight distance: 0.0456
2025-09-16 05:52:23,015 - INFO - Example 22 completed: -1 steps, loss sum: 329.7337, final loss: 0.00250244, weight distance: 0.0456 (universal rank: 21221)
2025-09-16 05:52:23,015 - INFO - 
=== Training Example 23/1500: /home/projects/bagon/shared/imagenet512/val/n02094114/ILSVRC2012_val_00031981.JPEG ===
2025-09-16 06:11:12,652 - INFO - Example /home/projects/bagon/shared/imagenet512/val/n02094114/ILSVRC2012_val_00031981.JPEG never reached epsilon after 10000 steps, loss sum: 4096.8406, final loss: 0.05468750, weight distance: 0.0787
2025-09-16 06:11:13,448 - INFO - Example 23 completed: -1 steps, loss sum: 4096.8406, final loss: 0.05468750, weight distance: 0.0787 (universal rank: 21225)
2025-09-16 06:11:13,448 - INFO - 
=== Training Example 24/1500: /home/projects/bagon/shared/imagenet512/val/n02480855/ILSVRC2012_val_00044145.JPEG ===
2025-09-16 06:30:00,916 - INFO - Example /home/projects/bagon/shared/imagenet512/val/n02480855/ILSVRC2012_val_00044145.JPEG never reached epsilon after 10000 steps, loss sum: 856.0591, final loss: 0.00573730, weight distance: 0.0540
2025-09-16 06:30:01,771 - INFO - Example 24 completed: -1 steps, loss sum: 856.0591, final loss: 0.00573730, weight distance: 0.0540 (universal rank: 21232)
2025-09-16 06:30:01,771 - INFO - 
=== Training Example 25/1500: /home/projects/bagon/shared/imagenet512/val/n01820546/ILSVRC2012_val_00037672.JPEG ===
2025-09-16 06:48:49,625 - INFO - Example /home/projects/bagon/shared/imagenet512/val/n01820546/ILSVRC2012_val_00037672.JPEG never reached epsilon after 10000 steps, loss sum: 6304.9009, final loss: 0.00646973, weight distance: 0.0669
2025-09-16 06:48:51,898 - INFO - Example 25 completed: -1 steps, loss sum: 6304.9009, final loss: 0.00646973, weight distance: 0.0669 (universal rank: 21234)
2025-09-16 06:48:51,898 - INFO - 
=== Training Example 26/1500: /home/projects/bagon/shared/imagenet512/val/n04442312/ILSVRC2012_val_00026916.JPEG ===
2025-09-16 07:07:35,762 - INFO - Example /home/projects/bagon/shared/imagenet512/val/n04442312/ILSVRC2012_val_00026916.JPEG never reached epsilon after 10000 steps, loss sum: 722.5847, final loss: 0.00177002, weight distance: 0.0450
2025-09-16 07:07:37,115 - INFO - Example 26 completed: -1 steps, loss sum: 722.5847, final loss: 0.00177002, weight distance: 0.0450 (universal rank: 21238)
2025-09-16 07:07:37,115 - INFO - 
=== Training Example 27/1500: /home/projects/bagon/shared/imagenet512/val/n02113978/ILSVRC2012_val_00014711.JPEG ===
2025-09-16 07:26:28,583 - INFO - Example /home/projects/bagon/shared/imagenet512/val/n02113978/ILSVRC2012_val_00014711.JPEG never reached epsilon after 10000 steps, loss sum: 359.2267, final loss: 0.00111389, weight distance: 0.0379
2025-09-16 07:26:33,609 - INFO - Example 27 completed: -1 steps, loss sum: 359.2267, final loss: 0.00111389, weight distance: 0.0379 (universal rank: 21242)
2025-09-16 07:26:33,609 - INFO - 
=== Training Example 28/1500: /home/projects/bagon/shared/imagenet512/val/n02408429/ILSVRC2012_val_00008103.JPEG ===
2025-09-16 07:45:44,877 - INFO - Example /home/projects/bagon/shared/imagenet512/val/n02408429/ILSVRC2012_val_00008103.JPEG never reached epsilon after 10000 steps, loss sum: 628.7059, final loss: 0.00350952, weight distance: 0.0534
2025-09-16 07:45:48,011 - INFO - Example 28 completed: -1 steps, loss sum: 628.7059, final loss: 0.00350952, weight distance: 0.0534 (universal rank: 21246)
2025-09-16 07:45:48,011 - INFO - 
=== Training Example 29/1500: /home/projects/bagon/shared/imagenet512/val/n04523525/ILSVRC2012_val_00018504.JPEG ===
2025-09-16 08:04:55,512 - INFO - Example /home/projects/bagon/shared/imagenet512/val/n04523525/ILSVRC2012_val_00018504.JPEG never reached epsilon after 10000 steps, loss sum: 629.7820, final loss: 0.00549316, weight distance: 0.0632
2025-09-16 08:04:59,173 - INFO - Example 29 completed: -1 steps, loss sum: 629.7820, final loss: 0.00549316, weight distance: 0.0632 (universal rank: 21305)
2025-09-16 08:04:59,173 - INFO - 
=== Training Example 30/1500: /home/projects/bagon/shared/imagenet512/val/n02277742/ILSVRC2012_val_00015608.JPEG ===
2025-09-16 08:24:05,079 - INFO - Example /home/projects/bagon/shared/imagenet512/val/n02277742/ILSVRC2012_val_00015608.JPEG never reached epsilon after 10000 steps, loss sum: 3311.8478, final loss: 0.00509644, weight distance: 0.0602
2025-09-16 08:24:13,350 - INFO - Example 30 completed: -1 steps, loss sum: 3311.8478, final loss: 0.00509644, weight distance: 0.0602 (universal rank: 21424)
2025-09-16 08:24:13,350 - INFO - 
=== Training Example 31/1500: /home/projects/bagon/shared/imagenet512/val/n04070727/ILSVRC2012_val_00018472.JPEG ===
2025-09-16 08:42:48,714 - INFO - Example /home/projects/bagon/shared/imagenet512/val/n04070727/ILSVRC2012_val_00018472.JPEG reached epsilon at step 9736, loss sum: 1195.1875, final loss: 0.00096512, weight distance: 0.0498
2025-09-16 08:42:50,153 - INFO - Example 31 completed: 9736 steps, loss sum: 1195.1875, final loss: 0.00096512, weight distance: 0.0498 (universal rank: 21451)
2025-09-16 08:42:50,153 - INFO - 
=== Training Example 32/1500: /home/projects/bagon/shared/imagenet512/val/n07875152/ILSVRC2012_val_00015388.JPEG ===
2025-09-16 09:01:36,744 - INFO - Example /home/projects/bagon/shared/imagenet512/val/n07875152/ILSVRC2012_val_00015388.JPEG never reached epsilon after 10000 steps, loss sum: 1163.9450, final loss: 0.00329590, weight distance: 0.0579
2025-09-16 09:01:37,562 - INFO - Example 32 completed: -1 steps, loss sum: 1163.9450, final loss: 0.00329590, weight distance: 0.0579 (universal rank: 21454)
2025-09-16 09:01:37,562 - INFO - 
=== Training Example 33/1500: /home/projects/bagon/shared/imagenet512/val/n02106550/ILSVRC2012_val_00014320.JPEG ===
2025-09-16 09:20:25,939 - INFO - Example /home/projects/bagon/shared/imagenet512/val/n02106550/ILSVRC2012_val_00014320.JPEG never reached epsilon after 10000 steps, loss sum: 2080.0283, final loss: 0.03808594, weight distance: 0.0532
2025-09-16 09:20:26,695 - INFO - Example 33 completed: -1 steps, loss sum: 2080.0283, final loss: 0.03808594, weight distance: 0.0532 (universal rank: 21529)
2025-09-16 09:20:26,695 - INFO - 
=== Training Example 34/1500: /home/projects/bagon/shared/imagenet512/val/n02114855/ILSVRC2012_val_00035375.JPEG ===
2025-09-16 09:39:09,668 - INFO - Example /home/projects/bagon/shared/imagenet512/val/n02114855/ILSVRC2012_val_00035375.JPEG never reached epsilon after 10000 steps, loss sum: 3482.8939, final loss: 0.00885010, weight distance: 0.0693
2025-09-16 09:39:11,528 - INFO - Example 34 completed: -1 steps, loss sum: 3482.8939, final loss: 0.00885010, weight distance: 0.0693 (universal rank: 21551)
2025-09-16 09:39:11,528 - INFO - 
=== Training Example 35/1500: /home/projects/bagon/shared/imagenet512/val/n01944390/ILSVRC2012_val_00036200.JPEG ===
