2025-09-22 07:25:15,352 - INFO - Parsed arguments:
2025-09-22 07:25:15,352 - INFO -   amp_dtype = None
2025-09-22 07:25:15,352 - INFO -   bars_npy = bars/geq6wrong_21017_geq6correct_1525_imagenet.npy
2025-09-22 07:25:15,352 - INFO -   cka_layer_fraction = 0.0
2025-09-22 07:25:15,352 - INFO -   deterministic = True
2025-09-22 07:25:15,352 - INFO -   device = cuda
2025-09-22 07:25:15,352 - INFO -   epsilon = 0.001
2025-09-22 07:25:15,352 - INFO -   examples_csv = bars/geq6wrong_21017_geq6correct_1525_imagenet_examples_ammended.csv
2025-09-22 07:25:15,352 - INFO -   explicit_examples_for_training = None
2025-09-22 07:25:15,352 - INFO -   grad_clip_norm = 1.0
2025-09-22 07:25:15,352 - INFO -   hierarchy_json = bars/imagenet_synset_hierarchy.json
2025-09-22 07:25:15,353 - INFO -   imagenet_models_csv = bars/imagenet_models.csv
2025-09-22 07:25:15,353 - INFO -   lr = 0.0001
2025-09-22 07:25:15,353 - INFO -   max_examples = 1
2025-09-22 07:25:15,353 - INFO -   max_steps_per_example = 10000
2025-09-22 07:25:15,353 - INFO -   model_csv_name = resnet_18_160_classification_imagenet_1k
2025-09-22 07:25:15,353 - INFO -   model_name = resnet18.a3_in1k
2025-09-22 07:25:15,353 - INFO -   no_amp = False
2025-09-22 07:25:15,353 - INFO -   output_dir = training_gradient_evaluator_single_loss/outputs_assess_training_time
2025-09-22 07:25:15,353 - INFO -   root_dir = None
2025-09-22 07:25:15,353 - INFO -   seed = 1337
2025-09-22 07:25:15,353 - INFO -   weight_decay = 0
2025-09-22 07:25:15,353 - INFO -   zero_aug_train = True
2025-09-22 07:25:15,362 - INFO - Loaded 50000 examples in difficulty order
2025-09-22 07:25:16,152 - INFO - Loaded TIMM pretrained weights for resnet18.a3_in1k
2025-09-22 07:25:16,152 - INFO - pretrained_cfg.url=https://github.com/huggingface/pytorch-image-models/releases/download/v0.1-rsb-weights/resnet18_a3_0-40c531c8.pth hf_hub_id=timm/resnet18.a3_in1k
2025-09-22 07:25:16,496 - INFO - Stored original model weights for reset
2025-09-22 07:25:16,503 - INFO - Training configuration:
2025-09-22 07:25:16,503 - INFO -   lr = 0.0001
2025-09-22 07:25:16,503 - INFO -   weight_decay = 0
2025-09-22 07:25:16,503 - INFO -   max_steps = 10000
2025-09-22 07:25:16,503 - INFO -   epsilon = 0.001
2025-09-22 07:25:16,503 - INFO -   device = cuda
2025-09-22 07:25:16,503 - INFO -   use_amp = True
2025-09-22 07:25:16,503 - INFO -   amp_dtype = bfloat16
2025-09-22 07:25:16,503 - INFO -   gradient_clip_norm = 1.0
2025-09-22 07:25:16,519 - INFO - Resolved model_csv_name='resnet_18_160_classification_imagenet_1k' to mask_row_index=1015
2025-09-22 07:25:18,309 - INFO - Selected 1 wrong examples for training (sorted by difficulty)
2025-09-22 07:25:18,311 - INFO - Training examples (rank indices, 0-based): 21037
2025-09-22 07:25:18,324 - INFO - CKA disabled: cka_layer_fraction == 0. Skipping all CKA computations.
2025-09-22 07:25:18,325 - INFO - 
=== Training Example 1/1: /home/projects/bagon/shared/imagenet512/val/n02787622/ILSVRC2012_val_00009566.JPEG ===
2025-09-22 07:27:27,437 - INFO - Example /home/projects/bagon/shared/imagenet512/val/n02787622/ILSVRC2012_val_00009566.JPEG reached epsilon at step 8842, loss sum: 4348.0123, final loss: 0.00099945, weight distance: 0.2808
2025-09-22 07:27:27,445 - INFO - Example 1 completed: 8842 steps, loss sum: 4348.0123, final loss: 0.00099945, weight distance: 0.2808 (universal rank: 21038)
2025-09-22 07:27:27,445 - INFO - Creating final plots...
2025-09-22 07:27:27,450 - INFO - Training complete. Summary saved to training_gradient_evaluator_single_loss/outputs_assess_training_time/resnet18.a3_in1k/training_summary.json
2025-09-22 07:27:27,450 - INFO - Results CSV: training_gradient_evaluator_single_loss/outputs_assess_training_time/resnet18.a3_in1k/single_example_results.csv
