2025-09-15 22:55:10,244 - INFO - Parsed arguments:
2025-09-15 22:55:10,244 - INFO -   amp_dtype = None
2025-09-15 22:55:10,244 - INFO -   bars_npy = /home/projects/bagon/andreyg/Projects/BMM_school/Universal_learning/Programming/bars/geq6wrong_21017_geq6correct_1525_imagenet.npy
2025-09-15 22:55:10,244 - INFO -   cka_layer_fraction = 0.05
2025-09-15 22:55:10,244 - INFO -   deterministic = True
2025-09-15 22:55:10,244 - INFO -   device = cuda
2025-09-15 22:55:10,244 - INFO -   epsilon = 0.001
2025-09-15 22:55:10,244 - INFO -   examples_csv = /home/projects/bagon/andreyg/Projects/BMM_school/Universal_learning/Programming/bars/geq6wrong_21017_geq6correct_1525_imagenet_examples_ammended.csv
2025-09-15 22:55:10,244 - INFO -   grad_clip_norm = 1.0
2025-09-15 22:55:10,244 - INFO -   hierarchy_json = /home/projects/bagon/andreyg/Projects/BMM_school/Universal_learning/Programming/bars/imagenet_synset_hierarchy.json
2025-09-15 22:55:10,244 - INFO -   imagenet_models_csv = /home/projects/bagon/andreyg/Projects/BMM_school/Universal_learning/Programming/bars/imagenet_models.csv
2025-09-15 22:55:10,244 - INFO -   lr = 0.0005
2025-09-15 22:55:10,244 - INFO -   max_examples = 150
2025-09-15 22:55:10,244 - INFO -   max_steps_per_example = 10000
2025-09-15 22:55:10,244 - INFO -   model_csv_name = efficientvit_medium_2_224_classification_imagenet_1k
2025-09-15 22:55:10,244 - INFO -   model_name = efficientvit_m2.r224_in1k
2025-09-15 22:55:10,244 - INFO -   no_amp = False
2025-09-15 22:55:10,244 - INFO -   output_dir = /home/projects/bagon/andreyg/Projects/BMM_school/Universal_learning/Programming/training_gradient_evaluator_single_loss/outputs_lr_0.0005_150_examples
2025-09-15 22:55:10,244 - INFO -   root_dir = None
2025-09-15 22:55:10,244 - INFO -   seed = 1337
2025-09-15 22:55:10,244 - INFO -   weight_decay = 0.0
2025-09-15 22:55:10,244 - INFO -   zero_aug_train = True
2025-09-15 22:55:10,253 - INFO - Loaded 50000 examples in difficulty order
2025-09-15 22:55:11,136 - INFO - Loaded TIMM pretrained weights for efficientvit_m2.r224_in1k
2025-09-15 22:55:11,136 - INFO - pretrained_cfg.url= hf_hub_id=timm/efficientvit_m2.r224_in1k
2025-09-15 22:55:11,573 - INFO - Stored original model weights for reset
2025-09-15 22:55:11,587 - INFO - Training configuration:
2025-09-15 22:55:11,587 - INFO -   lr = 0.0005
2025-09-15 22:55:11,587 - INFO -   weight_decay = 0.0
2025-09-15 22:55:11,587 - INFO -   max_steps = 10000
2025-09-15 22:55:11,587 - INFO -   epsilon = 0.001
2025-09-15 22:55:11,587 - INFO -   device = cuda
2025-09-15 22:55:11,587 - INFO -   use_amp = True
2025-09-15 22:55:11,587 - INFO -   amp_dtype = bfloat16
2025-09-15 22:55:11,587 - INFO -   gradient_clip_norm = 1.0
2025-09-15 22:55:11,664 - INFO - Resolved model_csv_name='efficientvit_medium_2_224_classification_imagenet_1k' to mask_row_index=989
2025-09-15 22:55:32,798 - INFO - Selected 150 wrong examples for training (sorted by difficulty)
2025-09-15 22:55:32,801 - INFO - Training examples (rank indices, 0-based): 21178, 21374, 21534, 21799, 22049, 22132, 22449, 22714, 23156, 23200, 23287, 23310, 23381, 23490, 23701, 23994, 24060, 24430, 24586, 24794, 24913, 25057, 25193, 25232, 25458, 25585, 25689, 25915, 26206, 26386, 26577, 26619, 26952, 27294, 27297, 27488, 28397, 28426, 28551, 28849, 29036, 29224, 29439, 29489, 29543, 29704, 30055, 30146, 30181, 30676, 30897, 31138, 31396, 31407, 31697, 31896, 32386, 32441, 32599, 33026, 33177, 33188, 33250, 33387, 33454, 33557, 33592, 33742, 33850, 33962, 34090, 34160, 34203, 34259, 34330, 34498, 34613, 34731, 34812, 35003, 35565, 36510, 36538, 36596, 36651, 36836, 36935, 37009, 37229, 37279, 37363, 37461, 37549, 38574, 38659, 38696, 38779, 39026, 39198, 39537, 39606, 39620, 39723, 39760, 40131, 40153, 40499, 40531, 40590, 40605, 40743, 41090, 41163, 41244, 41871, 42239, 42253, 42327, 42434, 42680, 42802, 42814, 42864, 42919, 42956, 43017, 43043, 43558, 43821, 44053, 44190, 44272, 44317, 44327, 44914, 45008, 45064, 46031, 46188, 46291, 46455, 46916, 46961, 47246, 47740, 47812, 47928, 47962, 47991, 48086
2025-09-15 22:55:32,912 - INFO - CKA layer subset: selecting 10/204 layers (~5%)
