2025-09-15 23:01:41,955 - INFO - Parsed arguments:
2025-09-15 23:01:41,955 - INFO -   amp_dtype = None
2025-09-15 23:01:41,955 - INFO -   bars_npy = /home/projects/bagon/andreyg/Projects/BMM_school/Universal_learning/Programming/bars/geq6wrong_21017_geq6correct_1525_imagenet.npy
2025-09-15 23:01:41,955 - INFO -   cka_layer_fraction = 0.05
2025-09-15 23:01:41,955 - INFO -   deterministic = True
2025-09-15 23:01:41,955 - INFO -   device = cuda
2025-09-15 23:01:41,955 - INFO -   epsilon = 0.001
2025-09-15 23:01:41,955 - INFO -   examples_csv = /home/projects/bagon/andreyg/Projects/BMM_school/Universal_learning/Programming/bars/geq6wrong_21017_geq6correct_1525_imagenet_examples_ammended.csv
2025-09-15 23:01:41,955 - INFO -   grad_clip_norm = 1.0
2025-09-15 23:01:41,955 - INFO -   hierarchy_json = /home/projects/bagon/andreyg/Projects/BMM_school/Universal_learning/Programming/bars/imagenet_synset_hierarchy.json
2025-09-15 23:01:41,955 - INFO -   imagenet_models_csv = /home/projects/bagon/andreyg/Projects/BMM_school/Universal_learning/Programming/bars/imagenet_models.csv
2025-09-15 23:01:41,955 - INFO -   lr = 0.0005
2025-09-15 23:01:41,955 - INFO -   max_examples = 1500
2025-09-15 23:01:41,955 - INFO -   max_steps_per_example = 10000
2025-09-15 23:01:41,955 - INFO -   model_csv_name = efficientvit_medium_0_224_classification_imagenet_1k
2025-09-15 23:01:41,955 - INFO -   model_name = efficientvit_m0.r224_in1k
2025-09-15 23:01:41,955 - INFO -   no_amp = False
2025-09-15 23:01:41,956 - INFO -   output_dir = /home/projects/bagon/andreyg/Projects/BMM_school/Universal_learning/Programming/training_gradient_evaluator_single_loss/outputs_lr_0.0005_150_examples
2025-09-15 23:01:41,956 - INFO -   root_dir = None
2025-09-15 23:01:41,956 - INFO -   seed = 1337
2025-09-15 23:01:41,956 - INFO -   weight_decay = 0.0
2025-09-15 23:01:41,956 - INFO -   zero_aug_train = True
2025-09-15 23:01:41,966 - INFO - Loaded 50000 examples in difficulty order
2025-09-15 23:01:42,689 - INFO - Loaded TIMM pretrained weights for efficientvit_m0.r224_in1k
2025-09-15 23:01:42,689 - INFO - pretrained_cfg.url= hf_hub_id=timm/efficientvit_m0.r224_in1k
2025-09-15 23:01:43,998 - INFO - Stored original model weights for reset
2025-09-15 23:01:44,007 - INFO - Training configuration:
2025-09-15 23:01:44,007 - INFO -   lr = 0.0005
2025-09-15 23:01:44,007 - INFO -   weight_decay = 0.0
2025-09-15 23:01:44,007 - INFO -   max_steps = 10000
2025-09-15 23:01:44,007 - INFO -   epsilon = 0.001
2025-09-15 23:01:44,007 - INFO -   device = cuda
2025-09-15 23:01:44,007 - INFO -   use_amp = True
2025-09-15 23:01:44,007 - INFO -   amp_dtype = bfloat16
2025-09-15 23:01:44,007 - INFO -   gradient_clip_norm = 1.0
2025-09-15 23:01:44,090 - INFO - Resolved model_csv_name='efficientvit_medium_0_224_classification_imagenet_1k' to mask_row_index=1018
2025-09-15 23:01:49,953 - INFO - Selected 150 wrong examples for training (sorted by difficulty)
2025-09-15 23:01:49,957 - INFO - Training examples (rank indices, 0-based): 21065, 21220, 21224, 21231, 21528, 21767, 21812, 22281, 22358, 22867, 22935, 23144, 23178, 23244, 23289, 23574, 23786, 23927, 24125, 24265, 24570, 24647, 24908, 24938, 25188, 25356, 25454, 25647, 25955, 26137, 26236, 26344, 26650, 27026, 27034, 27208, 28131, 28166, 28336, 28565, 28759, 28930, 29135, 29231, 29284, 29465, 29870, 29971, 30006, 30435, 30668, 30860, 31123, 31129, 31433, 31625, 32159, 32227, 32427, 32865, 33011, 33029, 33096, 33215, 33298, 33393, 33422, 33573, 33648, 33729, 33863, 33952, 33992, 34057, 34126, 34299, 34418, 34543, 34632, 34818, 35422, 36358, 36391, 36451, 36517, 36679, 36781, 36873, 37093, 37141, 37233, 37329, 37418, 38467, 38543, 38575, 38666, 38932, 39097, 39445, 39521, 39537, 39644, 39682, 40031, 40046, 40414, 40447, 40513, 40530, 40667, 41025, 41101, 41185, 41817, 42202, 42213, 42285, 42397, 42639, 42763, 42772, 42828, 42884, 42925, 42988, 43012, 43529, 43785, 44040, 44174, 44175, 44302, 44316, 44915, 45006, 45065, 46046, 46151, 46311, 46475, 46934, 46978, 47272, 47754, 47822, 47937, 47968, 47997, 48089
2025-09-15 23:01:49,999 - INFO - CKA layer subset: selecting 12/236 layers (~5%)
2025-09-15 23:01:51,649 - INFO - Skipping already processed example 0: /home/projects/bagon/shared/imagenet512/val/n02018207/ILSVRC2012_val_00006231.JPEG
2025-09-15 23:01:51,649 - INFO - Skipping already processed example 1: /home/projects/bagon/shared/imagenet512/val/n01560419/ILSVRC2012_val_00031649.JPEG
2025-09-15 23:01:51,649 - INFO - 
=== Training Example 3/150: /home/projects/bagon/shared/imagenet512/val/n02094114/ILSVRC2012_val_00031981.JPEG ===
2025-09-15 23:03:31,730 - INFO - Example /home/projects/bagon/shared/imagenet512/val/n02094114/ILSVRC2012_val_00031981.JPEG reached epsilon at step 958, loss sum: 90.6207, final loss: 0.00099945, weight distance: 0.1476
2025-09-15 23:03:32,728 - INFO - Example 3 completed: 958 steps, loss sum: 90.6207, final loss: 0.00099945, weight distance: 0.1476 (universal rank: 21225)
2025-09-15 23:03:32,728 - INFO - 
=== Training Example 4/150: /home/projects/bagon/shared/imagenet512/val/n02480855/ILSVRC2012_val_00044145.JPEG ===
2025-09-15 23:04:41,318 - INFO - Example /home/projects/bagon/shared/imagenet512/val/n02480855/ILSVRC2012_val_00044145.JPEG reached epsilon at step 646, loss sum: 22.9440, final loss: 0.00099182, weight distance: 0.0759
2025-09-15 23:04:42,003 - INFO - Example 4 completed: 646 steps, loss sum: 22.9440, final loss: 0.00099182, weight distance: 0.0759 (universal rank: 21232)
2025-09-15 23:04:42,003 - INFO - 
=== Training Example 5/150: /home/projects/bagon/shared/imagenet512/val/n02106550/ILSVRC2012_val_00014320.JPEG ===
2025-09-15 23:06:57,433 - INFO - Example /home/projects/bagon/shared/imagenet512/val/n02106550/ILSVRC2012_val_00014320.JPEG reached epsilon at step 1308, loss sum: 79.7534, final loss: 0.00094223, weight distance: 0.1156
2025-09-15 23:06:58,099 - INFO - Example 5 completed: 1308 steps, loss sum: 79.7534, final loss: 0.00094223, weight distance: 0.1156 (universal rank: 21529)
2025-09-15 23:06:58,099 - INFO - 
=== Training Example 6/150: /home/projects/bagon/shared/imagenet512/val/n02892767/ILSVRC2012_val_00041849.JPEG ===
2025-09-15 23:07:38,794 - INFO - Example /home/projects/bagon/shared/imagenet512/val/n02892767/ILSVRC2012_val_00041849.JPEG reached epsilon at step 392, loss sum: 26.4220, final loss: 0.00096512, weight distance: 0.0446
2025-09-15 23:07:39,569 - INFO - Example 6 completed: 392 steps, loss sum: 26.4220, final loss: 0.00096512, weight distance: 0.0446 (universal rank: 21768)
2025-09-15 23:07:39,569 - INFO - 
=== Training Example 7/150: /home/projects/bagon/shared/imagenet512/val/n03125729/ILSVRC2012_val_00010259.JPEG ===
2025-09-15 23:08:37,753 - INFO - Example /home/projects/bagon/shared/imagenet512/val/n03125729/ILSVRC2012_val_00010259.JPEG reached epsilon at step 561, loss sum: 21.8920, final loss: 0.00099945, weight distance: 0.0801
2025-09-15 23:08:38,557 - INFO - Example 7 completed: 561 steps, loss sum: 21.8920, final loss: 0.00099945, weight distance: 0.0801 (universal rank: 21813)
2025-09-15 23:08:38,557 - INFO - 
=== Training Example 8/150: /home/projects/bagon/shared/imagenet512/val/n02100877/ILSVRC2012_val_00005607.JPEG ===
2025-09-15 23:09:41,573 - INFO - Example /home/projects/bagon/shared/imagenet512/val/n02100877/ILSVRC2012_val_00005607.JPEG reached epsilon at step 594, loss sum: 45.2265, final loss: 0.00099945, weight distance: 0.0728
2025-09-15 23:09:42,547 - INFO - Example 8 completed: 594 steps, loss sum: 45.2265, final loss: 0.00099945, weight distance: 0.0728 (universal rank: 22282)
2025-09-15 23:09:42,547 - INFO - 
=== Training Example 9/150: /home/projects/bagon/shared/imagenet512/val/n02037110/ILSVRC2012_val_00000548.JPEG ===
2025-09-15 23:10:57,449 - INFO - Example /home/projects/bagon/shared/imagenet512/val/n02037110/ILSVRC2012_val_00000548.JPEG reached epsilon at step 715, loss sum: 96.7579, final loss: 0.00097656, weight distance: 0.0795
2025-09-15 23:10:58,135 - INFO - Example 9 completed: 715 steps, loss sum: 96.7579, final loss: 0.00097656, weight distance: 0.0795 (universal rank: 22359)
2025-09-15 23:10:58,135 - INFO - 
=== Training Example 10/150: /home/projects/bagon/shared/imagenet512/val/n03775071/ILSVRC2012_val_00013118.JPEG ===
2025-09-15 23:11:59,587 - INFO - Example /home/projects/bagon/shared/imagenet512/val/n03775071/ILSVRC2012_val_00013118.JPEG reached epsilon at step 589, loss sum: 56.6411, final loss: 0.00095367, weight distance: 0.0791
2025-09-15 23:12:00,551 - INFO - Example 10 completed: 589 steps, loss sum: 56.6411, final loss: 0.00095367, weight distance: 0.0791 (universal rank: 22868)
2025-09-15 23:12:00,551 - INFO - 
=== Training Example 11/150: /home/projects/bagon/shared/imagenet512/val/n02094114/ILSVRC2012_val_00001379.JPEG ===
2025-09-15 23:13:55,758 - INFO - Example /home/projects/bagon/shared/imagenet512/val/n02094114/ILSVRC2012_val_00001379.JPEG reached epsilon at step 1109, loss sum: 40.1454, final loss: 0.00099182, weight distance: 0.1313
2025-09-15 23:13:56,446 - INFO - Example 11 completed: 1109 steps, loss sum: 40.1454, final loss: 0.00099182, weight distance: 0.1313 (universal rank: 22936)
2025-09-15 23:13:56,446 - INFO - 
=== Training Example 12/150: /home/projects/bagon/shared/imagenet512/val/n01675722/ILSVRC2012_val_00026793.JPEG ===
2025-09-15 23:14:38,195 - INFO - Example /home/projects/bagon/shared/imagenet512/val/n01675722/ILSVRC2012_val_00026793.JPEG reached epsilon at step 400, loss sum: 11.2260, final loss: 0.00099182, weight distance: 0.0530
2025-09-15 23:14:38,894 - INFO - Example 12 completed: 400 steps, loss sum: 11.2260, final loss: 0.00099182, weight distance: 0.0530 (universal rank: 23145)
2025-09-15 23:14:38,894 - INFO - 
=== Training Example 13/150: /home/projects/bagon/shared/imagenet512/val/n02107312/ILSVRC2012_val_00048723.JPEG ===
2025-09-15 23:16:41,245 - INFO - Example /home/projects/bagon/shared/imagenet512/val/n02107312/ILSVRC2012_val_00048723.JPEG reached epsilon at step 1177, loss sum: 34.7350, final loss: 0.00099945, weight distance: 0.1204
2025-09-15 23:16:41,918 - INFO - Example 13 completed: 1177 steps, loss sum: 34.7350, final loss: 0.00099945, weight distance: 0.1204 (universal rank: 23179)
2025-09-15 23:16:41,918 - INFO - 
=== Training Example 14/150: /home/projects/bagon/shared/imagenet512/val/n02321529/ILSVRC2012_val_00004419.JPEG ===
2025-09-15 23:17:28,102 - INFO - Example /home/projects/bagon/shared/imagenet512/val/n02321529/ILSVRC2012_val_00004419.JPEG reached epsilon at step 444, loss sum: 23.7392, final loss: 0.00099945, weight distance: 0.0660
2025-09-15 23:17:28,796 - INFO - Example 14 completed: 444 steps, loss sum: 23.7392, final loss: 0.00099945, weight distance: 0.0660 (universal rank: 23245)
2025-09-15 23:17:28,796 - INFO - 
=== Training Example 15/150: /home/projects/bagon/shared/imagenet512/val/n04336792/ILSVRC2012_val_00002814.JPEG ===
2025-09-15 23:17:56,388 - INFO - Example /home/projects/bagon/shared/imagenet512/val/n04336792/ILSVRC2012_val_00002814.JPEG reached epsilon at step 265, loss sum: 57.3921, final loss: 0.00095749, weight distance: 0.0570
2025-09-15 23:17:57,372 - INFO - Example 15 completed: 265 steps, loss sum: 57.3921, final loss: 0.00095749, weight distance: 0.0570 (universal rank: 23290)
2025-09-15 23:17:57,372 - INFO - 
=== Training Example 16/150: /home/projects/bagon/shared/imagenet512/val/n07802026/ILSVRC2012_val_00026159.JPEG ===
2025-09-15 23:18:37,470 - INFO - Example /home/projects/bagon/shared/imagenet512/val/n07802026/ILSVRC2012_val_00026159.JPEG reached epsilon at step 384, loss sum: 37.6438, final loss: 0.00099182, weight distance: 0.0389
2025-09-15 23:18:38,136 - INFO - Example 16 completed: 384 steps, loss sum: 37.6438, final loss: 0.00099182, weight distance: 0.0389 (universal rank: 23575)
2025-09-15 23:18:38,136 - INFO - 
=== Training Example 17/150: /home/projects/bagon/shared/imagenet512/val/n02087046/ILSVRC2012_val_00031402.JPEG ===
2025-09-15 23:20:04,295 - INFO - Example /home/projects/bagon/shared/imagenet512/val/n02087046/ILSVRC2012_val_00031402.JPEG reached epsilon at step 827, loss sum: 104.8540, final loss: 0.00099945, weight distance: 0.1173
2025-09-15 23:20:04,977 - INFO - Example 17 completed: 827 steps, loss sum: 104.8540, final loss: 0.00099945, weight distance: 0.1173 (universal rank: 23787)
2025-09-15 23:20:04,978 - INFO - 
=== Training Example 18/150: /home/projects/bagon/shared/imagenet512/val/n03857828/ILSVRC2012_val_00023588.JPEG ===
2025-09-15 23:20:51,068 - INFO - Example /home/projects/bagon/shared/imagenet512/val/n03857828/ILSVRC2012_val_00023588.JPEG reached epsilon at step 443, loss sum: 14.6004, final loss: 0.00098419, weight distance: 0.0684
2025-09-15 23:20:51,739 - INFO - Example 18 completed: 443 steps, loss sum: 14.6004, final loss: 0.00098419, weight distance: 0.0684 (universal rank: 23928)
2025-09-15 23:20:51,739 - INFO - 
=== Training Example 19/150: /home/projects/bagon/shared/imagenet512/val/n02165105/ILSVRC2012_val_00005482.JPEG ===
2025-09-15 23:21:32,520 - INFO - Example /home/projects/bagon/shared/imagenet512/val/n02165105/ILSVRC2012_val_00005482.JPEG reached epsilon at step 390, loss sum: 24.1333, final loss: 0.00099945, weight distance: 0.0712
2025-09-15 23:21:33,196 - INFO - Example 19 completed: 390 steps, loss sum: 24.1333, final loss: 0.00099945, weight distance: 0.0712 (universal rank: 24126)
2025-09-15 23:21:33,196 - INFO - 
=== Training Example 20/150: /home/projects/bagon/shared/imagenet512/val/n03803284/ILSVRC2012_val_00030040.JPEG ===
2025-09-15 23:21:45,583 - INFO - Example /home/projects/bagon/shared/imagenet512/val/n03803284/ILSVRC2012_val_00030040.JPEG reached epsilon at step 118, loss sum: 33.5367, final loss: 0.00099182, weight distance: 0.0296
2025-09-15 23:21:46,243 - INFO - Example 20 completed: 118 steps, loss sum: 33.5367, final loss: 0.00099182, weight distance: 0.0296 (universal rank: 24266)
2025-09-15 23:21:46,243 - INFO - 
=== Training Example 21/150: /home/projects/bagon/shared/imagenet512/val/n09229709/ILSVRC2012_val_00012252.JPEG ===
2025-09-15 23:22:21,068 - INFO - Example /home/projects/bagon/shared/imagenet512/val/n09229709/ILSVRC2012_val_00012252.JPEG reached epsilon at step 333, loss sum: 142.2916, final loss: 0.00099945, weight distance: 0.0633
2025-09-15 23:22:22,037 - INFO - Example 21 completed: 333 steps, loss sum: 142.2916, final loss: 0.00099945, weight distance: 0.0633 (universal rank: 24571)
2025-09-15 23:22:22,037 - INFO - 
=== Training Example 22/150: /home/projects/bagon/shared/imagenet512/val/n02777292/ILSVRC2012_val_00012363.JPEG ===
2025-09-15 23:23:05,893 - INFO - Example /home/projects/bagon/shared/imagenet512/val/n02777292/ILSVRC2012_val_00012363.JPEG reached epsilon at step 420, loss sum: 19.9232, final loss: 0.00091171, weight distance: 0.0709
2025-09-15 23:23:06,571 - INFO - Example 22 completed: 420 steps, loss sum: 19.9232, final loss: 0.00091171, weight distance: 0.0709 (universal rank: 24648)
2025-09-15 23:23:06,571 - INFO - 
=== Training Example 23/150: /home/projects/bagon/shared/imagenet512/val/n04254120/ILSVRC2012_val_00038517.JPEG ===
2025-09-15 23:25:01,322 - INFO - Example /home/projects/bagon/shared/imagenet512/val/n04254120/ILSVRC2012_val_00038517.JPEG reached epsilon at step 1101, loss sum: 82.2896, final loss: 0.00099945, weight distance: 0.1029
2025-09-15 23:25:02,007 - INFO - Example 23 completed: 1101 steps, loss sum: 82.2896, final loss: 0.00099945, weight distance: 0.1029 (universal rank: 24909)
2025-09-15 23:25:02,007 - INFO - 
=== Training Example 24/150: /home/projects/bagon/shared/imagenet512/val/n02018795/ILSVRC2012_val_00012436.JPEG ===
2025-09-15 23:25:33,163 - INFO - Example /home/projects/bagon/shared/imagenet512/val/n02018795/ILSVRC2012_val_00012436.JPEG reached epsilon at step 296, loss sum: 22.5352, final loss: 0.00099182, weight distance: 0.0497
2025-09-15 23:25:33,831 - INFO - Example 24 completed: 296 steps, loss sum: 22.5352, final loss: 0.00099182, weight distance: 0.0497 (universal rank: 24939)
2025-09-15 23:25:33,832 - INFO - 
=== Training Example 25/150: /home/projects/bagon/shared/imagenet512/val/n01494475/ILSVRC2012_val_00016395.JPEG ===
2025-09-15 23:26:41,531 - INFO - Example /home/projects/bagon/shared/imagenet512/val/n01494475/ILSVRC2012_val_00016395.JPEG reached epsilon at step 639, loss sum: 66.4292, final loss: 0.00097656, weight distance: 0.0737
2025-09-15 23:26:42,208 - INFO - Example 25 completed: 639 steps, loss sum: 66.4292, final loss: 0.00097656, weight distance: 0.0737 (universal rank: 25189)
2025-09-15 23:26:42,208 - INFO - 
=== Training Example 26/150: /home/projects/bagon/shared/imagenet512/val/n02098413/ILSVRC2012_val_00008639.JPEG ===
2025-09-15 23:29:19,049 - INFO - Example /home/projects/bagon/shared/imagenet512/val/n02098413/ILSVRC2012_val_00008639.JPEG reached epsilon at step 1516, loss sum: 38.8169, final loss: 0.00098419, weight distance: 0.1423
2025-09-15 23:29:19,730 - INFO - Example 26 completed: 1516 steps, loss sum: 38.8169, final loss: 0.00098419, weight distance: 0.1423 (universal rank: 25357)
2025-09-15 23:29:19,730 - INFO - 
=== Training Example 27/150: /home/projects/bagon/shared/imagenet512/val/n02408429/ILSVRC2012_val_00005951.JPEG ===
2025-09-15 23:30:21,082 - INFO - Example /home/projects/bagon/shared/imagenet512/val/n02408429/ILSVRC2012_val_00005951.JPEG reached epsilon at step 591, loss sum: 48.6616, final loss: 0.00097275, weight distance: 0.0903
2025-09-15 23:30:21,779 - INFO - Example 27 completed: 591 steps, loss sum: 48.6616, final loss: 0.00097275, weight distance: 0.0903 (universal rank: 25455)
2025-09-15 23:30:21,779 - INFO - 
=== Training Example 28/150: /home/projects/bagon/shared/imagenet512/val/n01985128/ILSVRC2012_val_00033188.JPEG ===
2025-09-15 23:31:27,919 - INFO - Example /home/projects/bagon/shared/imagenet512/val/n01985128/ILSVRC2012_val_00033188.JPEG reached epsilon at step 637, loss sum: 47.1953, final loss: 0.00099945, weight distance: 0.0833
2025-09-15 23:31:28,896 - INFO - Example 28 completed: 637 steps, loss sum: 47.1953, final loss: 0.00099945, weight distance: 0.0833 (universal rank: 25648)
2025-09-15 23:31:28,896 - INFO - 
=== Training Example 29/150: /home/projects/bagon/shared/imagenet512/val/n07716906/ILSVRC2012_val_00028212.JPEG ===
2025-09-15 23:32:22,531 - INFO - Example /home/projects/bagon/shared/imagenet512/val/n07716906/ILSVRC2012_val_00028212.JPEG reached epsilon at step 518, loss sum: 34.8149, final loss: 0.00099945, weight distance: 0.0608
2025-09-15 23:32:23,405 - INFO - Example 29 completed: 518 steps, loss sum: 34.8149, final loss: 0.00099945, weight distance: 0.0608 (universal rank: 25956)
2025-09-15 23:32:23,405 - INFO - 
=== Training Example 30/150: /home/projects/bagon/shared/imagenet512/val/n02978881/ILSVRC2012_val_00041815.JPEG ===
2025-09-15 23:33:23,648 - INFO - Example /home/projects/bagon/shared/imagenet512/val/n02978881/ILSVRC2012_val_00041815.JPEG reached epsilon at step 581, loss sum: 48.0105, final loss: 0.00099945, weight distance: 0.0685
2025-09-15 23:33:24,307 - INFO - Example 30 completed: 581 steps, loss sum: 48.0105, final loss: 0.00099945, weight distance: 0.0685 (universal rank: 26138)
2025-09-15 23:33:24,307 - INFO - 
=== Training Example 31/150: /home/projects/bagon/shared/imagenet512/val/n02101006/ILSVRC2012_val_00016520.JPEG ===
2025-09-15 23:34:36,119 - INFO - Example /home/projects/bagon/shared/imagenet512/val/n02101006/ILSVRC2012_val_00016520.JPEG reached epsilon at step 693, loss sum: 35.9753, final loss: 0.00099945, weight distance: 0.0825
2025-09-15 23:34:36,811 - INFO - Example 31 completed: 693 steps, loss sum: 35.9753, final loss: 0.00099945, weight distance: 0.0825 (universal rank: 26237)
2025-09-15 23:34:36,812 - INFO - 
=== Training Example 32/150: /home/projects/bagon/shared/imagenet512/val/n03047690/ILSVRC2012_val_00027854.JPEG ===
2025-09-15 23:35:21,279 - INFO - Example /home/projects/bagon/shared/imagenet512/val/n03047690/ILSVRC2012_val_00027854.JPEG reached epsilon at step 431, loss sum: 37.1137, final loss: 0.00097656, weight distance: 0.0621
2025-09-15 23:35:21,935 - INFO - Example 32 completed: 431 steps, loss sum: 37.1137, final loss: 0.00097656, weight distance: 0.0621 (universal rank: 26345)
2025-09-15 23:35:21,935 - INFO - 
=== Training Example 33/150: /home/projects/bagon/shared/imagenet512/val/n03376595/ILSVRC2012_val_00024982.JPEG ===
2025-09-15 23:36:39,682 - INFO - Example /home/projects/bagon/shared/imagenet512/val/n03376595/ILSVRC2012_val_00024982.JPEG reached epsilon at step 753, loss sum: 65.1772, final loss: 0.00099182, weight distance: 0.0929
2025-09-15 23:36:40,832 - INFO - Example 33 completed: 753 steps, loss sum: 65.1772, final loss: 0.00099182, weight distance: 0.0929 (universal rank: 26651)
2025-09-15 23:36:40,832 - INFO - 
=== Training Example 34/150: /home/projects/bagon/shared/imagenet512/val/n01677366/ILSVRC2012_val_00047184.JPEG ===
2025-09-15 23:37:19,336 - INFO - Example /home/projects/bagon/shared/imagenet512/val/n01677366/ILSVRC2012_val_00047184.JPEG reached epsilon at step 370, loss sum: 59.3179, final loss: 0.00099945, weight distance: 0.0612
2025-09-15 23:37:20,005 - INFO - Example 34 completed: 370 steps, loss sum: 59.3179, final loss: 0.00099945, weight distance: 0.0612 (universal rank: 27027)
2025-09-15 23:37:20,005 - INFO - 
=== Training Example 35/150: /home/projects/bagon/shared/imagenet512/val/n04336792/ILSVRC2012_val_00007504.JPEG ===
2025-09-15 23:37:47,558 - INFO - Example /home/projects/bagon/shared/imagenet512/val/n04336792/ILSVRC2012_val_00007504.JPEG reached epsilon at step 266, loss sum: 64.6748, final loss: 0.00095367, weight distance: 0.0568
2025-09-15 23:37:48,208 - INFO - Example 35 completed: 266 steps, loss sum: 64.6748, final loss: 0.00095367, weight distance: 0.0568 (universal rank: 27035)
2025-09-15 23:37:48,208 - INFO - 
=== Training Example 36/150: /home/projects/bagon/shared/imagenet512/val/n03355925/ILSVRC2012_val_00006767.JPEG ===
2025-09-15 23:38:40,718 - INFO - Example /home/projects/bagon/shared/imagenet512/val/n03355925/ILSVRC2012_val_00006767.JPEG reached epsilon at step 505, loss sum: 66.3248, final loss: 0.00096893, weight distance: 0.0686
2025-09-15 23:38:41,507 - INFO - Example 36 completed: 505 steps, loss sum: 66.3248, final loss: 0.00096893, weight distance: 0.0686 (universal rank: 27209)
2025-09-15 23:38:41,507 - INFO - 
=== Training Example 37/150: /home/projects/bagon/shared/imagenet512/val/n02114712/ILSVRC2012_val_00013903.JPEG ===
2025-09-15 23:39:50,401 - INFO - Example /home/projects/bagon/shared/imagenet512/val/n02114712/ILSVRC2012_val_00013903.JPEG reached epsilon at step 668, loss sum: 55.3004, final loss: 0.00098419, weight distance: 0.0651
2025-09-15 23:39:51,373 - INFO - Example 37 completed: 668 steps, loss sum: 55.3004, final loss: 0.00098419, weight distance: 0.0651 (universal rank: 28132)
2025-09-15 23:39:51,374 - INFO - 
=== Training Example 38/150: /home/projects/bagon/shared/imagenet512/val/n02097209/ILSVRC2012_val_00000889.JPEG ===
2025-09-15 23:41:33,873 - INFO - Example /home/projects/bagon/shared/imagenet512/val/n02097209/ILSVRC2012_val_00000889.JPEG reached epsilon at step 992, loss sum: 35.2849, final loss: 0.00099182, weight distance: 0.1135
2025-09-15 23:41:34,539 - INFO - Example 38 completed: 992 steps, loss sum: 35.2849, final loss: 0.00099182, weight distance: 0.1135 (universal rank: 28167)
2025-09-15 23:41:34,539 - INFO - 
=== Training Example 39/150: /home/projects/bagon/shared/imagenet512/val/n03594734/ILSVRC2012_val_00030015.JPEG ===
2025-09-15 23:42:26,477 - INFO - Example /home/projects/bagon/shared/imagenet512/val/n03594734/ILSVRC2012_val_00030015.JPEG reached epsilon at step 502, loss sum: 27.7953, final loss: 0.00098419, weight distance: 0.0798
2025-09-15 23:42:27,148 - INFO - Example 39 completed: 502 steps, loss sum: 27.7953, final loss: 0.00098419, weight distance: 0.0798 (universal rank: 28337)
2025-09-15 23:42:27,148 - INFO - 
=== Training Example 40/150: /home/projects/bagon/shared/imagenet512/val/n09246464/ILSVRC2012_val_00015613.JPEG ===
2025-09-15 23:43:38,780 - INFO - Example /home/projects/bagon/shared/imagenet512/val/n09246464/ILSVRC2012_val_00015613.JPEG reached epsilon at step 691, loss sum: 30.7759, final loss: 0.00094604, weight distance: 0.0901
2025-09-15 23:43:39,463 - INFO - Example 40 completed: 691 steps, loss sum: 30.7759, final loss: 0.00094604, weight distance: 0.0901 (universal rank: 28566)
2025-09-15 23:43:39,463 - INFO - 
=== Training Example 41/150: /home/projects/bagon/shared/imagenet512/val/n01748264/ILSVRC2012_val_00030306.JPEG ===
2025-09-15 23:44:35,251 - INFO - Example /home/projects/bagon/shared/imagenet512/val/n01748264/ILSVRC2012_val_00030306.JPEG reached epsilon at step 539, loss sum: 55.8772, final loss: 0.00098419, weight distance: 0.0780
2025-09-15 23:44:35,911 - INFO - Example 41 completed: 539 steps, loss sum: 55.8772, final loss: 0.00098419, weight distance: 0.0780 (universal rank: 28760)
2025-09-15 23:44:35,911 - INFO - 
=== Training Example 42/150: /home/projects/bagon/shared/imagenet512/val/n03179701/ILSVRC2012_val_00012426.JPEG ===
2025-09-15 23:45:38,567 - INFO - Example /home/projects/bagon/shared/imagenet512/val/n03179701/ILSVRC2012_val_00012426.JPEG reached epsilon at step 604, loss sum: 119.9882, final loss: 0.00093842, weight distance: 0.1008
2025-09-15 23:45:39,235 - INFO - Example 42 completed: 604 steps, loss sum: 119.9882, final loss: 0.00093842, weight distance: 0.1008 (universal rank: 28931)
2025-09-15 23:45:39,235 - INFO - 
=== Training Example 43/150: /home/projects/bagon/shared/imagenet512/val/n02090721/ILSVRC2012_val_00011494.JPEG ===
2025-09-15 23:47:10,332 - INFO - Example /home/projects/bagon/shared/imagenet512/val/n02090721/ILSVRC2012_val_00011494.JPEG reached epsilon at step 883, loss sum: 50.0591, final loss: 0.00099182, weight distance: 0.1037
2025-09-15 23:47:11,323 - INFO - Example 43 completed: 883 steps, loss sum: 50.0591, final loss: 0.00099182, weight distance: 0.1037 (universal rank: 29136)
2025-09-15 23:47:11,323 - INFO - 
=== Training Example 44/150: /home/projects/bagon/shared/imagenet512/val/n04579432/ILSVRC2012_val_00019781.JPEG ===
2025-09-15 23:47:55,200 - INFO - Example /home/projects/bagon/shared/imagenet512/val/n04579432/ILSVRC2012_val_00019781.JPEG reached epsilon at step 422, loss sum: 230.2262, final loss: 0.00099182, weight distance: 0.0955
2025-09-15 23:47:55,881 - INFO - Example 44 completed: 422 steps, loss sum: 230.2262, final loss: 0.00099182, weight distance: 0.0955 (universal rank: 29232)
2025-09-15 23:47:55,881 - INFO - 
=== Training Example 45/150: /home/projects/bagon/shared/imagenet512/val/n01693334/ILSVRC2012_val_00035109.JPEG ===
2025-09-15 23:50:06,168 - INFO - Example /home/projects/bagon/shared/imagenet512/val/n01693334/ILSVRC2012_val_00035109.JPEG reached epsilon at step 1262, loss sum: 89.7065, final loss: 0.00097656, weight distance: 0.1662
2025-09-15 23:50:06,841 - INFO - Example 45 completed: 1262 steps, loss sum: 89.7065, final loss: 0.00097656, weight distance: 0.1662 (universal rank: 29285)
2025-09-15 23:50:06,841 - INFO - 
=== Training Example 46/150: /home/projects/bagon/shared/imagenet512/val/n02417914/ILSVRC2012_val_00012409.JPEG ===
2025-09-15 23:50:52,375 - INFO - Example /home/projects/bagon/shared/imagenet512/val/n02417914/ILSVRC2012_val_00012409.JPEG reached epsilon at step 441, loss sum: 38.7215, final loss: 0.00099182, weight distance: 0.0668
2025-09-15 23:50:53,074 - INFO - Example 46 completed: 441 steps, loss sum: 38.7215, final loss: 0.00099182, weight distance: 0.0668 (universal rank: 29466)
2025-09-15 23:50:53,074 - INFO - 
=== Training Example 47/150: /home/projects/bagon/shared/imagenet512/val/n07860988/ILSVRC2012_val_00035491.JPEG ===
2025-09-15 23:51:47,071 - INFO - Example /home/projects/bagon/shared/imagenet512/val/n07860988/ILSVRC2012_val_00035491.JPEG reached epsilon at step 520, loss sum: 148.9610, final loss: 0.00096130, weight distance: 0.0826
2025-09-15 23:51:47,838 - INFO - Example 47 completed: 520 steps, loss sum: 148.9610, final loss: 0.00096130, weight distance: 0.0826 (universal rank: 29871)
2025-09-15 23:51:47,839 - INFO - 
=== Training Example 48/150: /home/projects/bagon/shared/imagenet512/val/n02841315/ILSVRC2012_val_00049978.JPEG ===
2025-09-15 23:52:42,239 - INFO - Example /home/projects/bagon/shared/imagenet512/val/n02841315/ILSVRC2012_val_00049978.JPEG reached epsilon at step 523, loss sum: 171.5490, final loss: 0.00097656, weight distance: 0.0811
2025-09-15 23:52:42,906 - INFO - Example 48 completed: 523 steps, loss sum: 171.5490, final loss: 0.00097656, weight distance: 0.0811 (universal rank: 29972)
2025-09-15 23:52:42,906 - INFO - 
=== Training Example 49/150: /home/projects/bagon/shared/imagenet512/val/n04461696/ILSVRC2012_val_00028462.JPEG ===
2025-09-15 23:54:09,065 - INFO - Example /home/projects/bagon/shared/imagenet512/val/n04461696/ILSVRC2012_val_00028462.JPEG reached epsilon at step 831, loss sum: 118.3295, final loss: 0.00099945, weight distance: 0.1206
2025-09-15 23:54:09,744 - INFO - Example 49 completed: 831 steps, loss sum: 118.3295, final loss: 0.00099945, weight distance: 0.1206 (universal rank: 30007)
2025-09-15 23:54:09,744 - INFO - 
=== Training Example 50/150: /home/projects/bagon/shared/imagenet512/val/n03930630/ILSVRC2012_val_00047676.JPEG ===
2025-09-15 23:55:42,827 - INFO - Example /home/projects/bagon/shared/imagenet512/val/n03930630/ILSVRC2012_val_00047676.JPEG reached epsilon at step 897, loss sum: 142.0178, final loss: 0.00099182, weight distance: 0.1185
2025-09-15 23:55:43,864 - INFO - Example 50 completed: 897 steps, loss sum: 142.0178, final loss: 0.00099182, weight distance: 0.1185 (universal rank: 30436)
2025-09-15 23:55:43,864 - INFO - 
=== Training Example 51/150: /home/projects/bagon/shared/imagenet512/val/n12768682/ILSVRC2012_val_00021596.JPEG ===
2025-09-15 23:56:44,682 - INFO - Example /home/projects/bagon/shared/imagenet512/val/n12768682/ILSVRC2012_val_00021596.JPEG reached epsilon at step 586, loss sum: 86.6162, final loss: 0.00099945, weight distance: 0.0736
2025-09-15 23:56:45,358 - INFO - Example 51 completed: 586 steps, loss sum: 86.6162, final loss: 0.00099945, weight distance: 0.0736 (universal rank: 30669)
2025-09-15 23:56:45,358 - INFO - 
=== Training Example 52/150: /home/projects/bagon/shared/imagenet512/val/n03899768/ILSVRC2012_val_00020271.JPEG ===
2025-09-15 23:58:40,060 - INFO - Example /home/projects/bagon/shared/imagenet512/val/n03899768/ILSVRC2012_val_00020271.JPEG reached epsilon at step 1106, loss sum: 185.4160, final loss: 0.00099182, weight distance: 0.1033
2025-09-15 23:58:40,847 - INFO - Example 52 completed: 1106 steps, loss sum: 185.4160, final loss: 0.00099182, weight distance: 0.1033 (universal rank: 30861)
2025-09-15 23:58:40,848 - INFO - 
=== Training Example 53/150: /home/projects/bagon/shared/imagenet512/val/n03995372/ILSVRC2012_val_00021738.JPEG ===
2025-09-15 23:59:51,131 - INFO - Example /home/projects/bagon/shared/imagenet512/val/n03995372/ILSVRC2012_val_00021738.JPEG reached epsilon at step 661, loss sum: 64.6503, final loss: 0.00099945, weight distance: 0.0938
2025-09-15 23:59:51,819 - INFO - Example 53 completed: 661 steps, loss sum: 64.6503, final loss: 0.00099945, weight distance: 0.0938 (universal rank: 31124)
2025-09-15 23:59:51,819 - INFO - 
=== Training Example 54/150: /home/projects/bagon/shared/imagenet512/val/n03710193/ILSVRC2012_val_00008671.JPEG ===
2025-09-16 00:01:01,666 - INFO - Example /home/projects/bagon/shared/imagenet512/val/n03710193/ILSVRC2012_val_00008671.JPEG reached epsilon at step 673, loss sum: 47.8942, final loss: 0.00099945, weight distance: 0.0887
2025-09-16 00:01:02,353 - INFO - Example 54 completed: 673 steps, loss sum: 47.8942, final loss: 0.00099945, weight distance: 0.0887 (universal rank: 31130)
2025-09-16 00:01:02,353 - INFO - 
=== Training Example 55/150: /home/projects/bagon/shared/imagenet512/val/n03141823/ILSVRC2012_val_00048567.JPEG ===
2025-09-16 00:02:09,968 - INFO - Example /home/projects/bagon/shared/imagenet512/val/n03141823/ILSVRC2012_val_00048567.JPEG reached epsilon at step 654, loss sum: 142.7247, final loss: 0.00099945, weight distance: 0.0963
2025-09-16 00:02:10,640 - INFO - Example 55 completed: 654 steps, loss sum: 142.7247, final loss: 0.00099945, weight distance: 0.0963 (universal rank: 31434)
2025-09-16 00:02:10,640 - INFO - 
=== Training Example 56/150: /home/projects/bagon/shared/imagenet512/val/n02120505/ILSVRC2012_val_00035164.JPEG ===
2025-09-16 00:04:00,945 - INFO - Example /home/projects/bagon/shared/imagenet512/val/n02120505/ILSVRC2012_val_00035164.JPEG reached epsilon at step 1060, loss sum: 236.6526, final loss: 0.00094604, weight distance: 0.1161
2025-09-16 00:04:01,972 - INFO - Example 56 completed: 1060 steps, loss sum: 236.6526, final loss: 0.00094604, weight distance: 0.1161 (universal rank: 31626)
2025-09-16 00:04:01,972 - INFO - 
=== Training Example 57/150: /home/projects/bagon/shared/imagenet512/val/n02099601/ILSVRC2012_val_00043013.JPEG ===
2025-09-16 00:05:03,268 - INFO - Example /home/projects/bagon/shared/imagenet512/val/n02099601/ILSVRC2012_val_00043013.JPEG reached epsilon at step 591, loss sum: 80.2415, final loss: 0.00099945, weight distance: 0.0915
2025-09-16 00:05:03,942 - INFO - Example 57 completed: 591 steps, loss sum: 80.2415, final loss: 0.00099945, weight distance: 0.0915 (universal rank: 32160)
2025-09-16 00:05:03,942 - INFO - 
=== Training Example 58/150: /home/projects/bagon/shared/imagenet512/val/n02749479/ILSVRC2012_val_00039737.JPEG ===
2025-09-16 00:06:27,049 - INFO - Example /home/projects/bagon/shared/imagenet512/val/n02749479/ILSVRC2012_val_00039737.JPEG reached epsilon at step 805, loss sum: 24.5170, final loss: 0.00099945, weight distance: 0.1000
2025-09-16 00:06:27,739 - INFO - Example 58 completed: 805 steps, loss sum: 24.5170, final loss: 0.00099945, weight distance: 0.1000 (universal rank: 32228)
2025-09-16 00:06:27,739 - INFO - 
=== Training Example 59/150: /home/projects/bagon/shared/imagenet512/val/n03498962/ILSVRC2012_val_00004846.JPEG ===
2025-09-16 00:07:50,348 - INFO - Example /home/projects/bagon/shared/imagenet512/val/n03498962/ILSVRC2012_val_00004846.JPEG reached epsilon at step 799, loss sum: 99.5262, final loss: 0.00098419, weight distance: 0.0901
2025-09-16 00:07:51,045 - INFO - Example 59 completed: 799 steps, loss sum: 99.5262, final loss: 0.00098419, weight distance: 0.0901 (universal rank: 32428)
2025-09-16 00:07:51,045 - INFO - 
=== Training Example 60/150: /home/projects/bagon/shared/imagenet512/val/n04487394/ILSVRC2012_val_00027297.JPEG ===
2025-09-16 00:09:47,410 - INFO - Example /home/projects/bagon/shared/imagenet512/val/n04487394/ILSVRC2012_val_00027297.JPEG reached epsilon at step 1126, loss sum: 126.3641, final loss: 0.00099945, weight distance: 0.1195
2025-09-16 00:09:48,402 - INFO - Example 60 completed: 1126 steps, loss sum: 126.3641, final loss: 0.00099945, weight distance: 0.1195 (universal rank: 32866)
2025-09-16 00:09:48,402 - INFO - 
=== Training Example 61/150: /home/projects/bagon/shared/imagenet512/val/n02097474/ILSVRC2012_val_00008000.JPEG ===
2025-09-16 00:11:42,168 - INFO - Example /home/projects/bagon/shared/imagenet512/val/n02097474/ILSVRC2012_val_00008000.JPEG reached epsilon at step 1101, loss sum: 100.4178, final loss: 0.00096130, weight distance: 0.1411
2025-09-16 00:11:42,843 - INFO - Example 61 completed: 1101 steps, loss sum: 100.4178, final loss: 0.00096130, weight distance: 0.1411 (universal rank: 33012)
2025-09-16 00:11:42,843 - INFO - 
=== Training Example 62/150: /home/projects/bagon/shared/imagenet512/val/n03924679/ILSVRC2012_val_00014276.JPEG ===
2025-09-16 00:12:44,664 - INFO - Example /home/projects/bagon/shared/imagenet512/val/n03924679/ILSVRC2012_val_00014276.JPEG reached epsilon at step 585, loss sum: 17.7634, final loss: 0.00098419, weight distance: 0.0743
2025-09-16 00:12:45,352 - INFO - Example 62 completed: 585 steps, loss sum: 17.7634, final loss: 0.00098419, weight distance: 0.0743 (universal rank: 33030)
2025-09-16 00:12:45,352 - INFO - 
=== Training Example 63/150: /home/projects/bagon/shared/imagenet512/val/n03796401/ILSVRC2012_val_00032190.JPEG ===
2025-09-16 00:13:41,860 - INFO - Example /home/projects/bagon/shared/imagenet512/val/n03796401/ILSVRC2012_val_00032190.JPEG reached epsilon at step 544, loss sum: 34.9105, final loss: 0.00099182, weight distance: 0.0733
2025-09-16 00:13:42,535 - INFO - Example 63 completed: 544 steps, loss sum: 34.9105, final loss: 0.00099182, weight distance: 0.0733 (universal rank: 33097)
2025-09-16 00:13:42,535 - INFO - 
=== Training Example 64/150: /home/projects/bagon/shared/imagenet512/val/n04487081/ILSVRC2012_val_00040746.JPEG ===
2025-09-16 00:14:35,065 - INFO - Example /home/projects/bagon/shared/imagenet512/val/n04487081/ILSVRC2012_val_00040746.JPEG reached epsilon at step 505, loss sum: 14.6932, final loss: 0.00099945, weight distance: 0.0796
2025-09-16 00:14:35,825 - INFO - Example 64 completed: 505 steps, loss sum: 14.6932, final loss: 0.00099945, weight distance: 0.0796 (universal rank: 33216)
2025-09-16 00:14:35,825 - INFO - 
=== Training Example 65/150: /home/projects/bagon/shared/imagenet512/val/n04409515/ILSVRC2012_val_00033609.JPEG ===
2025-09-16 00:16:35,871 - INFO - Example /home/projects/bagon/shared/imagenet512/val/n04409515/ILSVRC2012_val_00033609.JPEG reached epsilon at step 1154, loss sum: 103.8735, final loss: 0.00099945, weight distance: 0.0964
2025-09-16 00:16:36,549 - INFO - Example 65 completed: 1154 steps, loss sum: 103.8735, final loss: 0.00099945, weight distance: 0.0964 (universal rank: 33299)
2025-09-16 00:16:36,549 - INFO - 
=== Training Example 66/150: /home/projects/bagon/shared/imagenet512/val/n07747607/ILSVRC2012_val_00028980.JPEG ===
2025-09-16 00:17:27,068 - INFO - Example /home/projects/bagon/shared/imagenet512/val/n07747607/ILSVRC2012_val_00028980.JPEG reached epsilon at step 488, loss sum: 36.6428, final loss: 0.00099945, weight distance: 0.0673
2025-09-16 00:17:27,746 - INFO - Example 66 completed: 488 steps, loss sum: 36.6428, final loss: 0.00099945, weight distance: 0.0673 (universal rank: 33394)
2025-09-16 00:17:27,746 - INFO - 
=== Training Example 67/150: /home/projects/bagon/shared/imagenet512/val/n04579432/ILSVRC2012_val_00021960.JPEG ===
2025-09-16 00:18:35,322 - INFO - Example /home/projects/bagon/shared/imagenet512/val/n04579432/ILSVRC2012_val_00021960.JPEG reached epsilon at step 655, loss sum: 161.8225, final loss: 0.00097275, weight distance: 0.1195
2025-09-16 00:18:36,113 - INFO - Example 67 completed: 655 steps, loss sum: 161.8225, final loss: 0.00097275, weight distance: 0.1195 (universal rank: 33423)
2025-09-16 00:18:36,113 - INFO - 
=== Training Example 68/150: /home/projects/bagon/shared/imagenet512/val/n07714571/ILSVRC2012_val_00015437.JPEG ===
2025-09-16 00:19:25,927 - INFO - Example /home/projects/bagon/shared/imagenet512/val/n07714571/ILSVRC2012_val_00015437.JPEG reached epsilon at step 479, loss sum: 58.7330, final loss: 0.00099182, weight distance: 0.0697
2025-09-16 00:19:26,583 - INFO - Example 68 completed: 479 steps, loss sum: 58.7330, final loss: 0.00099182, weight distance: 0.0697 (universal rank: 33574)
2025-09-16 00:19:26,583 - INFO - 
=== Training Example 69/150: /home/projects/bagon/shared/imagenet512/val/n03661043/ILSVRC2012_val_00027156.JPEG ===
2025-09-16 00:20:36,491 - INFO - Example /home/projects/bagon/shared/imagenet512/val/n03661043/ILSVRC2012_val_00027156.JPEG reached epsilon at step 678, loss sum: 94.1625, final loss: 0.00099945, weight distance: 0.0932
2025-09-16 00:20:37,146 - INFO - Example 69 completed: 678 steps, loss sum: 94.1625, final loss: 0.00099945, weight distance: 0.0932 (universal rank: 33649)
2025-09-16 00:20:37,147 - INFO - 
=== Training Example 70/150: /home/projects/bagon/shared/imagenet512/val/n12620546/ILSVRC2012_val_00008895.JPEG ===
2025-09-16 00:21:31,407 - INFO - Example /home/projects/bagon/shared/imagenet512/val/n12620546/ILSVRC2012_val_00008895.JPEG reached epsilon at step 527, loss sum: 32.6427, final loss: 0.00099945, weight distance: 0.0827
2025-09-16 00:21:32,103 - INFO - Example 70 completed: 527 steps, loss sum: 32.6427, final loss: 0.00099945, weight distance: 0.0827 (universal rank: 33730)
2025-09-16 00:21:32,104 - INFO - 
=== Training Example 71/150: /home/projects/bagon/shared/imagenet512/val/n01740131/ILSVRC2012_val_00043634.JPEG ===
2025-09-16 00:22:41,483 - INFO - Example /home/projects/bagon/shared/imagenet512/val/n01740131/ILSVRC2012_val_00043634.JPEG reached epsilon at step 672, loss sum: 131.5654, final loss: 0.00098419, weight distance: 0.1343
2025-09-16 00:22:42,159 - INFO - Example 71 completed: 672 steps, loss sum: 131.5654, final loss: 0.00098419, weight distance: 0.1343 (universal rank: 33864)
2025-09-16 00:22:42,160 - INFO - 
=== Training Example 72/150: /home/projects/bagon/shared/imagenet512/val/n02909870/ILSVRC2012_val_00033936.JPEG ===
2025-09-16 00:23:44,052 - INFO - Example /home/projects/bagon/shared/imagenet512/val/n02909870/ILSVRC2012_val_00033936.JPEG reached epsilon at step 603, loss sum: 81.6572, final loss: 0.00099182, weight distance: 0.0925
2025-09-16 00:23:45,088 - INFO - Example 72 completed: 603 steps, loss sum: 81.6572, final loss: 0.00099182, weight distance: 0.0925 (universal rank: 33953)
2025-09-16 00:23:45,088 - INFO - 
=== Training Example 73/150: /home/projects/bagon/shared/imagenet512/val/n02488291/ILSVRC2012_val_00024488.JPEG ===
2025-09-16 00:24:14,875 - INFO - Example /home/projects/bagon/shared/imagenet512/val/n02488291/ILSVRC2012_val_00024488.JPEG reached epsilon at step 287, loss sum: 10.1754, final loss: 0.00096130, weight distance: 0.0476
2025-09-16 00:24:15,537 - INFO - Example 73 completed: 287 steps, loss sum: 10.1754, final loss: 0.00096130, weight distance: 0.0476 (universal rank: 33993)
2025-09-16 00:24:15,537 - INFO - 
=== Training Example 74/150: /home/projects/bagon/shared/imagenet512/val/n01978455/ILSVRC2012_val_00023601.JPEG ===
2025-09-16 00:25:05,110 - INFO - Example /home/projects/bagon/shared/imagenet512/val/n01978455/ILSVRC2012_val_00023601.JPEG reached epsilon at step 480, loss sum: 55.0926, final loss: 0.00098419, weight distance: 0.0885
2025-09-16 00:25:05,876 - INFO - Example 74 completed: 480 steps, loss sum: 55.0926, final loss: 0.00098419, weight distance: 0.0885 (universal rank: 34058)
2025-09-16 00:25:05,876 - INFO - 
=== Training Example 75/150: /home/projects/bagon/shared/imagenet512/val/n04479046/ILSVRC2012_val_00049537.JPEG ===
2025-09-16 00:26:44,505 - INFO - Example /home/projects/bagon/shared/imagenet512/val/n04479046/ILSVRC2012_val_00049537.JPEG reached epsilon at step 955, loss sum: 126.8261, final loss: 0.00091553, weight distance: 0.0971
2025-09-16 00:26:45,256 - INFO - Example 75 completed: 955 steps, loss sum: 126.8261, final loss: 0.00091553, weight distance: 0.0971 (universal rank: 34127)
2025-09-16 00:26:45,256 - INFO - 
=== Training Example 76/150: /home/projects/bagon/shared/imagenet512/val/n04141975/ILSVRC2012_val_00047207.JPEG ===
2025-09-16 00:27:10,615 - INFO - Example /home/projects/bagon/shared/imagenet512/val/n04141975/ILSVRC2012_val_00047207.JPEG reached epsilon at step 245, loss sum: 245.8714, final loss: 0.00092316, weight distance: 0.0674
2025-09-16 00:27:11,450 - INFO - Example 76 completed: 245 steps, loss sum: 245.8714, final loss: 0.00092316, weight distance: 0.0674 (universal rank: 34300)
2025-09-16 00:27:11,450 - INFO - 
=== Training Example 77/150: /home/projects/bagon/shared/imagenet512/val/n03967562/ILSVRC2012_val_00027610.JPEG ===
2025-09-16 00:28:02,438 - INFO - Example /home/projects/bagon/shared/imagenet512/val/n03967562/ILSVRC2012_val_00027610.JPEG reached epsilon at step 493, loss sum: 189.0133, final loss: 0.00097275, weight distance: 0.0622
2025-09-16 00:28:03,105 - INFO - Example 77 completed: 493 steps, loss sum: 189.0133, final loss: 0.00097275, weight distance: 0.0622 (universal rank: 34419)
2025-09-16 00:28:03,106 - INFO - 
=== Training Example 78/150: /home/projects/bagon/shared/imagenet512/val/n03476991/ILSVRC2012_val_00004743.JPEG ===
2025-09-16 00:29:34,712 - INFO - Example /home/projects/bagon/shared/imagenet512/val/n03476991/ILSVRC2012_val_00004743.JPEG reached epsilon at step 886, loss sum: 311.6180, final loss: 0.00099182, weight distance: 0.1399
2025-09-16 00:29:35,548 - INFO - Example 78 completed: 886 steps, loss sum: 311.6180, final loss: 0.00099182, weight distance: 0.1399 (universal rank: 34544)
2025-09-16 00:29:35,548 - INFO - 
=== Training Example 79/150: /home/projects/bagon/shared/imagenet512/val/n03970156/ILSVRC2012_val_00047475.JPEG ===
2025-09-16 00:30:34,737 - INFO - Example /home/projects/bagon/shared/imagenet512/val/n03970156/ILSVRC2012_val_00047475.JPEG reached epsilon at step 574, loss sum: 267.0511, final loss: 0.00093460, weight distance: 0.1124
2025-09-16 00:30:35,502 - INFO - Example 79 completed: 574 steps, loss sum: 267.0511, final loss: 0.00093460, weight distance: 0.1124 (universal rank: 34633)
2025-09-16 00:30:35,502 - INFO - 
=== Training Example 80/150: /home/projects/bagon/shared/imagenet512/val/n04517823/ILSVRC2012_val_00046435.JPEG ===
2025-09-16 00:31:04,108 - INFO - Example /home/projects/bagon/shared/imagenet512/val/n04517823/ILSVRC2012_val_00046435.JPEG reached epsilon at step 277, loss sum: 216.4382, final loss: 0.00099945, weight distance: 0.0717
2025-09-16 00:31:04,772 - INFO - Example 80 completed: 277 steps, loss sum: 216.4382, final loss: 0.00099945, weight distance: 0.0717 (universal rank: 34819)
2025-09-16 00:31:04,772 - INFO - 
=== Training Example 81/150: /home/projects/bagon/shared/imagenet512/val/n04371774/ILSVRC2012_val_00029139.JPEG ===
2025-09-16 00:31:35,054 - INFO - Example /home/projects/bagon/shared/imagenet512/val/n04371774/ILSVRC2012_val_00029139.JPEG reached epsilon at step 290, loss sum: 125.7647, final loss: 0.00098419, weight distance: 0.0495
2025-09-16 00:31:36,126 - INFO - Example 81 completed: 290 steps, loss sum: 125.7647, final loss: 0.00098419, weight distance: 0.0495 (universal rank: 35423)
2025-09-16 00:31:36,126 - INFO - 
=== Training Example 82/150: /home/projects/bagon/shared/imagenet512/val/n02077923/ILSVRC2012_val_00012176.JPEG ===
2025-09-16 00:32:35,048 - INFO - Example /home/projects/bagon/shared/imagenet512/val/n02077923/ILSVRC2012_val_00012176.JPEG reached epsilon at step 570, loss sum: 206.9226, final loss: 0.00099945, weight distance: 0.0753
2025-09-16 00:32:35,811 - INFO - Example 82 completed: 570 steps, loss sum: 206.9226, final loss: 0.00099945, weight distance: 0.0753 (universal rank: 36359)
2025-09-16 00:32:35,812 - INFO - 
=== Training Example 83/150: /home/projects/bagon/shared/imagenet512/val/n02086079/ILSVRC2012_val_00046923.JPEG ===
2025-09-16 00:33:43,835 - INFO - Example /home/projects/bagon/shared/imagenet512/val/n02086079/ILSVRC2012_val_00046923.JPEG reached epsilon at step 657, loss sum: 58.3482, final loss: 0.00097656, weight distance: 0.0873
2025-09-16 00:33:44,530 - INFO - Example 83 completed: 657 steps, loss sum: 58.3482, final loss: 0.00097656, weight distance: 0.0873 (universal rank: 36392)
2025-09-16 00:33:44,530 - INFO - 
=== Training Example 84/150: /home/projects/bagon/shared/imagenet512/val/n03535780/ILSVRC2012_val_00011767.JPEG ===
2025-09-16 00:35:30,787 - INFO - Example /home/projects/bagon/shared/imagenet512/val/n03535780/ILSVRC2012_val_00011767.JPEG reached epsilon at step 1028, loss sum: 143.9967, final loss: 0.00096893, weight distance: 0.1172
2025-09-16 00:35:31,776 - INFO - Example 84 completed: 1028 steps, loss sum: 143.9967, final loss: 0.00096893, weight distance: 0.1172 (universal rank: 36452)
2025-09-16 00:35:31,776 - INFO - 
=== Training Example 85/150: /home/projects/bagon/shared/imagenet512/val/n03314780/ILSVRC2012_val_00033005.JPEG ===
2025-09-16 00:36:35,947 - INFO - Example /home/projects/bagon/shared/imagenet512/val/n03314780/ILSVRC2012_val_00033005.JPEG reached epsilon at step 618, loss sum: 20.4135, final loss: 0.00098419, weight distance: 0.0727
2025-09-16 00:36:36,635 - INFO - Example 85 completed: 618 steps, loss sum: 20.4135, final loss: 0.00098419, weight distance: 0.0727 (universal rank: 36518)
2025-09-16 00:36:36,635 - INFO - 
=== Training Example 86/150: /home/projects/bagon/shared/imagenet512/val/n04317175/ILSVRC2012_val_00031926.JPEG ===
2025-09-16 00:37:17,266 - INFO - Example /home/projects/bagon/shared/imagenet512/val/n04317175/ILSVRC2012_val_00031926.JPEG reached epsilon at step 393, loss sum: 183.8559, final loss: 0.00099945, weight distance: 0.0797
2025-09-16 00:37:17,960 - INFO - Example 86 completed: 393 steps, loss sum: 183.8559, final loss: 0.00099945, weight distance: 0.0797 (universal rank: 36680)
2025-09-16 00:37:17,960 - INFO - 
=== Training Example 87/150: /home/projects/bagon/shared/imagenet512/val/n02894605/ILSVRC2012_val_00016237.JPEG ===
2025-09-16 00:39:08,526 - INFO - Example /home/projects/bagon/shared/imagenet512/val/n02894605/ILSVRC2012_val_00016237.JPEG reached epsilon at step 1071, loss sum: 63.7651, final loss: 0.00096893, weight distance: 0.1043
2025-09-16 00:39:09,208 - INFO - Example 87 completed: 1071 steps, loss sum: 63.7651, final loss: 0.00096893, weight distance: 0.1043 (universal rank: 36782)
2025-09-16 00:39:09,208 - INFO - 
=== Training Example 88/150: /home/projects/bagon/shared/imagenet512/val/n02930766/ILSVRC2012_val_00037652.JPEG ===
2025-09-16 00:39:48,989 - INFO - Example /home/projects/bagon/shared/imagenet512/val/n02930766/ILSVRC2012_val_00037652.JPEG reached epsilon at step 386, loss sum: 83.1436, final loss: 0.00092697, weight distance: 0.0785
2025-09-16 00:39:49,677 - INFO - Example 88 completed: 386 steps, loss sum: 83.1436, final loss: 0.00092697, weight distance: 0.0785 (universal rank: 36874)
2025-09-16 00:39:49,677 - INFO - 
=== Training Example 89/150: /home/projects/bagon/shared/imagenet512/val/n04209239/ILSVRC2012_val_00031008.JPEG ===
2025-09-16 00:40:24,402 - INFO - Example /home/projects/bagon/shared/imagenet512/val/n04209239/ILSVRC2012_val_00031008.JPEG reached epsilon at step 337, loss sum: 171.8106, final loss: 0.00098419, weight distance: 0.0732
2025-09-16 00:40:25,078 - INFO - Example 89 completed: 337 steps, loss sum: 171.8106, final loss: 0.00098419, weight distance: 0.0732 (universal rank: 37094)
2025-09-16 00:40:25,078 - INFO - 
=== Training Example 90/150: /home/projects/bagon/shared/imagenet512/val/n04120489/ILSVRC2012_val_00028442.JPEG ===
2025-09-16 00:41:06,506 - INFO - Example /home/projects/bagon/shared/imagenet512/val/n04120489/ILSVRC2012_val_00028442.JPEG reached epsilon at step 401, loss sum: 34.9798, final loss: 0.00099945, weight distance: 0.0715
2025-09-16 00:41:07,198 - INFO - Example 90 completed: 401 steps, loss sum: 34.9798, final loss: 0.00099945, weight distance: 0.0715 (universal rank: 37142)
2025-09-16 00:41:07,198 - INFO - 
=== Training Example 91/150: /home/projects/bagon/shared/imagenet512/val/n01689811/ILSVRC2012_val_00037686.JPEG ===
2025-09-16 00:42:13,516 - INFO - Example /home/projects/bagon/shared/imagenet512/val/n01689811/ILSVRC2012_val_00037686.JPEG reached epsilon at step 645, loss sum: 121.0176, final loss: 0.00099182, weight distance: 0.0898
2025-09-16 00:42:14,227 - INFO - Example 91 completed: 645 steps, loss sum: 121.0176, final loss: 0.00099182, weight distance: 0.0898 (universal rank: 37234)
2025-09-16 00:42:14,227 - INFO - 
=== Training Example 92/150: /home/projects/bagon/shared/imagenet512/val/n02974003/ILSVRC2012_val_00030167.JPEG ===
2025-09-16 00:43:01,722 - INFO - Example /home/projects/bagon/shared/imagenet512/val/n02974003/ILSVRC2012_val_00030167.JPEG reached epsilon at step 462, loss sum: 36.9948, final loss: 0.00098419, weight distance: 0.1022
2025-09-16 00:43:02,414 - INFO - Example 92 completed: 462 steps, loss sum: 36.9948, final loss: 0.00098419, weight distance: 0.1022 (universal rank: 37330)
2025-09-16 00:43:02,414 - INFO - 
=== Training Example 93/150: /home/projects/bagon/shared/imagenet512/val/n03785016/ILSVRC2012_val_00005460.JPEG ===
2025-09-16 00:44:47,318 - INFO - Example /home/projects/bagon/shared/imagenet512/val/n03785016/ILSVRC2012_val_00005460.JPEG reached epsilon at step 1020, loss sum: 65.1563, final loss: 0.00098419, weight distance: 0.1318
2025-09-16 00:44:47,992 - INFO - Example 93 completed: 1020 steps, loss sum: 65.1563, final loss: 0.00098419, weight distance: 0.1318 (universal rank: 37419)
2025-09-16 00:44:47,992 - INFO - 
=== Training Example 94/150: /home/projects/bagon/shared/imagenet512/val/n01770393/ILSVRC2012_val_00035005.JPEG ===
2025-09-16 00:46:05,725 - INFO - Example /home/projects/bagon/shared/imagenet512/val/n01770393/ILSVRC2012_val_00035005.JPEG reached epsilon at step 745, loss sum: 87.4863, final loss: 0.00099182, weight distance: 0.0880
2025-09-16 00:46:07,750 - INFO - Example 94 completed: 745 steps, loss sum: 87.4863, final loss: 0.00099182, weight distance: 0.0880 (universal rank: 38468)
2025-09-16 00:46:07,750 - INFO - 
=== Training Example 95/150: /home/projects/bagon/shared/imagenet512/val/n02939185/ILSVRC2012_val_00021757.JPEG ===
2025-09-16 00:47:46,488 - INFO - Example /home/projects/bagon/shared/imagenet512/val/n02939185/ILSVRC2012_val_00021757.JPEG reached epsilon at step 955, loss sum: 158.6580, final loss: 0.00099182, weight distance: 0.0731
2025-09-16 00:47:47,183 - INFO - Example 95 completed: 955 steps, loss sum: 158.6580, final loss: 0.00099182, weight distance: 0.0731 (universal rank: 38544)
2025-09-16 00:47:47,183 - INFO - 
=== Training Example 96/150: /home/projects/bagon/shared/imagenet512/val/n02277742/ILSVRC2012_val_00022498.JPEG ===
2025-09-16 00:49:09,685 - INFO - Example /home/projects/bagon/shared/imagenet512/val/n02277742/ILSVRC2012_val_00022498.JPEG reached epsilon at step 795, loss sum: 142.2876, final loss: 0.00099945, weight distance: 0.1002
2025-09-16 00:49:10,373 - INFO - Example 96 completed: 795 steps, loss sum: 142.2876, final loss: 0.00099945, weight distance: 0.1002 (universal rank: 38576)
2025-09-16 00:49:10,373 - INFO - 
=== Training Example 97/150: /home/projects/bagon/shared/imagenet512/val/n02526121/ILSVRC2012_val_00044756.JPEG ===
2025-09-16 00:49:59,691 - INFO - Example /home/projects/bagon/shared/imagenet512/val/n02526121/ILSVRC2012_val_00044756.JPEG reached epsilon at step 476, loss sum: 108.0888, final loss: 0.00093842, weight distance: 0.0790
2025-09-16 00:50:00,385 - INFO - Example 97 completed: 476 steps, loss sum: 108.0888, final loss: 0.00093842, weight distance: 0.0790 (universal rank: 38667)
2025-09-16 00:50:00,386 - INFO - 
=== Training Example 98/150: /home/projects/bagon/shared/imagenet512/val/n01682714/ILSVRC2012_val_00023361.JPEG ===
2025-09-16 00:51:35,181 - INFO - Example /home/projects/bagon/shared/imagenet512/val/n01682714/ILSVRC2012_val_00023361.JPEG reached epsilon at step 899, loss sum: 97.6011, final loss: 0.00099182, weight distance: 0.1330
2025-09-16 00:51:35,886 - INFO - Example 98 completed: 899 steps, loss sum: 97.6011, final loss: 0.00099182, weight distance: 0.1330 (universal rank: 38933)
2025-09-16 00:51:35,886 - INFO - 
=== Training Example 99/150: /home/projects/bagon/shared/imagenet512/val/n03452741/ILSVRC2012_val_00039717.JPEG ===
2025-09-16 00:52:15,070 - INFO - Example /home/projects/bagon/shared/imagenet512/val/n03452741/ILSVRC2012_val_00039717.JPEG reached epsilon at step 376, loss sum: 52.4398, final loss: 0.00099945, weight distance: 0.0654
2025-09-16 00:52:15,759 - INFO - Example 99 completed: 376 steps, loss sum: 52.4398, final loss: 0.00099945, weight distance: 0.0654 (universal rank: 39098)
2025-09-16 00:52:15,760 - INFO - 
=== Training Example 100/150: /home/projects/bagon/shared/imagenet512/val/n04252225/ILSVRC2012_val_00000767.JPEG ===
2025-09-16 00:52:51,522 - INFO - Example /home/projects/bagon/shared/imagenet512/val/n04252225/ILSVRC2012_val_00000767.JPEG reached epsilon at step 347, loss sum: 19.4688, final loss: 0.00099945, weight distance: 0.0643
2025-09-16 00:52:52,222 - INFO - Example 100 completed: 347 steps, loss sum: 19.4688, final loss: 0.00099945, weight distance: 0.0643 (universal rank: 39446)
2025-09-16 00:52:52,222 - INFO - 
=== Training Example 101/150: /home/projects/bagon/shared/imagenet512/val/n03424325/ILSVRC2012_val_00002290.JPEG ===
2025-09-16 00:53:44,968 - INFO - Example /home/projects/bagon/shared/imagenet512/val/n03424325/ILSVRC2012_val_00002290.JPEG reached epsilon at step 510, loss sum: 115.3984, final loss: 0.00099945, weight distance: 0.0824
2025-09-16 00:53:45,939 - INFO - Example 101 completed: 510 steps, loss sum: 115.3984, final loss: 0.00099945, weight distance: 0.0824 (universal rank: 39522)
2025-09-16 00:53:45,939 - INFO - 
=== Training Example 102/150: /home/projects/bagon/shared/imagenet512/val/n03291819/ILSVRC2012_val_00018094.JPEG ===
2025-09-16 00:54:54,792 - INFO - Example /home/projects/bagon/shared/imagenet512/val/n03291819/ILSVRC2012_val_00018094.JPEG reached epsilon at step 668, loss sum: 82.5045, final loss: 0.00099945, weight distance: 0.1129
2025-09-16 00:54:55,471 - INFO - Example 102 completed: 668 steps, loss sum: 82.5045, final loss: 0.00099945, weight distance: 0.1129 (universal rank: 39538)
2025-09-16 00:54:55,471 - INFO - 
=== Training Example 103/150: /home/projects/bagon/shared/imagenet512/val/n02168699/ILSVRC2012_val_00003444.JPEG ===
2025-09-16 00:55:25,665 - INFO - Example /home/projects/bagon/shared/imagenet512/val/n02168699/ILSVRC2012_val_00003444.JPEG reached epsilon at step 293, loss sum: 44.5015, final loss: 0.00092316, weight distance: 0.0488
2025-09-16 00:55:26,327 - INFO - Example 103 completed: 293 steps, loss sum: 44.5015, final loss: 0.00092316, weight distance: 0.0488 (universal rank: 39645)
2025-09-16 00:55:26,327 - INFO - 
=== Training Example 104/150: /home/projects/bagon/shared/imagenet512/val/n03623198/ILSVRC2012_val_00042349.JPEG ===
2025-09-16 00:56:11,032 - INFO - Example /home/projects/bagon/shared/imagenet512/val/n03623198/ILSVRC2012_val_00042349.JPEG reached epsilon at step 433, loss sum: 36.0087, final loss: 0.00098419, weight distance: 0.0636
2025-09-16 00:56:12,231 - INFO - Example 104 completed: 433 steps, loss sum: 36.0087, final loss: 0.00098419, weight distance: 0.0636 (universal rank: 39683)
2025-09-16 00:56:12,231 - INFO - 
=== Training Example 105/150: /home/projects/bagon/shared/imagenet512/val/n07734744/ILSVRC2012_val_00004570.JPEG ===
2025-09-16 00:57:18,453 - INFO - Example /home/projects/bagon/shared/imagenet512/val/n07734744/ILSVRC2012_val_00004570.JPEG reached epsilon at step 629, loss sum: 505.0250, final loss: 0.00099945, weight distance: 0.0991
2025-09-16 00:57:19,125 - INFO - Example 105 completed: 629 steps, loss sum: 505.0250, final loss: 0.00099945, weight distance: 0.0991 (universal rank: 40032)
2025-09-16 00:57:19,125 - INFO - 
=== Training Example 106/150: /home/projects/bagon/shared/imagenet512/val/n04483307/ILSVRC2012_val_00034885.JPEG ===
2025-09-16 00:59:52,583 - INFO - Example /home/projects/bagon/shared/imagenet512/val/n04483307/ILSVRC2012_val_00034885.JPEG reached epsilon at step 1486, loss sum: 161.0424, final loss: 0.00099945, weight distance: 0.1446
2025-09-16 00:59:53,408 - INFO - Example 106 completed: 1486 steps, loss sum: 161.0424, final loss: 0.00099945, weight distance: 0.1446 (universal rank: 40047)
2025-09-16 00:59:53,408 - INFO - 
=== Training Example 107/150: /home/projects/bagon/shared/imagenet512/val/n01728920/ILSVRC2012_val_00042312.JPEG ===
2025-09-16 01:01:04,129 - INFO - Example /home/projects/bagon/shared/imagenet512/val/n01728920/ILSVRC2012_val_00042312.JPEG reached epsilon at step 678, loss sum: 117.5098, final loss: 0.00097656, weight distance: 0.1030
2025-09-16 01:01:04,821 - INFO - Example 107 completed: 678 steps, loss sum: 117.5098, final loss: 0.00097656, weight distance: 0.1030 (universal rank: 40415)
2025-09-16 01:01:04,821 - INFO - 
=== Training Example 108/150: /home/projects/bagon/shared/imagenet512/val/n03400231/ILSVRC2012_val_00004787.JPEG ===
2025-09-16 01:02:14,533 - INFO - Example /home/projects/bagon/shared/imagenet512/val/n03400231/ILSVRC2012_val_00004787.JPEG reached epsilon at step 672, loss sum: 320.5003, final loss: 0.00096130, weight distance: 0.1225
2025-09-16 01:02:15,226 - INFO - Example 108 completed: 672 steps, loss sum: 320.5003, final loss: 0.00096130, weight distance: 0.1225 (universal rank: 40448)
2025-09-16 01:02:15,226 - INFO - 
=== Training Example 109/150: /home/projects/bagon/shared/imagenet512/val/n03803284/ILSVRC2012_val_00027336.JPEG ===
2025-09-16 01:02:34,814 - INFO - Example /home/projects/bagon/shared/imagenet512/val/n03803284/ILSVRC2012_val_00027336.JPEG reached epsilon at step 188, loss sum: 125.8478, final loss: 0.00099945, weight distance: 0.0491
2025-09-16 01:02:35,556 - INFO - Example 109 completed: 188 steps, loss sum: 125.8478, final loss: 0.00099945, weight distance: 0.0491 (universal rank: 40514)
2025-09-16 01:02:35,556 - INFO - 
=== Training Example 110/150: /home/projects/bagon/shared/imagenet512/val/n02869837/ILSVRC2012_val_00025125.JPEG ===
2025-09-16 01:03:19,074 - INFO - Example /home/projects/bagon/shared/imagenet512/val/n02869837/ILSVRC2012_val_00025125.JPEG reached epsilon at step 411, loss sum: 116.4071, final loss: 0.00098419, weight distance: 0.0760
2025-09-16 01:03:20,105 - INFO - Example 110 completed: 411 steps, loss sum: 116.4071, final loss: 0.00098419, weight distance: 0.0760 (universal rank: 40531)
2025-09-16 01:03:20,106 - INFO - 
=== Training Example 111/150: /home/projects/bagon/shared/imagenet512/val/n02172182/ILSVRC2012_val_00021314.JPEG ===
2025-09-16 01:04:41,410 - INFO - Example /home/projects/bagon/shared/imagenet512/val/n02172182/ILSVRC2012_val_00021314.JPEG reached epsilon at step 783, loss sum: 52.8819, final loss: 0.00097656, weight distance: 0.1064
2025-09-16 01:04:42,082 - INFO - Example 111 completed: 783 steps, loss sum: 52.8819, final loss: 0.00097656, weight distance: 0.1064 (universal rank: 40668)
2025-09-16 01:04:42,082 - INFO - 
=== Training Example 112/150: /home/projects/bagon/shared/imagenet512/val/n03761084/ILSVRC2012_val_00047421.JPEG ===
2025-09-16 01:05:34,528 - INFO - Example /home/projects/bagon/shared/imagenet512/val/n03761084/ILSVRC2012_val_00047421.JPEG reached epsilon at step 504, loss sum: 93.3236, final loss: 0.00099182, weight distance: 0.0763
2025-09-16 01:05:35,360 - INFO - Example 112 completed: 504 steps, loss sum: 93.3236, final loss: 0.00099182, weight distance: 0.0763 (universal rank: 41026)
2025-09-16 01:05:35,360 - INFO - 
=== Training Example 113/150: /home/projects/bagon/shared/imagenet512/val/n03661043/ILSVRC2012_val_00039081.JPEG ===
2025-09-16 01:06:37,891 - INFO - Example /home/projects/bagon/shared/imagenet512/val/n03661043/ILSVRC2012_val_00039081.JPEG reached epsilon at step 601, loss sum: 87.5148, final loss: 0.00099945, weight distance: 0.0900
2025-09-16 01:06:38,571 - INFO - Example 113 completed: 601 steps, loss sum: 87.5148, final loss: 0.00099945, weight distance: 0.0900 (universal rank: 41102)
2025-09-16 01:06:38,571 - INFO - 
=== Training Example 114/150: /home/projects/bagon/shared/imagenet512/val/n07875152/ILSVRC2012_val_00029054.JPEG ===
2025-09-16 01:07:43,159 - INFO - Example /home/projects/bagon/shared/imagenet512/val/n07875152/ILSVRC2012_val_00029054.JPEG reached epsilon at step 621, loss sum: 92.8967, final loss: 0.00099945, weight distance: 0.0912
2025-09-16 01:07:43,835 - INFO - Example 114 completed: 621 steps, loss sum: 92.8967, final loss: 0.00099945, weight distance: 0.0912 (universal rank: 41186)
2025-09-16 01:07:43,835 - INFO - 
=== Training Example 115/150: /home/projects/bagon/shared/imagenet512/val/n04479046/ILSVRC2012_val_00011814.JPEG ===
2025-09-16 01:08:31,944 - INFO - Example /home/projects/bagon/shared/imagenet512/val/n04479046/ILSVRC2012_val_00011814.JPEG reached epsilon at step 462, loss sum: 224.3821, final loss: 0.00097656, weight distance: 0.0798
2025-09-16 01:08:32,943 - INFO - Example 115 completed: 462 steps, loss sum: 224.3821, final loss: 0.00097656, weight distance: 0.0798 (universal rank: 41818)
2025-09-16 01:08:32,943 - INFO - 
=== Training Example 116/150: /home/projects/bagon/shared/imagenet512/val/n03461385/ILSVRC2012_val_00026381.JPEG ===
2025-09-16 01:10:28,480 - INFO - Example /home/projects/bagon/shared/imagenet512/val/n03461385/ILSVRC2012_val_00026381.JPEG reached epsilon at step 1112, loss sum: 84.3195, final loss: 0.00098419, weight distance: 0.1191
2025-09-16 01:10:29,271 - INFO - Example 116 completed: 1112 steps, loss sum: 84.3195, final loss: 0.00098419, weight distance: 0.1191 (universal rank: 42203)
2025-09-16 01:10:29,271 - INFO - 
=== Training Example 117/150: /home/projects/bagon/shared/imagenet512/val/n02113186/ILSVRC2012_val_00022692.JPEG ===
2025-09-16 01:11:33,148 - INFO - Example /home/projects/bagon/shared/imagenet512/val/n02113186/ILSVRC2012_val_00022692.JPEG reached epsilon at step 615, loss sum: 32.8393, final loss: 0.00098419, weight distance: 0.0814
2025-09-16 01:11:33,828 - INFO - Example 117 completed: 615 steps, loss sum: 32.8393, final loss: 0.00098419, weight distance: 0.0814 (universal rank: 42214)
2025-09-16 01:11:33,828 - INFO - 
=== Training Example 118/150: /home/projects/bagon/shared/imagenet512/val/n04258138/ILSVRC2012_val_00028935.JPEG ===
2025-09-16 01:12:06,970 - INFO - Example /home/projects/bagon/shared/imagenet512/val/n04258138/ILSVRC2012_val_00028935.JPEG reached epsilon at step 319, loss sum: 49.0406, final loss: 0.00099182, weight distance: 0.0624
2025-09-16 01:12:07,642 - INFO - Example 118 completed: 319 steps, loss sum: 49.0406, final loss: 0.00099182, weight distance: 0.0624 (universal rank: 42286)
2025-09-16 01:12:07,642 - INFO - 
=== Training Example 119/150: /home/projects/bagon/shared/imagenet512/val/n04069434/ILSVRC2012_val_00006160.JPEG ===
2025-09-16 01:13:06,590 - INFO - Example /home/projects/bagon/shared/imagenet512/val/n04069434/ILSVRC2012_val_00006160.JPEG reached epsilon at step 566, loss sum: 92.4865, final loss: 0.00099182, weight distance: 0.0925
2025-09-16 01:13:07,292 - INFO - Example 119 completed: 566 steps, loss sum: 92.4865, final loss: 0.00099182, weight distance: 0.0925 (universal rank: 42398)
2025-09-16 01:13:07,292 - INFO - 
=== Training Example 120/150: /home/projects/bagon/shared/imagenet512/val/n03075370/ILSVRC2012_val_00017880.JPEG ===
2025-09-16 01:14:09,706 - INFO - Example /home/projects/bagon/shared/imagenet512/val/n03075370/ILSVRC2012_val_00017880.JPEG reached epsilon at step 601, loss sum: 190.4659, final loss: 0.00099945, weight distance: 0.0897
2025-09-16 01:14:10,378 - INFO - Example 120 completed: 601 steps, loss sum: 190.4659, final loss: 0.00099945, weight distance: 0.0897 (universal rank: 42640)
2025-09-16 01:14:10,378 - INFO - 
=== Training Example 121/150: /home/projects/bagon/shared/imagenet512/val/n03534580/ILSVRC2012_val_00012439.JPEG ===
2025-09-16 01:17:43,893 - INFO - Example /home/projects/bagon/shared/imagenet512/val/n03534580/ILSVRC2012_val_00012439.JPEG reached epsilon at step 2060, loss sum: 1033.0955, final loss: 0.00098419, weight distance: 0.1499
2025-09-16 01:17:44,570 - INFO - Example 121 completed: 2060 steps, loss sum: 1033.0955, final loss: 0.00098419, weight distance: 0.1499 (universal rank: 42764)
2025-09-16 01:17:44,570 - INFO - 
=== Training Example 122/150: /home/projects/bagon/shared/imagenet512/val/n03125729/ILSVRC2012_val_00001864.JPEG ===
2025-09-16 01:18:56,410 - INFO - Example /home/projects/bagon/shared/imagenet512/val/n03125729/ILSVRC2012_val_00001864.JPEG reached epsilon at step 691, loss sum: 89.5413, final loss: 0.00097656, weight distance: 0.1023
2025-09-16 01:18:57,103 - INFO - Example 122 completed: 691 steps, loss sum: 89.5413, final loss: 0.00097656, weight distance: 0.1023 (universal rank: 42773)
2025-09-16 01:18:57,103 - INFO - 
=== Training Example 123/150: /home/projects/bagon/shared/imagenet512/val/n02110063/ILSVRC2012_val_00039402.JPEG ===
2025-09-16 01:21:06,218 - INFO - Example /home/projects/bagon/shared/imagenet512/val/n02110063/ILSVRC2012_val_00039402.JPEG reached epsilon at step 1244, loss sum: 45.7485, final loss: 0.00099945, weight distance: 0.1172
2025-09-16 01:21:07,199 - INFO - Example 123 completed: 1244 steps, loss sum: 45.7485, final loss: 0.00099945, weight distance: 0.1172 (universal rank: 42829)
2025-09-16 01:21:07,199 - INFO - 
=== Training Example 124/150: /home/projects/bagon/shared/imagenet512/val/n04120489/ILSVRC2012_val_00017120.JPEG ===
2025-09-16 01:22:11,638 - INFO - Example /home/projects/bagon/shared/imagenet512/val/n04120489/ILSVRC2012_val_00017120.JPEG reached epsilon at step 620, loss sum: 581.8094, final loss: 0.00094604, weight distance: 0.1178
2025-09-16 01:22:12,334 - INFO - Example 124 completed: 620 steps, loss sum: 581.8094, final loss: 0.00094604, weight distance: 0.1178 (universal rank: 42885)
2025-09-16 01:22:12,334 - INFO - 
=== Training Example 125/150: /home/projects/bagon/shared/imagenet512/val/n02808440/ILSVRC2012_val_00003786.JPEG ===
2025-09-16 01:24:56,272 - INFO - Example /home/projects/bagon/shared/imagenet512/val/n02808440/ILSVRC2012_val_00003786.JPEG reached epsilon at step 1580, loss sum: 156.3752, final loss: 0.00099945, weight distance: 0.1734
2025-09-16 01:24:56,950 - INFO - Example 125 completed: 1580 steps, loss sum: 156.3752, final loss: 0.00099945, weight distance: 0.1734 (universal rank: 42926)
2025-09-16 01:24:56,950 - INFO - 
=== Training Example 126/150: /home/projects/bagon/shared/imagenet512/val/n04467665/ILSVRC2012_val_00015480.JPEG ===
2025-09-16 01:27:03,111 - INFO - Example /home/projects/bagon/shared/imagenet512/val/n04467665/ILSVRC2012_val_00015480.JPEG reached epsilon at step 1215, loss sum: 423.2851, final loss: 0.00096130, weight distance: 0.1194
2025-09-16 01:27:03,816 - INFO - Example 126 completed: 1215 steps, loss sum: 423.2851, final loss: 0.00096130, weight distance: 0.1194 (universal rank: 42989)
2025-09-16 01:27:03,816 - INFO - 
=== Training Example 127/150: /home/projects/bagon/shared/imagenet512/val/n03891332/ILSVRC2012_val_00042599.JPEG ===
2025-09-16 01:28:26,589 - INFO - Example /home/projects/bagon/shared/imagenet512/val/n03891332/ILSVRC2012_val_00042599.JPEG reached epsilon at step 795, loss sum: 253.4581, final loss: 0.00097656, weight distance: 0.0885
2025-09-16 01:28:27,269 - INFO - Example 127 completed: 795 steps, loss sum: 253.4581, final loss: 0.00097656, weight distance: 0.0885 (universal rank: 43013)
2025-09-16 01:28:27,269 - INFO - 
=== Training Example 128/150: /home/projects/bagon/shared/imagenet512/val/n03903868/ILSVRC2012_val_00030317.JPEG ===
2025-09-16 01:29:25,066 - INFO - Example /home/projects/bagon/shared/imagenet512/val/n03903868/ILSVRC2012_val_00030317.JPEG reached epsilon at step 556, loss sum: 123.0706, final loss: 0.00099945, weight distance: 0.0745
2025-09-16 01:29:25,733 - INFO - Example 128 completed: 556 steps, loss sum: 123.0706, final loss: 0.00099945, weight distance: 0.0745 (universal rank: 43530)
2025-09-16 01:29:25,733 - INFO - 
=== Training Example 129/150: /home/projects/bagon/shared/imagenet512/val/n04040759/ILSVRC2012_val_00030119.JPEG ===
2025-09-16 01:30:15,123 - INFO - Example /home/projects/bagon/shared/imagenet512/val/n04040759/ILSVRC2012_val_00030119.JPEG reached epsilon at step 474, loss sum: 318.9965, final loss: 0.00098419, weight distance: 0.0850
2025-09-16 01:30:15,850 - INFO - Example 129 completed: 474 steps, loss sum: 318.9965, final loss: 0.00098419, weight distance: 0.0850 (universal rank: 43786)
2025-09-16 01:30:15,850 - INFO - 
=== Training Example 130/150: /home/projects/bagon/shared/imagenet512/val/n02825657/ILSVRC2012_val_00036774.JPEG ===
2025-09-16 01:31:28,160 - INFO - Example /home/projects/bagon/shared/imagenet512/val/n02825657/ILSVRC2012_val_00036774.JPEG reached epsilon at step 696, loss sum: 118.1560, final loss: 0.00097656, weight distance: 0.1098
2025-09-16 01:31:29,138 - INFO - Example 130 completed: 696 steps, loss sum: 118.1560, final loss: 0.00097656, weight distance: 0.1098 (universal rank: 44041)
2025-09-16 01:31:29,138 - INFO - 
=== Training Example 131/150: /home/projects/bagon/shared/imagenet512/val/n03530642/ILSVRC2012_val_00042804.JPEG ===
2025-09-16 01:32:19,843 - INFO - Example /home/projects/bagon/shared/imagenet512/val/n03530642/ILSVRC2012_val_00042804.JPEG reached epsilon at step 483, loss sum: 121.7910, final loss: 0.00099945, weight distance: 0.0812
2025-09-16 01:32:20,500 - INFO - Example 131 completed: 483 steps, loss sum: 121.7910, final loss: 0.00099945, weight distance: 0.0812 (universal rank: 44175)
2025-09-16 01:32:20,501 - INFO - 
=== Training Example 132/150: /home/projects/bagon/shared/imagenet512/val/n02264363/ILSVRC2012_val_00011783.JPEG ===
2025-09-16 01:33:49,256 - INFO - Example /home/projects/bagon/shared/imagenet512/val/n02264363/ILSVRC2012_val_00011783.JPEG reached epsilon at step 854, loss sum: 181.0277, final loss: 0.00096893, weight distance: 0.0869
2025-09-16 01:33:49,917 - INFO - Example 132 completed: 854 steps, loss sum: 181.0277, final loss: 0.00096893, weight distance: 0.0869 (universal rank: 44176)
2025-09-16 01:33:49,917 - INFO - 
=== Training Example 133/150: /home/projects/bagon/shared/imagenet512/val/n04127249/ILSVRC2012_val_00047947.JPEG ===
2025-09-16 01:34:28,267 - INFO - Example /home/projects/bagon/shared/imagenet512/val/n04127249/ILSVRC2012_val_00047947.JPEG reached epsilon at step 369, loss sum: 227.5559, final loss: 0.00098419, weight distance: 0.0616
2025-09-16 01:34:28,952 - INFO - Example 133 completed: 369 steps, loss sum: 227.5559, final loss: 0.00098419, weight distance: 0.0616 (universal rank: 44303)
2025-09-16 01:34:28,952 - INFO - 
=== Training Example 134/150: /home/projects/bagon/shared/imagenet512/val/n04591157/ILSVRC2012_val_00010905.JPEG ===
2025-09-16 01:35:34,818 - INFO - Example /home/projects/bagon/shared/imagenet512/val/n04591157/ILSVRC2012_val_00010905.JPEG reached epsilon at step 633, loss sum: 1421.3725, final loss: 0.00097656, weight distance: 0.1289
2025-09-16 01:35:35,649 - INFO - Example 134 completed: 633 steps, loss sum: 1421.3725, final loss: 0.00097656, weight distance: 0.1289 (universal rank: 44317)
2025-09-16 01:35:35,650 - INFO - 
=== Training Example 135/150: /home/projects/bagon/shared/imagenet512/val/n02823428/ILSVRC2012_val_00032799.JPEG ===
2025-09-16 01:37:25,657 - INFO - Example /home/projects/bagon/shared/imagenet512/val/n02823428/ILSVRC2012_val_00032799.JPEG reached epsilon at step 1052, loss sum: 112.2571, final loss: 0.00097275, weight distance: 0.1140
2025-09-16 01:37:26,340 - INFO - Example 135 completed: 1052 steps, loss sum: 112.2571, final loss: 0.00097275, weight distance: 0.1140 (universal rank: 44916)
2025-09-16 01:37:26,340 - INFO - 
=== Training Example 136/150: /home/projects/bagon/shared/imagenet512/val/n07614500/ILSVRC2012_val_00000574.JPEG ===
2025-09-16 01:38:48,279 - INFO - Example /home/projects/bagon/shared/imagenet512/val/n07614500/ILSVRC2012_val_00000574.JPEG reached epsilon at step 794, loss sum: 35.7286, final loss: 0.00098419, weight distance: 0.0963
2025-09-16 01:38:48,954 - INFO - Example 136 completed: 794 steps, loss sum: 35.7286, final loss: 0.00098419, weight distance: 0.0963 (universal rank: 45007)
2025-09-16 01:38:48,954 - INFO - 
=== Training Example 137/150: /home/projects/bagon/shared/imagenet512/val/n02669723/ILSVRC2012_val_00046320.JPEG ===
2025-09-16 01:40:29,971 - INFO - Example /home/projects/bagon/shared/imagenet512/val/n02669723/ILSVRC2012_val_00046320.JPEG reached epsilon at step 981, loss sum: 59.0896, final loss: 0.00099945, weight distance: 0.1093
2025-09-16 01:40:31,031 - INFO - Example 137 completed: 981 steps, loss sum: 59.0896, final loss: 0.00099945, weight distance: 0.1093 (universal rank: 45066)
2025-09-16 01:40:31,031 - INFO - 
=== Training Example 138/150: /home/projects/bagon/shared/imagenet512/val/n02441942/ILSVRC2012_val_00031587.JPEG ===
2025-09-16 01:42:38,309 - INFO - Example /home/projects/bagon/shared/imagenet512/val/n02441942/ILSVRC2012_val_00031587.JPEG reached epsilon at step 1230, loss sum: 352.9557, final loss: 0.00099945, weight distance: 0.1360
2025-09-16 01:42:39,108 - INFO - Example 138 completed: 1230 steps, loss sum: 352.9557, final loss: 0.00099945, weight distance: 0.1360 (universal rank: 46047)
2025-09-16 01:42:39,108 - INFO - 
=== Training Example 139/150: /home/projects/bagon/shared/imagenet512/val/n04553703/ILSVRC2012_val_00048579.JPEG ===
2025-09-16 01:44:05,936 - INFO - Example /home/projects/bagon/shared/imagenet512/val/n04553703/ILSVRC2012_val_00048579.JPEG reached epsilon at step 842, loss sum: 284.2063, final loss: 0.00097275, weight distance: 0.1143
2025-09-16 01:44:06,963 - INFO - Example 139 completed: 842 steps, loss sum: 284.2063, final loss: 0.00097275, weight distance: 0.1143 (universal rank: 46152)
2025-09-16 01:44:06,964 - INFO - 
=== Training Example 140/150: /home/projects/bagon/shared/imagenet512/val/n02504013/ILSVRC2012_val_00000597.JPEG ===
2025-09-16 01:46:06,815 - INFO - Example /home/projects/bagon/shared/imagenet512/val/n02504013/ILSVRC2012_val_00000597.JPEG reached epsilon at step 1161, loss sum: 55.3324, final loss: 0.00099945, weight distance: 0.1376
2025-09-16 01:46:07,515 - INFO - Example 140 completed: 1161 steps, loss sum: 55.3324, final loss: 0.00099945, weight distance: 0.1376 (universal rank: 46312)
2025-09-16 01:46:07,516 - INFO - 
=== Training Example 141/150: /home/projects/bagon/shared/imagenet512/val/n02951585/ILSVRC2012_val_00024606.JPEG ===
2025-09-16 01:46:58,272 - INFO - Example /home/projects/bagon/shared/imagenet512/val/n02951585/ILSVRC2012_val_00024606.JPEG reached epsilon at step 494, loss sum: 203.7974, final loss: 0.00093842, weight distance: 0.0996
2025-09-16 01:46:58,944 - INFO - Example 141 completed: 494 steps, loss sum: 203.7974, final loss: 0.00093842, weight distance: 0.0996 (universal rank: 46476)
2025-09-16 01:46:58,945 - INFO - 
=== Training Example 142/150: /home/projects/bagon/shared/imagenet512/val/n09246464/ILSVRC2012_val_00048191.JPEG ===
2025-09-16 01:47:56,294 - INFO - Example /home/projects/bagon/shared/imagenet512/val/n09246464/ILSVRC2012_val_00048191.JPEG reached epsilon at step 556, loss sum: 38.2128, final loss: 0.00099945, weight distance: 0.0852
2025-09-16 01:47:56,970 - INFO - Example 142 completed: 556 steps, loss sum: 38.2128, final loss: 0.00099945, weight distance: 0.0852 (universal rank: 46935)
2025-09-16 01:47:56,971 - INFO - 
=== Training Example 143/150: /home/projects/bagon/shared/imagenet512/val/n07930864/ILSVRC2012_val_00046595.JPEG ===
2025-09-16 01:49:22,657 - INFO - Example /home/projects/bagon/shared/imagenet512/val/n07930864/ILSVRC2012_val_00046595.JPEG reached epsilon at step 834, loss sum: 186.0549, final loss: 0.00099945, weight distance: 0.1220
2025-09-16 01:49:23,469 - INFO - Example 143 completed: 834 steps, loss sum: 186.0549, final loss: 0.00099945, weight distance: 0.1220 (universal rank: 46979)
2025-09-16 01:49:23,469 - INFO - 
=== Training Example 144/150: /home/projects/bagon/shared/imagenet512/val/n02808304/ILSVRC2012_val_00026963.JPEG ===
2025-09-16 01:50:18,729 - INFO - Example /home/projects/bagon/shared/imagenet512/val/n02808304/ILSVRC2012_val_00026963.JPEG reached epsilon at step 526, loss sum: 92.1918, final loss: 0.00097275, weight distance: 0.0785
2025-09-16 01:50:19,724 - INFO - Example 144 completed: 526 steps, loss sum: 92.1918, final loss: 0.00097275, weight distance: 0.0785 (universal rank: 47273)
2025-09-16 01:50:19,724 - INFO - 
=== Training Example 145/150: /home/projects/bagon/shared/imagenet512/val/n07892512/ILSVRC2012_val_00031066.JPEG ===
2025-09-16 01:52:27,584 - INFO - Example /home/projects/bagon/shared/imagenet512/val/n07892512/ILSVRC2012_val_00031066.JPEG reached epsilon at step 1234, loss sum: 93.4821, final loss: 0.00098419, weight distance: 0.1216
2025-09-16 01:52:28,383 - INFO - Example 145 completed: 1234 steps, loss sum: 93.4821, final loss: 0.00098419, weight distance: 0.1216 (universal rank: 47755)
2025-09-16 01:52:28,383 - INFO - 
=== Training Example 146/150: /home/projects/bagon/shared/imagenet512/val/n04332243/ILSVRC2012_val_00037422.JPEG ===
2025-09-16 01:53:10,664 - INFO - Example /home/projects/bagon/shared/imagenet512/val/n04332243/ILSVRC2012_val_00037422.JPEG reached epsilon at step 409, loss sum: 116.0119, final loss: 0.00099182, weight distance: 0.0586
2025-09-16 01:53:11,485 - INFO - Example 146 completed: 409 steps, loss sum: 116.0119, final loss: 0.00099182, weight distance: 0.0586 (universal rank: 47823)
2025-09-16 01:53:11,486 - INFO - 
=== Training Example 147/150: /home/projects/bagon/shared/imagenet512/val/n03793489/ILSVRC2012_val_00036387.JPEG ===
2025-09-16 01:55:06,452 - INFO - Example /home/projects/bagon/shared/imagenet512/val/n03793489/ILSVRC2012_val_00036387.JPEG reached epsilon at step 1100, loss sum: 292.4430, final loss: 0.00099945, weight distance: 0.1090
2025-09-16 01:55:07,134 - INFO - Example 147 completed: 1100 steps, loss sum: 292.4430, final loss: 0.00099945, weight distance: 0.1090 (universal rank: 47938)
2025-09-16 01:55:07,134 - INFO - 
=== Training Example 148/150: /home/projects/bagon/shared/imagenet512/val/n03782006/ILSVRC2012_val_00000119.JPEG ===
2025-09-16 01:57:42,614 - INFO - Example /home/projects/bagon/shared/imagenet512/val/n03782006/ILSVRC2012_val_00000119.JPEG reached epsilon at step 1505, loss sum: 226.5478, final loss: 0.00099945, weight distance: 0.1769
2025-09-16 01:57:43,327 - INFO - Example 148 completed: 1505 steps, loss sum: 226.5478, final loss: 0.00099945, weight distance: 0.1769 (universal rank: 47969)
2025-09-16 01:57:43,327 - INFO - 
=== Training Example 149/150: /home/projects/bagon/shared/imagenet512/val/n02974003/ILSVRC2012_val_00048308.JPEG ===
2025-09-16 01:58:37,692 - INFO - Example /home/projects/bagon/shared/imagenet512/val/n02974003/ILSVRC2012_val_00048308.JPEG reached epsilon at step 525, loss sum: 161.9830, final loss: 0.00095749, weight distance: 0.0903
2025-09-16 01:58:38,381 - INFO - Example 149 completed: 525 steps, loss sum: 161.9830, final loss: 0.00095749, weight distance: 0.0903 (universal rank: 47998)
2025-09-16 01:58:38,382 - INFO - 
=== Training Example 150/150: /home/projects/bagon/shared/imagenet512/val/n03125729/ILSVRC2012_val_00007834.JPEG ===
2025-09-16 01:59:52,584 - INFO - Example /home/projects/bagon/shared/imagenet512/val/n03125729/ILSVRC2012_val_00007834.JPEG reached epsilon at step 715, loss sum: 263.0508, final loss: 0.00098419, weight distance: 0.1182
2025-09-16 01:59:53,445 - INFO - Example 150 completed: 715 steps, loss sum: 263.0508, final loss: 0.00098419, weight distance: 0.1182 (universal rank: 48090)
2025-09-16 01:59:53,445 - INFO - Creating final plots...
2025-09-16 01:59:54,623 - INFO - Training complete. Summary saved to /home/projects/bagon/andreyg/Projects/BMM_school/Universal_learning/Programming/training_gradient_evaluator_single_loss/outputs_lr_0.0005_150_examples/efficientvit_m0.r224_in1k/training_summary.json
2025-09-16 01:59:54,623 - INFO - Results CSV: /home/projects/bagon/andreyg/Projects/BMM_school/Universal_learning/Programming/training_gradient_evaluator_single_loss/outputs_lr_0.0005_150_examples/efficientvit_m0.r224_in1k/single_example_results.csv
