2025-09-22 08:01:21,237 - INFO - Parsed arguments:
2025-09-22 08:01:21,237 - INFO -   amp_dtype = None
2025-09-22 08:01:21,237 - INFO -   bars_npy = bars/geq6wrong_21017_geq6correct_1525_imagenet.npy
2025-09-22 08:01:21,237 - INFO -   cka_layer_fraction = 0.0
2025-09-22 08:01:21,237 - INFO -   deterministic = True
2025-09-22 08:01:21,237 - INFO -   device = cuda
2025-09-22 08:01:21,237 - INFO -   epsilon = 0.001
2025-09-22 08:01:21,237 - INFO -   examples_csv = bars/geq6wrong_21017_geq6correct_1525_imagenet_examples_ammended.csv
2025-09-22 08:01:21,237 - INFO -   explicit_examples_for_training = None
2025-09-22 08:01:21,237 - INFO -   grad_clip_norm = 1.0
2025-09-22 08:01:21,237 - INFO -   hierarchy_json = bars/imagenet_synset_hierarchy.json
2025-09-22 08:01:21,237 - INFO -   imagenet_models_csv = bars/imagenet_models.csv
2025-09-22 08:01:21,237 - INFO -   lr = 0.0001
2025-09-22 08:01:21,237 - INFO -   max_examples = 1
2025-09-22 08:01:21,237 - INFO -   max_steps_per_example = 10000
2025-09-22 08:01:21,237 - INFO -   model_csv_name = convnext_tiny_224_classification_imagenet_12k_ft_classification_imagenet_1k
2025-09-22 08:01:21,237 - INFO -   model_name = convnext_tiny.in12k_ft_in1k
2025-09-22 08:01:21,237 - INFO -   no_amp = False
2025-09-22 08:01:21,237 - INFO -   output_dir = training_gradient_evaluator_single_loss/outputs_assess_training_time
2025-09-22 08:01:21,237 - INFO -   root_dir = None
2025-09-22 08:01:21,237 - INFO -   seed = 1337
2025-09-22 08:01:21,237 - INFO -   weight_decay = 0
2025-09-22 08:01:21,237 - INFO -   zero_aug_train = True
2025-09-22 08:01:21,248 - INFO - Loaded 50000 examples in difficulty order
2025-09-22 08:01:24,248 - INFO - Loaded TIMM pretrained weights for convnext_tiny.in12k_ft_in1k
2025-09-22 08:01:24,248 - INFO - pretrained_cfg.url= hf_hub_id=timm/convnext_tiny.in12k_ft_in1k
2025-09-22 08:01:24,595 - INFO - Stored original model weights for reset
2025-09-22 08:01:24,602 - INFO - Training configuration:
2025-09-22 08:01:24,602 - INFO -   lr = 0.0001
2025-09-22 08:01:24,602 - INFO -   weight_decay = 0
2025-09-22 08:01:24,602 - INFO -   max_steps = 10000
2025-09-22 08:01:24,602 - INFO -   epsilon = 0.001
2025-09-22 08:01:24,602 - INFO -   device = cuda
2025-09-22 08:01:24,602 - INFO -   use_amp = True
2025-09-22 08:01:24,602 - INFO -   amp_dtype = bfloat16
2025-09-22 08:01:24,602 - INFO -   gradient_clip_norm = 1.0
2025-09-22 08:01:24,674 - INFO - Resolved model_csv_name='convnext_tiny_224_classification_imagenet_12k_ft_classification_imagenet_1k' to mask_row_index=258
2025-09-22 08:01:26,870 - INFO - Selected 1 wrong examples for training (sorted by difficulty)
2025-09-22 08:01:26,873 - INFO - Training examples (rank indices, 0-based): 21994
2025-09-22 08:01:26,886 - INFO - CKA disabled: cka_layer_fraction == 0. Skipping all CKA computations.
2025-09-22 08:01:26,887 - INFO - 
=== Training Example 1/1: /home/projects/bagon/shared/imagenet512/val/n04127249/ILSVRC2012_val_00002068.JPEG ===
2025-09-22 08:01:48,159 - INFO - Example /home/projects/bagon/shared/imagenet512/val/n04127249/ILSVRC2012_val_00002068.JPEG reached epsilon at step 421, loss sum: 10.0185, final loss: 0.00095367, weight distance: 0.0210
2025-09-22 08:01:48,164 - INFO - Example 1 completed: 421 steps, loss sum: 10.0185, final loss: 0.00095367, weight distance: 0.0210 (universal rank: 21995)
2025-09-22 08:01:48,164 - INFO - Creating final plots...
2025-09-22 08:01:48,169 - INFO - Training complete. Summary saved to training_gradient_evaluator_single_loss/outputs_assess_training_time/convnext_tiny.in12k_ft_in1k/training_summary.json
2025-09-22 08:01:48,169 - INFO - Results CSV: training_gradient_evaluator_single_loss/outputs_assess_training_time/convnext_tiny.in12k_ft_in1k/single_example_results.csv
