2025-09-22 08:01:51,418 - INFO - Parsed arguments:
2025-09-22 08:01:51,418 - INFO -   amp_dtype = None
2025-09-22 08:01:51,418 - INFO -   bars_npy = bars/geq6wrong_21017_geq6correct_1525_imagenet.npy
2025-09-22 08:01:51,418 - INFO -   cka_layer_fraction = 0.0
2025-09-22 08:01:51,418 - INFO -   deterministic = True
2025-09-22 08:01:51,418 - INFO -   device = cuda
2025-09-22 08:01:51,418 - INFO -   epsilon = 0.001
2025-09-22 08:01:51,418 - INFO -   examples_csv = bars/geq6wrong_21017_geq6correct_1525_imagenet_examples_ammended.csv
2025-09-22 08:01:51,418 - INFO -   explicit_examples_for_training = None
2025-09-22 08:01:51,418 - INFO -   grad_clip_norm = 1.0
2025-09-22 08:01:51,418 - INFO -   hierarchy_json = bars/imagenet_synset_hierarchy.json
2025-09-22 08:01:51,418 - INFO -   imagenet_models_csv = bars/imagenet_models.csv
2025-09-22 08:01:51,418 - INFO -   lr = 0.0001
2025-09-22 08:01:51,418 - INFO -   max_examples = 1
2025-09-22 08:01:51,418 - INFO -   max_steps_per_example = 10000
2025-09-22 08:01:51,418 - INFO -   model_csv_name = convnext_small_224_classification_imagenet_12k_ft_classification_imagenet_1k
2025-09-22 08:01:51,418 - INFO -   model_name = convnext_small.in12k_ft_in1k
2025-09-22 08:01:51,418 - INFO -   no_amp = False
2025-09-22 08:01:51,418 - INFO -   output_dir = training_gradient_evaluator_single_loss/outputs_assess_training_time
2025-09-22 08:01:51,418 - INFO -   root_dir = None
2025-09-22 08:01:51,418 - INFO -   seed = 1337
2025-09-22 08:01:51,418 - INFO -   weight_decay = 0
2025-09-22 08:01:51,418 - INFO -   zero_aug_train = True
2025-09-22 08:01:51,428 - INFO - Loaded 50000 examples in difficulty order
2025-09-22 08:01:55,415 - INFO - Loaded TIMM pretrained weights for convnext_small.in12k_ft_in1k
2025-09-22 08:01:55,415 - INFO - pretrained_cfg.url= hf_hub_id=timm/convnext_small.in12k_ft_in1k
2025-09-22 08:01:55,861 - INFO - Stored original model weights for reset
2025-09-22 08:01:55,869 - INFO - Training configuration:
2025-09-22 08:01:55,869 - INFO -   lr = 0.0001
2025-09-22 08:01:55,869 - INFO -   weight_decay = 0
2025-09-22 08:01:55,869 - INFO -   max_steps = 10000
2025-09-22 08:01:55,869 - INFO -   epsilon = 0.001
2025-09-22 08:01:55,869 - INFO -   device = cuda
2025-09-22 08:01:55,869 - INFO -   use_amp = True
2025-09-22 08:01:55,869 - INFO -   amp_dtype = bfloat16
2025-09-22 08:01:55,869 - INFO -   gradient_clip_norm = 1.0
2025-09-22 08:01:55,954 - INFO - Resolved model_csv_name='convnext_small_224_classification_imagenet_12k_ft_classification_imagenet_1k' to mask_row_index=178
2025-09-22 08:01:57,180 - INFO - Selected 1 wrong examples for training (sorted by difficulty)
2025-09-22 08:01:57,183 - INFO - Training examples (rank indices, 0-based): 21961
2025-09-22 08:01:57,196 - INFO - CKA disabled: cka_layer_fraction == 0. Skipping all CKA computations.
2025-09-22 08:01:57,197 - INFO - 
=== Training Example 1/1: /home/projects/bagon/shared/imagenet512/val/n04037443/ILSVRC2012_val_00028900.JPEG ===
2025-09-22 08:02:43,706 - INFO - Example /home/projects/bagon/shared/imagenet512/val/n04037443/ILSVRC2012_val_00028900.JPEG reached epsilon at step 492, loss sum: 21.4968, final loss: 0.00099182, weight distance: 0.0261
2025-09-22 08:02:43,710 - INFO - Example 1 completed: 492 steps, loss sum: 21.4968, final loss: 0.00099182, weight distance: 0.0261 (universal rank: 21962)
2025-09-22 08:02:43,710 - INFO - Creating final plots...
2025-09-22 08:02:43,715 - INFO - Training complete. Summary saved to training_gradient_evaluator_single_loss/outputs_assess_training_time/convnext_small.in12k_ft_in1k/training_summary.json
2025-09-22 08:02:43,715 - INFO - Results CSV: training_gradient_evaluator_single_loss/outputs_assess_training_time/convnext_small.in12k_ft_in1k/single_example_results.csv
