2025-09-22 07:49:03,332 - INFO - Parsed arguments:
2025-09-22 07:49:03,333 - INFO -   amp_dtype = None
2025-09-22 07:49:03,333 - INFO -   bars_npy = bars/geq6wrong_21017_geq6correct_1525_imagenet.npy
2025-09-22 07:49:03,333 - INFO -   cka_layer_fraction = 0.0
2025-09-22 07:49:03,333 - INFO -   deterministic = True
2025-09-22 07:49:03,333 - INFO -   device = cuda
2025-09-22 07:49:03,333 - INFO -   epsilon = 0.001
2025-09-22 07:49:03,333 - INFO -   examples_csv = bars/geq6wrong_21017_geq6correct_1525_imagenet_examples_ammended.csv
2025-09-22 07:49:03,333 - INFO -   explicit_examples_for_training = None
2025-09-22 07:49:03,333 - INFO -   grad_clip_norm = 1.0
2025-09-22 07:49:03,333 - INFO -   hierarchy_json = bars/imagenet_synset_hierarchy.json
2025-09-22 07:49:03,333 - INFO -   imagenet_models_csv = bars/imagenet_models.csv
2025-09-22 07:49:03,333 - INFO -   lr = 0.0001
2025-09-22 07:49:03,333 - INFO -   max_examples = 1
2025-09-22 07:49:03,333 - INFO -   max_steps_per_example = 10000
2025-09-22 07:49:03,333 - INFO -   model_csv_name = efficientvit_medium_4_224_classification_imagenet_1k
2025-09-22 07:49:03,333 - INFO -   model_name = efficientvit_m4.r224_in1k
2025-09-22 07:49:03,333 - INFO -   no_amp = False
2025-09-22 07:49:03,333 - INFO -   output_dir = training_gradient_evaluator_single_loss/outputs_assess_training_time
2025-09-22 07:49:03,333 - INFO -   root_dir = None
2025-09-22 07:49:03,333 - INFO -   seed = 1337
2025-09-22 07:49:03,333 - INFO -   weight_decay = 0
2025-09-22 07:49:03,333 - INFO -   zero_aug_train = True
2025-09-22 07:49:03,343 - INFO - Loaded 50000 examples in difficulty order
2025-09-22 07:49:04,172 - INFO - Loaded TIMM pretrained weights for efficientvit_m4.r224_in1k
2025-09-22 07:49:04,172 - INFO - pretrained_cfg.url= hf_hub_id=timm/efficientvit_m4.r224_in1k
2025-09-22 07:49:04,528 - INFO - Stored original model weights for reset
2025-09-22 07:49:04,535 - INFO - Training configuration:
2025-09-22 07:49:04,535 - INFO -   lr = 0.0001
2025-09-22 07:49:04,535 - INFO -   weight_decay = 0
2025-09-22 07:49:04,535 - INFO -   max_steps = 10000
2025-09-22 07:49:04,535 - INFO -   epsilon = 0.001
2025-09-22 07:49:04,535 - INFO -   device = cuda
2025-09-22 07:49:04,535 - INFO -   use_amp = True
2025-09-22 07:49:04,535 - INFO -   amp_dtype = bfloat16
2025-09-22 07:49:04,535 - INFO -   gradient_clip_norm = 1.0
2025-09-22 07:49:04,601 - INFO - Resolved model_csv_name='efficientvit_medium_4_224_classification_imagenet_1k' to mask_row_index=946
2025-09-22 07:49:06,616 - INFO - Selected 1 wrong examples for training (sorted by difficulty)
2025-09-22 07:49:06,619 - INFO - Training examples (rank indices, 0-based): 21157
2025-09-22 07:49:06,631 - INFO - CKA disabled: cka_layer_fraction == 0. Skipping all CKA computations.
2025-09-22 07:49:06,632 - INFO - 
=== Training Example 1/1: /home/projects/bagon/shared/imagenet512/val/n02110958/ILSVRC2012_val_00032117.JPEG ===
2025-09-22 08:00:00,581 - INFO - Example /home/projects/bagon/shared/imagenet512/val/n02110958/ILSVRC2012_val_00032117.JPEG reached epsilon at step 6297, loss sum: 201.3915, final loss: 0.00099182, weight distance: 0.1205
2025-09-22 08:00:00,590 - INFO - Example 1 completed: 6297 steps, loss sum: 201.3915, final loss: 0.00099182, weight distance: 0.1205 (universal rank: 21158)
2025-09-22 08:00:00,590 - INFO - Creating final plots...
2025-09-22 08:00:00,596 - INFO - Training complete. Summary saved to training_gradient_evaluator_single_loss/outputs_assess_training_time/efficientvit_m4.r224_in1k/training_summary.json
2025-09-22 08:00:00,596 - INFO - Results CSV: training_gradient_evaluator_single_loss/outputs_assess_training_time/efficientvit_m4.r224_in1k/single_example_results.csv
