2025-09-22 08:00:13,045 - INFO - Parsed arguments:
2025-09-22 08:00:13,045 - INFO -   amp_dtype = None
2025-09-22 08:00:13,045 - INFO -   bars_npy = bars/geq6wrong_21017_geq6correct_1525_imagenet.npy
2025-09-22 08:00:13,045 - INFO -   cka_layer_fraction = 0.0
2025-09-22 08:00:13,045 - INFO -   deterministic = True
2025-09-22 08:00:13,045 - INFO -   device = cuda
2025-09-22 08:00:13,046 - INFO -   epsilon = 0.001
2025-09-22 08:00:13,046 - INFO -   examples_csv = bars/geq6wrong_21017_geq6correct_1525_imagenet_examples_ammended.csv
2025-09-22 08:00:13,046 - INFO -   explicit_examples_for_training = None
2025-09-22 08:00:13,046 - INFO -   grad_clip_norm = 1.0
2025-09-22 08:00:13,046 - INFO -   hierarchy_json = bars/imagenet_synset_hierarchy.json
2025-09-22 08:00:13,046 - INFO -   imagenet_models_csv = bars/imagenet_models.csv
2025-09-22 08:00:13,046 - INFO -   lr = 0.0001
2025-09-22 08:00:13,046 - INFO -   max_examples = 1
2025-09-22 08:00:13,046 - INFO -   max_steps_per_example = 10000
2025-09-22 08:00:13,046 - INFO -   model_csv_name = efficientvit_base_1_224_classification_imagenet_1k
2025-09-22 08:00:13,046 - INFO -   model_name = efficientvit_b1.r224_in1k
2025-09-22 08:00:13,046 - INFO -   no_amp = False
2025-09-22 08:00:13,046 - INFO -   output_dir = training_gradient_evaluator_single_loss/outputs_assess_training_time
2025-09-22 08:00:13,046 - INFO -   root_dir = None
2025-09-22 08:00:13,046 - INFO -   seed = 1337
2025-09-22 08:00:13,046 - INFO -   weight_decay = 0
2025-09-22 08:00:13,046 - INFO -   zero_aug_train = True
2025-09-22 08:00:13,056 - INFO - Loaded 50000 examples in difficulty order
2025-09-22 08:00:13,730 - INFO - Loaded TIMM pretrained weights for efficientvit_b1.r224_in1k
2025-09-22 08:00:13,730 - INFO - pretrained_cfg.url= hf_hub_id=timm/efficientvit_b1.r224_in1k
2025-09-22 08:00:14,138 - INFO - Stored original model weights for reset
2025-09-22 08:00:14,145 - INFO - Training configuration:
2025-09-22 08:00:14,145 - INFO -   lr = 0.0001
2025-09-22 08:00:14,145 - INFO -   weight_decay = 0
2025-09-22 08:00:14,145 - INFO -   max_steps = 10000
2025-09-22 08:00:14,145 - INFO -   epsilon = 0.001
2025-09-22 08:00:14,145 - INFO -   device = cuda
2025-09-22 08:00:14,145 - INFO -   use_amp = True
2025-09-22 08:00:14,145 - INFO -   amp_dtype = bfloat16
2025-09-22 08:00:14,145 - INFO -   gradient_clip_norm = 1.0
2025-09-22 08:00:14,250 - INFO - Resolved model_csv_name='efficientvit_base_1_224_classification_imagenet_1k' to mask_row_index=740
2025-09-22 08:00:15,495 - INFO - Selected 1 wrong examples for training (sorted by difficulty)
2025-09-22 08:00:15,497 - INFO - Training examples (rank indices, 0-based): 21492
2025-09-22 08:00:15,509 - INFO - CKA disabled: cka_layer_fraction == 0. Skipping all CKA computations.
2025-09-22 08:00:15,510 - INFO - 
=== Training Example 1/1: /home/projects/bagon/shared/imagenet512/val/n02951358/ILSVRC2012_val_00039572.JPEG ===
2025-09-22 08:00:17,970 - INFO - Example /home/projects/bagon/shared/imagenet512/val/n02951358/ILSVRC2012_val_00039572.JPEG reached epsilon at step 31, loss sum: 1.7506, final loss: 0.00094223, weight distance: 0.0029
2025-09-22 08:00:17,973 - INFO - Example 1 completed: 31 steps, loss sum: 1.7506, final loss: 0.00094223, weight distance: 0.0029 (universal rank: 21493)
2025-09-22 08:00:17,973 - INFO - Creating final plots...
2025-09-22 08:00:17,978 - INFO - Training complete. Summary saved to training_gradient_evaluator_single_loss/outputs_assess_training_time/efficientvit_b1.r224_in1k/training_summary.json
2025-09-22 08:00:17,978 - INFO - Results CSV: training_gradient_evaluator_single_loss/outputs_assess_training_time/efficientvit_b1.r224_in1k/single_example_results.csv
