2025-09-22 07:20:14,823 - INFO - Parsed arguments:
2025-09-22 07:20:14,823 - INFO -   amp_dtype = None
2025-09-22 07:20:14,823 - INFO -   bars_npy = bars/geq6wrong_21017_geq6correct_1525_imagenet.npy
2025-09-22 07:20:14,823 - INFO -   cka_layer_fraction = 0.0
2025-09-22 07:20:14,823 - INFO -   deterministic = True
2025-09-22 07:20:14,823 - INFO -   device = cuda
2025-09-22 07:20:14,823 - INFO -   epsilon = 0.001
2025-09-22 07:20:14,823 - INFO -   examples_csv = bars/geq6wrong_21017_geq6correct_1525_imagenet_examples_ammended.csv
2025-09-22 07:20:14,823 - INFO -   explicit_examples_for_training = None
2025-09-22 07:20:14,823 - INFO -   grad_clip_norm = 1.0
2025-09-22 07:20:14,823 - INFO -   hierarchy_json = bars/imagenet_synset_hierarchy.json
2025-09-22 07:20:14,823 - INFO -   imagenet_models_csv = bars/imagenet_models.csv
2025-09-22 07:20:14,823 - INFO -   lr = 0.0001
2025-09-22 07:20:14,823 - INFO -   max_examples = 1
2025-09-22 07:20:14,823 - INFO -   max_steps_per_example = 10000
2025-09-22 07:20:14,823 - INFO -   model_csv_name = mobilenetv3_small_050_224_lamb_imagenet_1k
2025-09-22 07:20:14,823 - INFO -   model_name = mobilenetv3_small_050.lamb_in1k
2025-09-22 07:20:14,823 - INFO -   no_amp = False
2025-09-22 07:20:14,823 - INFO -   output_dir = training_gradient_evaluator_single_loss/outputs_assess_training_time
2025-09-22 07:20:14,823 - INFO -   root_dir = None
2025-09-22 07:20:14,823 - INFO -   seed = 1337
2025-09-22 07:20:14,823 - INFO -   weight_decay = 0
2025-09-22 07:20:14,823 - INFO -   zero_aug_train = True
2025-09-22 07:20:14,833 - INFO - Loaded 50000 examples in difficulty order
2025-09-22 07:20:15,519 - INFO - Loaded TIMM pretrained weights for mobilenetv3_small_050.lamb_in1k
2025-09-22 07:20:15,519 - INFO - pretrained_cfg.url=https://github.com/rwightman/pytorch-image-models/releases/download/v0.1-weights/mobilenetv3_small_050_lambc-4b7bbe87.pth hf_hub_id=timm/mobilenetv3_small_050.lamb_in1k
2025-09-22 07:20:15,897 - INFO - Stored original model weights for reset
2025-09-22 07:20:15,904 - INFO - Training configuration:
2025-09-22 07:20:15,904 - INFO -   lr = 0.0001
2025-09-22 07:20:15,904 - INFO -   weight_decay = 0
2025-09-22 07:20:15,904 - INFO -   max_steps = 10000
2025-09-22 07:20:15,904 - INFO -   epsilon = 0.001
2025-09-22 07:20:15,904 - INFO -   device = cuda
2025-09-22 07:20:15,904 - INFO -   use_amp = True
2025-09-22 07:20:15,904 - INFO -   amp_dtype = bfloat16
2025-09-22 07:20:15,904 - INFO -   gradient_clip_norm = 1.0
2025-09-22 07:20:15,926 - INFO - Resolved model_csv_name='mobilenetv3_small_050_224_lamb_imagenet_1k' to mask_row_index=1022
2025-09-22 07:20:19,251 - INFO - Selected 1 wrong examples for training (sorted by difficulty)
2025-09-22 07:20:19,254 - INFO - Training examples (rank indices, 0-based): 21017
2025-09-22 07:20:19,298 - INFO - CKA disabled: cka_layer_fraction == 0. Skipping all CKA computations.
2025-09-22 07:20:19,299 - INFO - 
=== Training Example 1/1: /home/projects/bagon/shared/imagenet512/val/n04208210/ILSVRC2012_val_00042715.JPEG ===
2025-09-22 07:22:09,448 - INFO - Example /home/projects/bagon/shared/imagenet512/val/n04208210/ILSVRC2012_val_00042715.JPEG reached epsilon at step 3575, loss sum: 117.9409, final loss: 0.00099945, weight distance: 0.0762
2025-09-22 07:22:09,453 - INFO - Example 1 completed: 3575 steps, loss sum: 117.9409, final loss: 0.00099945, weight distance: 0.0762 (universal rank: 21018)
2025-09-22 07:22:09,453 - INFO - Creating final plots...
2025-09-22 07:22:09,459 - INFO - Training complete. Summary saved to training_gradient_evaluator_single_loss/outputs_assess_training_time/mobilenetv3_small_050.lamb_in1k/training_summary.json
2025-09-22 07:22:09,459 - INFO - Results CSV: training_gradient_evaluator_single_loss/outputs_assess_training_time/mobilenetv3_small_050.lamb_in1k/single_example_results.csv
