2025-09-22 07:38:34,516 - INFO - Parsed arguments:
2025-09-22 07:38:34,516 - INFO -   amp_dtype = None
2025-09-22 07:38:34,516 - INFO -   bars_npy = bars/geq6wrong_21017_geq6correct_1525_imagenet.npy
2025-09-22 07:38:34,516 - INFO -   cka_layer_fraction = 0.0
2025-09-22 07:38:34,516 - INFO -   deterministic = True
2025-09-22 07:38:34,516 - INFO -   device = cuda
2025-09-22 07:38:34,516 - INFO -   epsilon = 0.001
2025-09-22 07:38:34,516 - INFO -   examples_csv = bars/geq6wrong_21017_geq6correct_1525_imagenet_examples_ammended.csv
2025-09-22 07:38:34,516 - INFO -   explicit_examples_for_training = None
2025-09-22 07:38:34,516 - INFO -   grad_clip_norm = 1.0
2025-09-22 07:38:34,516 - INFO -   hierarchy_json = bars/imagenet_synset_hierarchy.json
2025-09-22 07:38:34,516 - INFO -   imagenet_models_csv = bars/imagenet_models.csv
2025-09-22 07:38:34,516 - INFO -   lr = 0.0001
2025-09-22 07:38:34,517 - INFO -   max_examples = 1
2025-09-22 07:38:34,517 - INFO -   max_steps_per_example = 10000
2025-09-22 07:38:34,517 - INFO -   model_csv_name = resnet_18_224_tv_imagenet_1k
2025-09-22 07:38:34,517 - INFO -   model_name = resnet18.tv_in1k
2025-09-22 07:38:34,517 - INFO -   no_amp = False
2025-09-22 07:38:34,517 - INFO -   output_dir = training_gradient_evaluator_single_loss/outputs_assess_training_time
2025-09-22 07:38:34,517 - INFO -   root_dir = None
2025-09-22 07:38:34,517 - INFO -   seed = 1337
2025-09-22 07:38:34,517 - INFO -   weight_decay = 0
2025-09-22 07:38:34,517 - INFO -   zero_aug_train = True
2025-09-22 07:38:34,527 - INFO - Loaded 50000 examples in difficulty order
2025-09-22 07:38:35,346 - INFO - Loaded TIMM pretrained weights for resnet18.tv_in1k
2025-09-22 07:38:35,346 - INFO - pretrained_cfg.url=https://download.pytorch.org/models/resnet18-f37072fd.pth hf_hub_id=timm/resnet18.tv_in1k
2025-09-22 07:38:35,666 - INFO - Stored original model weights for reset
2025-09-22 07:38:35,673 - INFO - Training configuration:
2025-09-22 07:38:35,673 - INFO -   lr = 0.0001
2025-09-22 07:38:35,673 - INFO -   weight_decay = 0
2025-09-22 07:38:35,673 - INFO -   max_steps = 10000
2025-09-22 07:38:35,673 - INFO -   epsilon = 0.001
2025-09-22 07:38:35,673 - INFO -   device = cuda
2025-09-22 07:38:35,673 - INFO -   use_amp = True
2025-09-22 07:38:35,673 - INFO -   amp_dtype = bfloat16
2025-09-22 07:38:35,673 - INFO -   gradient_clip_norm = 1.0
2025-09-22 07:38:35,692 - INFO - Resolved model_csv_name='resnet_18_224_tv_imagenet_1k' to mask_row_index=998
2025-09-22 07:38:37,794 - INFO - Selected 1 wrong examples for training (sorted by difficulty)
2025-09-22 07:38:37,797 - INFO - Training examples (rank indices, 0-based): 21032
2025-09-22 07:38:37,809 - INFO - CKA disabled: cka_layer_fraction == 0. Skipping all CKA computations.
2025-09-22 07:38:37,810 - INFO - 
=== Training Example 1/1: /home/projects/bagon/shared/imagenet512/val/n04326547/ILSVRC2012_val_00033487.JPEG ===
2025-09-22 07:38:44,584 - INFO - Example /home/projects/bagon/shared/imagenet512/val/n04326547/ILSVRC2012_val_00033487.JPEG reached epsilon at step 434, loss sum: 48.7407, final loss: 0.00091171, weight distance: 0.0313
2025-09-22 07:38:44,588 - INFO - Example 1 completed: 434 steps, loss sum: 48.7407, final loss: 0.00091171, weight distance: 0.0313 (universal rank: 21033)
2025-09-22 07:38:44,588 - INFO - Creating final plots...
2025-09-22 07:38:44,592 - INFO - Training complete. Summary saved to training_gradient_evaluator_single_loss/outputs_assess_training_time/resnet18.tv_in1k/training_summary.json
2025-09-22 07:38:44,592 - INFO - Results CSV: training_gradient_evaluator_single_loss/outputs_assess_training_time/resnet18.tv_in1k/single_example_results.csv
