2025-09-22 07:33:23,452 - INFO - Parsed arguments:
2025-09-22 07:33:23,452 - INFO -   amp_dtype = None
2025-09-22 07:33:23,452 - INFO -   bars_npy = bars/geq6wrong_21017_geq6correct_1525_imagenet.npy
2025-09-22 07:33:23,452 - INFO -   cka_layer_fraction = 0.0
2025-09-22 07:33:23,452 - INFO -   deterministic = True
2025-09-22 07:33:23,452 - INFO -   device = cuda
2025-09-22 07:33:23,452 - INFO -   epsilon = 0.001
2025-09-22 07:33:23,452 - INFO -   examples_csv = bars/geq6wrong_21017_geq6correct_1525_imagenet_examples_ammended.csv
2025-09-22 07:33:23,452 - INFO -   explicit_examples_for_training = None
2025-09-22 07:33:23,452 - INFO -   grad_clip_norm = 1.0
2025-09-22 07:33:23,452 - INFO -   hierarchy_json = bars/imagenet_synset_hierarchy.json
2025-09-22 07:33:23,452 - INFO -   imagenet_models_csv = bars/imagenet_models.csv
2025-09-22 07:33:23,452 - INFO -   lr = 0.0001
2025-09-22 07:33:23,452 - INFO -   max_examples = 1
2025-09-22 07:33:23,452 - INFO -   max_steps_per_example = 10000
2025-09-22 07:33:23,452 - INFO -   model_csv_name = tinynet_d_152_classification_imagenet_1k
2025-09-22 07:33:23,452 - INFO -   model_name = tinynet_d.in1k
2025-09-22 07:33:23,452 - INFO -   no_amp = False
2025-09-22 07:33:23,452 - INFO -   output_dir = training_gradient_evaluator_single_loss/outputs_assess_training_time
2025-09-22 07:33:23,452 - INFO -   root_dir = None
2025-09-22 07:33:23,452 - INFO -   seed = 1337
2025-09-22 07:33:23,452 - INFO -   weight_decay = 0
2025-09-22 07:33:23,452 - INFO -   zero_aug_train = True
2025-09-22 07:33:23,461 - INFO - Loaded 50000 examples in difficulty order
2025-09-22 07:33:24,098 - INFO - Loaded TIMM pretrained weights for tinynet_d.in1k
2025-09-22 07:33:24,098 - INFO - pretrained_cfg.url=https://github.com/huawei-noah/CV-Backbones/releases/download/v1.2.0/tinynet_d.pth hf_hub_id=timm/tinynet_d.in1k
2025-09-22 07:33:24,383 - INFO - Stored original model weights for reset
2025-09-22 07:33:24,389 - INFO - Training configuration:
2025-09-22 07:33:24,389 - INFO -   lr = 0.0001
2025-09-22 07:33:24,389 - INFO -   weight_decay = 0
2025-09-22 07:33:24,389 - INFO -   max_steps = 10000
2025-09-22 07:33:24,389 - INFO -   epsilon = 0.001
2025-09-22 07:33:24,389 - INFO -   device = cuda
2025-09-22 07:33:24,389 - INFO -   use_amp = True
2025-09-22 07:33:24,389 - INFO -   amp_dtype = bfloat16
2025-09-22 07:33:24,390 - INFO -   gradient_clip_norm = 1.0
2025-09-22 07:33:24,412 - INFO - Resolved model_csv_name='tinynet_d_152_classification_imagenet_1k' to mask_row_index=1008
2025-09-22 07:33:26,055 - INFO - Selected 1 wrong examples for training (sorted by difficulty)
2025-09-22 07:33:26,058 - INFO - Training examples (rank indices, 0-based): 21036
2025-09-22 07:33:26,069 - INFO - CKA disabled: cka_layer_fraction == 0. Skipping all CKA computations.
2025-09-22 07:33:26,070 - INFO - 
=== Training Example 1/1: /home/projects/bagon/shared/imagenet512/val/n07720875/ILSVRC2012_val_00023892.JPEG ===
2025-09-22 07:34:15,182 - INFO - Example /home/projects/bagon/shared/imagenet512/val/n07720875/ILSVRC2012_val_00023892.JPEG reached epsilon at step 1499, loss sum: 206.1266, final loss: 0.00096512, weight distance: 0.0731
2025-09-22 07:34:15,187 - INFO - Example 1 completed: 1499 steps, loss sum: 206.1266, final loss: 0.00096512, weight distance: 0.0731 (universal rank: 21037)
2025-09-22 07:34:15,188 - INFO - Creating final plots...
2025-09-22 07:34:15,192 - INFO - Training complete. Summary saved to training_gradient_evaluator_single_loss/outputs_assess_training_time/tinynet_d.in1k/training_summary.json
2025-09-22 07:34:15,193 - INFO - Results CSV: training_gradient_evaluator_single_loss/outputs_assess_training_time/tinynet_d.in1k/single_example_results.csv
