2025-09-15 13:29:10,865 - INFO - Parsed arguments:
2025-09-15 13:29:10,865 - INFO -   amp_dtype = None
2025-09-15 13:29:10,865 - INFO -   bars_npy = /home/projects/bagon/andreyg/Projects/BMM_school/Universal_learning/Programming/bars/geq6wrong_21017_geq6correct_1525_imagenet.npy
2025-09-15 13:29:10,865 - INFO -   deterministic = True
2025-09-15 13:29:10,865 - INFO -   device = cuda
2025-09-15 13:29:10,866 - INFO -   epsilon = 0.001
2025-09-15 13:29:10,866 - INFO -   examples_csv = /home/projects/bagon/andreyg/Projects/BMM_school/Universal_learning/Programming/bars/geq6wrong_21017_geq6correct_1525_imagenet_examples_ammended.csv
2025-09-15 13:29:10,866 - INFO -   grad_clip_norm = 1.0
2025-09-15 13:29:10,866 - INFO -   hierarchy_json = /home/projects/bagon/andreyg/Projects/BMM_school/Universal_learning/Programming/bars/imagenet_synset_hierarchy.json
2025-09-15 13:29:10,866 - INFO -   imagenet_models_csv = /home/projects/bagon/andreyg/Projects/BMM_school/Universal_learning/Programming/bars/imagenet_models.csv
2025-09-15 13:29:10,866 - INFO -   lr = 0.0001
2025-09-15 13:29:10,866 - INFO -   max_examples = 1500
2025-09-15 13:29:10,866 - INFO -   max_steps_per_example = 10000
2025-09-15 13:29:10,866 - INFO -   model_csv_name = efficientvit_medium_1_224_classification_imagenet_1k
2025-09-15 13:29:10,866 - INFO -   model_name = efficientvit_m1.r224_in1k
2025-09-15 13:29:10,866 - INFO -   no_amp = False
2025-09-15 13:29:10,866 - INFO -   output_dir = /home/projects/bagon/andreyg/Projects/BMM_school/Universal_learning/Programming/training_gradient_evaluator_single_loss/outputs_lr_0.0001
2025-09-15 13:29:10,866 - INFO -   root_dir = None
2025-09-15 13:29:10,866 - INFO -   seed = 1337
2025-09-15 13:29:10,866 - INFO -   weight_decay = 0.0
2025-09-15 13:29:10,866 - INFO -   zero_aug_train = True
2025-09-15 13:29:10,874 - INFO - Loaded 50000 examples in difficulty order
2025-09-15 13:29:12,047 - INFO - Loaded TIMM pretrained weights for efficientvit_m1.r224_in1k
2025-09-15 13:29:12,048 - INFO - pretrained_cfg.url= hf_hub_id=timm/efficientvit_m1.r224_in1k
2025-09-15 13:29:12,463 - INFO - Stored original model weights for reset
2025-09-15 13:29:12,471 - INFO - Training configuration:
2025-09-15 13:29:12,472 - INFO -   lr = 0.0001
2025-09-15 13:29:12,472 - INFO -   weight_decay = 0.0
2025-09-15 13:29:12,472 - INFO -   max_steps = 10000
2025-09-15 13:29:12,472 - INFO -   epsilon = 0.001
2025-09-15 13:29:12,472 - INFO -   device = cuda
2025-09-15 13:29:12,472 - INFO -   use_amp = True
2025-09-15 13:29:12,472 - INFO -   amp_dtype = bfloat16
2025-09-15 13:29:12,472 - INFO -   gradient_clip_norm = 1.0
2025-09-15 13:29:12,550 - INFO - Resolved model_csv_name='efficientvit_medium_1_224_classification_imagenet_1k' to mask_row_index=1004
2025-09-15 13:29:21,396 - INFO - Selected 1500 wrong examples for training (sorted by difficulty)
2025-09-15 13:29:21,399 - INFO - Training examples (rank indices, 0-based): 21055, 21066, 21071, 21074, 21075, 21078, 21126, 21149, 21154, 21163, 21174, 21184, 21214, 21249, 21260, 21267, 21302, 21326, 21345, 21359, 21374, 21394, 21395, 21420, 21432, 21457, 21465, 21668, 21720, 21735, 21739, 21740, 21758, 21803, 21852, 21859, 21861, 21868, 21895, 21901, 21904, 21939, 21945, 21958, 21968, 21998, 22016, 22033, 22074, 22148, 22211, 22214, 22222, 22227, 22265, 22270, 22284, 22294, 22298, 22317, 22324, 22353, 22419, 22434, 22435, 22442, 22480, 22490, 22497, 22501, 22515, 22720, 22745, 22758, 22830, 22839, 22867, 22889, 22891, 22937, 22998, 23003, 23030, 23048, 23192, 23236, 23239, 23248, 23267, 23295, 23321, 23323, 23324, 23326, 23351, 23390, 23394, 23460, 23474, 23562, 23566, 23575, 23589, 23593, 23603, 23605, 23624, 23625, 23626, 23633, 23640, 23649, 23650, 23672, 23686, 23703, 23705, 23711, 23717, 23764, 23767, 23771, 23777, 23785, 23916, 23927, 23941, 23957, 23961, 23969, 23973, 23976, 24004, 24079, 24103, 24142, 24154, 24163, 24183, 24260, 24277, 24292, 24302, 24307, 24314, 24320, 24379, 24384, 24401, 24516, 24576, 24587, 24622, 24623, 24626, 24627, 24631, 24632, 24633, 24651, 24653, 24654, 24655, 24673, 24707, 24713, 24720, 24754, 24769, 24775, 24808, 24816, 24880, 24894, 24913, 24932, 24939, 24970, 24996, 25002, 25003, 25009, 25022, 25038, 25049, 25061, 25171, 25172, 25174, 25232, 25238, 25241, 25242, 25272, 25280, 25306, 25335, 25399, 25403, 25404, 25407, 25429, 25445, 25457, 25464, 25483, 25487, 25497, 25507, 25522, 25525, 25640, 25649, 25657, 25658, 25662, 25689, 25690, 25706, 25738, 25753, 25773, 25787, 25835, 25884, 25904, 25921, 25929, 25933, 25974, 25979, 25980, 25992, 25999, 26017, 26158, 26170, 26182, 26187, 26196, 26217, 26229, 26238, 26258, 26276, 26346, 26351, 26366, 26367, 26376, 26409, 26414, 26421, 26435, 26444, 26492, 26551, 26571, 26578, 26587, 26589, 26610, 26625, 26627, 26639, 26652, 26756, 26757, 26760, 26812, 26813, 26830, 26832, 26846, 26857, 26956, 26957, 26969, 26979, 27008, 27123, 27143, 27146, 27164, 27172, 27180, 27184, 27196, 27230, 27253, 27294, 27299, 27304, 27307, 27328, 27336, 27343, 27367, 27369, 27371, 27405, 27453, 27485, 27491, 27492, 27501, 27502, 27535, 27587, 27626, 27634, 27639, 27653, 27661, 27684, 27696, 27698, 27723, 27849, 27868, 27869, 27870, 27873, 27882, 27894, 27898, 27941, 27944, 27958, 27981, 27990, 28078, 28090, 28092, 28129, 28225, 28229, 28247, 28257, 28267, 28270, 28376, 28392, 28398, 28401, 28477, 28484, 28488, 28489, 28507, 28510, 28516, 28532, 28609, 28700, 28720, 28722, 28723, 28754, 28758, 28768, 28777, 28780, 28784, 28818, 28853, 28860, 28901, 28905, 28911, 28935, 28944, 28989, 28994, 29024, 29035, 29053, 29086, 29114, 29125, 29132, 29138, 29219, 29227, 29261, 29272, 29277, 29281, 29282, 29289, 29296, 29303, 29331, 29333, 29340, 29347, 29366, 29436, 29497, 29504, 29518, 29541, 29556, 29557, 29559, 29590, 29635, 29641, 29671, 29674, 29690, 29696, 29697, 29698, 29702, 29711, 29720, 29721, 29738, 29740, 29776, 29777, 29781, 29787, 29792, 29812, 29814, 29833, 29866, 29904, 29945, 29957, 29971, 29985, 29999, 30013, 30026, 30053, 30070, 30115, 30137, 30141, 30209, 30283, 30307, 30316, 30322, 30350, 30353, 30361, 30391, 30397, 30406, 30416, 30429, 30452, 30462, 30507, 30522, 30525, 30541, 30547, 30549, 30560, 30573, 30583, 30677, 30750, 30764, 30852, 30881, 30946, 30947, 30976, 30978, 30980, 31050, 31056, 31059, 31066, 31119, 31121, 31138, 31145, 31193, 31207, 31244, 31267, 31269, 31278, 31297, 31320, 31345, 31355, 31366, 31374, 31418, 31424, 31428, 31434, 31436, 31466, 31477, 31503, 31513, 31533, 31537, 31543, 31599, 31651, 31663, 31669, 31697, 31702, 31718, 31729, 31738, 31789, 31811, 31855, 31858, 31886, 31887, 31896, 31904, 31918, 31942, 31957, 31959, 31965, 32003, 32017, 32021, 32030, 32052, 32076, 32092, 32101, 32129, 32133, 32179, 32194, 32216, 32221, 32251, 32305, 32310, 32318, 32320, 32321, 32338, 32359, 32397, 32410, 32425, 32443, 32458, 32480, 32493, 32502, 32529, 32530, 32535, 32549, 32569, 32575, 32577, 32596, 32598, 32645, 32691, 32706, 32723, 32766, 32769, 32800, 32842, 32854, 32860, 32892, 32914, 32950, 32954, 32956, 32957, 32973, 33003, 33017, 33051, 33053, 33058, 33094, 33099, 33100, 33109, 33136, 33143, 33145, 33148, 33158, 33177, 33199, 33201, 33205, 33259, 33298, 33308, 33348, 33371, 33372, 33379, 33423, 33436, 33454, 33458, 33463, 33478, 33502, 33556, 33573, 33592, 33594, 33604, 33622, 33641, 33642, 33687, 33693, 33699, 33700, 33746, 33763, 33766, 33776, 33777, 33778, 33780, 33802, 33822, 33853, 33862, 33889, 33892, 33914, 33933, 33940, 33948, 33967, 33980, 33991, 33993, 33997, 34007, 34008, 34013, 34016, 34043, 34094, 34104, 34111, 34129, 34164, 34168, 34170, 34183, 34193, 34219, 34223, 34239, 34241, 34279, 34296, 34318, 34324, 34342, 34347, 34351, 34371, 34378, 34385, 34482, 34484, 34491, 34548, 34572, 34573, 34577, 34583, 34602, 34612, 34613, 34633, 34664, 34688, 34699, 34703, 34708, 34709, 34744, 34775, 34776, 34777, 34784, 34806, 34826, 34830, 34904, 34911, 34935, 34981, 35004, 35010, 35011, 35016, 35062, 35092, 35114, 35116, 35118, 35133, 35178, 35226, 35239, 35277, 35305, 35318, 35332, 35353, 35359, 35364, 35384, 35396, 35432, 35455, 35468, 35469, 35479, 35489, 35499, 35516, 35523, 35529, 35532, 35539, 35567, 35605, 35650, 35704, 35738, 35749, 35775, 35780, 35791, 35792, 35806, 35837, 35868, 35886, 35893, 35909, 35926, 35930, 35935, 35936, 35952, 35956, 35980, 36011, 36013, 36023, 36052, 36053, 36061, 36095, 36100, 36132, 36165, 36202, 36300, 36354, 36384, 36392, 36410, 36411, 36413, 36424, 36437, 36447, 36448, 36450, 36464, 36470, 36475, 36479, 36489, 36513, 36570, 36618, 36627, 36633, 36650, 36662, 36669, 36707, 36713, 36724, 36728, 36732, 36747, 36771, 36781, 36797, 36807, 36828, 36837, 36851, 36877, 36914, 36928, 36952, 36953, 37008, 37018, 37080, 37112, 37139, 37145, 37201, 37212, 37213, 37283, 37294, 37297, 37309, 37311, 37335, 37338, 37353, 37372, 37382, 37398, 37399, 37420, 37437, 37440, 37442, 37450, 37455, 37463, 37514, 37536, 37540, 37549, 37552, 37554, 37576, 37591, 37601, 37647, 37676, 37708, 37712, 37715, 37745, 37750, 37768, 37773, 37801, 37815, 37821, 37847, 37894, 37899, 37936, 37957, 37965, 37970, 38003, 38007, 38014, 38027, 38031, 38050, 38067, 38120, 38171, 38176, 38187, 38221, 38242, 38247, 38256, 38269, 38272, 38282, 38286, 38313, 38327, 38329, 38355, 38447, 38461, 38497, 38566, 38572, 38585, 38594, 38608, 38621, 38626, 38645, 38651, 38669, 38673, 38683, 38690, 38697, 38698, 38747, 38763, 38778, 38781, 38788, 38820, 38836, 38873, 38921, 38960, 38990, 39033, 39054, 39081, 39088, 39113, 39116, 39133, 39139, 39185, 39193, 39208, 39214, 39215, 39216, 39217, 39219, 39229, 39234, 39240, 39244, 39267, 39314, 39330, 39335, 39374, 39397, 39410, 39422, 39439, 39440, 39481, 39486, 39505, 39516, 39517, 39529, 39533, 39556, 39570, 39594, 39641, 39652, 39664, 39669, 39682, 39709, 39722, 39745, 39754, 39762, 39782, 39783, 39800, 39842, 39848, 39861, 39900, 39919, 39931, 39932, 39943, 39984, 40008, 40015, 40070, 40072, 40084, 40089, 40128, 40133, 40151, 40152, 40160, 40168, 40171, 40215, 40281, 40363, 40393, 40408, 40452, 40487, 40504, 40507, 40549, 40550, 40564, 40580, 40592, 40606, 40635, 40691, 40700, 40712, 40722, 40780, 40788, 40829, 40839, 40849, 40855, 40859, 40887, 40934, 40993, 40999, 41042, 41065, 41067, 41094, 41109, 41113, 41123, 41147, 41185, 41196, 41215, 41276, 41288, 41289, 41301, 41315, 41323, 41346, 41403, 41445, 41485, 41516, 41524, 41545, 41548, 41551, 41558, 41599, 41631, 41650, 41651, 41664, 41678, 41682, 41744, 41746, 41759, 41762, 41770, 41792, 41796, 41827, 41834, 41843, 41867, 41886, 41935, 41940, 41963, 41973, 41980, 41998, 42021, 42034, 42045, 42073, 42092, 42119, 42125, 42197, 42201, 42209, 42215, 42255, 42289, 42294, 42298, 42329, 42332, 42341, 42368, 42390, 42395, 42399, 42459, 42496, 42497, 42555, 42588, 42592, 42601, 42617, 42637, 42642, 42652, 42662, 42666, 42668, 42711, 42715, 42721, 42733, 42737, 42738, 42740, 42760, 42766, 42777, 42785, 42800, 42811, 42824, 42832, 42836, 42838, 42851, 42866, 42873, 42890, 42893, 42900, 42915, 42927, 42929, 42935, 42954, 42993, 43011, 43018, 43031, 43033, 43037, 43066, 43117, 43125, 43159, 43207, 43208, 43231, 43242, 43252, 43269, 43275, 43299, 43319, 43333, 43347, 43363, 43365, 43381, 43401, 43409, 43411, 43422, 43425, 43444, 43448, 43508, 43513, 43514, 43524, 43561, 43604, 43612, 43625, 43645, 43698, 43758, 43780, 43800, 43827, 43838, 43856, 43868, 43907, 43932, 43949, 43992, 44023, 44035, 44039, 44050, 44051, 44094, 44115, 44141, 44149, 44155, 44166, 44179, 44205, 44230, 44238, 44245, 44277, 44298, 44305, 44308, 44317, 44320, 44343, 44353, 44356, 44382, 44412, 44422, 44425, 44428, 44442, 44455, 44461, 44469, 44476, 44505, 44507, 44563, 44564, 44585, 44590, 44623, 44629, 44630, 44658, 44695, 44701, 44714, 44778, 44801, 44826, 44833, 44849, 44854, 44871, 44873, 44876, 44882, 44893, 44906, 44908, 44909, 44910, 44927, 44934, 44967, 44968, 44972, 44991, 44999, 45000, 45030, 45045, 45057, 45067, 45104, 45114, 45116, 45118, 45120, 45173, 45209, 45245, 45248, 45251, 45271, 45291, 45304, 45309, 45316, 45415, 45454, 45482, 45496, 45502, 45513, 45515, 45516, 45562, 45584, 45603, 45609, 45619, 45627, 45631, 45664, 45682, 45716, 45769, 45788, 45831, 45835, 45849, 45862, 45874, 45885, 45923, 45934, 45940, 45957, 45984, 46008, 46022, 46025, 46034, 46065, 46095, 46099, 46110, 46111, 46126, 46133, 46134, 46142, 46174, 46188, 46264, 46271, 46274, 46288, 46289, 46291, 46300, 46309, 46327, 46390, 46413, 46454, 46469, 46481, 46504, 46512, 46565, 46568, 46571, 46644, 46655, 46662, 46673, 46685, 46699, 46722, 46729, 46738, 46739, 46792, 46799, 46804, 46826, 46840, 46880, 46883, 46906, 46909, 46910, 46922, 46966, 46983, 46984, 46986, 46992, 47042, 47061, 47068, 47082, 47083, 47122, 47125, 47128, 47189, 47195, 47203, 47205, 47207, 47209, 47210, 47222, 47226, 47237, 47250, 47306, 47321, 47344, 47388, 47420, 47439, 47443, 47451, 47481, 47486, 47514, 47519, 47548, 47574, 47601, 47615, 47617, 47622, 47639, 47658, 47669, 47677, 47739, 47742, 47745, 47749, 47756, 47758, 47770, 47776, 47808, 47815, 47846, 47854, 47863, 47871, 47891, 47908, 47931, 47933, 47957, 47966, 47978, 47995, 47998, 48015, 48016, 48063, 48087, 48088, 48090, 48092, 48097, 48106, 48115, 48128, 48133, 48141, 48151, 48157, 48166, 48169, 48180, 48189, 48196, 48202, 48205, 48223, 48236, 48241, 48243, 48257, 48275, 48306, 48314, 48332, 48333, 48354, 48355, 48358, 48363, 48374, 48378, 48380, 48394, 48400, 48402, 48407, 48411, 48428, 48434, 48441, 48455, 48457, 48459, 48462, 48467
2025-09-15 13:29:21,425 - INFO - CKA layer subset: selecting 10/208 layers (~5%)
2025-09-15 13:29:23,446 - INFO - 
=== Training Example 1/1500: /home/projects/bagon/shared/imagenet512/val/n01824575/ILSVRC2012_val_00003450.JPEG ===
2025-09-15 13:33:17,000 - INFO - Example /home/projects/bagon/shared/imagenet512/val/n01824575/ILSVRC2012_val_00003450.JPEG reached epsilon at step 2663, loss sum: 107.7546, final loss: 0.00099182, weight distance: 0.0677
2025-09-15 13:33:20,138 - INFO - Example 1 completed: 2663 steps, loss sum: 107.7546, final loss: 0.00099182, weight distance: 0.0677 (universal rank: 21056)
2025-09-15 13:33:20,138 - INFO - 
=== Training Example 2/1500: /home/projects/bagon/shared/imagenet512/val/n02133161/ILSVRC2012_val_00033969.JPEG ===
2025-09-15 13:38:37,412 - INFO - Example /home/projects/bagon/shared/imagenet512/val/n02133161/ILSVRC2012_val_00033969.JPEG reached epsilon at step 3625, loss sum: 374.6612, final loss: 0.00099945, weight distance: 0.1017
2025-09-15 13:38:38,053 - INFO - Example 2 completed: 3625 steps, loss sum: 374.6612, final loss: 0.00099945, weight distance: 0.1017 (universal rank: 21067)
2025-09-15 13:38:38,053 - INFO - 
=== Training Example 3/1500: /home/projects/bagon/shared/imagenet512/val/n03929660/ILSVRC2012_val_00036654.JPEG ===
2025-09-15 13:43:24,946 - INFO - Example /home/projects/bagon/shared/imagenet512/val/n03929660/ILSVRC2012_val_00036654.JPEG reached epsilon at step 3240, loss sum: 273.4455, final loss: 0.00096130, weight distance: 0.0786
2025-09-15 13:43:25,888 - INFO - Example 3 completed: 3240 steps, loss sum: 273.4455, final loss: 0.00096130, weight distance: 0.0786 (universal rank: 21072)
2025-09-15 13:43:25,889 - INFO - 
=== Training Example 4/1500: /home/projects/bagon/shared/imagenet512/val/n02105641/ILSVRC2012_val_00022259.JPEG ===
2025-09-15 13:47:48,258 - INFO - Example /home/projects/bagon/shared/imagenet512/val/n02105641/ILSVRC2012_val_00022259.JPEG reached epsilon at step 2965, loss sum: 95.3807, final loss: 0.00096130, weight distance: 0.0677
2025-09-15 13:47:50,480 - INFO - Example 4 completed: 2965 steps, loss sum: 95.3807, final loss: 0.00096130, weight distance: 0.0677 (universal rank: 21075)
2025-09-15 13:47:50,480 - INFO - 
=== Training Example 5/1500: /home/projects/bagon/shared/imagenet512/val/n02071294/ILSVRC2012_val_00030883.JPEG ===
2025-09-15 13:52:40,312 - INFO - Example /home/projects/bagon/shared/imagenet512/val/n02071294/ILSVRC2012_val_00030883.JPEG reached epsilon at step 3331, loss sum: 40.1626, final loss: 0.00099182, weight distance: 0.0744
2025-09-15 13:52:41,836 - INFO - Example 5 completed: 3331 steps, loss sum: 40.1626, final loss: 0.00099182, weight distance: 0.0744 (universal rank: 21076)
2025-09-15 13:52:41,836 - INFO - 
=== Training Example 6/1500: /home/projects/bagon/shared/imagenet512/val/n03584829/ILSVRC2012_val_00034648.JPEG ===
2025-09-15 13:54:43,651 - INFO - Example /home/projects/bagon/shared/imagenet512/val/n03584829/ILSVRC2012_val_00034648.JPEG reached epsilon at step 1405, loss sum: 35.7748, final loss: 0.00098419, weight distance: 0.0470
2025-09-15 13:54:44,794 - INFO - Example 6 completed: 1405 steps, loss sum: 35.7748, final loss: 0.00098419, weight distance: 0.0470 (universal rank: 21079)
2025-09-15 13:54:44,794 - INFO - 
=== Training Example 7/1500: /home/projects/bagon/shared/imagenet512/val/n02108915/ILSVRC2012_val_00013748.JPEG ===
2025-09-15 14:01:55,891 - INFO - Example /home/projects/bagon/shared/imagenet512/val/n02108915/ILSVRC2012_val_00013748.JPEG reached epsilon at step 4913, loss sum: 142.3243, final loss: 0.00099945, weight distance: 0.1064
2025-09-15 14:01:58,111 - INFO - Example 7 completed: 4913 steps, loss sum: 142.3243, final loss: 0.00099945, weight distance: 0.1064 (universal rank: 21127)
2025-09-15 14:01:58,112 - INFO - 
=== Training Example 8/1500: /home/projects/bagon/shared/imagenet512/val/n03085013/ILSVRC2012_val_00014436.JPEG ===
2025-09-15 14:07:51,266 - INFO - Example /home/projects/bagon/shared/imagenet512/val/n03085013/ILSVRC2012_val_00014436.JPEG reached epsilon at step 3997, loss sum: 136.0468, final loss: 0.00094986, weight distance: 0.1003
2025-09-15 14:07:52,162 - INFO - Example 8 completed: 3997 steps, loss sum: 136.0468, final loss: 0.00094986, weight distance: 0.1003 (universal rank: 21150)
2025-09-15 14:07:52,162 - INFO - 
=== Training Example 9/1500: /home/projects/bagon/shared/imagenet512/val/n02403003/ILSVRC2012_val_00034143.JPEG ===
2025-09-15 14:10:56,351 - INFO - Example /home/projects/bagon/shared/imagenet512/val/n02403003/ILSVRC2012_val_00034143.JPEG reached epsilon at step 2085, loss sum: 138.3907, final loss: 0.00099945, weight distance: 0.0630
2025-09-15 14:10:57,015 - INFO - Example 9 completed: 2085 steps, loss sum: 138.3907, final loss: 0.00099945, weight distance: 0.0630 (universal rank: 21155)
2025-09-15 14:10:57,016 - INFO - 
=== Training Example 10/1500: /home/projects/bagon/shared/imagenet512/val/n07583066/ILSVRC2012_val_00043744.JPEG ===
2025-09-15 14:13:56,544 - INFO - Example /home/projects/bagon/shared/imagenet512/val/n07583066/ILSVRC2012_val_00043744.JPEG reached epsilon at step 2056, loss sum: 40.7450, final loss: 0.00099945, weight distance: 0.0647
2025-09-15 14:13:57,198 - INFO - Example 10 completed: 2056 steps, loss sum: 40.7450, final loss: 0.00099945, weight distance: 0.0647 (universal rank: 21164)
2025-09-15 14:13:57,198 - INFO - 
=== Training Example 11/1500: /home/projects/bagon/shared/imagenet512/val/n04540053/ILSVRC2012_val_00028392.JPEG ===
2025-09-15 14:16:59,127 - INFO - Example /home/projects/bagon/shared/imagenet512/val/n04540053/ILSVRC2012_val_00028392.JPEG reached epsilon at step 2099, loss sum: 68.0673, final loss: 0.00099182, weight distance: 0.0609
2025-09-15 14:16:59,781 - INFO - Example 11 completed: 2099 steps, loss sum: 68.0673, final loss: 0.00099182, weight distance: 0.0609 (universal rank: 21175)
2025-09-15 14:16:59,781 - INFO - 
=== Training Example 12/1500: /home/projects/bagon/shared/imagenet512/val/n04074963/ILSVRC2012_val_00037963.JPEG ===
2025-09-15 14:22:22,877 - INFO - Example /home/projects/bagon/shared/imagenet512/val/n04074963/ILSVRC2012_val_00037963.JPEG reached epsilon at step 3728, loss sum: 491.7233, final loss: 0.00099945, weight distance: 0.1113
2025-09-15 14:22:23,555 - INFO - Example 12 completed: 3728 steps, loss sum: 491.7233, final loss: 0.00099945, weight distance: 0.1113 (universal rank: 21185)
2025-09-15 14:22:23,555 - INFO - 
=== Training Example 13/1500: /home/projects/bagon/shared/imagenet512/val/n02168699/ILSVRC2012_val_00006867.JPEG ===
2025-09-15 14:25:41,029 - INFO - Example /home/projects/bagon/shared/imagenet512/val/n02168699/ILSVRC2012_val_00006867.JPEG reached epsilon at step 2271, loss sum: 216.5159, final loss: 0.00099182, weight distance: 0.0688
2025-09-15 14:25:41,678 - INFO - Example 13 completed: 2271 steps, loss sum: 216.5159, final loss: 0.00099182, weight distance: 0.0688 (universal rank: 21215)
2025-09-15 14:25:41,678 - INFO - 
=== Training Example 14/1500: /home/projects/bagon/shared/imagenet512/val/n03494278/ILSVRC2012_val_00025189.JPEG ===
2025-09-15 14:30:20,996 - INFO - Example /home/projects/bagon/shared/imagenet512/val/n03494278/ILSVRC2012_val_00025189.JPEG reached epsilon at step 3223, loss sum: 159.7058, final loss: 0.00099945, weight distance: 0.0787
2025-09-15 14:30:21,660 - INFO - Example 14 completed: 3223 steps, loss sum: 159.7058, final loss: 0.00099945, weight distance: 0.0787 (universal rank: 21250)
2025-09-15 14:30:21,660 - INFO - 
=== Training Example 15/1500: /home/projects/bagon/shared/imagenet512/val/n02788148/ILSVRC2012_val_00031120.JPEG ===
2025-09-15 14:33:13,109 - INFO - Example /home/projects/bagon/shared/imagenet512/val/n02788148/ILSVRC2012_val_00031120.JPEG reached epsilon at step 1978, loss sum: 62.8619, final loss: 0.00096512, weight distance: 0.0546
2025-09-15 14:33:13,943 - INFO - Example 15 completed: 1978 steps, loss sum: 62.8619, final loss: 0.00096512, weight distance: 0.0546 (universal rank: 21261)
2025-09-15 14:33:13,943 - INFO - 
=== Training Example 16/1500: /home/projects/bagon/shared/imagenet512/val/n02111129/ILSVRC2012_val_00036462.JPEG ===
2025-09-15 14:37:17,842 - INFO - Example /home/projects/bagon/shared/imagenet512/val/n02111129/ILSVRC2012_val_00036462.JPEG reached epsilon at step 2784, loss sum: 152.1639, final loss: 0.00099945, weight distance: 0.0807
2025-09-15 14:37:19,236 - INFO - Example 16 completed: 2784 steps, loss sum: 152.1639, final loss: 0.00099945, weight distance: 0.0807 (universal rank: 21268)
2025-09-15 14:37:19,236 - INFO - 
=== Training Example 17/1500: /home/projects/bagon/shared/imagenet512/val/n03594734/ILSVRC2012_val_00048785.JPEG ===
2025-09-15 14:40:13,149 - INFO - Example /home/projects/bagon/shared/imagenet512/val/n03594734/ILSVRC2012_val_00048785.JPEG reached epsilon at step 1976, loss sum: 134.5130, final loss: 0.00099182, weight distance: 0.0630
2025-09-15 14:40:16,962 - INFO - Example 17 completed: 1976 steps, loss sum: 134.5130, final loss: 0.00099182, weight distance: 0.0630 (universal rank: 21303)
2025-09-15 14:40:16,962 - INFO - 
=== Training Example 18/1500: /home/projects/bagon/shared/imagenet512/val/n09246464/ILSVRC2012_val_00004336.JPEG ===
2025-09-15 14:48:09,176 - INFO - Example /home/projects/bagon/shared/imagenet512/val/n09246464/ILSVRC2012_val_00004336.JPEG reached epsilon at step 5433, loss sum: 168.1569, final loss: 0.00099945, weight distance: 0.1108
2025-09-15 14:48:12,120 - INFO - Example 18 completed: 5433 steps, loss sum: 168.1569, final loss: 0.00099945, weight distance: 0.1108 (universal rank: 21327)
2025-09-15 14:48:12,120 - INFO - 
=== Training Example 19/1500: /home/projects/bagon/shared/imagenet512/val/n01950731/ILSVRC2012_val_00034463.JPEG ===
2025-09-15 14:52:20,500 - INFO - Example /home/projects/bagon/shared/imagenet512/val/n01950731/ILSVRC2012_val_00034463.JPEG reached epsilon at step 2858, loss sum: 127.0050, final loss: 0.00099182, weight distance: 0.0839
2025-09-15 14:52:21,150 - INFO - Example 19 completed: 2858 steps, loss sum: 127.0050, final loss: 0.00099182, weight distance: 0.0839 (universal rank: 21346)
2025-09-15 14:52:21,150 - INFO - 
=== Training Example 20/1500: /home/projects/bagon/shared/imagenet512/val/n04009552/ILSVRC2012_val_00007704.JPEG ===
2025-09-15 14:55:35,479 - INFO - Example /home/projects/bagon/shared/imagenet512/val/n04009552/ILSVRC2012_val_00007704.JPEG reached epsilon at step 2242, loss sum: 169.3055, final loss: 0.00099945, weight distance: 0.0656
2025-09-15 14:55:36,131 - INFO - Example 20 completed: 2242 steps, loss sum: 169.3055, final loss: 0.00099945, weight distance: 0.0656 (universal rank: 21360)
2025-09-15 14:55:36,131 - INFO - 
=== Training Example 21/1500: /home/projects/bagon/shared/imagenet512/val/n02704792/ILSVRC2012_val_00015346.JPEG ===
2025-09-15 14:59:27,854 - INFO - Example /home/projects/bagon/shared/imagenet512/val/n02704792/ILSVRC2012_val_00015346.JPEG reached epsilon at step 2674, loss sum: 51.7899, final loss: 0.00099945, weight distance: 0.0721
2025-09-15 14:59:28,904 - INFO - Example 21 completed: 2674 steps, loss sum: 51.7899, final loss: 0.00099945, weight distance: 0.0721 (universal rank: 21375)
2025-09-15 14:59:28,904 - INFO - 
=== Training Example 22/1500: /home/projects/bagon/shared/imagenet512/val/n02128385/ILSVRC2012_val_00012399.JPEG ===
2025-09-15 15:06:09,100 - INFO - Example /home/projects/bagon/shared/imagenet512/val/n02128385/ILSVRC2012_val_00012399.JPEG reached epsilon at step 4619, loss sum: 155.3996, final loss: 0.00099182, weight distance: 0.1143
2025-09-15 15:06:09,979 - INFO - Example 22 completed: 4619 steps, loss sum: 155.3996, final loss: 0.00099182, weight distance: 0.1143 (universal rank: 21395)
2025-09-15 15:06:09,980 - INFO - 
=== Training Example 23/1500: /home/projects/bagon/shared/imagenet512/val/n02107312/ILSVRC2012_val_00039460.JPEG ===
2025-09-15 15:16:07,196 - INFO - Example /home/projects/bagon/shared/imagenet512/val/n02107312/ILSVRC2012_val_00039460.JPEG reached epsilon at step 6882, loss sum: 112.2115, final loss: 0.00099945, weight distance: 0.1306
2025-09-15 15:16:07,879 - INFO - Example 23 completed: 6882 steps, loss sum: 112.2115, final loss: 0.00099945, weight distance: 0.1306 (universal rank: 21396)
2025-09-15 15:16:07,879 - INFO - 
=== Training Example 24/1500: /home/projects/bagon/shared/imagenet512/val/n01704323/ILSVRC2012_val_00019894.JPEG ===
2025-09-15 15:18:20,906 - INFO - Example /home/projects/bagon/shared/imagenet512/val/n01704323/ILSVRC2012_val_00019894.JPEG reached epsilon at step 1533, loss sum: 39.8648, final loss: 0.00099182, weight distance: 0.0454
2025-09-15 15:18:21,576 - INFO - Example 24 completed: 1533 steps, loss sum: 39.8648, final loss: 0.00099182, weight distance: 0.0454 (universal rank: 21421)
2025-09-15 15:18:21,576 - INFO - 
=== Training Example 25/1500: /home/projects/bagon/shared/imagenet512/val/n09256479/ILSVRC2012_val_00022097.JPEG ===
2025-09-15 15:22:03,200 - INFO - Example /home/projects/bagon/shared/imagenet512/val/n09256479/ILSVRC2012_val_00022097.JPEG reached epsilon at step 2552, loss sum: 87.6306, final loss: 0.00099945, weight distance: 0.0864
2025-09-15 15:22:04,089 - INFO - Example 25 completed: 2552 steps, loss sum: 87.6306, final loss: 0.00099945, weight distance: 0.0864 (universal rank: 21433)
2025-09-15 15:22:04,089 - INFO - 
=== Training Example 26/1500: /home/projects/bagon/shared/imagenet512/val/n01978287/ILSVRC2012_val_00001449.JPEG ===
2025-09-15 15:27:35,487 - INFO - Example /home/projects/bagon/shared/imagenet512/val/n01978287/ILSVRC2012_val_00001449.JPEG reached epsilon at step 3814, loss sum: 269.4922, final loss: 0.00099182, weight distance: 0.1048
2025-09-15 15:27:36,136 - INFO - Example 26 completed: 3814 steps, loss sum: 269.4922, final loss: 0.00099182, weight distance: 0.1048 (universal rank: 21458)
2025-09-15 15:27:36,137 - INFO - 
=== Training Example 27/1500: /home/projects/bagon/shared/imagenet512/val/n01829413/ILSVRC2012_val_00035047.JPEG ===
2025-09-15 15:32:08,913 - INFO - Example /home/projects/bagon/shared/imagenet512/val/n01829413/ILSVRC2012_val_00035047.JPEG reached epsilon at step 3144, loss sum: 92.1337, final loss: 0.00099945, weight distance: 0.0831
2025-09-15 15:32:09,677 - INFO - Example 27 completed: 3144 steps, loss sum: 92.1337, final loss: 0.00099945, weight distance: 0.0831 (universal rank: 21466)
2025-09-15 15:32:09,677 - INFO - 
=== Training Example 28/1500: /home/projects/bagon/shared/imagenet512/val/n02102318/ILSVRC2012_val_00049326.JPEG ===
2025-09-15 15:38:19,068 - INFO - Example /home/projects/bagon/shared/imagenet512/val/n02102318/ILSVRC2012_val_00049326.JPEG reached epsilon at step 4268, loss sum: 149.5409, final loss: 0.00099945, weight distance: 0.0844
2025-09-15 15:38:19,706 - INFO - Example 28 completed: 4268 steps, loss sum: 149.5409, final loss: 0.00099945, weight distance: 0.0844 (universal rank: 21669)
2025-09-15 15:38:19,707 - INFO - 
=== Training Example 29/1500: /home/projects/bagon/shared/imagenet512/val/n03000684/ILSVRC2012_val_00042907.JPEG ===
2025-09-15 15:39:48,050 - INFO - Example /home/projects/bagon/shared/imagenet512/val/n03000684/ILSVRC2012_val_00042907.JPEG reached epsilon at step 1019, loss sum: 183.8475, final loss: 0.00096512, weight distance: 0.0400
2025-09-15 15:39:48,942 - INFO - Example 29 completed: 1019 steps, loss sum: 183.8475, final loss: 0.00096512, weight distance: 0.0400 (universal rank: 21721)
2025-09-15 15:39:48,942 - INFO - 
=== Training Example 30/1500: /home/projects/bagon/shared/imagenet512/val/n02892201/ILSVRC2012_val_00045428.JPEG ===
2025-09-15 15:43:26,744 - INFO - Example /home/projects/bagon/shared/imagenet512/val/n02892201/ILSVRC2012_val_00045428.JPEG reached epsilon at step 2507, loss sum: 174.8409, final loss: 0.00098419, weight distance: 0.0870
2025-09-15 15:43:27,391 - INFO - Example 30 completed: 2507 steps, loss sum: 174.8409, final loss: 0.00098419, weight distance: 0.0870 (universal rank: 21736)
2025-09-15 15:43:27,391 - INFO - 
=== Training Example 31/1500: /home/projects/bagon/shared/imagenet512/val/n02133161/ILSVRC2012_val_00029278.JPEG ===
2025-09-15 15:46:50,473 - INFO - Example /home/projects/bagon/shared/imagenet512/val/n02133161/ILSVRC2012_val_00029278.JPEG reached epsilon at step 2339, loss sum: 102.0625, final loss: 0.00099945, weight distance: 0.0623
2025-09-15 15:46:51,848 - INFO - Example 31 completed: 2339 steps, loss sum: 102.0625, final loss: 0.00099945, weight distance: 0.0623 (universal rank: 21740)
2025-09-15 15:46:51,848 - INFO - 
=== Training Example 32/1500: /home/projects/bagon/shared/imagenet512/val/n03796401/ILSVRC2012_val_00026301.JPEG ===
2025-09-15 15:51:21,768 - INFO - Example /home/projects/bagon/shared/imagenet512/val/n03796401/ILSVRC2012_val_00026301.JPEG reached epsilon at step 3118, loss sum: 169.7609, final loss: 0.00097656, weight distance: 0.0804
2025-09-15 15:51:22,410 - INFO - Example 32 completed: 3118 steps, loss sum: 169.7609, final loss: 0.00097656, weight distance: 0.0804 (universal rank: 21741)
2025-09-15 15:51:22,410 - INFO - 
=== Training Example 33/1500: /home/projects/bagon/shared/imagenet512/val/n02776631/ILSVRC2012_val_00021256.JPEG ===
2025-09-15 15:56:00,386 - INFO - Example /home/projects/bagon/shared/imagenet512/val/n02776631/ILSVRC2012_val_00021256.JPEG reached epsilon at step 3209, loss sum: 532.6925, final loss: 0.00099182, weight distance: 0.1046
2025-09-15 15:56:01,088 - INFO - Example 33 completed: 3209 steps, loss sum: 532.6925, final loss: 0.00099182, weight distance: 0.1046 (universal rank: 21759)
2025-09-15 15:56:01,088 - INFO - 
=== Training Example 34/1500: /home/projects/bagon/shared/imagenet512/val/n02168699/ILSVRC2012_val_00046314.JPEG ===
2025-09-15 16:03:11,074 - INFO - Example /home/projects/bagon/shared/imagenet512/val/n02168699/ILSVRC2012_val_00046314.JPEG reached epsilon at step 4970, loss sum: 421.6528, final loss: 0.00099945, weight distance: 0.1079
2025-09-15 16:03:11,719 - INFO - Example 34 completed: 4970 steps, loss sum: 421.6528, final loss: 0.00099945, weight distance: 0.1079 (universal rank: 21804)
2025-09-15 16:03:11,719 - INFO - 
=== Training Example 35/1500: /home/projects/bagon/shared/imagenet512/val/n02795169/ILSVRC2012_val_00028797.JPEG ===
2025-09-15 16:05:55,299 - INFO - Example /home/projects/bagon/shared/imagenet512/val/n02795169/ILSVRC2012_val_00028797.JPEG reached epsilon at step 1872, loss sum: 188.9162, final loss: 0.00098419, weight distance: 0.0561
2025-09-15 16:05:55,944 - INFO - Example 35 completed: 1872 steps, loss sum: 188.9162, final loss: 0.00098419, weight distance: 0.0561 (universal rank: 21853)
2025-09-15 16:05:55,944 - INFO - 
=== Training Example 36/1500: /home/projects/bagon/shared/imagenet512/val/n02105056/ILSVRC2012_val_00028966.JPEG ===
2025-09-15 16:10:00,169 - INFO - Example /home/projects/bagon/shared/imagenet512/val/n02105056/ILSVRC2012_val_00028966.JPEG reached epsilon at step 2818, loss sum: 31.2201, final loss: 0.00096512, weight distance: 0.0533
2025-09-15 16:10:00,806 - INFO - Example 36 completed: 2818 steps, loss sum: 31.2201, final loss: 0.00096512, weight distance: 0.0533 (universal rank: 21860)
2025-09-15 16:10:00,806 - INFO - 
=== Training Example 37/1500: /home/projects/bagon/shared/imagenet512/val/n02107142/ILSVRC2012_val_00016581.JPEG ===
2025-09-15 16:18:21,724 - INFO - Example /home/projects/bagon/shared/imagenet512/val/n02107142/ILSVRC2012_val_00016581.JPEG reached epsilon at step 5784, loss sum: 201.4426, final loss: 0.00094223, weight distance: 0.1183
2025-09-15 16:18:22,657 - INFO - Example 37 completed: 5784 steps, loss sum: 201.4426, final loss: 0.00094223, weight distance: 0.1183 (universal rank: 21862)
2025-09-15 16:18:22,657 - INFO - 
=== Training Example 38/1500: /home/projects/bagon/shared/imagenet512/val/n01774384/ILSVRC2012_val_00017682.JPEG ===
2025-09-15 16:24:15,620 - INFO - Example /home/projects/bagon/shared/imagenet512/val/n01774384/ILSVRC2012_val_00017682.JPEG reached epsilon at step 4077, loss sum: 91.2373, final loss: 0.00099945, weight distance: 0.0971
2025-09-15 16:24:16,269 - INFO - Example 38 completed: 4077 steps, loss sum: 91.2373, final loss: 0.00099945, weight distance: 0.0971 (universal rank: 21869)
2025-09-15 16:24:16,269 - INFO - 
=== Training Example 39/1500: /home/projects/bagon/shared/imagenet512/val/n03032252/ILSVRC2012_val_00016574.JPEG ===
2025-09-15 16:29:19,445 - INFO - Example /home/projects/bagon/shared/imagenet512/val/n03032252/ILSVRC2012_val_00016574.JPEG reached epsilon at step 3489, loss sum: 71.6792, final loss: 0.00098419, weight distance: 0.0865
2025-09-15 16:29:20,103 - INFO - Example 39 completed: 3489 steps, loss sum: 71.6792, final loss: 0.00098419, weight distance: 0.0865 (universal rank: 21896)
2025-09-15 16:29:20,103 - INFO - 
=== Training Example 40/1500: /home/projects/bagon/shared/imagenet512/val/n02088632/ILSVRC2012_val_00018028.JPEG ===
2025-09-15 16:34:36,113 - INFO - Example /home/projects/bagon/shared/imagenet512/val/n02088632/ILSVRC2012_val_00018028.JPEG reached epsilon at step 3619, loss sum: 106.1465, final loss: 0.00097275, weight distance: 0.0792
2025-09-15 16:34:37,468 - INFO - Example 40 completed: 3619 steps, loss sum: 106.1465, final loss: 0.00097275, weight distance: 0.0792 (universal rank: 21902)
2025-09-15 16:34:37,468 - INFO - 
=== Training Example 41/1500: /home/projects/bagon/shared/imagenet512/val/n02128385/ILSVRC2012_val_00000650.JPEG ===
2025-09-15 16:42:45,207 - INFO - Example /home/projects/bagon/shared/imagenet512/val/n02128385/ILSVRC2012_val_00000650.JPEG reached epsilon at step 5620, loss sum: 183.3999, final loss: 0.00098419, weight distance: 0.1214
2025-09-15 16:42:46,815 - INFO - Example 41 completed: 5620 steps, loss sum: 183.3999, final loss: 0.00098419, weight distance: 0.1214 (universal rank: 21905)
2025-09-15 16:42:46,815 - INFO - 
=== Training Example 42/1500: /home/projects/bagon/shared/imagenet512/val/n02012849/ILSVRC2012_val_00022533.JPEG ===
2025-09-15 16:47:34,665 - INFO - Example /home/projects/bagon/shared/imagenet512/val/n02012849/ILSVRC2012_val_00022533.JPEG reached epsilon at step 3244, loss sum: 58.4124, final loss: 0.00099945, weight distance: 0.0748
2025-09-15 16:47:39,373 - INFO - Example 42 completed: 3244 steps, loss sum: 58.4124, final loss: 0.00099945, weight distance: 0.0748 (universal rank: 21940)
2025-09-15 16:47:39,373 - INFO - 
=== Training Example 43/1500: /home/projects/bagon/shared/imagenet512/val/n02097209/ILSVRC2012_val_00024508.JPEG ===
2025-09-15 16:55:44,233 - INFO - Example /home/projects/bagon/shared/imagenet512/val/n02097209/ILSVRC2012_val_00024508.JPEG reached epsilon at step 5593, loss sum: 144.0714, final loss: 0.00099945, weight distance: 0.1216
2025-09-15 16:55:45,068 - INFO - Example 43 completed: 5593 steps, loss sum: 144.0714, final loss: 0.00099945, weight distance: 0.1216 (universal rank: 21946)
2025-09-15 16:55:45,068 - INFO - 
=== Training Example 44/1500: /home/projects/bagon/shared/imagenet512/val/n01534433/ILSVRC2012_val_00004577.JPEG ===
2025-09-15 17:01:39,113 - INFO - Example /home/projects/bagon/shared/imagenet512/val/n01534433/ILSVRC2012_val_00004577.JPEG reached epsilon at step 4087, loss sum: 107.2424, final loss: 0.00099182, weight distance: 0.0935
2025-09-15 17:01:40,018 - INFO - Example 44 completed: 4087 steps, loss sum: 107.2424, final loss: 0.00099182, weight distance: 0.0935 (universal rank: 21959)
2025-09-15 17:01:40,018 - INFO - 
=== Training Example 45/1500: /home/projects/bagon/shared/imagenet512/val/n04505470/ILSVRC2012_val_00012212.JPEG ===
2025-09-15 17:06:17,760 - INFO - Example /home/projects/bagon/shared/imagenet512/val/n04505470/ILSVRC2012_val_00012212.JPEG reached epsilon at step 3178, loss sum: 145.4814, final loss: 0.00097656, weight distance: 0.0853
2025-09-15 17:06:19,323 - INFO - Example 45 completed: 3178 steps, loss sum: 145.4814, final loss: 0.00097656, weight distance: 0.0853 (universal rank: 21969)
2025-09-15 17:06:19,323 - INFO - 
=== Training Example 46/1500: /home/projects/bagon/shared/imagenet512/val/n04483307/ILSVRC2012_val_00019354.JPEG ===
2025-09-15 17:15:13,480 - INFO - Example /home/projects/bagon/shared/imagenet512/val/n04483307/ILSVRC2012_val_00019354.JPEG reached epsilon at step 6167, loss sum: 223.7099, final loss: 0.00099945, weight distance: 0.1192
2025-09-15 17:15:14,161 - INFO - Example 46 completed: 6167 steps, loss sum: 223.7099, final loss: 0.00099945, weight distance: 0.1192 (universal rank: 21999)
2025-09-15 17:15:14,161 - INFO - 
=== Training Example 47/1500: /home/projects/bagon/shared/imagenet512/val/n04604644/ILSVRC2012_val_00034432.JPEG ===
2025-09-15 17:19:59,682 - INFO - Example /home/projects/bagon/shared/imagenet512/val/n04604644/ILSVRC2012_val_00034432.JPEG reached epsilon at step 3285, loss sum: 137.1331, final loss: 0.00099182, weight distance: 0.0822
2025-09-15 17:20:00,483 - INFO - Example 47 completed: 3285 steps, loss sum: 137.1331, final loss: 0.00099182, weight distance: 0.0822 (universal rank: 22017)
2025-09-15 17:20:00,483 - INFO - 
=== Training Example 48/1500: /home/projects/bagon/shared/imagenet512/val/n02095570/ILSVRC2012_val_00010433.JPEG ===
2025-09-15 17:29:03,504 - INFO - Example /home/projects/bagon/shared/imagenet512/val/n02095570/ILSVRC2012_val_00010433.JPEG reached epsilon at step 6203, loss sum: 224.0805, final loss: 0.00099945, weight distance: 0.1267
2025-09-15 17:29:04,171 - INFO - Example 48 completed: 6203 steps, loss sum: 224.0805, final loss: 0.00099945, weight distance: 0.1267 (universal rank: 22034)
2025-09-15 17:29:04,171 - INFO - 
=== Training Example 49/1500: /home/projects/bagon/shared/imagenet512/val/n01986214/ILSVRC2012_val_00021819.JPEG ===
2025-09-15 17:33:51,995 - INFO - Example /home/projects/bagon/shared/imagenet512/val/n01986214/ILSVRC2012_val_00021819.JPEG reached epsilon at step 3326, loss sum: 84.5417, final loss: 0.00099945, weight distance: 0.0710
2025-09-15 17:33:53,191 - INFO - Example 49 completed: 3326 steps, loss sum: 84.5417, final loss: 0.00099945, weight distance: 0.0710 (universal rank: 22075)
2025-09-15 17:33:53,191 - INFO - 
=== Training Example 50/1500: /home/projects/bagon/shared/imagenet512/val/n04039381/ILSVRC2012_val_00013836.JPEG ===
2025-09-15 17:38:34,229 - INFO - Example /home/projects/bagon/shared/imagenet512/val/n04039381/ILSVRC2012_val_00013836.JPEG reached epsilon at step 3236, loss sum: 149.4387, final loss: 0.00099945, weight distance: 0.0854
2025-09-15 17:38:34,888 - INFO - Example 50 completed: 3236 steps, loss sum: 149.4387, final loss: 0.00099945, weight distance: 0.0854 (universal rank: 22149)
2025-09-15 17:38:34,889 - INFO - 
=== Training Example 51/1500: /home/projects/bagon/shared/imagenet512/val/n03937543/ILSVRC2012_val_00008984.JPEG ===
2025-09-15 17:41:44,275 - INFO - Example /home/projects/bagon/shared/imagenet512/val/n03937543/ILSVRC2012_val_00008984.JPEG reached epsilon at step 2181, loss sum: 297.9348, final loss: 0.00098419, weight distance: 0.0751
2025-09-15 17:41:45,584 - INFO - Example 51 completed: 2181 steps, loss sum: 297.9348, final loss: 0.00098419, weight distance: 0.0751 (universal rank: 22212)
2025-09-15 17:41:45,584 - INFO - 
=== Training Example 52/1500: /home/projects/bagon/shared/imagenet512/val/n01697457/ILSVRC2012_val_00034085.JPEG ===
2025-09-15 17:47:10,119 - INFO - Example /home/projects/bagon/shared/imagenet512/val/n01697457/ILSVRC2012_val_00034085.JPEG reached epsilon at step 3727, loss sum: 157.8159, final loss: 0.00099182, weight distance: 0.0984
2025-09-15 17:47:12,189 - INFO - Example 52 completed: 3727 steps, loss sum: 157.8159, final loss: 0.00099182, weight distance: 0.0984 (universal rank: 22215)
2025-09-15 17:47:12,190 - INFO - 
=== Training Example 53/1500: /home/projects/bagon/shared/imagenet512/val/n03445777/ILSVRC2012_val_00041672.JPEG ===
2025-09-15 17:51:06,438 - INFO - Example /home/projects/bagon/shared/imagenet512/val/n03445777/ILSVRC2012_val_00041672.JPEG reached epsilon at step 2702, loss sum: 152.7838, final loss: 0.00099945, weight distance: 0.0681
2025-09-15 17:51:07,086 - INFO - Example 53 completed: 2702 steps, loss sum: 152.7838, final loss: 0.00099945, weight distance: 0.0681 (universal rank: 22223)
2025-09-15 17:51:07,086 - INFO - 
=== Training Example 54/1500: /home/projects/bagon/shared/imagenet512/val/n01744401/ILSVRC2012_val_00011971.JPEG ===
2025-09-15 17:57:14,709 - INFO - Example /home/projects/bagon/shared/imagenet512/val/n01744401/ILSVRC2012_val_00011971.JPEG reached epsilon at step 4237, loss sum: 363.9338, final loss: 0.00097275, weight distance: 0.1049
2025-09-15 17:57:15,612 - INFO - Example 54 completed: 4237 steps, loss sum: 363.9338, final loss: 0.00097275, weight distance: 0.1049 (universal rank: 22228)
2025-09-15 17:57:15,612 - INFO - 
=== Training Example 55/1500: /home/projects/bagon/shared/imagenet512/val/n02012849/ILSVRC2012_val_00006144.JPEG ===
2025-09-15 18:01:03,794 - INFO - Example /home/projects/bagon/shared/imagenet512/val/n02012849/ILSVRC2012_val_00006144.JPEG reached epsilon at step 2617, loss sum: 291.1066, final loss: 0.00099182, weight distance: 0.0724
2025-09-15 18:01:04,452 - INFO - Example 55 completed: 2617 steps, loss sum: 291.1066, final loss: 0.00099182, weight distance: 0.0724 (universal rank: 22266)
2025-09-15 18:01:04,452 - INFO - 
=== Training Example 56/1500: /home/projects/bagon/shared/imagenet512/val/n03100240/ILSVRC2012_val_00014010.JPEG ===
2025-09-15 18:09:29,720 - INFO - Example /home/projects/bagon/shared/imagenet512/val/n03100240/ILSVRC2012_val_00014010.JPEG reached epsilon at step 5823, loss sum: 329.4195, final loss: 0.00098419, weight distance: 0.1399
2025-09-15 18:09:30,394 - INFO - Example 56 completed: 5823 steps, loss sum: 329.4195, final loss: 0.00098419, weight distance: 0.1399 (universal rank: 22271)
2025-09-15 18:09:30,394 - INFO - 
=== Training Example 57/1500: /home/projects/bagon/shared/imagenet512/val/n04335435/ILSVRC2012_val_00048572.JPEG ===
2025-09-15 18:16:06,018 - INFO - Example /home/projects/bagon/shared/imagenet512/val/n04335435/ILSVRC2012_val_00048572.JPEG reached epsilon at step 4556, loss sum: 92.9880, final loss: 0.00096512, weight distance: 0.1066
2025-09-15 18:16:06,670 - INFO - Example 57 completed: 4556 steps, loss sum: 92.9880, final loss: 0.00096512, weight distance: 0.1066 (universal rank: 22285)
2025-09-15 18:16:06,670 - INFO - 
=== Training Example 58/1500: /home/projects/bagon/shared/imagenet512/val/n03617480/ILSVRC2012_val_00019061.JPEG ===
2025-09-15 18:19:40,111 - INFO - Example /home/projects/bagon/shared/imagenet512/val/n03617480/ILSVRC2012_val_00019061.JPEG reached epsilon at step 2455, loss sum: 153.8761, final loss: 0.00099182, weight distance: 0.0777
2025-09-15 18:19:40,963 - INFO - Example 58 completed: 2455 steps, loss sum: 153.8761, final loss: 0.00099182, weight distance: 0.0777 (universal rank: 22295)
2025-09-15 18:19:40,963 - INFO - 
=== Training Example 59/1500: /home/projects/bagon/shared/imagenet512/val/n01698640/ILSVRC2012_val_00049333.JPEG ===
2025-09-15 18:23:48,855 - INFO - Example /home/projects/bagon/shared/imagenet512/val/n01698640/ILSVRC2012_val_00049333.JPEG reached epsilon at step 2850, loss sum: 125.8946, final loss: 0.00099945, weight distance: 0.0875
2025-09-15 18:23:49,728 - INFO - Example 59 completed: 2850 steps, loss sum: 125.8946, final loss: 0.00099945, weight distance: 0.0875 (universal rank: 22299)
2025-09-15 18:23:49,728 - INFO - 
=== Training Example 60/1500: /home/projects/bagon/shared/imagenet512/val/n01688243/ILSVRC2012_val_00038665.JPEG ===
2025-09-15 18:26:44,620 - INFO - Example /home/projects/bagon/shared/imagenet512/val/n01688243/ILSVRC2012_val_00038665.JPEG reached epsilon at step 2011, loss sum: 262.2064, final loss: 0.00099945, weight distance: 0.0604
2025-09-15 18:26:45,602 - INFO - Example 60 completed: 2011 steps, loss sum: 262.2064, final loss: 0.00099945, weight distance: 0.0604 (universal rank: 22318)
2025-09-15 18:26:45,603 - INFO - 
=== Training Example 61/1500: /home/projects/bagon/shared/imagenet512/val/n04037443/ILSVRC2012_val_00025389.JPEG ===
2025-09-15 18:33:00,757 - INFO - Example /home/projects/bagon/shared/imagenet512/val/n04037443/ILSVRC2012_val_00025389.JPEG reached epsilon at step 4316, loss sum: 119.6314, final loss: 0.00099182, weight distance: 0.1000
2025-09-15 18:33:01,408 - INFO - Example 61 completed: 4316 steps, loss sum: 119.6314, final loss: 0.00099182, weight distance: 0.1000 (universal rank: 22325)
2025-09-15 18:33:01,408 - INFO - 
=== Training Example 62/1500: /home/projects/bagon/shared/imagenet512/val/n02058221/ILSVRC2012_val_00007276.JPEG ===
2025-09-15 18:35:40,578 - INFO - Example /home/projects/bagon/shared/imagenet512/val/n02058221/ILSVRC2012_val_00007276.JPEG reached epsilon at step 1835, loss sum: 91.6396, final loss: 0.00099182, weight distance: 0.0616
2025-09-15 18:35:41,218 - INFO - Example 62 completed: 1835 steps, loss sum: 91.6396, final loss: 0.00099182, weight distance: 0.0616 (universal rank: 22354)
2025-09-15 18:35:41,218 - INFO - 
=== Training Example 63/1500: /home/projects/bagon/shared/imagenet512/val/n02109047/ILSVRC2012_val_00047236.JPEG ===
2025-09-15 18:40:40,477 - INFO - Example /home/projects/bagon/shared/imagenet512/val/n02109047/ILSVRC2012_val_00047236.JPEG reached epsilon at step 3450, loss sum: 58.9228, final loss: 0.00097275, weight distance: 0.0738
2025-09-15 18:40:41,361 - INFO - Example 63 completed: 3450 steps, loss sum: 58.9228, final loss: 0.00097275, weight distance: 0.0738 (universal rank: 22420)
2025-09-15 18:40:41,361 - INFO - 
=== Training Example 64/1500: /home/projects/bagon/shared/imagenet512/val/n02105162/ILSVRC2012_val_00036147.JPEG ===
2025-09-15 18:45:30,657 - INFO - Example /home/projects/bagon/shared/imagenet512/val/n02105162/ILSVRC2012_val_00036147.JPEG reached epsilon at step 3339, loss sum: 477.5542, final loss: 0.00099182, weight distance: 0.0761
2025-09-15 18:45:31,294 - INFO - Example 64 completed: 3339 steps, loss sum: 477.5542, final loss: 0.00099182, weight distance: 0.0761 (universal rank: 22435)
2025-09-15 18:45:31,294 - INFO - 
=== Training Example 65/1500: /home/projects/bagon/shared/imagenet512/val/n04141327/ILSVRC2012_val_00012008.JPEG ===
2025-09-15 18:48:00,816 - INFO - Example /home/projects/bagon/shared/imagenet512/val/n04141327/ILSVRC2012_val_00012008.JPEG reached epsilon at step 1726, loss sum: 27.1871, final loss: 0.00099182, weight distance: 0.0573
2025-09-15 18:48:02,035 - INFO - Example 65 completed: 1726 steps, loss sum: 27.1871, final loss: 0.00099182, weight distance: 0.0573 (universal rank: 22436)
2025-09-15 18:48:02,035 - INFO - 
=== Training Example 66/1500: /home/projects/bagon/shared/imagenet512/val/n02799071/ILSVRC2012_val_00019591.JPEG ===
2025-09-15 18:57:54,293 - INFO - Example /home/projects/bagon/shared/imagenet512/val/n02799071/ILSVRC2012_val_00019591.JPEG reached epsilon at step 6840, loss sum: 341.1743, final loss: 0.00099182, weight distance: 0.1701
2025-09-15 18:57:55,453 - INFO - Example 66 completed: 6840 steps, loss sum: 341.1743, final loss: 0.00099182, weight distance: 0.1701 (universal rank: 22443)
2025-09-15 18:57:55,454 - INFO - 
=== Training Example 67/1500: /home/projects/bagon/shared/imagenet512/val/n04265275/ILSVRC2012_val_00044635.JPEG ===
2025-09-15 19:01:56,223 - INFO - Example /home/projects/bagon/shared/imagenet512/val/n04265275/ILSVRC2012_val_00044635.JPEG reached epsilon at step 2779, loss sum: 271.7359, final loss: 0.00099945, weight distance: 0.0921
2025-09-15 19:01:56,862 - INFO - Example 67 completed: 2779 steps, loss sum: 271.7359, final loss: 0.00099945, weight distance: 0.0921 (universal rank: 22481)
2025-09-15 19:01:56,862 - INFO - 
=== Training Example 68/1500: /home/projects/bagon/shared/imagenet512/val/n03954731/ILSVRC2012_val_00010215.JPEG ===
2025-09-15 19:07:35,248 - INFO - Example /home/projects/bagon/shared/imagenet512/val/n03954731/ILSVRC2012_val_00010215.JPEG reached epsilon at step 3904, loss sum: 444.9042, final loss: 0.00097275, weight distance: 0.1027
2025-09-15 19:07:35,900 - INFO - Example 68 completed: 3904 steps, loss sum: 444.9042, final loss: 0.00097275, weight distance: 0.1027 (universal rank: 22491)
2025-09-15 19:07:35,901 - INFO - 
=== Training Example 69/1500: /home/projects/bagon/shared/imagenet512/val/n04442312/ILSVRC2012_val_00004737.JPEG ===
2025-09-15 19:10:37,874 - INFO - Example /home/projects/bagon/shared/imagenet512/val/n04442312/ILSVRC2012_val_00004737.JPEG reached epsilon at step 2099, loss sum: 158.8422, final loss: 0.00099945, weight distance: 0.0631
2025-09-15 19:10:38,621 - INFO - Example 69 completed: 2099 steps, loss sum: 158.8422, final loss: 0.00099945, weight distance: 0.0631 (universal rank: 22498)
2025-09-15 19:10:38,621 - INFO - 
=== Training Example 70/1500: /home/projects/bagon/shared/imagenet512/val/n03888605/ILSVRC2012_val_00036323.JPEG ===
2025-09-15 19:16:55,847 - INFO - Example /home/projects/bagon/shared/imagenet512/val/n03888605/ILSVRC2012_val_00036323.JPEG reached epsilon at step 4356, loss sum: 182.7894, final loss: 0.00099945, weight distance: 0.1181
2025-09-15 19:16:56,611 - INFO - Example 70 completed: 4356 steps, loss sum: 182.7894, final loss: 0.00099945, weight distance: 0.1181 (universal rank: 22502)
2025-09-15 19:16:56,611 - INFO - 
=== Training Example 71/1500: /home/projects/bagon/shared/imagenet512/val/n03887697/ILSVRC2012_val_00002545.JPEG ===
2025-09-15 19:26:01,346 - INFO - Example /home/projects/bagon/shared/imagenet512/val/n03887697/ILSVRC2012_val_00002545.JPEG reached epsilon at step 6179, loss sum: 381.3398, final loss: 0.00099945, weight distance: 0.1359
2025-09-15 19:26:01,999 - INFO - Example 71 completed: 6179 steps, loss sum: 381.3398, final loss: 0.00099945, weight distance: 0.1359 (universal rank: 22516)
2025-09-15 19:26:01,999 - INFO - 
=== Training Example 72/1500: /home/projects/bagon/shared/imagenet512/val/n02109525/ILSVRC2012_val_00037970.JPEG ===
2025-09-15 19:32:50,393 - INFO - Example /home/projects/bagon/shared/imagenet512/val/n02109525/ILSVRC2012_val_00037970.JPEG reached epsilon at step 4633, loss sum: 545.9475, final loss: 0.00099182, weight distance: 0.1059
2025-09-15 19:32:51,031 - INFO - Example 72 completed: 4633 steps, loss sum: 545.9475, final loss: 0.00099182, weight distance: 0.1059 (universal rank: 22721)
2025-09-15 19:32:51,031 - INFO - 
=== Training Example 73/1500: /home/projects/bagon/shared/imagenet512/val/n01664065/ILSVRC2012_val_00028760.JPEG ===
2025-09-15 19:38:22,054 - INFO - Example /home/projects/bagon/shared/imagenet512/val/n01664065/ILSVRC2012_val_00028760.JPEG reached epsilon at step 3755, loss sum: 138.9765, final loss: 0.00099182, weight distance: 0.0954
2025-09-15 19:38:22,703 - INFO - Example 73 completed: 3755 steps, loss sum: 138.9765, final loss: 0.00099182, weight distance: 0.0954 (universal rank: 22746)
2025-09-15 19:38:22,703 - INFO - 
=== Training Example 74/1500: /home/projects/bagon/shared/imagenet512/val/n02051845/ILSVRC2012_val_00041754.JPEG ===
