2025-09-15 23:01:54,703 - INFO - Parsed arguments:
2025-09-15 23:01:54,704 - INFO -   amp_dtype = None
2025-09-15 23:01:54,704 - INFO -   bars_npy = /home/projects/bagon/andreyg/Projects/BMM_school/Universal_learning/Programming/bars/geq6wrong_21017_geq6correct_1525_imagenet.npy
2025-09-15 23:01:54,704 - INFO -   cka_layer_fraction = 0.05
2025-09-15 23:01:54,704 - INFO -   deterministic = True
2025-09-15 23:01:54,704 - INFO -   device = cuda
2025-09-15 23:01:54,704 - INFO -   epsilon = 0.001
2025-09-15 23:01:54,704 - INFO -   examples_csv = /home/projects/bagon/andreyg/Projects/BMM_school/Universal_learning/Programming/bars/geq6wrong_21017_geq6correct_1525_imagenet_examples_ammended.csv
2025-09-15 23:01:54,704 - INFO -   grad_clip_norm = 1.0
2025-09-15 23:01:54,704 - INFO -   hierarchy_json = /home/projects/bagon/andreyg/Projects/BMM_school/Universal_learning/Programming/bars/imagenet_synset_hierarchy.json
2025-09-15 23:01:54,704 - INFO -   imagenet_models_csv = /home/projects/bagon/andreyg/Projects/BMM_school/Universal_learning/Programming/bars/imagenet_models.csv
2025-09-15 23:01:54,704 - INFO -   lr = 1e-05
2025-09-15 23:01:54,704 - INFO -   max_examples = 1500
2025-09-15 23:01:54,704 - INFO -   max_steps_per_example = 10000
2025-09-15 23:01:54,704 - INFO -   model_csv_name = efficientvit_base_2_224_classification_imagenet_1k
2025-09-15 23:01:54,704 - INFO -   model_name = efficientvit_b2.r224_in1k
2025-09-15 23:01:54,704 - INFO -   no_amp = False
2025-09-15 23:01:54,704 - INFO -   output_dir = /home/projects/bagon/andreyg/Projects/BMM_school/Universal_learning/Programming/training_gradient_evaluator_single_loss/outputs_lr_0.00001_150_examples
2025-09-15 23:01:54,704 - INFO -   root_dir = None
2025-09-15 23:01:54,704 - INFO -   seed = 1337
2025-09-15 23:01:54,704 - INFO -   weight_decay = 0.0
2025-09-15 23:01:54,704 - INFO -   zero_aug_train = True
2025-09-15 23:01:54,714 - INFO - Loaded 50000 examples in difficulty order
2025-09-15 23:01:57,265 - INFO - Loaded TIMM pretrained weights for efficientvit_b2.r224_in1k
2025-09-15 23:01:57,265 - INFO - pretrained_cfg.url= hf_hub_id=timm/efficientvit_b2.r224_in1k
2025-09-15 23:01:57,633 - INFO - Stored original model weights for reset
2025-09-15 23:01:57,641 - INFO - Training configuration:
2025-09-15 23:01:57,641 - INFO -   lr = 1e-05
2025-09-15 23:01:57,641 - INFO -   weight_decay = 0.0
2025-09-15 23:01:57,641 - INFO -   max_steps = 10000
2025-09-15 23:01:57,641 - INFO -   epsilon = 0.001
2025-09-15 23:01:57,641 - INFO -   device = cuda
2025-09-15 23:01:57,641 - INFO -   use_amp = True
2025-09-15 23:01:57,641 - INFO -   amp_dtype = bfloat16
2025-09-15 23:01:57,641 - INFO -   gradient_clip_norm = 1.0
2025-09-15 23:01:57,719 - INFO - Resolved model_csv_name='efficientvit_base_2_224_classification_imagenet_1k' to mask_row_index=470
2025-09-15 23:02:03,965 - INFO - Selected 1500 wrong examples for training (sorted by difficulty)
2025-09-15 23:02:03,969 - INFO - Training examples (rank indices, 0-based): 21594, 22149, 24238, 24788, 25623, 25971, 26545, 26671, 26706, 27220, 27332, 27364, 27609, 27774, 27905, 28208, 28293, 28587, 28707, 29126, 29163, 29270, 29272, 29528, 29608, 29631, 29742, 29815, 29928, 30074, 30104, 30122, 30215, 30261, 30351, 30380, 30864, 30888, 30927, 31003, 31004, 31091, 31096, 31142, 31218, 31330, 31483, 31569, 31608, 31627, 31676, 31680, 31703, 31705, 31724, 31802, 31882, 32093, 32202, 32290, 32292, 32314, 32344, 32376, 32383, 32404, 32434, 32457, 32519, 32521, 32554, 32580, 32632, 32637, 32674, 32675, 32735, 32760, 32907, 32932, 32936, 32990, 33022, 33079, 33091, 33138, 33169, 33204, 33327, 33345, 33391, 33399, 33442, 33484, 33497, 33512, 33538, 33556, 33562, 33564, 33602, 33653, 33758, 33759, 33822, 33875, 33887, 33895, 33901, 33906, 33939, 33984, 34026, 34056, 34060, 34071, 34076, 34110, 34135, 34144, 34146, 34152, 34178, 34181, 34188, 34223, 34235, 34251, 34272, 34279, 34307, 34333, 34399, 34412, 34426, 34433, 34459, 34470, 34490, 34497, 34500, 34521, 34559, 34560, 34576, 34580, 34593, 34621, 34643, 34723, 34754, 34769, 34771, 34774, 34806, 34820, 34835, 34840, 34842, 34849, 34863, 34870, 34888, 34889, 34919, 34948, 34977, 34979, 34980, 34991, 35016, 35055, 35076, 35100, 35178, 35182, 35183, 35198, 35260, 35269, 35317, 35345, 35373, 35400, 35431, 35460, 35472, 35476, 35479, 35495, 35509, 35515, 35520, 35521, 35525, 35548, 35572, 35579, 35597, 35598, 35603, 35604, 35617, 35628, 35647, 35655, 35672, 35697, 35709, 35738, 35744, 35830, 35845, 35857, 35877, 35885, 35891, 35939, 35947, 35959, 35963, 35973, 35990, 35995, 35998, 36010, 36054, 36075, 36094, 36097, 36103, 36111, 36114, 36138, 36141, 36160, 36163, 36178, 36194, 36201, 36209, 36218, 36232, 36260, 36294, 36296, 36304, 36311, 36319, 36325, 36331, 36343, 36352, 36373, 36386, 36399, 36402, 36417, 36420, 36426, 36431, 36482, 36500, 36526, 36538, 36545, 36559, 36564, 36606, 36607, 36613, 36620, 36648, 36673, 36681, 36700, 36720, 36751, 36778, 36791, 36826, 36830, 36832, 36841, 36851, 36857, 36891, 36898, 36912, 36915, 36927, 36929, 36932, 36941, 36942, 36950, 36951, 37002, 37003, 37023, 37030, 37044, 37047, 37065, 37085, 37089, 37104, 37110, 37117, 37119, 37124, 37205, 37227, 37238, 37241, 37255, 37276, 37284, 37306, 37313, 37341, 37345, 37369, 37394, 37411, 37415, 37422, 37433, 37442, 37452, 37469, 37472, 37532, 37534, 37539, 37540, 37560, 37562, 37567, 37574, 37592, 37600, 37614, 37618, 37623, 37638, 37648, 37666, 37672, 37687, 37688, 37701, 37703, 37739, 37742, 37743, 37757, 37758, 37779, 37794, 37795, 37819, 37847, 37849, 37856, 37869, 37887, 37897, 37899, 37916, 37918, 37931, 37937, 37940, 37941, 37951, 37970, 37978, 37979, 38015, 38021, 38030, 38034, 38035, 38060, 38062, 38063, 38091, 38099, 38102, 38110, 38129, 38139, 38146, 38148, 38161, 38164, 38171, 38187, 38207, 38222, 38223, 38224, 38225, 38232, 38233, 38237, 38243, 38248, 38263, 38269, 38290, 38299, 38315, 38322, 38326, 38334, 38340, 38344, 38346, 38348, 38354, 38406, 38410, 38416, 38430, 38451, 38452, 38455, 38472, 38486, 38496, 38510, 38541, 38566, 38572, 38594, 38600, 38609, 38612, 38625, 38641, 38654, 38655, 38658, 38660, 38662, 38687, 38694, 38708, 38710, 38713, 38721, 38723, 38724, 38729, 38736, 38738, 38756, 38767, 38768, 38782, 38784, 38813, 38851, 38875, 38883, 38887, 38891, 38909, 38919, 38955, 38959, 38979, 38989, 38997, 38998, 39001, 39015, 39019, 39038, 39049, 39068, 39072, 39090, 39092, 39106, 39117, 39125, 39132, 39136, 39150, 39163, 39170, 39171, 39172, 39180, 39186, 39191, 39196, 39228, 39244, 39256, 39258, 39262, 39277, 39324, 39329, 39342, 39348, 39368, 39369, 39372, 39379, 39406, 39411, 39419, 39426, 39435, 39475, 39491, 39495, 39515, 39527, 39529, 39545, 39561, 39562, 39571, 39576, 39600, 39604, 39610, 39619, 39627, 39632, 39633, 39634, 39636, 39640, 39647, 39651, 39669, 39680, 39692, 39698, 39713, 39716, 39727, 39752, 39753, 39755, 39756, 39770, 39778, 39780, 39792, 39832, 39833, 39838, 39857, 39863, 39877, 39878, 39881, 39902, 39916, 39917, 39941, 39942, 39966, 39975, 39984, 39991, 40000, 40009, 40010, 40016, 40021, 40028, 40035, 40060, 40065, 40068, 40072, 40075, 40082, 40100, 40106, 40115, 40119, 40135, 40137, 40145, 40157, 40170, 40173, 40187, 40192, 40193, 40196, 40212, 40221, 40240, 40241, 40246, 40248, 40261, 40262, 40271, 40283, 40299, 40300, 40319, 40343, 40345, 40355, 40373, 40390, 40392, 40396, 40403, 40406, 40430, 40436, 40455, 40483, 40487, 40497, 40504, 40543, 40547, 40550, 40560, 40568, 40598, 40603, 40668, 40675, 40679, 40689, 40696, 40732, 40738, 40746, 40770, 40789, 40810, 40832, 40841, 40844, 40862, 40864, 40881, 40885, 40904, 40905, 40919, 40920, 40934, 40936, 40953, 40956, 40984, 40989, 41022, 41028, 41038, 41042, 41044, 41045, 41051, 41057, 41089, 41098, 41104, 41109, 41111, 41119, 41136, 41140, 41143, 41149, 41156, 41163, 41168, 41171, 41196, 41218, 41244, 41256, 41267, 41296, 41300, 41310, 41336, 41360, 41362, 41380, 41401, 41404, 41405, 41413, 41416, 41437, 41474, 41485, 41497, 41501, 41502, 41508, 41521, 41522, 41556, 41566, 41578, 41581, 41585, 41590, 41601, 41606, 41607, 41614, 41621, 41626, 41639, 41661, 41681, 41682, 41705, 41714, 41727, 41740, 41741, 41761, 41766, 41771, 41773, 41796, 41798, 41806, 41815, 41826, 41853, 41861, 41873, 41875, 41882, 41883, 41892, 41919, 41922, 41932, 41949, 41961, 41962, 41977, 41986, 41992, 41996, 42003, 42005, 42009, 42018, 42020, 42022, 42031, 42032, 42036, 42053, 42054, 42057, 42058, 42070, 42075, 42080, 42083, 42087, 42092, 42111, 42136, 42159, 42169, 42176, 42192, 42195, 42215, 42216, 42222, 42227, 42241, 42248, 42249, 42252, 42258, 42268, 42273, 42282, 42287, 42288, 42303, 42317, 42319, 42331, 42337, 42359, 42364, 42367, 42372, 42382, 42384, 42388, 42399, 42400, 42403, 42431, 42436, 42448, 42451, 42455, 42457, 42488, 42514, 42518, 42519, 42524, 42543, 42544, 42550, 42558, 42563, 42575, 42577, 42595, 42597, 42599, 42601, 42602, 42611, 42651, 42661, 42677, 42678, 42685, 42693, 42698, 42707, 42710, 42717, 42720, 42721, 42740, 42754, 42797, 42800, 42806, 42821, 42850, 42858, 42871, 42872, 42879, 42885, 42928, 42943, 42953, 42957, 42958, 42959, 42975, 42980, 42987, 42990, 42994, 42995, 43008, 43017, 43019, 43026, 43033, 43036, 43044, 43047, 43052, 43063, 43072, 43085, 43086, 43090, 43096, 43116, 43118, 43127, 43128, 43133, 43143, 43147, 43173, 43176, 43190, 43197, 43209, 43210, 43213, 43235, 43245, 43258, 43271, 43278, 43279, 43298, 43331, 43362, 43373, 43375, 43381, 43386, 43396, 43405, 43408, 43416, 43419, 43422, 43433, 43437, 43458, 43474, 43489, 43520, 43521, 43534, 43554, 43558, 43561, 43562, 43573, 43576, 43592, 43593, 43637, 43645, 43651, 43660, 43661, 43667, 43682, 43696, 43721, 43723, 43727, 43750, 43773, 43779, 43781, 43809, 43815, 43820, 43823, 43829, 43834, 43836, 43837, 43888, 43891, 43893, 43901, 43916, 43930, 43932, 43949, 43972, 43987, 43994, 43996, 44035, 44047, 44048, 44057, 44067, 44073, 44102, 44105, 44114, 44129, 44135, 44138, 44139, 44144, 44147, 44149, 44153, 44154, 44166, 44178, 44185, 44192, 44195, 44199, 44207, 44211, 44237, 44246, 44251, 44256, 44260, 44273, 44299, 44302, 44310, 44321, 44330, 44335, 44365, 44367, 44391, 44394, 44399, 44400, 44403, 44418, 44424, 44454, 44495, 44496, 44511, 44525, 44527, 44533, 44540, 44567, 44569, 44571, 44601, 44608, 44609, 44625, 44645, 44647, 44649, 44652, 44676, 44682, 44690, 44691, 44696, 44710, 44713, 44746, 44752, 44754, 44763, 44772, 44788, 44808, 44820, 44840, 44842, 44843, 44849, 44859, 44867, 44873, 44887, 44893, 44909, 44911, 44914, 44922, 44931, 44944, 44945, 44961, 45001, 45002, 45005, 45022, 45030, 45032, 45045, 45060, 45072, 45075, 45076, 45088, 45092, 45095, 45097, 45098, 45108, 45118, 45132, 45138, 45142, 45144, 45149, 45165, 45198, 45225, 45237, 45265, 45271, 45274, 45289, 45305, 45311, 45319, 45323, 45329, 45330, 45375, 45379, 45387, 45414, 45424, 45427, 45451, 45464, 45491, 45492, 45503, 45504, 45507, 45509, 45520, 45524, 45525, 45526, 45528, 45539, 45550, 45553, 45562, 45568, 45580, 45582, 45585, 45605, 45609, 45612, 45614, 45629, 45636, 45639, 45643, 45653, 45669, 45671, 45678, 45686, 45709, 45712, 45716, 45724, 45726, 45753, 45755, 45764, 45766, 45782, 45788, 45831, 45835, 45838, 45850, 45862, 45870, 45872, 45881, 45903, 45916, 45922, 45927, 45933, 45934, 45946, 45964, 45968, 45983, 45988, 46001, 46002, 46004, 46009, 46010, 46012, 46039, 46058, 46065, 46066, 46070, 46081, 46083, 46097, 46103, 46104, 46105, 46111, 46120, 46129, 46140, 46141, 46154, 46163, 46164, 46168, 46178, 46184, 46205, 46206, 46225, 46252, 46253, 46256, 46265, 46267, 46273, 46292, 46320, 46327, 46356, 46360, 46363, 46373, 46374, 46380, 46383, 46384, 46411, 46412, 46419, 46423, 46436, 46457, 46466, 46489, 46490, 46491, 46514, 46517, 46520, 46541, 46570, 46577, 46590, 46603, 46607, 46609, 46610, 46618, 46631, 46644, 46650, 46665, 46672, 46676, 46677, 46681, 46682, 46697, 46703, 46729, 46737, 46739, 46760, 46762, 46765, 46771, 46772, 46808, 46810, 46812, 46813, 46822, 46834, 46836, 46837, 46839, 46844, 46846, 46851, 46853, 46862, 46863, 46871, 46877, 46887, 46888, 46898, 46905, 46907, 46908, 46914, 46931, 46938, 46949, 46964, 46983, 46988, 46991, 46995, 47001, 47006, 47019, 47047, 47050, 47053, 47060, 47080, 47087, 47090, 47116, 47121, 47129, 47131, 47133, 47137, 47138, 47145, 47150, 47154, 47165, 47180, 47196, 47211, 47237, 47253, 47277, 47279, 47286, 47294, 47313, 47320, 47323, 47349, 47370, 47371, 47379, 47384, 47388, 47392, 47410, 47425, 47431, 47432, 47458, 47463, 47464, 47494, 47497, 47522, 47530, 47537, 47541, 47547, 47555, 47563, 47564, 47565, 47566, 47568, 47570, 47571, 47588, 47599, 47612, 47613, 47623, 47629, 47652, 47653, 47699, 47702, 47703, 47706, 47709, 47710, 47718, 47720, 47731, 47753, 47756, 47771, 47772, 47780, 47790, 47797, 47808, 47810, 47818, 47820, 47823, 47829, 47835, 47836, 47841, 47846, 47847, 47861, 47878, 47879, 47904, 47907, 47908, 47919, 47935, 47937, 47940, 47944, 47957, 47964, 47976, 47978, 47979, 47980, 47992, 47999, 48005, 48008, 48044, 48053, 48070, 48076, 48077, 48079, 48082, 48083, 48085, 48087, 48097, 48107, 48113, 48121, 48126, 48134, 48138, 48145, 48152, 48157, 48160, 48164, 48173, 48175, 48185, 48193, 48195, 48199, 48203, 48221, 48237, 48238, 48242, 48243, 48246, 48250, 48253, 48258, 48260, 48264, 48277, 48296, 48307, 48309, 48317, 48323, 48331, 48336, 48337, 48347, 48355, 48358, 48359, 48362, 48364, 48367, 48369, 48376, 48378, 48382, 48383, 48385, 48386, 48400, 48401, 48403, 48405, 48409, 48412, 48423, 48427, 48429, 48432, 48434, 48438, 48439, 48442, 48456, 48458, 48463, 48466, 48467
2025-09-15 23:02:03,995 - INFO - CKA layer subset: selecting 8/151 layers (~5%)
2025-09-15 23:02:06,323 - INFO - 
=== Training Example 1/1500: /home/projects/bagon/shared/imagenet512/val/n04037443/ILSVRC2012_val_00049700.JPEG ===
2025-09-15 23:03:22,848 - INFO - Example /home/projects/bagon/shared/imagenet512/val/n04037443/ILSVRC2012_val_00049700.JPEG reached epsilon at step 1216, loss sum: 40.3075, final loss: 0.00097656, weight distance: 0.0078
2025-09-15 23:03:25,875 - INFO - Example 1 completed: 1216 steps, loss sum: 40.3075, final loss: 0.00097656, weight distance: 0.0078 (universal rank: 21595)
2025-09-15 23:03:25,875 - INFO - 
=== Training Example 2/1500: /home/projects/bagon/shared/imagenet512/val/n03272562/ILSVRC2012_val_00043187.JPEG ===
2025-09-15 23:06:03,021 - INFO - Example /home/projects/bagon/shared/imagenet512/val/n03272562/ILSVRC2012_val_00043187.JPEG reached epsilon at step 2533, loss sum: 33.8268, final loss: 0.00099945, weight distance: 0.0112
2025-09-15 23:06:05,161 - INFO - Example 2 completed: 2533 steps, loss sum: 33.8268, final loss: 0.00099945, weight distance: 0.0112 (universal rank: 22150)
2025-09-15 23:06:05,162 - INFO - 
=== Training Example 3/1500: /home/projects/bagon/shared/imagenet512/val/n02087394/ILSVRC2012_val_00005054.JPEG ===
2025-09-15 23:07:08,088 - INFO - Example /home/projects/bagon/shared/imagenet512/val/n02087394/ILSVRC2012_val_00005054.JPEG reached epsilon at step 1023, loss sum: 124.2067, final loss: 0.00099945, weight distance: 0.0072
2025-09-15 23:07:11,011 - INFO - Example 3 completed: 1023 steps, loss sum: 124.2067, final loss: 0.00099945, weight distance: 0.0072 (universal rank: 24239)
2025-09-15 23:07:11,011 - INFO - 
=== Training Example 4/1500: /home/projects/bagon/shared/imagenet512/val/n13037406/ILSVRC2012_val_00043934.JPEG ===
2025-09-15 23:09:10,800 - INFO - Example /home/projects/bagon/shared/imagenet512/val/n13037406/ILSVRC2012_val_00043934.JPEG reached epsilon at step 1966, loss sum: 24.9469, final loss: 0.00099182, weight distance: 0.0089
2025-09-15 23:09:12,978 - INFO - Example 4 completed: 1966 steps, loss sum: 24.9469, final loss: 0.00099182, weight distance: 0.0089 (universal rank: 24789)
2025-09-15 23:09:12,978 - INFO - 
=== Training Example 5/1500: /home/projects/bagon/shared/imagenet512/val/n02123045/ILSVRC2012_val_00012975.JPEG ===
2025-09-15 23:11:40,116 - INFO - Example /home/projects/bagon/shared/imagenet512/val/n02123045/ILSVRC2012_val_00012975.JPEG reached epsilon at step 2416, loss sum: 112.4390, final loss: 0.00099945, weight distance: 0.0107
2025-09-15 23:11:43,437 - INFO - Example 5 completed: 2416 steps, loss sum: 112.4390, final loss: 0.00099945, weight distance: 0.0107 (universal rank: 25624)
2025-09-15 23:11:43,437 - INFO - 
=== Training Example 6/1500: /home/projects/bagon/shared/imagenet512/val/n02111500/ILSVRC2012_val_00048125.JPEG ===
2025-09-15 23:12:26,686 - INFO - Example /home/projects/bagon/shared/imagenet512/val/n02111500/ILSVRC2012_val_00048125.JPEG reached epsilon at step 697, loss sum: 14.5306, final loss: 0.00099945, weight distance: 0.0059
2025-09-15 23:12:28,797 - INFO - Example 6 completed: 697 steps, loss sum: 14.5306, final loss: 0.00099945, weight distance: 0.0059 (universal rank: 25972)
2025-09-15 23:12:28,797 - INFO - 
=== Training Example 7/1500: /home/projects/bagon/shared/imagenet512/val/n03785016/ILSVRC2012_val_00049634.JPEG ===
2025-09-15 23:13:52,197 - INFO - Example /home/projects/bagon/shared/imagenet512/val/n03785016/ILSVRC2012_val_00049634.JPEG reached epsilon at step 1372, loss sum: 212.3957, final loss: 0.00098419, weight distance: 0.0090
2025-09-15 23:13:54,339 - INFO - Example 7 completed: 1372 steps, loss sum: 212.3957, final loss: 0.00098419, weight distance: 0.0090 (universal rank: 26546)
2025-09-15 23:13:54,339 - INFO - 
=== Training Example 8/1500: /home/projects/bagon/shared/imagenet512/val/n02607072/ILSVRC2012_val_00015024.JPEG ===
2025-09-15 23:16:37,263 - INFO - Example /home/projects/bagon/shared/imagenet512/val/n02607072/ILSVRC2012_val_00015024.JPEG reached epsilon at step 2674, loss sum: 69.3133, final loss: 0.00099182, weight distance: 0.0128
2025-09-15 23:16:42,488 - INFO - Example 8 completed: 2674 steps, loss sum: 69.3133, final loss: 0.00099182, weight distance: 0.0128 (universal rank: 26672)
2025-09-15 23:16:42,488 - INFO - 
=== Training Example 9/1500: /home/projects/bagon/shared/imagenet512/val/n03188531/ILSVRC2012_val_00014742.JPEG ===
2025-09-15 23:17:39,754 - INFO - Example /home/projects/bagon/shared/imagenet512/val/n03188531/ILSVRC2012_val_00014742.JPEG reached epsilon at step 934, loss sum: 61.1331, final loss: 0.00098419, weight distance: 0.0068
2025-09-15 23:17:41,900 - INFO - Example 9 completed: 934 steps, loss sum: 61.1331, final loss: 0.00098419, weight distance: 0.0068 (universal rank: 26707)
2025-09-15 23:17:41,900 - INFO - 
=== Training Example 10/1500: /home/projects/bagon/shared/imagenet512/val/n12620546/ILSVRC2012_val_00040304.JPEG ===
2025-09-15 23:20:45,474 - INFO - Example /home/projects/bagon/shared/imagenet512/val/n12620546/ILSVRC2012_val_00040304.JPEG reached epsilon at step 3017, loss sum: 29.3092, final loss: 0.00098419, weight distance: 0.0115
2025-09-15 23:20:48,260 - INFO - Example 10 completed: 3017 steps, loss sum: 29.3092, final loss: 0.00098419, weight distance: 0.0115 (universal rank: 27221)
2025-09-15 23:20:48,260 - INFO - 
=== Training Example 11/1500: /home/projects/bagon/shared/imagenet512/val/n03843555/ILSVRC2012_val_00032407.JPEG ===
2025-09-15 23:21:24,665 - INFO - Example /home/projects/bagon/shared/imagenet512/val/n03843555/ILSVRC2012_val_00032407.JPEG reached epsilon at step 597, loss sum: 59.6415, final loss: 0.00097656, weight distance: 0.0049
2025-09-15 23:21:27,133 - INFO - Example 11 completed: 597 steps, loss sum: 59.6415, final loss: 0.00097656, weight distance: 0.0049 (universal rank: 27333)
2025-09-15 23:21:27,133 - INFO - 
=== Training Example 12/1500: /home/projects/bagon/shared/imagenet512/val/n07802026/ILSVRC2012_val_00003019.JPEG ===
2025-09-15 23:23:07,266 - INFO - Example /home/projects/bagon/shared/imagenet512/val/n07802026/ILSVRC2012_val_00003019.JPEG reached epsilon at step 1639, loss sum: 13.3581, final loss: 0.00099945, weight distance: 0.0085
2025-09-15 23:23:09,381 - INFO - Example 12 completed: 1639 steps, loss sum: 13.3581, final loss: 0.00099945, weight distance: 0.0085 (universal rank: 27365)
2025-09-15 23:23:09,381 - INFO - 
=== Training Example 13/1500: /home/projects/bagon/shared/imagenet512/val/n03447721/ILSVRC2012_val_00007286.JPEG ===
2025-09-15 23:24:53,497 - INFO - Example /home/projects/bagon/shared/imagenet512/val/n03447721/ILSVRC2012_val_00007286.JPEG reached epsilon at step 1695, loss sum: 63.9802, final loss: 0.00099945, weight distance: 0.0103
2025-09-15 23:24:56,448 - INFO - Example 13 completed: 1695 steps, loss sum: 63.9802, final loss: 0.00099945, weight distance: 0.0103 (universal rank: 27610)
2025-09-15 23:24:56,448 - INFO - 
=== Training Example 14/1500: /home/projects/bagon/shared/imagenet512/val/n04133789/ILSVRC2012_val_00002426.JPEG ===
2025-09-15 23:26:31,145 - INFO - Example /home/projects/bagon/shared/imagenet512/val/n04133789/ILSVRC2012_val_00002426.JPEG reached epsilon at step 1552, loss sum: 26.6119, final loss: 0.00099945, weight distance: 0.0093
2025-09-15 23:26:33,877 - INFO - Example 14 completed: 1552 steps, loss sum: 26.6119, final loss: 0.00099945, weight distance: 0.0093 (universal rank: 27775)
2025-09-15 23:26:33,877 - INFO - 
=== Training Example 15/1500: /home/projects/bagon/shared/imagenet512/val/n04041544/ILSVRC2012_val_00034715.JPEG ===
2025-09-15 23:27:09,315 - INFO - Example /home/projects/bagon/shared/imagenet512/val/n04041544/ILSVRC2012_val_00034715.JPEG reached epsilon at step 576, loss sum: 57.0111, final loss: 0.00095749, weight distance: 0.0053
2025-09-15 23:27:13,147 - INFO - Example 15 completed: 576 steps, loss sum: 57.0111, final loss: 0.00095749, weight distance: 0.0053 (universal rank: 27906)
2025-09-15 23:27:13,147 - INFO - 
=== Training Example 16/1500: /home/projects/bagon/shared/imagenet512/val/n03733281/ILSVRC2012_val_00011827.JPEG ===
2025-09-15 23:28:31,286 - INFO - Example /home/projects/bagon/shared/imagenet512/val/n03733281/ILSVRC2012_val_00011827.JPEG reached epsilon at step 1289, loss sum: 18.7779, final loss: 0.00099945, weight distance: 0.0074
2025-09-15 23:28:34,086 - INFO - Example 16 completed: 1289 steps, loss sum: 18.7779, final loss: 0.00099945, weight distance: 0.0074 (universal rank: 28209)
2025-09-15 23:28:34,087 - INFO - 
=== Training Example 17/1500: /home/projects/bagon/shared/imagenet512/val/n03983396/ILSVRC2012_val_00023580.JPEG ===
2025-09-15 23:30:22,071 - INFO - Example /home/projects/bagon/shared/imagenet512/val/n03983396/ILSVRC2012_val_00023580.JPEG reached epsilon at step 1774, loss sum: 404.8859, final loss: 0.00099945, weight distance: 0.0105
2025-09-15 23:30:24,243 - INFO - Example 17 completed: 1774 steps, loss sum: 404.8859, final loss: 0.00099945, weight distance: 0.0105 (universal rank: 28294)
2025-09-15 23:30:24,243 - INFO - 
=== Training Example 18/1500: /home/projects/bagon/shared/imagenet512/val/n09332890/ILSVRC2012_val_00047618.JPEG ===
2025-09-15 23:31:13,445 - INFO - Example /home/projects/bagon/shared/imagenet512/val/n09332890/ILSVRC2012_val_00047618.JPEG reached epsilon at step 800, loss sum: 38.6457, final loss: 0.00099182, weight distance: 0.0069
2025-09-15 23:31:15,529 - INFO - Example 18 completed: 800 steps, loss sum: 38.6457, final loss: 0.00099182, weight distance: 0.0069 (universal rank: 28588)
2025-09-15 23:31:15,529 - INFO - 
=== Training Example 19/1500: /home/projects/bagon/shared/imagenet512/val/n03376595/ILSVRC2012_val_00043253.JPEG ===
2025-09-15 23:32:45,200 - INFO - Example /home/projects/bagon/shared/imagenet512/val/n03376595/ILSVRC2012_val_00043253.JPEG reached epsilon at step 1478, loss sum: 8.3485, final loss: 0.00099945, weight distance: 0.0077
2025-09-15 23:32:47,750 - INFO - Example 19 completed: 1478 steps, loss sum: 8.3485, final loss: 0.00099945, weight distance: 0.0077 (universal rank: 28708)
2025-09-15 23:32:47,750 - INFO - 
=== Training Example 20/1500: /home/projects/bagon/shared/imagenet512/val/n02397096/ILSVRC2012_val_00046916.JPEG ===
2025-09-15 23:36:14,623 - INFO - Example /home/projects/bagon/shared/imagenet512/val/n02397096/ILSVRC2012_val_00046916.JPEG reached epsilon at step 3393, loss sum: 14.9804, final loss: 0.00098419, weight distance: 0.0121
2025-09-15 23:36:17,095 - INFO - Example 20 completed: 3393 steps, loss sum: 14.9804, final loss: 0.00098419, weight distance: 0.0121 (universal rank: 29127)
2025-09-15 23:36:17,095 - INFO - 
=== Training Example 21/1500: /home/projects/bagon/shared/imagenet512/val/n02840245/ILSVRC2012_val_00041262.JPEG ===
2025-09-15 23:37:00,990 - INFO - Example /home/projects/bagon/shared/imagenet512/val/n02840245/ILSVRC2012_val_00041262.JPEG reached epsilon at step 713, loss sum: 21.9294, final loss: 0.00099945, weight distance: 0.0054
2025-09-15 23:37:03,103 - INFO - Example 21 completed: 713 steps, loss sum: 21.9294, final loss: 0.00099945, weight distance: 0.0054 (universal rank: 29164)
2025-09-15 23:37:03,103 - INFO - 
=== Training Example 22/1500: /home/projects/bagon/shared/imagenet512/val/n01980166/ILSVRC2012_val_00038232.JPEG ===
2025-09-15 23:39:29,600 - INFO - Example /home/projects/bagon/shared/imagenet512/val/n01980166/ILSVRC2012_val_00038232.JPEG reached epsilon at step 2410, loss sum: 81.6324, final loss: 0.00099182, weight distance: 0.0112
2025-09-15 23:39:32,349 - INFO - Example 22 completed: 2410 steps, loss sum: 81.6324, final loss: 0.00099182, weight distance: 0.0112 (universal rank: 29271)
2025-09-15 23:39:32,350 - INFO - 
=== Training Example 23/1500: /home/projects/bagon/shared/imagenet512/val/n04501370/ILSVRC2012_val_00024489.JPEG ===
2025-09-15 23:40:56,766 - INFO - Example /home/projects/bagon/shared/imagenet512/val/n04501370/ILSVRC2012_val_00024489.JPEG reached epsilon at step 1384, loss sum: 594.2302, final loss: 0.00099945, weight distance: 0.0071
2025-09-15 23:40:58,916 - INFO - Example 23 completed: 1384 steps, loss sum: 594.2302, final loss: 0.00099945, weight distance: 0.0071 (universal rank: 29273)
2025-09-15 23:40:58,916 - INFO - 
=== Training Example 24/1500: /home/projects/bagon/shared/imagenet512/val/n02690373/ILSVRC2012_val_00023316.JPEG ===
2025-09-15 23:44:57,705 - INFO - Example /home/projects/bagon/shared/imagenet512/val/n02690373/ILSVRC2012_val_00023316.JPEG reached epsilon at step 3938, loss sum: 1370.5875, final loss: 0.00099945, weight distance: 0.0138
2025-09-15 23:44:59,853 - INFO - Example 24 completed: 3938 steps, loss sum: 1370.5875, final loss: 0.00099945, weight distance: 0.0138 (universal rank: 29529)
2025-09-15 23:44:59,853 - INFO - 
=== Training Example 25/1500: /home/projects/bagon/shared/imagenet512/val/n01819313/ILSVRC2012_val_00049682.JPEG ===
2025-09-15 23:46:53,386 - INFO - Example /home/projects/bagon/shared/imagenet512/val/n01819313/ILSVRC2012_val_00049682.JPEG reached epsilon at step 1868, loss sum: 38.0707, final loss: 0.00099182, weight distance: 0.0087
2025-09-15 23:46:55,738 - INFO - Example 25 completed: 1868 steps, loss sum: 38.0707, final loss: 0.00099182, weight distance: 0.0087 (universal rank: 29609)
2025-09-15 23:46:55,738 - INFO - 
=== Training Example 26/1500: /home/projects/bagon/shared/imagenet512/val/n02112018/ILSVRC2012_val_00039662.JPEG ===
2025-09-15 23:48:16,711 - INFO - Example /home/projects/bagon/shared/imagenet512/val/n02112018/ILSVRC2012_val_00039662.JPEG reached epsilon at step 1323, loss sum: 31.9702, final loss: 0.00099182, weight distance: 0.0079
2025-09-15 23:48:18,895 - INFO - Example 26 completed: 1323 steps, loss sum: 31.9702, final loss: 0.00099182, weight distance: 0.0079 (universal rank: 29632)
2025-09-15 23:48:18,895 - INFO - 
=== Training Example 27/1500: /home/projects/bagon/shared/imagenet512/val/n07716358/ILSVRC2012_val_00036142.JPEG ===
2025-09-15 23:51:09,296 - INFO - Example /home/projects/bagon/shared/imagenet512/val/n07716358/ILSVRC2012_val_00036142.JPEG reached epsilon at step 2798, loss sum: 14.5721, final loss: 0.00099182, weight distance: 0.0091
2025-09-15 23:51:11,410 - INFO - Example 27 completed: 2798 steps, loss sum: 14.5721, final loss: 0.00099182, weight distance: 0.0091 (universal rank: 29743)
2025-09-15 23:51:11,410 - INFO - 
=== Training Example 28/1500: /home/projects/bagon/shared/imagenet512/val/n02837789/ILSVRC2012_val_00009805.JPEG ===
2025-09-15 23:53:09,943 - INFO - Example /home/projects/bagon/shared/imagenet512/val/n02837789/ILSVRC2012_val_00009805.JPEG reached epsilon at step 1949, loss sum: 100.1328, final loss: 0.00099182, weight distance: 0.0112
2025-09-15 23:53:12,182 - INFO - Example 28 completed: 1949 steps, loss sum: 100.1328, final loss: 0.00099182, weight distance: 0.0112 (universal rank: 29816)
2025-09-15 23:53:12,182 - INFO - 
=== Training Example 29/1500: /home/projects/bagon/shared/imagenet512/val/n02777292/ILSVRC2012_val_00024511.JPEG ===
2025-09-15 23:54:53,075 - INFO - Example /home/projects/bagon/shared/imagenet512/val/n02777292/ILSVRC2012_val_00024511.JPEG reached epsilon at step 1654, loss sum: 34.9384, final loss: 0.00099945, weight distance: 0.0089
2025-09-15 23:54:55,679 - INFO - Example 29 completed: 1654 steps, loss sum: 34.9384, final loss: 0.00099945, weight distance: 0.0089 (universal rank: 29929)
2025-09-15 23:54:55,679 - INFO - 
=== Training Example 30/1500: /home/projects/bagon/shared/imagenet512/val/n04557648/ILSVRC2012_val_00025148.JPEG ===
2025-09-15 23:55:36,555 - INFO - Example /home/projects/bagon/shared/imagenet512/val/n04557648/ILSVRC2012_val_00025148.JPEG reached epsilon at step 635, loss sum: 28.0143, final loss: 0.00093079, weight distance: 0.0057
2025-09-15 23:55:39,003 - INFO - Example 30 completed: 635 steps, loss sum: 28.0143, final loss: 0.00093079, weight distance: 0.0057 (universal rank: 30075)
2025-09-15 23:55:39,004 - INFO - 
=== Training Example 31/1500: /home/projects/bagon/shared/imagenet512/val/n03970156/ILSVRC2012_val_00027340.JPEG ===
2025-09-15 23:56:30,253 - INFO - Example /home/projects/bagon/shared/imagenet512/val/n03970156/ILSVRC2012_val_00027340.JPEG reached epsilon at step 840, loss sum: 12.6936, final loss: 0.00099945, weight distance: 0.0056
2025-09-15 23:56:32,411 - INFO - Example 31 completed: 840 steps, loss sum: 12.6936, final loss: 0.00099945, weight distance: 0.0056 (universal rank: 30105)
2025-09-15 23:56:32,411 - INFO - 
=== Training Example 32/1500: /home/projects/bagon/shared/imagenet512/val/n02895154/ILSVRC2012_val_00020278.JPEG ===
2025-09-15 23:57:23,908 - INFO - Example /home/projects/bagon/shared/imagenet512/val/n02895154/ILSVRC2012_val_00020278.JPEG reached epsilon at step 844, loss sum: 65.6613, final loss: 0.00097656, weight distance: 0.0071
2025-09-15 23:57:26,306 - INFO - Example 32 completed: 844 steps, loss sum: 65.6613, final loss: 0.00097656, weight distance: 0.0071 (universal rank: 30123)
2025-09-15 23:57:26,306 - INFO - 
=== Training Example 33/1500: /home/projects/bagon/shared/imagenet512/val/n03388549/ILSVRC2012_val_00010124.JPEG ===
2025-09-15 23:59:36,223 - INFO - Example /home/projects/bagon/shared/imagenet512/val/n03388549/ILSVRC2012_val_00010124.JPEG reached epsilon at step 2130, loss sum: 17.0791, final loss: 0.00099945, weight distance: 0.0101
2025-09-15 23:59:38,748 - INFO - Example 33 completed: 2130 steps, loss sum: 17.0791, final loss: 0.00099945, weight distance: 0.0101 (universal rank: 30216)
2025-09-15 23:59:38,748 - INFO - 
=== Training Example 34/1500: /home/projects/bagon/shared/imagenet512/val/n02111500/ILSVRC2012_val_00046044.JPEG ===
2025-09-16 00:01:12,226 - INFO - Example /home/projects/bagon/shared/imagenet512/val/n02111500/ILSVRC2012_val_00046044.JPEG reached epsilon at step 1526, loss sum: 42.7942, final loss: 0.00099182, weight distance: 0.0096
2025-09-16 00:01:14,366 - INFO - Example 34 completed: 1526 steps, loss sum: 42.7942, final loss: 0.00099182, weight distance: 0.0096 (universal rank: 30262)
2025-09-16 00:01:14,366 - INFO - 
=== Training Example 35/1500: /home/projects/bagon/shared/imagenet512/val/n03131574/ILSVRC2012_val_00020374.JPEG ===
2025-09-16 00:03:59,785 - INFO - Example /home/projects/bagon/shared/imagenet512/val/n03131574/ILSVRC2012_val_00020374.JPEG reached epsilon at step 2726, loss sum: 15.9589, final loss: 0.00099945, weight distance: 0.0103
2025-09-16 00:04:02,337 - INFO - Example 35 completed: 2726 steps, loss sum: 15.9589, final loss: 0.00099945, weight distance: 0.0103 (universal rank: 30352)
2025-09-16 00:04:02,338 - INFO - 
=== Training Example 36/1500: /home/projects/bagon/shared/imagenet512/val/n04589890/ILSVRC2012_val_00027927.JPEG ===
2025-09-16 00:05:24,873 - INFO - Example /home/projects/bagon/shared/imagenet512/val/n04589890/ILSVRC2012_val_00027927.JPEG reached epsilon at step 1361, loss sum: 28.2242, final loss: 0.00099182, weight distance: 0.0088
2025-09-16 00:05:27,060 - INFO - Example 36 completed: 1361 steps, loss sum: 28.2242, final loss: 0.00099182, weight distance: 0.0088 (universal rank: 30381)
2025-09-16 00:05:27,060 - INFO - 
=== Training Example 37/1500: /home/projects/bagon/shared/imagenet512/val/n04040759/ILSVRC2012_val_00044162.JPEG ===
2025-09-16 00:07:10,711 - INFO - Example /home/projects/bagon/shared/imagenet512/val/n04040759/ILSVRC2012_val_00044162.JPEG reached epsilon at step 1698, loss sum: 89.1202, final loss: 0.00099945, weight distance: 0.0113
2025-09-16 00:07:13,254 - INFO - Example 37 completed: 1698 steps, loss sum: 89.1202, final loss: 0.00099945, weight distance: 0.0113 (universal rank: 30865)
2025-09-16 00:07:13,254 - INFO - 
=== Training Example 38/1500: /home/projects/bagon/shared/imagenet512/val/n02138441/ILSVRC2012_val_00013532.JPEG ===
2025-09-16 00:09:11,048 - INFO - Example /home/projects/bagon/shared/imagenet512/val/n02138441/ILSVRC2012_val_00013532.JPEG reached epsilon at step 1933, loss sum: 62.9884, final loss: 0.00099945, weight distance: 0.0105
2025-09-16 00:09:13,345 - INFO - Example 38 completed: 1933 steps, loss sum: 62.9884, final loss: 0.00099945, weight distance: 0.0105 (universal rank: 30889)
2025-09-16 00:09:13,345 - INFO - 
=== Training Example 39/1500: /home/projects/bagon/shared/imagenet512/val/n01632777/ILSVRC2012_val_00020772.JPEG ===
2025-09-16 00:12:21,579 - INFO - Example /home/projects/bagon/shared/imagenet512/val/n01632777/ILSVRC2012_val_00020772.JPEG reached epsilon at step 3038, loss sum: 495.8513, final loss: 0.00099945, weight distance: 0.0124
2025-09-16 00:12:29,561 - INFO - Example 39 completed: 3038 steps, loss sum: 495.8513, final loss: 0.00099945, weight distance: 0.0124 (universal rank: 30928)
2025-09-16 00:12:29,561 - INFO - 
=== Training Example 40/1500: /home/projects/bagon/shared/imagenet512/val/n02091244/ILSVRC2012_val_00039847.JPEG ===
2025-09-16 00:14:10,779 - INFO - Example /home/projects/bagon/shared/imagenet512/val/n02091244/ILSVRC2012_val_00039847.JPEG reached epsilon at step 1662, loss sum: 575.1358, final loss: 0.00099945, weight distance: 0.0103
2025-09-16 00:14:13,288 - INFO - Example 40 completed: 1662 steps, loss sum: 575.1358, final loss: 0.00099945, weight distance: 0.0103 (universal rank: 31004)
2025-09-16 00:14:13,289 - INFO - 
=== Training Example 41/1500: /home/projects/bagon/shared/imagenet512/val/n02788148/ILSVRC2012_val_00002801.JPEG ===
2025-09-16 00:15:12,492 - INFO - Example /home/projects/bagon/shared/imagenet512/val/n02788148/ILSVRC2012_val_00002801.JPEG reached epsilon at step 976, loss sum: 17.3278, final loss: 0.00096512, weight distance: 0.0061
2025-09-16 00:15:14,639 - INFO - Example 41 completed: 976 steps, loss sum: 17.3278, final loss: 0.00096512, weight distance: 0.0061 (universal rank: 31005)
2025-09-16 00:15:14,639 - INFO - 
=== Training Example 42/1500: /home/projects/bagon/shared/imagenet512/val/n02096294/ILSVRC2012_val_00035298.JPEG ===
2025-09-16 00:16:17,290 - INFO - Example /home/projects/bagon/shared/imagenet512/val/n02096294/ILSVRC2012_val_00035298.JPEG reached epsilon at step 1034, loss sum: 9.1242, final loss: 0.00096512, weight distance: 0.0072
2025-09-16 00:16:19,567 - INFO - Example 42 completed: 1034 steps, loss sum: 9.1242, final loss: 0.00096512, weight distance: 0.0072 (universal rank: 31092)
2025-09-16 00:16:19,568 - INFO - 
=== Training Example 43/1500: /home/projects/bagon/shared/imagenet512/val/n02085782/ILSVRC2012_val_00037960.JPEG ===
2025-09-16 00:18:09,282 - INFO - Example /home/projects/bagon/shared/imagenet512/val/n02085782/ILSVRC2012_val_00037960.JPEG reached epsilon at step 1810, loss sum: 108.7172, final loss: 0.00098419, weight distance: 0.0109
2025-09-16 00:18:11,890 - INFO - Example 43 completed: 1810 steps, loss sum: 108.7172, final loss: 0.00098419, weight distance: 0.0109 (universal rank: 31097)
2025-09-16 00:18:11,890 - INFO - 
=== Training Example 44/1500: /home/projects/bagon/shared/imagenet512/val/n03160309/ILSVRC2012_val_00014832.JPEG ===
2025-09-16 00:20:00,818 - INFO - Example /home/projects/bagon/shared/imagenet512/val/n03160309/ILSVRC2012_val_00014832.JPEG reached epsilon at step 1792, loss sum: 763.3691, final loss: 0.00099182, weight distance: 0.0100
2025-09-16 00:20:02,963 - INFO - Example 44 completed: 1792 steps, loss sum: 763.3691, final loss: 0.00099182, weight distance: 0.0100 (universal rank: 31143)
2025-09-16 00:20:02,963 - INFO - 
=== Training Example 45/1500: /home/projects/bagon/shared/imagenet512/val/n02483708/ILSVRC2012_val_00037156.JPEG ===
2025-09-16 00:23:45,532 - INFO - Example /home/projects/bagon/shared/imagenet512/val/n02483708/ILSVRC2012_val_00037156.JPEG reached epsilon at step 3647, loss sum: 14.9888, final loss: 0.00098419, weight distance: 0.0116
2025-09-16 00:23:47,910 - INFO - Example 45 completed: 3647 steps, loss sum: 14.9888, final loss: 0.00098419, weight distance: 0.0116 (universal rank: 31219)
2025-09-16 00:23:47,910 - INFO - 
=== Training Example 46/1500: /home/projects/bagon/shared/imagenet512/val/n04591713/ILSVRC2012_val_00022049.JPEG ===
2025-09-16 00:26:01,259 - INFO - Example /home/projects/bagon/shared/imagenet512/val/n04591713/ILSVRC2012_val_00022049.JPEG reached epsilon at step 2173, loss sum: 148.8534, final loss: 0.00099945, weight distance: 0.0121
2025-09-16 00:26:03,388 - INFO - Example 46 completed: 2173 steps, loss sum: 148.8534, final loss: 0.00099945, weight distance: 0.0121 (universal rank: 31331)
2025-09-16 00:26:03,388 - INFO - 
=== Training Example 47/1500: /home/projects/bagon/shared/imagenet512/val/n02093859/ILSVRC2012_val_00031752.JPEG ===
2025-09-16 00:27:29,586 - INFO - Example /home/projects/bagon/shared/imagenet512/val/n02093859/ILSVRC2012_val_00031752.JPEG reached epsilon at step 1417, loss sum: 115.3927, final loss: 0.00098419, weight distance: 0.0085
2025-09-16 00:27:35,643 - INFO - Example 47 completed: 1417 steps, loss sum: 115.3927, final loss: 0.00098419, weight distance: 0.0085 (universal rank: 31484)
2025-09-16 00:27:35,643 - INFO - 
=== Training Example 48/1500: /home/projects/bagon/shared/imagenet512/val/n04399382/ILSVRC2012_val_00025815.JPEG ===
2025-09-16 07:46:49,894 - INFO - Example /home/projects/bagon/shared/imagenet512/val/n04399382/ILSVRC2012_val_00025815.JPEG reached epsilon at step 2815, loss sum: 321.7102, final loss: 0.00099945, weight distance: 0.0121
2025-09-16 07:46:53,809 - INFO - Example 48 completed: 2815 steps, loss sum: 321.7102, final loss: 0.00099945, weight distance: 0.0121 (universal rank: 31570)
2025-09-16 07:46:53,809 - INFO - 
=== Training Example 49/1500: /home/projects/bagon/shared/imagenet512/val/n03041632/ILSVRC2012_val_00000582.JPEG ===
2025-09-16 07:48:22,463 - INFO - Example /home/projects/bagon/shared/imagenet512/val/n03041632/ILSVRC2012_val_00000582.JPEG reached epsilon at step 1436, loss sum: 260.2510, final loss: 0.00095367, weight distance: 0.0085
2025-09-16 07:48:25,975 - INFO - Example 49 completed: 1436 steps, loss sum: 260.2510, final loss: 0.00095367, weight distance: 0.0085 (universal rank: 31609)
2025-09-16 07:48:25,975 - INFO - 
=== Training Example 50/1500: /home/projects/bagon/shared/imagenet512/val/n02408429/ILSVRC2012_val_00009898.JPEG ===
2025-09-16 07:50:39,164 - INFO - Example /home/projects/bagon/shared/imagenet512/val/n02408429/ILSVRC2012_val_00009898.JPEG reached epsilon at step 2193, loss sum: 106.7448, final loss: 0.00099182, weight distance: 0.0127
2025-09-16 07:50:41,559 - INFO - Example 50 completed: 2193 steps, loss sum: 106.7448, final loss: 0.00099182, weight distance: 0.0127 (universal rank: 31628)
2025-09-16 07:50:41,559 - INFO - 
=== Training Example 51/1500: /home/projects/bagon/shared/imagenet512/val/n01924916/ILSVRC2012_val_00041450.JPEG ===
2025-09-16 07:53:17,766 - INFO - Example /home/projects/bagon/shared/imagenet512/val/n01924916/ILSVRC2012_val_00041450.JPEG reached epsilon at step 2569, loss sum: 35.3404, final loss: 0.00099945, weight distance: 0.0115
2025-09-16 07:53:19,956 - INFO - Example 51 completed: 2569 steps, loss sum: 35.3404, final loss: 0.00099945, weight distance: 0.0115 (universal rank: 31677)
2025-09-16 07:53:19,957 - INFO - 
=== Training Example 52/1500: /home/projects/bagon/shared/imagenet512/val/n02096177/ILSVRC2012_val_00032177.JPEG ===
2025-09-16 07:54:51,995 - INFO - Example /home/projects/bagon/shared/imagenet512/val/n02096177/ILSVRC2012_val_00032177.JPEG reached epsilon at step 1505, loss sum: 112.4164, final loss: 0.00099182, weight distance: 0.0091
2025-09-16 07:54:54,356 - INFO - Example 52 completed: 1505 steps, loss sum: 112.4164, final loss: 0.00099182, weight distance: 0.0091 (universal rank: 31681)
2025-09-16 07:54:54,356 - INFO - 
=== Training Example 53/1500: /home/projects/bagon/shared/imagenet512/val/n02099601/ILSVRC2012_val_00009836.JPEG ===
2025-09-16 07:57:36,137 - INFO - Example /home/projects/bagon/shared/imagenet512/val/n02099601/ILSVRC2012_val_00009836.JPEG reached epsilon at step 2657, loss sum: 17.6646, final loss: 0.00099945, weight distance: 0.0116
2025-09-16 07:57:38,587 - INFO - Example 53 completed: 2657 steps, loss sum: 17.6646, final loss: 0.00099945, weight distance: 0.0116 (universal rank: 31704)
2025-09-16 07:57:38,587 - INFO - 
=== Training Example 54/1500: /home/projects/bagon/shared/imagenet512/val/n02504013/ILSVRC2012_val_00005704.JPEG ===
2025-09-16 08:00:20,214 - INFO - Example /home/projects/bagon/shared/imagenet512/val/n02504013/ILSVRC2012_val_00005704.JPEG reached epsilon at step 2653, loss sum: 35.1542, final loss: 0.00097656, weight distance: 0.0123
2025-09-16 08:00:22,917 - INFO - Example 54 completed: 2653 steps, loss sum: 35.1542, final loss: 0.00097656, weight distance: 0.0123 (universal rank: 31706)
2025-09-16 08:00:22,917 - INFO - 
=== Training Example 55/1500: /home/projects/bagon/shared/imagenet512/val/n04273569/ILSVRC2012_val_00022635.JPEG ===
2025-09-16 08:02:35,119 - INFO - Example /home/projects/bagon/shared/imagenet512/val/n04273569/ILSVRC2012_val_00022635.JPEG reached epsilon at step 2178, loss sum: 19.8015, final loss: 0.00099945, weight distance: 0.0093
2025-09-16 08:02:37,223 - INFO - Example 55 completed: 2178 steps, loss sum: 19.8015, final loss: 0.00099945, weight distance: 0.0093 (universal rank: 31725)
2025-09-16 08:02:37,223 - INFO - 
=== Training Example 56/1500: /home/projects/bagon/shared/imagenet512/val/n01532829/ILSVRC2012_val_00011056.JPEG ===
2025-09-16 08:05:01,283 - INFO - Example /home/projects/bagon/shared/imagenet512/val/n01532829/ILSVRC2012_val_00011056.JPEG reached epsilon at step 2370, loss sum: 705.8406, final loss: 0.00097275, weight distance: 0.0107
2025-09-16 08:05:03,471 - INFO - Example 56 completed: 2370 steps, loss sum: 705.8406, final loss: 0.00097275, weight distance: 0.0107 (universal rank: 31803)
2025-09-16 08:05:03,472 - INFO - 
=== Training Example 57/1500: /home/projects/bagon/shared/imagenet512/val/n04209239/ILSVRC2012_val_00021217.JPEG ===
2025-09-16 08:07:45,941 - INFO - Example /home/projects/bagon/shared/imagenet512/val/n04209239/ILSVRC2012_val_00021217.JPEG reached epsilon at step 2669, loss sum: 172.5550, final loss: 0.00099945, weight distance: 0.0107
2025-09-16 08:07:49,019 - INFO - Example 57 completed: 2669 steps, loss sum: 172.5550, final loss: 0.00099945, weight distance: 0.0107 (universal rank: 31883)
2025-09-16 08:07:49,019 - INFO - 
=== Training Example 58/1500: /home/projects/bagon/shared/imagenet512/val/n04273569/ILSVRC2012_val_00000901.JPEG ===
2025-09-16 08:09:48,848 - INFO - Example /home/projects/bagon/shared/imagenet512/val/n04273569/ILSVRC2012_val_00000901.JPEG reached epsilon at step 1966, loss sum: 49.7532, final loss: 0.00097656, weight distance: 0.0095
2025-09-16 08:09:51,165 - INFO - Example 58 completed: 1966 steps, loss sum: 49.7532, final loss: 0.00097656, weight distance: 0.0095 (universal rank: 32094)
2025-09-16 08:09:51,165 - INFO - 
=== Training Example 59/1500: /home/projects/bagon/shared/imagenet512/val/n03733281/ILSVRC2012_val_00032108.JPEG ===
2025-09-16 08:11:47,730 - INFO - Example /home/projects/bagon/shared/imagenet512/val/n03733281/ILSVRC2012_val_00032108.JPEG reached epsilon at step 1913, loss sum: 136.4585, final loss: 0.00099945, weight distance: 0.0097
2025-09-16 08:11:49,990 - INFO - Example 59 completed: 1913 steps, loss sum: 136.4585, final loss: 0.00099945, weight distance: 0.0097 (universal rank: 32203)
2025-09-16 08:11:49,990 - INFO - 
=== Training Example 60/1500: /home/projects/bagon/shared/imagenet512/val/n02097209/ILSVRC2012_val_00036919.JPEG ===
2025-09-16 08:12:39,673 - INFO - Example /home/projects/bagon/shared/imagenet512/val/n02097209/ILSVRC2012_val_00036919.JPEG reached epsilon at step 813, loss sum: 40.3617, final loss: 0.00099945, weight distance: 0.0061
2025-09-16 08:12:42,305 - INFO - Example 60 completed: 813 steps, loss sum: 40.3617, final loss: 0.00099945, weight distance: 0.0061 (universal rank: 32291)
2025-09-16 08:12:42,305 - INFO - 
=== Training Example 61/1500: /home/projects/bagon/shared/imagenet512/val/n02066245/ILSVRC2012_val_00016771.JPEG ===
2025-09-16 08:15:55,860 - INFO - Example /home/projects/bagon/shared/imagenet512/val/n02066245/ILSVRC2012_val_00016771.JPEG reached epsilon at step 3183, loss sum: 204.9839, final loss: 0.00099945, weight distance: 0.0114
2025-09-16 08:15:58,257 - INFO - Example 61 completed: 3183 steps, loss sum: 204.9839, final loss: 0.00099945, weight distance: 0.0114 (universal rank: 32293)
2025-09-16 08:15:58,258 - INFO - 
=== Training Example 62/1500: /home/projects/bagon/shared/imagenet512/val/n04597913/ILSVRC2012_val_00017248.JPEG ===
2025-09-16 08:17:02,316 - INFO - Example /home/projects/bagon/shared/imagenet512/val/n04597913/ILSVRC2012_val_00017248.JPEG reached epsilon at step 1052, loss sum: 8.6761, final loss: 0.00099945, weight distance: 0.0072
2025-09-16 08:17:04,550 - INFO - Example 62 completed: 1052 steps, loss sum: 8.6761, final loss: 0.00099945, weight distance: 0.0072 (universal rank: 32315)
2025-09-16 08:17:04,551 - INFO - 
=== Training Example 63/1500: /home/projects/bagon/shared/imagenet512/val/n02169497/ILSVRC2012_val_00020652.JPEG ===
2025-09-16 08:19:03,658 - INFO - Example /home/projects/bagon/shared/imagenet512/val/n02169497/ILSVRC2012_val_00020652.JPEG reached epsilon at step 1953, loss sum: 45.2358, final loss: 0.00099945, weight distance: 0.0095
2025-09-16 08:19:06,352 - INFO - Example 63 completed: 1953 steps, loss sum: 45.2358, final loss: 0.00099945, weight distance: 0.0095 (universal rank: 32345)
2025-09-16 08:19:06,352 - INFO - 
=== Training Example 64/1500: /home/projects/bagon/shared/imagenet512/val/n03930313/ILSVRC2012_val_00046441.JPEG ===
2025-09-16 08:21:18,535 - INFO - Example /home/projects/bagon/shared/imagenet512/val/n03930313/ILSVRC2012_val_00046441.JPEG reached epsilon at step 2177, loss sum: 19.9955, final loss: 0.00097656, weight distance: 0.0118
2025-09-16 08:21:20,694 - INFO - Example 64 completed: 2177 steps, loss sum: 19.9955, final loss: 0.00097656, weight distance: 0.0118 (universal rank: 32377)
2025-09-16 08:21:20,694 - INFO - 
=== Training Example 65/1500: /home/projects/bagon/shared/imagenet512/val/n03450230/ILSVRC2012_val_00007147.JPEG ===
2025-09-16 08:22:31,761 - INFO - Example /home/projects/bagon/shared/imagenet512/val/n03450230/ILSVRC2012_val_00007147.JPEG reached epsilon at step 1162, loss sum: 41.7666, final loss: 0.00099182, weight distance: 0.0081
2025-09-16 08:22:34,045 - INFO - Example 65 completed: 1162 steps, loss sum: 41.7666, final loss: 0.00099182, weight distance: 0.0081 (universal rank: 32384)
2025-09-16 08:22:34,045 - INFO - 
=== Training Example 66/1500: /home/projects/bagon/shared/imagenet512/val/n03786901/ILSVRC2012_val_00044518.JPEG ===
2025-09-16 08:23:37,233 - INFO - Example /home/projects/bagon/shared/imagenet512/val/n03786901/ILSVRC2012_val_00044518.JPEG reached epsilon at step 1029, loss sum: 12.5211, final loss: 0.00098419, weight distance: 0.0063
2025-09-16 08:23:39,865 - INFO - Example 66 completed: 1029 steps, loss sum: 12.5211, final loss: 0.00098419, weight distance: 0.0063 (universal rank: 32405)
2025-09-16 08:23:39,865 - INFO - 
=== Training Example 67/1500: /home/projects/bagon/shared/imagenet512/val/n02870880/ILSVRC2012_val_00016924.JPEG ===
2025-09-16 08:25:56,116 - INFO - Example /home/projects/bagon/shared/imagenet512/val/n02870880/ILSVRC2012_val_00016924.JPEG reached epsilon at step 2236, loss sum: 35.3357, final loss: 0.00099182, weight distance: 0.0106
2025-09-16 08:25:58,403 - INFO - Example 67 completed: 2236 steps, loss sum: 35.3357, final loss: 0.00099182, weight distance: 0.0106 (universal rank: 32435)
2025-09-16 08:25:58,403 - INFO - 
=== Training Example 68/1500: /home/projects/bagon/shared/imagenet512/val/n01601694/ILSVRC2012_val_00014673.JPEG ===
2025-09-16 08:27:49,543 - INFO - Example /home/projects/bagon/shared/imagenet512/val/n01601694/ILSVRC2012_val_00014673.JPEG reached epsilon at step 1825, loss sum: 327.3645, final loss: 0.00099945, weight distance: 0.0086
2025-09-16 08:27:52,292 - INFO - Example 68 completed: 1825 steps, loss sum: 327.3645, final loss: 0.00099945, weight distance: 0.0086 (universal rank: 32458)
2025-09-16 08:27:52,292 - INFO - 
=== Training Example 69/1500: /home/projects/bagon/shared/imagenet512/val/n07871810/ILSVRC2012_val_00037774.JPEG ===
2025-09-16 08:30:35,243 - INFO - Example /home/projects/bagon/shared/imagenet512/val/n07871810/ILSVRC2012_val_00037774.JPEG reached epsilon at step 2678, loss sum: 185.4811, final loss: 0.00099945, weight distance: 0.0110
2025-09-16 08:30:37,523 - INFO - Example 69 completed: 2678 steps, loss sum: 185.4811, final loss: 0.00099945, weight distance: 0.0110 (universal rank: 32520)
2025-09-16 08:30:37,523 - INFO - 
=== Training Example 70/1500: /home/projects/bagon/shared/imagenet512/val/n04147183/ILSVRC2012_val_00012054.JPEG ===
2025-09-16 08:32:42,009 - INFO - Example /home/projects/bagon/shared/imagenet512/val/n04147183/ILSVRC2012_val_00012054.JPEG reached epsilon at step 2047, loss sum: 113.3953, final loss: 0.00099945, weight distance: 0.0113
2025-09-16 08:32:44,595 - INFO - Example 70 completed: 2047 steps, loss sum: 113.3953, final loss: 0.00099945, weight distance: 0.0113 (universal rank: 32522)
2025-09-16 08:32:44,595 - INFO - 
=== Training Example 71/1500: /home/projects/bagon/shared/imagenet512/val/n03920288/ILSVRC2012_val_00002704.JPEG ===
2025-09-16 08:33:34,460 - INFO - Example /home/projects/bagon/shared/imagenet512/val/n03920288/ILSVRC2012_val_00002704.JPEG reached epsilon at step 816, loss sum: 4.9477, final loss: 0.00099182, weight distance: 0.0052
2025-09-16 08:33:36,800 - INFO - Example 71 completed: 816 steps, loss sum: 4.9477, final loss: 0.00099182, weight distance: 0.0052 (universal rank: 32555)
2025-09-16 08:33:36,800 - INFO - 
=== Training Example 72/1500: /home/projects/bagon/shared/imagenet512/val/n02988304/ILSVRC2012_val_00027863.JPEG ===
2025-09-16 08:34:20,657 - INFO - Example /home/projects/bagon/shared/imagenet512/val/n02988304/ILSVRC2012_val_00027863.JPEG reached epsilon at step 705, loss sum: 57.8421, final loss: 0.00099182, weight distance: 0.0062
2025-09-16 08:34:23,189 - INFO - Example 72 completed: 705 steps, loss sum: 57.8421, final loss: 0.00099182, weight distance: 0.0062 (universal rank: 32581)
2025-09-16 08:34:23,190 - INFO - 
=== Training Example 73/1500: /home/projects/bagon/shared/imagenet512/val/n02097209/ILSVRC2012_val_00030213.JPEG ===
2025-09-16 08:35:35,690 - INFO - Example /home/projects/bagon/shared/imagenet512/val/n02097209/ILSVRC2012_val_00030213.JPEG reached epsilon at step 1188, loss sum: 83.3008, final loss: 0.00096512, weight distance: 0.0084
2025-09-16 08:35:37,936 - INFO - Example 73 completed: 1188 steps, loss sum: 83.3008, final loss: 0.00096512, weight distance: 0.0084 (universal rank: 32633)
2025-09-16 08:35:37,936 - INFO - 
=== Training Example 74/1500: /home/projects/bagon/shared/imagenet512/val/n02672831/ILSVRC2012_val_00044448.JPEG ===
2025-09-16 08:38:06,707 - INFO - Example /home/projects/bagon/shared/imagenet512/val/n02672831/ILSVRC2012_val_00044448.JPEG reached epsilon at step 2436, loss sum: 152.0890, final loss: 0.00099945, weight distance: 0.0110
2025-09-16 08:38:08,985 - INFO - Example 74 completed: 2436 steps, loss sum: 152.0890, final loss: 0.00099945, weight distance: 0.0110 (universal rank: 32638)
2025-09-16 08:38:08,986 - INFO - 
=== Training Example 75/1500: /home/projects/bagon/shared/imagenet512/val/n02092002/ILSVRC2012_val_00036747.JPEG ===
2025-09-16 08:39:47,370 - INFO - Example /home/projects/bagon/shared/imagenet512/val/n02092002/ILSVRC2012_val_00036747.JPEG reached epsilon at step 1613, loss sum: 45.0979, final loss: 0.00098419, weight distance: 0.0094
2025-09-16 08:39:49,940 - INFO - Example 75 completed: 1613 steps, loss sum: 45.0979, final loss: 0.00098419, weight distance: 0.0094 (universal rank: 32675)
2025-09-16 08:39:49,940 - INFO - 
=== Training Example 76/1500: /home/projects/bagon/shared/imagenet512/val/n03874599/ILSVRC2012_val_00044257.JPEG ===
2025-09-16 08:42:03,732 - INFO - Example /home/projects/bagon/shared/imagenet512/val/n03874599/ILSVRC2012_val_00044257.JPEG reached epsilon at step 2195, loss sum: 81.3938, final loss: 0.00098419, weight distance: 0.0110
2025-09-16 08:42:06,067 - INFO - Example 76 completed: 2195 steps, loss sum: 81.3938, final loss: 0.00098419, weight distance: 0.0110 (universal rank: 32676)
2025-09-16 08:42:06,067 - INFO - 
=== Training Example 77/1500: /home/projects/bagon/shared/imagenet512/val/n02123159/ILSVRC2012_val_00016399.JPEG ===
2025-09-16 08:43:26,330 - INFO - Example /home/projects/bagon/shared/imagenet512/val/n02123159/ILSVRC2012_val_00016399.JPEG reached epsilon at step 1320, loss sum: 395.5868, final loss: 0.00099945, weight distance: 0.0095
2025-09-16 08:43:28,656 - INFO - Example 77 completed: 1320 steps, loss sum: 395.5868, final loss: 0.00099945, weight distance: 0.0095 (universal rank: 32736)
2025-09-16 08:43:28,656 - INFO - 
=== Training Example 78/1500: /home/projects/bagon/shared/imagenet512/val/n04254120/ILSVRC2012_val_00025227.JPEG ===
2025-09-16 08:44:27,914 - INFO - Example /home/projects/bagon/shared/imagenet512/val/n04254120/ILSVRC2012_val_00025227.JPEG reached epsilon at step 972, loss sum: 146.1114, final loss: 0.00099182, weight distance: 0.0076
2025-09-16 08:44:30,556 - INFO - Example 78 completed: 972 steps, loss sum: 146.1114, final loss: 0.00099182, weight distance: 0.0076 (universal rank: 32761)
2025-09-16 08:44:30,556 - INFO - 
=== Training Example 79/1500: /home/projects/bagon/shared/imagenet512/val/n02190166/ILSVRC2012_val_00030902.JPEG ===
2025-09-16 08:47:44,225 - INFO - Example /home/projects/bagon/shared/imagenet512/val/n02190166/ILSVRC2012_val_00030902.JPEG reached epsilon at step 3173, loss sum: 112.5905, final loss: 0.00099945, weight distance: 0.0123
2025-09-16 08:47:46,565 - INFO - Example 79 completed: 3173 steps, loss sum: 112.5905, final loss: 0.00099945, weight distance: 0.0123 (universal rank: 32908)
2025-09-16 08:47:46,565 - INFO - 
=== Training Example 80/1500: /home/projects/bagon/shared/imagenet512/val/n02099712/ILSVRC2012_val_00038361.JPEG ===
2025-09-16 08:48:51,581 - INFO - Example /home/projects/bagon/shared/imagenet512/val/n02099712/ILSVRC2012_val_00038361.JPEG reached epsilon at step 1071, loss sum: 7.5375, final loss: 0.00097656, weight distance: 0.0070
2025-09-16 08:48:53,944 - INFO - Example 80 completed: 1071 steps, loss sum: 7.5375, final loss: 0.00097656, weight distance: 0.0070 (universal rank: 32933)
2025-09-16 08:48:53,944 - INFO - 
=== Training Example 81/1500: /home/projects/bagon/shared/imagenet512/val/n03924679/ILSVRC2012_val_00032809.JPEG ===
2025-09-16 08:50:50,544 - INFO - Example /home/projects/bagon/shared/imagenet512/val/n03924679/ILSVRC2012_val_00032809.JPEG reached epsilon at step 1922, loss sum: 28.8996, final loss: 0.00099945, weight distance: 0.0095
2025-09-16 08:50:52,891 - INFO - Example 81 completed: 1922 steps, loss sum: 28.8996, final loss: 0.00099945, weight distance: 0.0095 (universal rank: 32937)
2025-09-16 08:50:52,891 - INFO - 
=== Training Example 82/1500: /home/projects/bagon/shared/imagenet512/val/n03527444/ILSVRC2012_val_00019609.JPEG ===
2025-09-16 08:52:36,261 - INFO - Example /home/projects/bagon/shared/imagenet512/val/n03527444/ILSVRC2012_val_00019609.JPEG reached epsilon at step 1700, loss sum: 58.1509, final loss: 0.00099945, weight distance: 0.0084
2025-09-16 08:52:38,435 - INFO - Example 82 completed: 1700 steps, loss sum: 58.1509, final loss: 0.00099945, weight distance: 0.0084 (universal rank: 32991)
2025-09-16 08:52:38,435 - INFO - 
=== Training Example 83/1500: /home/projects/bagon/shared/imagenet512/val/n03970156/ILSVRC2012_val_00024484.JPEG ===
2025-09-16 08:54:01,705 - INFO - Example /home/projects/bagon/shared/imagenet512/val/n03970156/ILSVRC2012_val_00024484.JPEG reached epsilon at step 1368, loss sum: 430.5539, final loss: 0.00099945, weight distance: 0.0087
2025-09-16 08:54:03,893 - INFO - Example 83 completed: 1368 steps, loss sum: 430.5539, final loss: 0.00099945, weight distance: 0.0087 (universal rank: 33023)
2025-09-16 08:54:03,893 - INFO - 
=== Training Example 84/1500: /home/projects/bagon/shared/imagenet512/val/n03729826/ILSVRC2012_val_00023453.JPEG ===
2025-09-16 08:55:32,078 - INFO - Example /home/projects/bagon/shared/imagenet512/val/n03729826/ILSVRC2012_val_00023453.JPEG reached epsilon at step 1449, loss sum: 69.9269, final loss: 0.00099182, weight distance: 0.0077
2025-09-16 08:55:34,346 - INFO - Example 84 completed: 1449 steps, loss sum: 69.9269, final loss: 0.00099182, weight distance: 0.0077 (universal rank: 33080)
2025-09-16 08:55:34,346 - INFO - 
=== Training Example 85/1500: /home/projects/bagon/shared/imagenet512/val/n02837789/ILSVRC2012_val_00025933.JPEG ===
2025-09-16 08:56:39,356 - INFO - Example /home/projects/bagon/shared/imagenet512/val/n02837789/ILSVRC2012_val_00025933.JPEG reached epsilon at step 1068, loss sum: 101.5398, final loss: 0.00099945, weight distance: 0.0084
2025-09-16 08:56:42,094 - INFO - Example 85 completed: 1068 steps, loss sum: 101.5398, final loss: 0.00099945, weight distance: 0.0084 (universal rank: 33092)
2025-09-16 08:56:42,094 - INFO - 
=== Training Example 86/1500: /home/projects/bagon/shared/imagenet512/val/n03876231/ILSVRC2012_val_00005694.JPEG ===
2025-09-16 08:58:14,049 - INFO - Example /home/projects/bagon/shared/imagenet512/val/n03876231/ILSVRC2012_val_00005694.JPEG reached epsilon at step 1509, loss sum: 297.8268, final loss: 0.00099945, weight distance: 0.0087
2025-09-16 08:58:16,385 - INFO - Example 86 completed: 1509 steps, loss sum: 297.8268, final loss: 0.00099945, weight distance: 0.0087 (universal rank: 33139)
2025-09-16 08:58:16,385 - INFO - 
=== Training Example 87/1500: /home/projects/bagon/shared/imagenet512/val/n04154565/ILSVRC2012_val_00041012.JPEG ===
2025-09-16 08:59:18,391 - INFO - Example /home/projects/bagon/shared/imagenet512/val/n04154565/ILSVRC2012_val_00041012.JPEG reached epsilon at step 1017, loss sum: 82.6701, final loss: 0.00099182, weight distance: 0.0081
2025-09-16 08:59:20,959 - INFO - Example 87 completed: 1017 steps, loss sum: 82.6701, final loss: 0.00099182, weight distance: 0.0081 (universal rank: 33170)
2025-09-16 08:59:20,960 - INFO - 
=== Training Example 88/1500: /home/projects/bagon/shared/imagenet512/val/n04040759/ILSVRC2012_val_00041590.JPEG ===
2025-09-16 09:00:28,019 - INFO - Example /home/projects/bagon/shared/imagenet512/val/n04040759/ILSVRC2012_val_00041590.JPEG reached epsilon at step 1098, loss sum: 221.4349, final loss: 0.00099945, weight distance: 0.0066
2025-09-16 09:00:31,219 - INFO - Example 88 completed: 1098 steps, loss sum: 221.4349, final loss: 0.00099945, weight distance: 0.0066 (universal rank: 33205)
2025-09-16 09:00:31,219 - INFO - 
=== Training Example 89/1500: /home/projects/bagon/shared/imagenet512/val/n02119789/ILSVRC2012_val_00011624.JPEG ===
2025-09-16 09:02:00,732 - INFO - Example /home/projects/bagon/shared/imagenet512/val/n02119789/ILSVRC2012_val_00011624.JPEG reached epsilon at step 1468, loss sum: 177.2834, final loss: 0.00099182, weight distance: 0.0081
2025-09-16 09:02:03,557 - INFO - Example 89 completed: 1468 steps, loss sum: 177.2834, final loss: 0.00099182, weight distance: 0.0081 (universal rank: 33328)
2025-09-16 09:02:03,558 - INFO - 
=== Training Example 90/1500: /home/projects/bagon/shared/imagenet512/val/n07716358/ILSVRC2012_val_00033681.JPEG ===
2025-09-16 09:05:25,748 - INFO - Example /home/projects/bagon/shared/imagenet512/val/n07716358/ILSVRC2012_val_00033681.JPEG reached epsilon at step 3314, loss sum: 196.2546, final loss: 0.00099945, weight distance: 0.0141
2025-09-16 09:05:28,063 - INFO - Example 90 completed: 3314 steps, loss sum: 196.2546, final loss: 0.00099945, weight distance: 0.0141 (universal rank: 33346)
2025-09-16 09:05:28,063 - INFO - 
=== Training Example 91/1500: /home/projects/bagon/shared/imagenet512/val/n04044716/ILSVRC2012_val_00003989.JPEG ===
2025-09-16 09:07:34,930 - INFO - Example /home/projects/bagon/shared/imagenet512/val/n04044716/ILSVRC2012_val_00003989.JPEG reached epsilon at step 2085, loss sum: 21.5482, final loss: 0.00099945, weight distance: 0.0101
2025-09-16 09:07:38,418 - INFO - Example 91 completed: 2085 steps, loss sum: 21.5482, final loss: 0.00099945, weight distance: 0.0101 (universal rank: 33392)
2025-09-16 09:07:38,418 - INFO - 
=== Training Example 92/1500: /home/projects/bagon/shared/imagenet512/val/n02112018/ILSVRC2012_val_00025886.JPEG ===
2025-09-16 09:09:28,299 - INFO - Example /home/projects/bagon/shared/imagenet512/val/n02112018/ILSVRC2012_val_00025886.JPEG reached epsilon at step 1802, loss sum: 5.4053, final loss: 0.00099945, weight distance: 0.0083
2025-09-16 09:09:30,938 - INFO - Example 92 completed: 1802 steps, loss sum: 5.4053, final loss: 0.00099945, weight distance: 0.0083 (universal rank: 33400)
2025-09-16 09:09:30,938 - INFO - 
=== Training Example 93/1500: /home/projects/bagon/shared/imagenet512/val/n04239074/ILSVRC2012_val_00018266.JPEG ===
2025-09-16 09:10:55,494 - INFO - Example /home/projects/bagon/shared/imagenet512/val/n04239074/ILSVRC2012_val_00018266.JPEG reached epsilon at step 1389, loss sum: 192.2606, final loss: 0.00099182, weight distance: 0.0093
2025-09-16 09:10:58,094 - INFO - Example 93 completed: 1389 steps, loss sum: 192.2606, final loss: 0.00099182, weight distance: 0.0093 (universal rank: 33443)
2025-09-16 09:10:58,094 - INFO - 
=== Training Example 94/1500: /home/projects/bagon/shared/imagenet512/val/n04136333/ILSVRC2012_val_00000615.JPEG ===
2025-09-16 09:12:30,165 - INFO - Example /home/projects/bagon/shared/imagenet512/val/n04136333/ILSVRC2012_val_00000615.JPEG reached epsilon at step 1516, loss sum: 416.1722, final loss: 0.00096130, weight distance: 0.0101
2025-09-16 09:12:32,256 - INFO - Example 94 completed: 1516 steps, loss sum: 416.1722, final loss: 0.00096130, weight distance: 0.0101 (universal rank: 33485)
2025-09-16 09:12:32,256 - INFO - 
=== Training Example 95/1500: /home/projects/bagon/shared/imagenet512/val/n01807496/ILSVRC2012_val_00035476.JPEG ===
2025-09-16 09:16:11,968 - INFO - Example /home/projects/bagon/shared/imagenet512/val/n01807496/ILSVRC2012_val_00035476.JPEG reached epsilon at step 3621, loss sum: 301.9218, final loss: 0.00099945, weight distance: 0.0179
2025-09-16 09:16:14,106 - INFO - Example 95 completed: 3621 steps, loss sum: 301.9218, final loss: 0.00099945, weight distance: 0.0179 (universal rank: 33498)
2025-09-16 09:16:14,106 - INFO - 
=== Training Example 96/1500: /home/projects/bagon/shared/imagenet512/val/n04127249/ILSVRC2012_val_00026816.JPEG ===
2025-09-16 09:17:12,800 - INFO - Example /home/projects/bagon/shared/imagenet512/val/n04127249/ILSVRC2012_val_00026816.JPEG reached epsilon at step 966, loss sum: 173.1488, final loss: 0.00099182, weight distance: 0.0068
2025-09-16 09:17:29,108 - INFO - Example 96 completed: 966 steps, loss sum: 173.1488, final loss: 0.00099182, weight distance: 0.0068 (universal rank: 33513)
2025-09-16 09:17:29,108 - INFO - 
=== Training Example 97/1500: /home/projects/bagon/shared/imagenet512/val/n02504013/ILSVRC2012_val_00030153.JPEG ===
2025-09-16 09:19:39,191 - INFO - Example /home/projects/bagon/shared/imagenet512/val/n02504013/ILSVRC2012_val_00030153.JPEG reached epsilon at step 2141, loss sum: 170.8173, final loss: 0.00099945, weight distance: 0.0115
2025-09-16 09:19:41,650 - INFO - Example 97 completed: 2141 steps, loss sum: 170.8173, final loss: 0.00099945, weight distance: 0.0115 (universal rank: 33539)
2025-09-16 09:19:41,650 - INFO - 
=== Training Example 98/1500: /home/projects/bagon/shared/imagenet512/val/n01943899/ILSVRC2012_val_00029264.JPEG ===
2025-09-16 09:21:17,213 - INFO - Example /home/projects/bagon/shared/imagenet512/val/n01943899/ILSVRC2012_val_00029264.JPEG reached epsilon at step 1574, loss sum: 15.1294, final loss: 0.00099182, weight distance: 0.0082
2025-09-16 09:21:19,362 - INFO - Example 98 completed: 1574 steps, loss sum: 15.1294, final loss: 0.00099182, weight distance: 0.0082 (universal rank: 33557)
2025-09-16 09:21:19,362 - INFO - 
=== Training Example 99/1500: /home/projects/bagon/shared/imagenet512/val/n02168699/ILSVRC2012_val_00015056.JPEG ===
2025-09-16 09:23:28,977 - INFO - Example /home/projects/bagon/shared/imagenet512/val/n02168699/ILSVRC2012_val_00015056.JPEG reached epsilon at step 2136, loss sum: 59.5084, final loss: 0.00099945, weight distance: 0.0092
2025-09-16 09:23:31,078 - INFO - Example 99 completed: 2136 steps, loss sum: 59.5084, final loss: 0.00099945, weight distance: 0.0092 (universal rank: 33563)
2025-09-16 09:23:31,078 - INFO - 
=== Training Example 100/1500: /home/projects/bagon/shared/imagenet512/val/n03594945/ILSVRC2012_val_00004439.JPEG ===
2025-09-16 09:25:31,640 - INFO - Example /home/projects/bagon/shared/imagenet512/val/n03594945/ILSVRC2012_val_00004439.JPEG reached epsilon at step 1991, loss sum: 42.6660, final loss: 0.00099945, weight distance: 0.0106
2025-09-16 09:25:33,813 - INFO - Example 100 completed: 1991 steps, loss sum: 42.6660, final loss: 0.00099945, weight distance: 0.0106 (universal rank: 33565)
2025-09-16 09:25:33,814 - INFO - 
=== Training Example 101/1500: /home/projects/bagon/shared/imagenet512/val/n03124043/ILSVRC2012_val_00037391.JPEG ===
2025-09-16 09:27:56,782 - INFO - Example /home/projects/bagon/shared/imagenet512/val/n03124043/ILSVRC2012_val_00037391.JPEG reached epsilon at step 2355, loss sum: 38.5401, final loss: 0.00099945, weight distance: 0.0108
2025-09-16 09:27:59,275 - INFO - Example 101 completed: 2355 steps, loss sum: 38.5401, final loss: 0.00099945, weight distance: 0.0108 (universal rank: 33603)
2025-09-16 09:27:59,275 - INFO - 
=== Training Example 102/1500: /home/projects/bagon/shared/imagenet512/val/n04154565/ILSVRC2012_val_00041073.JPEG ===
2025-09-16 09:28:38,441 - INFO - Example /home/projects/bagon/shared/imagenet512/val/n04154565/ILSVRC2012_val_00041073.JPEG reached epsilon at step 642, loss sum: 18.0640, final loss: 0.00094604, weight distance: 0.0054
2025-09-16 09:28:40,878 - INFO - Example 102 completed: 642 steps, loss sum: 18.0640, final loss: 0.00094604, weight distance: 0.0054 (universal rank: 33654)
2025-09-16 09:28:40,878 - INFO - 
=== Training Example 103/1500: /home/projects/bagon/shared/imagenet512/val/n07590611/ILSVRC2012_val_00030972.JPEG ===
2025-09-16 09:30:07,968 - INFO - Example /home/projects/bagon/shared/imagenet512/val/n07590611/ILSVRC2012_val_00030972.JPEG reached epsilon at step 1432, loss sum: 169.6030, final loss: 0.00099945, weight distance: 0.0103
2025-09-16 09:30:10,078 - INFO - Example 103 completed: 1432 steps, loss sum: 169.6030, final loss: 0.00099945, weight distance: 0.0103 (universal rank: 33759)
2025-09-16 09:30:10,078 - INFO - 
=== Training Example 104/1500: /home/projects/bagon/shared/imagenet512/val/n04399382/ILSVRC2012_val_00042735.JPEG ===
2025-09-16 09:31:56,505 - INFO - Example /home/projects/bagon/shared/imagenet512/val/n04399382/ILSVRC2012_val_00042735.JPEG reached epsilon at step 1749, loss sum: 44.9204, final loss: 0.00099945, weight distance: 0.0095
2025-09-16 09:31:58,640 - INFO - Example 104 completed: 1749 steps, loss sum: 44.9204, final loss: 0.00099945, weight distance: 0.0095 (universal rank: 33760)
2025-09-16 09:31:58,640 - INFO - 
=== Training Example 105/1500: /home/projects/bagon/shared/imagenet512/val/n02859443/ILSVRC2012_val_00021432.JPEG ===
2025-09-16 09:33:15,706 - INFO - Example /home/projects/bagon/shared/imagenet512/val/n02859443/ILSVRC2012_val_00021432.JPEG reached epsilon at step 1266, loss sum: 3.7223, final loss: 0.00099945, weight distance: 0.0072
2025-09-16 09:33:18,054 - INFO - Example 105 completed: 1266 steps, loss sum: 3.7223, final loss: 0.00099945, weight distance: 0.0072 (universal rank: 33823)
2025-09-16 09:33:18,055 - INFO - 
=== Training Example 106/1500: /home/projects/bagon/shared/imagenet512/val/n01669191/ILSVRC2012_val_00002512.JPEG ===
2025-09-16 09:36:51,840 - INFO - Example /home/projects/bagon/shared/imagenet512/val/n01669191/ILSVRC2012_val_00002512.JPEG reached epsilon at step 3531, loss sum: 119.7710, final loss: 0.00099182, weight distance: 0.0125
2025-09-16 09:36:54,085 - INFO - Example 106 completed: 3531 steps, loss sum: 119.7710, final loss: 0.00099182, weight distance: 0.0125 (universal rank: 33876)
2025-09-16 09:36:54,085 - INFO - 
=== Training Example 107/1500: /home/projects/bagon/shared/imagenet512/val/n02363005/ILSVRC2012_val_00014389.JPEG ===
2025-09-16 09:38:03,911 - INFO - Example /home/projects/bagon/shared/imagenet512/val/n02363005/ILSVRC2012_val_00014389.JPEG reached epsilon at step 1152, loss sum: 9.4308, final loss: 0.00099945, weight distance: 0.0073
2025-09-16 09:38:06,154 - INFO - Example 107 completed: 1152 steps, loss sum: 9.4308, final loss: 0.00099945, weight distance: 0.0073 (universal rank: 33888)
2025-09-16 09:38:06,155 - INFO - 
=== Training Example 108/1500: /home/projects/bagon/shared/imagenet512/val/n03920288/ILSVRC2012_val_00035043.JPEG ===
2025-09-16 09:39:08,951 - INFO - Example /home/projects/bagon/shared/imagenet512/val/n03920288/ILSVRC2012_val_00035043.JPEG reached epsilon at step 1031, loss sum: 27.6193, final loss: 0.00099945, weight distance: 0.0064
2025-09-16 09:39:11,193 - INFO - Example 108 completed: 1031 steps, loss sum: 27.6193, final loss: 0.00099945, weight distance: 0.0064 (universal rank: 33896)
2025-09-16 09:39:11,193 - INFO - 
=== Training Example 109/1500: /home/projects/bagon/shared/imagenet512/val/n04461696/ILSVRC2012_val_00007770.JPEG ===
2025-09-16 09:40:52,381 - INFO - Example /home/projects/bagon/shared/imagenet512/val/n04461696/ILSVRC2012_val_00007770.JPEG reached epsilon at step 1666, loss sum: 42.7268, final loss: 0.00099945, weight distance: 0.0088
2025-09-16 09:40:54,572 - INFO - Example 109 completed: 1666 steps, loss sum: 42.7268, final loss: 0.00099945, weight distance: 0.0088 (universal rank: 33902)
2025-09-16 09:40:54,572 - INFO - 
=== Training Example 110/1500: /home/projects/bagon/shared/imagenet512/val/n07579787/ILSVRC2012_val_00002221.JPEG ===
2025-09-16 09:41:49,333 - INFO - Example /home/projects/bagon/shared/imagenet512/val/n07579787/ILSVRC2012_val_00002221.JPEG reached epsilon at step 903, loss sum: 43.9697, final loss: 0.00099945, weight distance: 0.0063
2025-09-16 09:41:51,470 - INFO - Example 110 completed: 903 steps, loss sum: 43.9697, final loss: 0.00099945, weight distance: 0.0063 (universal rank: 33907)
2025-09-16 09:41:51,470 - INFO - 
=== Training Example 111/1500: /home/projects/bagon/shared/imagenet512/val/n03803284/ILSVRC2012_val_00042486.JPEG ===
2025-09-16 09:43:14,076 - INFO - Example /home/projects/bagon/shared/imagenet512/val/n03803284/ILSVRC2012_val_00042486.JPEG reached epsilon at step 1362, loss sum: 25.4436, final loss: 0.00098419, weight distance: 0.0076
2025-09-16 09:43:16,564 - INFO - Example 111 completed: 1362 steps, loss sum: 25.4436, final loss: 0.00098419, weight distance: 0.0076 (universal rank: 33940)
2025-09-16 09:43:16,564 - INFO - 
=== Training Example 112/1500: /home/projects/bagon/shared/imagenet512/val/n02071294/ILSVRC2012_val_00019118.JPEG ===
2025-09-16 09:45:18,224 - INFO - Example /home/projects/bagon/shared/imagenet512/val/n02071294/ILSVRC2012_val_00019118.JPEG reached epsilon at step 2003, loss sum: 24.0479, final loss: 0.00099945, weight distance: 0.0093
2025-09-16 09:45:20,404 - INFO - Example 112 completed: 2003 steps, loss sum: 24.0479, final loss: 0.00099945, weight distance: 0.0093 (universal rank: 33985)
2025-09-16 09:45:20,404 - INFO - 
=== Training Example 113/1500: /home/projects/bagon/shared/imagenet512/val/n04336792/ILSVRC2012_val_00026841.JPEG ===
2025-09-16 09:46:10,302 - INFO - Example /home/projects/bagon/shared/imagenet512/val/n04336792/ILSVRC2012_val_00026841.JPEG reached epsilon at step 819, loss sum: 20.6383, final loss: 0.00099945, weight distance: 0.0064
2025-09-16 09:46:12,846 - INFO - Example 113 completed: 819 steps, loss sum: 20.6383, final loss: 0.00099945, weight distance: 0.0064 (universal rank: 34027)
2025-09-16 09:46:12,846 - INFO - 
=== Training Example 114/1500: /home/projects/bagon/shared/imagenet512/val/n02099267/ILSVRC2012_val_00033206.JPEG ===
2025-09-16 09:47:38,947 - INFO - Example /home/projects/bagon/shared/imagenet512/val/n02099267/ILSVRC2012_val_00033206.JPEG reached epsilon at step 1420, loss sum: 111.9782, final loss: 0.00099945, weight distance: 0.0084
2025-09-16 09:47:41,410 - INFO - Example 114 completed: 1420 steps, loss sum: 111.9782, final loss: 0.00099945, weight distance: 0.0084 (universal rank: 34057)
2025-09-16 09:47:41,410 - INFO - 
=== Training Example 115/1500: /home/projects/bagon/shared/imagenet512/val/n03888605/ILSVRC2012_val_00011647.JPEG ===
2025-09-16 09:49:17,954 - INFO - Example /home/projects/bagon/shared/imagenet512/val/n03888605/ILSVRC2012_val_00011647.JPEG reached epsilon at step 1592, loss sum: 20.7323, final loss: 0.00096893, weight distance: 0.0084
2025-09-16 09:49:20,089 - INFO - Example 115 completed: 1592 steps, loss sum: 20.7323, final loss: 0.00096893, weight distance: 0.0084 (universal rank: 34061)
2025-09-16 09:49:20,089 - INFO - 
=== Training Example 116/1500: /home/projects/bagon/shared/imagenet512/val/n07248320/ILSVRC2012_val_00039318.JPEG ===
2025-09-16 09:50:00,168 - INFO - Example /home/projects/bagon/shared/imagenet512/val/n07248320/ILSVRC2012_val_00039318.JPEG reached epsilon at step 661, loss sum: 65.7530, final loss: 0.00099945, weight distance: 0.0055
2025-09-16 09:50:02,566 - INFO - Example 116 completed: 661 steps, loss sum: 65.7530, final loss: 0.00099945, weight distance: 0.0055 (universal rank: 34072)
2025-09-16 09:50:02,566 - INFO - 
=== Training Example 117/1500: /home/projects/bagon/shared/imagenet512/val/n12985857/ILSVRC2012_val_00011221.JPEG ===
2025-09-16 09:52:16,546 - INFO - Example /home/projects/bagon/shared/imagenet512/val/n12985857/ILSVRC2012_val_00011221.JPEG reached epsilon at step 2210, loss sum: 42.4916, final loss: 0.00099945, weight distance: 0.0092
2025-09-16 09:52:18,752 - INFO - Example 117 completed: 2210 steps, loss sum: 42.4916, final loss: 0.00099945, weight distance: 0.0092 (universal rank: 34077)
2025-09-16 09:52:18,752 - INFO - 
=== Training Example 118/1500: /home/projects/bagon/shared/imagenet512/val/n04398044/ILSVRC2012_val_00014880.JPEG ===
