2025-09-23 04:25:02,258 - INFO - Parsed arguments:
2025-09-23 04:25:02,258 - INFO -   amp_dtype = None
2025-09-23 04:25:02,258 - INFO -   bars_npy = /home/projects/bagon/andreyg/Projects/BMM_school/Universal_learning/Programming/bars/geq6wrong_21017_geq6correct_1525_imagenet.npy
2025-09-23 04:25:02,258 - INFO -   cka_layer_fraction = 0.05
2025-09-23 04:25:02,258 - INFO -   current_worker = 6
2025-09-23 04:25:02,258 - INFO -   deterministic = True
2025-09-23 04:25:02,258 - INFO -   device = cuda
2025-09-23 04:25:02,259 - INFO -   epsilon = 0.001
2025-09-23 04:25:02,259 - INFO -   examples_csv = /home/projects/bagon/andreyg/Projects/BMM_school/Universal_learning/Programming/bars/geq6wrong_21017_geq6correct_1525_imagenet_examples_ammended.csv
2025-09-23 04:25:02,259 - INFO -   explicit_examples_for_training = None
2025-09-23 04:25:02,259 - INFO -   grad_clip_norm = 1.0
2025-09-23 04:25:02,259 - INFO -   hierarchy_json = /home/projects/bagon/andreyg/Projects/BMM_school/Universal_learning/Programming/bars/imagenet_synset_hierarchy.json
2025-09-23 04:25:02,259 - INFO -   imagenet_models_csv = /home/projects/bagon/andreyg/Projects/BMM_school/Universal_learning/Programming/bars/imagenet_models.csv
2025-09-23 04:25:02,259 - INFO -   lr = 0.0001
2025-09-23 04:25:02,259 - INFO -   max_examples = 50000
2025-09-23 04:25:02,259 - INFO -   max_steps_per_example = 10000
2025-09-23 04:25:02,259 - INFO -   model_csv_name = mobilenetv3_small_075_224_lamb_imagenet_1k
2025-09-23 04:25:02,259 - INFO -   model_name = mobilenetv3_small_075.lamb_in1k
2025-09-23 04:25:02,259 - INFO -   no_amp = False
2025-09-23 04:25:02,259 - INFO -   num_workers = 8
2025-09-23 04:25:02,259 - INFO -   output_dir = /home/projects/bagon/andreyg/Projects/BMM_school/Universal_learning/Programming/training_gradient_evaluator_single_loss_parallel/output_parallel_8_workers_trial_2
2025-09-23 04:25:02,259 - INFO -   root_dir = None
2025-09-23 04:25:02,259 - INFO -   seed = 1337
2025-09-23 04:25:02,259 - INFO -   time_limit_seconds = 6300
2025-09-23 04:25:02,259 - INFO -   weight_decay = 0.0
2025-09-23 04:25:02,260 - INFO -   zero_aug_train = False
2025-09-23 04:25:02,981 - INFO - Loaded TIMM pretrained weights for mobilenetv3_small_075.lamb_in1k
2025-09-23 04:25:02,981 - INFO - pretrained_cfg.url=https://github.com/rwightman/pytorch-image-models/releases/download/v0.1-weights/mobilenetv3_small_075_lambc-384766db.pth hf_hub_id=timm/mobilenetv3_small_075.lamb_in1k
2025-09-23 04:25:03,288 - INFO - Training configuration:
2025-09-23 04:25:03,289 - INFO -   lr = 0.0001
2025-09-23 04:25:03,289 - INFO -   weight_decay = 0.0
2025-09-23 04:25:03,289 - INFO -   max_steps = 10000
2025-09-23 04:25:03,289 - INFO -   epsilon = 0.001
2025-09-23 04:25:03,289 - INFO -   device = cuda
2025-09-23 04:25:03,289 - INFO -   use_amp = True
2025-09-23 04:25:03,289 - INFO -   amp_dtype = None
2025-09-23 04:25:03,289 - INFO -   gradient_clip_norm = 1.0
2025-09-23 04:26:57,827 - INFO - Example /home/projects/bagon/shared/imagenet512/val/n07684084/ILSVRC2012_val_00001315.JPEG reached epsilon at step 3456, loss sum: 1237.5781, final loss: 0.00099945, weight distance: 0.1096
2025-09-23 04:28:53,252 - INFO - Example /home/projects/bagon/shared/imagenet512/val/n02027492/ILSVRC2012_val_00022207.JPEG reached epsilon at step 3599, loss sum: 253.3625, final loss: 0.00099945, weight distance: 0.0876
2025-09-23 04:31:45,536 - INFO - Example /home/projects/bagon/shared/imagenet512/val/n02837789/ILSVRC2012_val_00030509.JPEG reached epsilon at step 5406, loss sum: 539.9048, final loss: 0.00099754, weight distance: 0.1044
2025-09-23 04:34:01,566 - INFO - Example /home/projects/bagon/shared/imagenet512/val/n04597913/ILSVRC2012_val_00041600.JPEG reached epsilon at step 4115, loss sum: 1741.5229, final loss: 0.00099754, weight distance: 0.1361
2025-09-23 04:34:49,267 - INFO - Example /home/projects/bagon/shared/imagenet512/val/n03126707/ILSVRC2012_val_00022837.JPEG reached epsilon at step 1395, loss sum: 349.1789, final loss: 0.00099850, weight distance: 0.0483
2025-09-23 04:36:19,685 - INFO - Example /home/projects/bagon/shared/imagenet512/val/n02795169/ILSVRC2012_val_00014520.JPEG reached epsilon at step 2605, loss sum: 442.3136, final loss: 0.00099659, weight distance: 0.0766
2025-09-23 04:36:57,483 - INFO - Example /home/projects/bagon/shared/imagenet512/val/n03992509/ILSVRC2012_val_00024380.JPEG reached epsilon at step 1177, loss sum: 928.4575, final loss: 0.00099850, weight distance: 0.0527
2025-09-23 04:37:57,744 - INFO - Example /home/projects/bagon/shared/imagenet512/val/n07684084/ILSVRC2012_val_00006367.JPEG reached epsilon at step 1865, loss sum: 244.4834, final loss: 0.00099659, weight distance: 0.0598
2025-09-23 04:38:56,232 - INFO - Example /home/projects/bagon/shared/imagenet512/val/n04040759/ILSVRC2012_val_00015712.JPEG reached epsilon at step 1795, loss sum: 692.0193, final loss: 0.00099945, weight distance: 0.0734
2025-09-23 04:39:59,060 - INFO - Example /home/projects/bagon/shared/imagenet512/val/n02115641/ILSVRC2012_val_00033743.JPEG reached epsilon at step 1938, loss sum: 189.5947, final loss: 0.00099277, weight distance: 0.0686
2025-09-23 04:41:33,485 - INFO - Example /home/projects/bagon/shared/imagenet512/val/n02087046/ILSVRC2012_val_00005639.JPEG reached epsilon at step 2948, loss sum: 133.0868, final loss: 0.00099468, weight distance: 0.0734
2025-09-23 04:43:50,188 - INFO - Example /home/projects/bagon/shared/imagenet512/val/n02089078/ILSVRC2012_val_00019462.JPEG reached epsilon at step 4255, loss sum: 521.1971, final loss: 0.00099945, weight distance: 0.0902
2025-09-23 04:45:57,088 - INFO - Example /home/projects/bagon/shared/imagenet512/val/n03930630/ILSVRC2012_val_00049789.JPEG reached epsilon at step 3886, loss sum: 70.7765, final loss: 0.00099659, weight distance: 0.0687
2025-09-23 04:47:53,313 - INFO - Example /home/projects/bagon/shared/imagenet512/val/n01739381/ILSVRC2012_val_00036082.JPEG reached epsilon at step 3596, loss sum: 494.6078, final loss: 0.00099945, weight distance: 0.0871
2025-09-23 04:49:36,327 - INFO - Example /home/projects/bagon/shared/imagenet512/val/n02097474/ILSVRC2012_val_00023469.JPEG reached epsilon at step 3175, loss sum: 166.7257, final loss: 0.00098801, weight distance: 0.0907
2025-09-23 04:52:35,377 - INFO - Example /home/projects/bagon/shared/imagenet512/val/n03710637/ILSVRC2012_val_00015042.JPEG reached epsilon at step 5585, loss sum: 259.3881, final loss: 0.00099564, weight distance: 0.1374
2025-09-23 04:55:02,544 - INFO - Example /home/projects/bagon/shared/imagenet512/val/n02815834/ILSVRC2012_val_00005508.JPEG reached epsilon at step 4542, loss sum: 1368.3428, final loss: 0.00099850, weight distance: 0.1219
2025-09-23 04:57:15,229 - INFO - Example /home/projects/bagon/shared/imagenet512/val/n03775071/ILSVRC2012_val_00008503.JPEG reached epsilon at step 4095, loss sum: 763.3135, final loss: 0.00099945, weight distance: 0.0987
2025-09-23 04:59:15,523 - INFO - Example /home/projects/bagon/shared/imagenet512/val/n03089624/ILSVRC2012_val_00006745.JPEG reached epsilon at step 3738, loss sum: 442.3355, final loss: 0.00099850, weight distance: 0.0974
2025-09-23 05:01:19,500 - INFO - Example /home/projects/bagon/shared/imagenet512/val/n01697457/ILSVRC2012_val_00013072.JPEG reached epsilon at step 3736, loss sum: 323.1362, final loss: 0.00099945, weight distance: 0.0933
2025-09-23 05:02:11,739 - INFO - Example /home/projects/bagon/shared/imagenet512/val/n04141975/ILSVRC2012_val_00013746.JPEG reached epsilon at step 1614, loss sum: 1676.6736, final loss: 0.00099850, weight distance: 0.0787
2025-09-23 05:03:12,569 - INFO - Example /home/projects/bagon/shared/imagenet512/val/n04238763/ILSVRC2012_val_00026669.JPEG reached epsilon at step 1879, loss sum: 973.1264, final loss: 0.00099754, weight distance: 0.0766
2025-09-23 05:04:49,462 - INFO - Example /home/projects/bagon/shared/imagenet512/val/n04127249/ILSVRC2012_val_00047947.JPEG reached epsilon at step 3009, loss sum: 2191.0337, final loss: 0.00099564, weight distance: 0.1105
2025-09-23 05:05:41,744 - INFO - Example /home/projects/bagon/shared/imagenet512/val/n13054560/ILSVRC2012_val_00048003.JPEG reached epsilon at step 1614, loss sum: 692.0880, final loss: 0.00099850, weight distance: 0.0717
2025-09-23 05:06:59,220 - INFO - Example /home/projects/bagon/shared/imagenet512/val/n02114367/ILSVRC2012_val_00015465.JPEG reached epsilon at step 2400, loss sum: 687.7349, final loss: 0.00099945, weight distance: 0.0716
2025-09-23 05:07:47,123 - INFO - Example /home/projects/bagon/shared/imagenet512/val/n07716906/ILSVRC2012_val_00014623.JPEG reached epsilon at step 1472, loss sum: 130.0478, final loss: 0.00099945, weight distance: 0.0424
2025-09-23 05:09:39,673 - INFO - Example /home/projects/bagon/shared/imagenet512/val/n01665541/ILSVRC2012_val_00010843.JPEG reached epsilon at step 3494, loss sum: 678.4333, final loss: 0.00099754, weight distance: 0.1017
2025-09-23 05:11:27,059 - INFO - Example /home/projects/bagon/shared/imagenet512/val/n04560804/ILSVRC2012_val_00013956.JPEG reached epsilon at step 3345, loss sum: 300.6024, final loss: 0.00099564, weight distance: 0.0906
