2025-09-23 04:25:06,589 - INFO - Parsed arguments:
2025-09-23 04:25:06,589 - INFO -   amp_dtype = None
2025-09-23 04:25:06,589 - INFO -   bars_npy = /home/projects/bagon/andreyg/Projects/BMM_school/Universal_learning/Programming/bars/geq6wrong_21017_geq6correct_1525_imagenet.npy
2025-09-23 04:25:06,589 - INFO -   cka_layer_fraction = 0.05
2025-09-23 04:25:06,589 - INFO -   current_worker = 7
2025-09-23 04:25:06,589 - INFO -   deterministic = True
2025-09-23 04:25:06,589 - INFO -   device = cuda
2025-09-23 04:25:06,589 - INFO -   epsilon = 0.001
2025-09-23 04:25:06,589 - INFO -   examples_csv = /home/projects/bagon/andreyg/Projects/BMM_school/Universal_learning/Programming/bars/geq6wrong_21017_geq6correct_1525_imagenet_examples_ammended.csv
2025-09-23 04:25:06,589 - INFO -   explicit_examples_for_training = None
2025-09-23 04:25:06,589 - INFO -   grad_clip_norm = 1.0
2025-09-23 04:25:06,589 - INFO -   hierarchy_json = /home/projects/bagon/andreyg/Projects/BMM_school/Universal_learning/Programming/bars/imagenet_synset_hierarchy.json
2025-09-23 04:25:06,589 - INFO -   imagenet_models_csv = /home/projects/bagon/andreyg/Projects/BMM_school/Universal_learning/Programming/bars/imagenet_models.csv
2025-09-23 04:25:06,589 - INFO -   lr = 0.0001
2025-09-23 04:25:06,589 - INFO -   max_examples = 50000
2025-09-23 04:25:06,589 - INFO -   max_steps_per_example = 10000
2025-09-23 04:25:06,589 - INFO -   model_csv_name = mobilenetv3_small_075_224_lamb_imagenet_1k
2025-09-23 04:25:06,589 - INFO -   model_name = mobilenetv3_small_075.lamb_in1k
2025-09-23 04:25:06,589 - INFO -   no_amp = False
2025-09-23 04:25:06,589 - INFO -   num_workers = 8
2025-09-23 04:25:06,589 - INFO -   output_dir = /home/projects/bagon/andreyg/Projects/BMM_school/Universal_learning/Programming/training_gradient_evaluator_single_loss_parallel/output_parallel_8_workers_trial_2
2025-09-23 04:25:06,589 - INFO -   root_dir = None
2025-09-23 04:25:06,589 - INFO -   seed = 1337
2025-09-23 04:25:06,590 - INFO -   time_limit_seconds = 6300
2025-09-23 04:25:06,590 - INFO -   weight_decay = 0.0
2025-09-23 04:25:06,590 - INFO -   zero_aug_train = False
2025-09-23 04:25:07,198 - INFO - Loaded TIMM pretrained weights for mobilenetv3_small_075.lamb_in1k
2025-09-23 04:25:07,198 - INFO - pretrained_cfg.url=https://github.com/rwightman/pytorch-image-models/releases/download/v0.1-weights/mobilenetv3_small_075_lambc-384766db.pth hf_hub_id=timm/mobilenetv3_small_075.lamb_in1k
2025-09-23 04:25:07,478 - INFO - Training configuration:
2025-09-23 04:25:07,478 - INFO -   lr = 0.0001
2025-09-23 04:25:07,478 - INFO -   weight_decay = 0.0
2025-09-23 04:25:07,478 - INFO -   max_steps = 10000
2025-09-23 04:25:07,478 - INFO -   epsilon = 0.001
2025-09-23 04:25:07,478 - INFO -   device = cuda
2025-09-23 04:25:07,478 - INFO -   use_amp = True
2025-09-23 04:25:07,478 - INFO -   amp_dtype = None
2025-09-23 04:25:07,478 - INFO -   gradient_clip_norm = 1.0
2025-09-23 04:27:00,880 - INFO - Example /home/projects/bagon/shared/imagenet512/val/n09421951/ILSVRC2012_val_00005236.JPEG reached epsilon at step 3430, loss sum: 128.1224, final loss: 0.00099945, weight distance: 0.0670
2025-09-23 04:28:53,635 - INFO - Example /home/projects/bagon/shared/imagenet512/val/n03400231/ILSVRC2012_val_00020087.JPEG reached epsilon at step 3566, loss sum: 244.2948, final loss: 0.00099564, weight distance: 0.0919
2025-09-23 04:31:01,578 - INFO - Example /home/projects/bagon/shared/imagenet512/val/n04133789/ILSVRC2012_val_00038588.JPEG reached epsilon at step 4051, loss sum: 606.9614, final loss: 0.00099850, weight distance: 0.0952
2025-09-23 04:32:15,459 - INFO - Example /home/projects/bagon/shared/imagenet512/val/n02786058/ILSVRC2012_val_00044252.JPEG reached epsilon at step 2333, loss sum: 376.5596, final loss: 0.00099659, weight distance: 0.0599
2025-09-23 04:36:54,014 - INFO - Example /home/projects/bagon/shared/imagenet512/val/n02708093/ILSVRC2012_val_00031694.JPEG reached epsilon at step 8817, loss sum: 1011.2441, final loss: 0.00099945, weight distance: 0.1707
2025-09-23 04:38:35,684 - INFO - Example /home/projects/bagon/shared/imagenet512/val/n04591713/ILSVRC2012_val_00040198.JPEG reached epsilon at step 3203, loss sum: 2024.5746, final loss: 0.00099373, weight distance: 0.1169
2025-09-23 04:42:40,315 - INFO - Example /home/projects/bagon/shared/imagenet512/val/n07579787/ILSVRC2012_val_00039992.JPEG reached epsilon at step 7771, loss sum: 464.5237, final loss: 0.00099754, weight distance: 0.1403
2025-09-23 04:43:57,183 - INFO - Example /home/projects/bagon/shared/imagenet512/val/n03642806/ILSVRC2012_val_00000151.JPEG reached epsilon at step 2434, loss sum: 259.1552, final loss: 0.00099659, weight distance: 0.0796
2025-09-23 04:47:27,299 - INFO - Example /home/projects/bagon/shared/imagenet512/val/n02391049/ILSVRC2012_val_00048670.JPEG reached epsilon at step 6683, loss sum: 90.5675, final loss: 0.00099945, weight distance: 0.0931
2025-09-23 04:50:19,808 - INFO - Example /home/projects/bagon/shared/imagenet512/val/n04008634/ILSVRC2012_val_00028671.JPEG reached epsilon at step 5456, loss sum: 507.5891, final loss: 0.00099468, weight distance: 0.1075
2025-09-23 04:52:13,192 - INFO - Example /home/projects/bagon/shared/imagenet512/val/n03594734/ILSVRC2012_val_00039172.JPEG reached epsilon at step 3606, loss sum: 1205.6860, final loss: 0.00099373, weight distance: 0.1267
2025-09-23 04:54:42,549 - INFO - Example /home/projects/bagon/shared/imagenet512/val/n01739381/ILSVRC2012_val_00001108.JPEG reached epsilon at step 4741, loss sum: 1924.0741, final loss: 0.00099659, weight distance: 0.1389
2025-09-23 04:55:42,051 - INFO - Example /home/projects/bagon/shared/imagenet512/val/n03127747/ILSVRC2012_val_00025383.JPEG reached epsilon at step 1873, loss sum: 841.7028, final loss: 0.00099564, weight distance: 0.0750
2025-09-23 04:58:09,530 - INFO - Example /home/projects/bagon/shared/imagenet512/val/n01641577/ILSVRC2012_val_00032916.JPEG reached epsilon at step 4671, loss sum: 1543.6748, final loss: 0.00099754, weight distance: 0.1095
2025-09-23 04:59:10,351 - INFO - Example /home/projects/bagon/shared/imagenet512/val/n02087046/ILSVRC2012_val_00037669.JPEG reached epsilon at step 1910, loss sum: 306.9647, final loss: 0.00099754, weight distance: 0.0617
2025-09-23 05:01:13,705 - INFO - Example /home/projects/bagon/shared/imagenet512/val/n13133613/ILSVRC2012_val_00032363.JPEG reached epsilon at step 3902, loss sum: 177.9542, final loss: 0.00099850, weight distance: 0.0793
2025-09-23 05:02:35,680 - INFO - Example /home/projects/bagon/shared/imagenet512/val/n02097047/ILSVRC2012_val_00026097.JPEG reached epsilon at step 2577, loss sum: 221.7485, final loss: 0.00098991, weight distance: 0.0782
2025-09-23 05:04:10,662 - INFO - Example /home/projects/bagon/shared/imagenet512/val/n02095570/ILSVRC2012_val_00002773.JPEG reached epsilon at step 2994, loss sum: 519.0455, final loss: 0.00099564, weight distance: 0.1016
2025-09-23 05:06:11,350 - INFO - Example /home/projects/bagon/shared/imagenet512/val/n04067472/ILSVRC2012_val_00034956.JPEG reached epsilon at step 3808, loss sum: 2893.2859, final loss: 0.00099945, weight distance: 0.1330
2025-09-23 05:09:52,329 - INFO - Example /home/projects/bagon/shared/imagenet512/val/n04335435/ILSVRC2012_val_00036805.JPEG reached epsilon at step 6991, loss sum: 742.8178, final loss: 0.00099373, weight distance: 0.1195
2025-09-23 05:11:13,261 - INFO - Example /home/projects/bagon/shared/imagenet512/val/n02894605/ILSVRC2012_val_00016324.JPEG reached epsilon at step 2562, loss sum: 974.0162, final loss: 0.00099373, weight distance: 0.0995
