2025-09-23 03:44:10,670 - INFO - Parsed arguments:
2025-09-23 03:44:10,670 - INFO -   amp_dtype = None
2025-09-23 03:44:10,670 - INFO -   bars_npy = /home/projects/bagon/andreyg/Projects/BMM_school/Universal_learning/Programming/bars/geq6wrong_21017_geq6correct_1525_imagenet.npy
2025-09-23 03:44:10,670 - INFO -   cka_layer_fraction = 0.05
2025-09-23 03:44:10,670 - INFO -   current_worker = 0
2025-09-23 03:44:10,670 - INFO -   deterministic = True
2025-09-23 03:44:10,670 - INFO -   device = cuda
2025-09-23 03:44:10,670 - INFO -   epsilon = 0.001
2025-09-23 03:44:10,670 - INFO -   examples_csv = /home/projects/bagon/andreyg/Projects/BMM_school/Universal_learning/Programming/bars/geq6wrong_21017_geq6correct_1525_imagenet_examples_ammended.csv
2025-09-23 03:44:10,670 - INFO -   explicit_examples_for_training = None
2025-09-23 03:44:10,670 - INFO -   grad_clip_norm = 1.0
2025-09-23 03:44:10,670 - INFO -   hierarchy_json = /home/projects/bagon/andreyg/Projects/BMM_school/Universal_learning/Programming/bars/imagenet_synset_hierarchy.json
2025-09-23 03:44:10,670 - INFO -   imagenet_models_csv = /home/projects/bagon/andreyg/Projects/BMM_school/Universal_learning/Programming/bars/imagenet_models.csv
2025-09-23 03:44:10,670 - INFO -   lr = 0.0001
2025-09-23 03:44:10,670 - INFO -   max_examples = 50000
2025-09-23 03:44:10,670 - INFO -   max_steps_per_example = 10000
2025-09-23 03:44:10,670 - INFO -   model_csv_name = mobilenetv3_small_075_224_lamb_imagenet_1k
2025-09-23 03:44:10,670 - INFO -   model_name = mobilenetv3_small_075.lamb_in1k
2025-09-23 03:44:10,670 - INFO -   no_amp = False
2025-09-23 03:44:10,670 - INFO -   num_workers = 8
2025-09-23 03:44:10,670 - INFO -   output_dir = /home/projects/bagon/andreyg/Projects/BMM_school/Universal_learning/Programming/training_gradient_evaluator_single_loss_parallel/output_parallel_8_workers_trial_2
2025-09-23 03:44:10,670 - INFO -   root_dir = None
2025-09-23 03:44:10,670 - INFO -   seed = 1337
2025-09-23 03:44:10,670 - INFO -   time_limit_seconds = 6300
2025-09-23 03:44:10,670 - INFO -   weight_decay = 0.0
2025-09-23 03:44:10,670 - INFO -   zero_aug_train = False
2025-09-23 03:44:11,370 - INFO - Loaded TIMM pretrained weights for mobilenetv3_small_075.lamb_in1k
2025-09-23 03:44:11,370 - INFO - pretrained_cfg.url=https://github.com/rwightman/pytorch-image-models/releases/download/v0.1-weights/mobilenetv3_small_075_lambc-384766db.pth hf_hub_id=timm/mobilenetv3_small_075.lamb_in1k
2025-09-23 03:44:11,650 - INFO - Training configuration:
2025-09-23 03:44:11,650 - INFO -   lr = 0.0001
2025-09-23 03:44:11,650 - INFO -   weight_decay = 0.0
2025-09-23 03:44:11,650 - INFO -   max_steps = 10000
2025-09-23 03:44:11,650 - INFO -   epsilon = 0.001
2025-09-23 03:44:11,650 - INFO -   device = cuda
2025-09-23 03:44:11,650 - INFO -   use_amp = True
2025-09-23 03:44:11,650 - INFO -   amp_dtype = None
2025-09-23 03:44:11,650 - INFO -   gradient_clip_norm = 1.0
2025-09-23 03:44:15,759 - INFO - CKA layer subset: selecting 4/88 layers (~5%)
2025-09-23 03:44:54,578 - INFO - Example /home/projects/bagon/shared/imagenet512/val/n02077923/ILSVRC2012_val_00003335.JPEG reached epsilon at step 1175, loss sum: 41.8875, final loss: 0.00099564, weight distance: 0.0396
2025-09-23 03:46:49,456 - INFO - Example /home/projects/bagon/shared/imagenet512/val/n02279972/ILSVRC2012_val_00046412.JPEG reached epsilon at step 3655, loss sum: 657.1541, final loss: 0.00099945, weight distance: 0.1004
2025-09-23 03:47:50,441 - INFO - Example /home/projects/bagon/shared/imagenet512/val/n01582220/ILSVRC2012_val_00018250.JPEG reached epsilon at step 1939, loss sum: 110.0556, final loss: 0.00099945, weight distance: 0.0537
2025-09-23 03:48:19,929 - INFO - Example /home/projects/bagon/shared/imagenet512/val/n04033901/ILSVRC2012_val_00014789.JPEG reached epsilon at step 936, loss sum: 293.4431, final loss: 0.00099659, weight distance: 0.0413
2025-09-23 03:49:39,308 - INFO - Example /home/projects/bagon/shared/imagenet512/val/n02017213/ILSVRC2012_val_00006192.JPEG reached epsilon at step 2549, loss sum: 587.2856, final loss: 0.00099277, weight distance: 0.0942
2025-09-23 03:51:26,134 - INFO - Example /home/projects/bagon/shared/imagenet512/val/n02978881/ILSVRC2012_val_00014829.JPEG reached epsilon at step 3415, loss sum: 656.3773, final loss: 0.00099754, weight distance: 0.1041
2025-09-23 03:52:30,585 - INFO - Example /home/projects/bagon/shared/imagenet512/val/n04326547/ILSVRC2012_val_00033487.JPEG reached epsilon at step 2018, loss sum: 186.1569, final loss: 0.00099850, weight distance: 0.0635
2025-09-23 03:53:45,588 - INFO - Example /home/projects/bagon/shared/imagenet512/val/n04067472/ILSVRC2012_val_00038147.JPEG reached epsilon at step 2397, loss sum: 1030.7838, final loss: 0.00099850, weight distance: 0.0949
2025-09-23 03:54:31,238 - INFO - Example /home/projects/bagon/shared/imagenet512/val/n03250847/ILSVRC2012_val_00029445.JPEG reached epsilon at step 1457, loss sum: 107.9367, final loss: 0.00099945, weight distance: 0.0537
2025-09-23 03:55:23,950 - INFO - Example /home/projects/bagon/shared/imagenet512/val/n02317335/ILSVRC2012_val_00021742.JPEG reached epsilon at step 1682, loss sum: 512.5636, final loss: 0.00099945, weight distance: 0.0735
2025-09-23 03:55:45,981 - INFO - Example /home/projects/bagon/shared/imagenet512/val/n03794056/ILSVRC2012_val_00009087.JPEG reached epsilon at step 656, loss sum: 120.0084, final loss: 0.00099087, weight distance: 0.0316
2025-09-23 03:56:45,757 - INFO - Example /home/projects/bagon/shared/imagenet512/val/n03891332/ILSVRC2012_val_00039367.JPEG reached epsilon at step 1896, loss sum: 158.0426, final loss: 0.00099754, weight distance: 0.0703
2025-09-23 03:57:38,989 - INFO - Example /home/projects/bagon/shared/imagenet512/val/n01695060/ILSVRC2012_val_00017497.JPEG reached epsilon at step 1690, loss sum: 690.7719, final loss: 0.00099659, weight distance: 0.0710
2025-09-23 03:58:23,193 - INFO - Example /home/projects/bagon/shared/imagenet512/val/n01877812/ILSVRC2012_val_00031435.JPEG reached epsilon at step 1403, loss sum: 204.1812, final loss: 0.00099850, weight distance: 0.0584
2025-09-23 03:59:10,515 - INFO - Example /home/projects/bagon/shared/imagenet512/val/n01677366/ILSVRC2012_val_00001802.JPEG reached epsilon at step 1502, loss sum: 1066.3472, final loss: 0.00099659, weight distance: 0.0690
2025-09-23 04:00:07,441 - INFO - Example /home/projects/bagon/shared/imagenet512/val/n02018207/ILSVRC2012_val_00009270.JPEG reached epsilon at step 1813, loss sum: 442.2511, final loss: 0.00099850, weight distance: 0.0759
2025-09-23 04:04:57,276 - INFO - Example /home/projects/bagon/shared/imagenet512/val/n02109961/ILSVRC2012_val_00024818.JPEG reached epsilon at step 9321, loss sum: 229.2724, final loss: 0.00099945, weight distance: 0.1353
2025-09-23 04:05:29,006 - INFO - Example /home/projects/bagon/shared/imagenet512/val/n03876231/ILSVRC2012_val_00012756.JPEG reached epsilon at step 1000, loss sum: 141.6551, final loss: 0.00098991, weight distance: 0.0453
2025-09-23 04:05:59,168 - INFO - Example /home/projects/bagon/shared/imagenet512/val/n04347754/ILSVRC2012_val_00033895.JPEG reached epsilon at step 952, loss sum: 159.6439, final loss: 0.00099850, weight distance: 0.0512
2025-09-23 04:07:25,860 - INFO - Example /home/projects/bagon/shared/imagenet512/val/n01981276/ILSVRC2012_val_00037684.JPEG reached epsilon at step 2777, loss sum: 492.9797, final loss: 0.00099087, weight distance: 0.0824
2025-09-23 04:08:51,864 - INFO - Example /home/projects/bagon/shared/imagenet512/val/n04579432/ILSVRC2012_val_00044828.JPEG reached epsilon at step 2746, loss sum: 126.4516, final loss: 0.00099945, weight distance: 0.0694
2025-09-23 04:09:46,326 - INFO - Example /home/projects/bagon/shared/imagenet512/val/n07760859/ILSVRC2012_val_00002336.JPEG reached epsilon at step 1732, loss sum: 520.6951, final loss: 0.00099468, weight distance: 0.0659
2025-09-23 04:10:22,224 - INFO - Example /home/projects/bagon/shared/imagenet512/val/n04310018/ILSVRC2012_val_00002603.JPEG reached epsilon at step 1124, loss sum: 82.8053, final loss: 0.00099659, weight distance: 0.0506
2025-09-23 04:11:44,194 - INFO - Example /home/projects/bagon/shared/imagenet512/val/n02111129/ILSVRC2012_val_00042400.JPEG reached epsilon at step 2536, loss sum: 76.7871, final loss: 0.00099754, weight distance: 0.0502
2025-09-23 04:12:40,418 - INFO - Example /home/projects/bagon/shared/imagenet512/val/n07693725/ILSVRC2012_val_00049796.JPEG reached epsilon at step 1786, loss sum: 241.0015, final loss: 0.00099945, weight distance: 0.0694
2025-09-23 04:13:44,014 - INFO - Example /home/projects/bagon/shared/imagenet512/val/n01945685/ILSVRC2012_val_00002720.JPEG reached epsilon at step 2009, loss sum: 368.7020, final loss: 0.00099945, weight distance: 0.0620
2025-09-23 04:15:44,098 - INFO - Example /home/projects/bagon/shared/imagenet512/val/n04065272/ILSVRC2012_val_00016511.JPEG reached epsilon at step 3842, loss sum: 239.0003, final loss: 0.00099945, weight distance: 0.0784
2025-09-23 04:16:21,683 - INFO - Example /home/projects/bagon/shared/imagenet512/val/n01735189/ILSVRC2012_val_00011210.JPEG reached epsilon at step 1164, loss sum: 81.8496, final loss: 0.00099945, weight distance: 0.0489
2025-09-23 04:17:01,157 - INFO - Example /home/projects/bagon/shared/imagenet512/val/n03240683/ILSVRC2012_val_00025774.JPEG reached epsilon at step 1259, loss sum: 19.3903, final loss: 0.00099373, weight distance: 0.0406
2025-09-23 04:17:48,925 - INFO - Example /home/projects/bagon/shared/imagenet512/val/n04141327/ILSVRC2012_val_00045196.JPEG reached epsilon at step 1525, loss sum: 87.8533, final loss: 0.00099754, weight distance: 0.0537
2025-09-23 04:20:24,372 - INFO - Example /home/projects/bagon/shared/imagenet512/val/n02089078/ILSVRC2012_val_00025820.JPEG reached epsilon at step 4996, loss sum: 152.1953, final loss: 0.00099850, weight distance: 0.0924
2025-09-23 04:20:29,855 - INFO - Example /home/projects/bagon/shared/imagenet512/val/n04033901/ILSVRC2012_val_00001345.JPEG reached epsilon at step 148, loss sum: 33.3433, final loss: 0.00099850, weight distance: 0.0097
2025-09-23 04:21:05,164 - INFO - Example /home/projects/bagon/shared/imagenet512/val/n02437616/ILSVRC2012_val_00033984.JPEG reached epsilon at step 1111, loss sum: 120.3229, final loss: 0.00099945, weight distance: 0.0479
2025-09-23 04:22:24,997 - INFO - Example /home/projects/bagon/shared/imagenet512/val/n01630670/ILSVRC2012_val_00020393.JPEG reached epsilon at step 2552, loss sum: 445.4537, final loss: 0.00099945, weight distance: 0.0732
2025-09-23 04:24:29,560 - INFO - Example /home/projects/bagon/shared/imagenet512/val/n02110958/ILSVRC2012_val_00032117.JPEG reached epsilon at step 3996, loss sum: 254.7922, final loss: 0.00099659, weight distance: 0.0984
2025-09-23 04:24:48,209 - INFO - Example /home/projects/bagon/shared/imagenet512/val/n15075141/ILSVRC2012_val_00019558.JPEG reached epsilon at step 582, loss sum: 64.2654, final loss: 0.00099564, weight distance: 0.0298
2025-09-23 04:26:53,516 - INFO - Example /home/projects/bagon/shared/imagenet512/val/n04562935/ILSVRC2012_val_00019418.JPEG reached epsilon at step 4011, loss sum: 115.0001, final loss: 0.00099659, weight distance: 0.0792
2025-09-23 04:28:28,618 - INFO - Example /home/projects/bagon/shared/imagenet512/val/n02090721/ILSVRC2012_val_00020082.JPEG reached epsilon at step 3041, loss sum: 697.1007, final loss: 0.00099945, weight distance: 0.0961
2025-09-23 04:29:18,807 - INFO - Example /home/projects/bagon/shared/imagenet512/val/n03250847/ILSVRC2012_val_00021839.JPEG reached epsilon at step 1595, loss sum: 132.4964, final loss: 0.00099564, weight distance: 0.0611
2025-09-23 04:29:35,640 - INFO - Example /home/projects/bagon/shared/imagenet512/val/n04311174/ILSVRC2012_val_00036303.JPEG reached epsilon at step 512, loss sum: 29.6029, final loss: 0.00099945, weight distance: 0.0238
2025-09-23 04:31:28,036 - INFO - Example /home/projects/bagon/shared/imagenet512/val/n02088238/ILSVRC2012_val_00014024.JPEG reached epsilon at step 3582, loss sum: 118.1521, final loss: 0.00099945, weight distance: 0.0779
2025-09-23 04:31:51,110 - INFO - Example /home/projects/bagon/shared/imagenet512/val/n01943899/ILSVRC2012_val_00036272.JPEG reached epsilon at step 678, loss sum: 193.1794, final loss: 0.00099850, weight distance: 0.0389
2025-09-23 04:33:21,436 - INFO - Example /home/projects/bagon/shared/imagenet512/val/n04026417/ILSVRC2012_val_00011671.JPEG reached epsilon at step 2884, loss sum: 262.5785, final loss: 0.00099850, weight distance: 0.0754
2025-09-23 04:34:05,598 - INFO - Example /home/projects/bagon/shared/imagenet512/val/n04254680/ILSVRC2012_val_00005713.JPEG reached epsilon at step 1401, loss sum: 30.7986, final loss: 0.00099182, weight distance: 0.0364
2025-09-23 04:35:21,306 - INFO - Example /home/projects/bagon/shared/imagenet512/val/n07697313/ILSVRC2012_val_00018040.JPEG reached epsilon at step 2418, loss sum: 76.6002, final loss: 0.00099659, weight distance: 0.0637
2025-09-23 04:35:49,347 - INFO - Example /home/projects/bagon/shared/imagenet512/val/n01981276/ILSVRC2012_val_00012962.JPEG reached epsilon at step 886, loss sum: 84.1419, final loss: 0.00099754, weight distance: 0.0422
2025-09-23 04:36:34,573 - INFO - Example /home/projects/bagon/shared/imagenet512/val/n04371774/ILSVRC2012_val_00005871.JPEG reached epsilon at step 1435, loss sum: 137.9283, final loss: 0.00099945, weight distance: 0.0525
2025-09-23 04:36:57,657 - INFO - Example /home/projects/bagon/shared/imagenet512/val/n01632777/ILSVRC2012_val_00044504.JPEG reached epsilon at step 716, loss sum: 26.7120, final loss: 0.00098896, weight distance: 0.0303
2025-09-23 04:40:13,736 - INFO - Example /home/projects/bagon/shared/imagenet512/val/n03933933/ILSVRC2012_val_00000702.JPEG reached epsilon at step 6261, loss sum: 314.8733, final loss: 0.00099659, weight distance: 0.1278
2025-09-23 04:40:45,912 - INFO - Example /home/projects/bagon/shared/imagenet512/val/n04398044/ILSVRC2012_val_00049424.JPEG reached epsilon at step 1015, loss sum: 26.0468, final loss: 0.00099754, weight distance: 0.0413
2025-09-23 04:41:46,206 - INFO - Example /home/projects/bagon/shared/imagenet512/val/n03937543/ILSVRC2012_val_00036242.JPEG reached epsilon at step 1926, loss sum: 235.1766, final loss: 0.00099945, weight distance: 0.0617
2025-09-23 04:43:20,673 - INFO - Example /home/projects/bagon/shared/imagenet512/val/n01560419/ILSVRC2012_val_00042048.JPEG reached epsilon at step 3017, loss sum: 87.6632, final loss: 0.00099850, weight distance: 0.0764
2025-09-23 04:45:32,259 - INFO - Example /home/projects/bagon/shared/imagenet512/val/n03272562/ILSVRC2012_val_00023716.JPEG reached epsilon at step 4201, loss sum: 60.9347, final loss: 0.00099850, weight distance: 0.0657
2025-09-23 04:47:07,030 - INFO - Example /home/projects/bagon/shared/imagenet512/val/n04069434/ILSVRC2012_val_00037186.JPEG reached epsilon at step 3032, loss sum: 51.5909, final loss: 0.00099945, weight distance: 0.0653
2025-09-23 04:47:21,504 - INFO - Example /home/projects/bagon/shared/imagenet512/val/n03627232/ILSVRC2012_val_00019463.JPEG reached epsilon at step 447, loss sum: 5.7598, final loss: 0.00099754, weight distance: 0.0155
2025-09-23 04:48:06,295 - INFO - Example /home/projects/bagon/shared/imagenet512/val/n04398044/ILSVRC2012_val_00049748.JPEG reached epsilon at step 1423, loss sum: 77.8747, final loss: 0.00099945, weight distance: 0.0558
2025-09-23 04:48:32,051 - INFO - Example /home/projects/bagon/shared/imagenet512/val/n01704323/ILSVRC2012_val_00019894.JPEG reached epsilon at step 819, loss sum: 119.0063, final loss: 0.00099373, weight distance: 0.0366
2025-09-23 04:49:31,580 - INFO - Example /home/projects/bagon/shared/imagenet512/val/n01930112/ILSVRC2012_val_00020370.JPEG reached epsilon at step 1899, loss sum: 63.4810, final loss: 0.00099659, weight distance: 0.0483
2025-09-23 04:50:07,244 - INFO - Example /home/projects/bagon/shared/imagenet512/val/n02027492/ILSVRC2012_val_00001162.JPEG reached epsilon at step 1128, loss sum: 230.8496, final loss: 0.00099468, weight distance: 0.0448
2025-09-23 04:51:53,300 - INFO - Example /home/projects/bagon/shared/imagenet512/val/n02107683/ILSVRC2012_val_00011491.JPEG reached epsilon at step 3398, loss sum: 36.5379, final loss: 0.00099373, weight distance: 0.0537
2025-09-23 04:52:43,978 - INFO - Example /home/projects/bagon/shared/imagenet512/val/n02606052/ILSVRC2012_val_00006833.JPEG reached epsilon at step 1610, loss sum: 102.9466, final loss: 0.00099945, weight distance: 0.0440
2025-09-23 04:55:50,014 - INFO - Example /home/projects/bagon/shared/imagenet512/val/n04350905/ILSVRC2012_val_00013401.JPEG reached epsilon at step 5954, loss sum: 34.6787, final loss: 0.00099945, weight distance: 0.0879
2025-09-23 04:57:03,738 - INFO - Example /home/projects/bagon/shared/imagenet512/val/n03445777/ILSVRC2012_val_00046468.JPEG reached epsilon at step 2334, loss sum: 615.1467, final loss: 0.00099850, weight distance: 0.0741
2025-09-23 04:57:46,999 - INFO - Example /home/projects/bagon/shared/imagenet512/val/n04517823/ILSVRC2012_val_00038460.JPEG reached epsilon at step 1304, loss sum: 182.1502, final loss: 0.00099754, weight distance: 0.0548
2025-09-23 04:59:09,444 - INFO - Example /home/projects/bagon/shared/imagenet512/val/n03534580/ILSVRC2012_val_00042934.JPEG reached epsilon at step 2631, loss sum: 650.4081, final loss: 0.00099945, weight distance: 0.0722
2025-09-23 04:59:59,934 - INFO - Example /home/projects/bagon/shared/imagenet512/val/n02363005/ILSVRC2012_val_00003248.JPEG reached epsilon at step 1607, loss sum: 243.9351, final loss: 0.00099945, weight distance: 0.0437
2025-09-23 05:00:55,468 - INFO - Example /home/projects/bagon/shared/imagenet512/val/n04141975/ILSVRC2012_val_00040149.JPEG reached epsilon at step 1748, loss sum: 54.4009, final loss: 0.00099850, weight distance: 0.0582
2025-09-23 05:01:12,668 - INFO - Example /home/projects/bagon/shared/imagenet512/val/n09229709/ILSVRC2012_val_00027284.JPEG reached epsilon at step 535, loss sum: 59.7373, final loss: 0.00099087, weight distance: 0.0283
2025-09-23 05:01:41,790 - INFO - Example /home/projects/bagon/shared/imagenet512/val/n02105855/ILSVRC2012_val_00019764.JPEG reached epsilon at step 921, loss sum: 135.1941, final loss: 0.00099564, weight distance: 0.0381
2025-09-23 05:02:01,476 - INFO - Example /home/projects/bagon/shared/imagenet512/val/n02395406/ILSVRC2012_val_00023420.JPEG reached epsilon at step 612, loss sum: 40.0925, final loss: 0.00099564, weight distance: 0.0352
2025-09-23 05:03:12,073 - INFO - Example /home/projects/bagon/shared/imagenet512/val/n01770393/ILSVRC2012_val_00011236.JPEG reached epsilon at step 2254, loss sum: 752.7383, final loss: 0.00099945, weight distance: 0.0807
2025-09-23 05:04:01,374 - INFO - Example /home/projects/bagon/shared/imagenet512/val/n01494475/ILSVRC2012_val_00025627.JPEG reached epsilon at step 1568, loss sum: 160.4815, final loss: 0.00099754, weight distance: 0.0462
2025-09-23 05:05:45,695 - INFO - Example /home/projects/bagon/shared/imagenet512/val/n02033041/ILSVRC2012_val_00024093.JPEG reached epsilon at step 3333, loss sum: 133.9816, final loss: 0.00099850, weight distance: 0.0903
2025-09-23 05:06:46,025 - INFO - Example /home/projects/bagon/shared/imagenet512/val/n01944390/ILSVRC2012_val_00008002.JPEG reached epsilon at step 1922, loss sum: 471.3065, final loss: 0.00099754, weight distance: 0.0715
2025-09-23 05:07:39,572 - INFO - Example /home/projects/bagon/shared/imagenet512/val/n04458633/ILSVRC2012_val_00020813.JPEG reached epsilon at step 1709, loss sum: 178.9909, final loss: 0.00099754, weight distance: 0.0489
2025-09-23 05:08:10,136 - INFO - Example /home/projects/bagon/shared/imagenet512/val/n03347037/ILSVRC2012_val_00046746.JPEG reached epsilon at step 970, loss sum: 164.1621, final loss: 0.00099468, weight distance: 0.0359
2025-09-23 05:09:11,970 - INFO - Example /home/projects/bagon/shared/imagenet512/val/n01770393/ILSVRC2012_val_00005821.JPEG reached epsilon at step 1969, loss sum: 382.3164, final loss: 0.00099373, weight distance: 0.0715
2025-09-23 05:10:19,179 - INFO - Example /home/projects/bagon/shared/imagenet512/val/n02109047/ILSVRC2012_val_00006257.JPEG reached epsilon at step 2117, loss sum: 99.6260, final loss: 0.00099754, weight distance: 0.0512
2025-09-23 05:11:19,397 - INFO - Example /home/projects/bagon/shared/imagenet512/val/n01944390/ILSVRC2012_val_00036200.JPEG reached epsilon at step 1921, loss sum: 563.0749, final loss: 0.00099754, weight distance: 0.0822
