2025-09-23 04:15:39,350 - INFO - Parsed arguments:
2025-09-23 04:15:39,350 - INFO -   amp_dtype = None
2025-09-23 04:15:39,350 - INFO -   bars_npy = /home/projects/bagon/andreyg/Projects/BMM_school/Universal_learning/Programming/bars/geq6wrong_21017_geq6correct_1525_imagenet.npy
2025-09-23 04:15:39,350 - INFO -   cka_layer_fraction = 0.05
2025-09-23 04:15:39,350 - INFO -   current_worker = 2
2025-09-23 04:15:39,350 - INFO -   deterministic = True
2025-09-23 04:15:39,350 - INFO -   device = cuda
2025-09-23 04:15:39,350 - INFO -   epsilon = 0.001
2025-09-23 04:15:39,351 - INFO -   examples_csv = /home/projects/bagon/andreyg/Projects/BMM_school/Universal_learning/Programming/bars/geq6wrong_21017_geq6correct_1525_imagenet_examples_ammended.csv
2025-09-23 04:15:39,351 - INFO -   explicit_examples_for_training = None
2025-09-23 04:15:39,351 - INFO -   grad_clip_norm = 1.0
2025-09-23 04:15:39,351 - INFO -   hierarchy_json = /home/projects/bagon/andreyg/Projects/BMM_school/Universal_learning/Programming/bars/imagenet_synset_hierarchy.json
2025-09-23 04:15:39,351 - INFO -   imagenet_models_csv = /home/projects/bagon/andreyg/Projects/BMM_school/Universal_learning/Programming/bars/imagenet_models.csv
2025-09-23 04:15:39,351 - INFO -   lr = 0.0001
2025-09-23 04:15:39,351 - INFO -   max_examples = 50000
2025-09-23 04:15:39,351 - INFO -   max_steps_per_example = 10000
2025-09-23 04:15:39,351 - INFO -   model_csv_name = mobilenetv3_small_075_224_lamb_imagenet_1k
2025-09-23 04:15:39,351 - INFO -   model_name = mobilenetv3_small_075.lamb_in1k
2025-09-23 04:15:39,351 - INFO -   no_amp = False
2025-09-23 04:15:39,351 - INFO -   num_workers = 8
2025-09-23 04:15:39,351 - INFO -   output_dir = /home/projects/bagon/andreyg/Projects/BMM_school/Universal_learning/Programming/training_gradient_evaluator_single_loss_parallel/output_parallel_8_workers_trial_2
2025-09-23 04:15:39,351 - INFO -   root_dir = None
2025-09-23 04:15:39,351 - INFO -   seed = 1337
2025-09-23 04:15:39,351 - INFO -   time_limit_seconds = 6300
2025-09-23 04:15:39,351 - INFO -   weight_decay = 0.0
2025-09-23 04:15:39,351 - INFO -   zero_aug_train = False
2025-09-23 04:15:39,970 - INFO - Loaded TIMM pretrained weights for mobilenetv3_small_075.lamb_in1k
2025-09-23 04:15:39,970 - INFO - pretrained_cfg.url=https://github.com/rwightman/pytorch-image-models/releases/download/v0.1-weights/mobilenetv3_small_075_lambc-384766db.pth hf_hub_id=timm/mobilenetv3_small_075.lamb_in1k
2025-09-23 04:15:40,297 - INFO - Training configuration:
2025-09-23 04:15:40,297 - INFO -   lr = 0.0001
2025-09-23 04:15:40,297 - INFO -   weight_decay = 0.0
2025-09-23 04:15:40,297 - INFO -   max_steps = 10000
2025-09-23 04:15:40,297 - INFO -   epsilon = 0.001
2025-09-23 04:15:40,297 - INFO -   device = cuda
2025-09-23 04:15:40,297 - INFO -   use_amp = True
2025-09-23 04:15:40,297 - INFO -   amp_dtype = None
2025-09-23 04:15:40,297 - INFO -   gradient_clip_norm = 1.0
2025-09-23 04:16:35,590 - INFO - Example /home/projects/bagon/shared/imagenet512/val/n03344393/ILSVRC2012_val_00007731.JPEG reached epsilon at step 1454, loss sum: 188.0801, final loss: 0.00099945, weight distance: 0.0536
2025-09-23 04:17:49,647 - INFO - Example /home/projects/bagon/shared/imagenet512/val/n02776631/ILSVRC2012_val_00018541.JPEG reached epsilon at step 2248, loss sum: 270.5105, final loss: 0.00099945, weight distance: 0.0725
2025-09-23 04:19:45,725 - INFO - Example /home/projects/bagon/shared/imagenet512/val/n03887697/ILSVRC2012_val_00001833.JPEG reached epsilon at step 3459, loss sum: 404.0034, final loss: 0.00099945, weight distance: 0.0884
2025-09-23 04:20:31,574 - INFO - Example /home/projects/bagon/shared/imagenet512/val/n02115641/ILSVRC2012_val_00015821.JPEG reached epsilon at step 1346, loss sum: 101.7641, final loss: 0.00099468, weight distance: 0.0556
2025-09-23 04:21:42,181 - INFO - Example /home/projects/bagon/shared/imagenet512/val/n04326547/ILSVRC2012_val_00013359.JPEG reached epsilon at step 2138, loss sum: 91.2044, final loss: 0.00099945, weight distance: 0.0537
2025-09-23 04:22:35,654 - INFO - Example /home/projects/bagon/shared/imagenet512/val/n02095314/ILSVRC2012_val_00028758.JPEG reached epsilon at step 1616, loss sum: 110.5852, final loss: 0.00099945, weight distance: 0.0576
2025-09-23 04:25:00,925 - INFO - Example /home/projects/bagon/shared/imagenet512/val/n04325704/ILSVRC2012_val_00032034.JPEG reached epsilon at step 4426, loss sum: 338.0584, final loss: 0.00099564, weight distance: 0.1005
2025-09-23 04:26:02,027 - INFO - Example /home/projects/bagon/shared/imagenet512/val/n02346627/ILSVRC2012_val_00005716.JPEG reached epsilon at step 1857, loss sum: 430.7013, final loss: 0.00099850, weight distance: 0.0838
2025-09-23 04:28:45,328 - INFO - Example /home/projects/bagon/shared/imagenet512/val/n04560804/ILSVRC2012_val_00037427.JPEG reached epsilon at step 4992, loss sum: 654.5163, final loss: 0.00099850, weight distance: 0.1031
2025-09-23 04:32:19,189 - INFO - Example /home/projects/bagon/shared/imagenet512/val/n02443484/ILSVRC2012_val_00025162.JPEG reached epsilon at step 6543, loss sum: 176.7903, final loss: 0.00099850, weight distance: 0.0975
2025-09-23 04:34:15,854 - INFO - Example /home/projects/bagon/shared/imagenet512/val/n03791053/ILSVRC2012_val_00045153.JPEG reached epsilon at step 3575, loss sum: 163.7267, final loss: 0.00099945, weight distance: 0.0675
2025-09-23 04:37:39,272 - INFO - Example /home/projects/bagon/shared/imagenet512/val/n02422699/ILSVRC2012_val_00027625.JPEG reached epsilon at step 6201, loss sum: 325.4802, final loss: 0.00099945, weight distance: 0.1083
2025-09-23 04:38:37,350 - INFO - Example /home/projects/bagon/shared/imagenet512/val/n07590611/ILSVRC2012_val_00047564.JPEG reached epsilon at step 1756, loss sum: 40.3060, final loss: 0.00099945, weight distance: 0.0508
2025-09-23 04:41:11,424 - INFO - Example /home/projects/bagon/shared/imagenet512/val/n01807496/ILSVRC2012_val_00035476.JPEG reached epsilon at step 4716, loss sum: 121.2158, final loss: 0.00099945, weight distance: 0.0727
2025-09-23 04:42:29,874 - INFO - Example /home/projects/bagon/shared/imagenet512/val/n02056570/ILSVRC2012_val_00048024.JPEG reached epsilon at step 2388, loss sum: 1507.4007, final loss: 0.00099087, weight distance: 0.0998
2025-09-23 04:43:44,708 - INFO - Example /home/projects/bagon/shared/imagenet512/val/n04209133/ILSVRC2012_val_00041783.JPEG reached epsilon at step 2277, loss sum: 1748.7543, final loss: 0.00099468, weight distance: 0.1046
2025-09-23 04:46:52,338 - INFO - Example /home/projects/bagon/shared/imagenet512/val/n03633091/ILSVRC2012_val_00034861.JPEG reached epsilon at step 5732, loss sum: 998.1720, final loss: 0.00099754, weight distance: 0.1413
2025-09-23 04:47:10,638 - INFO - Example /home/projects/bagon/shared/imagenet512/val/n01784675/ILSVRC2012_val_00027076.JPEG reached epsilon at step 542, loss sum: 280.5377, final loss: 0.00099182, weight distance: 0.0347
2025-09-23 04:47:41,245 - INFO - Example /home/projects/bagon/shared/imagenet512/val/n11939491/ILSVRC2012_val_00030744.JPEG reached epsilon at step 924, loss sum: 4.5858, final loss: 0.00099754, weight distance: 0.0270
2025-09-23 04:48:45,572 - INFO - Example /home/projects/bagon/shared/imagenet512/val/n02085620/ILSVRC2012_val_00006892.JPEG reached epsilon at step 1965, loss sum: 429.0328, final loss: 0.00099754, weight distance: 0.0713
2025-09-23 04:49:38,799 - INFO - Example /home/projects/bagon/shared/imagenet512/val/n09229709/ILSVRC2012_val_00032251.JPEG reached epsilon at step 1618, loss sum: 628.1481, final loss: 0.00099850, weight distance: 0.0736
2025-09-23 04:51:57,478 - INFO - Example /home/projects/bagon/shared/imagenet512/val/n09193705/ILSVRC2012_val_00011234.JPEG reached epsilon at step 4244, loss sum: 201.8014, final loss: 0.00099564, weight distance: 0.0871
2025-09-23 04:52:56,592 - INFO - Example /home/projects/bagon/shared/imagenet512/val/n03868863/ILSVRC2012_val_00011676.JPEG reached epsilon at step 1791, loss sum: 919.7562, final loss: 0.00099754, weight distance: 0.0722
2025-09-23 04:54:38,650 - INFO - Example /home/projects/bagon/shared/imagenet512/val/n03388183/ILSVRC2012_val_00040940.JPEG reached epsilon at step 3112, loss sum: 385.5305, final loss: 0.00099182, weight distance: 0.0941
2025-09-23 04:56:11,020 - INFO - Example /home/projects/bagon/shared/imagenet512/val/n03733805/ILSVRC2012_val_00042993.JPEG reached epsilon at step 2819, loss sum: 491.1776, final loss: 0.00099564, weight distance: 0.0974
2025-09-23 04:57:02,542 - INFO - Example /home/projects/bagon/shared/imagenet512/val/n04127249/ILSVRC2012_val_00026816.JPEG reached epsilon at step 1548, loss sum: 163.2828, final loss: 0.00099659, weight distance: 0.0652
2025-09-23 04:59:14,642 - INFO - Example /home/projects/bagon/shared/imagenet512/val/n01632458/ILSVRC2012_val_00015091.JPEG reached epsilon at step 4033, loss sum: 651.7586, final loss: 0.00099277, weight distance: 0.1089
2025-09-23 05:00:08,955 - INFO - Example /home/projects/bagon/shared/imagenet512/val/n03843555/ILSVRC2012_val_00046519.JPEG reached epsilon at step 1658, loss sum: 830.9780, final loss: 0.00099754, weight distance: 0.0798
2025-09-23 05:01:28,842 - INFO - Example /home/projects/bagon/shared/imagenet512/val/n03255030/ILSVRC2012_val_00001045.JPEG reached epsilon at step 2427, loss sum: 206.2421, final loss: 0.00099850, weight distance: 0.0582
2025-09-23 05:03:08,259 - INFO - Example /home/projects/bagon/shared/imagenet512/val/n03482405/ILSVRC2012_val_00030554.JPEG reached epsilon at step 3039, loss sum: 206.4311, final loss: 0.00099373, weight distance: 0.0692
2025-09-23 05:04:43,767 - INFO - Example /home/projects/bagon/shared/imagenet512/val/n04579432/ILSVRC2012_val_00018732.JPEG reached epsilon at step 2901, loss sum: 185.0092, final loss: 0.00098801, weight distance: 0.0788
2025-09-23 05:05:42,526 - INFO - Example /home/projects/bagon/shared/imagenet512/val/n04456115/ILSVRC2012_val_00012862.JPEG reached epsilon at step 1784, loss sum: 164.0227, final loss: 0.00099945, weight distance: 0.0584
2025-09-23 05:07:45,694 - INFO - Example /home/projects/bagon/shared/imagenet512/val/n02107574/ILSVRC2012_val_00023799.JPEG reached epsilon at step 3756, loss sum: 107.9376, final loss: 0.00099659, weight distance: 0.0867
2025-09-23 05:10:33,484 - INFO - Example /home/projects/bagon/shared/imagenet512/val/n03216828/ILSVRC2012_val_00036521.JPEG reached epsilon at step 5098, loss sum: 210.0355, final loss: 0.00099754, weight distance: 0.1026
