2025-09-23 04:15:38,996 - INFO - Parsed arguments:
2025-09-23 04:15:38,996 - INFO -   amp_dtype = None
2025-09-23 04:15:38,996 - INFO -   bars_npy = /home/projects/bagon/andreyg/Projects/BMM_school/Universal_learning/Programming/bars/geq6wrong_21017_geq6correct_1525_imagenet.npy
2025-09-23 04:15:38,996 - INFO -   cka_layer_fraction = 0.05
2025-09-23 04:15:38,996 - INFO -   current_worker = 1
2025-09-23 04:15:38,997 - INFO -   deterministic = True
2025-09-23 04:15:38,997 - INFO -   device = cuda
2025-09-23 04:15:38,997 - INFO -   epsilon = 0.001
2025-09-23 04:15:38,997 - INFO -   examples_csv = /home/projects/bagon/andreyg/Projects/BMM_school/Universal_learning/Programming/bars/geq6wrong_21017_geq6correct_1525_imagenet_examples_ammended.csv
2025-09-23 04:15:38,997 - INFO -   explicit_examples_for_training = None
2025-09-23 04:15:38,997 - INFO -   grad_clip_norm = 1.0
2025-09-23 04:15:38,997 - INFO -   hierarchy_json = /home/projects/bagon/andreyg/Projects/BMM_school/Universal_learning/Programming/bars/imagenet_synset_hierarchy.json
2025-09-23 04:15:38,997 - INFO -   imagenet_models_csv = /home/projects/bagon/andreyg/Projects/BMM_school/Universal_learning/Programming/bars/imagenet_models.csv
2025-09-23 04:15:38,997 - INFO -   lr = 0.0001
2025-09-23 04:15:38,997 - INFO -   max_examples = 50000
2025-09-23 04:15:38,997 - INFO -   max_steps_per_example = 10000
2025-09-23 04:15:38,997 - INFO -   model_csv_name = mobilenetv3_small_075_224_lamb_imagenet_1k
2025-09-23 04:15:38,997 - INFO -   model_name = mobilenetv3_small_075.lamb_in1k
2025-09-23 04:15:38,997 - INFO -   no_amp = False
2025-09-23 04:15:38,997 - INFO -   num_workers = 8
2025-09-23 04:15:38,997 - INFO -   output_dir = /home/projects/bagon/andreyg/Projects/BMM_school/Universal_learning/Programming/training_gradient_evaluator_single_loss_parallel/output_parallel_8_workers_trial_2
2025-09-23 04:15:38,997 - INFO -   root_dir = None
2025-09-23 04:15:38,997 - INFO -   seed = 1337
2025-09-23 04:15:38,997 - INFO -   time_limit_seconds = 6300
2025-09-23 04:15:38,997 - INFO -   weight_decay = 0.0
2025-09-23 04:15:38,997 - INFO -   zero_aug_train = False
2025-09-23 04:15:39,722 - INFO - Loaded TIMM pretrained weights for mobilenetv3_small_075.lamb_in1k
2025-09-23 04:15:39,722 - INFO - pretrained_cfg.url=https://github.com/rwightman/pytorch-image-models/releases/download/v0.1-weights/mobilenetv3_small_075_lambc-384766db.pth hf_hub_id=timm/mobilenetv3_small_075.lamb_in1k
2025-09-23 04:15:40,007 - INFO - Training configuration:
2025-09-23 04:15:40,008 - INFO -   lr = 0.0001
2025-09-23 04:15:40,008 - INFO -   weight_decay = 0.0
2025-09-23 04:15:40,008 - INFO -   max_steps = 10000
2025-09-23 04:15:40,008 - INFO -   epsilon = 0.001
2025-09-23 04:15:40,008 - INFO -   device = cuda
2025-09-23 04:15:40,008 - INFO -   use_amp = True
2025-09-23 04:15:40,008 - INFO -   amp_dtype = None
2025-09-23 04:15:40,008 - INFO -   gradient_clip_norm = 1.0
2025-09-23 04:16:38,975 - INFO - Example /home/projects/bagon/shared/imagenet512/val/n01986214/ILSVRC2012_val_00025585.JPEG reached epsilon at step 1608, loss sum: 380.7038, final loss: 0.00099659, weight distance: 0.0636
2025-09-23 04:17:42,241 - INFO - Example /home/projects/bagon/shared/imagenet512/val/n03532672/ILSVRC2012_val_00019398.JPEG reached epsilon at step 1975, loss sum: 269.4774, final loss: 0.00099945, weight distance: 0.0714
2025-09-23 04:18:46,275 - INFO - Example /home/projects/bagon/shared/imagenet512/val/n04277352/ILSVRC2012_val_00034385.JPEG reached epsilon at step 2017, loss sum: 141.1137, final loss: 0.00099564, weight distance: 0.0639
2025-09-23 04:19:51,351 - INFO - Example /home/projects/bagon/shared/imagenet512/val/n02110806/ILSVRC2012_val_00026028.JPEG reached epsilon at step 2029, loss sum: 134.9111, final loss: 0.00099373, weight distance: 0.0613
2025-09-23 04:20:51,143 - INFO - Example /home/projects/bagon/shared/imagenet512/val/n03793489/ILSVRC2012_val_00026095.JPEG reached epsilon at step 1865, loss sum: 270.3404, final loss: 0.00099182, weight distance: 0.0745
2025-09-23 04:22:19,635 - INFO - Example /home/projects/bagon/shared/imagenet512/val/n01698640/ILSVRC2012_val_00007750.JPEG reached epsilon at step 2764, loss sum: 655.2450, final loss: 0.00099945, weight distance: 0.0912
2025-09-23 04:24:53,024 - INFO - Example /home/projects/bagon/shared/imagenet512/val/n04325704/ILSVRC2012_val_00042656.JPEG reached epsilon at step 4822, loss sum: 548.0661, final loss: 0.00099945, weight distance: 0.1236
2025-09-23 04:27:17,863 - INFO - Example /home/projects/bagon/shared/imagenet512/val/n02114367/ILSVRC2012_val_00033884.JPEG reached epsilon at step 4555, loss sum: 99.7805, final loss: 0.00099564, weight distance: 0.0922
2025-09-23 04:27:57,223 - INFO - Example /home/projects/bagon/shared/imagenet512/val/n04258138/ILSVRC2012_val_00036418.JPEG reached epsilon at step 1226, loss sum: 196.4629, final loss: 0.00098610, weight distance: 0.0555
2025-09-23 04:29:15,844 - INFO - Example /home/projects/bagon/shared/imagenet512/val/n04154565/ILSVRC2012_val_00022481.JPEG reached epsilon at step 2466, loss sum: 1271.5599, final loss: 0.00099945, weight distance: 0.0981
2025-09-23 04:30:13,260 - INFO - Example /home/projects/bagon/shared/imagenet512/val/n09193705/ILSVRC2012_val_00023335.JPEG reached epsilon at step 1791, loss sum: 244.4588, final loss: 0.00099945, weight distance: 0.0656
2025-09-23 04:30:36,718 - INFO - Example /home/projects/bagon/shared/imagenet512/val/n03445924/ILSVRC2012_val_00046656.JPEG reached epsilon at step 724, loss sum: 106.6672, final loss: 0.00099754, weight distance: 0.0367
2025-09-23 04:31:32,016 - INFO - Example /home/projects/bagon/shared/imagenet512/val/n03141823/ILSVRC2012_val_00046824.JPEG reached epsilon at step 1735, loss sum: 765.2834, final loss: 0.00099754, weight distance: 0.0668
2025-09-23 04:32:31,050 - INFO - Example /home/projects/bagon/shared/imagenet512/val/n02776631/ILSVRC2012_val_00008915.JPEG reached epsilon at step 1848, loss sum: 591.0683, final loss: 0.00099850, weight distance: 0.0837
2025-09-23 04:33:44,991 - INFO - Example /home/projects/bagon/shared/imagenet512/val/n03961711/ILSVRC2012_val_00040900.JPEG reached epsilon at step 2332, loss sum: 218.1379, final loss: 0.00099754, weight distance: 0.0763
2025-09-23 04:35:08,826 - INFO - Example /home/projects/bagon/shared/imagenet512/val/n03630383/ILSVRC2012_val_00021852.JPEG reached epsilon at step 2622, loss sum: 268.3854, final loss: 0.00099850, weight distance: 0.0605
2025-09-23 04:36:27,774 - INFO - Example /home/projects/bagon/shared/imagenet512/val/n02978881/ILSVRC2012_val_00000353.JPEG reached epsilon at step 2485, loss sum: 693.9750, final loss: 0.00099087, weight distance: 0.0859
2025-09-23 04:38:50,447 - INFO - Example /home/projects/bagon/shared/imagenet512/val/n01740131/ILSVRC2012_val_00014849.JPEG reached epsilon at step 4521, loss sum: 574.9601, final loss: 0.00099754, weight distance: 0.1112
2025-09-23 04:39:35,900 - INFO - Example /home/projects/bagon/shared/imagenet512/val/n03325584/ILSVRC2012_val_00007663.JPEG reached epsilon at step 1423, loss sum: 330.8301, final loss: 0.00099659, weight distance: 0.0641
2025-09-23 04:41:37,731 - INFO - Example /home/projects/bagon/shared/imagenet512/val/n02017213/ILSVRC2012_val_00034792.JPEG reached epsilon at step 3838, loss sum: 133.5010, final loss: 0.00099945, weight distance: 0.0831
2025-09-23 04:43:53,983 - INFO - Example /home/projects/bagon/shared/imagenet512/val/n03197337/ILSVRC2012_val_00035747.JPEG reached epsilon at step 4299, loss sum: 483.7059, final loss: 0.00099850, weight distance: 0.1065
2025-09-23 04:46:18,657 - INFO - Example /home/projects/bagon/shared/imagenet512/val/n03950228/ILSVRC2012_val_00032935.JPEG reached epsilon at step 4574, loss sum: 194.3387, final loss: 0.00099564, weight distance: 0.0843
2025-09-23 04:47:07,423 - INFO - Example /home/projects/bagon/shared/imagenet512/val/n04435653/ILSVRC2012_val_00003912.JPEG reached epsilon at step 1514, loss sum: 82.8523, final loss: 0.00099754, weight distance: 0.0503
2025-09-23 04:50:20,387 - INFO - Example /home/projects/bagon/shared/imagenet512/val/n04041544/ILSVRC2012_val_00033725.JPEG reached epsilon at step 6154, loss sum: 255.0735, final loss: 0.00099754, weight distance: 0.1007
2025-09-23 04:51:24,664 - INFO - Example /home/projects/bagon/shared/imagenet512/val/n02086910/ILSVRC2012_val_00024758.JPEG reached epsilon at step 2045, loss sum: 55.7474, final loss: 0.00099373, weight distance: 0.0499
2025-09-23 04:53:13,777 - INFO - Example /home/projects/bagon/shared/imagenet512/val/n03710193/ILSVRC2012_val_00012802.JPEG reached epsilon at step 3445, loss sum: 210.2991, final loss: 0.00099945, weight distance: 0.0856
2025-09-23 04:54:58,983 - INFO - Example /home/projects/bagon/shared/imagenet512/val/n04579432/ILSVRC2012_val_00010197.JPEG reached epsilon at step 3335, loss sum: 191.7406, final loss: 0.00099564, weight distance: 0.0891
2025-09-23 04:56:05,681 - INFO - Example /home/projects/bagon/shared/imagenet512/val/n03690938/ILSVRC2012_val_00001814.JPEG reached epsilon at step 2105, loss sum: 153.3417, final loss: 0.00099945, weight distance: 0.0529
2025-09-23 04:56:50,185 - INFO - Example /home/projects/bagon/shared/imagenet512/val/n02002556/ILSVRC2012_val_00006959.JPEG reached epsilon at step 1390, loss sum: 704.7987, final loss: 0.00099754, weight distance: 0.0625
2025-09-23 04:57:56,635 - INFO - Example /home/projects/bagon/shared/imagenet512/val/n03724870/ILSVRC2012_val_00035216.JPEG reached epsilon at step 2099, loss sum: 1100.0401, final loss: 0.00099945, weight distance: 0.0863
2025-09-23 05:00:57,154 - INFO - Example /home/projects/bagon/shared/imagenet512/val/n04487081/ILSVRC2012_val_00030760.JPEG reached epsilon at step 5756, loss sum: 320.3570, final loss: 0.00099945, weight distance: 0.0873
2025-09-23 05:02:39,122 - INFO - Example /home/projects/bagon/shared/imagenet512/val/n03857828/ILSVRC2012_val_00047380.JPEG reached epsilon at step 3233, loss sum: 290.7266, final loss: 0.00099945, weight distance: 0.0832
2025-09-23 05:03:33,113 - INFO - Example /home/projects/bagon/shared/imagenet512/val/n02129165/ILSVRC2012_val_00023212.JPEG reached epsilon at step 1693, loss sum: 868.9547, final loss: 0.00099850, weight distance: 0.0722
2025-09-23 05:07:01,410 - INFO - Example /home/projects/bagon/shared/imagenet512/val/n03769881/ILSVRC2012_val_00027191.JPEG reached epsilon at step 6544, loss sum: 270.4084, final loss: 0.00099659, weight distance: 0.1202
2025-09-23 05:08:43,950 - INFO - Example /home/projects/bagon/shared/imagenet512/val/n02492660/ILSVRC2012_val_00040865.JPEG reached epsilon at step 3263, loss sum: 150.4181, final loss: 0.00099754, weight distance: 0.0799
