2025-09-15 13:29:29,618 - INFO - Parsed arguments:
2025-09-15 13:29:29,618 - INFO -   amp_dtype = None
2025-09-15 13:29:29,619 - INFO -   bars_npy = /home/projects/bagon/andreyg/Projects/BMM_school/Universal_learning/Programming/bars/geq6wrong_21017_geq6correct_1525_imagenet.npy
2025-09-15 13:29:29,619 - INFO -   deterministic = True
2025-09-15 13:29:29,619 - INFO -   device = cuda
2025-09-15 13:29:29,619 - INFO -   epsilon = 0.001
2025-09-15 13:29:29,619 - INFO -   examples_csv = /home/projects/bagon/andreyg/Projects/BMM_school/Universal_learning/Programming/bars/geq6wrong_21017_geq6correct_1525_imagenet_examples_ammended.csv
2025-09-15 13:29:29,619 - INFO -   grad_clip_norm = 1.0
2025-09-15 13:29:29,619 - INFO -   hierarchy_json = /home/projects/bagon/andreyg/Projects/BMM_school/Universal_learning/Programming/bars/imagenet_synset_hierarchy.json
2025-09-15 13:29:29,619 - INFO -   imagenet_models_csv = /home/projects/bagon/andreyg/Projects/BMM_school/Universal_learning/Programming/bars/imagenet_models.csv
2025-09-15 13:29:29,619 - INFO -   lr = 0.0001
2025-09-15 13:29:29,619 - INFO -   max_examples = 1500
2025-09-15 13:29:29,619 - INFO -   max_steps_per_example = 10000
2025-09-15 13:29:29,619 - INFO -   model_csv_name = mobilenetv3_small_050_224_lamb_imagenet_1k
2025-09-15 13:29:29,619 - INFO -   model_name = mobilenetv3_small_050.lamb_in1k
2025-09-15 13:29:29,619 - INFO -   no_amp = False
2025-09-15 13:29:29,619 - INFO -   output_dir = /home/projects/bagon/andreyg/Projects/BMM_school/Universal_learning/Programming/training_gradient_evaluator_single_loss/outputs_lr_0.0001
2025-09-15 13:29:29,619 - INFO -   root_dir = None
2025-09-15 13:29:29,619 - INFO -   seed = 1337
2025-09-15 13:29:29,619 - INFO -   weight_decay = 0.0
2025-09-15 13:29:29,619 - INFO -   zero_aug_train = True
2025-09-15 13:29:29,646 - INFO - Loaded 50000 examples in difficulty order
2025-09-15 13:29:30,305 - INFO - Loaded TIMM pretrained weights for mobilenetv3_small_050.lamb_in1k
2025-09-15 13:29:30,305 - INFO - pretrained_cfg.url=https://github.com/rwightman/pytorch-image-models/releases/download/v0.1-weights/mobilenetv3_small_050_lambc-4b7bbe87.pth hf_hub_id=timm/mobilenetv3_small_050.lamb_in1k
2025-09-15 13:29:30,635 - INFO - Stored original model weights for reset
2025-09-15 13:29:30,659 - INFO - Training configuration:
2025-09-15 13:29:30,659 - INFO -   lr = 0.0001
2025-09-15 13:29:30,659 - INFO -   weight_decay = 0.0
2025-09-15 13:29:30,659 - INFO -   max_steps = 10000
2025-09-15 13:29:30,659 - INFO -   epsilon = 0.001
2025-09-15 13:29:30,659 - INFO -   device = cuda
2025-09-15 13:29:30,659 - INFO -   use_amp = True
2025-09-15 13:29:30,659 - INFO -   amp_dtype = bfloat16
2025-09-15 13:29:30,659 - INFO -   gradient_clip_norm = 1.0
2025-09-15 13:29:30,679 - INFO - Resolved model_csv_name='mobilenetv3_small_050_224_lamb_imagenet_1k' to mask_row_index=1022
2025-09-15 13:29:46,817 - INFO - Selected 1500 wrong examples for training (sorted by difficulty)
2025-09-15 13:29:46,824 - INFO - Training examples (rank indices, 0-based): 21019, 21022, 21025, 21028, 21036, 21038, 21039, 21040, 21044, 21054, 21055, 21066, 21076, 21086, 21087, 21097, 21104, 21121, 21129, 21131, 21133, 21138, 21140, 21152, 21166, 21169, 21182, 21186, 21187, 21198, 21218, 21236, 21288, 21296, 21300, 21306, 21338, 21343, 21651, 21653, 21658, 21659, 21660, 21666, 21671, 21679, 21690, 21691, 21692, 21697, 21698, 21703, 21708, 21719, 21721, 21725, 21733, 21734, 21737, 21768, 21793, 21807, 21810, 21813, 21818, 21823, 21837, 21848, 21863, 21864, 21871, 21881, 21883, 21890, 21899, 21912, 21937, 21966, 21973, 21984, 22138, 22200, 22204, 22215, 22218, 22222, 22223, 22236, 22250, 22252, 22259, 22278, 22283, 22288, 22293, 22298, 22305, 22337, 22383, 22392, 22714, 22720, 22729, 22738, 22745, 22771, 22788, 22795, 22798, 22826, 22863, 22868, 22941, 22951, 22979, 22980, 22981, 23039, 23058, 23142, 23155, 23156, 23157, 23159, 23160, 23164, 23165, 23166, 23177, 23181, 23189, 23191, 23214, 23217, 23224, 23235, 23243, 23251, 23258, 23286, 23295, 23297, 23329, 23346, 23353, 23366, 23383, 23432, 23435, 23475, 23550, 23556, 23557, 23574, 23575, 23586, 23590, 23592, 23628, 23638, 23650, 23653, 23656, 23662, 23686, 23694, 23700, 23704, 23708, 23722, 23729, 23743, 23802, 23853, 23912, 23913, 23922, 23930, 23938, 23939, 23956, 23970, 23973, 23977, 23995, 24022, 24024, 24045, 24053, 24070, 24107, 24115, 24131, 24144, 24158, 24275, 24278, 24280, 24281, 24310, 24317, 24322, 24328, 24332, 24338, 24339, 24344, 24360, 24363, 24365, 24371, 24376, 24404, 24406, 24468, 24508, 24512, 24573, 24580, 24582, 24585, 24594, 24604, 24618, 24631, 24650, 24677, 24679, 24722, 24737, 24758, 24767, 24768, 24789, 24827, 24880, 24883, 24887, 24912, 24913, 24967, 24975, 25001, 25029, 25051, 25056, 25084, 25095, 25110, 25157, 25166, 25168, 25169, 25174, 25176, 25189, 25200, 25203, 25221, 25248, 25263, 25282, 25308, 25327, 25378, 25386, 25397, 25417, 25428, 25438, 25440, 25441, 25449, 25460, 25468, 25484, 25502, 25506, 25544, 25566, 25639, 25649, 25675, 25687, 25723, 25739, 25745, 25751, 25759, 25777, 25778, 25846, 25890, 25901, 25902, 25904, 25911, 25913, 25940, 25947, 25956, 25986, 26000, 26061, 26085, 26142, 26145, 26146, 26177, 26179, 26181, 26183, 26189, 26192, 26243, 26291, 26311, 26346, 26349, 26358, 26368, 26380, 26451, 26458, 26461, 26555, 26556, 26558, 26561, 26571, 26572, 26590, 26615, 26637, 26640, 26646, 26700, 26811, 26822, 26856, 26865, 26908, 26919, 26949, 26965, 26974, 26991, 27001, 27019, 27022, 27028, 27056, 27082, 27114, 27135, 27139, 27140, 27157, 27173, 27231, 27272, 27279, 27284, 27288, 27290, 27302, 27326, 27335, 27351, 27361, 27396, 27455, 27473, 27485, 27507, 27636, 27638, 27652, 27654, 27657, 27661, 27672, 27692, 27717, 27759, 27773, 27776, 27778, 27802, 27829, 27847, 27850, 27909, 27965, 27971, 27995, 28008, 28022, 28116, 28120, 28121, 28122, 28124, 28179, 28230, 28263, 28268, 28369, 28370, 28371, 28413, 28423, 28432, 28434, 28494, 28500, 28507, 28515, 28521, 28524, 28567, 28598, 28625, 28626, 28631, 28643, 28647, 28648, 28653, 28678, 28727, 28746, 28776, 28809, 28848, 28860, 28867, 28879, 28938, 28969, 29008, 29015, 29017, 29022, 29026, 29028, 29037, 29108, 29110, 29118, 29122, 29149, 29214, 29215, 29292, 29317, 29321, 29348, 29353, 29390, 29426, 29431, 29454, 29458, 29479, 29484, 29502, 29510, 29522, 29529, 29542, 29543, 29545, 29565, 29567, 29570, 29579, 29589, 29612, 29629, 29675, 29691, 29708, 29725, 29761, 29779, 29796, 29825, 29852, 29857, 29867, 29881, 29914, 29932, 29949, 29989, 30062, 30071, 30083, 30088, 30133, 30147, 30157, 30167, 30169, 30179, 30198, 30243, 30305, 30317, 30325, 30345, 30350, 30355, 30523, 30564, 30667, 30694, 30755, 30757, 30773, 30774, 30777, 30849, 30865, 30874, 30910, 30911, 30916, 30933, 30943, 31008, 31038, 31049, 31051, 31057, 31087, 31097, 31107, 31113, 31124, 31125, 31134, 31141, 31190, 31194, 31201, 31208, 31209, 31238, 31248, 31269, 31277, 31310, 31316, 31387, 31421, 31422, 31431, 31436, 31452, 31455, 31502, 31509, 31538, 31581, 31613, 31645, 31647, 31649, 31655, 31667, 31685, 31703, 31715, 31721, 31754, 31779, 31785, 31792, 31818, 31819, 31849, 31860, 31872, 31902, 31904, 31962, 31984, 32010, 32012, 32054, 32069, 32098, 32106, 32119, 32122, 32124, 32130, 32158, 32202, 32209, 32240, 32260, 32273, 32330, 32346, 32353, 32354, 32359, 32372, 32402, 32412, 32414, 32423, 32426, 32454, 32493, 32529, 32534, 32536, 32549, 32590, 32594, 32615, 32658, 32663, 32693, 32745, 32750, 32754, 32756, 32769, 32802, 32836, 32853, 32858, 32867, 32900, 32907, 32908, 32917, 32943, 32944, 32946, 32953, 32964, 32965, 33005, 33006, 33010, 33071, 33109, 33122, 33155, 33181, 33183, 33248, 33249, 33258, 33278, 33287, 33293, 33306, 33322, 33402, 33411, 33416, 33428, 33432, 33455, 33472, 33492, 33493, 33545, 33550, 33559, 33615, 33621, 33626, 33640, 33642, 33643, 33672, 33686, 33699, 33732, 33738, 33754, 33762, 33777, 33802, 33807, 33824, 33835, 33848, 33855, 33859, 33869, 33873, 33908, 33960, 33980, 33997, 33998, 34009, 34041, 34044, 34045, 34054, 34058, 34094, 34103, 34104, 34146, 34162, 34187, 34195, 34209, 34219, 34226, 34237, 34238, 34243, 34251, 34341, 34343, 34351, 34410, 34436, 34440, 34442, 34452, 34464, 34470, 34492, 34504, 34509, 34545, 34559, 34569, 34575, 34578, 34613, 34619, 34637, 34642, 34651, 34671, 34701, 34704, 34754, 34760, 34821, 34839, 34847, 34853, 34898, 34927, 34950, 34954, 34963, 34972, 35064, 35094, 35149, 35156, 35158, 35167, 35187, 35194, 35201, 35212, 35227, 35266, 35286, 35287, 35310, 35311, 35318, 35326, 35359, 35361, 35365, 35377, 35408, 35444, 35470, 35570, 35576, 35601, 35602, 35623, 35635, 35655, 35682, 35702, 35712, 35723, 35736, 35739, 35749, 35751, 35768, 35826, 35844, 35874, 35886, 35918, 35924, 35936, 35956, 35987, 36021, 36130, 36192, 36228, 36252, 36254, 36256, 36271, 36276, 36285, 36293, 36298, 36303, 36311, 36319, 36334, 36373, 36435, 36492, 36499, 36509, 36517, 36533, 36540, 36572, 36578, 36586, 36595, 36598, 36602, 36616, 36635, 36652, 36675, 36687, 36707, 36712, 36727, 36745, 36791, 36804, 36825, 36826, 36903, 36962, 36989, 37018, 37026, 37059, 37079, 37081, 37082, 37163, 37166, 37179, 37182, 37207, 37214, 37228, 37246, 37261, 37283, 37284, 37307, 37325, 37331, 37333, 37342, 37347, 37355, 37403, 37421, 37424, 37433, 37440, 37443, 37460, 37476, 37486, 37520, 37553, 37586, 37592, 37594, 37625, 37630, 37655, 37671, 37710, 37717, 37786, 37789, 37821, 37844, 37863, 37896, 37902, 37910, 37916, 37925, 37940, 37960, 38017, 38068, 38071, 38083, 38111, 38133, 38148, 38163, 38166, 38180, 38189, 38232, 38234, 38256, 38315, 38337, 38352, 38390, 38476, 38483, 38495, 38502, 38515, 38532, 38534, 38552, 38557, 38578, 38584, 38591, 38599, 38601, 38603, 38656, 38673, 38688, 38695, 38698, 38731, 38745, 38784, 38829, 38865, 38894, 38936, 38959, 38987, 38994, 39024, 39028, 39042, 39052, 39096, 39103, 39111, 39116, 39120, 39121, 39123, 39129, 39140, 39147, 39150, 39157, 39175, 39224, 39239, 39244, 39289, 39312, 39333, 39349, 39350, 39392, 39399, 39418, 39425, 39426, 39442, 39447, 39466, 39485, 39509, 39560, 39574, 39587, 39590, 39607, 39630, 39640, 39670, 39679, 39700, 39719, 39771, 39776, 39790, 39828, 39846, 39854, 39855, 39866, 39903, 39930, 39938, 39966, 39986, 39988, 40000, 40006, 40047, 40071, 40081, 40090, 40093, 40132, 40206, 40285, 40320, 40332, 40376, 40405, 40428, 40430, 40471, 40473, 40488, 40504, 40518, 40537, 40567, 40618, 40626, 40633, 40642, 40705, 40714, 40755, 40765, 40774, 40784, 40813, 40862, 40868, 40926, 40956, 40971, 40994, 40997, 41044, 41053, 41060, 41086, 41121, 41132, 41155, 41217, 41235, 41236, 41248, 41270, 41293, 41341, 41384, 41420, 41449, 41455, 41479, 41483, 41487, 41492, 41545, 41573, 41591, 41593, 41604, 41617, 41677, 41681, 41700, 41714, 41735, 41739, 41744, 41769, 41775, 41782, 41806, 41825, 41877, 41882, 41904, 41913, 41921, 41938, 41956, 41968, 41973, 41979, 42016, 42034, 42037, 42053, 42068, 42075, 42150, 42157, 42165, 42167, 42168, 42214, 42243, 42253, 42284, 42285, 42294, 42324, 42346, 42350, 42356, 42410, 42459, 42460, 42481, 42520, 42556, 42558, 42564, 42581, 42603, 42611, 42622, 42630, 42637, 42690, 42706, 42708, 42730, 42736, 42746, 42752, 42764, 42775, 42787, 42797, 42801, 42817, 42833, 42840, 42857, 42860, 42866, 42895, 42898, 42903, 42923, 42960, 42978, 42985, 42999, 43000, 43003, 43021, 43092, 43123, 43170, 43172, 43194, 43201, 43211, 43232, 43242, 43264, 43270, 43284, 43303, 43318, 43337, 43338, 43355, 43375, 43382, 43384, 43396, 43398, 43413, 43414, 43476, 43485, 43486, 43495, 43537, 43575, 43598, 43619, 43674, 43735, 43758, 43774, 43818, 43833, 43841, 43886, 43912, 43926, 43929, 43967, 43995, 44006, 44010, 44020, 44022, 44066, 44076, 44091, 44115, 44124, 44128, 44140, 44153, 44178, 44208, 44217, 44223, 44251, 44281, 44285, 44293, 44298, 44320, 44357, 44401, 44403, 44420, 44434, 44438, 44446, 44453, 44486, 44489, 44527, 44545, 44569, 44573, 44604, 44613, 44640, 44678, 44686, 44703, 44759, 44782, 44812, 44819, 44835, 44841, 44857, 44859, 44863, 44870, 44880, 44895, 44898, 44914, 44959, 44962, 44980, 44988, 44990, 45019, 45033, 45045, 45056, 45095, 45103, 45104, 45109, 45111, 45167, 45204, 45243, 45247, 45263, 45282, 45296, 45302, 45309, 45381, 45414, 45453, 45482, 45495, 45501, 45502, 45513, 45515, 45516, 45563, 45605, 45611, 45621, 45631, 45635, 45670, 45688, 45777, 45797, 45806, 45843, 45848, 45876, 45887, 45896, 45931, 45941, 45947, 45962, 45987, 45992, 46012, 46026, 46029, 46038, 46066, 46097, 46110, 46111, 46124, 46128, 46135, 46136, 46146, 46177, 46191, 46269, 46296, 46297, 46298, 46307, 46318, 46335, 46425, 46465, 46478, 46491, 46502, 46512, 46520, 46567, 46571, 46573, 46645, 46657, 46664, 46674, 46687, 46701, 46730, 46740, 46741, 46793, 46801, 46805, 46825, 46878, 46880, 46881, 46903, 46906, 46907, 46913, 46958, 46975, 46978, 46979, 46985, 47039, 47058, 47069, 47070, 47082, 47123, 47126, 47129, 47190, 47195, 47202, 47204, 47206, 47208, 47209, 47210, 47222, 47226, 47251, 47306, 47321, 47345, 47391, 47446, 47450, 47458, 47491, 47496, 47520, 47525, 47554, 47580, 47604, 47618, 47619, 47620, 47625, 47662, 47671, 47677, 47685, 47735, 47737, 47741, 47744, 47751, 47753, 47764, 47781, 47803, 47810, 47839, 47846, 47863, 47883, 47901, 47926, 47950, 47957, 47969, 47988, 47991, 48008, 48057, 48079, 48080, 48082, 48084, 48088, 48099, 48108, 48120, 48126, 48133, 48143, 48149, 48157, 48160, 48170, 48181, 48188, 48194, 48198, 48215, 48233, 48234, 48249, 48268, 48301, 48310, 48331, 48332, 48353, 48357, 48362, 48372, 48376, 48379, 48395, 48397, 48406, 48424, 48429, 48436, 48450, 48452, 48453, 48457, 48462
2025-09-15 13:29:46,846 - INFO - CKA layer subset: selecting 4/88 layers (~5%)
2025-09-15 13:29:48,462 - INFO - 
=== Training Example 1/1500: /home/projects/bagon/shared/imagenet512/val/n03325584/ILSVRC2012_val_00007855.JPEG ===
2025-09-15 13:31:13,108 - INFO - Example /home/projects/bagon/shared/imagenet512/val/n03325584/ILSVRC2012_val_00007855.JPEG reached epsilon at step 1801, loss sum: 39.2890, final loss: 0.00099945, weight distance: 0.0567
2025-09-15 13:31:14,786 - INFO - Example 1 completed: 1801 steps, loss sum: 39.2890, final loss: 0.00099945, weight distance: 0.0567 (universal rank: 21020)
2025-09-15 13:31:14,786 - INFO - 
=== Training Example 2/1500: /home/projects/bagon/shared/imagenet512/val/n02127052/ILSVRC2012_val_00036933.JPEG ===
2025-09-15 13:33:03,279 - INFO - Example /home/projects/bagon/shared/imagenet512/val/n02127052/ILSVRC2012_val_00036933.JPEG reached epsilon at step 2301, loss sum: 527.7654, final loss: 0.00093842, weight distance: 0.0917
2025-09-15 13:33:04,043 - INFO - Example 2 completed: 2301 steps, loss sum: 527.7654, final loss: 0.00093842, weight distance: 0.0917 (universal rank: 21023)
2025-09-15 13:33:04,044 - INFO - 
=== Training Example 3/1500: /home/projects/bagon/shared/imagenet512/val/n02279972/ILSVRC2012_val_00046412.JPEG ===
2025-09-15 13:35:20,667 - INFO - Example /home/projects/bagon/shared/imagenet512/val/n02279972/ILSVRC2012_val_00046412.JPEG reached epsilon at step 3014, loss sum: 1427.9428, final loss: 0.00097656, weight distance: 0.1059
2025-09-15 13:35:21,423 - INFO - Example 3 completed: 3014 steps, loss sum: 1427.9428, final loss: 0.00097656, weight distance: 0.1059 (universal rank: 21026)
2025-09-15 13:35:21,423 - INFO - 
=== Training Example 4/1500: /home/projects/bagon/shared/imagenet512/val/n01774750/ILSVRC2012_val_00030405.JPEG ===
2025-09-15 13:36:14,542 - INFO - Example /home/projects/bagon/shared/imagenet512/val/n01774750/ILSVRC2012_val_00030405.JPEG reached epsilon at step 1120, loss sum: 238.8555, final loss: 0.00098419, weight distance: 0.0471
2025-09-15 13:36:15,226 - INFO - Example 4 completed: 1120 steps, loss sum: 238.8555, final loss: 0.00098419, weight distance: 0.0471 (universal rank: 21029)
2025-09-15 13:36:15,226 - INFO - 
=== Training Example 5/1500: /home/projects/bagon/shared/imagenet512/val/n07720875/ILSVRC2012_val_00023892.JPEG ===
2025-09-15 13:37:19,866 - INFO - Example /home/projects/bagon/shared/imagenet512/val/n07720875/ILSVRC2012_val_00023892.JPEG reached epsilon at step 1519, loss sum: 397.5073, final loss: 0.00097275, weight distance: 0.0712
2025-09-15 13:37:20,560 - INFO - Example 5 completed: 1519 steps, loss sum: 397.5073, final loss: 0.00097275, weight distance: 0.0712 (universal rank: 21037)
2025-09-15 13:37:20,560 - INFO - 
=== Training Example 6/1500: /home/projects/bagon/shared/imagenet512/val/n04482393/ILSVRC2012_val_00049567.JPEG ===
2025-09-15 13:39:23,937 - INFO - Example /home/projects/bagon/shared/imagenet512/val/n04482393/ILSVRC2012_val_00049567.JPEG reached epsilon at step 2756, loss sum: 1199.3930, final loss: 0.00099945, weight distance: 0.0869
2025-09-15 13:39:24,690 - INFO - Example 6 completed: 2756 steps, loss sum: 1199.3930, final loss: 0.00099945, weight distance: 0.0869 (universal rank: 21039)
2025-09-15 13:39:24,690 - INFO - 
=== Training Example 7/1500: /home/projects/bagon/shared/imagenet512/val/n03250847/ILSVRC2012_val_00029445.JPEG ===
2025-09-15 13:40:49,669 - INFO - Example /home/projects/bagon/shared/imagenet512/val/n03250847/ILSVRC2012_val_00029445.JPEG reached epsilon at step 1894, loss sum: 180.9938, final loss: 0.00093842, weight distance: 0.0533
2025-09-15 13:40:50,683 - INFO - Example 7 completed: 1894 steps, loss sum: 180.9938, final loss: 0.00093842, weight distance: 0.0533 (universal rank: 21040)
2025-09-15 13:40:50,683 - INFO - 
=== Training Example 8/1500: /home/projects/bagon/shared/imagenet512/val/n01531178/ILSVRC2012_val_00009831.JPEG ===
2025-09-15 13:42:17,690 - INFO - Example /home/projects/bagon/shared/imagenet512/val/n01531178/ILSVRC2012_val_00009831.JPEG reached epsilon at step 1871, loss sum: 48.4446, final loss: 0.00097656, weight distance: 0.0543
2025-09-15 13:42:18,715 - INFO - Example 8 completed: 1871 steps, loss sum: 48.4446, final loss: 0.00097656, weight distance: 0.0543 (universal rank: 21041)
2025-09-15 13:42:18,715 - INFO - 
=== Training Example 9/1500: /home/projects/bagon/shared/imagenet512/val/n01630670/ILSVRC2012_val_00000498.JPEG ===
2025-09-15 13:44:52,362 - INFO - Example /home/projects/bagon/shared/imagenet512/val/n01630670/ILSVRC2012_val_00000498.JPEG reached epsilon at step 3611, loss sum: 869.0563, final loss: 0.00099945, weight distance: 0.0953
2025-09-15 13:44:53,801 - INFO - Example 9 completed: 3611 steps, loss sum: 869.0563, final loss: 0.00099945, weight distance: 0.0953 (universal rank: 21045)
2025-09-15 13:44:53,801 - INFO - 
=== Training Example 10/1500: /home/projects/bagon/shared/imagenet512/val/n01695060/ILSVRC2012_val_00017497.JPEG ===
2025-09-15 13:45:39,309 - INFO - Example /home/projects/bagon/shared/imagenet512/val/n01695060/ILSVRC2012_val_00017497.JPEG reached epsilon at step 1074, loss sum: 257.3041, final loss: 0.00099182, weight distance: 0.0514
2025-09-15 13:45:40,294 - INFO - Example 10 completed: 1074 steps, loss sum: 257.3041, final loss: 0.00099182, weight distance: 0.0514 (universal rank: 21055)
2025-09-15 13:45:40,294 - INFO - 
=== Training Example 11/1500: /home/projects/bagon/shared/imagenet512/val/n01824575/ILSVRC2012_val_00003450.JPEG ===
2025-09-15 13:47:32,176 - INFO - Example /home/projects/bagon/shared/imagenet512/val/n01824575/ILSVRC2012_val_00003450.JPEG reached epsilon at step 2629, loss sum: 296.5892, final loss: 0.00097275, weight distance: 0.0619
2025-09-15 13:47:33,227 - INFO - Example 11 completed: 2629 steps, loss sum: 296.5892, final loss: 0.00097275, weight distance: 0.0619 (universal rank: 21056)
2025-09-15 13:47:33,227 - INFO - 
=== Training Example 12/1500: /home/projects/bagon/shared/imagenet512/val/n02133161/ILSVRC2012_val_00033969.JPEG ===
2025-09-15 13:49:49,430 - INFO - Example /home/projects/bagon/shared/imagenet512/val/n02133161/ILSVRC2012_val_00033969.JPEG reached epsilon at step 3215, loss sum: 474.0249, final loss: 0.00098419, weight distance: 0.1065
2025-09-15 13:49:50,424 - INFO - Example 12 completed: 3215 steps, loss sum: 474.0249, final loss: 0.00098419, weight distance: 0.1065 (universal rank: 21067)
2025-09-15 13:49:50,424 - INFO - 
=== Training Example 13/1500: /home/projects/bagon/shared/imagenet512/val/n03733131/ILSVRC2012_val_00026391.JPEG ===
2025-09-15 13:50:47,499 - INFO - Example /home/projects/bagon/shared/imagenet512/val/n03733131/ILSVRC2012_val_00026391.JPEG reached epsilon at step 1347, loss sum: 96.8447, final loss: 0.00099945, weight distance: 0.0527
2025-09-15 13:50:48,191 - INFO - Example 13 completed: 1347 steps, loss sum: 96.8447, final loss: 0.00099945, weight distance: 0.0527 (universal rank: 21077)
2025-09-15 13:50:48,191 - INFO - 
=== Training Example 14/1500: /home/projects/bagon/shared/imagenet512/val/n02101006/ILSVRC2012_val_00019013.JPEG ===
2025-09-15 13:52:42,520 - INFO - Example /home/projects/bagon/shared/imagenet512/val/n02101006/ILSVRC2012_val_00019013.JPEG reached epsilon at step 2655, loss sum: 400.0508, final loss: 0.00099945, weight distance: 0.0929
2025-09-15 13:52:43,706 - INFO - Example 14 completed: 2655 steps, loss sum: 400.0508, final loss: 0.00099945, weight distance: 0.0929 (universal rank: 21087)
2025-09-15 13:52:43,706 - INFO - 
=== Training Example 15/1500: /home/projects/bagon/shared/imagenet512/val/n01532829/ILSVRC2012_val_00038160.JPEG ===
2025-09-15 13:54:53,943 - INFO - Example /home/projects/bagon/shared/imagenet512/val/n01532829/ILSVRC2012_val_00038160.JPEG reached epsilon at step 2896, loss sum: 408.1638, final loss: 0.00099182, weight distance: 0.0800
2025-09-15 13:54:54,696 - INFO - Example 15 completed: 2896 steps, loss sum: 408.1638, final loss: 0.00099182, weight distance: 0.0800 (universal rank: 21088)
2025-09-15 13:54:54,697 - INFO - 
=== Training Example 16/1500: /home/projects/bagon/shared/imagenet512/val/n07880968/ILSVRC2012_val_00020718.JPEG ===
2025-09-15 13:56:10,650 - INFO - Example /home/projects/bagon/shared/imagenet512/val/n07880968/ILSVRC2012_val_00020718.JPEG reached epsilon at step 1678, loss sum: 440.5404, final loss: 0.00094223, weight distance: 0.0658
2025-09-15 13:56:11,993 - INFO - Example 16 completed: 1678 steps, loss sum: 440.5404, final loss: 0.00094223, weight distance: 0.0658 (universal rank: 21098)
2025-09-15 13:56:11,993 - INFO - 
=== Training Example 17/1500: /home/projects/bagon/shared/imagenet512/val/n03325584/ILSVRC2012_val_00010429.JPEG ===
2025-09-15 13:57:22,789 - INFO - Example /home/projects/bagon/shared/imagenet512/val/n03325584/ILSVRC2012_val_00010429.JPEG reached epsilon at step 1663, loss sum: 435.1424, final loss: 0.00096512, weight distance: 0.0717
2025-09-15 13:57:23,662 - INFO - Example 17 completed: 1663 steps, loss sum: 435.1424, final loss: 0.00096512, weight distance: 0.0717 (universal rank: 21105)
2025-09-15 13:57:23,662 - INFO - 
=== Training Example 18/1500: /home/projects/bagon/shared/imagenet512/val/n04487394/ILSVRC2012_val_00007362.JPEG ===
2025-09-15 14:00:42,642 - INFO - Example /home/projects/bagon/shared/imagenet512/val/n04487394/ILSVRC2012_val_00007362.JPEG reached epsilon at step 4497, loss sum: 403.0510, final loss: 0.00097275, weight distance: 0.1148
2025-09-15 14:00:43,417 - INFO - Example 18 completed: 4497 steps, loss sum: 403.0510, final loss: 0.00097275, weight distance: 0.1148 (universal rank: 21122)
2025-09-15 14:00:43,417 - INFO - 
=== Training Example 19/1500: /home/projects/bagon/shared/imagenet512/val/n02116738/ILSVRC2012_val_00004276.JPEG ===
2025-09-15 14:03:37,363 - INFO - Example /home/projects/bagon/shared/imagenet512/val/n02116738/ILSVRC2012_val_00004276.JPEG reached epsilon at step 4105, loss sum: 1042.5498, final loss: 0.00099182, weight distance: 0.1030
2025-09-15 14:03:38,108 - INFO - Example 19 completed: 4105 steps, loss sum: 1042.5498, final loss: 0.00099182, weight distance: 0.1030 (universal rank: 21130)
2025-09-15 14:03:38,108 - INFO - 
=== Training Example 20/1500: /home/projects/bagon/shared/imagenet512/val/n04423845/ILSVRC2012_val_00047072.JPEG ===
2025-09-15 14:09:22,794 - INFO - Example /home/projects/bagon/shared/imagenet512/val/n04423845/ILSVRC2012_val_00047072.JPEG reached epsilon at step 8083, loss sum: 4978.1049, final loss: 0.00096893, weight distance: 0.0878
2025-09-15 14:09:23,506 - INFO - Example 20 completed: 8083 steps, loss sum: 4978.1049, final loss: 0.00096893, weight distance: 0.0878 (universal rank: 21132)
2025-09-15 14:09:23,506 - INFO - 
=== Training Example 21/1500: /home/projects/bagon/shared/imagenet512/val/n01843065/ILSVRC2012_val_00029347.JPEG ===
2025-09-15 14:12:08,719 - INFO - Example /home/projects/bagon/shared/imagenet512/val/n01843065/ILSVRC2012_val_00029347.JPEG reached epsilon at step 3749, loss sum: 1133.5473, final loss: 0.00099182, weight distance: 0.1095
2025-09-15 14:12:09,438 - INFO - Example 21 completed: 3749 steps, loss sum: 1133.5473, final loss: 0.00099182, weight distance: 0.1095 (universal rank: 21134)
2025-09-15 14:12:09,438 - INFO - 
=== Training Example 22/1500: /home/projects/bagon/shared/imagenet512/val/n04033901/ILSVRC2012_val_00025003.JPEG ===
2025-09-15 14:14:05,159 - INFO - Example /home/projects/bagon/shared/imagenet512/val/n04033901/ILSVRC2012_val_00025003.JPEG reached epsilon at step 2501, loss sum: 228.4604, final loss: 0.00098419, weight distance: 0.0650
2025-09-15 14:14:05,863 - INFO - Example 22 completed: 2501 steps, loss sum: 228.4604, final loss: 0.00098419, weight distance: 0.0650 (universal rank: 21139)
2025-09-15 14:14:05,863 - INFO - 
=== Training Example 23/1500: /home/projects/bagon/shared/imagenet512/val/n04179913/ILSVRC2012_val_00025399.JPEG ===
2025-09-15 14:15:29,661 - INFO - Example /home/projects/bagon/shared/imagenet512/val/n04179913/ILSVRC2012_val_00025399.JPEG reached epsilon at step 1962, loss sum: 413.7055, final loss: 0.00099182, weight distance: 0.0677
2025-09-15 14:15:30,685 - INFO - Example 23 completed: 1962 steps, loss sum: 413.7055, final loss: 0.00099182, weight distance: 0.0677 (universal rank: 21141)
2025-09-15 14:15:30,685 - INFO - 
=== Training Example 24/1500: /home/projects/bagon/shared/imagenet512/val/n02077923/ILSVRC2012_val_00033000.JPEG ===
2025-09-15 14:17:08,437 - INFO - Example /home/projects/bagon/shared/imagenet512/val/n02077923/ILSVRC2012_val_00033000.JPEG reached epsilon at step 2204, loss sum: 399.8154, final loss: 0.00098419, weight distance: 0.0807
2025-09-15 14:17:09,132 - INFO - Example 24 completed: 2204 steps, loss sum: 399.8154, final loss: 0.00098419, weight distance: 0.0807 (universal rank: 21153)
2025-09-15 14:17:09,132 - INFO - 
=== Training Example 25/1500: /home/projects/bagon/shared/imagenet512/val/n15075141/ILSVRC2012_val_00019558.JPEG ===
2025-09-15 14:19:43,751 - INFO - Example /home/projects/bagon/shared/imagenet512/val/n15075141/ILSVRC2012_val_00019558.JPEG reached epsilon at step 3628, loss sum: 93.8811, final loss: 0.00099945, weight distance: 0.0849
2025-09-15 14:19:44,474 - INFO - Example 25 completed: 3628 steps, loss sum: 93.8811, final loss: 0.00099945, weight distance: 0.0849 (universal rank: 21167)
2025-09-15 14:19:44,474 - INFO - 
=== Training Example 26/1500: /home/projects/bagon/shared/imagenet512/val/n01692333/ILSVRC2012_val_00031550.JPEG ===
2025-09-15 14:21:47,472 - INFO - Example /home/projects/bagon/shared/imagenet512/val/n01692333/ILSVRC2012_val_00031550.JPEG reached epsilon at step 2892, loss sum: 955.2440, final loss: 0.00099182, weight distance: 0.1006
2025-09-15 14:21:48,176 - INFO - Example 26 completed: 2892 steps, loss sum: 955.2440, final loss: 0.00099182, weight distance: 0.1006 (universal rank: 21170)
2025-09-15 14:21:48,176 - INFO - 
=== Training Example 27/1500: /home/projects/bagon/shared/imagenet512/val/n02087394/ILSVRC2012_val_00001047.JPEG ===
2025-09-15 14:26:05,063 - INFO - Example /home/projects/bagon/shared/imagenet512/val/n02087394/ILSVRC2012_val_00001047.JPEG reached epsilon at step 6064, loss sum: 212.7065, final loss: 0.00099945, weight distance: 0.1236
2025-09-15 14:26:05,765 - INFO - Example 27 completed: 6064 steps, loss sum: 212.7065, final loss: 0.00099945, weight distance: 0.1236 (universal rank: 21183)
2025-09-15 14:26:05,765 - INFO - 
=== Training Example 28/1500: /home/projects/bagon/shared/imagenet512/val/n07860988/ILSVRC2012_val_00037332.JPEG ===
2025-09-15 14:27:51,280 - INFO - Example /home/projects/bagon/shared/imagenet512/val/n07860988/ILSVRC2012_val_00037332.JPEG reached epsilon at step 2484, loss sum: 147.3132, final loss: 0.00099945, weight distance: 0.0593
2025-09-15 14:27:51,977 - INFO - Example 28 completed: 2484 steps, loss sum: 147.3132, final loss: 0.00099945, weight distance: 0.0593 (universal rank: 21187)
2025-09-15 14:27:51,978 - INFO - 
=== Training Example 29/1500: /home/projects/bagon/shared/imagenet512/val/n03627232/ILSVRC2012_val_00024689.JPEG ===
2025-09-15 14:29:15,731 - INFO - Example /home/projects/bagon/shared/imagenet512/val/n03627232/ILSVRC2012_val_00024689.JPEG reached epsilon at step 1964, loss sum: 1844.3888, final loss: 0.00099182, weight distance: 0.0837
2025-09-15 14:29:16,546 - INFO - Example 29 completed: 1964 steps, loss sum: 1844.3888, final loss: 0.00099182, weight distance: 0.0837 (universal rank: 21188)
2025-09-15 14:29:16,546 - INFO - 
=== Training Example 30/1500: /home/projects/bagon/shared/imagenet512/val/n04311174/ILSVRC2012_val_00036303.JPEG ===
2025-09-15 14:30:31,364 - INFO - Example /home/projects/bagon/shared/imagenet512/val/n04311174/ILSVRC2012_val_00036303.JPEG reached epsilon at step 1757, loss sum: 487.5354, final loss: 0.00098419, weight distance: 0.0645
2025-09-15 14:30:32,233 - INFO - Example 30 completed: 1757 steps, loss sum: 487.5354, final loss: 0.00098419, weight distance: 0.0645 (universal rank: 21199)
2025-09-15 14:30:32,233 - INFO - 
=== Training Example 31/1500: /home/projects/bagon/shared/imagenet512/val/n03443371/ILSVRC2012_val_00033170.JPEG ===
2025-09-15 14:33:44,518 - INFO - Example /home/projects/bagon/shared/imagenet512/val/n03443371/ILSVRC2012_val_00033170.JPEG reached epsilon at step 4436, loss sum: 3184.2656, final loss: 0.00099945, weight distance: 0.1241
2025-09-15 14:33:45,244 - INFO - Example 31 completed: 4436 steps, loss sum: 3184.2656, final loss: 0.00099945, weight distance: 0.1241 (universal rank: 21219)
2025-09-15 14:33:45,244 - INFO - 
=== Training Example 32/1500: /home/projects/bagon/shared/imagenet512/val/n02641379/ILSVRC2012_val_00023480.JPEG ===
2025-09-15 14:36:28,936 - INFO - Example /home/projects/bagon/shared/imagenet512/val/n02641379/ILSVRC2012_val_00023480.JPEG reached epsilon at step 3734, loss sum: 946.9549, final loss: 0.00099182, weight distance: 0.1008
2025-09-15 14:36:29,914 - INFO - Example 32 completed: 3734 steps, loss sum: 946.9549, final loss: 0.00099182, weight distance: 0.1008 (universal rank: 21237)
2025-09-15 14:36:29,914 - INFO - 
=== Training Example 33/1500: /home/projects/bagon/shared/imagenet512/val/n02089867/ILSVRC2012_val_00020442.JPEG ===
2025-09-15 14:41:15,510 - INFO - Example /home/projects/bagon/shared/imagenet512/val/n02089867/ILSVRC2012_val_00020442.JPEG reached epsilon at step 6542, loss sum: 569.7429, final loss: 0.00099945, weight distance: 0.1241
2025-09-15 14:41:16,228 - INFO - Example 33 completed: 6542 steps, loss sum: 569.7429, final loss: 0.00099945, weight distance: 0.1241 (universal rank: 21289)
2025-09-15 14:41:16,228 - INFO - 
=== Training Example 34/1500: /home/projects/bagon/shared/imagenet512/val/n02883205/ILSVRC2012_val_00004839.JPEG ===
2025-09-15 14:43:14,595 - INFO - Example /home/projects/bagon/shared/imagenet512/val/n02883205/ILSVRC2012_val_00004839.JPEG reached epsilon at step 2608, loss sum: 42.7988, final loss: 0.00099945, weight distance: 0.0588
2025-09-15 14:43:15,321 - INFO - Example 34 completed: 2608 steps, loss sum: 42.7988, final loss: 0.00099945, weight distance: 0.0588 (universal rank: 21297)
2025-09-15 14:43:15,321 - INFO - 
=== Training Example 35/1500: /home/projects/bagon/shared/imagenet512/val/n03868242/ILSVRC2012_val_00005185.JPEG ===
2025-09-15 14:47:55,983 - INFO - Example /home/projects/bagon/shared/imagenet512/val/n03868242/ILSVRC2012_val_00005185.JPEG reached epsilon at step 6269, loss sum: 1032.2857, final loss: 0.00099945, weight distance: 0.1417
2025-09-15 14:47:56,702 - INFO - Example 35 completed: 6269 steps, loss sum: 1032.2857, final loss: 0.00099945, weight distance: 0.1417 (universal rank: 21301)
2025-09-15 14:47:56,702 - INFO - 
=== Training Example 36/1500: /home/projects/bagon/shared/imagenet512/val/n02095570/ILSVRC2012_val_00048963.JPEG ===
2025-09-15 14:51:16,896 - INFO - Example /home/projects/bagon/shared/imagenet512/val/n02095570/ILSVRC2012_val_00048963.JPEG reached epsilon at step 4672, loss sum: 464.9024, final loss: 0.00098419, weight distance: 0.1001
2025-09-15 14:51:17,698 - INFO - Example 36 completed: 4672 steps, loss sum: 464.9024, final loss: 0.00098419, weight distance: 0.1001 (universal rank: 21307)
2025-09-15 14:51:17,698 - INFO - 
=== Training Example 37/1500: /home/projects/bagon/shared/imagenet512/val/n02117135/ILSVRC2012_val_00035999.JPEG ===
2025-09-15 14:52:32,163 - INFO - Example /home/projects/bagon/shared/imagenet512/val/n02117135/ILSVRC2012_val_00035999.JPEG reached epsilon at step 1758, loss sum: 147.1744, final loss: 0.00099182, weight distance: 0.0754
2025-09-15 14:52:32,959 - INFO - Example 37 completed: 1758 steps, loss sum: 147.1744, final loss: 0.00099182, weight distance: 0.0754 (universal rank: 21339)
2025-09-15 14:52:32,959 - INFO - 
=== Training Example 38/1500: /home/projects/bagon/shared/imagenet512/val/n03933933/ILSVRC2012_val_00000702.JPEG ===
2025-09-15 14:55:26,297 - INFO - Example /home/projects/bagon/shared/imagenet512/val/n03933933/ILSVRC2012_val_00000702.JPEG reached epsilon at step 3914, loss sum: 227.1048, final loss: 0.00099945, weight distance: 0.0989
2025-09-15 14:55:27,007 - INFO - Example 38 completed: 3914 steps, loss sum: 227.1048, final loss: 0.00099945, weight distance: 0.0989 (universal rank: 21344)
2025-09-15 14:55:27,007 - INFO - 
=== Training Example 39/1500: /home/projects/bagon/shared/imagenet512/val/n03534580/ILSVRC2012_val_00042934.JPEG ===
2025-09-15 14:57:38,816 - INFO - Example /home/projects/bagon/shared/imagenet512/val/n03534580/ILSVRC2012_val_00042934.JPEG reached epsilon at step 3111, loss sum: 395.8472, final loss: 0.00099945, weight distance: 0.0938
2025-09-15 14:57:39,535 - INFO - Example 39 completed: 3111 steps, loss sum: 395.8472, final loss: 0.00099945, weight distance: 0.0938 (universal rank: 21652)
2025-09-15 14:57:39,535 - INFO - 
=== Training Example 40/1500: /home/projects/bagon/shared/imagenet512/val/n01882714/ILSVRC2012_val_00040233.JPEG ===
2025-09-15 14:59:44,260 - INFO - Example /home/projects/bagon/shared/imagenet512/val/n01882714/ILSVRC2012_val_00040233.JPEG reached epsilon at step 2705, loss sum: 1208.1020, final loss: 0.00095367, weight distance: 0.1015
2025-09-15 14:59:45,282 - INFO - Example 40 completed: 2705 steps, loss sum: 1208.1020, final loss: 0.00095367, weight distance: 0.1015 (universal rank: 21654)
2025-09-15 14:59:45,283 - INFO - 
=== Training Example 41/1500: /home/projects/bagon/shared/imagenet512/val/n02454379/ILSVRC2012_val_00005355.JPEG ===
2025-09-15 15:01:18,193 - INFO - Example /home/projects/bagon/shared/imagenet512/val/n02454379/ILSVRC2012_val_00005355.JPEG reached epsilon at step 2092, loss sum: 870.0685, final loss: 0.00099945, weight distance: 0.0756
2025-09-15 15:01:19,252 - INFO - Example 41 completed: 2092 steps, loss sum: 870.0685, final loss: 0.00099945, weight distance: 0.0756 (universal rank: 21659)
2025-09-15 15:01:19,252 - INFO - 
=== Training Example 42/1500: /home/projects/bagon/shared/imagenet512/val/n02480855/ILSVRC2012_val_00042839.JPEG ===
2025-09-15 15:04:16,147 - INFO - Example /home/projects/bagon/shared/imagenet512/val/n02480855/ILSVRC2012_val_00042839.JPEG reached epsilon at step 4160, loss sum: 437.9301, final loss: 0.00099182, weight distance: 0.1075
2025-09-15 15:04:16,841 - INFO - Example 42 completed: 4160 steps, loss sum: 437.9301, final loss: 0.00099182, weight distance: 0.1075 (universal rank: 21660)
2025-09-15 15:04:16,841 - INFO - 
=== Training Example 43/1500: /home/projects/bagon/shared/imagenet512/val/n02883205/ILSVRC2012_val_00042358.JPEG ===
2025-09-15 15:11:25,311 - INFO - Example /home/projects/bagon/shared/imagenet512/val/n02883205/ILSVRC2012_val_00042358.JPEG never reached epsilon after 10000 steps, loss sum: 2063.5812, final loss: 0.00277710, weight distance: 0.1539
2025-09-15 15:11:26,288 - INFO - Example 43 completed: -1 steps, loss sum: 2063.5812, final loss: 0.00277710, weight distance: 0.1539 (universal rank: 21661)
2025-09-15 15:11:26,289 - INFO - 
=== Training Example 44/1500: /home/projects/bagon/shared/imagenet512/val/n01688243/ILSVRC2012_val_00025025.JPEG ===
2025-09-15 15:12:58,300 - INFO - Example /home/projects/bagon/shared/imagenet512/val/n01688243/ILSVRC2012_val_00025025.JPEG reached epsilon at step 2152, loss sum: 704.8409, final loss: 0.00099182, weight distance: 0.0846
2025-09-15 15:12:59,018 - INFO - Example 44 completed: 2152 steps, loss sum: 704.8409, final loss: 0.00099182, weight distance: 0.0846 (universal rank: 21667)
2025-09-15 15:12:59,018 - INFO - 
=== Training Example 45/1500: /home/projects/bagon/shared/imagenet512/val/n03495258/ILSVRC2012_val_00022015.JPEG ===
2025-09-15 15:13:54,623 - INFO - Example /home/projects/bagon/shared/imagenet512/val/n03495258/ILSVRC2012_val_00022015.JPEG reached epsilon at step 1268, loss sum: 1007.5802, final loss: 0.00097656, weight distance: 0.0708
2025-09-15 15:13:55,495 - INFO - Example 45 completed: 1268 steps, loss sum: 1007.5802, final loss: 0.00097656, weight distance: 0.0708 (universal rank: 21672)
2025-09-15 15:13:55,495 - INFO - 
=== Training Example 46/1500: /home/projects/bagon/shared/imagenet512/val/n04458633/ILSVRC2012_val_00020813.JPEG ===
2025-09-15 15:16:40,273 - INFO - Example /home/projects/bagon/shared/imagenet512/val/n04458633/ILSVRC2012_val_00020813.JPEG reached epsilon at step 3874, loss sum: 688.6946, final loss: 0.00095367, weight distance: 0.1132
2025-09-15 15:16:41,039 - INFO - Example 46 completed: 3874 steps, loss sum: 688.6946, final loss: 0.00095367, weight distance: 0.1132 (universal rank: 21680)
2025-09-15 15:16:41,039 - INFO - 
=== Training Example 47/1500: /home/projects/bagon/shared/imagenet512/val/n01944390/ILSVRC2012_val_00036200.JPEG ===
2025-09-15 15:18:34,259 - INFO - Example /home/projects/bagon/shared/imagenet512/val/n01944390/ILSVRC2012_val_00036200.JPEG reached epsilon at step 2669, loss sum: 975.1738, final loss: 0.00097656, weight distance: 0.0810
2025-09-15 15:18:35,299 - INFO - Example 47 completed: 2669 steps, loss sum: 975.1738, final loss: 0.00097656, weight distance: 0.0810 (universal rank: 21691)
2025-09-15 15:18:35,299 - INFO - 
=== Training Example 48/1500: /home/projects/bagon/shared/imagenet512/val/n02799071/ILSVRC2012_val_00011579.JPEG ===
2025-09-15 15:19:05,251 - INFO - Example /home/projects/bagon/shared/imagenet512/val/n02799071/ILSVRC2012_val_00011579.JPEG reached epsilon at step 705, loss sum: 205.5970, final loss: 0.00099945, weight distance: 0.0368
2025-09-15 15:19:06,229 - INFO - Example 48 completed: 705 steps, loss sum: 205.5970, final loss: 0.00099945, weight distance: 0.0368 (universal rank: 21692)
2025-09-15 15:19:06,229 - INFO - 
=== Training Example 49/1500: /home/projects/bagon/shared/imagenet512/val/n02256656/ILSVRC2012_val_00005538.JPEG ===
2025-09-15 15:20:16,842 - INFO - Example /home/projects/bagon/shared/imagenet512/val/n02256656/ILSVRC2012_val_00005538.JPEG reached epsilon at step 1663, loss sum: 386.8462, final loss: 0.00094986, weight distance: 0.0696
2025-09-15 15:20:18,276 - INFO - Example 49 completed: 1663 steps, loss sum: 386.8462, final loss: 0.00094986, weight distance: 0.0696 (universal rank: 21693)
2025-09-15 15:20:18,276 - INFO - 
=== Training Example 50/1500: /home/projects/bagon/shared/imagenet512/val/n07695742/ILSVRC2012_val_00006197.JPEG ===
2025-09-15 15:21:38,110 - INFO - Example /home/projects/bagon/shared/imagenet512/val/n07695742/ILSVRC2012_val_00006197.JPEG reached epsilon at step 1873, loss sum: 582.6955, final loss: 0.00099945, weight distance: 0.0745
2025-09-15 15:21:38,955 - INFO - Example 50 completed: 1873 steps, loss sum: 582.6955, final loss: 0.00099945, weight distance: 0.0745 (universal rank: 21698)
2025-09-15 15:21:38,955 - INFO - 
=== Training Example 51/1500: /home/projects/bagon/shared/imagenet512/val/n01632777/ILSVRC2012_val_00019710.JPEG ===
2025-09-15 15:24:22,337 - INFO - Example /home/projects/bagon/shared/imagenet512/val/n01632777/ILSVRC2012_val_00019710.JPEG reached epsilon at step 3769, loss sum: 1093.5880, final loss: 0.00088882, weight distance: 0.0940
2025-09-15 15:24:23,341 - INFO - Example 51 completed: 3769 steps, loss sum: 1093.5880, final loss: 0.00088882, weight distance: 0.0940 (universal rank: 21699)
2025-09-15 15:24:23,341 - INFO - 
=== Training Example 52/1500: /home/projects/bagon/shared/imagenet512/val/n02017213/ILSVRC2012_val_00029206.JPEG ===
2025-09-15 15:26:20,041 - INFO - Example /home/projects/bagon/shared/imagenet512/val/n02017213/ILSVRC2012_val_00029206.JPEG reached epsilon at step 2632, loss sum: 450.7202, final loss: 0.00099182, weight distance: 0.0876
2025-09-15 15:26:21,369 - INFO - Example 52 completed: 2632 steps, loss sum: 450.7202, final loss: 0.00099182, weight distance: 0.0876 (universal rank: 21704)
2025-09-15 15:26:21,369 - INFO - 
=== Training Example 53/1500: /home/projects/bagon/shared/imagenet512/val/n03314780/ILSVRC2012_val_00016473.JPEG ===
2025-09-15 15:30:05,157 - INFO - Example /home/projects/bagon/shared/imagenet512/val/n03314780/ILSVRC2012_val_00016473.JPEG reached epsilon at step 5071, loss sum: 1063.5177, final loss: 0.00099945, weight distance: 0.1161
2025-09-15 15:30:06,056 - INFO - Example 53 completed: 5071 steps, loss sum: 1063.5177, final loss: 0.00099945, weight distance: 0.1161 (universal rank: 21709)
2025-09-15 15:30:06,056 - INFO - 
=== Training Example 54/1500: /home/projects/bagon/shared/imagenet512/val/n02641379/ILSVRC2012_val_00020693.JPEG ===
2025-09-15 15:31:34,043 - INFO - Example /home/projects/bagon/shared/imagenet512/val/n02641379/ILSVRC2012_val_00020693.JPEG reached epsilon at step 1970, loss sum: 277.4498, final loss: 0.00099182, weight distance: 0.0559
2025-09-15 15:31:34,775 - INFO - Example 54 completed: 1970 steps, loss sum: 277.4498, final loss: 0.00099182, weight distance: 0.0559 (universal rank: 21720)
2025-09-15 15:31:34,775 - INFO - 
=== Training Example 55/1500: /home/projects/bagon/shared/imagenet512/val/n02106550/ILSVRC2012_val_00037152.JPEG ===
2025-09-15 15:36:59,587 - INFO - Example /home/projects/bagon/shared/imagenet512/val/n02106550/ILSVRC2012_val_00037152.JPEG reached epsilon at step 7262, loss sum: 1146.7780, final loss: 0.00099945, weight distance: 0.1410
2025-09-15 15:37:00,405 - INFO - Example 55 completed: 7262 steps, loss sum: 1146.7780, final loss: 0.00099945, weight distance: 0.1410 (universal rank: 21722)
2025-09-15 15:37:00,405 - INFO - 
=== Training Example 56/1500: /home/projects/bagon/shared/imagenet512/val/n02236044/ILSVRC2012_val_00034722.JPEG ===
2025-09-15 15:39:05,740 - INFO - Example /home/projects/bagon/shared/imagenet512/val/n02236044/ILSVRC2012_val_00034722.JPEG reached epsilon at step 2628, loss sum: 313.0337, final loss: 0.00098419, weight distance: 0.0787
2025-09-15 15:39:06,461 - INFO - Example 56 completed: 2628 steps, loss sum: 313.0337, final loss: 0.00098419, weight distance: 0.0787 (universal rank: 21726)
2025-09-15 15:39:06,461 - INFO - 
=== Training Example 57/1500: /home/projects/bagon/shared/imagenet512/val/n02951585/ILSVRC2012_val_00005444.JPEG ===
2025-09-15 15:42:34,424 - INFO - Example /home/projects/bagon/shared/imagenet512/val/n02951585/ILSVRC2012_val_00005444.JPEG reached epsilon at step 4511, loss sum: 492.8204, final loss: 0.00096893, weight distance: 0.0831
2025-09-15 15:42:35,159 - INFO - Example 57 completed: 4511 steps, loss sum: 492.8204, final loss: 0.00096893, weight distance: 0.0831 (universal rank: 21734)
2025-09-15 15:42:35,159 - INFO - 
=== Training Example 58/1500: /home/projects/bagon/shared/imagenet512/val/n02454379/ILSVRC2012_val_00046214.JPEG ===
2025-09-15 15:43:37,131 - INFO - Example /home/projects/bagon/shared/imagenet512/val/n02454379/ILSVRC2012_val_00046214.JPEG reached epsilon at step 1435, loss sum: 98.1046, final loss: 0.00094986, weight distance: 0.0452
2025-09-15 15:43:37,908 - INFO - Example 58 completed: 1435 steps, loss sum: 98.1046, final loss: 0.00094986, weight distance: 0.0452 (universal rank: 21735)
2025-09-15 15:43:37,908 - INFO - 
=== Training Example 59/1500: /home/projects/bagon/shared/imagenet512/val/n02116738/ILSVRC2012_val_00032535.JPEG ===
2025-09-15 15:45:03,300 - INFO - Example /home/projects/bagon/shared/imagenet512/val/n02116738/ILSVRC2012_val_00032535.JPEG reached epsilon at step 1981, loss sum: 69.4578, final loss: 0.00099945, weight distance: 0.0565
2025-09-15 15:45:04,330 - INFO - Example 59 completed: 1981 steps, loss sum: 69.4578, final loss: 0.00099945, weight distance: 0.0565 (universal rank: 21738)
2025-09-15 15:45:04,330 - INFO - 
=== Training Example 60/1500: /home/projects/bagon/shared/imagenet512/val/n02137549/ILSVRC2012_val_00031784.JPEG ===
2025-09-15 15:48:17,910 - INFO - Example /home/projects/bagon/shared/imagenet512/val/n02137549/ILSVRC2012_val_00031784.JPEG reached epsilon at step 4526, loss sum: 281.2802, final loss: 0.00098419, weight distance: 0.0891
2025-09-15 15:48:18,657 - INFO - Example 60 completed: 4526 steps, loss sum: 281.2802, final loss: 0.00098419, weight distance: 0.0891 (universal rank: 21769)
2025-09-15 15:48:18,657 - INFO - 
=== Training Example 61/1500: /home/projects/bagon/shared/imagenet512/val/n03843555/ILSVRC2012_val_00007698.JPEG ===
2025-09-15 15:49:45,684 - INFO - Example /home/projects/bagon/shared/imagenet512/val/n03843555/ILSVRC2012_val_00007698.JPEG reached epsilon at step 2039, loss sum: 193.8642, final loss: 0.00099945, weight distance: 0.0664
2025-09-15 15:49:46,677 - INFO - Example 61 completed: 2039 steps, loss sum: 193.8642, final loss: 0.00099945, weight distance: 0.0664 (universal rank: 21794)
2025-09-15 15:49:46,677 - INFO - 
=== Training Example 62/1500: /home/projects/bagon/shared/imagenet512/val/n02094433/ILSVRC2012_val_00035939.JPEG ===
2025-09-15 15:51:55,136 - INFO - Example /home/projects/bagon/shared/imagenet512/val/n02094433/ILSVRC2012_val_00035939.JPEG reached epsilon at step 3015, loss sum: 152.0590, final loss: 0.00096893, weight distance: 0.0763
2025-09-15 15:51:56,212 - INFO - Example 62 completed: 3015 steps, loss sum: 152.0590, final loss: 0.00096893, weight distance: 0.0763 (universal rank: 21808)
2025-09-15 15:51:56,212 - INFO - 
=== Training Example 63/1500: /home/projects/bagon/shared/imagenet512/val/n02640242/ILSVRC2012_val_00005529.JPEG ===
2025-09-15 15:53:59,561 - INFO - Example /home/projects/bagon/shared/imagenet512/val/n02640242/ILSVRC2012_val_00005529.JPEG reached epsilon at step 2770, loss sum: 588.0300, final loss: 0.00097656, weight distance: 0.0862
2025-09-15 15:54:00,247 - INFO - Example 63 completed: 2770 steps, loss sum: 588.0300, final loss: 0.00097656, weight distance: 0.0862 (universal rank: 21811)
2025-09-15 15:54:00,247 - INFO - 
=== Training Example 64/1500: /home/projects/bagon/shared/imagenet512/val/n02396427/ILSVRC2012_val_00046930.JPEG ===
2025-09-15 15:59:48,677 - INFO - Example /home/projects/bagon/shared/imagenet512/val/n02396427/ILSVRC2012_val_00046930.JPEG reached epsilon at step 7358, loss sum: 273.2529, final loss: 0.00099945, weight distance: 0.1453
2025-09-15 15:59:49,477 - INFO - Example 64 completed: 7358 steps, loss sum: 273.2529, final loss: 0.00099945, weight distance: 0.1453 (universal rank: 21814)
2025-09-15 15:59:49,477 - INFO - 
=== Training Example 65/1500: /home/projects/bagon/shared/imagenet512/val/n02640242/ILSVRC2012_val_00048433.JPEG ===
2025-09-15 16:01:43,424 - INFO - Example /home/projects/bagon/shared/imagenet512/val/n02640242/ILSVRC2012_val_00048433.JPEG reached epsilon at step 2668, loss sum: 199.1366, final loss: 0.00098419, weight distance: 0.0754
2025-09-15 16:01:44,126 - INFO - Example 65 completed: 2668 steps, loss sum: 199.1366, final loss: 0.00098419, weight distance: 0.0754 (universal rank: 21819)
2025-09-15 16:01:44,126 - INFO - 
=== Training Example 66/1500: /home/projects/bagon/shared/imagenet512/val/n01534433/ILSVRC2012_val_00037239.JPEG ===
2025-09-15 16:04:02,528 - INFO - Example /home/projects/bagon/shared/imagenet512/val/n01534433/ILSVRC2012_val_00037239.JPEG reached epsilon at step 3236, loss sum: 203.8015, final loss: 0.00096512, weight distance: 0.0871
2025-09-15 16:04:03,721 - INFO - Example 66 completed: 3236 steps, loss sum: 203.8015, final loss: 0.00096512, weight distance: 0.0871 (universal rank: 21824)
2025-09-15 16:04:03,721 - INFO - 
=== Training Example 67/1500: /home/projects/bagon/shared/imagenet512/val/n02939185/ILSVRC2012_val_00006370.JPEG ===
2025-09-15 16:06:10,229 - INFO - Example /home/projects/bagon/shared/imagenet512/val/n02939185/ILSVRC2012_val_00006370.JPEG reached epsilon at step 2941, loss sum: 180.1054, final loss: 0.00099945, weight distance: 0.0827
2025-09-15 16:06:10,915 - INFO - Example 67 completed: 2941 steps, loss sum: 180.1054, final loss: 0.00099945, weight distance: 0.0827 (universal rank: 21838)
2025-09-15 16:06:10,915 - INFO - 
=== Training Example 68/1500: /home/projects/bagon/shared/imagenet512/val/n02917067/ILSVRC2012_val_00025128.JPEG ===
2025-09-15 16:07:34,639 - INFO - Example /home/projects/bagon/shared/imagenet512/val/n02917067/ILSVRC2012_val_00025128.JPEG reached epsilon at step 1955, loss sum: 35.1349, final loss: 0.00099945, weight distance: 0.0487
2025-09-15 16:07:35,636 - INFO - Example 68 completed: 1955 steps, loss sum: 35.1349, final loss: 0.00099945, weight distance: 0.0487 (universal rank: 21849)
2025-09-15 16:07:35,636 - INFO - 
=== Training Example 69/1500: /home/projects/bagon/shared/imagenet512/val/n02177972/ILSVRC2012_val_00030510.JPEG ===
2025-09-15 16:09:52,546 - INFO - Example /home/projects/bagon/shared/imagenet512/val/n02177972/ILSVRC2012_val_00030510.JPEG reached epsilon at step 3209, loss sum: 192.3545, final loss: 0.00099945, weight distance: 0.0984
2025-09-15 16:09:53,232 - INFO - Example 69 completed: 3209 steps, loss sum: 192.3545, final loss: 0.00099945, weight distance: 0.0984 (universal rank: 21864)
2025-09-15 16:09:53,233 - INFO - 
=== Training Example 70/1500: /home/projects/bagon/shared/imagenet512/val/n01773157/ILSVRC2012_val_00022156.JPEG ===
2025-09-15 16:14:56,440 - INFO - Example /home/projects/bagon/shared/imagenet512/val/n01773157/ILSVRC2012_val_00022156.JPEG reached epsilon at step 7022, loss sum: 288.2259, final loss: 0.00099182, weight distance: 0.1199
2025-09-15 16:14:57,306 - INFO - Example 70 completed: 7022 steps, loss sum: 288.2259, final loss: 0.00099182, weight distance: 0.1199 (universal rank: 21865)
2025-09-15 16:14:57,306 - INFO - 
=== Training Example 71/1500: /home/projects/bagon/shared/imagenet512/val/n13040303/ILSVRC2012_val_00029304.JPEG ===
2025-09-15 16:16:09,087 - INFO - Example /home/projects/bagon/shared/imagenet512/val/n13040303/ILSVRC2012_val_00029304.JPEG reached epsilon at step 1651, loss sum: 211.3515, final loss: 0.00097656, weight distance: 0.0608
2025-09-15 16:16:09,777 - INFO - Example 71 completed: 1651 steps, loss sum: 211.3515, final loss: 0.00097656, weight distance: 0.0608 (universal rank: 21872)
2025-09-15 16:16:09,777 - INFO - 
=== Training Example 72/1500: /home/projects/bagon/shared/imagenet512/val/n04069434/ILSVRC2012_val_00043775.JPEG ===
2025-09-15 16:17:57,741 - INFO - Example /home/projects/bagon/shared/imagenet512/val/n04069434/ILSVRC2012_val_00043775.JPEG reached epsilon at step 2511, loss sum: 477.1793, final loss: 0.00099182, weight distance: 0.0781
2025-09-15 16:17:58,579 - INFO - Example 72 completed: 2511 steps, loss sum: 477.1793, final loss: 0.00099182, weight distance: 0.0781 (universal rank: 21882)
2025-09-15 16:17:58,579 - INFO - 
=== Training Example 73/1500: /home/projects/bagon/shared/imagenet512/val/n02398521/ILSVRC2012_val_00038714.JPEG ===
2025-09-15 16:19:07,139 - INFO - Example /home/projects/bagon/shared/imagenet512/val/n02398521/ILSVRC2012_val_00038714.JPEG reached epsilon at step 1589, loss sum: 213.6067, final loss: 0.00099182, weight distance: 0.0586
2025-09-15 16:19:07,932 - INFO - Example 73 completed: 1589 steps, loss sum: 213.6067, final loss: 0.00099182, weight distance: 0.0586 (universal rank: 21884)
2025-09-15 16:19:07,932 - INFO - 
=== Training Example 74/1500: /home/projects/bagon/shared/imagenet512/val/n04389033/ILSVRC2012_val_00004367.JPEG ===
2025-09-15 16:21:21,933 - INFO - Example /home/projects/bagon/shared/imagenet512/val/n04389033/ILSVRC2012_val_00004367.JPEG reached epsilon at step 3097, loss sum: 340.9211, final loss: 0.00099945, weight distance: 0.0791
2025-09-15 16:21:22,698 - INFO - Example 74 completed: 3097 steps, loss sum: 340.9211, final loss: 0.00099945, weight distance: 0.0791 (universal rank: 21891)
2025-09-15 16:21:22,699 - INFO - 
=== Training Example 75/1500: /home/projects/bagon/shared/imagenet512/val/n03355925/ILSVRC2012_val_00038515.JPEG ===
2025-09-15 16:24:03,321 - INFO - Example /home/projects/bagon/shared/imagenet512/val/n03355925/ILSVRC2012_val_00038515.JPEG reached epsilon at step 3779, loss sum: 449.8112, final loss: 0.00099182, weight distance: 0.1122
2025-09-15 16:24:04,820 - INFO - Example 75 completed: 3779 steps, loss sum: 449.8112, final loss: 0.00099182, weight distance: 0.1122 (universal rank: 21900)
2025-09-15 16:24:04,820 - INFO - 
=== Training Example 76/1500: /home/projects/bagon/shared/imagenet512/val/n01735189/ILSVRC2012_val_00037764.JPEG ===
2025-09-15 16:26:56,823 - INFO - Example /home/projects/bagon/shared/imagenet512/val/n01735189/ILSVRC2012_val_00037764.JPEG reached epsilon at step 4040, loss sum: 795.2576, final loss: 0.00097656, weight distance: 0.1033
2025-09-15 16:26:57,682 - INFO - Example 76 completed: 4040 steps, loss sum: 795.2576, final loss: 0.00097656, weight distance: 0.1033 (universal rank: 21913)
2025-09-15 16:26:57,682 - INFO - 
=== Training Example 77/1500: /home/projects/bagon/shared/imagenet512/val/n04380533/ILSVRC2012_val_00024312.JPEG ===
2025-09-15 16:29:14,901 - INFO - Example /home/projects/bagon/shared/imagenet512/val/n04380533/ILSVRC2012_val_00024312.JPEG reached epsilon at step 3211, loss sum: 320.5940, final loss: 0.00098419, weight distance: 0.0779
2025-09-15 16:29:16,984 - INFO - Example 77 completed: 3211 steps, loss sum: 320.5940, final loss: 0.00098419, weight distance: 0.0779 (universal rank: 21938)
2025-09-15 16:29:16,984 - INFO - 
=== Training Example 78/1500: /home/projects/bagon/shared/imagenet512/val/n03424325/ILSVRC2012_val_00015369.JPEG ===
2025-09-15 16:30:58,255 - INFO - Example /home/projects/bagon/shared/imagenet512/val/n03424325/ILSVRC2012_val_00015369.JPEG reached epsilon at step 2286, loss sum: 257.1627, final loss: 0.00098419, weight distance: 0.0762
2025-09-15 16:30:58,947 - INFO - Example 78 completed: 2286 steps, loss sum: 257.1627, final loss: 0.00098419, weight distance: 0.0762 (universal rank: 21967)
2025-09-15 16:30:58,947 - INFO - 
=== Training Example 79/1500: /home/projects/bagon/shared/imagenet512/val/n07716906/ILSVRC2012_val_00028556.JPEG ===
2025-09-15 16:32:28,113 - INFO - Example /home/projects/bagon/shared/imagenet512/val/n07716906/ILSVRC2012_val_00028556.JPEG reached epsilon at step 2067, loss sum: 355.1764, final loss: 0.00094986, weight distance: 0.0674
2025-09-15 16:32:28,903 - INFO - Example 79 completed: 2067 steps, loss sum: 355.1764, final loss: 0.00094986, weight distance: 0.0674 (universal rank: 21974)
2025-09-15 16:32:28,903 - INFO - 
=== Training Example 80/1500: /home/projects/bagon/shared/imagenet512/val/n02096051/ILSVRC2012_val_00009703.JPEG ===
2025-09-15 16:34:51,950 - INFO - Example /home/projects/bagon/shared/imagenet512/val/n02096051/ILSVRC2012_val_00009703.JPEG reached epsilon at step 2914, loss sum: 129.3353, final loss: 0.00096512, weight distance: 0.0779
2025-09-15 16:34:52,754 - INFO - Example 80 completed: 2914 steps, loss sum: 129.3353, final loss: 0.00096512, weight distance: 0.0779 (universal rank: 21985)
2025-09-15 16:34:52,754 - INFO - 
=== Training Example 81/1500: /home/projects/bagon/shared/imagenet512/val/n02396427/ILSVRC2012_val_00009551.JPEG ===
2025-09-15 16:41:05,283 - INFO - Example /home/projects/bagon/shared/imagenet512/val/n02396427/ILSVRC2012_val_00009551.JPEG reached epsilon at step 8783, loss sum: 225.8204, final loss: 0.00099182, weight distance: 0.1374
2025-09-15 16:41:06,496 - INFO - Example 81 completed: 8783 steps, loss sum: 225.8204, final loss: 0.00099182, weight distance: 0.1374 (universal rank: 22139)
2025-09-15 16:41:06,496 - INFO - 
=== Training Example 82/1500: /home/projects/bagon/shared/imagenet512/val/n03803284/ILSVRC2012_val_00043675.JPEG ===
2025-09-15 16:43:14,288 - INFO - Example /home/projects/bagon/shared/imagenet512/val/n03803284/ILSVRC2012_val_00043675.JPEG reached epsilon at step 3056, loss sum: 2930.5741, final loss: 0.00097275, weight distance: 0.1170
2025-09-15 16:43:14,957 - INFO - Example 82 completed: 3056 steps, loss sum: 2930.5741, final loss: 0.00097275, weight distance: 0.1170 (universal rank: 22201)
2025-09-15 16:43:14,957 - INFO - 
=== Training Example 83/1500: /home/projects/bagon/shared/imagenet512/val/n02074367/ILSVRC2012_val_00016382.JPEG ===
2025-09-15 16:45:04,060 - INFO - Example /home/projects/bagon/shared/imagenet512/val/n02074367/ILSVRC2012_val_00016382.JPEG reached epsilon at step 2605, loss sum: 884.3700, final loss: 0.00097275, weight distance: 0.0892
2025-09-15 16:45:04,786 - INFO - Example 83 completed: 2605 steps, loss sum: 884.3700, final loss: 0.00097275, weight distance: 0.0892 (universal rank: 22205)
2025-09-15 16:45:04,786 - INFO - 
=== Training Example 84/1500: /home/projects/bagon/shared/imagenet512/val/n03535780/ILSVRC2012_val_00025607.JPEG ===
2025-09-15 16:47:52,416 - INFO - Example /home/projects/bagon/shared/imagenet512/val/n03535780/ILSVRC2012_val_00025607.JPEG reached epsilon at step 3907, loss sum: 272.1128, final loss: 0.00097656, weight distance: 0.0959
2025-09-15 16:47:53,203 - INFO - Example 84 completed: 3907 steps, loss sum: 272.1128, final loss: 0.00097656, weight distance: 0.0959 (universal rank: 22216)
2025-09-15 16:47:53,203 - INFO - 
=== Training Example 85/1500: /home/projects/bagon/shared/imagenet512/val/n02088466/ILSVRC2012_val_00021915.JPEG ===
2025-09-15 16:50:45,204 - INFO - Example /home/projects/bagon/shared/imagenet512/val/n02088466/ILSVRC2012_val_00021915.JPEG reached epsilon at step 3841, loss sum: 385.2815, final loss: 0.00097656, weight distance: 0.1045
2025-09-15 16:50:45,891 - INFO - Example 85 completed: 3841 steps, loss sum: 385.2815, final loss: 0.00097656, weight distance: 0.1045 (universal rank: 22219)
2025-09-15 16:50:45,891 - INFO - 
=== Training Example 86/1500: /home/projects/bagon/shared/imagenet512/val/n03445777/ILSVRC2012_val_00041672.JPEG ===
2025-09-15 16:51:55,826 - INFO - Example /home/projects/bagon/shared/imagenet512/val/n03445777/ILSVRC2012_val_00041672.JPEG reached epsilon at step 1559, loss sum: 334.0234, final loss: 0.00097656, weight distance: 0.0643
2025-09-15 16:51:57,243 - INFO - Example 86 completed: 1559 steps, loss sum: 334.0234, final loss: 0.00097656, weight distance: 0.0643 (universal rank: 22223)
2025-09-15 16:51:57,243 - INFO - 
=== Training Example 87/1500: /home/projects/bagon/shared/imagenet512/val/n01518878/ILSVRC2012_val_00044483.JPEG ===
2025-09-15 16:53:22,662 - INFO - Example /home/projects/bagon/shared/imagenet512/val/n01518878/ILSVRC2012_val_00044483.JPEG reached epsilon at step 1930, loss sum: 406.2462, final loss: 0.00099182, weight distance: 0.0734
2025-09-15 16:53:23,345 - INFO - Example 87 completed: 1930 steps, loss sum: 406.2462, final loss: 0.00099182, weight distance: 0.0734 (universal rank: 22224)
2025-09-15 16:53:23,345 - INFO - 
=== Training Example 88/1500: /home/projects/bagon/shared/imagenet512/val/n02074367/ILSVRC2012_val_00000578.JPEG ===
2025-09-15 16:55:13,741 - INFO - Example /home/projects/bagon/shared/imagenet512/val/n02074367/ILSVRC2012_val_00000578.JPEG reached epsilon at step 2512, loss sum: 705.5117, final loss: 0.00099945, weight distance: 0.0890
2025-09-15 16:55:14,738 - INFO - Example 88 completed: 2512 steps, loss sum: 705.5117, final loss: 0.00099945, weight distance: 0.0890 (universal rank: 22237)
2025-09-15 16:55:14,738 - INFO - 
=== Training Example 89/1500: /home/projects/bagon/shared/imagenet512/val/n02687172/ILSVRC2012_val_00004089.JPEG ===
2025-09-15 16:57:16,304 - INFO - Example /home/projects/bagon/shared/imagenet512/val/n02687172/ILSVRC2012_val_00004089.JPEG reached epsilon at step 2807, loss sum: 70.0112, final loss: 0.00098419, weight distance: 0.0732
2025-09-15 16:57:17,078 - INFO - Example 89 completed: 2807 steps, loss sum: 70.0112, final loss: 0.00098419, weight distance: 0.0732 (universal rank: 22251)
2025-09-15 16:57:17,078 - INFO - 
=== Training Example 90/1500: /home/projects/bagon/shared/imagenet512/val/n04517823/ILSVRC2012_val_00020165.JPEG ===
2025-09-15 16:58:51,925 - INFO - Example /home/projects/bagon/shared/imagenet512/val/n04517823/ILSVRC2012_val_00020165.JPEG reached epsilon at step 2210, loss sum: 89.2084, final loss: 0.00099945, weight distance: 0.0706
2025-09-15 16:58:52,605 - INFO - Example 90 completed: 2210 steps, loss sum: 89.2084, final loss: 0.00099945, weight distance: 0.0706 (universal rank: 22253)
2025-09-15 16:58:52,605 - INFO - 
=== Training Example 91/1500: /home/projects/bagon/shared/imagenet512/val/n04026417/ILSVRC2012_val_00013221.JPEG ===
2025-09-15 17:00:47,224 - INFO - Example /home/projects/bagon/shared/imagenet512/val/n04026417/ILSVRC2012_val_00013221.JPEG reached epsilon at step 2763, loss sum: 208.6198, final loss: 0.00099182, weight distance: 0.0890
2025-09-15 17:00:48,213 - INFO - Example 91 completed: 2763 steps, loss sum: 208.6198, final loss: 0.00099182, weight distance: 0.0890 (universal rank: 22260)
2025-09-15 17:00:48,213 - INFO - 
=== Training Example 92/1500: /home/projects/bagon/shared/imagenet512/val/n02640242/ILSVRC2012_val_00009240.JPEG ===
2025-09-15 17:03:12,047 - INFO - Example /home/projects/bagon/shared/imagenet512/val/n02640242/ILSVRC2012_val_00009240.JPEG reached epsilon at step 3294, loss sum: 411.6000, final loss: 0.00094986, weight distance: 0.0799
2025-09-15 17:03:13,282 - INFO - Example 92 completed: 3294 steps, loss sum: 411.6000, final loss: 0.00094986, weight distance: 0.0799 (universal rank: 22279)
2025-09-15 17:03:13,282 - INFO - 
=== Training Example 93/1500: /home/projects/bagon/shared/imagenet512/val/n02871525/ILSVRC2012_val_00033346.JPEG ===
2025-09-15 17:05:47,821 - INFO - Example /home/projects/bagon/shared/imagenet512/val/n02871525/ILSVRC2012_val_00033346.JPEG reached epsilon at step 3692, loss sum: 333.6848, final loss: 0.00098419, weight distance: 0.1044
2025-09-15 17:05:48,513 - INFO - Example 93 completed: 3692 steps, loss sum: 333.6848, final loss: 0.00098419, weight distance: 0.1044 (universal rank: 22284)
2025-09-15 17:05:48,513 - INFO - 
=== Training Example 94/1500: /home/projects/bagon/shared/imagenet512/val/n02119789/ILSVRC2012_val_00006183.JPEG ===
2025-09-15 17:08:25,981 - INFO - Example /home/projects/bagon/shared/imagenet512/val/n02119789/ILSVRC2012_val_00006183.JPEG reached epsilon at step 3453, loss sum: 102.5397, final loss: 0.00098419, weight distance: 0.0829
2025-09-15 17:08:26,913 - INFO - Example 94 completed: 3453 steps, loss sum: 102.5397, final loss: 0.00098419, weight distance: 0.0829 (universal rank: 22289)
2025-09-15 17:08:26,913 - INFO - 
=== Training Example 95/1500: /home/projects/bagon/shared/imagenet512/val/n02823428/ILSVRC2012_val_00046968.JPEG ===
2025-09-15 17:10:00,147 - INFO - Example /home/projects/bagon/shared/imagenet512/val/n02823428/ILSVRC2012_val_00046968.JPEG reached epsilon at step 2077, loss sum: 125.4852, final loss: 0.00099945, weight distance: 0.0764
2025-09-15 17:10:00,860 - INFO - Example 95 completed: 2077 steps, loss sum: 125.4852, final loss: 0.00099945, weight distance: 0.0764 (universal rank: 22294)
2025-09-15 17:10:00,860 - INFO - 
=== Training Example 96/1500: /home/projects/bagon/shared/imagenet512/val/n01698640/ILSVRC2012_val_00049333.JPEG ===
2025-09-15 17:10:40,795 - INFO - Example /home/projects/bagon/shared/imagenet512/val/n01698640/ILSVRC2012_val_00049333.JPEG reached epsilon at step 863, loss sum: 44.0129, final loss: 0.00098419, weight distance: 0.0353
2025-09-15 17:10:41,525 - INFO - Example 96 completed: 863 steps, loss sum: 44.0129, final loss: 0.00098419, weight distance: 0.0353 (universal rank: 22299)
2025-09-15 17:10:41,525 - INFO - 
=== Training Example 97/1500: /home/projects/bagon/shared/imagenet512/val/n02672831/ILSVRC2012_val_00001769.JPEG ===
2025-09-15 17:12:16,267 - INFO - Example /home/projects/bagon/shared/imagenet512/val/n02672831/ILSVRC2012_val_00001769.JPEG reached epsilon at step 2039, loss sum: 208.7720, final loss: 0.00099945, weight distance: 0.0734
2025-09-15 17:12:16,988 - INFO - Example 97 completed: 2039 steps, loss sum: 208.7720, final loss: 0.00099945, weight distance: 0.0734 (universal rank: 22306)
2025-09-15 17:12:16,988 - INFO - 
=== Training Example 98/1500: /home/projects/bagon/shared/imagenet512/val/n01694178/ILSVRC2012_val_00043043.JPEG ===
2025-09-15 17:14:51,046 - INFO - Example /home/projects/bagon/shared/imagenet512/val/n01694178/ILSVRC2012_val_00043043.JPEG reached epsilon at step 3385, loss sum: 1041.0226, final loss: 0.00098419, weight distance: 0.1075
2025-09-15 17:14:51,759 - INFO - Example 98 completed: 3385 steps, loss sum: 1041.0226, final loss: 0.00098419, weight distance: 0.1075 (universal rank: 22338)
2025-09-15 17:14:51,760 - INFO - 
=== Training Example 99/1500: /home/projects/bagon/shared/imagenet512/val/n02097130/ILSVRC2012_val_00006744.JPEG ===
2025-09-15 17:20:07,054 - INFO - Example /home/projects/bagon/shared/imagenet512/val/n02097130/ILSVRC2012_val_00006744.JPEG reached epsilon at step 7313, loss sum: 665.6591, final loss: 0.00099182, weight distance: 0.1221
2025-09-15 17:20:07,921 - INFO - Example 99 completed: 7313 steps, loss sum: 665.6591, final loss: 0.00099182, weight distance: 0.1221 (universal rank: 22384)
2025-09-15 17:20:07,921 - INFO - 
=== Training Example 100/1500: /home/projects/bagon/shared/imagenet512/val/n04366367/ILSVRC2012_val_00014891.JPEG ===
2025-09-15 17:22:09,104 - INFO - Example /home/projects/bagon/shared/imagenet512/val/n04366367/ILSVRC2012_val_00014891.JPEG reached epsilon at step 2844, loss sum: 688.8642, final loss: 0.00099945, weight distance: 0.0700
2025-09-15 17:22:09,951 - INFO - Example 100 completed: 2844 steps, loss sum: 688.8642, final loss: 0.00099945, weight distance: 0.0700 (universal rank: 22393)
2025-09-15 17:22:09,951 - INFO - 
=== Training Example 101/1500: /home/projects/bagon/shared/imagenet512/val/n02110806/ILSVRC2012_val_00012221.JPEG ===
2025-09-15 17:24:33,496 - INFO - Example /home/projects/bagon/shared/imagenet512/val/n02110806/ILSVRC2012_val_00012221.JPEG reached epsilon at step 3359, loss sum: 1182.6115, final loss: 0.00093842, weight distance: 0.1277
2025-09-15 17:24:34,207 - INFO - Example 101 completed: 3359 steps, loss sum: 1182.6115, final loss: 0.00093842, weight distance: 0.1277 (universal rank: 22715)
2025-09-15 17:24:34,207 - INFO - 
=== Training Example 102/1500: /home/projects/bagon/shared/imagenet512/val/n02109525/ILSVRC2012_val_00037970.JPEG ===
2025-09-15 17:28:40,182 - INFO - Example /home/projects/bagon/shared/imagenet512/val/n02109525/ILSVRC2012_val_00037970.JPEG reached epsilon at step 5366, loss sum: 1211.2213, final loss: 0.00099182, weight distance: 0.1454
2025-09-15 17:28:40,992 - INFO - Example 102 completed: 5366 steps, loss sum: 1211.2213, final loss: 0.00099182, weight distance: 0.1454 (universal rank: 22721)
2025-09-15 17:28:40,992 - INFO - 
=== Training Example 103/1500: /home/projects/bagon/shared/imagenet512/val/n03814639/ILSVRC2012_val_00028383.JPEG ===
2025-09-15 17:31:55,096 - INFO - Example /home/projects/bagon/shared/imagenet512/val/n03814639/ILSVRC2012_val_00028383.JPEG reached epsilon at step 4219, loss sum: 490.1853, final loss: 0.00099945, weight distance: 0.1003
2025-09-15 17:31:56,012 - INFO - Example 103 completed: 4219 steps, loss sum: 490.1853, final loss: 0.00099945, weight distance: 0.1003 (universal rank: 22730)
2025-09-15 17:31:56,012 - INFO - 
=== Training Example 104/1500: /home/projects/bagon/shared/imagenet512/val/n04067472/ILSVRC2012_val_00038499.JPEG ===
2025-09-15 17:32:51,053 - INFO - Example /home/projects/bagon/shared/imagenet512/val/n04067472/ILSVRC2012_val_00038499.JPEG reached epsilon at step 1296, loss sum: 190.7030, final loss: 0.00099182, weight distance: 0.0551
2025-09-15 17:32:51,879 - INFO - Example 104 completed: 1296 steps, loss sum: 190.7030, final loss: 0.00099182, weight distance: 0.0551 (universal rank: 22739)
2025-09-15 17:32:51,879 - INFO - 
=== Training Example 105/1500: /home/projects/bagon/shared/imagenet512/val/n01664065/ILSVRC2012_val_00028760.JPEG ===
2025-09-15 17:33:45,062 - INFO - Example /home/projects/bagon/shared/imagenet512/val/n01664065/ILSVRC2012_val_00028760.JPEG reached epsilon at step 1260, loss sum: 60.0108, final loss: 0.00099945, weight distance: 0.0535
2025-09-15 17:33:46,173 - INFO - Example 105 completed: 1260 steps, loss sum: 60.0108, final loss: 0.00099945, weight distance: 0.0535 (universal rank: 22746)
2025-09-15 17:33:46,173 - INFO - 
=== Training Example 106/1500: /home/projects/bagon/shared/imagenet512/val/n03476684/ILSVRC2012_val_00030414.JPEG ===
2025-09-15 17:35:10,274 - INFO - Example /home/projects/bagon/shared/imagenet512/val/n03476684/ILSVRC2012_val_00030414.JPEG reached epsilon at step 2016, loss sum: 205.5521, final loss: 0.00099945, weight distance: 0.0759
2025-09-15 17:35:10,964 - INFO - Example 106 completed: 2016 steps, loss sum: 205.5521, final loss: 0.00099945, weight distance: 0.0759 (universal rank: 22772)
2025-09-15 17:35:10,964 - INFO - 
=== Training Example 107/1500: /home/projects/bagon/shared/imagenet512/val/n04423845/ILSVRC2012_val_00046161.JPEG ===
2025-09-15 17:37:36,579 - INFO - Example /home/projects/bagon/shared/imagenet512/val/n04423845/ILSVRC2012_val_00046161.JPEG reached epsilon at step 3457, loss sum: 637.0242, final loss: 0.00099182, weight distance: 0.0884
2025-09-15 17:37:37,710 - INFO - Example 107 completed: 3457 steps, loss sum: 637.0242, final loss: 0.00099182, weight distance: 0.0884 (universal rank: 22789)
2025-09-15 17:37:37,710 - INFO - 
=== Training Example 108/1500: /home/projects/bagon/shared/imagenet512/val/n01768244/ILSVRC2012_val_00011634.JPEG ===
2025-09-15 17:40:22,810 - INFO - Example /home/projects/bagon/shared/imagenet512/val/n01768244/ILSVRC2012_val_00011634.JPEG reached epsilon at step 3903, loss sum: 1506.8302, final loss: 0.00098419, weight distance: 0.1153
2025-09-15 17:40:23,521 - INFO - Example 108 completed: 3903 steps, loss sum: 1506.8302, final loss: 0.00098419, weight distance: 0.1153 (universal rank: 22796)
2025-09-15 17:40:23,521 - INFO - 
=== Training Example 109/1500: /home/projects/bagon/shared/imagenet512/val/n03271574/ILSVRC2012_val_00002680.JPEG ===
2025-09-15 17:41:27,217 - INFO - Example /home/projects/bagon/shared/imagenet512/val/n03271574/ILSVRC2012_val_00002680.JPEG reached epsilon at step 1387, loss sum: 406.4824, final loss: 0.00097275, weight distance: 0.0691
2025-09-15 17:41:27,920 - INFO - Example 109 completed: 1387 steps, loss sum: 406.4824, final loss: 0.00097275, weight distance: 0.0691 (universal rank: 22799)
2025-09-15 17:41:27,920 - INFO - 
=== Training Example 110/1500: /home/projects/bagon/shared/imagenet512/val/n01990800/ILSVRC2012_val_00000669.JPEG ===
2025-09-15 17:42:47,465 - INFO - Example /home/projects/bagon/shared/imagenet512/val/n01990800/ILSVRC2012_val_00000669.JPEG reached epsilon at step 1644, loss sum: 130.3839, final loss: 0.00096130, weight distance: 0.0582
2025-09-15 17:42:48,273 - INFO - Example 110 completed: 1644 steps, loss sum: 130.3839, final loss: 0.00096130, weight distance: 0.0582 (universal rank: 22827)
2025-09-15 17:42:48,273 - INFO - 
=== Training Example 111/1500: /home/projects/bagon/shared/imagenet512/val/n03220513/ILSVRC2012_val_00007127.JPEG ===
2025-09-15 17:46:03,582 - INFO - Example /home/projects/bagon/shared/imagenet512/val/n03220513/ILSVRC2012_val_00007127.JPEG reached epsilon at step 4315, loss sum: 2187.8923, final loss: 0.00099182, weight distance: 0.1365
2025-09-15 17:46:04,443 - INFO - Example 111 completed: 4315 steps, loss sum: 2187.8923, final loss: 0.00099182, weight distance: 0.1365 (universal rank: 22864)
2025-09-15 17:46:04,443 - INFO - 
=== Training Example 112/1500: /home/projects/bagon/shared/imagenet512/val/n07565083/ILSVRC2012_val_00024407.JPEG ===
2025-09-15 17:47:44,658 - INFO - Example /home/projects/bagon/shared/imagenet512/val/n07565083/ILSVRC2012_val_00024407.JPEG reached epsilon at step 2337, loss sum: 46.1702, final loss: 0.00096130, weight distance: 0.0527
2025-09-15 17:47:45,883 - INFO - Example 112 completed: 2337 steps, loss sum: 46.1702, final loss: 0.00096130, weight distance: 0.0527 (universal rank: 22869)
2025-09-15 17:47:45,883 - INFO - 
=== Training Example 113/1500: /home/projects/bagon/shared/imagenet512/val/n01775062/ILSVRC2012_val_00037348.JPEG ===
2025-09-15 17:51:06,875 - INFO - Example /home/projects/bagon/shared/imagenet512/val/n01775062/ILSVRC2012_val_00037348.JPEG reached epsilon at step 4695, loss sum: 550.5877, final loss: 0.00098419, weight distance: 0.1064
2025-09-15 17:51:07,679 - INFO - Example 113 completed: 4695 steps, loss sum: 550.5877, final loss: 0.00098419, weight distance: 0.1064 (universal rank: 22942)
2025-09-15 17:51:07,680 - INFO - 
=== Training Example 114/1500: /home/projects/bagon/shared/imagenet512/val/n04023962/ILSVRC2012_val_00048984.JPEG ===
2025-09-15 17:52:36,669 - INFO - Example /home/projects/bagon/shared/imagenet512/val/n04023962/ILSVRC2012_val_00048984.JPEG reached epsilon at step 2083, loss sum: 528.4370, final loss: 0.00099945, weight distance: 0.0776
2025-09-15 17:52:37,613 - INFO - Example 114 completed: 2083 steps, loss sum: 528.4370, final loss: 0.00099945, weight distance: 0.0776 (universal rank: 22952)
2025-09-15 17:52:37,613 - INFO - 
=== Training Example 115/1500: /home/projects/bagon/shared/imagenet512/val/n03843555/ILSVRC2012_val_00046118.JPEG ===
2025-09-15 17:54:29,463 - INFO - Example /home/projects/bagon/shared/imagenet512/val/n03843555/ILSVRC2012_val_00046118.JPEG reached epsilon at step 2303, loss sum: 425.8945, final loss: 0.00094986, weight distance: 0.0760
2025-09-15 17:54:30,247 - INFO - Example 115 completed: 2303 steps, loss sum: 425.8945, final loss: 0.00094986, weight distance: 0.0760 (universal rank: 22980)
2025-09-15 17:54:30,247 - INFO - 
=== Training Example 116/1500: /home/projects/bagon/shared/imagenet512/val/n03220513/ILSVRC2012_val_00016137.JPEG ===
2025-09-15 17:56:28,093 - INFO - Example /home/projects/bagon/shared/imagenet512/val/n03220513/ILSVRC2012_val_00016137.JPEG reached epsilon at step 2446, loss sum: 118.4426, final loss: 0.00099945, weight distance: 0.0766
2025-09-15 17:56:29,074 - INFO - Example 116 completed: 2446 steps, loss sum: 118.4426, final loss: 0.00099945, weight distance: 0.0766 (universal rank: 22981)
2025-09-15 17:56:29,074 - INFO - 
=== Training Example 117/1500: /home/projects/bagon/shared/imagenet512/val/n02869837/ILSVRC2012_val_00038441.JPEG ===
2025-09-15 17:58:14,246 - INFO - Example /home/projects/bagon/shared/imagenet512/val/n02869837/ILSVRC2012_val_00038441.JPEG reached epsilon at step 2445, loss sum: 83.1098, final loss: 0.00099945, weight distance: 0.0566
2025-09-15 17:58:14,987 - INFO - Example 117 completed: 2445 steps, loss sum: 83.1098, final loss: 0.00099945, weight distance: 0.0566 (universal rank: 22982)
2025-09-15 17:58:14,987 - INFO - 
=== Training Example 118/1500: /home/projects/bagon/shared/imagenet512/val/n02085782/ILSVRC2012_val_00009007.JPEG ===
2025-09-15 17:59:46,197 - INFO - Example /home/projects/bagon/shared/imagenet512/val/n02085782/ILSVRC2012_val_00009007.JPEG reached epsilon at step 2130, loss sum: 161.8896, final loss: 0.00095749, weight distance: 0.0707
2025-09-15 17:59:47,255 - INFO - Example 118 completed: 2130 steps, loss sum: 161.8896, final loss: 0.00095749, weight distance: 0.0707 (universal rank: 23040)
2025-09-15 17:59:47,255 - INFO - 
=== Training Example 119/1500: /home/projects/bagon/shared/imagenet512/val/n02167151/ILSVRC2012_val_00012845.JPEG ===
2025-09-15 18:01:27,881 - INFO - Example /home/projects/bagon/shared/imagenet512/val/n02167151/ILSVRC2012_val_00012845.JPEG reached epsilon at step 2347, loss sum: 458.4585, final loss: 0.00094986, weight distance: 0.0852
2025-09-15 18:01:28,902 - INFO - Example 119 completed: 2347 steps, loss sum: 458.4585, final loss: 0.00094986, weight distance: 0.0852 (universal rank: 23059)
2025-09-15 18:01:28,902 - INFO - 
=== Training Example 120/1500: /home/projects/bagon/shared/imagenet512/val/n04461696/ILSVRC2012_val_00031782.JPEG ===
2025-09-15 18:05:27,949 - INFO - Example /home/projects/bagon/shared/imagenet512/val/n04461696/ILSVRC2012_val_00031782.JPEG reached epsilon at step 5460, loss sum: 657.5938, final loss: 0.00097656, weight distance: 0.1334
2025-09-15 18:05:28,874 - INFO - Example 120 completed: 5460 steps, loss sum: 657.5938, final loss: 0.00097656, weight distance: 0.1334 (universal rank: 23143)
2025-09-15 18:05:28,874 - INFO - 
=== Training Example 121/1500: /home/projects/bagon/shared/imagenet512/val/n03133878/ILSVRC2012_val_00023418.JPEG ===
2025-09-15 18:07:25,244 - INFO - Example /home/projects/bagon/shared/imagenet512/val/n03133878/ILSVRC2012_val_00023418.JPEG reached epsilon at step 2651, loss sum: 339.2937, final loss: 0.00097656, weight distance: 0.0856
2025-09-15 18:07:26,280 - INFO - Example 121 completed: 2651 steps, loss sum: 339.2937, final loss: 0.00097656, weight distance: 0.0856 (universal rank: 23156)
2025-09-15 18:07:26,280 - INFO - 
=== Training Example 122/1500: /home/projects/bagon/shared/imagenet512/val/n03259280/ILSVRC2012_val_00045899.JPEG ===
2025-09-15 18:08:22,880 - INFO - Example /home/projects/bagon/shared/imagenet512/val/n03259280/ILSVRC2012_val_00045899.JPEG reached epsilon at step 1232, loss sum: 150.6219, final loss: 0.00099182, weight distance: 0.0613
2025-09-15 18:08:24,200 - INFO - Example 122 completed: 1232 steps, loss sum: 150.6219, final loss: 0.00099182, weight distance: 0.0613 (universal rank: 23157)
2025-09-15 18:08:24,200 - INFO - 
=== Training Example 123/1500: /home/projects/bagon/shared/imagenet512/val/n04254680/ILSVRC2012_val_00030118.JPEG ===
2025-09-15 18:11:16,953 - INFO - Example /home/projects/bagon/shared/imagenet512/val/n04254680/ILSVRC2012_val_00030118.JPEG reached epsilon at step 3714, loss sum: 1847.6672, final loss: 0.00099945, weight distance: 0.1199
2025-09-15 18:11:18,161 - INFO - Example 123 completed: 3714 steps, loss sum: 1847.6672, final loss: 0.00099945, weight distance: 0.1199 (universal rank: 23158)
2025-09-15 18:11:18,161 - INFO - 
=== Training Example 124/1500: /home/projects/bagon/shared/imagenet512/val/n01737021/ILSVRC2012_val_00038270.JPEG ===
2025-09-15 18:12:26,695 - INFO - Example /home/projects/bagon/shared/imagenet512/val/n01737021/ILSVRC2012_val_00038270.JPEG reached epsilon at step 1509, loss sum: 169.1461, final loss: 0.00099945, weight distance: 0.0519
2025-09-15 18:12:28,100 - INFO - Example 124 completed: 1509 steps, loss sum: 169.1461, final loss: 0.00099945, weight distance: 0.0519 (universal rank: 23160)
2025-09-15 18:12:28,100 - INFO - 
=== Training Example 125/1500: /home/projects/bagon/shared/imagenet512/val/n02727426/ILSVRC2012_val_00041411.JPEG ===
2025-09-15 18:13:30,710 - INFO - Example /home/projects/bagon/shared/imagenet512/val/n02727426/ILSVRC2012_val_00041411.JPEG reached epsilon at step 1258, loss sum: 388.0023, final loss: 0.00099945, weight distance: 0.0636
2025-09-15 18:13:31,782 - INFO - Example 125 completed: 1258 steps, loss sum: 388.0023, final loss: 0.00099945, weight distance: 0.0636 (universal rank: 23161)
2025-09-15 18:13:31,782 - INFO - 
=== Training Example 126/1500: /home/projects/bagon/shared/imagenet512/val/n03594945/ILSVRC2012_val_00037128.JPEG ===
2025-09-15 18:18:04,971 - INFO - Example /home/projects/bagon/shared/imagenet512/val/n03594945/ILSVRC2012_val_00037128.JPEG reached epsilon at step 6142, loss sum: 2702.9400, final loss: 0.00099945, weight distance: 0.1552
2025-09-15 18:18:06,108 - INFO - Example 126 completed: 6142 steps, loss sum: 2702.9400, final loss: 0.00099945, weight distance: 0.1552 (universal rank: 23165)
2025-09-15 18:18:06,108 - INFO - 
=== Training Example 127/1500: /home/projects/bagon/shared/imagenet512/val/n01829413/ILSVRC2012_val_00043635.JPEG ===
2025-09-15 18:20:27,780 - INFO - Example /home/projects/bagon/shared/imagenet512/val/n01829413/ILSVRC2012_val_00043635.JPEG reached epsilon at step 3009, loss sum: 1369.1465, final loss: 0.00099945, weight distance: 0.1128
2025-09-15 18:20:28,835 - INFO - Example 127 completed: 3009 steps, loss sum: 1369.1465, final loss: 0.00099945, weight distance: 0.1128 (universal rank: 23166)
2025-09-15 18:20:28,835 - INFO - 
=== Training Example 128/1500: /home/projects/bagon/shared/imagenet512/val/n04398044/ILSVRC2012_val_00006001.JPEG ===
2025-09-15 18:23:03,147 - INFO - Example /home/projects/bagon/shared/imagenet512/val/n04398044/ILSVRC2012_val_00006001.JPEG reached epsilon at step 3339, loss sum: 838.7321, final loss: 0.00099945, weight distance: 0.1006
2025-09-15 18:23:04,170 - INFO - Example 128 completed: 3339 steps, loss sum: 838.7321, final loss: 0.00099945, weight distance: 0.1006 (universal rank: 23167)
2025-09-15 18:23:04,170 - INFO - 
=== Training Example 129/1500: /home/projects/bagon/shared/imagenet512/val/n03075370/ILSVRC2012_val_00009018.JPEG ===
2025-09-15 18:25:11,456 - INFO - Example /home/projects/bagon/shared/imagenet512/val/n03075370/ILSVRC2012_val_00009018.JPEG reached epsilon at step 2844, loss sum: 604.6721, final loss: 0.00098419, weight distance: 0.0919
2025-09-15 18:25:12,181 - INFO - Example 129 completed: 2844 steps, loss sum: 604.6721, final loss: 0.00098419, weight distance: 0.0919 (universal rank: 23178)
2025-09-15 18:25:12,181 - INFO - 
=== Training Example 130/1500: /home/projects/bagon/shared/imagenet512/val/n02120079/ILSVRC2012_val_00007290.JPEG ===
2025-09-15 18:28:07,241 - INFO - Example /home/projects/bagon/shared/imagenet512/val/n02120079/ILSVRC2012_val_00007290.JPEG reached epsilon at step 3792, loss sum: 1136.9205, final loss: 0.00099945, weight distance: 0.1171
2025-09-15 18:28:08,277 - INFO - Example 130 completed: 3792 steps, loss sum: 1136.9205, final loss: 0.00099945, weight distance: 0.1171 (universal rank: 23182)
2025-09-15 18:28:08,277 - INFO - 
=== Training Example 131/1500: /home/projects/bagon/shared/imagenet512/val/n01755581/ILSVRC2012_val_00049541.JPEG ===
2025-09-15 18:30:43,128 - INFO - Example /home/projects/bagon/shared/imagenet512/val/n01755581/ILSVRC2012_val_00049541.JPEG reached epsilon at step 3330, loss sum: 682.2464, final loss: 0.00098419, weight distance: 0.1109
2025-09-15 18:30:44,090 - INFO - Example 131 completed: 3330 steps, loss sum: 682.2464, final loss: 0.00098419, weight distance: 0.1109 (universal rank: 23190)
2025-09-15 18:30:44,091 - INFO - 
=== Training Example 132/1500: /home/projects/bagon/shared/imagenet512/val/n03992509/ILSVRC2012_val_00008761.JPEG ===
2025-09-15 18:31:50,096 - INFO - Example /home/projects/bagon/shared/imagenet512/val/n03992509/ILSVRC2012_val_00008761.JPEG reached epsilon at step 1484, loss sum: 668.2130, final loss: 0.00099945, weight distance: 0.0667
2025-09-15 18:31:50,825 - INFO - Example 132 completed: 1484 steps, loss sum: 668.2130, final loss: 0.00099945, weight distance: 0.0667 (universal rank: 23192)
2025-09-15 18:31:50,826 - INFO - 
=== Training Example 133/1500: /home/projects/bagon/shared/imagenet512/val/n02112018/ILSVRC2012_val_00010373.JPEG ===
2025-09-15 18:33:43,959 - INFO - Example /home/projects/bagon/shared/imagenet512/val/n02112018/ILSVRC2012_val_00010373.JPEG reached epsilon at step 2436, loss sum: 742.9447, final loss: 0.00094986, weight distance: 0.0817
2025-09-15 18:33:44,703 - INFO - Example 133 completed: 2436 steps, loss sum: 742.9447, final loss: 0.00094986, weight distance: 0.0817 (universal rank: 23215)
2025-09-15 18:33:44,703 - INFO - 
=== Training Example 134/1500: /home/projects/bagon/shared/imagenet512/val/n02672831/ILSVRC2012_val_00028627.JPEG ===
2025-09-15 18:35:50,921 - INFO - Example /home/projects/bagon/shared/imagenet512/val/n02672831/ILSVRC2012_val_00028627.JPEG reached epsilon at step 2690, loss sum: 191.7551, final loss: 0.00099182, weight distance: 0.0796
2025-09-15 18:35:51,673 - INFO - Example 134 completed: 2690 steps, loss sum: 191.7551, final loss: 0.00099182, weight distance: 0.0796 (universal rank: 23218)
2025-09-15 18:35:51,673 - INFO - 
=== Training Example 135/1500: /home/projects/bagon/shared/imagenet512/val/n02137549/ILSVRC2012_val_00049781.JPEG ===
2025-09-15 18:37:44,720 - INFO - Example /home/projects/bagon/shared/imagenet512/val/n02137549/ILSVRC2012_val_00049781.JPEG reached epsilon at step 2386, loss sum: 467.0434, final loss: 0.00093079, weight distance: 0.0843
2025-09-15 18:37:45,972 - INFO - Example 135 completed: 2386 steps, loss sum: 467.0434, final loss: 0.00093079, weight distance: 0.0843 (universal rank: 23225)
2025-09-15 18:37:45,972 - INFO - 
=== Training Example 136/1500: /home/projects/bagon/shared/imagenet512/val/n04462240/ILSVRC2012_val_00007378.JPEG ===
2025-09-15 18:39:17,985 - INFO - Example /home/projects/bagon/shared/imagenet512/val/n04462240/ILSVRC2012_val_00007378.JPEG reached epsilon at step 2068, loss sum: 179.4557, final loss: 0.00099182, weight distance: 0.0697
2025-09-15 18:39:18,763 - INFO - Example 136 completed: 2068 steps, loss sum: 179.4557, final loss: 0.00099182, weight distance: 0.0697 (universal rank: 23236)
2025-09-15 18:39:18,763 - INFO - 
=== Training Example 137/1500: /home/projects/bagon/shared/imagenet512/val/n02398521/ILSVRC2012_val_00038173.JPEG ===
2025-09-15 18:40:52,278 - INFO - Example /home/projects/bagon/shared/imagenet512/val/n02398521/ILSVRC2012_val_00038173.JPEG reached epsilon at step 2055, loss sum: 487.8292, final loss: 0.00099182, weight distance: 0.0812
2025-09-15 18:40:53,092 - INFO - Example 137 completed: 2055 steps, loss sum: 487.8292, final loss: 0.00099182, weight distance: 0.0812 (universal rank: 23244)
2025-09-15 18:40:53,092 - INFO - 
=== Training Example 138/1500: /home/projects/bagon/shared/imagenet512/val/n03977966/ILSVRC2012_val_00043114.JPEG ===
2025-09-15 18:46:06,367 - INFO - Example /home/projects/bagon/shared/imagenet512/val/n03977966/ILSVRC2012_val_00043114.JPEG reached epsilon at step 6946, loss sum: 916.0456, final loss: 0.00099945, weight distance: 0.1465
2025-09-15 18:46:07,436 - INFO - Example 138 completed: 6946 steps, loss sum: 916.0456, final loss: 0.00099945, weight distance: 0.1465 (universal rank: 23252)
2025-09-15 18:46:07,436 - INFO - 
=== Training Example 139/1500: /home/projects/bagon/shared/imagenet512/val/n02114855/ILSVRC2012_val_00039555.JPEG ===
2025-09-15 18:49:15,113 - INFO - Example /home/projects/bagon/shared/imagenet512/val/n02114855/ILSVRC2012_val_00039555.JPEG reached epsilon at step 4179, loss sum: 128.5217, final loss: 0.00099945, weight distance: 0.0874
2025-09-15 18:49:16,154 - INFO - Example 139 completed: 4179 steps, loss sum: 128.5217, final loss: 0.00099945, weight distance: 0.0874 (universal rank: 23259)
2025-09-15 18:49:16,154 - INFO - 
=== Training Example 140/1500: /home/projects/bagon/shared/imagenet512/val/n02087046/ILSVRC2012_val_00020963.JPEG ===
2025-09-15 18:51:56,106 - INFO - Example /home/projects/bagon/shared/imagenet512/val/n02087046/ILSVRC2012_val_00020963.JPEG reached epsilon at step 3601, loss sum: 852.4217, final loss: 0.00098419, weight distance: 0.0973
2025-09-15 18:51:56,882 - INFO - Example 140 completed: 3601 steps, loss sum: 852.4217, final loss: 0.00098419, weight distance: 0.0973 (universal rank: 23287)
2025-09-15 18:51:56,882 - INFO - 
=== Training Example 141/1500: /home/projects/bagon/shared/imagenet512/val/n01641577/ILSVRC2012_val_00023308.JPEG ===
2025-09-15 18:53:30,502 - INFO - Example /home/projects/bagon/shared/imagenet512/val/n01641577/ILSVRC2012_val_00023308.JPEG reached epsilon at step 2118, loss sum: 572.0393, final loss: 0.00099945, weight distance: 0.0796
2025-09-15 18:53:31,341 - INFO - Example 141 completed: 2118 steps, loss sum: 572.0393, final loss: 0.00099945, weight distance: 0.0796 (universal rank: 23296)
2025-09-15 18:53:31,342 - INFO - 
=== Training Example 142/1500: /home/projects/bagon/shared/imagenet512/val/n02099712/ILSVRC2012_val_00043089.JPEG ===
2025-09-15 18:57:50,539 - INFO - Example /home/projects/bagon/shared/imagenet512/val/n02099712/ILSVRC2012_val_00043089.JPEG reached epsilon at step 5551, loss sum: 602.6892, final loss: 0.00099945, weight distance: 0.1212
2025-09-15 18:57:51,970 - INFO - Example 142 completed: 5551 steps, loss sum: 602.6892, final loss: 0.00099945, weight distance: 0.1212 (universal rank: 23298)
2025-09-15 18:57:51,970 - INFO - 
=== Training Example 143/1500: /home/projects/bagon/shared/imagenet512/val/n04251144/ILSVRC2012_val_00033736.JPEG ===
2025-09-15 19:00:21,025 - INFO - Example /home/projects/bagon/shared/imagenet512/val/n04251144/ILSVRC2012_val_00033736.JPEG reached epsilon at step 3093, loss sum: 496.7645, final loss: 0.00099945, weight distance: 0.0823
2025-09-15 19:00:21,755 - INFO - Example 143 completed: 3093 steps, loss sum: 496.7645, final loss: 0.00099945, weight distance: 0.0823 (universal rank: 23330)
2025-09-15 19:00:21,756 - INFO - 
=== Training Example 144/1500: /home/projects/bagon/shared/imagenet512/val/n02091032/ILSVRC2012_val_00021543.JPEG ===
2025-09-15 19:03:36,937 - INFO - Example /home/projects/bagon/shared/imagenet512/val/n02091032/ILSVRC2012_val_00021543.JPEG reached epsilon at step 4256, loss sum: 177.8440, final loss: 0.00099945, weight distance: 0.1005
2025-09-15 19:03:38,149 - INFO - Example 144 completed: 4256 steps, loss sum: 177.8440, final loss: 0.00099945, weight distance: 0.1005 (universal rank: 23347)
2025-09-15 19:03:38,149 - INFO - 
=== Training Example 145/1500: /home/projects/bagon/shared/imagenet512/val/n02105056/ILSVRC2012_val_00017554.JPEG ===
2025-09-15 19:08:12,336 - INFO - Example /home/projects/bagon/shared/imagenet512/val/n02105056/ILSVRC2012_val_00017554.JPEG reached epsilon at step 6089, loss sum: 1015.2688, final loss: 0.00097656, weight distance: 0.1131
2025-09-15 19:08:13,527 - INFO - Example 145 completed: 6089 steps, loss sum: 1015.2688, final loss: 0.00097656, weight distance: 0.1131 (universal rank: 23354)
2025-09-15 19:08:13,527 - INFO - 
=== Training Example 146/1500: /home/projects/bagon/shared/imagenet512/val/n01985128/ILSVRC2012_val_00004665.JPEG ===
2025-09-15 19:12:46,645 - INFO - Example /home/projects/bagon/shared/imagenet512/val/n01985128/ILSVRC2012_val_00004665.JPEG reached epsilon at step 5875, loss sum: 224.4560, final loss: 0.00099945, weight distance: 0.1160
2025-09-15 19:12:47,366 - INFO - Example 146 completed: 5875 steps, loss sum: 224.4560, final loss: 0.00099945, weight distance: 0.1160 (universal rank: 23367)
2025-09-15 19:12:47,366 - INFO - 
=== Training Example 147/1500: /home/projects/bagon/shared/imagenet512/val/n03125729/ILSVRC2012_val_00009778.JPEG ===
2025-09-15 19:16:13,695 - INFO - Example /home/projects/bagon/shared/imagenet512/val/n03125729/ILSVRC2012_val_00009778.JPEG reached epsilon at step 4536, loss sum: 1464.2604, final loss: 0.00098419, weight distance: 0.1153
2025-09-15 19:16:14,413 - INFO - Example 147 completed: 4536 steps, loss sum: 1464.2604, final loss: 0.00098419, weight distance: 0.1153 (universal rank: 23384)
2025-09-15 19:16:14,413 - INFO - 
=== Training Example 148/1500: /home/projects/bagon/shared/imagenet512/val/n03447721/ILSVRC2012_val_00021283.JPEG ===
2025-09-15 19:18:04,023 - INFO - Example /home/projects/bagon/shared/imagenet512/val/n03447721/ILSVRC2012_val_00021283.JPEG reached epsilon at step 2426, loss sum: 631.3780, final loss: 0.00099182, weight distance: 0.0886
2025-09-15 19:18:05,080 - INFO - Example 148 completed: 2426 steps, loss sum: 631.3780, final loss: 0.00099182, weight distance: 0.0886 (universal rank: 23433)
2025-09-15 19:18:05,080 - INFO - 
=== Training Example 149/1500: /home/projects/bagon/shared/imagenet512/val/n02094258/ILSVRC2012_val_00031377.JPEG ===
2025-09-15 19:21:36,432 - INFO - Example /home/projects/bagon/shared/imagenet512/val/n02094258/ILSVRC2012_val_00031377.JPEG reached epsilon at step 4750, loss sum: 211.3141, final loss: 0.00098419, weight distance: 0.0993
2025-09-15 19:21:37,186 - INFO - Example 149 completed: 4750 steps, loss sum: 211.3141, final loss: 0.00098419, weight distance: 0.0993 (universal rank: 23436)
2025-09-15 19:21:37,186 - INFO - 
=== Training Example 150/1500: /home/projects/bagon/shared/imagenet512/val/n02226429/ILSVRC2012_val_00007152.JPEG ===
2025-09-15 19:26:08,145 - INFO - Example /home/projects/bagon/shared/imagenet512/val/n02226429/ILSVRC2012_val_00007152.JPEG reached epsilon at step 5863, loss sum: 246.7158, final loss: 0.00099945, weight distance: 0.1097
2025-09-15 19:26:08,940 - INFO - Example 150 completed: 5863 steps, loss sum: 246.7158, final loss: 0.00099945, weight distance: 0.1097 (universal rank: 23476)
2025-09-15 19:26:08,940 - INFO - 
=== Training Example 151/1500: /home/projects/bagon/shared/imagenet512/val/n01532829/ILSVRC2012_val_00042370.JPEG ===
2025-09-15 19:27:19,838 - INFO - Example /home/projects/bagon/shared/imagenet512/val/n01532829/ILSVRC2012_val_00042370.JPEG reached epsilon at step 1559, loss sum: 292.4854, final loss: 0.00096130, weight distance: 0.0657
2025-09-15 19:27:20,879 - INFO - Example 151 completed: 1559 steps, loss sum: 292.4854, final loss: 0.00096130, weight distance: 0.0657 (universal rank: 23551)
2025-09-15 19:27:20,879 - INFO - 
=== Training Example 152/1500: /home/projects/bagon/shared/imagenet512/val/n04487394/ILSVRC2012_val_00033068.JPEG ===
2025-09-15 19:31:16,455 - INFO - Example /home/projects/bagon/shared/imagenet512/val/n04487394/ILSVRC2012_val_00033068.JPEG reached epsilon at step 5111, loss sum: 1668.1616, final loss: 0.00098419, weight distance: 0.1419
2025-09-15 19:31:17,648 - INFO - Example 152 completed: 5111 steps, loss sum: 1668.1616, final loss: 0.00098419, weight distance: 0.1419 (universal rank: 23557)
2025-09-15 19:31:17,649 - INFO - 
=== Training Example 153/1500: /home/projects/bagon/shared/imagenet512/val/n02666196/ILSVRC2012_val_00006038.JPEG ===
2025-09-15 19:33:22,943 - INFO - Example /home/projects/bagon/shared/imagenet512/val/n02666196/ILSVRC2012_val_00006038.JPEG reached epsilon at step 2611, loss sum: 664.5365, final loss: 0.00097275, weight distance: 0.0837
2025-09-15 19:33:23,677 - INFO - Example 153 completed: 2611 steps, loss sum: 664.5365, final loss: 0.00097275, weight distance: 0.0837 (universal rank: 23558)
2025-09-15 19:33:23,678 - INFO - 
=== Training Example 154/1500: /home/projects/bagon/shared/imagenet512/val/n07802026/ILSVRC2012_val_00026159.JPEG ===
2025-09-15 19:35:33,667 - INFO - Example /home/projects/bagon/shared/imagenet512/val/n07802026/ILSVRC2012_val_00026159.JPEG reached epsilon at step 2893, loss sum: 1204.2709, final loss: 0.00099182, weight distance: 0.0963
2025-09-15 19:35:34,567 - INFO - Example 154 completed: 2893 steps, loss sum: 1204.2709, final loss: 0.00099182, weight distance: 0.0963 (universal rank: 23575)
2025-09-15 19:35:34,567 - INFO - 
=== Training Example 155/1500: /home/projects/bagon/shared/imagenet512/val/n10148035/ILSVRC2012_val_00022980.JPEG ===
2025-09-15 19:37:05,803 - INFO - Example /home/projects/bagon/shared/imagenet512/val/n10148035/ILSVRC2012_val_00022980.JPEG reached epsilon at step 2053, loss sum: 255.3554, final loss: 0.00099182, weight distance: 0.0581
2025-09-15 19:37:06,521 - INFO - Example 155 completed: 2053 steps, loss sum: 255.3554, final loss: 0.00099182, weight distance: 0.0581 (universal rank: 23576)
2025-09-15 19:37:06,521 - INFO - 
=== Training Example 156/1500: /home/projects/bagon/shared/imagenet512/val/n03584829/ILSVRC2012_val_00000910.JPEG ===
2025-09-15 19:38:44,194 - INFO - Example /home/projects/bagon/shared/imagenet512/val/n03584829/ILSVRC2012_val_00000910.JPEG reached epsilon at step 2203, loss sum: 729.0097, final loss: 0.00095367, weight distance: 0.0829
2025-09-15 19:38:44,893 - INFO - Example 156 completed: 2203 steps, loss sum: 729.0097, final loss: 0.00095367, weight distance: 0.0829 (universal rank: 23587)
2025-09-15 19:38:44,893 - INFO - 
=== Training Example 157/1500: /home/projects/bagon/shared/imagenet512/val/n01774384/ILSVRC2012_val_00024962.JPEG ===
