2025-09-22 07:38:47,843 - INFO - Parsed arguments:
2025-09-22 07:38:47,843 - INFO -   amp_dtype = None
2025-09-22 07:38:47,843 - INFO -   bars_npy = bars/geq6wrong_21017_geq6correct_1525_imagenet.npy
2025-09-22 07:38:47,843 - INFO -   cka_layer_fraction = 0.0
2025-09-22 07:38:47,843 - INFO -   deterministic = True
2025-09-22 07:38:47,843 - INFO -   device = cuda
2025-09-22 07:38:47,843 - INFO -   epsilon = 0.001
2025-09-22 07:38:47,843 - INFO -   examples_csv = bars/geq6wrong_21017_geq6correct_1525_imagenet_examples_ammended.csv
2025-09-22 07:38:47,843 - INFO -   explicit_examples_for_training = None
2025-09-22 07:38:47,843 - INFO -   grad_clip_norm = 1.0
2025-09-22 07:38:47,843 - INFO -   hierarchy_json = bars/imagenet_synset_hierarchy.json
2025-09-22 07:38:47,843 - INFO -   imagenet_models_csv = bars/imagenet_models.csv
2025-09-22 07:38:47,843 - INFO -   lr = 0.0001
2025-09-22 07:38:47,843 - INFO -   max_examples = 1
2025-09-22 07:38:47,843 - INFO -   max_steps_per_example = 10000
2025-09-22 07:38:47,843 - INFO -   model_csv_name = vgg_13_224_tv_imagenet_1k
2025-09-22 07:38:47,843 - INFO -   model_name = vgg13.tv_in1k
2025-09-22 07:38:47,843 - INFO -   no_amp = False
2025-09-22 07:38:47,843 - INFO -   output_dir = training_gradient_evaluator_single_loss/outputs_assess_training_time
2025-09-22 07:38:47,843 - INFO -   root_dir = None
2025-09-22 07:38:47,843 - INFO -   seed = 1337
2025-09-22 07:38:47,843 - INFO -   weight_decay = 0
2025-09-22 07:38:47,843 - INFO -   zero_aug_train = True
2025-09-22 07:38:47,853 - INFO - Loaded 50000 examples in difficulty order
2025-09-22 07:38:50,229 - INFO - Loaded TIMM pretrained weights for vgg13.tv_in1k
2025-09-22 07:38:50,229 - INFO - pretrained_cfg.url= hf_hub_id=timm/vgg13.tv_in1k
2025-09-22 07:38:50,598 - INFO - Stored original model weights for reset
2025-09-22 07:38:50,605 - INFO - Training configuration:
2025-09-22 07:38:50,605 - INFO -   lr = 0.0001
2025-09-22 07:38:50,605 - INFO -   weight_decay = 0
2025-09-22 07:38:50,605 - INFO -   max_steps = 10000
2025-09-22 07:38:50,605 - INFO -   epsilon = 0.001
2025-09-22 07:38:50,605 - INFO -   device = cuda
2025-09-22 07:38:50,605 - INFO -   use_amp = True
2025-09-22 07:38:50,605 - INFO -   amp_dtype = bfloat16
2025-09-22 07:38:50,605 - INFO -   gradient_clip_norm = 1.0
2025-09-22 07:38:50,641 - INFO - Resolved model_csv_name='vgg_13_224_tv_imagenet_1k' to mask_row_index=997
2025-09-22 07:38:52,071 - INFO - Selected 1 wrong examples for training (sorted by difficulty)
2025-09-22 07:38:52,073 - INFO - Training examples (rank indices, 0-based): 21067
2025-09-22 07:38:52,087 - INFO - CKA disabled: cka_layer_fraction == 0. Skipping all CKA computations.
2025-09-22 07:38:52,088 - INFO - 
=== Training Example 1/1: /home/projects/bagon/shared/imagenet512/val/n02018207/ILSVRC2012_val_00009270.JPEG ===
2025-09-22 07:39:01,182 - INFO - Example /home/projects/bagon/shared/imagenet512/val/n02018207/ILSVRC2012_val_00009270.JPEG reached epsilon at step 311, loss sum: 4.7785, final loss: 0.00091553, weight distance: 0.0214
2025-09-22 07:39:01,221 - INFO - Example 1 completed: 311 steps, loss sum: 4.7785, final loss: 0.00091553, weight distance: 0.0214 (universal rank: 21068)
2025-09-22 07:39:01,222 - INFO - Creating final plots...
2025-09-22 07:39:01,226 - INFO - Training complete. Summary saved to training_gradient_evaluator_single_loss/outputs_assess_training_time/vgg13.tv_in1k/training_summary.json
2025-09-22 07:39:01,226 - INFO - Results CSV: training_gradient_evaluator_single_loss/outputs_assess_training_time/vgg13.tv_in1k/single_example_results.csv
