2025-09-15 22:55:10,046 - INFO - Parsed arguments:
2025-09-15 22:55:10,046 - INFO -   amp_dtype = None
2025-09-15 22:55:10,046 - INFO -   bars_npy = /home/projects/bagon/andreyg/Projects/BMM_school/Universal_learning/Programming/bars/geq6wrong_21017_geq6correct_1525_imagenet.npy
2025-09-15 22:55:10,046 - INFO -   cka_layer_fraction = 0.05
2025-09-15 22:55:10,046 - INFO -   deterministic = True
2025-09-15 22:55:10,046 - INFO -   device = cuda
2025-09-15 22:55:10,046 - INFO -   epsilon = 0.001
2025-09-15 22:55:10,046 - INFO -   examples_csv = /home/projects/bagon/andreyg/Projects/BMM_school/Universal_learning/Programming/bars/geq6wrong_21017_geq6correct_1525_imagenet_examples_ammended.csv
2025-09-15 22:55:10,047 - INFO -   grad_clip_norm = 1.0
2025-09-15 22:55:10,047 - INFO -   hierarchy_json = /home/projects/bagon/andreyg/Projects/BMM_school/Universal_learning/Programming/bars/imagenet_synset_hierarchy.json
2025-09-15 22:55:10,047 - INFO -   imagenet_models_csv = /home/projects/bagon/andreyg/Projects/BMM_school/Universal_learning/Programming/bars/imagenet_models.csv
2025-09-15 22:55:10,047 - INFO -   lr = 0.0005
2025-09-15 22:55:10,047 - INFO -   max_examples = 150
2025-09-15 22:55:10,047 - INFO -   max_steps_per_example = 10000
2025-09-15 22:55:10,047 - INFO -   model_csv_name = efficientvit_medium_1_224_classification_imagenet_1k
2025-09-15 22:55:10,047 - INFO -   model_name = efficientvit_m1.r224_in1k
2025-09-15 22:55:10,047 - INFO -   no_amp = False
2025-09-15 22:55:10,047 - INFO -   output_dir = /home/projects/bagon/andreyg/Projects/BMM_school/Universal_learning/Programming/training_gradient_evaluator_single_loss/outputs_lr_0.0005_150_examples
2025-09-15 22:55:10,047 - INFO -   root_dir = None
2025-09-15 22:55:10,047 - INFO -   seed = 1337
2025-09-15 22:55:10,047 - INFO -   weight_decay = 0.0
2025-09-15 22:55:10,047 - INFO -   zero_aug_train = True
2025-09-15 22:55:10,072 - INFO - Loaded 50000 examples in difficulty order
2025-09-15 22:55:11,339 - INFO - Loaded TIMM pretrained weights for efficientvit_m1.r224_in1k
2025-09-15 22:55:11,339 - INFO - pretrained_cfg.url= hf_hub_id=timm/efficientvit_m1.r224_in1k
2025-09-15 22:55:11,778 - INFO - Stored original model weights for reset
2025-09-15 22:55:11,785 - INFO - Training configuration:
2025-09-15 22:55:11,785 - INFO -   lr = 0.0005
2025-09-15 22:55:11,786 - INFO -   weight_decay = 0.0
2025-09-15 22:55:11,786 - INFO -   max_steps = 10000
2025-09-15 22:55:11,786 - INFO -   epsilon = 0.001
2025-09-15 22:55:11,786 - INFO -   device = cuda
2025-09-15 22:55:11,786 - INFO -   use_amp = True
2025-09-15 22:55:11,786 - INFO -   amp_dtype = bfloat16
2025-09-15 22:55:11,786 - INFO -   gradient_clip_norm = 1.0
2025-09-15 22:55:11,830 - INFO - Resolved model_csv_name='efficientvit_medium_1_224_classification_imagenet_1k' to mask_row_index=1004
2025-09-15 22:55:33,274 - INFO - Selected 150 wrong examples for training (sorted by difficulty)
2025-09-15 22:55:33,277 - INFO - Training examples (rank indices, 0-based): 21126, 21345, 21359, 21465, 21868, 21901, 22298, 22442, 22937, 23003, 23192, 23239, 23323, 23390, 23605, 23767, 23941, 24292, 24314, 24653, 24754, 24875, 24970, 25038, 25242, 25429, 25487, 25662, 26017, 26217, 26376, 26435, 26832, 27164, 27172, 27328, 28247, 28267, 28477, 28723, 28911, 29053, 29277, 29333, 29366, 29556, 29945, 30026, 30070, 30525, 30764, 30980, 31244, 31267, 31537, 31729, 32251, 32318, 32493, 32973, 33100, 33109, 33158, 33298, 33372, 33454, 33478, 33622, 33700, 33778, 33914, 34007, 34043, 34111, 34170, 34371, 34491, 34613, 34703, 34911, 35489, 36424, 36450, 36513, 36570, 36732, 36837, 36928, 37145, 37212, 37294, 37382, 37455, 38497, 38572, 38608, 38698, 38960, 39133, 39486, 39556, 39570, 39669, 39709, 40070, 40084, 40452, 40487, 40549, 40564, 40700, 41042, 41113, 41196, 41827, 42201, 42215, 42289, 42399, 42642, 42766, 42777, 42836, 42893, 42929, 42993, 43018, 43524, 43780, 44039, 44179, 44221, 44308, 44320, 44910, 45000, 45057, 46025, 46155, 46289, 46454, 46922, 46966, 47250, 47742, 47815, 47933, 47966, 47995, 48088
2025-09-15 22:55:33,305 - INFO - CKA layer subset: selecting 10/208 layers (~5%)
