2025-09-15 09:14:09,860 - INFO - Parsed arguments:
2025-09-15 09:14:09,860 - INFO -   amp_dtype = None
2025-09-15 09:14:09,860 - INFO -   bars_npy = /home/projects/bagon/andreyg/Projects/BMM_school/Universal_learning/Programming/bars/geq6wrong_21017_geq6correct_1525_imagenet.npy
2025-09-15 09:14:09,860 - INFO -   deterministic = True
2025-09-15 09:14:09,860 - INFO -   device = cuda
2025-09-15 09:14:09,860 - INFO -   epsilon = 0.001
2025-09-15 09:14:09,860 - INFO -   examples_csv = /home/projects/bagon/andreyg/Projects/BMM_school/Universal_learning/Programming/bars/geq6wrong_21017_geq6correct_1525_imagenet_examples_ammended.csv
2025-09-15 09:14:09,860 - INFO -   grad_clip_norm = 1.0
2025-09-15 09:14:09,860 - INFO -   hierarchy_json = /home/projects/bagon/andreyg/Projects/BMM_school/Universal_learning/Programming/bars/imagenet_synset_hierarchy.json
2025-09-15 09:14:09,860 - INFO -   imagenet_models_csv = /home/projects/bagon/andreyg/Projects/BMM_school/Universal_learning/Programming/bars/imagenet_models.csv
2025-09-15 09:14:09,860 - INFO -   lr = 0.001
2025-09-15 09:14:09,860 - INFO -   max_examples = 60
2025-09-15 09:14:09,860 - INFO -   max_steps_per_example = 10000
2025-09-15 09:14:09,860 - INFO -   model_csv_name = efficientvit_base_1_224_classification_imagenet_1k
2025-09-15 09:14:09,860 - INFO -   model_name = efficientvit_b1.r224_in1k
2025-09-15 09:14:09,860 - INFO -   no_amp = False
2025-09-15 09:14:09,860 - INFO -   output_dir = /home/projects/bagon/andreyg/Projects/BMM_school/Universal_learning/Programming/training_gradient_evaluator_single_loss/outputs
2025-09-15 09:14:09,860 - INFO -   root_dir = None
2025-09-15 09:14:09,860 - INFO -   seed = 1337
2025-09-15 09:14:09,860 - INFO -   weight_decay = 0.0
2025-09-15 09:14:09,860 - INFO -   zero_aug_train = False
2025-09-15 09:14:09,872 - INFO - Loaded 50000 examples in difficulty order
2025-09-15 09:14:10,697 - INFO - Loaded TIMM pretrained weights for efficientvit_b1.r224_in1k
2025-09-15 09:14:10,697 - INFO - pretrained_cfg.url= hf_hub_id=timm/efficientvit_b1.r224_in1k
2025-09-15 09:14:11,084 - INFO - Stored original model weights for reset
2025-09-15 09:14:11,106 - INFO - Training configuration:
2025-09-15 09:14:11,106 - INFO -   lr = 0.001
2025-09-15 09:14:11,106 - INFO -   weight_decay = 0.0
2025-09-15 09:14:11,106 - INFO -   max_steps = 10000
2025-09-15 09:14:11,106 - INFO -   epsilon = 0.001
2025-09-15 09:14:11,106 - INFO -   device = cuda
2025-09-15 09:14:11,106 - INFO -   use_amp = True
2025-09-15 09:14:11,106 - INFO -   amp_dtype = bfloat16
2025-09-15 09:14:11,106 - INFO -   gradient_clip_norm = 1.0
2025-09-15 09:14:11,159 - INFO - Resolved model_csv_name='efficientvit_base_1_224_classification_imagenet_1k' to mask_row_index=740
2025-09-15 09:14:15,903 - INFO - Selected 60 wrong examples for training (sorted by difficulty)
2025-09-15 09:14:15,908 - INFO - Training examples (rank indices, 0-based): 21492, 22089, 22399, 23741, 24537, 24780, 24971, 25291, 26314, 26669, 26702, 27492, 29272, 29902, 30231, 31155, 31575, 32047, 33428, 33492, 33590, 33824, 34085, 34306, 34375, 34549, 35852, 36681, 37073, 38209, 38790, 39144, 39738, 39879, 40195, 40221, 40626, 40718, 40762, 40856, 41923, 42293, 42373, 42725, 42842, 42903, 43055, 43074, 43123, 43553, 44059, 44189, 44307, 44320, 45032, 45972, 46890, 47906, 47973, 48072
2025-09-15 09:14:17,131 - INFO - 
=== Training Example 1/60: /home/projects/bagon/shared/imagenet512/val/n02951358/ILSVRC2012_val_00039572.JPEG ===
2025-09-15 09:14:18,303 - INFO - Example /home/projects/bagon/shared/imagenet512/val/n02951358/ILSVRC2012_val_00039572.JPEG reached epsilon at step 5, loss sum: 0.4522, final loss: 0.00024033, weight distance: 0.0040
2025-09-15 09:14:49,107 - INFO - Example 1 completed: 5 steps, loss sum: 0.4522, final loss: 0.00024033, weight distance: 0.0040 (universal rank: 21493)
2025-09-15 09:14:49,107 - INFO - 
=== Training Example 2/60: /home/projects/bagon/shared/imagenet512/val/n02088632/ILSVRC2012_val_00019481.JPEG ===
2025-09-15 09:14:50,530 - INFO - Example /home/projects/bagon/shared/imagenet512/val/n02088632/ILSVRC2012_val_00019481.JPEG reached epsilon at step 8, loss sum: 0.5878, final loss: 0.00088501, weight distance: 0.0052
2025-09-15 09:15:13,031 - INFO - Example 2 completed: 8 steps, loss sum: 0.5878, final loss: 0.00088501, weight distance: 0.0052 (universal rank: 22090)
2025-09-15 09:15:13,031 - INFO - 
=== Training Example 3/60: /home/projects/bagon/shared/imagenet512/val/n02236044/ILSVRC2012_val_00047877.JPEG ===
2025-09-15 09:15:13,958 - INFO - Example /home/projects/bagon/shared/imagenet512/val/n02236044/ILSVRC2012_val_00047877.JPEG reached epsilon at step 5, loss sum: 2.5078, final loss: 0.00089264, weight distance: 0.0037
2025-09-15 09:15:36,656 - INFO - Example 3 completed: 5 steps, loss sum: 2.5078, final loss: 0.00089264, weight distance: 0.0037 (universal rank: 22400)
2025-09-15 09:15:36,656 - INFO - 
=== Training Example 4/60: /home/projects/bagon/shared/imagenet512/val/n01950731/ILSVRC2012_val_00018470.JPEG ===
2025-09-15 09:15:37,567 - INFO - Example /home/projects/bagon/shared/imagenet512/val/n01950731/ILSVRC2012_val_00018470.JPEG reached epsilon at step 5, loss sum: 1.7693, final loss: 0.00080872, weight distance: 0.0038
2025-09-15 09:16:04,262 - INFO - Example 4 completed: 5 steps, loss sum: 1.7693, final loss: 0.00080872, weight distance: 0.0038 (universal rank: 23742)
2025-09-15 09:16:04,262 - INFO - 
=== Training Example 5/60: /home/projects/bagon/shared/imagenet512/val/n04389033/ILSVRC2012_val_00040332.JPEG ===
2025-09-15 09:16:05,386 - INFO - Example /home/projects/bagon/shared/imagenet512/val/n04389033/ILSVRC2012_val_00040332.JPEG reached epsilon at step 6, loss sum: 0.4442, final loss: 0.00062561, weight distance: 0.0044
2025-09-15 09:16:26,843 - INFO - Example 5 completed: 6 steps, loss sum: 0.4442, final loss: 0.00062561, weight distance: 0.0044 (universal rank: 24538)
2025-09-15 09:16:26,843 - INFO - 
=== Training Example 6/60: /home/projects/bagon/shared/imagenet512/val/n03032252/ILSVRC2012_val_00042815.JPEG ===
2025-09-15 09:16:27,439 - INFO - Example /home/projects/bagon/shared/imagenet512/val/n03032252/ILSVRC2012_val_00042815.JPEG reached epsilon at step 3, loss sum: 0.0739, final loss: 0.00063705, weight distance: 0.0027
2025-09-15 09:16:53,880 - INFO - Example 6 completed: 3 steps, loss sum: 0.0739, final loss: 0.00063705, weight distance: 0.0027 (universal rank: 24781)
2025-09-15 09:16:53,881 - INFO - 
=== Training Example 7/60: /home/projects/bagon/shared/imagenet512/val/n04265275/ILSVRC2012_val_00015782.JPEG ===
2025-09-15 09:16:54,720 - INFO - Example /home/projects/bagon/shared/imagenet512/val/n04265275/ILSVRC2012_val_00015782.JPEG reached epsilon at step 4, loss sum: 1.4677, final loss: 0.00065231, weight distance: 0.0032
2025-09-15 09:17:16,381 - INFO - Example 7 completed: 4 steps, loss sum: 1.4677, final loss: 0.00065231, weight distance: 0.0032 (universal rank: 24972)
2025-09-15 09:17:16,381 - INFO - 
=== Training Example 8/60: /home/projects/bagon/shared/imagenet512/val/n02804414/ILSVRC2012_val_00020359.JPEG ===
2025-09-15 09:17:17,449 - INFO - Example /home/projects/bagon/shared/imagenet512/val/n02804414/ILSVRC2012_val_00020359.JPEG reached epsilon at step 6, loss sum: 0.6177, final loss: 0.00048828, weight distance: 0.0047
2025-09-15 09:17:38,748 - INFO - Example 8 completed: 6 steps, loss sum: 0.6177, final loss: 0.00048828, weight distance: 0.0047 (universal rank: 25292)
2025-09-15 09:17:38,748 - INFO - 
=== Training Example 9/60: /home/projects/bagon/shared/imagenet512/val/n03733805/ILSVRC2012_val_00005136.JPEG ===
2025-09-15 09:17:39,986 - INFO - Example /home/projects/bagon/shared/imagenet512/val/n03733805/ILSVRC2012_val_00005136.JPEG reached epsilon at step 7, loss sum: 2.0474, final loss: 0.00070190, weight distance: 0.0045
2025-09-15 09:18:05,881 - INFO - Example 9 completed: 7 steps, loss sum: 2.0474, final loss: 0.00070190, weight distance: 0.0045 (universal rank: 26315)
2025-09-15 09:18:05,882 - INFO - 
=== Training Example 10/60: /home/projects/bagon/shared/imagenet512/val/n02107683/ILSVRC2012_val_00041233.JPEG ===
2025-09-15 09:18:06,962 - INFO - Example /home/projects/bagon/shared/imagenet512/val/n02107683/ILSVRC2012_val_00041233.JPEG reached epsilon at step 6, loss sum: 0.7909, final loss: 0.00041199, weight distance: 0.0047
2025-09-15 09:18:28,325 - INFO - Example 10 completed: 6 steps, loss sum: 0.7909, final loss: 0.00041199, weight distance: 0.0047 (universal rank: 26670)
2025-09-15 09:18:28,325 - INFO - 
=== Training Example 11/60: /home/projects/bagon/shared/imagenet512/val/n03133878/ILSVRC2012_val_00044416.JPEG ===
2025-09-15 09:18:29,068 - INFO - Example /home/projects/bagon/shared/imagenet512/val/n03133878/ILSVRC2012_val_00044416.JPEG reached epsilon at step 4, loss sum: 3.6335, final loss: 0.00065994, weight distance: 0.0033
2025-09-15 09:18:50,199 - INFO - Example 11 completed: 4 steps, loss sum: 3.6335, final loss: 0.00065994, weight distance: 0.0033 (universal rank: 26703)
2025-09-15 09:18:50,199 - INFO - 
=== Training Example 12/60: /home/projects/bagon/shared/imagenet512/val/n01616318/ILSVRC2012_val_00018092.JPEG ===
2025-09-15 09:18:50,942 - INFO - Example /home/projects/bagon/shared/imagenet512/val/n01616318/ILSVRC2012_val_00018092.JPEG reached epsilon at step 4, loss sum: 0.2803, final loss: 0.00063324, weight distance: 0.0030
2025-09-15 09:19:16,896 - INFO - Example 12 completed: 4 steps, loss sum: 0.2803, final loss: 0.00063324, weight distance: 0.0030 (universal rank: 27493)
2025-09-15 09:19:16,897 - INFO - 
=== Training Example 13/60: /home/projects/bagon/shared/imagenet512/val/n04501370/ILSVRC2012_val_00024489.JPEG ===
2025-09-15 09:19:18,119 - INFO - Example /home/projects/bagon/shared/imagenet512/val/n04501370/ILSVRC2012_val_00024489.JPEG reached epsilon at step 7, loss sum: 2.0765, final loss: 0.00081635, weight distance: 0.0043
2025-09-15 09:19:44,423 - INFO - Example 13 completed: 7 steps, loss sum: 2.0765, final loss: 0.00081635, weight distance: 0.0043 (universal rank: 29273)
2025-09-15 09:19:44,423 - INFO - 
=== Training Example 14/60: /home/projects/bagon/shared/imagenet512/val/n03496892/ILSVRC2012_val_00015968.JPEG ===
2025-09-15 09:19:45,340 - INFO - Example /home/projects/bagon/shared/imagenet512/val/n03496892/ILSVRC2012_val_00015968.JPEG reached epsilon at step 5, loss sum: 0.1222, final loss: 0.00041389, weight distance: 0.0039
2025-09-15 09:20:06,560 - INFO - Example 14 completed: 5 steps, loss sum: 0.1222, final loss: 0.00041389, weight distance: 0.0039 (universal rank: 29903)
2025-09-15 09:20:06,560 - INFO - 
=== Training Example 15/60: /home/projects/bagon/shared/imagenet512/val/n02817516/ILSVRC2012_val_00004556.JPEG ===
2025-09-15 09:20:07,300 - INFO - Example /home/projects/bagon/shared/imagenet512/val/n02817516/ILSVRC2012_val_00004556.JPEG reached epsilon at step 4, loss sum: 0.4177, final loss: 0.00095367, weight distance: 0.0032
2025-09-15 09:20:29,154 - INFO - Example 15 completed: 4 steps, loss sum: 0.4177, final loss: 0.00095367, weight distance: 0.0032 (universal rank: 30232)
2025-09-15 09:20:29,154 - INFO - 
=== Training Example 16/60: /home/projects/bagon/shared/imagenet512/val/n02219486/ILSVRC2012_val_00011617.JPEG ===
2025-09-15 09:20:30,051 - INFO - Example /home/projects/bagon/shared/imagenet512/val/n02219486/ILSVRC2012_val_00011617.JPEG reached epsilon at step 5, loss sum: 0.4158, final loss: 0.00060654, weight distance: 0.0038
2025-09-15 09:20:55,962 - INFO - Example 16 completed: 5 steps, loss sum: 0.4158, final loss: 0.00060654, weight distance: 0.0038 (universal rank: 31156)
2025-09-15 09:20:55,962 - INFO - 
=== Training Example 17/60: /home/projects/bagon/shared/imagenet512/val/n02841315/ILSVRC2012_val_00017620.JPEG ===
2025-09-15 09:20:57,143 - INFO - Example /home/projects/bagon/shared/imagenet512/val/n02841315/ILSVRC2012_val_00017620.JPEG reached epsilon at step 6, loss sum: 2.8531, final loss: 0.00068283, weight distance: 0.0047
2025-09-15 09:21:18,396 - INFO - Example 17 completed: 6 steps, loss sum: 2.8531, final loss: 0.00068283, weight distance: 0.0047 (universal rank: 31576)
2025-09-15 09:21:18,396 - INFO - 
=== Training Example 18/60: /home/projects/bagon/shared/imagenet512/val/n04326547/ILSVRC2012_val_00011562.JPEG ===
2025-09-15 09:21:19,457 - INFO - Example /home/projects/bagon/shared/imagenet512/val/n04326547/ILSVRC2012_val_00011562.JPEG reached epsilon at step 6, loss sum: 1.6991, final loss: 0.00049210, weight distance: 0.0039
2025-09-15 09:21:40,766 - INFO - Example 18 completed: 6 steps, loss sum: 1.6991, final loss: 0.00049210, weight distance: 0.0039 (universal rank: 32048)
2025-09-15 09:21:40,766 - INFO - 
=== Training Example 19/60: /home/projects/bagon/shared/imagenet512/val/n03991062/ILSVRC2012_val_00024143.JPEG ===
2025-09-15 09:21:41,838 - INFO - Example /home/projects/bagon/shared/imagenet512/val/n03991062/ILSVRC2012_val_00024143.JPEG reached epsilon at step 6, loss sum: 1.4753, final loss: 0.00045776, weight distance: 0.0044
2025-09-15 09:22:07,768 - INFO - Example 19 completed: 6 steps, loss sum: 1.4753, final loss: 0.00045776, weight distance: 0.0044 (universal rank: 33429)
2025-09-15 09:22:07,768 - INFO - 
=== Training Example 20/60: /home/projects/bagon/shared/imagenet512/val/n03047690/ILSVRC2012_val_00040643.JPEG ===
2025-09-15 09:22:08,914 - INFO - Example /home/projects/bagon/shared/imagenet512/val/n03047690/ILSVRC2012_val_00040643.JPEG reached epsilon at step 5, loss sum: 0.1630, final loss: 0.00057983, weight distance: 0.0042
2025-09-15 09:22:30,520 - INFO - Example 20 completed: 5 steps, loss sum: 0.1630, final loss: 0.00057983, weight distance: 0.0042 (universal rank: 33493)
2025-09-15 09:22:30,521 - INFO - 
=== Training Example 21/60: /home/projects/bagon/shared/imagenet512/val/n04367480/ILSVRC2012_val_00049717.JPEG ===
2025-09-15 09:22:31,583 - INFO - Example /home/projects/bagon/shared/imagenet512/val/n04367480/ILSVRC2012_val_00049717.JPEG reached epsilon at step 6, loss sum: 2.9198, final loss: 0.00070953, weight distance: 0.0053
2025-09-15 09:22:52,923 - INFO - Example 21 completed: 6 steps, loss sum: 2.9198, final loss: 0.00070953, weight distance: 0.0053 (universal rank: 33591)
2025-09-15 09:22:52,923 - INFO - 
=== Training Example 22/60: /home/projects/bagon/shared/imagenet512/val/n01737021/ILSVRC2012_val_00015666.JPEG ===
2025-09-15 09:22:53,834 - INFO - Example /home/projects/bagon/shared/imagenet512/val/n01737021/ILSVRC2012_val_00015666.JPEG reached epsilon at step 5, loss sum: 0.9557, final loss: 0.00059128, weight distance: 0.0038
2025-09-15 09:23:14,879 - INFO - Example 22 completed: 5 steps, loss sum: 0.9557, final loss: 0.00059128, weight distance: 0.0038 (universal rank: 33825)
2025-09-15 09:23:14,879 - INFO - 
=== Training Example 23/60: /home/projects/bagon/shared/imagenet512/val/n01669191/ILSVRC2012_val_00045726.JPEG ===
2025-09-15 09:23:15,955 - INFO - Example /home/projects/bagon/shared/imagenet512/val/n01669191/ILSVRC2012_val_00045726.JPEG reached epsilon at step 6, loss sum: 0.1926, final loss: 0.00093842, weight distance: 0.0038
2025-09-15 09:23:37,315 - INFO - Example 23 completed: 6 steps, loss sum: 0.1926, final loss: 0.00093842, weight distance: 0.0038 (universal rank: 34086)
2025-09-15 09:23:37,316 - INFO - 
=== Training Example 24/60: /home/projects/bagon/shared/imagenet512/val/n03538406/ILSVRC2012_val_00042040.JPEG ===
2025-09-15 09:23:38,215 - INFO - Example /home/projects/bagon/shared/imagenet512/val/n03538406/ILSVRC2012_val_00042040.JPEG reached epsilon at step 5, loss sum: 1.0444, final loss: 0.00044250, weight distance: 0.0034
2025-09-15 09:24:00,330 - INFO - Example 24 completed: 5 steps, loss sum: 1.0444, final loss: 0.00044250, weight distance: 0.0034 (universal rank: 34307)
2025-09-15 09:24:00,331 - INFO - 
=== Training Example 25/60: /home/projects/bagon/shared/imagenet512/val/n03814906/ILSVRC2012_val_00018854.JPEG ===
2025-09-15 09:24:01,747 - INFO - Example /home/projects/bagon/shared/imagenet512/val/n03814906/ILSVRC2012_val_00018854.JPEG reached epsilon at step 8, loss sum: 1.4971, final loss: 0.00039673, weight distance: 0.0061
2025-09-15 09:24:26,868 - INFO - Example 25 completed: 8 steps, loss sum: 1.4971, final loss: 0.00039673, weight distance: 0.0061 (universal rank: 34376)
2025-09-15 09:24:26,868 - INFO - 
=== Training Example 26/60: /home/projects/bagon/shared/imagenet512/val/n03773504/ILSVRC2012_val_00022433.JPEG ===
2025-09-15 09:24:28,906 - INFO - Example /home/projects/bagon/shared/imagenet512/val/n03773504/ILSVRC2012_val_00022433.JPEG reached epsilon at step 12, loss sum: 2.5930, final loss: 0.00083542, weight distance: 0.0064
2025-09-15 09:24:54,911 - INFO - Example 26 completed: 12 steps, loss sum: 2.5930, final loss: 0.00083542, weight distance: 0.0064 (universal rank: 34550)
2025-09-15 09:24:54,911 - INFO - 
=== Training Example 27/60: /home/projects/bagon/shared/imagenet512/val/n03868242/ILSVRC2012_val_00001773.JPEG ===
2025-09-15 09:24:56,459 - INFO - Example /home/projects/bagon/shared/imagenet512/val/n03868242/ILSVRC2012_val_00001773.JPEG reached epsilon at step 9, loss sum: 3.3215, final loss: 0.00094223, weight distance: 0.0070
2025-09-15 09:25:22,621 - INFO - Example 27 completed: 9 steps, loss sum: 3.3215, final loss: 0.00094223, weight distance: 0.0070 (universal rank: 35853)
2025-09-15 09:25:22,621 - INFO - 
=== Training Example 28/60: /home/projects/bagon/shared/imagenet512/val/n01818515/ILSVRC2012_val_00007474.JPEG ===
2025-09-15 09:25:23,532 - INFO - Example /home/projects/bagon/shared/imagenet512/val/n01818515/ILSVRC2012_val_00007474.JPEG reached epsilon at step 5, loss sum: 0.7754, final loss: 0.00095367, weight distance: 0.0028
2025-09-15 09:25:44,469 - INFO - Example 28 completed: 5 steps, loss sum: 0.7754, final loss: 0.00095367, weight distance: 0.0028 (universal rank: 36682)
2025-09-15 09:25:44,469 - INFO - 
=== Training Example 29/60: /home/projects/bagon/shared/imagenet512/val/n04417672/ILSVRC2012_val_00013350.JPEG ===
2025-09-15 09:25:45,371 - INFO - Example /home/projects/bagon/shared/imagenet512/val/n04417672/ILSVRC2012_val_00013350.JPEG reached epsilon at step 5, loss sum: 1.0588, final loss: 0.00063324, weight distance: 0.0037
2025-09-15 09:26:11,285 - INFO - Example 29 completed: 5 steps, loss sum: 1.0588, final loss: 0.00063324, weight distance: 0.0037 (universal rank: 37074)
2025-09-15 09:26:11,285 - INFO - 
=== Training Example 30/60: /home/projects/bagon/shared/imagenet512/val/n02747177/ILSVRC2012_val_00025380.JPEG ===
2025-09-15 09:26:12,370 - INFO - Example /home/projects/bagon/shared/imagenet512/val/n02747177/ILSVRC2012_val_00025380.JPEG reached epsilon at step 6, loss sum: 10.6961, final loss: 0.00062561, weight distance: 0.0050
2025-09-15 09:26:38,599 - INFO - Example 30 completed: 6 steps, loss sum: 10.6961, final loss: 0.00062561, weight distance: 0.0050 (universal rank: 38210)
2025-09-15 09:26:38,600 - INFO - 
=== Training Example 31/60: /home/projects/bagon/shared/imagenet512/val/n02093647/ILSVRC2012_val_00045903.JPEG ===
2025-09-15 09:26:40,529 - INFO - Example /home/projects/bagon/shared/imagenet512/val/n02093647/ILSVRC2012_val_00045903.JPEG reached epsilon at step 9, loss sum: 3.2389, final loss: 0.00061035, weight distance: 0.0060
2025-09-15 09:27:02,122 - INFO - Example 31 completed: 9 steps, loss sum: 3.2389, final loss: 0.00061035, weight distance: 0.0060 (universal rank: 38791)
2025-09-15 09:27:02,122 - INFO - 
=== Training Example 32/60: /home/projects/bagon/shared/imagenet512/val/n01873310/ILSVRC2012_val_00024992.JPEG ===
2025-09-15 09:27:02,862 - INFO - Example /home/projects/bagon/shared/imagenet512/val/n01873310/ILSVRC2012_val_00024992.JPEG reached epsilon at step 4, loss sum: 0.9752, final loss: 0.00093460, weight distance: 0.0032
2025-09-15 09:27:23,957 - INFO - Example 32 completed: 4 steps, loss sum: 0.9752, final loss: 0.00093460, weight distance: 0.0032 (universal rank: 39145)
2025-09-15 09:27:23,957 - INFO - 
=== Training Example 33/60: /home/projects/bagon/shared/imagenet512/val/n03773504/ILSVRC2012_val_00016927.JPEG ===
2025-09-15 09:27:25,655 - INFO - Example /home/projects/bagon/shared/imagenet512/val/n03773504/ILSVRC2012_val_00016927.JPEG reached epsilon at step 10, loss sum: 3.0136, final loss: 0.00065994, weight distance: 0.0073
2025-09-15 09:27:51,878 - INFO - Example 33 completed: 10 steps, loss sum: 3.0136, final loss: 0.00065994, weight distance: 0.0073 (universal rank: 39739)
2025-09-15 09:27:51,878 - INFO - 
=== Training Example 34/60: /home/projects/bagon/shared/imagenet512/val/n04204238/ILSVRC2012_val_00034721.JPEG ===
2025-09-15 09:27:52,794 - INFO - Example /home/projects/bagon/shared/imagenet512/val/n04204238/ILSVRC2012_val_00034721.JPEG reached epsilon at step 5, loss sum: 0.5918, final loss: 0.00062943, weight distance: 0.0043
2025-09-15 09:28:13,869 - INFO - Example 34 completed: 5 steps, loss sum: 0.5918, final loss: 0.00062943, weight distance: 0.0043 (universal rank: 39880)
2025-09-15 09:28:13,869 - INFO - 
=== Training Example 35/60: /home/projects/bagon/shared/imagenet512/val/n04286575/ILSVRC2012_val_00033190.JPEG ===
2025-09-15 09:28:14,776 - INFO - Example /home/projects/bagon/shared/imagenet512/val/n04286575/ILSVRC2012_val_00033190.JPEG reached epsilon at step 5, loss sum: 1.7922, final loss: 0.00065994, weight distance: 0.0042
2025-09-15 09:28:36,007 - INFO - Example 35 completed: 5 steps, loss sum: 1.7922, final loss: 0.00065994, weight distance: 0.0042 (universal rank: 40196)
2025-09-15 09:28:36,008 - INFO - 
=== Training Example 36/60: /home/projects/bagon/shared/imagenet512/val/n04131690/ILSVRC2012_val_00034258.JPEG ===
2025-09-15 09:28:37,405 - INFO - Example /home/projects/bagon/shared/imagenet512/val/n04131690/ILSVRC2012_val_00034258.JPEG reached epsilon at step 8, loss sum: 1.6299, final loss: 0.00063324, weight distance: 0.0061
2025-09-15 09:28:58,622 - INFO - Example 36 completed: 8 steps, loss sum: 1.6299, final loss: 0.00063324, weight distance: 0.0061 (universal rank: 40222)
2025-09-15 09:28:58,622 - INFO - 
=== Training Example 37/60: /home/projects/bagon/shared/imagenet512/val/n01944390/ILSVRC2012_val_00019782.JPEG ===
2025-09-15 09:28:59,843 - INFO - Example /home/projects/bagon/shared/imagenet512/val/n01944390/ILSVRC2012_val_00019782.JPEG reached epsilon at step 7, loss sum: 7.3158, final loss: 0.00059891, weight distance: 0.0055
2025-09-15 09:29:20,839 - INFO - Example 37 completed: 7 steps, loss sum: 7.3158, final loss: 0.00059891, weight distance: 0.0055 (universal rank: 40627)
2025-09-15 09:29:20,839 - INFO - 
=== Training Example 38/60: /home/projects/bagon/shared/imagenet512/val/n02105505/ILSVRC2012_val_00032099.JPEG ===
2025-09-15 09:29:22,214 - INFO - Example /home/projects/bagon/shared/imagenet512/val/n02105505/ILSVRC2012_val_00032099.JPEG reached epsilon at step 8, loss sum: 3.8797, final loss: 0.00061035, weight distance: 0.0058
2025-09-15 09:29:43,256 - INFO - Example 38 completed: 8 steps, loss sum: 3.8797, final loss: 0.00061035, weight distance: 0.0058 (universal rank: 40719)
2025-09-15 09:29:43,257 - INFO - 
=== Training Example 39/60: /home/projects/bagon/shared/imagenet512/val/n03594734/ILSVRC2012_val_00013960.JPEG ===
2025-09-15 09:29:44,324 - INFO - Example /home/projects/bagon/shared/imagenet512/val/n03594734/ILSVRC2012_val_00013960.JPEG reached epsilon at step 6, loss sum: 2.5163, final loss: 0.00085068, weight distance: 0.0052
2025-09-15 09:30:10,005 - INFO - Example 39 completed: 6 steps, loss sum: 2.5163, final loss: 0.00085068, weight distance: 0.0052 (universal rank: 40763)
2025-09-15 09:30:10,005 - INFO - 
=== Training Example 40/60: /home/projects/bagon/shared/imagenet512/val/n02231487/ILSVRC2012_val_00013535.JPEG ===
2025-09-15 09:30:11,222 - INFO - Example /home/projects/bagon/shared/imagenet512/val/n02231487/ILSVRC2012_val_00013535.JPEG reached epsilon at step 7, loss sum: 0.2474, final loss: 0.00085831, weight distance: 0.0051
2025-09-15 09:30:32,122 - INFO - Example 40 completed: 7 steps, loss sum: 0.2474, final loss: 0.00085831, weight distance: 0.0051 (universal rank: 40857)
2025-09-15 09:30:32,123 - INFO - 
=== Training Example 41/60: /home/projects/bagon/shared/imagenet512/val/n03476991/ILSVRC2012_val_00045906.JPEG ===
2025-09-15 09:30:33,194 - INFO - Example /home/projects/bagon/shared/imagenet512/val/n03476991/ILSVRC2012_val_00045906.JPEG reached epsilon at step 6, loss sum: 5.8963, final loss: 0.00051498, weight distance: 0.0052
2025-09-15 09:30:58,987 - INFO - Example 41 completed: 6 steps, loss sum: 5.8963, final loss: 0.00051498, weight distance: 0.0052 (universal rank: 41924)
2025-09-15 09:30:58,987 - INFO - 
=== Training Example 42/60: /home/projects/bagon/shared/imagenet512/val/n04505470/ILSVRC2012_val_00041420.JPEG ===
2025-09-15 09:31:00,225 - INFO - Example /home/projects/bagon/shared/imagenet512/val/n04505470/ILSVRC2012_val_00041420.JPEG reached epsilon at step 7, loss sum: 3.5292, final loss: 0.00066757, weight distance: 0.0048
2025-09-15 09:31:21,634 - INFO - Example 42 completed: 7 steps, loss sum: 3.5292, final loss: 0.00066757, weight distance: 0.0048 (universal rank: 42294)
2025-09-15 09:31:21,635 - INFO - 
=== Training Example 43/60: /home/projects/bagon/shared/imagenet512/val/n04461696/ILSVRC2012_val_00041448.JPEG ===
2025-09-15 09:31:22,703 - INFO - Example /home/projects/bagon/shared/imagenet512/val/n04461696/ILSVRC2012_val_00041448.JPEG reached epsilon at step 6, loss sum: 1.2767, final loss: 0.00023746, weight distance: 0.0046
2025-09-15 09:31:44,239 - INFO - Example 43 completed: 6 steps, loss sum: 1.2767, final loss: 0.00023746, weight distance: 0.0046 (universal rank: 42374)
2025-09-15 09:31:44,239 - INFO - 
=== Training Example 44/60: /home/projects/bagon/shared/imagenet512/val/n03792782/ILSVRC2012_val_00040230.JPEG ===
2025-09-15 09:31:45,471 - INFO - Example /home/projects/bagon/shared/imagenet512/val/n03792782/ILSVRC2012_val_00040230.JPEG reached epsilon at step 7, loss sum: 7.1724, final loss: 0.00053024, weight distance: 0.0054
2025-09-15 09:32:06,744 - INFO - Example 44 completed: 7 steps, loss sum: 7.1724, final loss: 0.00053024, weight distance: 0.0054 (universal rank: 42726)
2025-09-15 09:32:06,744 - INFO - 
=== Training Example 45/60: /home/projects/bagon/shared/imagenet512/val/n03424325/ILSVRC2012_val_00034204.JPEG ===
2025-09-15 09:32:07,845 - INFO - Example /home/projects/bagon/shared/imagenet512/val/n03424325/ILSVRC2012_val_00034204.JPEG reached epsilon at step 6, loss sum: 1.3655, final loss: 0.00033379, weight distance: 0.0044
2025-09-15 09:32:29,042 - INFO - Example 45 completed: 6 steps, loss sum: 1.3655, final loss: 0.00033379, weight distance: 0.0044 (universal rank: 42843)
2025-09-15 09:32:29,043 - INFO - 
=== Training Example 46/60: /home/projects/bagon/shared/imagenet512/val/n01847000/ILSVRC2012_val_00026811.JPEG ===
2025-09-15 09:32:30,591 - INFO - Example /home/projects/bagon/shared/imagenet512/val/n01847000/ILSVRC2012_val_00026811.JPEG reached epsilon at step 9, loss sum: 3.7790, final loss: 0.00050735, weight distance: 0.0067
2025-09-15 09:32:51,688 - INFO - Example 46 completed: 9 steps, loss sum: 3.7790, final loss: 0.00050735, weight distance: 0.0067 (universal rank: 42904)
2025-09-15 09:32:51,688 - INFO - 
=== Training Example 47/60: /home/projects/bagon/shared/imagenet512/val/n03680355/ILSVRC2012_val_00008600.JPEG ===
2025-09-15 09:32:52,593 - INFO - Example /home/projects/bagon/shared/imagenet512/val/n03680355/ILSVRC2012_val_00008600.JPEG reached epsilon at step 5, loss sum: 0.5296, final loss: 0.00072861, weight distance: 0.0038
2025-09-15 09:33:18,669 - INFO - Example 47 completed: 5 steps, loss sum: 0.5296, final loss: 0.00072861, weight distance: 0.0038 (universal rank: 43056)
2025-09-15 09:33:18,669 - INFO - 
=== Training Example 48/60: /home/projects/bagon/shared/imagenet512/val/n02814860/ILSVRC2012_val_00009417.JPEG ===
2025-09-15 09:33:19,932 - INFO - Example /home/projects/bagon/shared/imagenet512/val/n02814860/ILSVRC2012_val_00009417.JPEG reached epsilon at step 7, loss sum: 3.5684, final loss: 0.00059509, weight distance: 0.0050
2025-09-15 09:33:45,018 - INFO - Example 48 completed: 7 steps, loss sum: 3.5684, final loss: 0.00059509, weight distance: 0.0050 (universal rank: 43075)
2025-09-15 09:33:45,018 - INFO - 
=== Training Example 49/60: /home/projects/bagon/shared/imagenet512/val/n03014705/ILSVRC2012_val_00003093.JPEG ===
2025-09-15 09:33:45,935 - INFO - Example /home/projects/bagon/shared/imagenet512/val/n03014705/ILSVRC2012_val_00003093.JPEG reached epsilon at step 5, loss sum: 8.4193, final loss: 0.00021744, weight distance: 0.0034
2025-09-15 09:34:07,339 - INFO - Example 49 completed: 5 steps, loss sum: 8.4193, final loss: 0.00021744, weight distance: 0.0034 (universal rank: 43124)
2025-09-15 09:34:07,339 - INFO - 
=== Training Example 50/60: /home/projects/bagon/shared/imagenet512/val/n04370456/ILSVRC2012_val_00011887.JPEG ===
2025-09-15 09:34:08,255 - INFO - Example /home/projects/bagon/shared/imagenet512/val/n04370456/ILSVRC2012_val_00011887.JPEG reached epsilon at step 5, loss sum: 2.7480, final loss: 0.00069046, weight distance: 0.0044
2025-09-15 09:34:29,443 - INFO - Example 50 completed: 5 steps, loss sum: 2.7480, final loss: 0.00069046, weight distance: 0.0044 (universal rank: 43554)
2025-09-15 09:34:29,444 - INFO - 
=== Training Example 51/60: /home/projects/bagon/shared/imagenet512/val/n01773549/ILSVRC2012_val_00028677.JPEG ===
2025-09-15 09:34:30,532 - INFO - Example /home/projects/bagon/shared/imagenet512/val/n01773549/ILSVRC2012_val_00028677.JPEG reached epsilon at step 6, loss sum: 1.7150, final loss: 0.00044632, weight distance: 0.0050
2025-09-15 09:34:56,696 - INFO - Example 51 completed: 6 steps, loss sum: 1.7150, final loss: 0.00044632, weight distance: 0.0050 (universal rank: 44060)
2025-09-15 09:34:56,696 - INFO - 
=== Training Example 52/60: /home/projects/bagon/shared/imagenet512/val/n03530642/ILSVRC2012_val_00004681.JPEG ===
2025-09-15 09:34:58,272 - INFO - Example /home/projects/bagon/shared/imagenet512/val/n03530642/ILSVRC2012_val_00004681.JPEG reached epsilon at step 9, loss sum: 25.6716, final loss: 0.00047874, weight distance: 0.0060
2025-09-15 09:35:19,388 - INFO - Example 52 completed: 9 steps, loss sum: 25.6716, final loss: 0.00047874, weight distance: 0.0060 (universal rank: 44190)
2025-09-15 09:35:19,389 - INFO - 
=== Training Example 53/60: /home/projects/bagon/shared/imagenet512/val/n04560804/ILSVRC2012_val_00013956.JPEG ===
2025-09-15 09:35:20,340 - INFO - Example /home/projects/bagon/shared/imagenet512/val/n04560804/ILSVRC2012_val_00013956.JPEG reached epsilon at step 5, loss sum: 1.7394, final loss: 0.00006199, weight distance: 0.0038
2025-09-15 09:35:41,591 - INFO - Example 53 completed: 5 steps, loss sum: 1.7394, final loss: 0.00006199, weight distance: 0.0038 (universal rank: 44308)
2025-09-15 09:35:41,591 - INFO - 
=== Training Example 54/60: /home/projects/bagon/shared/imagenet512/val/n02981792/ILSVRC2012_val_00043754.JPEG ===
2025-09-15 09:35:42,501 - INFO - Example /home/projects/bagon/shared/imagenet512/val/n02981792/ILSVRC2012_val_00043754.JPEG reached epsilon at step 5, loss sum: 0.8627, final loss: 0.00080872, weight distance: 0.0045
2025-09-15 09:36:03,801 - INFO - Example 54 completed: 5 steps, loss sum: 0.8627, final loss: 0.00080872, weight distance: 0.0045 (universal rank: 44321)
2025-09-15 09:36:03,801 - INFO - 
=== Training Example 55/60: /home/projects/bagon/shared/imagenet512/val/n04355933/ILSVRC2012_val_00026693.JPEG ===
2025-09-15 09:36:04,909 - INFO - Example /home/projects/bagon/shared/imagenet512/val/n04355933/ILSVRC2012_val_00026693.JPEG reached epsilon at step 6, loss sum: 2.8461, final loss: 0.00080490, weight distance: 0.0045
2025-09-15 09:36:25,833 - INFO - Example 55 completed: 6 steps, loss sum: 2.8461, final loss: 0.00080490, weight distance: 0.0045 (universal rank: 45033)
2025-09-15 09:36:25,833 - INFO - 
=== Training Example 56/60: /home/projects/bagon/shared/imagenet512/val/n03642806/ILSVRC2012_val_00005001.JPEG ===
2025-09-15 09:36:27,221 - INFO - Example /home/projects/bagon/shared/imagenet512/val/n03642806/ILSVRC2012_val_00005001.JPEG reached epsilon at step 8, loss sum: 3.0267, final loss: 0.00049591, weight distance: 0.0063
2025-09-15 09:36:53,097 - INFO - Example 56 completed: 8 steps, loss sum: 3.0267, final loss: 0.00049591, weight distance: 0.0063 (universal rank: 45973)
2025-09-15 09:36:53,097 - INFO - 
=== Training Example 57/60: /home/projects/bagon/shared/imagenet512/val/n02871525/ILSVRC2012_val_00040739.JPEG ===
2025-09-15 09:36:54,500 - INFO - Example /home/projects/bagon/shared/imagenet512/val/n02871525/ILSVRC2012_val_00040739.JPEG reached epsilon at step 8, loss sum: 5.9936, final loss: 0.00036049, weight distance: 0.0065
2025-09-15 09:37:15,713 - INFO - Example 57 completed: 8 steps, loss sum: 5.9936, final loss: 0.00036049, weight distance: 0.0065 (universal rank: 46891)
2025-09-15 09:37:15,713 - INFO - 
=== Training Example 58/60: /home/projects/bagon/shared/imagenet512/val/n02105251/ILSVRC2012_val_00048748.JPEG ===
2025-09-15 09:37:16,622 - INFO - Example /home/projects/bagon/shared/imagenet512/val/n02105251/ILSVRC2012_val_00048748.JPEG reached epsilon at step 5, loss sum: 2.3746, final loss: 0.00078964, weight distance: 0.0045
2025-09-15 09:37:42,608 - INFO - Example 58 completed: 5 steps, loss sum: 2.3746, final loss: 0.00078964, weight distance: 0.0045 (universal rank: 47907)
2025-09-15 09:37:42,608 - INFO - 
=== Training Example 59/60: /home/projects/bagon/shared/imagenet512/val/n02086240/ILSVRC2012_val_00010550.JPEG ===
2025-09-15 09:37:43,679 - INFO - Example /home/projects/bagon/shared/imagenet512/val/n02086240/ILSVRC2012_val_00010550.JPEG reached epsilon at step 6, loss sum: 3.3560, final loss: 0.00095367, weight distance: 0.0045
2025-09-15 09:38:05,031 - INFO - Example 59 completed: 6 steps, loss sum: 3.3560, final loss: 0.00095367, weight distance: 0.0045 (universal rank: 47974)
2025-09-15 09:38:05,031 - INFO - 
=== Training Example 60/60: /home/projects/bagon/shared/imagenet512/val/n04428191/ILSVRC2012_val_00028609.JPEG ===
2025-09-15 09:38:06,571 - INFO - Example /home/projects/bagon/shared/imagenet512/val/n04428191/ILSVRC2012_val_00028609.JPEG reached epsilon at step 9, loss sum: 11.2560, final loss: 0.00070190, weight distance: 0.0068
2025-09-15 09:38:27,521 - INFO - Example 60 completed: 9 steps, loss sum: 11.2560, final loss: 0.00070190, weight distance: 0.0068 (universal rank: 48073)
2025-09-15 09:38:27,521 - INFO - Creating final plots...
2025-09-15 09:38:29,235 - INFO - Training complete. Summary saved to /home/projects/bagon/andreyg/Projects/BMM_school/Universal_learning/Programming/training_gradient_evaluator_single_loss/outputs/efficientvit_b1.r224_in1k/training_summary.json
2025-09-15 09:38:29,236 - INFO - Results CSV: /home/projects/bagon/andreyg/Projects/BMM_school/Universal_learning/Programming/training_gradient_evaluator_single_loss/outputs/efficientvit_b1.r224_in1k/single_example_results.csv
