2025-09-15 13:25:19,347 - INFO - Parsed arguments:
2025-09-15 13:25:19,348 - INFO -   amp_dtype = None
2025-09-15 13:25:19,348 - INFO -   bars_npy = /home/projects/bagon/andreyg/Projects/BMM_school/Universal_learning/Programming/bars/geq6wrong_21017_geq6correct_1525_imagenet.npy
2025-09-15 13:25:19,348 - INFO -   deterministic = True
2025-09-15 13:25:19,348 - INFO -   device = cuda
2025-09-15 13:25:19,348 - INFO -   epsilon = 0.001
2025-09-15 13:25:19,348 - INFO -   examples_csv = /home/projects/bagon/andreyg/Projects/BMM_school/Universal_learning/Programming/bars/geq6wrong_21017_geq6correct_1525_imagenet_examples_ammended.csv
2025-09-15 13:25:19,348 - INFO -   grad_clip_norm = 1.0
2025-09-15 13:25:19,348 - INFO -   hierarchy_json = /home/projects/bagon/andreyg/Projects/BMM_school/Universal_learning/Programming/bars/imagenet_synset_hierarchy.json
2025-09-15 13:25:19,348 - INFO -   imagenet_models_csv = /home/projects/bagon/andreyg/Projects/BMM_school/Universal_learning/Programming/bars/imagenet_models.csv
2025-09-15 13:25:19,348 - INFO -   lr = 0.0001
2025-09-15 13:25:19,348 - INFO -   max_examples = 1500
2025-09-15 13:25:19,348 - INFO -   max_steps_per_example = 10000
2025-09-15 13:25:19,348 - INFO -   model_csv_name = mobilenetv2_050_224_lamb_imagenet_1k
2025-09-15 13:25:19,348 - INFO -   model_name = mobilenetv2_050.lamb_in1k
2025-09-15 13:25:19,348 - INFO -   no_amp = False
2025-09-15 13:25:19,348 - INFO -   output_dir = /home/projects/bagon/andreyg/Projects/BMM_school/Universal_learning/Programming/training_gradient_evaluator_single_loss/outputs_lr_0.0001
2025-09-15 13:25:19,348 - INFO -   root_dir = None
2025-09-15 13:25:19,348 - INFO -   seed = 1337
2025-09-15 13:25:19,348 - INFO -   weight_decay = 0.0
2025-09-15 13:25:19,348 - INFO -   zero_aug_train = True
2025-09-15 13:25:19,359 - INFO - Loaded 50000 examples in difficulty order
2025-09-15 13:25:20,095 - INFO - Loaded TIMM pretrained weights for mobilenetv2_050.lamb_in1k
2025-09-15 13:25:20,095 - INFO - pretrained_cfg.url=https://github.com/rwightman/pytorch-image-models/releases/download/v0.1-weights/mobilenetv2_050-3d30d450.pth hf_hub_id=timm/mobilenetv2_050.lamb_in1k
2025-09-15 13:25:20,432 - INFO - Stored original model weights for reset
2025-09-15 13:25:20,440 - INFO - Training configuration:
2025-09-15 13:25:20,440 - INFO -   lr = 0.0001
2025-09-15 13:25:20,440 - INFO -   weight_decay = 0.0
2025-09-15 13:25:20,440 - INFO -   max_steps = 10000
2025-09-15 13:25:20,440 - INFO -   epsilon = 0.001
2025-09-15 13:25:20,440 - INFO -   device = cuda
2025-09-15 13:25:20,440 - INFO -   use_amp = True
2025-09-15 13:25:20,440 - INFO -   amp_dtype = bfloat16
2025-09-15 13:25:20,440 - INFO -   gradient_clip_norm = 1.0
2025-09-15 13:25:20,471 - INFO - Resolved model_csv_name='mobilenetv2_050_224_lamb_imagenet_1k' to mask_row_index=1013
2025-09-15 13:25:29,462 - INFO - Selected 1500 wrong examples for training (sorted by difficulty)
2025-09-15 13:25:29,465 - INFO - Training examples (rank indices, 0-based): 21023, 21032, 21035, 21041, 21056, 21063, 21071, 21083, 21094, 21097, 21111, 21128, 21130, 21148, 21156, 21159, 21177, 21200, 21228, 21237, 21250, 21265, 21268, 21304, 21333, 21360, 21371, 21406, 21412, 21428, 21429, 21663, 21664, 21671, 21675, 21695, 21703, 21746, 21760, 21771, 21785, 21791, 21802, 21805, 21833, 21837, 21886, 21910, 21920, 21923, 21925, 21947, 21956, 21984, 22008, 22010, 22046, 22198, 22206, 22223, 22233, 22237, 22252, 22276, 22277, 22297, 22316, 22319, 22323, 22370, 22380, 22389, 22401, 22412, 22446, 22467, 22468, 22474, 22477, 22528, 22717, 22719, 22780, 22790, 22815, 22826, 22875, 22903, 22925, 22927, 22962, 22975, 23144, 23159, 23160, 23163, 23176, 23201, 23227, 23228, 23232, 23237, 23282, 23290, 23301, 23303, 23367, 23372, 23382, 23432, 23443, 23446, 23467, 23517, 23554, 23555, 23570, 23571, 23573, 23580, 23588, 23596, 23616, 23623, 23635, 23651, 23686, 23689, 23710, 23720, 23721, 23783, 23814, 23909, 23911, 23912, 23913, 23917, 23925, 23931, 23935, 23938, 23940, 23942, 23948, 23960, 23967, 23968, 23979, 23997, 23998, 24042, 24049, 24052, 24054, 24071, 24147, 24260, 24261, 24265, 24276, 24289, 24295, 24337, 24350, 24359, 24360, 24439, 24443, 24444, 24495, 24522, 24570, 24573, 24580, 24582, 24595, 24596, 24607, 24627, 24633, 24638, 24647, 24659, 24675, 24680, 24691, 24709, 24743, 24814, 24829, 24831, 24886, 24887, 24895, 24911, 24912, 24916, 24928, 24945, 24949, 24956, 25017, 25025, 25154, 25156, 25161, 25195, 25198, 25201, 25204, 25226, 25255, 25267, 25275, 25311, 25330, 25396, 25407, 25415, 25425, 25462, 25464, 25477, 25492, 25496, 25510, 25520, 25571, 25637, 25646, 25647, 25648, 25650, 25654, 25656, 25660, 25662, 25674, 25700, 25701, 25719, 25731, 25759, 25798, 25893, 25902, 25909, 25916, 25924, 25946, 25948, 25951, 25962, 25964, 26021, 26041, 26043, 26061, 26127, 26141, 26145, 26152, 26156, 26168, 26171, 26198, 26214, 26242, 26254, 26256, 26346, 26349, 26351, 26352, 26353, 26355, 26376, 26391, 26399, 26415, 26417, 26456, 26474, 26499, 26598, 26610, 26613, 26737, 26739, 26740, 26741, 26746, 26761, 26775, 26792, 26801, 26809, 26813, 26881, 26978, 26982, 26990, 27016, 27021, 27044, 27094, 27120, 27128, 27133, 27144, 27156, 27179, 27206, 27208, 27278, 27285, 27293, 27306, 27310, 27311, 27321, 27333, 27375, 27390, 27398, 27399, 27411, 27454, 27466, 27478, 27480, 27486, 27489, 27494, 27505, 27528, 27560, 27634, 27646, 27649, 27659, 27682, 27808, 27819, 27820, 27824, 27837, 27851, 27876, 27942, 27946, 27973, 27981, 27984, 28076, 28103, 28111, 28114, 28156, 28188, 28223, 28279, 28281, 28283, 28284, 28367, 28379, 28390, 28414, 28421, 28514, 28519, 28603, 28606, 28609, 28611, 28634, 28643, 28647, 28663, 28687, 28689, 28690, 28693, 28733, 28739, 28767, 28769, 28776, 28790, 28797, 28813, 28816, 28863, 28883, 28932, 28987, 28993, 29002, 29006, 29016, 29089, 29110, 29133, 29138, 29145, 29147, 29160, 29176, 29190, 29214, 29238, 29244, 29256, 29262, 29321, 29355, 29441, 29446, 29449, 29484, 29491, 29494, 29495, 29532, 29540, 29543, 29565, 29570, 29571, 29592, 29601, 29616, 29655, 29660, 29661, 29675, 29705, 29706, 29719, 29759, 29760, 29762, 29764, 29769, 29774, 29779, 29820, 29859, 29869, 29877, 29900, 29955, 29971, 29989, 30005, 30050, 30062, 30096, 30117, 30136, 30137, 30175, 30244, 30252, 30254, 30260, 30278, 30317, 30334, 30345, 30372, 30392, 30398, 30409, 30411, 30455, 30486, 30492, 30506, 30510, 30511, 30587, 30670, 30687, 30700, 30760, 30781, 30833, 30844, 30849, 30851, 30862, 30863, 30873, 30934, 30970, 30978, 30993, 30996, 31014, 31053, 31059, 31124, 31132, 31141, 31143, 31148, 31192, 31200, 31205, 31224, 31239, 31246, 31308, 31320, 31346, 31347, 31364, 31376, 31383, 31397, 31432, 31438, 31507, 31527, 31555, 31574, 31591, 31637, 31650, 31714, 31726, 31730, 31776, 31791, 31792, 31794, 31801, 31826, 31844, 31845, 31851, 31854, 31865, 31896, 31909, 31918, 31924, 31925, 31958, 31959, 31982, 31999, 32006, 32022, 32025, 32063, 32066, 32096, 32121, 32123, 32141, 32158, 32202, 32205, 32215, 32232, 32234, 32235, 32244, 32266, 32317, 32322, 32353, 32371, 32389, 32398, 32438, 32443, 32457, 32474, 32478, 32494, 32529, 32532, 32533, 32540, 32542, 32570, 32604, 32625, 32630, 32649, 32691, 32694, 32712, 32764, 32771, 32801, 32863, 32868, 32871, 32874, 32896, 32914, 32946, 32962, 32973, 32981, 33008, 33017, 33035, 33036, 33054, 33069, 33071, 33073, 33090, 33099, 33100, 33120, 33180, 33211, 33220, 33254, 33256, 33292, 33294, 33297, 33357, 33365, 33377, 33386, 33397, 33412, 33415, 33423, 33492, 33509, 33523, 33536, 33550, 33562, 33584, 33590, 33641, 33647, 33656, 33705, 33712, 33726, 33734, 33735, 33736, 33763, 33778, 33810, 33815, 33817, 33849, 33855, 33876, 33898, 33901, 33903, 33924, 33932, 33936, 33950, 33958, 33964, 33970, 34008, 34050, 34065, 34084, 34097, 34098, 34122, 34140, 34144, 34156, 34159, 34194, 34202, 34203, 34242, 34251, 34269, 34274, 34275, 34286, 34297, 34301, 34307, 34314, 34332, 34425, 34426, 34440, 34489, 34507, 34523, 34524, 34525, 34534, 34541, 34542, 34566, 34588, 34618, 34632, 34638, 34641, 34682, 34711, 34714, 34728, 34741, 34779, 34782, 34834, 34839, 34848, 34875, 34928, 34940, 34949, 34964, 35008, 35040, 35052, 35061, 35062, 35064, 35089, 35204, 35243, 35252, 35256, 35270, 35286, 35300, 35310, 35328, 35329, 35346, 35357, 35376, 35398, 35422, 35423, 35426, 35432, 35435, 35468, 35469, 35478, 35492, 35523, 35563, 35590, 35692, 35697, 35721, 35723, 35733, 35752, 35781, 35785, 35807, 35826, 35839, 35854, 35873, 35880, 35885, 35886, 35887, 35905, 35954, 35971, 35993, 36000, 36039, 36044, 36069, 36079, 36096, 36139, 36234, 36284, 36325, 36340, 36341, 36343, 36356, 36357, 36378, 36384, 36385, 36388, 36393, 36406, 36411, 36426, 36456, 36518, 36576, 36584, 36597, 36603, 36616, 36658, 36674, 36688, 36692, 36695, 36710, 36711, 36730, 36752, 36761, 36776, 36796, 36800, 36814, 36834, 36869, 36878, 36896, 36897, 36968, 37019, 37057, 37087, 37093, 37141, 37142, 37144, 37236, 37238, 37246, 37250, 37255, 37274, 37285, 37296, 37306, 37313, 37324, 37339, 37340, 37372, 37388, 37390, 37394, 37406, 37413, 37419, 37427, 37467, 37485, 37490, 37500, 37504, 37507, 37526, 37545, 37552, 37599, 37629, 37669, 37676, 37678, 37708, 37710, 37732, 37736, 37750, 37774, 37782, 37846, 37849, 37887, 37913, 37932, 37963, 37966, 37972, 37980, 37985, 38000, 38018, 38082, 38126, 38129, 38138, 38175, 38204, 38213, 38227, 38230, 38242, 38247, 38288, 38292, 38315, 38388, 38400, 38401, 38439, 38513, 38526, 38539, 38551, 38566, 38579, 38580, 38598, 38604, 38628, 38633, 38640, 38649, 38653, 38657, 38713, 38734, 38741, 38745, 38746, 38757, 38788, 38806, 38840, 38884, 38923, 38927, 38947, 38991, 39016, 39037, 39042, 39075, 39076, 39093, 39100, 39145, 39152, 39163, 39167, 39171, 39174, 39176, 39181, 39189, 39201, 39204, 39223, 39261, 39277, 39286, 39297, 39329, 39351, 39369, 39384, 39385, 39440, 39447, 39466, 39480, 39481, 39498, 39502, 39519, 39533, 39558, 39609, 39621, 39635, 39637, 39653, 39679, 39691, 39722, 39733, 39735, 39750, 39751, 39767, 39812, 39815, 39832, 39868, 39887, 39897, 39898, 39914, 39950, 39972, 39981, 40033, 40034, 40048, 40056, 40097, 40122, 40128, 40136, 40137, 40183, 40249, 40330, 40363, 40376, 40415, 40447, 40466, 40471, 40472, 40512, 40514, 40527, 40543, 40558, 40574, 40609, 40621, 40658, 40666, 40676, 40686, 40716, 40744, 40754, 40793, 40809, 40818, 40826, 40860, 40912, 40976, 41019, 41043, 41049, 41098, 41102, 41111, 41140, 41174, 41188, 41211, 41262, 41277, 41279, 41289, 41309, 41331, 41342, 41386, 41416, 41419, 41453, 41483, 41489, 41511, 41514, 41519, 41527, 41569, 41598, 41622, 41623, 41635, 41649, 41720, 41722, 41739, 41749, 41768, 41773, 41806, 41814, 41818, 41842, 41861, 41911, 41916, 41940, 41952, 41958, 41972, 41989, 42001, 42014, 42047, 42068, 42096, 42105, 42149, 42173, 42179, 42188, 42190, 42236, 42269, 42276, 42309, 42310, 42322, 42352, 42374, 42379, 42384, 42391, 42441, 42461, 42489, 42545, 42549, 42579, 42581, 42587, 42602, 42622, 42631, 42641, 42648, 42656, 42707, 42722, 42723, 42745, 42752, 42761, 42767, 42771, 42783, 42797, 42808, 42815, 42820, 42834, 42843, 42845, 42851, 42867, 42870, 42876, 42908, 42909, 42915, 42936, 42971, 42985, 42992, 43007, 43010, 43078, 43108, 43142, 43184, 43197, 43200, 43226, 43233, 43245, 43262, 43268, 43288, 43309, 43328, 43359, 43362, 43380, 43401, 43409, 43411, 43422, 43424, 43439, 43500, 43509, 43510, 43520, 43558, 43595, 43605, 43619, 43641, 43645, 43698, 43762, 43786, 43807, 43846, 43861, 43909, 43934, 43950, 43987, 44019, 44028, 44032, 44043, 44091, 44110, 44131, 44134, 44135, 44145, 44149, 44162, 44173, 44196, 44198, 44214, 44224, 44234, 44240, 44270, 44297, 44300, 44307, 44311, 44337, 44357, 44376, 44417, 44419, 44441, 44455, 44457, 44465, 44474, 44503, 44507, 44564, 44584, 44588, 44623, 44629, 44630, 44655, 44691, 44697, 44709, 44712, 44765, 44774, 44793, 44794, 44821, 44828, 44846, 44852, 44867, 44869, 44872, 44878, 44890, 44904, 44905, 44925, 44967, 44971, 44988, 44996, 44998, 45027, 45041, 45054, 45063, 45073, 45098, 45105, 45109, 45114, 45116, 45170, 45208, 45246, 45249, 45264, 45283, 45299, 45304, 45310, 45413, 45454, 45482, 45495, 45501, 45502, 45513, 45515, 45559, 45564, 45602, 45607, 45618, 45627, 45630, 45663, 45682, 45714, 45772, 45791, 45835, 45839, 45868, 45879, 45889, 45923, 45933, 45939, 45953, 45963, 45980, 46003, 46020, 46023, 46032, 46062, 46092, 46107, 46108, 46125, 46132, 46133, 46141, 46149, 46152, 46172, 46186, 46260, 46268, 46286, 46288, 46289, 46301, 46309, 46330, 46419, 46420, 46461, 46476, 46491, 46512, 46520, 46567, 46570, 46573, 46623, 46645, 46658, 46665, 46674, 46688, 46703, 46731, 46740, 46741, 46743, 46791, 46803, 46805, 46826, 46883, 46885, 46886, 46908, 46911, 46912, 46920, 46963, 46982, 46983, 46984, 46990, 47040, 47059, 47068, 47081, 47122, 47124, 47127, 47163, 47193, 47197, 47206, 47207, 47208, 47211, 47213, 47214, 47226, 47230, 47254, 47310, 47324, 47348, 47368, 47392, 47445, 47449, 47457, 47488, 47493, 47519, 47523, 47524, 47552, 47578, 47596, 47603, 47618, 47619, 47621, 47626, 47663, 47672, 47679, 47733, 47741, 47743, 47746, 47750, 47757, 47759, 47770, 47808, 47815, 47826, 47843, 47850, 47867, 47887, 47900, 47903, 47930, 47954, 47962, 47974, 47991, 47994, 48012, 48013, 48062, 48083, 48084, 48086, 48089, 48094, 48103, 48113, 48125, 48130, 48138, 48148, 48154, 48162, 48166, 48176, 48185, 48193, 48198, 48202, 48221, 48240, 48241, 48256, 48273, 48305, 48313, 48332, 48333, 48353, 48354, 48357, 48362, 48373, 48377, 48380, 48399, 48400, 48403, 48410, 48427, 48432, 48440, 48454, 48456, 48458, 48461, 48466
2025-09-15 13:25:29,486 - INFO - CKA layer subset: selecting 5/105 layers (~5%)
2025-09-15 13:25:30,989 - INFO - 
=== Training Example 1/1500: /home/projects/bagon/shared/imagenet512/val/n02099849/ILSVRC2012_val_00042884.JPEG ===
2025-09-15 13:30:14,253 - INFO - Example /home/projects/bagon/shared/imagenet512/val/n02099849/ILSVRC2012_val_00042884.JPEG never reached epsilon after 10000 steps, loss sum: 422.1927, final loss: 0.00164032, weight distance: 0.1741
2025-09-15 13:30:16,649 - INFO - Example 1 completed: -1 steps, loss sum: 422.1927, final loss: 0.00164032, weight distance: 0.1741 (universal rank: 21024)
2025-09-15 13:30:16,649 - INFO - 
=== Training Example 2/1500: /home/projects/bagon/shared/imagenet512/val/n04326547/ILSVRC2012_val_00033487.JPEG ===
2025-09-15 13:34:59,534 - INFO - Example /home/projects/bagon/shared/imagenet512/val/n04326547/ILSVRC2012_val_00033487.JPEG never reached epsilon after 10000 steps, loss sum: 818.8439, final loss: 0.00116730, weight distance: 0.2087
2025-09-15 13:35:00,704 - INFO - Example 2 completed: -1 steps, loss sum: 818.8439, final loss: 0.00116730, weight distance: 0.2087 (universal rank: 21033)
2025-09-15 13:35:00,704 - INFO - 
=== Training Example 3/1500: /home/projects/bagon/shared/imagenet512/val/n04067472/ILSVRC2012_val_00038147.JPEG ===
2025-09-15 13:39:43,842 - INFO - Example /home/projects/bagon/shared/imagenet512/val/n04067472/ILSVRC2012_val_00038147.JPEG never reached epsilon after 10000 steps, loss sum: 721.4264, final loss: 0.00180817, weight distance: 0.1939
2025-09-15 13:39:44,681 - INFO - Example 3 completed: -1 steps, loss sum: 721.4264, final loss: 0.00180817, weight distance: 0.1939 (universal rank: 21036)
2025-09-15 13:39:44,681 - INFO - 
=== Training Example 4/1500: /home/projects/bagon/shared/imagenet512/val/n02317335/ILSVRC2012_val_00021742.JPEG ===
2025-09-15 13:44:27,904 - INFO - Example /home/projects/bagon/shared/imagenet512/val/n02317335/ILSVRC2012_val_00021742.JPEG never reached epsilon after 10000 steps, loss sum: 5593.2490, final loss: 0.00259399, weight distance: 0.3797
2025-09-15 13:44:28,629 - INFO - Example 4 completed: -1 steps, loss sum: 5593.2490, final loss: 0.00259399, weight distance: 0.3797 (universal rank: 21042)
2025-09-15 13:44:28,629 - INFO - 
=== Training Example 5/1500: /home/projects/bagon/shared/imagenet512/val/n02500267/ILSVRC2012_val_00039565.JPEG ===
2025-09-15 13:49:09,953 - INFO - Example /home/projects/bagon/shared/imagenet512/val/n02500267/ILSVRC2012_val_00039565.JPEG never reached epsilon after 10000 steps, loss sum: 964.5919, final loss: 0.00361633, weight distance: 0.2474
2025-09-15 13:49:10,832 - INFO - Example 5 completed: -1 steps, loss sum: 964.5919, final loss: 0.00361633, weight distance: 0.2474 (universal rank: 21057)
2025-09-15 13:49:10,832 - INFO - 
=== Training Example 6/1500: /home/projects/bagon/shared/imagenet512/val/n02091467/ILSVRC2012_val_00049263.JPEG ===
2025-09-15 13:54:01,434 - INFO - Example /home/projects/bagon/shared/imagenet512/val/n02091467/ILSVRC2012_val_00049263.JPEG never reached epsilon after 10000 steps, loss sum: 323.4830, final loss: 0.00125122, weight distance: 0.1610
2025-09-15 13:54:03,708 - INFO - Example 6 completed: -1 steps, loss sum: 323.4830, final loss: 0.00125122, weight distance: 0.1610 (universal rank: 21064)
2025-09-15 13:54:03,708 - INFO - 
=== Training Example 7/1500: /home/projects/bagon/shared/imagenet512/val/n03929660/ILSVRC2012_val_00036654.JPEG ===
2025-09-15 13:58:57,460 - INFO - Example /home/projects/bagon/shared/imagenet512/val/n03929660/ILSVRC2012_val_00036654.JPEG never reached epsilon after 10000 steps, loss sum: 406.1505, final loss: 0.00143433, weight distance: 0.1702
2025-09-15 13:58:58,142 - INFO - Example 7 completed: -1 steps, loss sum: 406.1505, final loss: 0.00143433, weight distance: 0.1702 (universal rank: 21072)
2025-09-15 13:58:58,142 - INFO - 
=== Training Example 8/1500: /home/projects/bagon/shared/imagenet512/val/n02111129/ILSVRC2012_val_00042400.JPEG ===
2025-09-15 14:03:10,200 - INFO - Example /home/projects/bagon/shared/imagenet512/val/n02111129/ILSVRC2012_val_00042400.JPEG reached epsilon at step 8793, loss sum: 66.0486, final loss: 0.00099182, weight distance: 0.1116
2025-09-15 14:03:11,456 - INFO - Example 8 completed: 8793 steps, loss sum: 66.0486, final loss: 0.00099182, weight distance: 0.1116 (universal rank: 21084)
2025-09-15 14:03:11,457 - INFO - 
=== Training Example 9/1500: /home/projects/bagon/shared/imagenet512/val/n03127747/ILSVRC2012_val_00001689.JPEG ===
2025-09-15 14:07:56,206 - INFO - Example /home/projects/bagon/shared/imagenet512/val/n03127747/ILSVRC2012_val_00001689.JPEG never reached epsilon after 10000 steps, loss sum: 664.1285, final loss: 0.00213623, weight distance: 0.2392
2025-09-15 14:07:57,762 - INFO - Example 9 completed: -1 steps, loss sum: 664.1285, final loss: 0.00213623, weight distance: 0.2392 (universal rank: 21095)
2025-09-15 14:07:57,762 - INFO - 
=== Training Example 10/1500: /home/projects/bagon/shared/imagenet512/val/n07880968/ILSVRC2012_val_00020718.JPEG ===
2025-09-15 14:12:43,178 - INFO - Example /home/projects/bagon/shared/imagenet512/val/n07880968/ILSVRC2012_val_00020718.JPEG never reached epsilon after 10000 steps, loss sum: 318.1539, final loss: 0.00144196, weight distance: 0.1782
2025-09-15 14:12:43,806 - INFO - Example 10 completed: -1 steps, loss sum: 318.1539, final loss: 0.00144196, weight distance: 0.1782 (universal rank: 21098)
2025-09-15 14:12:43,806 - INFO - 
=== Training Example 11/1500: /home/projects/bagon/shared/imagenet512/val/n04065272/ILSVRC2012_val_00016511.JPEG ===
2025-09-15 14:17:30,069 - INFO - Example /home/projects/bagon/shared/imagenet512/val/n04065272/ILSVRC2012_val_00016511.JPEG never reached epsilon after 10000 steps, loss sum: 667.6034, final loss: 0.00242615, weight distance: 0.2443
2025-09-15 14:17:30,872 - INFO - Example 11 completed: -1 steps, loss sum: 667.6034, final loss: 0.00242615, weight distance: 0.2443 (universal rank: 21112)
2025-09-15 14:17:30,873 - INFO - 
=== Training Example 12/1500: /home/projects/bagon/shared/imagenet512/val/n03868242/ILSVRC2012_val_00009767.JPEG ===
2025-09-15 14:22:17,755 - INFO - Example /home/projects/bagon/shared/imagenet512/val/n03868242/ILSVRC2012_val_00009767.JPEG never reached epsilon after 10000 steps, loss sum: 655.0032, final loss: 0.00350952, weight distance: 0.2478
2025-09-15 14:22:18,521 - INFO - Example 12 completed: -1 steps, loss sum: 655.0032, final loss: 0.00350952, weight distance: 0.2478 (universal rank: 21129)
2025-09-15 14:22:18,521 - INFO - 
=== Training Example 13/1500: /home/projects/bagon/shared/imagenet512/val/n02089078/ILSVRC2012_val_00025820.JPEG ===
2025-09-15 14:27:05,309 - INFO - Example /home/projects/bagon/shared/imagenet512/val/n02089078/ILSVRC2012_val_00025820.JPEG never reached epsilon after 10000 steps, loss sum: 610.9987, final loss: 0.00349426, weight distance: 0.2155
2025-09-15 14:27:06,205 - INFO - Example 13 completed: -1 steps, loss sum: 610.9987, final loss: 0.00349426, weight distance: 0.2155 (universal rank: 21131)
2025-09-15 14:27:06,205 - INFO - 
=== Training Example 14/1500: /home/projects/bagon/shared/imagenet512/val/n01630670/ILSVRC2012_val_00020393.JPEG ===
2025-09-15 14:31:52,599 - INFO - Example /home/projects/bagon/shared/imagenet512/val/n01630670/ILSVRC2012_val_00020393.JPEG never reached epsilon after 10000 steps, loss sum: 2928.8459, final loss: 0.00116730, weight distance: 0.2648
2025-09-15 14:31:53,204 - INFO - Example 14 completed: -1 steps, loss sum: 2928.8459, final loss: 0.00116730, weight distance: 0.2648 (universal rank: 21149)
2025-09-15 14:31:53,205 - INFO - 
=== Training Example 15/1500: /home/projects/bagon/shared/imagenet512/val/n02114548/ILSVRC2012_val_00040757.JPEG ===
2025-09-15 14:36:39,257 - INFO - Example /home/projects/bagon/shared/imagenet512/val/n02114548/ILSVRC2012_val_00040757.JPEG never reached epsilon after 10000 steps, loss sum: 856.3479, final loss: 0.00375366, weight distance: 0.2263
2025-09-15 14:36:39,865 - INFO - Example 15 completed: -1 steps, loss sum: 856.3479, final loss: 0.00375366, weight distance: 0.2263 (universal rank: 21157)
2025-09-15 14:36:39,865 - INFO - 
=== Training Example 16/1500: /home/projects/bagon/shared/imagenet512/val/n02093859/ILSVRC2012_val_00035553.JPEG ===
2025-09-15 14:41:28,619 - INFO - Example /home/projects/bagon/shared/imagenet512/val/n02093859/ILSVRC2012_val_00035553.JPEG never reached epsilon after 10000 steps, loss sum: 545.4003, final loss: 0.00194550, weight distance: 0.2149
2025-09-15 14:41:29,744 - INFO - Example 16 completed: -1 steps, loss sum: 545.4003, final loss: 0.00194550, weight distance: 0.2149 (universal rank: 21160)
2025-09-15 14:41:29,744 - INFO - 
=== Training Example 17/1500: /home/projects/bagon/shared/imagenet512/val/n03792972/ILSVRC2012_val_00045705.JPEG ===
2025-09-15 14:46:14,478 - INFO - Example /home/projects/bagon/shared/imagenet512/val/n03792972/ILSVRC2012_val_00045705.JPEG never reached epsilon after 10000 steps, loss sum: 588.6214, final loss: 0.00169373, weight distance: 0.1972
2025-09-15 14:46:15,062 - INFO - Example 17 completed: -1 steps, loss sum: 588.6214, final loss: 0.00169373, weight distance: 0.1972 (universal rank: 21178)
2025-09-15 14:46:15,062 - INFO - 
=== Training Example 18/1500: /home/projects/bagon/shared/imagenet512/val/n04366367/ILSVRC2012_val_00006269.JPEG ===
2025-09-15 14:50:12,994 - INFO - Example /home/projects/bagon/shared/imagenet512/val/n04366367/ILSVRC2012_val_00006269.JPEG reached epsilon at step 8354, loss sum: 592.2130, final loss: 0.00099945, weight distance: 0.1593
2025-09-15 14:50:13,766 - INFO - Example 18 completed: 8354 steps, loss sum: 592.2130, final loss: 0.00099945, weight distance: 0.1593 (universal rank: 21201)
2025-09-15 14:50:13,766 - INFO - 
=== Training Example 19/1500: /home/projects/bagon/shared/imagenet512/val/n03908714/ILSVRC2012_val_00037769.JPEG ===
2025-09-15 14:54:58,667 - INFO - Example /home/projects/bagon/shared/imagenet512/val/n03908714/ILSVRC2012_val_00037769.JPEG never reached epsilon after 10000 steps, loss sum: 744.7243, final loss: 0.00157166, weight distance: 0.1942
2025-09-15 14:54:59,259 - INFO - Example 19 completed: -1 steps, loss sum: 744.7243, final loss: 0.00157166, weight distance: 0.1942 (universal rank: 21229)
2025-09-15 14:54:59,259 - INFO - 
=== Training Example 20/1500: /home/projects/bagon/shared/imagenet512/val/n04442312/ILSVRC2012_val_00026916.JPEG ===
2025-09-15 14:59:44,707 - INFO - Example /home/projects/bagon/shared/imagenet512/val/n04442312/ILSVRC2012_val_00026916.JPEG never reached epsilon after 10000 steps, loss sum: 287.1921, final loss: 0.00221252, weight distance: 0.1996
2025-09-15 14:59:45,294 - INFO - Example 20 completed: -1 steps, loss sum: 287.1921, final loss: 0.00221252, weight distance: 0.1996 (universal rank: 21238)
2025-09-15 14:59:45,295 - INFO - 
=== Training Example 21/1500: /home/projects/bagon/shared/imagenet512/val/n03884397/ILSVRC2012_val_00008704.JPEG ===
2025-09-15 15:04:30,746 - INFO - Example /home/projects/bagon/shared/imagenet512/val/n03884397/ILSVRC2012_val_00008704.JPEG never reached epsilon after 10000 steps, loss sum: 802.4450, final loss: 0.00130463, weight distance: 0.1850
2025-09-15 15:04:31,328 - INFO - Example 21 completed: -1 steps, loss sum: 802.4450, final loss: 0.00130463, weight distance: 0.1850 (universal rank: 21251)
2025-09-15 15:04:31,328 - INFO - 
=== Training Example 22/1500: /home/projects/bagon/shared/imagenet512/val/n03961711/ILSVRC2012_val_00020253.JPEG ===
2025-09-15 15:09:17,882 - INFO - Example /home/projects/bagon/shared/imagenet512/val/n03961711/ILSVRC2012_val_00020253.JPEG never reached epsilon after 10000 steps, loss sum: 1340.3447, final loss: 0.00168610, weight distance: 0.2210
2025-09-15 15:09:18,473 - INFO - Example 22 completed: -1 steps, loss sum: 1340.3447, final loss: 0.00168610, weight distance: 0.2210 (universal rank: 21266)
2025-09-15 15:09:18,473 - INFO - 
=== Training Example 23/1500: /home/projects/bagon/shared/imagenet512/val/n04258138/ILSVRC2012_val_00015162.JPEG ===
2025-09-15 15:13:58,396 - INFO - Example /home/projects/bagon/shared/imagenet512/val/n04258138/ILSVRC2012_val_00015162.JPEG reached epsilon at step 9819, loss sum: 2237.1423, final loss: 0.00096512, weight distance: 0.2451
2025-09-15 15:13:59,007 - INFO - Example 23 completed: 9819 steps, loss sum: 2237.1423, final loss: 0.00096512, weight distance: 0.2451 (universal rank: 21269)
2025-09-15 15:13:59,007 - INFO - 
=== Training Example 24/1500: /home/projects/bagon/shared/imagenet512/val/n04523525/ILSVRC2012_val_00018504.JPEG ===
2025-09-15 15:18:44,156 - INFO - Example /home/projects/bagon/shared/imagenet512/val/n04523525/ILSVRC2012_val_00018504.JPEG never reached epsilon after 10000 steps, loss sum: 84.7306, final loss: 0.00109863, weight distance: 0.1326
2025-09-15 15:18:44,750 - INFO - Example 24 completed: -1 steps, loss sum: 84.7306, final loss: 0.00109863, weight distance: 0.1326 (universal rank: 21305)
2025-09-15 15:18:44,751 - INFO - 
=== Training Example 25/1500: /home/projects/bagon/shared/imagenet512/val/n02655020/ILSVRC2012_val_00043777.JPEG ===
2025-09-15 15:21:07,341 - INFO - Example /home/projects/bagon/shared/imagenet512/val/n02655020/ILSVRC2012_val_00043777.JPEG reached epsilon at step 4997, loss sum: 57.4173, final loss: 0.00099182, weight distance: 0.0964
2025-09-15 15:21:07,937 - INFO - Example 25 completed: 4997 steps, loss sum: 57.4173, final loss: 0.00099182, weight distance: 0.0964 (universal rank: 21334)
2025-09-15 15:21:07,937 - INFO - 
=== Training Example 26/1500: /home/projects/bagon/shared/imagenet512/val/n04486054/ILSVRC2012_val_00031751.JPEG ===
2025-09-15 15:25:52,134 - INFO - Example /home/projects/bagon/shared/imagenet512/val/n04486054/ILSVRC2012_val_00031751.JPEG never reached epsilon after 10000 steps, loss sum: 398.9656, final loss: 0.00205994, weight distance: 0.1964
2025-09-15 15:25:52,745 - INFO - Example 26 completed: -1 steps, loss sum: 398.9656, final loss: 0.00205994, weight distance: 0.1964 (universal rank: 21361)
2025-09-15 15:25:52,745 - INFO - 
=== Training Example 27/1500: /home/projects/bagon/shared/imagenet512/val/n02417914/ILSVRC2012_val_00035284.JPEG ===
2025-09-15 15:30:38,480 - INFO - Example /home/projects/bagon/shared/imagenet512/val/n02417914/ILSVRC2012_val_00035284.JPEG never reached epsilon after 10000 steps, loss sum: 148.6703, final loss: 0.00171661, weight distance: 0.1650
2025-09-15 15:30:39,099 - INFO - Example 27 completed: -1 steps, loss sum: 148.6703, final loss: 0.00171661, weight distance: 0.1650 (universal rank: 21372)
2025-09-15 15:30:39,099 - INFO - 
=== Training Example 28/1500: /home/projects/bagon/shared/imagenet512/val/n01739381/ILSVRC2012_val_00042284.JPEG ===
2025-09-15 15:35:26,179 - INFO - Example /home/projects/bagon/shared/imagenet512/val/n01739381/ILSVRC2012_val_00042284.JPEG never reached epsilon after 10000 steps, loss sum: 405.7361, final loss: 0.00270081, weight distance: 0.2139
2025-09-15 15:35:26,827 - INFO - Example 28 completed: -1 steps, loss sum: 405.7361, final loss: 0.00270081, weight distance: 0.2139 (universal rank: 21407)
2025-09-15 15:35:26,827 - INFO - 
=== Training Example 29/1500: /home/projects/bagon/shared/imagenet512/val/n02104029/ILSVRC2012_val_00041264.JPEG ===
2025-09-15 15:40:14,626 - INFO - Example /home/projects/bagon/shared/imagenet512/val/n02104029/ILSVRC2012_val_00041264.JPEG never reached epsilon after 10000 steps, loss sum: 289.3061, final loss: 0.00285339, weight distance: 0.1913
2025-09-15 15:40:15,250 - INFO - Example 29 completed: -1 steps, loss sum: 289.3061, final loss: 0.00285339, weight distance: 0.1913 (universal rank: 21413)
2025-09-15 15:40:15,250 - INFO - 
=== Training Example 30/1500: /home/projects/bagon/shared/imagenet512/val/n04429376/ILSVRC2012_val_00004328.JPEG ===
2025-09-15 15:45:01,913 - INFO - Example /home/projects/bagon/shared/imagenet512/val/n04429376/ILSVRC2012_val_00004328.JPEG never reached epsilon after 10000 steps, loss sum: 643.3581, final loss: 0.00118256, weight distance: 0.1881
2025-09-15 15:45:02,682 - INFO - Example 30 completed: -1 steps, loss sum: 643.3581, final loss: 0.00118256, weight distance: 0.1881 (universal rank: 21429)
2025-09-15 15:45:02,682 - INFO - 
=== Training Example 31/1500: /home/projects/bagon/shared/imagenet512/val/n04067472/ILSVRC2012_val_00043864.JPEG ===
2025-09-15 15:49:47,723 - INFO - Example /home/projects/bagon/shared/imagenet512/val/n04067472/ILSVRC2012_val_00043864.JPEG never reached epsilon after 10000 steps, loss sum: 475.5975, final loss: 0.00125122, weight distance: 0.1971
2025-09-15 15:49:48,314 - INFO - Example 31 completed: -1 steps, loss sum: 475.5975, final loss: 0.00125122, weight distance: 0.1971 (universal rank: 21430)
2025-09-15 15:49:48,314 - INFO - 
=== Training Example 32/1500: /home/projects/bagon/shared/imagenet512/val/n04192698/ILSVRC2012_val_00037414.JPEG ===
2025-09-15 15:54:17,780 - INFO - Example /home/projects/bagon/shared/imagenet512/val/n04192698/ILSVRC2012_val_00037414.JPEG reached epsilon at step 9363, loss sum: 239.8195, final loss: 0.00099182, weight distance: 0.1464
2025-09-15 15:54:21,206 - INFO - Example 32 completed: 9363 steps, loss sum: 239.8195, final loss: 0.00099182, weight distance: 0.1464 (universal rank: 21664)
2025-09-15 15:54:21,206 - INFO - 
=== Training Example 33/1500: /home/projects/bagon/shared/imagenet512/val/n01806143/ILSVRC2012_val_00049584.JPEG ===
2025-09-15 15:57:54,465 - INFO - Example /home/projects/bagon/shared/imagenet512/val/n01806143/ILSVRC2012_val_00049584.JPEG reached epsilon at step 7406, loss sum: 1736.2295, final loss: 0.00093079, weight distance: 0.1985
2025-09-15 15:57:55,432 - INFO - Example 33 completed: 7406 steps, loss sum: 1736.2295, final loss: 0.00093079, weight distance: 0.1985 (universal rank: 21665)
2025-09-15 15:57:55,432 - INFO - 
=== Training Example 34/1500: /home/projects/bagon/shared/imagenet512/val/n03495258/ILSVRC2012_val_00022015.JPEG ===
2025-09-15 16:01:57,545 - INFO - Example /home/projects/bagon/shared/imagenet512/val/n03495258/ILSVRC2012_val_00022015.JPEG reached epsilon at step 8442, loss sum: 1620.9179, final loss: 0.00099182, weight distance: 0.2149
2025-09-15 16:01:58,853 - INFO - Example 34 completed: 8442 steps, loss sum: 1620.9179, final loss: 0.00099182, weight distance: 0.2149 (universal rank: 21672)
2025-09-15 16:01:58,853 - INFO - 
=== Training Example 35/1500: /home/projects/bagon/shared/imagenet512/val/n02089867/ILSVRC2012_val_00035669.JPEG ===
2025-09-15 16:06:44,530 - INFO - Example /home/projects/bagon/shared/imagenet512/val/n02089867/ILSVRC2012_val_00035669.JPEG never reached epsilon after 10000 steps, loss sum: 696.4395, final loss: 0.00421143, weight distance: 0.2300
2025-09-15 16:06:45,112 - INFO - Example 35 completed: -1 steps, loss sum: 696.4395, final loss: 0.00421143, weight distance: 0.2300 (universal rank: 21676)
2025-09-15 16:06:45,112 - INFO - 
=== Training Example 36/1500: /home/projects/bagon/shared/imagenet512/val/n04505470/ILSVRC2012_val_00007790.JPEG ===
2025-09-15 16:11:30,989 - INFO - Example /home/projects/bagon/shared/imagenet512/val/n04505470/ILSVRC2012_val_00007790.JPEG never reached epsilon after 10000 steps, loss sum: 113.6191, final loss: 0.00196838, weight distance: 0.1349
2025-09-15 16:11:31,572 - INFO - Example 36 completed: -1 steps, loss sum: 113.6191, final loss: 0.00196838, weight distance: 0.1349 (universal rank: 21696)
2025-09-15 16:11:31,572 - INFO - 
=== Training Example 37/1500: /home/projects/bagon/shared/imagenet512/val/n02017213/ILSVRC2012_val_00029206.JPEG ===
2025-09-15 16:16:18,729 - INFO - Example /home/projects/bagon/shared/imagenet512/val/n02017213/ILSVRC2012_val_00029206.JPEG never reached epsilon after 10000 steps, loss sum: 2946.4525, final loss: 0.00372314, weight distance: 0.3346
2025-09-15 16:16:19,315 - INFO - Example 37 completed: -1 steps, loss sum: 2946.4525, final loss: 0.00372314, weight distance: 0.3346 (universal rank: 21704)
2025-09-15 16:16:19,315 - INFO - 
=== Training Example 38/1500: /home/projects/bagon/shared/imagenet512/val/n03127925/ILSVRC2012_val_00013348.JPEG ===
2025-09-15 16:21:06,429 - INFO - Example /home/projects/bagon/shared/imagenet512/val/n03127925/ILSVRC2012_val_00013348.JPEG never reached epsilon after 10000 steps, loss sum: 664.0072, final loss: 0.00128937, weight distance: 0.1942
2025-09-15 16:21:07,024 - INFO - Example 38 completed: -1 steps, loss sum: 664.0072, final loss: 0.00128937, weight distance: 0.1942 (universal rank: 21747)
2025-09-15 16:21:07,024 - INFO - 
=== Training Example 39/1500: /home/projects/bagon/shared/imagenet512/val/n02108089/ILSVRC2012_val_00027128.JPEG ===
2025-09-15 16:25:55,537 - INFO - Example /home/projects/bagon/shared/imagenet512/val/n02108089/ILSVRC2012_val_00027128.JPEG never reached epsilon after 10000 steps, loss sum: 738.8288, final loss: 0.00308228, weight distance: 0.2390
2025-09-15 16:25:56,131 - INFO - Example 39 completed: -1 steps, loss sum: 738.8288, final loss: 0.00308228, weight distance: 0.2390 (universal rank: 21761)
2025-09-15 16:25:56,131 - INFO - 
=== Training Example 40/1500: /home/projects/bagon/shared/imagenet512/val/n02113799/ILSVRC2012_val_00034908.JPEG ===
2025-09-15 16:30:44,271 - INFO - Example /home/projects/bagon/shared/imagenet512/val/n02113799/ILSVRC2012_val_00034908.JPEG never reached epsilon after 10000 steps, loss sum: 810.0453, final loss: 0.00331116, weight distance: 0.2290
2025-09-15 16:30:44,910 - INFO - Example 40 completed: -1 steps, loss sum: 810.0453, final loss: 0.00331116, weight distance: 0.2290 (universal rank: 21772)
2025-09-15 16:30:44,911 - INFO - 
=== Training Example 41/1500: /home/projects/bagon/shared/imagenet512/val/n02113799/ILSVRC2012_val_00007931.JPEG ===
2025-09-15 16:35:32,036 - INFO - Example /home/projects/bagon/shared/imagenet512/val/n02113799/ILSVRC2012_val_00007931.JPEG never reached epsilon after 10000 steps, loss sum: 1055.1817, final loss: 0.00222778, weight distance: 0.2105
2025-09-15 16:35:33,416 - INFO - Example 41 completed: -1 steps, loss sum: 1055.1817, final loss: 0.00222778, weight distance: 0.2105 (universal rank: 21786)
2025-09-15 16:35:33,416 - INFO - 
=== Training Example 42/1500: /home/projects/bagon/shared/imagenet512/val/n02264363/ILSVRC2012_val_00029539.JPEG ===
2025-09-15 16:40:20,535 - INFO - Example /home/projects/bagon/shared/imagenet512/val/n02264363/ILSVRC2012_val_00029539.JPEG never reached epsilon after 10000 steps, loss sum: 2690.3865, final loss: 0.00205994, weight distance: 0.2649
2025-09-15 16:40:21,402 - INFO - Example 42 completed: -1 steps, loss sum: 2690.3865, final loss: 0.00205994, weight distance: 0.2649 (universal rank: 21792)
2025-09-15 16:40:21,402 - INFO - 
=== Training Example 43/1500: /home/projects/bagon/shared/imagenet512/val/n02101556/ILSVRC2012_val_00000643.JPEG ===
2025-09-15 16:45:08,127 - INFO - Example /home/projects/bagon/shared/imagenet512/val/n02101556/ILSVRC2012_val_00000643.JPEG never reached epsilon after 10000 steps, loss sum: 1111.2625, final loss: 0.00321960, weight distance: 0.2786
2025-09-15 16:45:08,753 - INFO - Example 43 completed: -1 steps, loss sum: 1111.2625, final loss: 0.00321960, weight distance: 0.2786 (universal rank: 21803)
2025-09-15 16:45:08,753 - INFO - 
=== Training Example 44/1500: /home/projects/bagon/shared/imagenet512/val/n03657121/ILSVRC2012_val_00030683.JPEG ===
2025-09-15 16:49:53,655 - INFO - Example /home/projects/bagon/shared/imagenet512/val/n03657121/ILSVRC2012_val_00030683.JPEG never reached epsilon after 10000 steps, loss sum: 1462.7564, final loss: 0.00288391, weight distance: 0.2645
2025-09-15 16:49:54,234 - INFO - Example 44 completed: -1 steps, loss sum: 1462.7564, final loss: 0.00288391, weight distance: 0.2645 (universal rank: 21806)
2025-09-15 16:49:54,234 - INFO - 
=== Training Example 45/1500: /home/projects/bagon/shared/imagenet512/val/n02783161/ILSVRC2012_val_00033768.JPEG ===
2025-09-15 16:54:40,788 - INFO - Example /home/projects/bagon/shared/imagenet512/val/n02783161/ILSVRC2012_val_00033768.JPEG never reached epsilon after 10000 steps, loss sum: 354.0238, final loss: 0.00389099, weight distance: 0.2092
2025-09-15 16:54:41,396 - INFO - Example 45 completed: -1 steps, loss sum: 354.0238, final loss: 0.00389099, weight distance: 0.2092 (universal rank: 21834)
2025-09-15 16:54:41,396 - INFO - 
=== Training Example 46/1500: /home/projects/bagon/shared/imagenet512/val/n02939185/ILSVRC2012_val_00006370.JPEG ===
2025-09-15 16:59:28,479 - INFO - Example /home/projects/bagon/shared/imagenet512/val/n02939185/ILSVRC2012_val_00006370.JPEG never reached epsilon after 10000 steps, loss sum: 271.7772, final loss: 0.00165558, weight distance: 0.1933
2025-09-15 16:59:29,064 - INFO - Example 46 completed: -1 steps, loss sum: 271.7772, final loss: 0.00165558, weight distance: 0.1933 (universal rank: 21838)
2025-09-15 16:59:29,064 - INFO - 
=== Training Example 47/1500: /home/projects/bagon/shared/imagenet512/val/n03018349/ILSVRC2012_val_00047905.JPEG ===
2025-09-15 17:04:16,772 - INFO - Example /home/projects/bagon/shared/imagenet512/val/n03018349/ILSVRC2012_val_00047905.JPEG never reached epsilon after 10000 steps, loss sum: 929.9091, final loss: 0.00184631, weight distance: 0.2423
2025-09-15 17:04:17,626 - INFO - Example 47 completed: -1 steps, loss sum: 929.9091, final loss: 0.00184631, weight distance: 0.2423 (universal rank: 21887)
2025-09-15 17:04:17,626 - INFO - 
=== Training Example 48/1500: /home/projects/bagon/shared/imagenet512/val/n02138441/ILSVRC2012_val_00032885.JPEG ===
2025-09-15 17:09:06,914 - INFO - Example /home/projects/bagon/shared/imagenet512/val/n02138441/ILSVRC2012_val_00032885.JPEG never reached epsilon after 10000 steps, loss sum: 465.2299, final loss: 0.00239563, weight distance: 0.2083
2025-09-15 17:09:07,786 - INFO - Example 48 completed: -1 steps, loss sum: 465.2299, final loss: 0.00239563, weight distance: 0.2083 (universal rank: 21911)
2025-09-15 17:09:07,786 - INFO - 
=== Training Example 49/1500: /home/projects/bagon/shared/imagenet512/val/n02974003/ILSVRC2012_val_00047912.JPEG ===
2025-09-15 17:13:58,593 - INFO - Example /home/projects/bagon/shared/imagenet512/val/n02974003/ILSVRC2012_val_00047912.JPEG never reached epsilon after 10000 steps, loss sum: 131.5549, final loss: 0.00192261, weight distance: 0.1729
2025-09-15 17:13:59,763 - INFO - Example 49 completed: -1 steps, loss sum: 131.5549, final loss: 0.00192261, weight distance: 0.1729 (universal rank: 21921)
2025-09-15 17:13:59,763 - INFO - 
=== Training Example 50/1500: /home/projects/bagon/shared/imagenet512/val/n02086646/ILSVRC2012_val_00025911.JPEG ===
2025-09-15 17:18:48,446 - INFO - Example /home/projects/bagon/shared/imagenet512/val/n02086646/ILSVRC2012_val_00025911.JPEG never reached epsilon after 10000 steps, loss sum: 1294.7330, final loss: 0.00254822, weight distance: 0.2267
2025-09-15 17:18:49,051 - INFO - Example 50 completed: -1 steps, loss sum: 1294.7330, final loss: 0.00254822, weight distance: 0.2267 (universal rank: 21924)
2025-09-15 17:18:49,051 - INFO - 
=== Training Example 51/1500: /home/projects/bagon/shared/imagenet512/val/n03483316/ILSVRC2012_val_00034530.JPEG ===
2025-09-15 17:23:38,494 - INFO - Example /home/projects/bagon/shared/imagenet512/val/n03483316/ILSVRC2012_val_00034530.JPEG never reached epsilon after 10000 steps, loss sum: 383.2553, final loss: 0.00131989, weight distance: 0.1929
2025-09-15 17:23:39,088 - INFO - Example 51 completed: -1 steps, loss sum: 383.2553, final loss: 0.00131989, weight distance: 0.1929 (universal rank: 21926)
2025-09-15 17:23:39,088 - INFO - 
=== Training Example 52/1500: /home/projects/bagon/shared/imagenet512/val/n02095314/ILSVRC2012_val_00011082.JPEG ===
2025-09-15 17:28:28,563 - INFO - Example /home/projects/bagon/shared/imagenet512/val/n02095314/ILSVRC2012_val_00011082.JPEG never reached epsilon after 10000 steps, loss sum: 989.6726, final loss: 0.00202942, weight distance: 0.2198
2025-09-15 17:28:29,162 - INFO - Example 52 completed: -1 steps, loss sum: 989.6726, final loss: 0.00202942, weight distance: 0.2198 (universal rank: 21948)
2025-09-15 17:28:29,162 - INFO - 
=== Training Example 53/1500: /home/projects/bagon/shared/imagenet512/val/n01742172/ILSVRC2012_val_00031749.JPEG ===
2025-09-15 17:33:18,782 - INFO - Example /home/projects/bagon/shared/imagenet512/val/n01742172/ILSVRC2012_val_00031749.JPEG never reached epsilon after 10000 steps, loss sum: 623.2257, final loss: 0.00147247, weight distance: 0.1947
2025-09-15 17:33:19,382 - INFO - Example 53 completed: -1 steps, loss sum: 623.2257, final loss: 0.00147247, weight distance: 0.1947 (universal rank: 21957)
2025-09-15 17:33:19,383 - INFO - 
=== Training Example 54/1500: /home/projects/bagon/shared/imagenet512/val/n02096051/ILSVRC2012_val_00009703.JPEG ===
2025-09-15 17:38:08,528 - INFO - Example /home/projects/bagon/shared/imagenet512/val/n02096051/ILSVRC2012_val_00009703.JPEG never reached epsilon after 10000 steps, loss sum: 507.4078, final loss: 0.00218201, weight distance: 0.2019
2025-09-15 17:38:09,127 - INFO - Example 54 completed: -1 steps, loss sum: 507.4078, final loss: 0.00218201, weight distance: 0.2019 (universal rank: 21985)
2025-09-15 17:38:09,127 - INFO - 
=== Training Example 55/1500: /home/projects/bagon/shared/imagenet512/val/n02487347/ILSVRC2012_val_00030712.JPEG ===
2025-09-15 17:42:58,417 - INFO - Example /home/projects/bagon/shared/imagenet512/val/n02487347/ILSVRC2012_val_00030712.JPEG never reached epsilon after 10000 steps, loss sum: 582.7688, final loss: 0.00361633, weight distance: 0.2662
2025-09-15 17:42:59,011 - INFO - Example 55 completed: -1 steps, loss sum: 582.7688, final loss: 0.00361633, weight distance: 0.2662 (universal rank: 22009)
2025-09-15 17:42:59,011 - INFO - 
=== Training Example 56/1500: /home/projects/bagon/shared/imagenet512/val/n02099712/ILSVRC2012_val_00046817.JPEG ===
2025-09-15 17:47:49,138 - INFO - Example /home/projects/bagon/shared/imagenet512/val/n02099712/ILSVRC2012_val_00046817.JPEG never reached epsilon after 10000 steps, loss sum: 285.3486, final loss: 0.00157166, weight distance: 0.1437
2025-09-15 17:47:49,749 - INFO - Example 56 completed: -1 steps, loss sum: 285.3486, final loss: 0.00157166, weight distance: 0.1437 (universal rank: 22011)
2025-09-15 17:47:49,750 - INFO - 
=== Training Example 57/1500: /home/projects/bagon/shared/imagenet512/val/n04127249/ILSVRC2012_val_00034276.JPEG ===
2025-09-15 17:49:48,039 - INFO - Example /home/projects/bagon/shared/imagenet512/val/n04127249/ILSVRC2012_val_00034276.JPEG reached epsilon at step 4095, loss sum: 66.4212, final loss: 0.00099182, weight distance: 0.0854
2025-09-15 17:49:49,158 - INFO - Example 57 completed: 4095 steps, loss sum: 66.4212, final loss: 0.00099182, weight distance: 0.0854 (universal rank: 22047)
2025-09-15 17:49:49,158 - INFO - 
=== Training Example 58/1500: /home/projects/bagon/shared/imagenet512/val/n03786901/ILSVRC2012_val_00048332.JPEG ===
2025-09-15 17:54:16,256 - INFO - Example /home/projects/bagon/shared/imagenet512/val/n03786901/ILSVRC2012_val_00048332.JPEG reached epsilon at step 9239, loss sum: 2582.1441, final loss: 0.00098419, weight distance: 0.2422
2025-09-15 17:54:16,871 - INFO - Example 58 completed: 9239 steps, loss sum: 2582.1441, final loss: 0.00098419, weight distance: 0.2422 (universal rank: 22199)
2025-09-15 17:54:16,871 - INFO - 
=== Training Example 59/1500: /home/projects/bagon/shared/imagenet512/val/n04209239/ILSVRC2012_val_00013514.JPEG ===
2025-09-15 17:59:05,468 - INFO - Example /home/projects/bagon/shared/imagenet512/val/n04209239/ILSVRC2012_val_00013514.JPEG never reached epsilon after 10000 steps, loss sum: 1181.5797, final loss: 0.00149536, weight distance: 0.2381
2025-09-15 17:59:06,070 - INFO - Example 59 completed: -1 steps, loss sum: 1181.5797, final loss: 0.00149536, weight distance: 0.2381 (universal rank: 22207)
2025-09-15 17:59:06,070 - INFO - 
=== Training Example 60/1500: /home/projects/bagon/shared/imagenet512/val/n01518878/ILSVRC2012_val_00044483.JPEG ===
2025-09-15 18:03:54,824 - INFO - Example /home/projects/bagon/shared/imagenet512/val/n01518878/ILSVRC2012_val_00044483.JPEG never reached epsilon after 10000 steps, loss sum: 916.9060, final loss: 0.00151825, weight distance: 0.2177
2025-09-15 18:03:55,425 - INFO - Example 60 completed: -1 steps, loss sum: 916.9060, final loss: 0.00151825, weight distance: 0.2177 (universal rank: 22224)
2025-09-15 18:03:55,425 - INFO - 
=== Training Example 61/1500: /home/projects/bagon/shared/imagenet512/val/n01917289/ILSVRC2012_val_00007309.JPEG ===
2025-09-15 18:08:14,216 - INFO - Example /home/projects/bagon/shared/imagenet512/val/n01917289/ILSVRC2012_val_00007309.JPEG reached epsilon at step 8887, loss sum: 362.6068, final loss: 0.00099182, weight distance: 0.1612
2025-09-15 18:08:14,839 - INFO - Example 61 completed: 8887 steps, loss sum: 362.6068, final loss: 0.00099182, weight distance: 0.1612 (universal rank: 22234)
2025-09-15 18:08:14,839 - INFO - 
=== Training Example 62/1500: /home/projects/bagon/shared/imagenet512/val/n02437312/ILSVRC2012_val_00011354.JPEG ===
2025-09-15 18:11:21,024 - INFO - Example /home/projects/bagon/shared/imagenet512/val/n02437312/ILSVRC2012_val_00011354.JPEG reached epsilon at step 6459, loss sum: 413.6645, final loss: 0.00099182, weight distance: 0.1678
2025-09-15 18:11:21,632 - INFO - Example 62 completed: 6459 steps, loss sum: 413.6645, final loss: 0.00099182, weight distance: 0.1678 (universal rank: 22238)
2025-09-15 18:11:21,632 - INFO - 
=== Training Example 63/1500: /home/projects/bagon/shared/imagenet512/val/n04517823/ILSVRC2012_val_00020165.JPEG ===
2025-09-15 18:15:16,657 - INFO - Example /home/projects/bagon/shared/imagenet512/val/n04517823/ILSVRC2012_val_00020165.JPEG reached epsilon at step 8067, loss sum: 101.0643, final loss: 0.00099945, weight distance: 0.1025
2025-09-15 18:15:17,270 - INFO - Example 63 completed: 8067 steps, loss sum: 101.0643, final loss: 0.00099945, weight distance: 0.1025 (universal rank: 22253)
2025-09-15 18:15:17,270 - INFO - 
=== Training Example 64/1500: /home/projects/bagon/shared/imagenet512/val/n04133789/ILSVRC2012_val_00035105.JPEG ===
2025-09-15 18:20:07,009 - INFO - Example /home/projects/bagon/shared/imagenet512/val/n04133789/ILSVRC2012_val_00035105.JPEG never reached epsilon after 10000 steps, loss sum: 2188.6668, final loss: 0.00436401, weight distance: 0.3232
2025-09-15 18:20:07,602 - INFO - Example 64 completed: -1 steps, loss sum: 2188.6668, final loss: 0.00436401, weight distance: 0.3232 (universal rank: 22277)
2025-09-15 18:20:07,602 - INFO - 
=== Training Example 65/1500: /home/projects/bagon/shared/imagenet512/val/n02692877/ILSVRC2012_val_00015551.JPEG ===
2025-09-15 18:24:58,705 - INFO - Example /home/projects/bagon/shared/imagenet512/val/n02692877/ILSVRC2012_val_00015551.JPEG never reached epsilon after 10000 steps, loss sum: 567.7196, final loss: 0.00135040, weight distance: 0.2035
2025-09-15 18:24:59,307 - INFO - Example 65 completed: -1 steps, loss sum: 567.7196, final loss: 0.00135040, weight distance: 0.2035 (universal rank: 22278)
2025-09-15 18:24:59,308 - INFO - 
=== Training Example 66/1500: /home/projects/bagon/shared/imagenet512/val/n01768244/ILSVRC2012_val_00033415.JPEG ===
2025-09-15 18:28:08,734 - INFO - Example /home/projects/bagon/shared/imagenet512/val/n01768244/ILSVRC2012_val_00033415.JPEG reached epsilon at step 6532, loss sum: 397.5230, final loss: 0.00099182, weight distance: 0.1460
2025-09-15 18:28:11,018 - INFO - Example 66 completed: 6532 steps, loss sum: 397.5230, final loss: 0.00099182, weight distance: 0.1460 (universal rank: 22298)
2025-09-15 18:28:11,018 - INFO - 
=== Training Example 67/1500: /home/projects/bagon/shared/imagenet512/val/n02086646/ILSVRC2012_val_00014888.JPEG ===
2025-09-15 18:33:01,902 - INFO - Example /home/projects/bagon/shared/imagenet512/val/n02086646/ILSVRC2012_val_00014888.JPEG never reached epsilon after 10000 steps, loss sum: 1317.6310, final loss: 0.00242615, weight distance: 0.2561
2025-09-15 18:33:02,804 - INFO - Example 67 completed: -1 steps, loss sum: 1317.6310, final loss: 0.00242615, weight distance: 0.2561 (universal rank: 22317)
2025-09-15 18:33:02,804 - INFO - 
=== Training Example 68/1500: /home/projects/bagon/shared/imagenet512/val/n02009912/ILSVRC2012_val_00013589.JPEG ===
2025-09-15 18:37:53,207 - INFO - Example /home/projects/bagon/shared/imagenet512/val/n02009912/ILSVRC2012_val_00013589.JPEG never reached epsilon after 10000 steps, loss sum: 439.7543, final loss: 0.00267029, weight distance: 0.1927
2025-09-15 18:37:53,820 - INFO - Example 68 completed: -1 steps, loss sum: 439.7543, final loss: 0.00267029, weight distance: 0.1927 (universal rank: 22320)
2025-09-15 18:37:53,820 - INFO - 
=== Training Example 69/1500: /home/projects/bagon/shared/imagenet512/val/n01855032/ILSVRC2012_val_00042586.JPEG ===
2025-09-15 18:42:43,260 - INFO - Example /home/projects/bagon/shared/imagenet512/val/n01855032/ILSVRC2012_val_00042586.JPEG never reached epsilon after 10000 steps, loss sum: 811.2848, final loss: 0.00227356, weight distance: 0.2346
2025-09-15 18:42:43,862 - INFO - Example 69 completed: -1 steps, loss sum: 811.2848, final loss: 0.00227356, weight distance: 0.2346 (universal rank: 22324)
2025-09-15 18:42:43,862 - INFO - 
=== Training Example 70/1500: /home/projects/bagon/shared/imagenet512/val/n04367480/ILSVRC2012_val_00049559.JPEG ===
2025-09-15 18:47:32,991 - INFO - Example /home/projects/bagon/shared/imagenet512/val/n04367480/ILSVRC2012_val_00049559.JPEG never reached epsilon after 10000 steps, loss sum: 94.3841, final loss: 0.00202942, weight distance: 0.1152
2025-09-15 18:47:34,045 - INFO - Example 70 completed: -1 steps, loss sum: 94.3841, final loss: 0.00202942, weight distance: 0.1152 (universal rank: 22371)
2025-09-15 18:47:34,045 - INFO - 
=== Training Example 71/1500: /home/projects/bagon/shared/imagenet512/val/n02437312/ILSVRC2012_val_00049007.JPEG ===
2025-09-15 18:51:08,680 - INFO - Example /home/projects/bagon/shared/imagenet512/val/n02437312/ILSVRC2012_val_00049007.JPEG reached epsilon at step 7397, loss sum: 53.7833, final loss: 0.00099945, weight distance: 0.1064
2025-09-15 18:51:09,275 - INFO - Example 71 completed: 7397 steps, loss sum: 53.7833, final loss: 0.00099945, weight distance: 0.1064 (universal rank: 22381)
2025-09-15 18:51:09,275 - INFO - 
=== Training Example 72/1500: /home/projects/bagon/shared/imagenet512/val/n02096177/ILSVRC2012_val_00038486.JPEG ===
2025-09-15 18:55:57,945 - INFO - Example /home/projects/bagon/shared/imagenet512/val/n02096177/ILSVRC2012_val_00038486.JPEG never reached epsilon after 10000 steps, loss sum: 595.1210, final loss: 0.00318909, weight distance: 0.2102
2025-09-15 18:55:59,167 - INFO - Example 72 completed: -1 steps, loss sum: 595.1210, final loss: 0.00318909, weight distance: 0.2102 (universal rank: 22390)
2025-09-15 18:55:59,167 - INFO - 
=== Training Example 73/1500: /home/projects/bagon/shared/imagenet512/val/n02492035/ILSVRC2012_val_00016946.JPEG ===
2025-09-15 19:00:47,750 - INFO - Example /home/projects/bagon/shared/imagenet512/val/n02492035/ILSVRC2012_val_00016946.JPEG never reached epsilon after 10000 steps, loss sum: 348.1265, final loss: 0.00241089, weight distance: 0.2213
2025-09-15 19:00:48,356 - INFO - Example 73 completed: -1 steps, loss sum: 348.1265, final loss: 0.00241089, weight distance: 0.2213 (universal rank: 22402)
2025-09-15 19:00:48,356 - INFO - 
=== Training Example 74/1500: /home/projects/bagon/shared/imagenet512/val/n02797295/ILSVRC2012_val_00020775.JPEG ===
2025-09-15 19:05:36,315 - INFO - Example /home/projects/bagon/shared/imagenet512/val/n02797295/ILSVRC2012_val_00020775.JPEG never reached epsilon after 10000 steps, loss sum: 119.9836, final loss: 0.00170135, weight distance: 0.1655
2025-09-15 19:05:36,934 - INFO - Example 74 completed: -1 steps, loss sum: 119.9836, final loss: 0.00170135, weight distance: 0.1655 (universal rank: 22413)
2025-09-15 19:05:36,934 - INFO - 
=== Training Example 75/1500: /home/projects/bagon/shared/imagenet512/val/n02978881/ILSVRC2012_val_00012927.JPEG ===
2025-09-15 19:10:26,989 - INFO - Example /home/projects/bagon/shared/imagenet512/val/n02978881/ILSVRC2012_val_00012927.JPEG never reached epsilon after 10000 steps, loss sum: 341.1986, final loss: 0.00180054, weight distance: 0.1916
2025-09-15 19:10:27,581 - INFO - Example 75 completed: -1 steps, loss sum: 341.1986, final loss: 0.00180054, weight distance: 0.1916 (universal rank: 22447)
2025-09-15 19:10:27,581 - INFO - 
=== Training Example 76/1500: /home/projects/bagon/shared/imagenet512/val/n03776460/ILSVRC2012_val_00025332.JPEG ===
2025-09-15 19:15:17,772 - INFO - Example /home/projects/bagon/shared/imagenet512/val/n03776460/ILSVRC2012_val_00025332.JPEG never reached epsilon after 10000 steps, loss sum: 101.1006, final loss: 0.00244141, weight distance: 0.1571
2025-09-15 19:15:18,362 - INFO - Example 76 completed: -1 steps, loss sum: 101.1006, final loss: 0.00244141, weight distance: 0.1571 (universal rank: 22468)
2025-09-15 19:15:18,362 - INFO - 
=== Training Example 77/1500: /home/projects/bagon/shared/imagenet512/val/n04399382/ILSVRC2012_val_00034091.JPEG ===
2025-09-15 19:18:56,741 - INFO - Example /home/projects/bagon/shared/imagenet512/val/n04399382/ILSVRC2012_val_00034091.JPEG reached epsilon at step 7534, loss sum: 384.0400, final loss: 0.00099945, weight distance: 0.1569
2025-09-15 19:18:57,349 - INFO - Example 77 completed: 7534 steps, loss sum: 384.0400, final loss: 0.00099945, weight distance: 0.1569 (universal rank: 22469)
2025-09-15 19:18:57,349 - INFO - 
=== Training Example 78/1500: /home/projects/bagon/shared/imagenet512/val/n03492542/ILSVRC2012_val_00042712.JPEG ===
2025-09-15 19:23:46,760 - INFO - Example /home/projects/bagon/shared/imagenet512/val/n03492542/ILSVRC2012_val_00042712.JPEG never reached epsilon after 10000 steps, loss sum: 2972.5636, final loss: 0.00309753, weight distance: 0.3583
2025-09-15 19:23:47,369 - INFO - Example 78 completed: -1 steps, loss sum: 2972.5636, final loss: 0.00309753, weight distance: 0.3583 (universal rank: 22475)
2025-09-15 19:23:47,370 - INFO - 
=== Training Example 79/1500: /home/projects/bagon/shared/imagenet512/val/n03788195/ILSVRC2012_val_00026188.JPEG ===
2025-09-15 19:28:38,393 - INFO - Example /home/projects/bagon/shared/imagenet512/val/n03788195/ILSVRC2012_val_00026188.JPEG never reached epsilon after 10000 steps, loss sum: 41.7533, final loss: 0.00138092, weight distance: 0.1009
2025-09-15 19:28:39,061 - INFO - Example 79 completed: -1 steps, loss sum: 41.7533, final loss: 0.00138092, weight distance: 0.1009 (universal rank: 22478)
2025-09-15 19:28:39,061 - INFO - 
=== Training Example 80/1500: /home/projects/bagon/shared/imagenet512/val/n07716906/ILSVRC2012_val_00036927.JPEG ===
2025-09-15 19:33:28,294 - INFO - Example /home/projects/bagon/shared/imagenet512/val/n07716906/ILSVRC2012_val_00036927.JPEG never reached epsilon after 10000 steps, loss sum: 477.7113, final loss: 0.00115204, weight distance: 0.1822
2025-09-15 19:33:28,898 - INFO - Example 80 completed: -1 steps, loss sum: 477.7113, final loss: 0.00115204, weight distance: 0.1822 (universal rank: 22529)
2025-09-15 19:33:28,898 - INFO - 
=== Training Example 81/1500: /home/projects/bagon/shared/imagenet512/val/n03930630/ILSVRC2012_val_00013704.JPEG ===
2025-09-15 19:38:18,958 - INFO - Example /home/projects/bagon/shared/imagenet512/val/n03930630/ILSVRC2012_val_00013704.JPEG never reached epsilon after 10000 steps, loss sum: 752.1983, final loss: 0.00314331, weight distance: 0.2541
2025-09-15 19:38:19,747 - INFO - Example 81 completed: -1 steps, loss sum: 752.1983, final loss: 0.00314331, weight distance: 0.2541 (universal rank: 22718)
2025-09-15 19:38:19,747 - INFO - 
=== Training Example 82/1500: /home/projects/bagon/shared/imagenet512/val/n04070727/ILSVRC2012_val_00030034.JPEG ===
