2025-09-23 02:48:52,592 - INFO - Parsed arguments:
2025-09-23 02:48:52,592 - INFO -   amp_dtype = None
2025-09-23 02:48:52,592 - INFO -   bars_npy = /home/projects/bagon/andreyg/Projects/BMM_school/Universal_learning/Programming/bars/geq6wrong_21017_geq6correct_1525_imagenet.npy
2025-09-23 02:48:52,592 - INFO -   cka_layer_fraction = 0.05
2025-09-23 02:48:52,592 - INFO -   current_worker = 7
2025-09-23 02:48:52,592 - INFO -   deterministic = True
2025-09-23 02:48:52,592 - INFO -   device = cuda
2025-09-23 02:48:52,592 - INFO -   epsilon = 0.001
2025-09-23 02:48:52,592 - INFO -   examples_csv = /home/projects/bagon/andreyg/Projects/BMM_school/Universal_learning/Programming/bars/geq6wrong_21017_geq6correct_1525_imagenet_examples_ammended.csv
2025-09-23 02:48:52,593 - INFO -   explicit_examples_for_training = None
2025-09-23 02:48:52,593 - INFO -   grad_clip_norm = 1.0
2025-09-23 02:48:52,593 - INFO -   hierarchy_json = /home/projects/bagon/andreyg/Projects/BMM_school/Universal_learning/Programming/bars/imagenet_synset_hierarchy.json
2025-09-23 02:48:52,593 - INFO -   imagenet_models_csv = /home/projects/bagon/andreyg/Projects/BMM_school/Universal_learning/Programming/bars/imagenet_models.csv
2025-09-23 02:48:52,593 - INFO -   lr = 0.0001
2025-09-23 02:48:52,593 - INFO -   max_examples = 50000
2025-09-23 02:48:52,593 - INFO -   max_steps_per_example = 10000
2025-09-23 02:48:52,593 - INFO -   model_csv_name = resnet_10t_176_classification_imagenet_1k
2025-09-23 02:48:52,593 - INFO -   model_name = resnet10t.c3_in1k
2025-09-23 02:48:52,593 - INFO -   no_amp = False
2025-09-23 02:48:52,593 - INFO -   num_workers = 8
2025-09-23 02:48:52,593 - INFO -   output_dir = /home/projects/bagon/andreyg/Projects/BMM_school/Universal_learning/Programming/training_gradient_evaluator_single_loss_parallel/output_parallel_8_workers_trial_2
2025-09-23 02:48:52,593 - INFO -   root_dir = None
2025-09-23 02:48:52,593 - INFO -   seed = 1337
2025-09-23 02:48:52,593 - INFO -   time_limit_seconds = 6300
2025-09-23 02:48:52,593 - INFO -   weight_decay = 0.0
2025-09-23 02:48:52,593 - INFO -   zero_aug_train = False
2025-09-23 02:48:53,277 - INFO - Loaded TIMM pretrained weights for resnet10t.c3_in1k
2025-09-23 02:48:53,278 - INFO - pretrained_cfg.url=https://github.com/rwightman/pytorch-image-models/releases/download/v0.1-rsb-weights/resnet10t_176_c3-f3215ab1.pth hf_hub_id=timm/resnet10t.c3_in1k
2025-09-23 02:48:54,034 - INFO - Training configuration:
2025-09-23 02:48:54,034 - INFO -   lr = 0.0001
2025-09-23 02:48:54,034 - INFO -   weight_decay = 0.0
2025-09-23 02:48:54,034 - INFO -   max_steps = 10000
2025-09-23 02:48:54,034 - INFO -   epsilon = 0.001
2025-09-23 02:48:54,034 - INFO -   device = cuda
2025-09-23 02:48:54,034 - INFO -   use_amp = True
2025-09-23 02:48:54,034 - INFO -   amp_dtype = None
2025-09-23 02:48:54,034 - INFO -   gradient_clip_norm = 1.0
2025-09-23 02:49:19,452 - INFO - Example /home/projects/bagon/shared/imagenet512/val/n02219486/ILSVRC2012_val_00002451.JPEG reached epsilon at step 1801, loss sum: 1097.1879, final loss: 0.00099182, weight distance: 0.1104
2025-09-23 02:49:52,015 - INFO - Example /home/projects/bagon/shared/imagenet512/val/n03047690/ILSVRC2012_val_00006616.JPEG reached epsilon at step 2865, loss sum: 2926.1983, final loss: 0.00099468, weight distance: 0.1595
2025-09-23 02:50:11,752 - INFO - Example /home/projects/bagon/shared/imagenet512/val/n04204347/ILSVRC2012_val_00008219.JPEG reached epsilon at step 1689, loss sum: 742.0358, final loss: 0.00099850, weight distance: 0.1021
2025-09-23 02:50:30,623 - INFO - Example /home/projects/bagon/shared/imagenet512/val/n04336792/ILSVRC2012_val_00015424.JPEG reached epsilon at step 1680, loss sum: 788.5600, final loss: 0.00099850, weight distance: 0.0980
2025-09-23 02:51:05,348 - INFO - Example /home/projects/bagon/shared/imagenet512/val/n03110669/ILSVRC2012_val_00032478.JPEG reached epsilon at step 3138, loss sum: 1384.7573, final loss: 0.00099945, weight distance: 0.1519
2025-09-23 02:51:29,301 - INFO - Example /home/projects/bagon/shared/imagenet512/val/n03868863/ILSVRC2012_val_00032498.JPEG reached epsilon at step 2138, loss sum: 2579.6608, final loss: 0.00099945, weight distance: 0.1274
2025-09-23 02:51:55,118 - INFO - Example /home/projects/bagon/shared/imagenet512/val/n04366367/ILSVRC2012_val_00015073.JPEG reached epsilon at step 2316, loss sum: 638.1507, final loss: 0.00099659, weight distance: 0.1191
2025-09-23 02:52:29,395 - INFO - Example /home/projects/bagon/shared/imagenet512/val/n09468604/ILSVRC2012_val_00031159.JPEG reached epsilon at step 3091, loss sum: 655.4990, final loss: 0.00099754, weight distance: 0.1275
2025-09-23 02:52:50,096 - INFO - Example /home/projects/bagon/shared/imagenet512/val/n02091244/ILSVRC2012_val_00021323.JPEG reached epsilon at step 1874, loss sum: 335.6446, final loss: 0.00099564, weight distance: 0.0898
2025-09-23 02:53:40,702 - INFO - Example /home/projects/bagon/shared/imagenet512/val/n04355933/ILSVRC2012_val_00047493.JPEG reached epsilon at step 4594, loss sum: 853.5878, final loss: 0.00099277, weight distance: 0.1690
2025-09-23 02:54:16,800 - INFO - Example /home/projects/bagon/shared/imagenet512/val/n03400231/ILSVRC2012_val_00020799.JPEG reached epsilon at step 3260, loss sum: 2047.9550, final loss: 0.00099087, weight distance: 0.1351
2025-09-23 02:54:59,920 - INFO - Example /home/projects/bagon/shared/imagenet512/val/n03532672/ILSVRC2012_val_00034066.JPEG reached epsilon at step 3935, loss sum: 5452.6272, final loss: 0.00099468, weight distance: 0.1930
2025-09-23 02:55:27,926 - INFO - Example /home/projects/bagon/shared/imagenet512/val/n09332890/ILSVRC2012_val_00018065.JPEG reached epsilon at step 2511, loss sum: 1312.4995, final loss: 0.00099468, weight distance: 0.1214
2025-09-23 02:56:04,657 - INFO - Example /home/projects/bagon/shared/imagenet512/val/n03535780/ILSVRC2012_val_00015296.JPEG reached epsilon at step 3314, loss sum: 2606.3276, final loss: 0.00099468, weight distance: 0.1416
2025-09-23 02:56:28,592 - INFO - Example /home/projects/bagon/shared/imagenet512/val/n04579145/ILSVRC2012_val_00045681.JPEG reached epsilon at step 2173, loss sum: 786.6784, final loss: 0.00099182, weight distance: 0.1147
2025-09-23 02:56:57,882 - INFO - Example /home/projects/bagon/shared/imagenet512/val/n03877472/ILSVRC2012_val_00001424.JPEG reached epsilon at step 2684, loss sum: 1606.4410, final loss: 0.00099564, weight distance: 0.1457
2025-09-23 02:57:20,437 - INFO - Example /home/projects/bagon/shared/imagenet512/val/n03476684/ILSVRC2012_val_00013178.JPEG reached epsilon at step 1950, loss sum: 1108.4981, final loss: 0.00098705, weight distance: 0.1152
2025-09-23 02:57:41,158 - INFO - Example /home/projects/bagon/shared/imagenet512/val/n03843555/ILSVRC2012_val_00017451.JPEG reached epsilon at step 1854, loss sum: 1887.7662, final loss: 0.00099850, weight distance: 0.1184
2025-09-23 02:58:07,682 - INFO - Example /home/projects/bagon/shared/imagenet512/val/n02776631/ILSVRC2012_val_00043895.JPEG reached epsilon at step 2398, loss sum: 567.9730, final loss: 0.00099754, weight distance: 0.1204
2025-09-23 02:58:54,368 - INFO - Example /home/projects/bagon/shared/imagenet512/val/n04026417/ILSVRC2012_val_00042230.JPEG reached epsilon at step 4253, loss sum: 1346.7205, final loss: 0.00099468, weight distance: 0.1854
2025-09-23 02:59:20,890 - INFO - Example /home/projects/bagon/shared/imagenet512/val/n02114367/ILSVRC2012_val_00000530.JPEG reached epsilon at step 2397, loss sum: 2598.9160, final loss: 0.00099945, weight distance: 0.1262
2025-09-23 02:59:46,546 - INFO - Example /home/projects/bagon/shared/imagenet512/val/n07718472/ILSVRC2012_val_00023139.JPEG reached epsilon at step 2310, loss sum: 850.2466, final loss: 0.00099468, weight distance: 0.1252
2025-09-23 03:00:10,481 - INFO - Example /home/projects/bagon/shared/imagenet512/val/n03249569/ILSVRC2012_val_00001609.JPEG reached epsilon at step 2153, loss sum: 1552.9967, final loss: 0.00099468, weight distance: 0.1191
2025-09-23 03:00:38,398 - INFO - Example /home/projects/bagon/shared/imagenet512/val/n03775071/ILSVRC2012_val_00023240.JPEG reached epsilon at step 2493, loss sum: 2814.9322, final loss: 0.00099945, weight distance: 0.1443
2025-09-23 03:00:56,853 - INFO - Example /home/projects/bagon/shared/imagenet512/val/n03891251/ILSVRC2012_val_00011880.JPEG reached epsilon at step 1653, loss sum: 2027.6466, final loss: 0.00099468, weight distance: 0.1091
2025-09-23 03:01:20,048 - INFO - Example /home/projects/bagon/shared/imagenet512/val/n02104029/ILSVRC2012_val_00033303.JPEG reached epsilon at step 2082, loss sum: 1484.7249, final loss: 0.00099659, weight distance: 0.1223
2025-09-23 03:02:07,605 - INFO - Example /home/projects/bagon/shared/imagenet512/val/n04493381/ILSVRC2012_val_00038066.JPEG reached epsilon at step 4325, loss sum: 873.8443, final loss: 0.00099754, weight distance: 0.1650
2025-09-23 03:02:46,888 - INFO - Example /home/projects/bagon/shared/imagenet512/val/n04026417/ILSVRC2012_val_00012285.JPEG reached epsilon at step 3537, loss sum: 1175.4973, final loss: 0.00099850, weight distance: 0.1481
2025-09-23 03:03:15,445 - INFO - Example /home/projects/bagon/shared/imagenet512/val/n02089078/ILSVRC2012_val_00023966.JPEG reached epsilon at step 2578, loss sum: 389.6058, final loss: 0.00099945, weight distance: 0.1150
2025-09-23 03:03:32,079 - INFO - Example /home/projects/bagon/shared/imagenet512/val/n02086079/ILSVRC2012_val_00007111.JPEG reached epsilon at step 1483, loss sum: 366.1464, final loss: 0.00099754, weight distance: 0.0855
2025-09-23 03:04:02,672 - INFO - Example /home/projects/bagon/shared/imagenet512/val/n04370456/ILSVRC2012_val_00004955.JPEG reached epsilon at step 2761, loss sum: 822.0298, final loss: 0.00099373, weight distance: 0.1269
2025-09-23 03:04:19,368 - INFO - Example /home/projects/bagon/shared/imagenet512/val/n04399382/ILSVRC2012_val_00047954.JPEG reached epsilon at step 1481, loss sum: 674.3940, final loss: 0.00099754, weight distance: 0.0908
2025-09-23 03:04:53,420 - INFO - Example /home/projects/bagon/shared/imagenet512/val/n03400231/ILSVRC2012_val_00033436.JPEG reached epsilon at step 3071, loss sum: 1645.7629, final loss: 0.00099659, weight distance: 0.1382
2025-09-23 03:05:11,253 - INFO - Example /home/projects/bagon/shared/imagenet512/val/n07716906/ILSVRC2012_val_00013755.JPEG reached epsilon at step 1572, loss sum: 129.0559, final loss: 0.00099182, weight distance: 0.0770
2025-09-23 03:05:39,980 - INFO - Example /home/projects/bagon/shared/imagenet512/val/n02089973/ILSVRC2012_val_00033862.JPEG reached epsilon at step 2598, loss sum: 1173.4593, final loss: 0.00099945, weight distance: 0.1310
2025-09-23 03:06:10,475 - INFO - Example /home/projects/bagon/shared/imagenet512/val/n04154565/ILSVRC2012_val_00020366.JPEG reached epsilon at step 2730, loss sum: 4857.2311, final loss: 0.00099945, weight distance: 0.1681
2025-09-23 03:06:41,664 - INFO - Example /home/projects/bagon/shared/imagenet512/val/n04254777/ILSVRC2012_val_00045111.JPEG reached epsilon at step 2814, loss sum: 1896.3741, final loss: 0.00099087, weight distance: 0.1514
2025-09-23 03:07:14,815 - INFO - Example /home/projects/bagon/shared/imagenet512/val/n03825788/ILSVRC2012_val_00039100.JPEG reached epsilon at step 2998, loss sum: 2540.9670, final loss: 0.00099277, weight distance: 0.1567
2025-09-23 03:07:43,463 - INFO - Example /home/projects/bagon/shared/imagenet512/val/n02692877/ILSVRC2012_val_00021306.JPEG reached epsilon at step 2625, loss sum: 1572.3779, final loss: 0.00099087, weight distance: 0.1338
2025-09-23 03:08:22,315 - INFO - Example /home/projects/bagon/shared/imagenet512/val/n03125729/ILSVRC2012_val_00036725.JPEG reached epsilon at step 3514, loss sum: 3280.2233, final loss: 0.00099754, weight distance: 0.1536
2025-09-23 03:08:48,669 - INFO - Example /home/projects/bagon/shared/imagenet512/val/n04522168/ILSVRC2012_val_00006712.JPEG reached epsilon at step 2380, loss sum: 810.0278, final loss: 0.00099373, weight distance: 0.1197
2025-09-23 03:09:24,087 - INFO - Example /home/projects/bagon/shared/imagenet512/val/n03534580/ILSVRC2012_val_00000776.JPEG reached epsilon at step 3201, loss sum: 1691.5623, final loss: 0.00099373, weight distance: 0.1370
2025-09-23 03:09:49,169 - INFO - Example /home/projects/bagon/shared/imagenet512/val/n03594734/ILSVRC2012_val_00028663.JPEG reached epsilon at step 2264, loss sum: 1957.0216, final loss: 0.00099659, weight distance: 0.1350
2025-09-23 03:10:29,725 - INFO - Example /home/projects/bagon/shared/imagenet512/val/n01740131/ILSVRC2012_val_00003693.JPEG reached epsilon at step 3675, loss sum: 2167.2162, final loss: 0.00099564, weight distance: 0.1721
2025-09-23 03:11:00,837 - INFO - Example /home/projects/bagon/shared/imagenet512/val/n04041544/ILSVRC2012_val_00025202.JPEG reached epsilon at step 2809, loss sum: 759.4750, final loss: 0.00099373, weight distance: 0.1427
2025-09-23 03:11:32,067 - INFO - Example /home/projects/bagon/shared/imagenet512/val/n03216828/ILSVRC2012_val_00028756.JPEG reached epsilon at step 2821, loss sum: 357.8485, final loss: 0.00099659, weight distance: 0.1250
2025-09-23 03:11:55,266 - INFO - Example /home/projects/bagon/shared/imagenet512/val/n03777754/ILSVRC2012_val_00047569.JPEG reached epsilon at step 2097, loss sum: 1677.6977, final loss: 0.00099945, weight distance: 0.1278
2025-09-23 03:12:20,024 - INFO - Example /home/projects/bagon/shared/imagenet512/val/n03271574/ILSVRC2012_val_00029507.JPEG reached epsilon at step 2227, loss sum: 3935.9893, final loss: 0.00099182, weight distance: 0.1489
2025-09-23 03:12:44,618 - INFO - Example /home/projects/bagon/shared/imagenet512/val/n01630670/ILSVRC2012_val_00021017.JPEG reached epsilon at step 2214, loss sum: 652.1183, final loss: 0.00099468, weight distance: 0.1107
2025-09-23 03:13:16,328 - INFO - Example /home/projects/bagon/shared/imagenet512/val/n02095314/ILSVRC2012_val_00041762.JPEG reached epsilon at step 2870, loss sum: 2060.2638, final loss: 0.00099945, weight distance: 0.1549
2025-09-23 03:13:46,297 - INFO - Example /home/projects/bagon/shared/imagenet512/val/n02412080/ILSVRC2012_val_00022880.JPEG reached epsilon at step 2695, loss sum: 510.4568, final loss: 0.00099850, weight distance: 0.1252
2025-09-23 03:14:17,576 - INFO - Example /home/projects/bagon/shared/imagenet512/val/n03920288/ILSVRC2012_val_00014355.JPEG reached epsilon at step 2819, loss sum: 3073.2641, final loss: 0.00098991, weight distance: 0.1500
2025-09-23 03:14:58,199 - INFO - Example /home/projects/bagon/shared/imagenet512/val/n01753488/ILSVRC2012_val_00038266.JPEG reached epsilon at step 3681, loss sum: 702.0106, final loss: 0.00099945, weight distance: 0.1429
2025-09-23 03:15:33,551 - INFO - Example /home/projects/bagon/shared/imagenet512/val/n02093256/ILSVRC2012_val_00019759.JPEG reached epsilon at step 3185, loss sum: 1110.4710, final loss: 0.00099468, weight distance: 0.1531
2025-09-23 03:15:52,360 - INFO - Example /home/projects/bagon/shared/imagenet512/val/n02356798/ILSVRC2012_val_00038414.JPEG reached epsilon at step 1686, loss sum: 514.9346, final loss: 0.00099277, weight distance: 0.0930
2025-09-23 03:16:10,053 - INFO - Example /home/projects/bagon/shared/imagenet512/val/n04423845/ILSVRC2012_val_00006762.JPEG reached epsilon at step 1576, loss sum: 751.2777, final loss: 0.00099945, weight distance: 0.0943
2025-09-23 03:16:39,491 - INFO - Example /home/projects/bagon/shared/imagenet512/val/n02443114/ILSVRC2012_val_00048246.JPEG reached epsilon at step 2611, loss sum: 478.6407, final loss: 0.00098896, weight distance: 0.1186
2025-09-23 03:16:59,371 - INFO - Example /home/projects/bagon/shared/imagenet512/val/n04485082/ILSVRC2012_val_00036032.JPEG reached epsilon at step 1772, loss sum: 866.1892, final loss: 0.00099087, weight distance: 0.0995
2025-09-23 03:17:23,789 - INFO - Example /home/projects/bagon/shared/imagenet512/val/n04069434/ILSVRC2012_val_00007364.JPEG reached epsilon at step 2198, loss sum: 353.1534, final loss: 0.00099564, weight distance: 0.0976
2025-09-23 03:18:02,741 - INFO - Example /home/projects/bagon/shared/imagenet512/val/n04548280/ILSVRC2012_val_00049764.JPEG reached epsilon at step 3543, loss sum: 351.5640, final loss: 0.00099564, weight distance: 0.1363
2025-09-23 03:18:53,443 - INFO - Example /home/projects/bagon/shared/imagenet512/val/n03710721/ILSVRC2012_val_00039655.JPEG reached epsilon at step 4622, loss sum: 418.9758, final loss: 0.00098610, weight distance: 0.1641
2025-09-23 03:19:09,914 - INFO - Example /home/projects/bagon/shared/imagenet512/val/n02417914/ILSVRC2012_val_00032467.JPEG reached epsilon at step 1467, loss sum: 100.4805, final loss: 0.00099659, weight distance: 0.0716
2025-09-23 03:19:44,340 - INFO - Example /home/projects/bagon/shared/imagenet512/val/n03179701/ILSVRC2012_val_00022464.JPEG reached epsilon at step 3111, loss sum: 883.9930, final loss: 0.00099277, weight distance: 0.1415
2025-09-23 03:20:01,623 - INFO - Example /home/projects/bagon/shared/imagenet512/val/n07584110/ILSVRC2012_val_00041589.JPEG reached epsilon at step 1545, loss sum: 476.8793, final loss: 0.00099564, weight distance: 0.0845
2025-09-23 03:20:17,629 - INFO - Example /home/projects/bagon/shared/imagenet512/val/n03814639/ILSVRC2012_val_00011068.JPEG reached epsilon at step 1409, loss sum: 1942.1664, final loss: 0.00099754, weight distance: 0.1084
2025-09-23 03:20:58,772 - INFO - Example /home/projects/bagon/shared/imagenet512/val/n03633091/ILSVRC2012_val_00024083.JPEG reached epsilon at step 3598, loss sum: 4535.3973, final loss: 0.00099945, weight distance: 0.2062
2025-09-23 03:21:27,387 - INFO - Example /home/projects/bagon/shared/imagenet512/val/n04208210/ILSVRC2012_val_00031937.JPEG reached epsilon at step 2587, loss sum: 1434.8624, final loss: 0.00099277, weight distance: 0.1374
2025-09-23 03:21:53,415 - INFO - Example /home/projects/bagon/shared/imagenet512/val/n04557648/ILSVRC2012_val_00048464.JPEG reached epsilon at step 2344, loss sum: 2769.1276, final loss: 0.00099754, weight distance: 0.1446
2025-09-23 03:22:22,563 - INFO - Example /home/projects/bagon/shared/imagenet512/val/n03976657/ILSVRC2012_val_00020111.JPEG reached epsilon at step 2639, loss sum: 2681.1304, final loss: 0.00099659, weight distance: 0.1618
2025-09-23 03:23:00,050 - INFO - Example /home/projects/bagon/shared/imagenet512/val/n01871265/ILSVRC2012_val_00026221.JPEG reached epsilon at step 3416, loss sum: 1965.5840, final loss: 0.00099945, weight distance: 0.1500
2025-09-23 03:23:17,627 - INFO - Example /home/projects/bagon/shared/imagenet512/val/n02526121/ILSVRC2012_val_00009426.JPEG reached epsilon at step 1576, loss sum: 2397.3815, final loss: 0.00099373, weight distance: 0.1100
2025-09-23 03:23:49,573 - INFO - Example /home/projects/bagon/shared/imagenet512/val/n01739381/ILSVRC2012_val_00033552.JPEG reached epsilon at step 2900, loss sum: 805.6938, final loss: 0.00098896, weight distance: 0.1266
2025-09-23 03:24:20,152 - INFO - Example /home/projects/bagon/shared/imagenet512/val/n03895866/ILSVRC2012_val_00033521.JPEG reached epsilon at step 2754, loss sum: 1409.2618, final loss: 0.00099373, weight distance: 0.1441
2025-09-23 03:24:57,321 - INFO - Example /home/projects/bagon/shared/imagenet512/val/n07584110/ILSVRC2012_val_00047665.JPEG reached epsilon at step 3361, loss sum: 2592.1255, final loss: 0.00099945, weight distance: 0.1752
2025-09-23 03:25:27,150 - INFO - Example /home/projects/bagon/shared/imagenet512/val/n01729322/ILSVRC2012_val_00005965.JPEG reached epsilon at step 2682, loss sum: 834.7950, final loss: 0.00098896, weight distance: 0.1282
2025-09-23 03:25:43,875 - INFO - Example /home/projects/bagon/shared/imagenet512/val/n02134418/ILSVRC2012_val_00003135.JPEG reached epsilon at step 1492, loss sum: 599.1382, final loss: 0.00098896, weight distance: 0.0895
2025-09-23 03:26:11,290 - INFO - Example /home/projects/bagon/shared/imagenet512/val/n03452741/ILSVRC2012_val_00003889.JPEG reached epsilon at step 2465, loss sum: 878.7983, final loss: 0.00099277, weight distance: 0.1246
2025-09-23 03:26:31,517 - INFO - Example /home/projects/bagon/shared/imagenet512/val/n01776313/ILSVRC2012_val_00013330.JPEG reached epsilon at step 1814, loss sum: 457.6948, final loss: 0.00099754, weight distance: 0.0951
2025-09-23 03:26:48,683 - INFO - Example /home/projects/bagon/shared/imagenet512/val/n03388043/ILSVRC2012_val_00019659.JPEG reached epsilon at step 1520, loss sum: 2210.2273, final loss: 0.00099945, weight distance: 0.1117
2025-09-23 03:27:18,510 - INFO - Example /home/projects/bagon/shared/imagenet512/val/n15075141/ILSVRC2012_val_00015463.JPEG reached epsilon at step 2689, loss sum: 1324.6943, final loss: 0.00099373, weight distance: 0.1089
2025-09-23 03:27:46,190 - INFO - Example /home/projects/bagon/shared/imagenet512/val/n03873416/ILSVRC2012_val_00038050.JPEG reached epsilon at step 2503, loss sum: 1887.5942, final loss: 0.00099277, weight distance: 0.1344
2025-09-23 03:28:02,328 - INFO - Example /home/projects/bagon/shared/imagenet512/val/n01689811/ILSVRC2012_val_00008561.JPEG reached epsilon at step 1431, loss sum: 2313.3220, final loss: 0.00099659, weight distance: 0.1022
2025-09-23 03:28:24,275 - INFO - Example /home/projects/bagon/shared/imagenet512/val/n04136333/ILSVRC2012_val_00003695.JPEG reached epsilon at step 1964, loss sum: 948.5270, final loss: 0.00099373, weight distance: 0.1120
2025-09-23 03:28:47,834 - INFO - Example /home/projects/bagon/shared/imagenet512/val/n04442312/ILSVRC2012_val_00019723.JPEG reached epsilon at step 2120, loss sum: 508.1501, final loss: 0.00099087, weight distance: 0.1056
2025-09-23 03:29:03,447 - INFO - Example /home/projects/bagon/shared/imagenet512/val/n07711569/ILSVRC2012_val_00005431.JPEG reached epsilon at step 1392, loss sum: 292.9970, final loss: 0.00099659, weight distance: 0.0831
2025-09-23 03:29:27,015 - INFO - Example /home/projects/bagon/shared/imagenet512/val/n03947888/ILSVRC2012_val_00036199.JPEG reached epsilon at step 2117, loss sum: 2378.1537, final loss: 0.00099087, weight distance: 0.1280
2025-09-23 03:30:10,008 - INFO - Example /home/projects/bagon/shared/imagenet512/val/n02087394/ILSVRC2012_val_00003837.JPEG reached epsilon at step 3880, loss sum: 365.7156, final loss: 0.00099754, weight distance: 0.1354
2025-09-23 03:30:41,699 - INFO - Example /home/projects/bagon/shared/imagenet512/val/n01689811/ILSVRC2012_val_00028626.JPEG reached epsilon at step 2848, loss sum: 1900.1253, final loss: 0.00099659, weight distance: 0.1538
2025-09-23 03:31:17,549 - INFO - Example /home/projects/bagon/shared/imagenet512/val/n04380533/ILSVRC2012_val_00027143.JPEG reached epsilon at step 3293, loss sum: 412.2744, final loss: 0.00099754, weight distance: 0.1317
2025-09-23 03:31:43,019 - INFO - Example /home/projects/bagon/shared/imagenet512/val/n02095570/ILSVRC2012_val_00005060.JPEG reached epsilon at step 2292, loss sum: 1777.0830, final loss: 0.00099754, weight distance: 0.1337
2025-09-23 03:32:15,680 - INFO - Example /home/projects/bagon/shared/imagenet512/val/n07871810/ILSVRC2012_val_00026959.JPEG reached epsilon at step 2932, loss sum: 2091.1585, final loss: 0.00098801, weight distance: 0.1648
2025-09-23 03:33:07,931 - INFO - Example /home/projects/bagon/shared/imagenet512/val/n01773797/ILSVRC2012_val_00011328.JPEG reached epsilon at step 4748, loss sum: 931.3584, final loss: 0.00099754, weight distance: 0.1903
2025-09-23 03:33:47,362 - INFO - Example /home/projects/bagon/shared/imagenet512/val/n01667114/ILSVRC2012_val_00038527.JPEG reached epsilon at step 3572, loss sum: 1010.2224, final loss: 0.00099754, weight distance: 0.1588
2025-09-23 03:34:02,724 - INFO - Example /home/projects/bagon/shared/imagenet512/val/n04270147/ILSVRC2012_val_00038978.JPEG reached epsilon at step 1378, loss sum: 267.5129, final loss: 0.00099945, weight distance: 0.0740
2025-09-23 03:34:33,660 - INFO - Example /home/projects/bagon/shared/imagenet512/val/n04328186/ILSVRC2012_val_00039517.JPEG reached epsilon at step 2791, loss sum: 358.7193, final loss: 0.00098991, weight distance: 0.1247
2025-09-23 03:35:00,726 - INFO - Example /home/projects/bagon/shared/imagenet512/val/n04548280/ILSVRC2012_val_00018976.JPEG reached epsilon at step 2426, loss sum: 341.2918, final loss: 0.00099850, weight distance: 0.1145
2025-09-23 03:35:33,425 - INFO - Example /home/projects/bagon/shared/imagenet512/val/n04579145/ILSVRC2012_val_00038095.JPEG reached epsilon at step 2947, loss sum: 1702.6863, final loss: 0.00099564, weight distance: 0.1417
2025-09-23 03:35:55,337 - INFO - Example /home/projects/bagon/shared/imagenet512/val/n04009552/ILSVRC2012_val_00001989.JPEG reached epsilon at step 1952, loss sum: 1603.7463, final loss: 0.00099087, weight distance: 0.1183
2025-09-23 03:36:32,978 - INFO - Example /home/projects/bagon/shared/imagenet512/val/n04560804/ILSVRC2012_val_00034498.JPEG reached epsilon at step 3400, loss sum: 2079.0691, final loss: 0.00099564, weight distance: 0.1634
2025-09-23 03:37:04,372 - INFO - Example /home/projects/bagon/shared/imagenet512/val/n02963159/ILSVRC2012_val_00003718.JPEG reached epsilon at step 2818, loss sum: 2743.6932, final loss: 0.00099468, weight distance: 0.1624
2025-09-23 03:37:40,536 - INFO - Example /home/projects/bagon/shared/imagenet512/val/n04239074/ILSVRC2012_val_00006471.JPEG reached epsilon at step 3253, loss sum: 2078.0956, final loss: 0.00099277, weight distance: 0.1607
2025-09-23 03:38:21,388 - INFO - Example /home/projects/bagon/shared/imagenet512/val/n04037443/ILSVRC2012_val_00048516.JPEG reached epsilon at step 3696, loss sum: 795.3767, final loss: 0.00099277, weight distance: 0.1473
2025-09-23 03:38:53,528 - INFO - Example /home/projects/bagon/shared/imagenet512/val/n02749479/ILSVRC2012_val_00035791.JPEG reached epsilon at step 2923, loss sum: 1565.4015, final loss: 0.00099182, weight distance: 0.1397
2025-09-23 03:39:20,792 - INFO - Example /home/projects/bagon/shared/imagenet512/val/n04599235/ILSVRC2012_val_00014149.JPEG reached epsilon at step 2476, loss sum: 1417.2205, final loss: 0.00099659, weight distance: 0.1426
2025-09-23 03:39:52,272 - INFO - Example /home/projects/bagon/shared/imagenet512/val/n04560804/ILSVRC2012_val_00013262.JPEG reached epsilon at step 2902, loss sum: 531.4311, final loss: 0.00099468, weight distance: 0.1247
2025-09-23 03:40:09,745 - INFO - Example /home/projects/bagon/shared/imagenet512/val/n04023962/ILSVRC2012_val_00042866.JPEG reached epsilon at step 1574, loss sum: 1438.3254, final loss: 0.00098705, weight distance: 0.1060
2025-09-23 03:40:35,468 - INFO - Example /home/projects/bagon/shared/imagenet512/val/n02094433/ILSVRC2012_val_00008374.JPEG reached epsilon at step 2308, loss sum: 1820.4439, final loss: 0.00099564, weight distance: 0.1263
2025-09-23 03:41:03,751 - INFO - Example /home/projects/bagon/shared/imagenet512/val/n04398044/ILSVRC2012_val_00044188.JPEG reached epsilon at step 2551, loss sum: 351.3819, final loss: 0.00099945, weight distance: 0.1133
2025-09-23 03:41:33,170 - INFO - Example /home/projects/bagon/shared/imagenet512/val/n03983396/ILSVRC2012_val_00036742.JPEG reached epsilon at step 2674, loss sum: 446.3029, final loss: 0.00099850, weight distance: 0.1197
2025-09-23 03:42:01,093 - INFO - Example /home/projects/bagon/shared/imagenet512/val/n03871628/ILSVRC2012_val_00042417.JPEG reached epsilon at step 2526, loss sum: 1645.2028, final loss: 0.00099087, weight distance: 0.1374
2025-09-23 03:42:34,434 - INFO - Example /home/projects/bagon/shared/imagenet512/val/n03637318/ILSVRC2012_val_00024114.JPEG reached epsilon at step 3021, loss sum: 434.3128, final loss: 0.00099373, weight distance: 0.1270
2025-09-23 03:43:08,518 - INFO - Example /home/projects/bagon/shared/imagenet512/val/n03782006/ILSVRC2012_val_00011472.JPEG reached epsilon at step 3114, loss sum: 1139.9132, final loss: 0.00099945, weight distance: 0.1546
2025-09-23 03:43:28,117 - INFO - Example /home/projects/bagon/shared/imagenet512/val/n02120505/ILSVRC2012_val_00048756.JPEG reached epsilon at step 1766, loss sum: 108.2912, final loss: 0.00099850, weight distance: 0.0810
2025-09-23 03:43:47,485 - INFO - Example /home/projects/bagon/shared/imagenet512/val/n04429376/ILSVRC2012_val_00025374.JPEG reached epsilon at step 1697, loss sum: 1159.0475, final loss: 0.00099754, weight distance: 0.1026
2025-09-23 03:44:19,802 - INFO - Example /home/projects/bagon/shared/imagenet512/val/n04591157/ILSVRC2012_val_00010783.JPEG reached epsilon at step 2962, loss sum: 4094.5684, final loss: 0.00099182, weight distance: 0.1757
2025-09-23 03:44:45,239 - INFO - Example /home/projects/bagon/shared/imagenet512/val/n02841315/ILSVRC2012_val_00022598.JPEG reached epsilon at step 2283, loss sum: 2204.8113, final loss: 0.00099182, weight distance: 0.1375
2025-09-23 03:45:38,361 - INFO - Example /home/projects/bagon/shared/imagenet512/val/n04356056/ILSVRC2012_val_00013325.JPEG reached epsilon at step 4885, loss sum: 3846.2074, final loss: 0.00099945, weight distance: 0.2190
2025-09-23 03:45:54,587 - INFO - Example /home/projects/bagon/shared/imagenet512/val/n07802026/ILSVRC2012_val_00014094.JPEG reached epsilon at step 1448, loss sum: 956.0456, final loss: 0.00099945, weight distance: 0.0931
2025-09-23 03:46:14,589 - INFO - Example /home/projects/bagon/shared/imagenet512/val/n06596364/ILSVRC2012_val_00027754.JPEG reached epsilon at step 1790, loss sum: 441.5486, final loss: 0.00099945, weight distance: 0.0955
2025-09-23 03:46:36,230 - INFO - Example /home/projects/bagon/shared/imagenet512/val/n04275548/ILSVRC2012_val_00049091.JPEG reached epsilon at step 1946, loss sum: 1388.8945, final loss: 0.00099468, weight distance: 0.1004
2025-09-23 03:46:58,188 - INFO - Example /home/projects/bagon/shared/imagenet512/val/n03837869/ILSVRC2012_val_00011566.JPEG reached epsilon at step 1935, loss sum: 1253.9980, final loss: 0.00099659, weight distance: 0.1115
2025-09-23 03:47:26,947 - INFO - Example /home/projects/bagon/shared/imagenet512/val/n02119022/ILSVRC2012_val_00033177.JPEG reached epsilon at step 2606, loss sum: 146.9584, final loss: 0.00099659, weight distance: 0.1025
2025-09-23 03:47:53,548 - INFO - Example /home/projects/bagon/shared/imagenet512/val/n04357314/ILSVRC2012_val_00026569.JPEG reached epsilon at step 2390, loss sum: 1054.8505, final loss: 0.00099468, weight distance: 0.1206
2025-09-23 03:48:08,733 - INFO - Example /home/projects/bagon/shared/imagenet512/val/n04462240/ILSVRC2012_val_00000261.JPEG reached epsilon at step 1361, loss sum: 386.5283, final loss: 0.00098801, weight distance: 0.0828
2025-09-23 03:48:40,012 - INFO - Example /home/projects/bagon/shared/imagenet512/val/n03450230/ILSVRC2012_val_00029850.JPEG reached epsilon at step 2883, loss sum: 287.6770, final loss: 0.00099754, weight distance: 0.1126
2025-09-23 03:48:53,047 - INFO - Example /home/projects/bagon/shared/imagenet512/val/n07684084/ILSVRC2012_val_00006967.JPEG reached epsilon at step 1134, loss sum: 113.9396, final loss: 0.00099850, weight distance: 0.0616
2025-09-23 03:49:22,359 - INFO - Example /home/projects/bagon/shared/imagenet512/val/n02114548/ILSVRC2012_val_00013699.JPEG reached epsilon at step 2656, loss sum: 570.4281, final loss: 0.00099182, weight distance: 0.1152
2025-09-23 03:49:55,712 - INFO - Example /home/projects/bagon/shared/imagenet512/val/n13133613/ILSVRC2012_val_00025191.JPEG reached epsilon at step 3027, loss sum: 664.7141, final loss: 0.00099659, weight distance: 0.1211
2025-09-23 03:50:26,936 - INFO - Example /home/projects/bagon/shared/imagenet512/val/n04118776/ILSVRC2012_val_00045651.JPEG reached epsilon at step 2831, loss sum: 4937.8717, final loss: 0.00099659, weight distance: 0.1748
2025-09-23 03:50:53,038 - INFO - Example /home/projects/bagon/shared/imagenet512/val/n01632458/ILSVRC2012_val_00024262.JPEG reached epsilon at step 2365, loss sum: 3809.3447, final loss: 0.00099182, weight distance: 0.1333
2025-09-23 03:51:12,403 - INFO - Example /home/projects/bagon/shared/imagenet512/val/n03594945/ILSVRC2012_val_00000659.JPEG reached epsilon at step 1756, loss sum: 1199.5158, final loss: 0.00099087, weight distance: 0.1051
2025-09-23 03:51:38,572 - INFO - Example /home/projects/bagon/shared/imagenet512/val/n03929660/ILSVRC2012_val_00024209.JPEG reached epsilon at step 2362, loss sum: 2228.7024, final loss: 0.00099468, weight distance: 0.1414
2025-09-23 03:52:11,994 - INFO - Example /home/projects/bagon/shared/imagenet512/val/n02939185/ILSVRC2012_val_00049824.JPEG reached epsilon at step 3028, loss sum: 949.3364, final loss: 0.00099087, weight distance: 0.1355
2025-09-23 03:52:46,807 - INFO - Example /home/projects/bagon/shared/imagenet512/val/n04532670/ILSVRC2012_val_00000296.JPEG reached epsilon at step 3162, loss sum: 2359.6246, final loss: 0.00098610, weight distance: 0.1716
2025-09-23 03:53:18,003 - INFO - Example /home/projects/bagon/shared/imagenet512/val/n03895866/ILSVRC2012_val_00004809.JPEG reached epsilon at step 2821, loss sum: 1855.7033, final loss: 0.00099945, weight distance: 0.1394
2025-09-23 03:53:57,696 - INFO - Example /home/projects/bagon/shared/imagenet512/val/n01693334/ILSVRC2012_val_00031018.JPEG reached epsilon at step 3596, loss sum: 195.7276, final loss: 0.00099659, weight distance: 0.1214
2025-09-23 03:54:18,211 - INFO - Example /home/projects/bagon/shared/imagenet512/val/n02113186/ILSVRC2012_val_00035552.JPEG reached epsilon at step 1817, loss sum: 205.7196, final loss: 0.00099945, weight distance: 0.0923
2025-09-23 03:54:33,635 - INFO - Example /home/projects/bagon/shared/imagenet512/val/n03623198/ILSVRC2012_val_00017846.JPEG reached epsilon at step 1369, loss sum: 279.7691, final loss: 0.00098991, weight distance: 0.0768
2025-09-23 03:54:54,682 - INFO - Example /home/projects/bagon/shared/imagenet512/val/n07831146/ILSVRC2012_val_00024518.JPEG reached epsilon at step 1868, loss sum: 383.3163, final loss: 0.00099373, weight distance: 0.0913
2025-09-23 03:55:40,546 - INFO - Example /home/projects/bagon/shared/imagenet512/val/n04152593/ILSVRC2012_val_00043526.JPEG reached epsilon at step 4142, loss sum: 294.4849, final loss: 0.00099087, weight distance: 0.1392
2025-09-23 03:56:15,647 - INFO - Example /home/projects/bagon/shared/imagenet512/val/n02504013/ILSVRC2012_val_00028996.JPEG reached epsilon at step 3188, loss sum: 486.0037, final loss: 0.00099564, weight distance: 0.1330
2025-09-23 03:56:35,524 - INFO - Example /home/projects/bagon/shared/imagenet512/val/n02177972/ILSVRC2012_val_00004765.JPEG reached epsilon at step 1766, loss sum: 351.6600, final loss: 0.00099850, weight distance: 0.0909
2025-09-23 03:57:03,474 - INFO - Example /home/projects/bagon/shared/imagenet512/val/n04154565/ILSVRC2012_val_00014706.JPEG reached epsilon at step 2514, loss sum: 3357.4156, final loss: 0.00099564, weight distance: 0.1501
2025-09-23 03:57:36,840 - INFO - Example /home/projects/bagon/shared/imagenet512/val/n03045698/ILSVRC2012_val_00026552.JPEG reached epsilon at step 2990, loss sum: 1956.6582, final loss: 0.00099850, weight distance: 0.1485
2025-09-23 03:58:22,479 - INFO - Example /home/projects/bagon/shared/imagenet512/val/n03658185/ILSVRC2012_val_00044568.JPEG reached epsilon at step 4140, loss sum: 3063.3955, final loss: 0.00099850, weight distance: 0.1898
2025-09-23 03:58:49,398 - INFO - Example /home/projects/bagon/shared/imagenet512/val/n03866082/ILSVRC2012_val_00035692.JPEG reached epsilon at step 2434, loss sum: 642.0073, final loss: 0.00099754, weight distance: 0.1227
2025-09-23 03:59:09,106 - INFO - Example /home/projects/bagon/shared/imagenet512/val/n04532106/ILSVRC2012_val_00032895.JPEG reached epsilon at step 1756, loss sum: 1300.0154, final loss: 0.00099564, weight distance: 0.1075
2025-09-23 03:59:30,393 - INFO - Example /home/projects/bagon/shared/imagenet512/val/n04131690/ILSVRC2012_val_00031663.JPEG reached epsilon at step 1920, loss sum: 471.7696, final loss: 0.00099754, weight distance: 0.0919
2025-09-23 03:59:46,682 - INFO - Example /home/projects/bagon/shared/imagenet512/val/n02877765/ILSVRC2012_val_00005032.JPEG reached epsilon at step 1455, loss sum: 823.9338, final loss: 0.00098991, weight distance: 0.0946
2025-09-23 04:00:08,330 - INFO - Example /home/projects/bagon/shared/imagenet512/val/n04599235/ILSVRC2012_val_00041145.JPEG reached epsilon at step 1923, loss sum: 787.4014, final loss: 0.00099087, weight distance: 0.1063
2025-09-23 04:00:33,280 - INFO - Example /home/projects/bagon/shared/imagenet512/val/n09468604/ILSVRC2012_val_00010664.JPEG reached epsilon at step 2250, loss sum: 174.5474, final loss: 0.00099945, weight distance: 0.0963
2025-09-23 04:00:53,203 - INFO - Example /home/projects/bagon/shared/imagenet512/val/n04532670/ILSVRC2012_val_00044782.JPEG reached epsilon at step 1785, loss sum: 590.0592, final loss: 0.00098991, weight distance: 0.0968
2025-09-23 04:01:15,195 - INFO - Example /home/projects/bagon/shared/imagenet512/val/n03482405/ILSVRC2012_val_00042836.JPEG reached epsilon at step 2007, loss sum: 1085.5448, final loss: 0.00099945, weight distance: 0.1147
2025-09-23 04:01:38,782 - INFO - Example /home/projects/bagon/shared/imagenet512/val/n03127925/ILSVRC2012_val_00008681.JPEG reached epsilon at step 2167, loss sum: 2062.6473, final loss: 0.00099182, weight distance: 0.1295
2025-09-23 04:02:25,997 - INFO - Example /home/projects/bagon/shared/imagenet512/val/n03832673/ILSVRC2012_val_00015103.JPEG reached epsilon at step 4366, loss sum: 2509.5946, final loss: 0.00098896, weight distance: 0.1784
2025-09-23 04:02:58,639 - INFO - Example /home/projects/bagon/shared/imagenet512/val/n02493509/ILSVRC2012_val_00021679.JPEG reached epsilon at step 2922, loss sum: 219.2325, final loss: 0.00099659, weight distance: 0.1122
2025-09-23 04:03:23,834 - INFO - Example /home/projects/bagon/shared/imagenet512/val/n03793489/ILSVRC2012_val_00027014.JPEG reached epsilon at step 2259, loss sum: 346.6368, final loss: 0.00099277, weight distance: 0.1075
2025-09-23 04:03:43,192 - INFO - Example /home/projects/bagon/shared/imagenet512/val/n01644900/ILSVRC2012_val_00024428.JPEG reached epsilon at step 1728, loss sum: 144.7552, final loss: 0.00099850, weight distance: 0.0799
2025-09-23 04:04:10,646 - INFO - Example /home/projects/bagon/shared/imagenet512/val/n04285008/ILSVRC2012_val_00043297.JPEG reached epsilon at step 2473, loss sum: 114.8659, final loss: 0.00099277, weight distance: 0.0959
2025-09-23 04:04:38,909 - INFO - Example /home/projects/bagon/shared/imagenet512/val/n02749479/ILSVRC2012_val_00024794.JPEG reached epsilon at step 2514, loss sum: 479.3827, final loss: 0.00099754, weight distance: 0.1144
2025-09-23 04:05:03,879 - INFO - Example /home/projects/bagon/shared/imagenet512/val/n03590841/ILSVRC2012_val_00042696.JPEG reached epsilon at step 2240, loss sum: 1649.4376, final loss: 0.00099945, weight distance: 0.1242
2025-09-23 04:05:23,515 - INFO - Example /home/projects/bagon/shared/imagenet512/val/n03062245/ILSVRC2012_val_00036404.JPEG reached epsilon at step 1739, loss sum: 850.0649, final loss: 0.00099373, weight distance: 0.1044
2025-09-23 04:05:53,310 - INFO - Example /home/projects/bagon/shared/imagenet512/val/n02840245/ILSVRC2012_val_00042130.JPEG reached epsilon at step 2679, loss sum: 711.9281, final loss: 0.00099659, weight distance: 0.1328
2025-09-23 04:06:21,772 - INFO - Example /home/projects/bagon/shared/imagenet512/val/n03970156/ILSVRC2012_val_00032437.JPEG reached epsilon at step 2565, loss sum: 2622.3133, final loss: 0.00099564, weight distance: 0.1588
2025-09-23 04:06:44,131 - INFO - Example /home/projects/bagon/shared/imagenet512/val/n02834397/ILSVRC2012_val_00010541.JPEG reached epsilon at step 1983, loss sum: 1229.9367, final loss: 0.00099564, weight distance: 0.1172
2025-09-23 04:07:13,299 - INFO - Example /home/projects/bagon/shared/imagenet512/val/n04525038/ILSVRC2012_val_00046504.JPEG reached epsilon at step 2634, loss sum: 1631.4251, final loss: 0.00099945, weight distance: 0.1369
2025-09-23 04:07:43,362 - INFO - Example /home/projects/bagon/shared/imagenet512/val/n04591157/ILSVRC2012_val_00004158.JPEG reached epsilon at step 2688, loss sum: 1379.1286, final loss: 0.00099087, weight distance: 0.1452
2025-09-23 04:08:07,393 - INFO - Example /home/projects/bagon/shared/imagenet512/val/n02859443/ILSVRC2012_val_00028066.JPEG reached epsilon at step 2153, loss sum: 486.8010, final loss: 0.00099754, weight distance: 0.1044
2025-09-23 04:08:41,178 - INFO - Example /home/projects/bagon/shared/imagenet512/val/n03692522/ILSVRC2012_val_00032694.JPEG reached epsilon at step 3055, loss sum: 2864.1869, final loss: 0.00098801, weight distance: 0.1629
2025-09-23 04:09:11,630 - INFO - Example /home/projects/bagon/shared/imagenet512/val/n04591157/ILSVRC2012_val_00009629.JPEG reached epsilon at step 2749, loss sum: 383.7154, final loss: 0.00099564, weight distance: 0.1238
2025-09-23 04:09:43,953 - INFO - Example /home/projects/bagon/shared/imagenet512/val/n03250847/ILSVRC2012_val_00048628.JPEG reached epsilon at step 2939, loss sum: 2240.7469, final loss: 0.00099182, weight distance: 0.1567
2025-09-23 04:10:03,870 - INFO - Example /home/projects/bagon/shared/imagenet512/val/n09472597/ILSVRC2012_val_00029608.JPEG reached epsilon at step 1735, loss sum: 2058.7670, final loss: 0.00099182, weight distance: 0.1158
2025-09-23 04:10:35,446 - INFO - Example /home/projects/bagon/shared/imagenet512/val/n04037443/ILSVRC2012_val_00028209.JPEG reached epsilon at step 2776, loss sum: 579.2911, final loss: 0.00099850, weight distance: 0.1183
2025-09-23 04:11:15,838 - INFO - Example /home/projects/bagon/shared/imagenet512/val/n07579787/ILSVRC2012_val_00013172.JPEG reached epsilon at step 3654, loss sum: 930.4691, final loss: 0.00099659, weight distance: 0.1538
2025-09-23 04:11:33,911 - INFO - Example /home/projects/bagon/shared/imagenet512/val/n02319095/ILSVRC2012_val_00020644.JPEG reached epsilon at step 1562, loss sum: 1000.5572, final loss: 0.00099564, weight distance: 0.0999
2025-09-23 04:11:55,913 - INFO - Example /home/projects/bagon/shared/imagenet512/val/n04254777/ILSVRC2012_val_00019230.JPEG reached epsilon at step 1970, loss sum: 688.8545, final loss: 0.00099754, weight distance: 0.1034
2025-09-23 04:12:38,796 - INFO - Example /home/projects/bagon/shared/imagenet512/val/n09399592/ILSVRC2012_val_00043889.JPEG reached epsilon at step 3897, loss sum: 1300.4796, final loss: 0.00099659, weight distance: 0.1624
2025-09-23 04:13:02,665 - INFO - Example /home/projects/bagon/shared/imagenet512/val/n04599235/ILSVRC2012_val_00026827.JPEG reached epsilon at step 2097, loss sum: 2064.6348, final loss: 0.00099945, weight distance: 0.1229
2025-09-23 04:13:18,044 - INFO - Example /home/projects/bagon/shared/imagenet512/val/n02643566/ILSVRC2012_val_00016698.JPEG reached epsilon at step 1302, loss sum: 2695.1847, final loss: 0.00099945, weight distance: 0.0954
2025-09-23 04:13:34,510 - INFO - Example /home/projects/bagon/shared/imagenet512/val/n04554684/ILSVRC2012_val_00013010.JPEG reached epsilon at step 1471, loss sum: 490.9997, final loss: 0.00098991, weight distance: 0.0831
2025-09-23 04:14:17,067 - INFO - Example /home/projects/bagon/shared/imagenet512/val/n03832673/ILSVRC2012_val_00026011.JPEG reached epsilon at step 3895, loss sum: 392.8272, final loss: 0.00099850, weight distance: 0.1479
2025-09-23 04:14:37,191 - INFO - Example /home/projects/bagon/shared/imagenet512/val/n04525038/ILSVRC2012_val_00023329.JPEG reached epsilon at step 1809, loss sum: 1305.6841, final loss: 0.00099754, weight distance: 0.1146
2025-09-23 04:15:08,425 - INFO - Example /home/projects/bagon/shared/imagenet512/val/n03047690/ILSVRC2012_val_00014333.JPEG reached epsilon at step 2834, loss sum: 2967.8525, final loss: 0.00099850, weight distance: 0.1577
2025-09-23 04:16:07,779 - INFO - Example /home/projects/bagon/shared/imagenet512/val/n03710637/ILSVRC2012_val_00028232.JPEG reached epsilon at step 5458, loss sum: 776.0535, final loss: 0.00099945, weight distance: 0.2009
2025-09-23 04:16:51,565 - INFO - Example /home/projects/bagon/shared/imagenet512/val/n02109961/ILSVRC2012_val_00006059.JPEG reached epsilon at step 3978, loss sum: 568.8365, final loss: 0.00098896, weight distance: 0.1604
2025-09-23 04:17:25,057 - INFO - Example /home/projects/bagon/shared/imagenet512/val/n01693334/ILSVRC2012_val_00031003.JPEG reached epsilon at step 3009, loss sum: 1020.7970, final loss: 0.00099850, weight distance: 0.1436
2025-09-23 04:18:02,398 - INFO - Example /home/projects/bagon/shared/imagenet512/val/n04147183/ILSVRC2012_val_00000094.JPEG reached epsilon at step 3341, loss sum: 349.4428, final loss: 0.00099945, weight distance: 0.1146
2025-09-23 04:18:36,395 - INFO - Example /home/projects/bagon/shared/imagenet512/val/n04525038/ILSVRC2012_val_00044332.JPEG reached epsilon at step 2907, loss sum: 1724.4941, final loss: 0.00099659, weight distance: 0.1504
2025-09-23 04:19:10,360 - INFO - Example /home/projects/bagon/shared/imagenet512/val/n03216828/ILSVRC2012_val_00039970.JPEG reached epsilon at step 3066, loss sum: 521.9795, final loss: 0.00099087, weight distance: 0.1242
2025-09-23 04:19:38,847 - INFO - Example /home/projects/bagon/shared/imagenet512/val/n03775071/ILSVRC2012_val_00016219.JPEG reached epsilon at step 2566, loss sum: 3081.4740, final loss: 0.00099945, weight distance: 0.1539
2025-09-23 04:20:03,389 - INFO - Example /home/projects/bagon/shared/imagenet512/val/n03041632/ILSVRC2012_val_00019358.JPEG reached epsilon at step 2172, loss sum: 2386.3520, final loss: 0.00099945, weight distance: 0.1380
2025-09-23 04:21:08,607 - INFO - Example /home/projects/bagon/shared/imagenet512/val/n04356056/ILSVRC2012_val_00034982.JPEG reached epsilon at step 5941, loss sum: 3819.3319, final loss: 0.00099659, weight distance: 0.2342
2025-09-23 04:21:46,630 - INFO - Example /home/projects/bagon/shared/imagenet512/val/n03658185/ILSVRC2012_val_00043869.JPEG reached epsilon at step 3453, loss sum: 3500.7045, final loss: 0.00099850, weight distance: 0.1902
2025-09-23 04:22:12,365 - INFO - Example /home/projects/bagon/shared/imagenet512/val/n02999410/ILSVRC2012_val_00023126.JPEG reached epsilon at step 2308, loss sum: 1410.4242, final loss: 0.00099850, weight distance: 0.1165
2025-09-23 04:22:41,967 - INFO - Example /home/projects/bagon/shared/imagenet512/val/n02119789/ILSVRC2012_val_00001260.JPEG reached epsilon at step 2665, loss sum: 769.6687, final loss: 0.00099087, weight distance: 0.1304
2025-09-23 04:23:04,669 - INFO - Example /home/projects/bagon/shared/imagenet512/val/n03690938/ILSVRC2012_val_00004561.JPEG reached epsilon at step 1996, loss sum: 423.8516, final loss: 0.00099945, weight distance: 0.0968
2025-09-23 04:23:29,569 - INFO - Example /home/projects/bagon/shared/imagenet512/val/n02096294/ILSVRC2012_val_00017380.JPEG reached epsilon at step 2282, loss sum: 425.7844, final loss: 0.00099564, weight distance: 0.1045
2025-09-23 04:23:52,963 - INFO - Example /home/projects/bagon/shared/imagenet512/val/n02883205/ILSVRC2012_val_00045515.JPEG reached epsilon at step 2112, loss sum: 2183.2532, final loss: 0.00099468, weight distance: 0.1323
2025-09-23 04:24:13,331 - INFO - Example /home/projects/bagon/shared/imagenet512/val/n03967562/ILSVRC2012_val_00000292.JPEG reached epsilon at step 1822, loss sum: 826.4376, final loss: 0.00099373, weight distance: 0.1031
2025-09-23 04:24:42,810 - INFO - Example /home/projects/bagon/shared/imagenet512/val/n03796401/ILSVRC2012_val_00044805.JPEG reached epsilon at step 2672, loss sum: 1140.2231, final loss: 0.00099373, weight distance: 0.1333
2025-09-23 04:25:18,250 - INFO - Example /home/projects/bagon/shared/imagenet512/val/n03633091/ILSVRC2012_val_00035588.JPEG reached epsilon at step 3217, loss sum: 2012.2617, final loss: 0.00099182, weight distance: 0.1710
2025-09-23 04:25:41,071 - INFO - Example /home/projects/bagon/shared/imagenet512/val/n04579145/ILSVRC2012_val_00029100.JPEG reached epsilon at step 2053, loss sum: 543.4632, final loss: 0.00099754, weight distance: 0.1044
2025-09-23 04:26:05,285 - INFO - Example /home/projects/bagon/shared/imagenet512/val/n03724870/ILSVRC2012_val_00045706.JPEG reached epsilon at step 2176, loss sum: 1362.4687, final loss: 0.00099850, weight distance: 0.1234
2025-09-23 04:26:29,204 - INFO - Example /home/projects/bagon/shared/imagenet512/val/n03840681/ILSVRC2012_val_00029902.JPEG reached epsilon at step 2141, loss sum: 3819.7183, final loss: 0.00098991, weight distance: 0.1484
2025-09-23 04:26:57,018 - INFO - Example /home/projects/bagon/shared/imagenet512/val/n03250847/ILSVRC2012_val_00031217.JPEG reached epsilon at step 2519, loss sum: 552.6364, final loss: 0.00099277, weight distance: 0.1143
2025-09-23 04:27:27,185 - INFO - Example /home/projects/bagon/shared/imagenet512/val/n04590129/ILSVRC2012_val_00013882.JPEG reached epsilon at step 2733, loss sum: 2015.2548, final loss: 0.00099850, weight distance: 0.1469
2025-09-23 04:27:58,404 - INFO - Example /home/projects/bagon/shared/imagenet512/val/n03796401/ILSVRC2012_val_00028686.JPEG reached epsilon at step 2827, loss sum: 865.5014, final loss: 0.00099659, weight distance: 0.1298
2025-09-23 04:28:26,933 - INFO - Example /home/projects/bagon/shared/imagenet512/val/n02443114/ILSVRC2012_val_00048525.JPEG reached epsilon at step 2569, loss sum: 517.3646, final loss: 0.00099468, weight distance: 0.1255
2025-09-23 04:28:56,319 - INFO - Example /home/projects/bagon/shared/imagenet512/val/n02106166/ILSVRC2012_val_00020986.JPEG reached epsilon at step 2674, loss sum: 1056.8980, final loss: 0.00099754, weight distance: 0.1231
2025-09-23 04:29:26,301 - INFO - Example /home/projects/bagon/shared/imagenet512/val/n02403003/ILSVRC2012_val_00010592.JPEG reached epsilon at step 2751, loss sum: 378.5046, final loss: 0.00099850, weight distance: 0.1185
2025-09-23 04:29:50,809 - INFO - Example /home/projects/bagon/shared/imagenet512/val/n04548362/ILSVRC2012_val_00011817.JPEG reached epsilon at step 2201, loss sum: 108.6769, final loss: 0.00099754, weight distance: 0.0840
2025-09-23 04:30:22,993 - INFO - Example /home/projects/bagon/shared/imagenet512/val/n03787032/ILSVRC2012_val_00026132.JPEG reached epsilon at step 2913, loss sum: 933.8521, final loss: 0.00099277, weight distance: 0.1457
2025-09-23 04:31:00,392 - INFO - Example /home/projects/bagon/shared/imagenet512/val/n03085013/ILSVRC2012_val_00041349.JPEG reached epsilon at step 3414, loss sum: 1246.1301, final loss: 0.00099754, weight distance: 0.1596
2025-09-23 04:31:19,462 - INFO - Example /home/projects/bagon/shared/imagenet512/val/n03742115/ILSVRC2012_val_00049486.JPEG reached epsilon at step 1707, loss sum: 326.8059, final loss: 0.00099945, weight distance: 0.0916
2025-09-23 04:31:44,646 - INFO - Example /home/projects/bagon/shared/imagenet512/val/n03804744/ILSVRC2012_val_00046728.JPEG reached epsilon at step 2277, loss sum: 1440.8269, final loss: 0.00099850, weight distance: 0.1245
2025-09-23 04:32:31,605 - INFO - Example /home/projects/bagon/shared/imagenet512/val/n02837789/ILSVRC2012_val_00007559.JPEG reached epsilon at step 4289, loss sum: 4467.0162, final loss: 0.00099850, weight distance: 0.2073
2025-09-23 04:32:52,495 - INFO - Example /home/projects/bagon/shared/imagenet512/val/n04336792/ILSVRC2012_val_00027884.JPEG reached epsilon at step 1793, loss sum: 1540.4594, final loss: 0.00099087, weight distance: 0.1153
2025-09-23 04:33:09,180 - INFO - Example /home/projects/bagon/shared/imagenet512/val/n04435653/ILSVRC2012_val_00027447.JPEG reached epsilon at step 1487, loss sum: 1075.7311, final loss: 0.00098705, weight distance: 0.0966
2025-09-23 04:33:28,483 - INFO - Example /home/projects/bagon/shared/imagenet512/val/n02486261/ILSVRC2012_val_00011101.JPEG reached epsilon at step 1735, loss sum: 1034.0597, final loss: 0.00099182, weight distance: 0.1017
2025-09-23 04:34:22,719 - INFO - Example /home/projects/bagon/shared/imagenet512/val/n03710637/ILSVRC2012_val_00014830.JPEG reached epsilon at step 4966, loss sum: 876.7743, final loss: 0.00098991, weight distance: 0.2002
2025-09-23 04:34:23,223 - INFO - Time limit reached. Exiting before starting next example.
2025-09-23 04:34:23,273 - INFO - Merged 8 worker CSVs into /home/projects/bagon/andreyg/Projects/BMM_school/Universal_learning/Programming/training_gradient_evaluator_single_loss_parallel/output_parallel_8_workers_trial_2/resnet10t.c3_in1k/single_example_results.csv
2025-09-23 04:34:24,900 - INFO - Training complete. Summary saved to /home/projects/bagon/andreyg/Projects/BMM_school/Universal_learning/Programming/training_gradient_evaluator_single_loss_parallel/output_parallel_8_workers_trial_2/resnet10t.c3_in1k/training_summary.json
