2025-09-23 02:39:35,155 - INFO - Parsed arguments:
2025-09-23 02:39:35,156 - INFO -   amp_dtype = None
2025-09-23 02:39:35,156 - INFO -   bars_npy = /home/projects/bagon/andreyg/Projects/BMM_school/Universal_learning/Programming/bars/geq6wrong_21017_geq6correct_1525_imagenet.npy
2025-09-23 02:39:35,156 - INFO -   cka_layer_fraction = 0.05
2025-09-23 02:39:35,156 - INFO -   current_worker = 2
2025-09-23 02:39:35,156 - INFO -   deterministic = True
2025-09-23 02:39:35,156 - INFO -   device = cuda
2025-09-23 02:39:35,156 - INFO -   epsilon = 0.001
2025-09-23 02:39:35,156 - INFO -   examples_csv = /home/projects/bagon/andreyg/Projects/BMM_school/Universal_learning/Programming/bars/geq6wrong_21017_geq6correct_1525_imagenet_examples_ammended.csv
2025-09-23 02:39:35,156 - INFO -   explicit_examples_for_training = None
2025-09-23 02:39:35,156 - INFO -   grad_clip_norm = 1.0
2025-09-23 02:39:35,156 - INFO -   hierarchy_json = /home/projects/bagon/andreyg/Projects/BMM_school/Universal_learning/Programming/bars/imagenet_synset_hierarchy.json
2025-09-23 02:39:35,156 - INFO -   imagenet_models_csv = /home/projects/bagon/andreyg/Projects/BMM_school/Universal_learning/Programming/bars/imagenet_models.csv
2025-09-23 02:39:35,156 - INFO -   lr = 0.0001
2025-09-23 02:39:35,156 - INFO -   max_examples = 50000
2025-09-23 02:39:35,156 - INFO -   max_steps_per_example = 10000
2025-09-23 02:39:35,156 - INFO -   model_csv_name = resnet_10t_176_classification_imagenet_1k
2025-09-23 02:39:35,156 - INFO -   model_name = resnet10t.c3_in1k
2025-09-23 02:39:35,156 - INFO -   no_amp = False
2025-09-23 02:39:35,156 - INFO -   num_workers = 8
2025-09-23 02:39:35,156 - INFO -   output_dir = /home/projects/bagon/andreyg/Projects/BMM_school/Universal_learning/Programming/training_gradient_evaluator_single_loss_parallel/output_parallel_8_workers_trial_2
2025-09-23 02:39:35,156 - INFO -   root_dir = None
2025-09-23 02:39:35,156 - INFO -   seed = 1337
2025-09-23 02:39:35,156 - INFO -   time_limit_seconds = 6300
2025-09-23 02:39:35,156 - INFO -   weight_decay = 0.0
2025-09-23 02:39:35,156 - INFO -   zero_aug_train = False
2025-09-23 02:39:35,855 - INFO - Loaded TIMM pretrained weights for resnet10t.c3_in1k
2025-09-23 02:39:35,855 - INFO - pretrained_cfg.url=https://github.com/rwightman/pytorch-image-models/releases/download/v0.1-rsb-weights/resnet10t_176_c3-f3215ab1.pth hf_hub_id=timm/resnet10t.c3_in1k
2025-09-23 02:39:36,154 - INFO - Training configuration:
2025-09-23 02:39:36,154 - INFO -   lr = 0.0001
2025-09-23 02:39:36,154 - INFO -   weight_decay = 0.0
2025-09-23 02:39:36,154 - INFO -   max_steps = 10000
2025-09-23 02:39:36,154 - INFO -   epsilon = 0.001
2025-09-23 02:39:36,154 - INFO -   device = cuda
2025-09-23 02:39:36,154 - INFO -   use_amp = True
2025-09-23 02:39:36,154 - INFO -   amp_dtype = None
2025-09-23 02:39:36,154 - INFO -   gradient_clip_norm = 1.0
2025-09-23 02:40:00,131 - INFO - Example /home/projects/bagon/shared/imagenet512/val/n02138441/ILSVRC2012_val_00005695.JPEG reached epsilon at step 1793, loss sum: 211.0951, final loss: 0.00099659, weight distance: 0.0843
2025-09-23 02:40:31,129 - INFO - Example /home/projects/bagon/shared/imagenet512/val/n04483307/ILSVRC2012_val_00035056.JPEG reached epsilon at step 2846, loss sum: 111.6810, final loss: 0.00099373, weight distance: 0.1063
2025-09-23 02:40:43,634 - INFO - Example /home/projects/bagon/shared/imagenet512/val/n04371774/ILSVRC2012_val_00015418.JPEG reached epsilon at step 1112, loss sum: 794.7317, final loss: 0.00099564, weight distance: 0.0780
2025-09-23 02:41:00,083 - INFO - Example /home/projects/bagon/shared/imagenet512/val/n03720891/ILSVRC2012_val_00011961.JPEG reached epsilon at step 1498, loss sum: 151.3584, final loss: 0.00098991, weight distance: 0.0762
2025-09-23 02:41:20,179 - INFO - Example /home/projects/bagon/shared/imagenet512/val/n04266014/ILSVRC2012_val_00034335.JPEG reached epsilon at step 1828, loss sum: 490.4464, final loss: 0.00099373, weight distance: 0.0974
2025-09-23 02:41:40,346 - INFO - Example /home/projects/bagon/shared/imagenet512/val/n02108422/ILSVRC2012_val_00040189.JPEG reached epsilon at step 1830, loss sum: 474.9916, final loss: 0.00099850, weight distance: 0.0975
2025-09-23 02:42:03,590 - INFO - Example /home/projects/bagon/shared/imagenet512/val/n01806143/ILSVRC2012_val_00040811.JPEG reached epsilon at step 2043, loss sum: 3780.6332, final loss: 0.00098705, weight distance: 0.1446
2025-09-23 02:42:30,809 - INFO - Example /home/projects/bagon/shared/imagenet512/val/n04591157/ILSVRC2012_val_00012084.JPEG reached epsilon at step 2465, loss sum: 1515.9236, final loss: 0.00099373, weight distance: 0.1344
2025-09-23 02:42:47,289 - INFO - Example /home/projects/bagon/shared/imagenet512/val/n04606251/ILSVRC2012_val_00029937.JPEG reached epsilon at step 1486, loss sum: 722.4183, final loss: 0.00099754, weight distance: 0.0892
2025-09-23 02:42:59,393 - INFO - Example /home/projects/bagon/shared/imagenet512/val/n03344393/ILSVRC2012_val_00046357.JPEG reached epsilon at step 1045, loss sum: 812.6781, final loss: 0.00098610, weight distance: 0.0756
2025-09-23 02:43:36,225 - INFO - Example /home/projects/bagon/shared/imagenet512/val/n02823428/ILSVRC2012_val_00032921.JPEG reached epsilon at step 3396, loss sum: 729.8615, final loss: 0.00099373, weight distance: 0.1432
2025-09-23 02:43:52,425 - INFO - Example /home/projects/bagon/shared/imagenet512/val/n04597913/ILSVRC2012_val_00032311.JPEG reached epsilon at step 1452, loss sum: 1153.0934, final loss: 0.00099373, weight distance: 0.0928
2025-09-23 02:44:02,122 - INFO - Example /home/projects/bagon/shared/imagenet512/val/n02927161/ILSVRC2012_val_00001821.JPEG reached epsilon at step 856, loss sum: 47.6232, final loss: 0.00099468, weight distance: 0.0506
2025-09-23 02:44:32,307 - INFO - Example /home/projects/bagon/shared/imagenet512/val/n02113799/ILSVRC2012_val_00045485.JPEG reached epsilon at step 2773, loss sum: 989.8823, final loss: 0.00099659, weight distance: 0.1171
2025-09-23 02:44:50,859 - INFO - Example /home/projects/bagon/shared/imagenet512/val/n04067472/ILSVRC2012_val_00044263.JPEG reached epsilon at step 1687, loss sum: 880.5306, final loss: 0.00098896, weight distance: 0.1035
2025-09-23 02:45:12,415 - INFO - Example /home/projects/bagon/shared/imagenet512/val/n03584254/ILSVRC2012_val_00017141.JPEG reached epsilon at step 1934, loss sum: 244.2647, final loss: 0.00099277, weight distance: 0.0964
2025-09-23 02:45:39,566 - INFO - Example /home/projects/bagon/shared/imagenet512/val/n02114367/ILSVRC2012_val_00027951.JPEG reached epsilon at step 2489, loss sum: 387.9203, final loss: 0.00099945, weight distance: 0.1124
2025-09-23 02:46:19,856 - INFO - Example /home/projects/bagon/shared/imagenet512/val/n04404412/ILSVRC2012_val_00003921.JPEG reached epsilon at step 3699, loss sum: 1021.5184, final loss: 0.00099277, weight distance: 0.1525
2025-09-23 02:46:40,281 - INFO - Example /home/projects/bagon/shared/imagenet512/val/n03895866/ILSVRC2012_val_00044547.JPEG reached epsilon at step 1862, loss sum: 217.1316, final loss: 0.00099468, weight distance: 0.0921
2025-09-23 02:47:05,961 - INFO - Example /home/projects/bagon/shared/imagenet512/val/n02097658/ILSVRC2012_val_00017515.JPEG reached epsilon at step 2346, loss sum: 570.7488, final loss: 0.00099564, weight distance: 0.1071
2025-09-23 02:47:29,811 - INFO - Example /home/projects/bagon/shared/imagenet512/val/n03483316/ILSVRC2012_val_00021449.JPEG reached epsilon at step 2188, loss sum: 1327.6419, final loss: 0.00099945, weight distance: 0.1233
2025-09-23 02:47:58,930 - INFO - Example /home/projects/bagon/shared/imagenet512/val/n01685808/ILSVRC2012_val_00021605.JPEG reached epsilon at step 2665, loss sum: 877.7142, final loss: 0.00099468, weight distance: 0.1278
2025-09-23 02:48:26,917 - INFO - Example /home/projects/bagon/shared/imagenet512/val/n02093859/ILSVRC2012_val_00039960.JPEG reached epsilon at step 2631, loss sum: 475.4540, final loss: 0.00099087, weight distance: 0.1207
2025-09-23 02:48:52,679 - INFO - Example /home/projects/bagon/shared/imagenet512/val/n01944390/ILSVRC2012_val_00007377.JPEG reached epsilon at step 2320, loss sum: 483.0257, final loss: 0.00099659, weight distance: 0.1102
2025-09-23 02:49:15,371 - INFO - Example /home/projects/bagon/shared/imagenet512/val/n04579432/ILSVRC2012_val_00020952.JPEG reached epsilon at step 2075, loss sum: 307.0918, final loss: 0.00099277, weight distance: 0.1015
2025-09-23 02:49:53,401 - INFO - Example /home/projects/bagon/shared/imagenet512/val/n02892767/ILSVRC2012_val_00038289.JPEG reached epsilon at step 3455, loss sum: 1431.4445, final loss: 0.00099468, weight distance: 0.1607
2025-09-23 02:50:16,750 - INFO - Example /home/projects/bagon/shared/imagenet512/val/n01440764/ILSVRC2012_val_00031094.JPEG reached epsilon at step 2133, loss sum: 1037.6419, final loss: 0.00099659, weight distance: 0.1111
2025-09-23 02:50:43,250 - INFO - Example /home/projects/bagon/shared/imagenet512/val/n02514041/ILSVRC2012_val_00012177.JPEG reached epsilon at step 2422, loss sum: 1233.0296, final loss: 0.00099945, weight distance: 0.1188
2025-09-23 02:51:08,105 - INFO - Example /home/projects/bagon/shared/imagenet512/val/n04330267/ILSVRC2012_val_00045078.JPEG reached epsilon at step 2265, loss sum: 1536.1440, final loss: 0.00099087, weight distance: 0.1246
2025-09-23 02:51:35,660 - INFO - Example /home/projects/bagon/shared/imagenet512/val/n02093991/ILSVRC2012_val_00034617.JPEG reached epsilon at step 2478, loss sum: 712.8704, final loss: 0.00099277, weight distance: 0.1166
2025-09-23 02:51:54,932 - INFO - Example /home/projects/bagon/shared/imagenet512/val/n03970156/ILSVRC2012_val_00046038.JPEG reached epsilon at step 1752, loss sum: 719.3475, final loss: 0.00098896, weight distance: 0.1034
2025-09-23 02:52:06,826 - INFO - Example /home/projects/bagon/shared/imagenet512/val/n02190166/ILSVRC2012_val_00011393.JPEG reached epsilon at step 1064, loss sum: 160.0883, final loss: 0.00099659, weight distance: 0.0638
2025-09-23 02:52:45,710 - INFO - Example /home/projects/bagon/shared/imagenet512/val/n02090721/ILSVRC2012_val_00009772.JPEG reached epsilon at step 3587, loss sum: 1464.1903, final loss: 0.00099945, weight distance: 0.1477
2025-09-23 02:53:06,002 - INFO - Example /home/projects/bagon/shared/imagenet512/val/n02966687/ILSVRC2012_val_00019177.JPEG reached epsilon at step 1841, loss sum: 487.8094, final loss: 0.00099850, weight distance: 0.0887
2025-09-23 02:53:15,543 - INFO - Example /home/projects/bagon/shared/imagenet512/val/n03388549/ILSVRC2012_val_00012333.JPEG reached epsilon at step 839, loss sum: 2.5800, final loss: 0.00099468, weight distance: 0.0255
2025-09-23 02:53:36,601 - INFO - Example /home/projects/bagon/shared/imagenet512/val/n02978881/ILSVRC2012_val_00008994.JPEG reached epsilon at step 1897, loss sum: 896.6235, final loss: 0.00099564, weight distance: 0.1098
2025-09-23 02:54:20,268 - INFO - Example /home/projects/bagon/shared/imagenet512/val/n03838899/ILSVRC2012_val_00010699.JPEG reached epsilon at step 4010, loss sum: 569.7056, final loss: 0.00099850, weight distance: 0.1505
2025-09-23 02:54:49,136 - INFO - Example /home/projects/bagon/shared/imagenet512/val/n02012849/ILSVRC2012_val_00042084.JPEG reached epsilon at step 2627, loss sum: 739.6942, final loss: 0.00099087, weight distance: 0.1104
2025-09-23 02:55:09,084 - INFO - Example /home/projects/bagon/shared/imagenet512/val/n04548362/ILSVRC2012_val_00047367.JPEG reached epsilon at step 1759, loss sum: 45.4410, final loss: 0.00098705, weight distance: 0.0680
2025-09-23 02:55:25,636 - INFO - Example /home/projects/bagon/shared/imagenet512/val/n02100735/ILSVRC2012_val_00036817.JPEG reached epsilon at step 1436, loss sum: 59.6277, final loss: 0.00098896, weight distance: 0.0647
2025-09-23 02:55:48,995 - INFO - Example /home/projects/bagon/shared/imagenet512/val/n02788148/ILSVRC2012_val_00005433.JPEG reached epsilon at step 2058, loss sum: 398.5724, final loss: 0.00099182, weight distance: 0.1022
2025-09-23 02:56:24,938 - INFO - Example /home/projects/bagon/shared/imagenet512/val/n03110669/ILSVRC2012_val_00040493.JPEG reached epsilon at step 3250, loss sum: 1038.0293, final loss: 0.00099945, weight distance: 0.1405
2025-09-23 02:56:39,360 - INFO - Example /home/projects/bagon/shared/imagenet512/val/n02437312/ILSVRC2012_val_00024798.JPEG reached epsilon at step 1290, loss sum: 617.4295, final loss: 0.00099182, weight distance: 0.0798
2025-09-23 02:57:10,252 - INFO - Example /home/projects/bagon/shared/imagenet512/val/n02504458/ILSVRC2012_val_00010619.JPEG reached epsilon at step 2778, loss sum: 353.7530, final loss: 0.00099659, weight distance: 0.1131
2025-09-23 02:57:53,656 - INFO - Example /home/projects/bagon/shared/imagenet512/val/n04392985/ILSVRC2012_val_00046777.JPEG reached epsilon at step 3970, loss sum: 1357.9815, final loss: 0.00099468, weight distance: 0.1725
2025-09-23 02:58:09,004 - INFO - Example /home/projects/bagon/shared/imagenet512/val/n02268443/ILSVRC2012_val_00006760.JPEG reached epsilon at step 1351, loss sum: 251.4507, final loss: 0.00099850, weight distance: 0.0782
2025-09-23 02:58:28,551 - INFO - Example /home/projects/bagon/shared/imagenet512/val/n04251144/ILSVRC2012_val_00020072.JPEG reached epsilon at step 1767, loss sum: 864.3359, final loss: 0.00099754, weight distance: 0.1056
2025-09-23 02:58:55,642 - INFO - Example /home/projects/bagon/shared/imagenet512/val/n01496331/ILSVRC2012_val_00041248.JPEG reached epsilon at step 2464, loss sum: 1130.2002, final loss: 0.00099277, weight distance: 0.1172
2025-09-23 02:59:09,421 - INFO - Example /home/projects/bagon/shared/imagenet512/val/n04254777/ILSVRC2012_val_00035090.JPEG reached epsilon at step 1217, loss sum: 393.0258, final loss: 0.00099850, weight distance: 0.0763
2025-09-23 02:59:22,162 - INFO - Example /home/projects/bagon/shared/imagenet512/val/n04336792/ILSVRC2012_val_00008400.JPEG reached epsilon at step 1130, loss sum: 308.4080, final loss: 0.00099659, weight distance: 0.0707
2025-09-23 02:59:44,500 - INFO - Example /home/projects/bagon/shared/imagenet512/val/n02099601/ILSVRC2012_val_00001191.JPEG reached epsilon at step 2025, loss sum: 632.2501, final loss: 0.00099754, weight distance: 0.0975
2025-09-23 03:00:08,668 - INFO - Example /home/projects/bagon/shared/imagenet512/val/n03871628/ILSVRC2012_val_00042662.JPEG reached epsilon at step 2210, loss sum: 173.6068, final loss: 0.00099182, weight distance: 0.0926
2025-09-23 03:00:54,245 - INFO - Example /home/projects/bagon/shared/imagenet512/val/n04008634/ILSVRC2012_val_00009588.JPEG reached epsilon at step 4129, loss sum: 306.9698, final loss: 0.00099087, weight distance: 0.1516
2025-09-23 03:01:15,870 - INFO - Example /home/projects/bagon/shared/imagenet512/val/n04482393/ILSVRC2012_val_00002897.JPEG reached epsilon at step 1801, loss sum: 1216.5675, final loss: 0.00099564, weight distance: 0.1088
2025-09-23 03:01:33,016 - INFO - Example /home/projects/bagon/shared/imagenet512/val/n01689811/ILSVRC2012_val_00047301.JPEG reached epsilon at step 1503, loss sum: 749.3924, final loss: 0.00099277, weight distance: 0.0952
2025-09-23 03:01:48,646 - INFO - Example /home/projects/bagon/shared/imagenet512/val/n04146614/ILSVRC2012_val_00018568.JPEG reached epsilon at step 1387, loss sum: 394.3104, final loss: 0.00099850, weight distance: 0.0800
2025-09-23 03:02:14,024 - INFO - Example /home/projects/bagon/shared/imagenet512/val/n02526121/ILSVRC2012_val_00036341.JPEG reached epsilon at step 2176, loss sum: 1445.9832, final loss: 0.00099564, weight distance: 0.1193
2025-09-23 03:02:33,287 - INFO - Example /home/projects/bagon/shared/imagenet512/val/n03457902/ILSVRC2012_val_00014593.JPEG reached epsilon at step 1556, loss sum: 927.8957, final loss: 0.00098801, weight distance: 0.0983
2025-09-23 03:02:55,531 - INFO - Example /home/projects/bagon/shared/imagenet512/val/n04275548/ILSVRC2012_val_00009823.JPEG reached epsilon at step 1997, loss sum: 1684.3203, final loss: 0.00099373, weight distance: 0.1126
2025-09-23 03:03:16,997 - INFO - Example /home/projects/bagon/shared/imagenet512/val/n02113023/ILSVRC2012_val_00005886.JPEG reached epsilon at step 1941, loss sum: 163.8783, final loss: 0.00099564, weight distance: 0.0799
2025-09-23 03:03:30,609 - INFO - Example /home/projects/bagon/shared/imagenet512/val/n03207941/ILSVRC2012_val_00047383.JPEG reached epsilon at step 1217, loss sum: 933.4488, final loss: 0.00099754, weight distance: 0.0871
2025-09-23 03:03:40,790 - INFO - Example /home/projects/bagon/shared/imagenet512/val/n03991062/ILSVRC2012_val_00046079.JPEG reached epsilon at step 876, loss sum: 13.6824, final loss: 0.00099182, weight distance: 0.0415
2025-09-23 03:03:59,700 - INFO - Example /home/projects/bagon/shared/imagenet512/val/n03196217/ILSVRC2012_val_00026298.JPEG reached epsilon at step 1667, loss sum: 430.0199, final loss: 0.00099850, weight distance: 0.0832
2025-09-23 03:04:26,669 - INFO - Example /home/projects/bagon/shared/imagenet512/val/n02114367/ILSVRC2012_val_00017809.JPEG reached epsilon at step 2322, loss sum: 246.9794, final loss: 0.00099945, weight distance: 0.0997
2025-09-23 03:04:35,927 - INFO - Example /home/projects/bagon/shared/imagenet512/val/n03196217/ILSVRC2012_val_00023576.JPEG reached epsilon at step 751, loss sum: 52.4131, final loss: 0.00099945, weight distance: 0.0441
2025-09-23 03:04:54,190 - INFO - Example /home/projects/bagon/shared/imagenet512/val/n02361337/ILSVRC2012_val_00007212.JPEG reached epsilon at step 1604, loss sum: 147.6436, final loss: 0.00099564, weight distance: 0.0778
2025-09-23 03:05:30,516 - INFO - Example /home/projects/bagon/shared/imagenet512/val/n02097130/ILSVRC2012_val_00043186.JPEG reached epsilon at step 3330, loss sum: 394.4413, final loss: 0.00099945, weight distance: 0.1250
2025-09-23 03:05:48,425 - INFO - Example /home/projects/bagon/shared/imagenet512/val/n02091032/ILSVRC2012_val_00038438.JPEG reached epsilon at step 1619, loss sum: 347.2020, final loss: 0.00099850, weight distance: 0.0754
2025-09-23 03:06:12,875 - INFO - Example /home/projects/bagon/shared/imagenet512/val/n02102177/ILSVRC2012_val_00002672.JPEG reached epsilon at step 2270, loss sum: 266.2829, final loss: 0.00099754, weight distance: 0.0937
2025-09-23 03:06:21,863 - INFO - Example /home/projects/bagon/shared/imagenet512/val/n07695742/ILSVRC2012_val_00019823.JPEG reached epsilon at step 805, loss sum: 132.2554, final loss: 0.00099754, weight distance: 0.0521
2025-09-23 03:06:47,274 - INFO - Example /home/projects/bagon/shared/imagenet512/val/n02091635/ILSVRC2012_val_00010062.JPEG reached epsilon at step 2316, loss sum: 1481.8962, final loss: 0.00099564, weight distance: 0.1201
2025-09-23 03:07:17,057 - INFO - Example /home/projects/bagon/shared/imagenet512/val/n02823750/ILSVRC2012_val_00020646.JPEG reached epsilon at step 2706, loss sum: 2407.2511, final loss: 0.00099277, weight distance: 0.1460
2025-09-23 03:07:38,918 - INFO - Example /home/projects/bagon/shared/imagenet512/val/n02091635/ILSVRC2012_val_00032793.JPEG reached epsilon at step 1978, loss sum: 835.0011, final loss: 0.00099373, weight distance: 0.1060
2025-09-23 03:08:02,253 - INFO - Example /home/projects/bagon/shared/imagenet512/val/n02948072/ILSVRC2012_val_00014435.JPEG reached epsilon at step 2094, loss sum: 1674.1744, final loss: 0.00099087, weight distance: 0.1275
2025-09-23 03:08:13,554 - INFO - Example /home/projects/bagon/shared/imagenet512/val/n03743016/ILSVRC2012_val_00040173.JPEG reached epsilon at step 976, loss sum: 24.6604, final loss: 0.00099564, weight distance: 0.0469
2025-09-23 03:08:42,874 - INFO - Example /home/projects/bagon/shared/imagenet512/val/n04557648/ILSVRC2012_val_00027424.JPEG reached epsilon at step 2641, loss sum: 1307.9141, final loss: 0.00099754, weight distance: 0.1315
2025-09-23 03:09:11,636 - INFO - Example /home/projects/bagon/shared/imagenet512/val/n03063599/ILSVRC2012_val_00021374.JPEG reached epsilon at step 2632, loss sum: 238.6711, final loss: 0.00099087, weight distance: 0.1002
2025-09-23 03:09:20,480 - INFO - Example /home/projects/bagon/shared/imagenet512/val/n01882714/ILSVRC2012_val_00020599.JPEG reached epsilon at step 760, loss sum: 111.2994, final loss: 0.00099087, weight distance: 0.0490
2025-09-23 03:09:51,372 - INFO - Example /home/projects/bagon/shared/imagenet512/val/n02981792/ILSVRC2012_val_00032462.JPEG reached epsilon at step 2802, loss sum: 281.0406, final loss: 0.00099754, weight distance: 0.1203
2025-09-23 03:10:16,026 - INFO - Example /home/projects/bagon/shared/imagenet512/val/n09256479/ILSVRC2012_val_00014834.JPEG reached epsilon at step 2210, loss sum: 270.8453, final loss: 0.00099468, weight distance: 0.0886
2025-09-23 03:10:29,768 - INFO - Example /home/projects/bagon/shared/imagenet512/val/n03598930/ILSVRC2012_val_00030243.JPEG reached epsilon at step 1206, loss sum: 207.0457, final loss: 0.00099564, weight distance: 0.0703
2025-09-23 03:10:43,490 - INFO - Example /home/projects/bagon/shared/imagenet512/val/n03384352/ILSVRC2012_val_00006365.JPEG reached epsilon at step 1221, loss sum: 83.7916, final loss: 0.00099182, weight distance: 0.0644
2025-09-23 03:11:14,966 - INFO - Example /home/projects/bagon/shared/imagenet512/val/n01682714/ILSVRC2012_val_00045669.JPEG reached epsilon at step 2798, loss sum: 257.2495, final loss: 0.00099850, weight distance: 0.1170
2025-09-23 03:11:35,343 - INFO - Example /home/projects/bagon/shared/imagenet512/val/n02840245/ILSVRC2012_val_00021609.JPEG reached epsilon at step 1841, loss sum: 257.0203, final loss: 0.00099373, weight distance: 0.0940
2025-09-23 03:11:57,329 - INFO - Example /home/projects/bagon/shared/imagenet512/val/n02113186/ILSVRC2012_val_00022712.JPEG reached epsilon at step 1983, loss sum: 177.0113, final loss: 0.00099087, weight distance: 0.0898
2025-09-23 03:12:18,492 - INFO - Example /home/projects/bagon/shared/imagenet512/val/n02088238/ILSVRC2012_val_00033003.JPEG reached epsilon at step 1790, loss sum: 82.5196, final loss: 0.00099564, weight distance: 0.0747
2025-09-23 03:12:32,341 - INFO - Example /home/projects/bagon/shared/imagenet512/val/n07684084/ILSVRC2012_val_00038341.JPEG reached epsilon at step 1241, loss sum: 124.3699, final loss: 0.00099468, weight distance: 0.0650
2025-09-23 03:12:52,292 - INFO - Example /home/projects/bagon/shared/imagenet512/val/n01558993/ILSVRC2012_val_00045294.JPEG reached epsilon at step 1777, loss sum: 371.6629, final loss: 0.00099850, weight distance: 0.0918
2025-09-23 03:13:13,154 - INFO - Example /home/projects/bagon/shared/imagenet512/val/n02090622/ILSVRC2012_val_00036266.JPEG reached epsilon at step 1843, loss sum: 532.0566, final loss: 0.00099277, weight distance: 0.1001
2025-09-23 03:13:38,862 - INFO - Example /home/projects/bagon/shared/imagenet512/val/n04523525/ILSVRC2012_val_00049447.JPEG reached epsilon at step 2316, loss sum: 486.1131, final loss: 0.00099087, weight distance: 0.1092
2025-09-23 03:14:07,379 - INFO - Example /home/projects/bagon/shared/imagenet512/val/n02906734/ILSVRC2012_val_00033688.JPEG reached epsilon at step 2582, loss sum: 2540.0821, final loss: 0.00099087, weight distance: 0.1497
2025-09-23 03:14:37,568 - INFO - Example /home/projects/bagon/shared/imagenet512/val/n03838899/ILSVRC2012_val_00001464.JPEG reached epsilon at step 2752, loss sum: 1188.5493, final loss: 0.00099659, weight distance: 0.1235
2025-09-23 03:14:58,994 - INFO - Example /home/projects/bagon/shared/imagenet512/val/n03843555/ILSVRC2012_val_00042713.JPEG reached epsilon at step 1928, loss sum: 842.1441, final loss: 0.00099754, weight distance: 0.1085
2025-09-23 03:15:21,986 - INFO - Example /home/projects/bagon/shared/imagenet512/val/n01484850/ILSVRC2012_val_00023185.JPEG reached epsilon at step 2092, loss sum: 179.3576, final loss: 0.00099945, weight distance: 0.0922
2025-09-23 03:15:44,252 - INFO - Example /home/projects/bagon/shared/imagenet512/val/n04141975/ILSVRC2012_val_00047207.JPEG reached epsilon at step 2029, loss sum: 2762.1018, final loss: 0.00099468, weight distance: 0.1305
2025-09-23 03:16:11,807 - INFO - Example /home/projects/bagon/shared/imagenet512/val/n02951358/ILSVRC2012_val_00008477.JPEG reached epsilon at step 2526, loss sum: 334.6181, final loss: 0.00099564, weight distance: 0.1153
2025-09-23 03:16:34,431 - INFO - Example /home/projects/bagon/shared/imagenet512/val/n04069434/ILSVRC2012_val_00041089.JPEG reached epsilon at step 2057, loss sum: 946.5559, final loss: 0.00099468, weight distance: 0.1075
2025-09-23 03:16:51,017 - INFO - Example /home/projects/bagon/shared/imagenet512/val/n01734418/ILSVRC2012_val_00019148.JPEG reached epsilon at step 1500, loss sum: 1453.2178, final loss: 0.00099945, weight distance: 0.0940
2025-09-23 03:17:19,297 - INFO - Example /home/projects/bagon/shared/imagenet512/val/n03776460/ILSVRC2012_val_00044721.JPEG reached epsilon at step 2543, loss sum: 275.7744, final loss: 0.00099754, weight distance: 0.1027
2025-09-23 03:17:34,162 - INFO - Example /home/projects/bagon/shared/imagenet512/val/n03538406/ILSVRC2012_val_00042040.JPEG reached epsilon at step 1330, loss sum: 150.7203, final loss: 0.00099468, weight distance: 0.0692
2025-09-23 03:17:58,006 - INFO - Example /home/projects/bagon/shared/imagenet512/val/n03494278/ILSVRC2012_val_00027607.JPEG reached epsilon at step 2169, loss sum: 1454.5281, final loss: 0.00099468, weight distance: 0.1225
2025-09-23 03:18:22,740 - INFO - Example /home/projects/bagon/shared/imagenet512/val/n03777754/ILSVRC2012_val_00002292.JPEG reached epsilon at step 2249, loss sum: 506.9051, final loss: 0.00099754, weight distance: 0.1121
2025-09-23 03:18:54,359 - INFO - Example /home/projects/bagon/shared/imagenet512/val/n03125729/ILSVRC2012_val_00036063.JPEG reached epsilon at step 2869, loss sum: 835.2286, final loss: 0.00099277, weight distance: 0.1262
2025-09-23 03:19:25,271 - INFO - Example /home/projects/bagon/shared/imagenet512/val/n02093428/ILSVRC2012_val_00002417.JPEG reached epsilon at step 2828, loss sum: 181.8892, final loss: 0.00099659, weight distance: 0.1082
2025-09-23 03:19:41,095 - INFO - Example /home/projects/bagon/shared/imagenet512/val/n02793495/ILSVRC2012_val_00003727.JPEG reached epsilon at step 1423, loss sum: 230.9606, final loss: 0.00099850, weight distance: 0.0798
2025-09-23 03:20:07,774 - INFO - Example /home/projects/bagon/shared/imagenet512/val/n02840245/ILSVRC2012_val_00004265.JPEG reached epsilon at step 2436, loss sum: 389.3427, final loss: 0.00099277, weight distance: 0.1010
2025-09-23 03:20:45,918 - INFO - Example /home/projects/bagon/shared/imagenet512/val/n02107142/ILSVRC2012_val_00041795.JPEG reached epsilon at step 3531, loss sum: 367.7171, final loss: 0.00099754, weight distance: 0.1311
2025-09-23 03:21:12,526 - INFO - Example /home/projects/bagon/shared/imagenet512/val/n01729322/ILSVRC2012_val_00041300.JPEG reached epsilon at step 2432, loss sum: 375.3534, final loss: 0.00098896, weight distance: 0.1056
2025-09-23 03:21:27,768 - INFO - Example /home/projects/bagon/shared/imagenet512/val/n03291819/ILSVRC2012_val_00021510.JPEG reached epsilon at step 1326, loss sum: 211.7481, final loss: 0.00099659, weight distance: 0.0696
2025-09-23 03:21:58,195 - INFO - Example /home/projects/bagon/shared/imagenet512/val/n02422699/ILSVRC2012_val_00035239.JPEG reached epsilon at step 2748, loss sum: 1330.9484, final loss: 0.00099277, weight distance: 0.1336
2025-09-23 03:22:24,715 - INFO - Example /home/projects/bagon/shared/imagenet512/val/n03770679/ILSVRC2012_val_00022654.JPEG reached epsilon at step 2410, loss sum: 335.5086, final loss: 0.00099564, weight distance: 0.1115
2025-09-23 03:22:44,796 - INFO - Example /home/projects/bagon/shared/imagenet512/val/n07932039/ILSVRC2012_val_00029102.JPEG reached epsilon at step 1816, loss sum: 118.2362, final loss: 0.00099850, weight distance: 0.0845
2025-09-23 03:23:09,046 - INFO - Example /home/projects/bagon/shared/imagenet512/val/n02090721/ILSVRC2012_val_00009713.JPEG reached epsilon at step 2180, loss sum: 323.7140, final loss: 0.00099564, weight distance: 0.1037
2025-09-23 03:23:23,214 - INFO - Example /home/projects/bagon/shared/imagenet512/val/n03666591/ILSVRC2012_val_00038507.JPEG reached epsilon at step 1055, loss sum: 36.9761, final loss: 0.00099087, weight distance: 0.0529
2025-09-23 03:23:40,649 - INFO - Example /home/projects/bagon/shared/imagenet512/val/n01945685/ILSVRC2012_val_00041634.JPEG reached epsilon at step 1505, loss sum: 773.2743, final loss: 0.00099564, weight distance: 0.0936
2025-09-23 03:24:06,961 - INFO - Example /home/projects/bagon/shared/imagenet512/val/n02092002/ILSVRC2012_val_00029876.JPEG reached epsilon at step 2426, loss sum: 211.1259, final loss: 0.00099659, weight distance: 0.0942
2025-09-23 03:24:31,207 - INFO - Example /home/projects/bagon/shared/imagenet512/val/n02090721/ILSVRC2012_val_00006627.JPEG reached epsilon at step 2203, loss sum: 701.4536, final loss: 0.00099754, weight distance: 0.1058
2025-09-23 03:24:52,186 - INFO - Example /home/projects/bagon/shared/imagenet512/val/n03126707/ILSVRC2012_val_00044019.JPEG reached epsilon at step 1895, loss sum: 665.9373, final loss: 0.00099373, weight distance: 0.1030
2025-09-23 03:25:14,550 - INFO - Example /home/projects/bagon/shared/imagenet512/val/n03995372/ILSVRC2012_val_00005380.JPEG reached epsilon at step 1993, loss sum: 1002.9604, final loss: 0.00099659, weight distance: 0.1153
2025-09-23 03:25:29,535 - INFO - Example /home/projects/bagon/shared/imagenet512/val/n04485082/ILSVRC2012_val_00018704.JPEG reached epsilon at step 1344, loss sum: 490.7503, final loss: 0.00098991, weight distance: 0.0856
2025-09-23 03:25:45,351 - INFO - Example /home/projects/bagon/shared/imagenet512/val/n03729826/ILSVRC2012_val_00048097.JPEG reached epsilon at step 1424, loss sum: 1660.7293, final loss: 0.00099659, weight distance: 0.1034
2025-09-23 03:26:04,267 - INFO - Example /home/projects/bagon/shared/imagenet512/val/n02948072/ILSVRC2012_val_00021186.JPEG reached epsilon at step 1673, loss sum: 315.2487, final loss: 0.00099659, weight distance: 0.0863
2025-09-23 03:26:36,110 - INFO - Example /home/projects/bagon/shared/imagenet512/val/n02087046/ILSVRC2012_val_00029090.JPEG reached epsilon at step 2922, loss sum: 859.2597, final loss: 0.00099564, weight distance: 0.1283
2025-09-23 03:26:58,519 - INFO - Example /home/projects/bagon/shared/imagenet512/val/n02321529/ILSVRC2012_val_00005880.JPEG reached epsilon at step 2037, loss sum: 1015.1194, final loss: 0.00099087, weight distance: 0.1166
2025-09-23 03:27:17,148 - INFO - Example /home/projects/bagon/shared/imagenet512/val/n04131690/ILSVRC2012_val_00032630.JPEG reached epsilon at step 1689, loss sum: 402.5961, final loss: 0.00099182, weight distance: 0.0907
2025-09-23 03:27:39,040 - INFO - Example /home/projects/bagon/shared/imagenet512/val/n04070727/ILSVRC2012_val_00014411.JPEG reached epsilon at step 1987, loss sum: 895.4278, final loss: 0.00099087, weight distance: 0.1132
2025-09-23 03:27:57,836 - INFO - Example /home/projects/bagon/shared/imagenet512/val/n02786058/ILSVRC2012_val_00038219.JPEG reached epsilon at step 1684, loss sum: 658.9838, final loss: 0.00099564, weight distance: 0.0995
2025-09-23 03:28:16,583 - INFO - Example /home/projects/bagon/shared/imagenet512/val/n04136333/ILSVRC2012_val_00032121.JPEG reached epsilon at step 1698, loss sum: 745.5597, final loss: 0.00099182, weight distance: 0.1009
2025-09-23 03:28:30,006 - INFO - Example /home/projects/bagon/shared/imagenet512/val/n04376876/ILSVRC2012_val_00010387.JPEG reached epsilon at step 1196, loss sum: 112.3407, final loss: 0.00098705, weight distance: 0.0639
2025-09-23 03:28:49,024 - INFO - Example /home/projects/bagon/shared/imagenet512/val/n07716906/ILSVRC2012_val_00024988.JPEG reached epsilon at step 1723, loss sum: 700.7502, final loss: 0.00099564, weight distance: 0.1040
2025-09-23 03:29:01,137 - INFO - Example /home/projects/bagon/shared/imagenet512/val/n03000684/ILSVRC2012_val_00011951.JPEG reached epsilon at step 1076, loss sum: 69.9680, final loss: 0.00098896, weight distance: 0.0592
2025-09-23 03:29:36,797 - INFO - Example /home/projects/bagon/shared/imagenet512/val/n02095570/ILSVRC2012_val_00016742.JPEG reached epsilon at step 3269, loss sum: 393.0617, final loss: 0.00099277, weight distance: 0.1245
2025-09-23 03:30:03,167 - INFO - Example /home/projects/bagon/shared/imagenet512/val/n02992211/ILSVRC2012_val_00011064.JPEG reached epsilon at step 2402, loss sum: 660.5636, final loss: 0.00099754, weight distance: 0.1070
2025-09-23 03:30:14,207 - INFO - Example /home/projects/bagon/shared/imagenet512/val/n07717410/ILSVRC2012_val_00043378.JPEG reached epsilon at step 982, loss sum: 23.6829, final loss: 0.00099277, weight distance: 0.0474
2025-09-23 03:30:43,972 - INFO - Example /home/projects/bagon/shared/imagenet512/val/n01616318/ILSVRC2012_val_00020743.JPEG reached epsilon at step 2714, loss sum: 1946.9507, final loss: 0.00099659, weight distance: 0.1383
2025-09-23 03:30:58,940 - INFO - Example /home/projects/bagon/shared/imagenet512/val/n01776313/ILSVRC2012_val_00002957.JPEG reached epsilon at step 1303, loss sum: 137.9616, final loss: 0.00099754, weight distance: 0.0699
2025-09-23 03:31:19,694 - INFO - Example /home/projects/bagon/shared/imagenet512/val/n02870880/ILSVRC2012_val_00014281.JPEG reached epsilon at step 1882, loss sum: 665.2762, final loss: 0.00099182, weight distance: 0.1051
2025-09-23 03:31:36,034 - INFO - Example /home/projects/bagon/shared/imagenet512/val/n02823750/ILSVRC2012_val_00037744.JPEG reached epsilon at step 1474, loss sum: 120.0028, final loss: 0.00099182, weight distance: 0.0707
2025-09-23 03:31:55,671 - INFO - Example /home/projects/bagon/shared/imagenet512/val/n06785654/ILSVRC2012_val_00034101.JPEG reached epsilon at step 1788, loss sum: 1572.2102, final loss: 0.00098801, weight distance: 0.1127
2025-09-23 03:32:19,371 - INFO - Example /home/projects/bagon/shared/imagenet512/val/n03187595/ILSVRC2012_val_00010652.JPEG reached epsilon at step 2167, loss sum: 1454.1479, final loss: 0.00099659, weight distance: 0.1235
2025-09-23 03:32:35,875 - INFO - Example /home/projects/bagon/shared/imagenet512/val/n03786901/ILSVRC2012_val_00032817.JPEG reached epsilon at step 1494, loss sum: 1187.6349, final loss: 0.00099564, weight distance: 0.0956
2025-09-23 03:33:02,519 - INFO - Example /home/projects/bagon/shared/imagenet512/val/n02894605/ILSVRC2012_val_00037982.JPEG reached epsilon at step 2433, loss sum: 394.4520, final loss: 0.00098801, weight distance: 0.1102
2025-09-23 03:33:31,591 - INFO - Example /home/projects/bagon/shared/imagenet512/val/n03759954/ILSVRC2012_val_00002964.JPEG reached epsilon at step 2663, loss sum: 1389.2470, final loss: 0.00099564, weight distance: 0.1441
2025-09-23 03:33:46,518 - INFO - Example /home/projects/bagon/shared/imagenet512/val/n07753592/ILSVRC2012_val_00015209.JPEG reached epsilon at step 1330, loss sum: 328.9408, final loss: 0.00099087, weight distance: 0.0758
2025-09-23 03:34:07,091 - INFO - Example /home/projects/bagon/shared/imagenet512/val/n04442312/ILSVRC2012_val_00047554.JPEG reached epsilon at step 1826, loss sum: 708.4251, final loss: 0.00099945, weight distance: 0.1005
2025-09-23 03:34:56,011 - INFO - Example /home/projects/bagon/shared/imagenet512/val/n02808440/ILSVRC2012_val_00048839.JPEG reached epsilon at step 4500, loss sum: 182.7389, final loss: 0.00099754, weight distance: 0.1460
2025-09-23 03:35:23,788 - INFO - Example /home/projects/bagon/shared/imagenet512/val/n07875152/ILSVRC2012_val_00041140.JPEG reached epsilon at step 2543, loss sum: 1391.4400, final loss: 0.00099850, weight distance: 0.1361
2025-09-23 03:35:47,434 - INFO - Example /home/projects/bagon/shared/imagenet512/val/n02939185/ILSVRC2012_val_00010282.JPEG reached epsilon at step 2108, loss sum: 666.4473, final loss: 0.00099659, weight distance: 0.1110
2025-09-23 03:36:13,538 - INFO - Example /home/projects/bagon/shared/imagenet512/val/n03770439/ILSVRC2012_val_00005391.JPEG reached epsilon at step 2373, loss sum: 219.8499, final loss: 0.00099468, weight distance: 0.1032
2025-09-23 03:36:25,813 - INFO - Example /home/projects/bagon/shared/imagenet512/val/n03388549/ILSVRC2012_val_00020643.JPEG reached epsilon at step 1090, loss sum: 117.0172, final loss: 0.00098801, weight distance: 0.0594
2025-09-23 03:36:54,438 - INFO - Example /home/projects/bagon/shared/imagenet512/val/n02408429/ILSVRC2012_val_00001248.JPEG reached epsilon at step 2608, loss sum: 699.6293, final loss: 0.00099850, weight distance: 0.1236
2025-09-23 03:37:20,185 - INFO - Example /home/projects/bagon/shared/imagenet512/val/n03933933/ILSVRC2012_val_00030150.JPEG reached epsilon at step 2339, loss sum: 308.4370, final loss: 0.00099945, weight distance: 0.0972
2025-09-23 03:37:35,022 - INFO - Example /home/projects/bagon/shared/imagenet512/val/n02892201/ILSVRC2012_val_00049186.JPEG reached epsilon at step 1327, loss sum: 430.5790, final loss: 0.00099182, weight distance: 0.0831
2025-09-23 03:37:56,963 - INFO - Example /home/projects/bagon/shared/imagenet512/val/n03445777/ILSVRC2012_val_00020502.JPEG reached epsilon at step 1983, loss sum: 2608.5672, final loss: 0.00099659, weight distance: 0.1280
2025-09-23 03:38:18,243 - INFO - Example /home/projects/bagon/shared/imagenet512/val/n04476259/ILSVRC2012_val_00034309.JPEG reached epsilon at step 1917, loss sum: 691.0141, final loss: 0.00098801, weight distance: 0.1041
2025-09-23 03:38:39,730 - INFO - Example /home/projects/bagon/shared/imagenet512/val/n02174001/ILSVRC2012_val_00014365.JPEG reached epsilon at step 1952, loss sum: 1305.9560, final loss: 0.00099945, weight distance: 0.1176
2025-09-23 03:39:01,297 - INFO - Example /home/projects/bagon/shared/imagenet512/val/n02112706/ILSVRC2012_val_00044091.JPEG reached epsilon at step 1963, loss sum: 638.1307, final loss: 0.00099945, weight distance: 0.1003
2025-09-23 03:39:21,672 - INFO - Example /home/projects/bagon/shared/imagenet512/val/n03706229/ILSVRC2012_val_00032444.JPEG reached epsilon at step 1847, loss sum: 872.8949, final loss: 0.00099564, weight distance: 0.1082
2025-09-23 03:40:10,457 - INFO - Example /home/projects/bagon/shared/imagenet512/val/n02110185/ILSVRC2012_val_00020169.JPEG reached epsilon at step 4488, loss sum: 126.1463, final loss: 0.00099659, weight distance: 0.1336
2025-09-23 03:40:32,156 - INFO - Example /home/projects/bagon/shared/imagenet512/val/n03384352/ILSVRC2012_val_00009723.JPEG reached epsilon at step 1864, loss sum: 710.5414, final loss: 0.00099373, weight distance: 0.0968
2025-09-23 03:40:58,509 - INFO - Example /home/projects/bagon/shared/imagenet512/val/n07871810/ILSVRC2012_val_00019792.JPEG reached epsilon at step 2388, loss sum: 706.2199, final loss: 0.00099373, weight distance: 0.1185
2025-09-23 03:41:21,389 - INFO - Example /home/projects/bagon/shared/imagenet512/val/n09246464/ILSVRC2012_val_00045805.JPEG reached epsilon at step 1938, loss sum: 432.3282, final loss: 0.00099087, weight distance: 0.1075
2025-09-23 03:41:29,763 - INFO - Example /home/projects/bagon/shared/imagenet512/val/n03425413/ILSVRC2012_val_00000732.JPEG reached epsilon at step 731, loss sum: 23.5469, final loss: 0.00099087, weight distance: 0.0428
2025-09-23 03:41:42,969 - INFO - Example /home/projects/bagon/shared/imagenet512/val/n03803284/ILSVRC2012_val_00022974.JPEG reached epsilon at step 1169, loss sum: 445.7975, final loss: 0.00099468, weight distance: 0.0717
2025-09-23 03:42:22,482 - INFO - Example /home/projects/bagon/shared/imagenet512/val/n03796401/ILSVRC2012_val_00039716.JPEG reached epsilon at step 3694, loss sum: 1452.5708, final loss: 0.00099564, weight distance: 0.1602
2025-09-23 03:42:39,092 - INFO - Example /home/projects/bagon/shared/imagenet512/val/n03127747/ILSVRC2012_val_00003732.JPEG reached epsilon at step 1499, loss sum: 460.5384, final loss: 0.00099850, weight distance: 0.0880
2025-09-23 03:43:16,144 - INFO - Example /home/projects/bagon/shared/imagenet512/val/n03770439/ILSVRC2012_val_00037504.JPEG reached epsilon at step 3360, loss sum: 755.2221, final loss: 0.00099754, weight distance: 0.1342
2025-09-23 03:43:39,310 - INFO - Example /home/projects/bagon/shared/imagenet512/val/n04344873/ILSVRC2012_val_00049662.JPEG reached epsilon at step 2116, loss sum: 511.7995, final loss: 0.00099277, weight distance: 0.1031
2025-09-23 03:43:54,760 - INFO - Example /home/projects/bagon/shared/imagenet512/val/n02860847/ILSVRC2012_val_00025196.JPEG reached epsilon at step 1391, loss sum: 375.1910, final loss: 0.00098991, weight distance: 0.0802
2025-09-23 03:44:12,522 - INFO - Example /home/projects/bagon/shared/imagenet512/val/n03630383/ILSVRC2012_val_00036584.JPEG reached epsilon at step 1617, loss sum: 199.4714, final loss: 0.00098991, weight distance: 0.0808
2025-09-23 03:44:32,526 - INFO - Example /home/projects/bagon/shared/imagenet512/val/n03676483/ILSVRC2012_val_00003138.JPEG reached epsilon at step 1853, loss sum: 1731.5468, final loss: 0.00098705, weight distance: 0.1182
2025-09-23 03:45:04,553 - INFO - Example /home/projects/bagon/shared/imagenet512/val/n01749939/ILSVRC2012_val_00040948.JPEG reached epsilon at step 2989, loss sum: 721.0628, final loss: 0.00098991, weight distance: 0.1315
2025-09-23 03:45:15,993 - INFO - Example /home/projects/bagon/shared/imagenet512/val/n02727426/ILSVRC2012_val_00038125.JPEG reached epsilon at step 1037, loss sum: 60.9454, final loss: 0.00098896, weight distance: 0.0566
2025-09-23 03:45:37,465 - INFO - Example /home/projects/bagon/shared/imagenet512/val/n03220513/ILSVRC2012_val_00019575.JPEG reached epsilon at step 1984, loss sum: 210.7635, final loss: 0.00099182, weight distance: 0.0907
2025-09-23 03:46:17,089 - INFO - Example /home/projects/bagon/shared/imagenet512/val/n04026417/ILSVRC2012_val_00028361.JPEG reached epsilon at step 3610, loss sum: 376.7133, final loss: 0.00099850, weight distance: 0.1282
2025-09-23 03:46:35,590 - INFO - Example /home/projects/bagon/shared/imagenet512/val/n07584110/ILSVRC2012_val_00032909.JPEG reached epsilon at step 1667, loss sum: 148.3623, final loss: 0.00098705, weight distance: 0.0835
2025-09-23 03:46:54,540 - INFO - Example /home/projects/bagon/shared/imagenet512/val/n01873310/ILSVRC2012_val_00000940.JPEG reached epsilon at step 1685, loss sum: 383.8589, final loss: 0.00098896, weight distance: 0.0893
2025-09-23 03:47:20,033 - INFO - Example /home/projects/bagon/shared/imagenet512/val/n03787032/ILSVRC2012_val_00010623.JPEG reached epsilon at step 2298, loss sum: 531.0338, final loss: 0.00099659, weight distance: 0.0933
2025-09-23 03:47:37,721 - INFO - Example /home/projects/bagon/shared/imagenet512/val/n03868863/ILSVRC2012_val_00014643.JPEG reached epsilon at step 1601, loss sum: 264.1964, final loss: 0.00099850, weight distance: 0.0807
2025-09-23 03:47:58,188 - INFO - Example /home/projects/bagon/shared/imagenet512/val/n03742115/ILSVRC2012_val_00040111.JPEG reached epsilon at step 1855, loss sum: 224.9580, final loss: 0.00099182, weight distance: 0.0898
2025-09-23 03:48:30,675 - INFO - Example /home/projects/bagon/shared/imagenet512/val/n02167151/ILSVRC2012_val_00028697.JPEG reached epsilon at step 2978, loss sum: 260.7054, final loss: 0.00098896, weight distance: 0.1180
2025-09-23 03:48:55,388 - INFO - Example /home/projects/bagon/shared/imagenet512/val/n03041632/ILSVRC2012_val_00009369.JPEG reached epsilon at step 2235, loss sum: 709.3334, final loss: 0.00099087, weight distance: 0.1149
2025-09-23 03:49:21,918 - INFO - Example /home/projects/bagon/shared/imagenet512/val/n02408429/ILSVRC2012_val_00040331.JPEG reached epsilon at step 2346, loss sum: 1525.4292, final loss: 0.00099468, weight distance: 0.1234
2025-09-23 03:49:39,327 - INFO - Example /home/projects/bagon/shared/imagenet512/val/n04557648/ILSVRC2012_val_00026262.JPEG reached epsilon at step 1574, loss sum: 468.6324, final loss: 0.00098896, weight distance: 0.0843
2025-09-23 03:49:56,703 - INFO - Example /home/projects/bagon/shared/imagenet512/val/n02113978/ILSVRC2012_val_00033581.JPEG reached epsilon at step 1570, loss sum: 1667.3738, final loss: 0.00099659, weight distance: 0.1094
2025-09-23 03:50:10,508 - INFO - Example /home/projects/bagon/shared/imagenet512/val/n04179913/ILSVRC2012_val_00037030.JPEG reached epsilon at step 1221, loss sum: 414.1222, final loss: 0.00099182, weight distance: 0.0748
2025-09-23 03:50:33,349 - INFO - Example /home/projects/bagon/shared/imagenet512/val/n01950731/ILSVRC2012_val_00029111.JPEG reached epsilon at step 2089, loss sum: 442.8267, final loss: 0.00099850, weight distance: 0.1042
2025-09-23 03:51:03,341 - INFO - Example /home/projects/bagon/shared/imagenet512/val/n03534580/ILSVRC2012_val_00041119.JPEG reached epsilon at step 2730, loss sum: 569.2299, final loss: 0.00099754, weight distance: 0.1119
2025-09-23 03:51:17,602 - INFO - Example /home/projects/bagon/shared/imagenet512/val/n03884397/ILSVRC2012_val_00030953.JPEG reached epsilon at step 1266, loss sum: 475.5405, final loss: 0.00098991, weight distance: 0.0822
2025-09-23 03:51:35,333 - INFO - Example /home/projects/bagon/shared/imagenet512/val/n01944390/ILSVRC2012_val_00001268.JPEG reached epsilon at step 1594, loss sum: 95.7087, final loss: 0.00099754, weight distance: 0.0710
2025-09-23 03:51:56,577 - INFO - Example /home/projects/bagon/shared/imagenet512/val/n04367480/ILSVRC2012_val_00040620.JPEG reached epsilon at step 1910, loss sum: 240.2500, final loss: 0.00099754, weight distance: 0.0914
2025-09-23 03:52:22,076 - INFO - Example /home/projects/bagon/shared/imagenet512/val/n02091635/ILSVRC2012_val_00038565.JPEG reached epsilon at step 2325, loss sum: 616.4323, final loss: 0.00099945, weight distance: 0.1115
2025-09-23 03:52:43,770 - INFO - Example /home/projects/bagon/shared/imagenet512/val/n03041632/ILSVRC2012_val_00008526.JPEG reached epsilon at step 1966, loss sum: 126.4991, final loss: 0.00099754, weight distance: 0.0832
2025-09-23 03:53:05,131 - INFO - Example /home/projects/bagon/shared/imagenet512/val/n03452741/ILSVRC2012_val_00039714.JPEG reached epsilon at step 1948, loss sum: 685.3349, final loss: 0.00098705, weight distance: 0.1021
2025-09-23 03:53:25,078 - INFO - Example /home/projects/bagon/shared/imagenet512/val/n15075141/ILSVRC2012_val_00021975.JPEG reached epsilon at step 1803, loss sum: 106.9969, final loss: 0.00099277, weight distance: 0.0787
2025-09-23 03:53:56,956 - INFO - Example /home/projects/bagon/shared/imagenet512/val/n02113624/ILSVRC2012_val_00046823.JPEG reached epsilon at step 2917, loss sum: 302.9865, final loss: 0.00099277, weight distance: 0.1246
2025-09-23 03:54:23,521 - INFO - Example /home/projects/bagon/shared/imagenet512/val/n04201297/ILSVRC2012_val_00049812.JPEG reached epsilon at step 2371, loss sum: 654.0000, final loss: 0.00099659, weight distance: 0.1188
2025-09-23 03:55:00,735 - INFO - Example /home/projects/bagon/shared/imagenet512/val/n13133613/ILSVRC2012_val_00034855.JPEG reached epsilon at step 3417, loss sum: 184.2785, final loss: 0.00099945, weight distance: 0.1266
2025-09-23 03:55:26,828 - INFO - Example /home/projects/bagon/shared/imagenet512/val/n04131690/ILSVRC2012_val_00032187.JPEG reached epsilon at step 2368, loss sum: 2179.3954, final loss: 0.00099564, weight distance: 0.1380
2025-09-23 03:55:59,745 - INFO - Example /home/projects/bagon/shared/imagenet512/val/n03980874/ILSVRC2012_val_00006436.JPEG reached epsilon at step 3038, loss sum: 1119.0311, final loss: 0.00099945, weight distance: 0.1396
2025-09-23 03:56:19,950 - INFO - Example /home/projects/bagon/shared/imagenet512/val/n02127052/ILSVRC2012_val_00024903.JPEG reached epsilon at step 1849, loss sum: 959.1882, final loss: 0.00099182, weight distance: 0.1022
2025-09-23 03:56:42,356 - INFO - Example /home/projects/bagon/shared/imagenet512/val/n04467665/ILSVRC2012_val_00035841.JPEG reached epsilon at step 2039, loss sum: 1253.8296, final loss: 0.00099373, weight distance: 0.1122
2025-09-23 03:56:58,647 - INFO - Example /home/projects/bagon/shared/imagenet512/val/n02444819/ILSVRC2012_val_00030612.JPEG reached epsilon at step 1442, loss sum: 252.0537, final loss: 0.00099659, weight distance: 0.0803
2025-09-23 03:57:17,092 - INFO - Example /home/projects/bagon/shared/imagenet512/val/n01675722/ILSVRC2012_val_00039378.JPEG reached epsilon at step 1657, loss sum: 1538.2110, final loss: 0.00098896, weight distance: 0.1076
2025-09-23 03:57:28,746 - INFO - Example /home/projects/bagon/shared/imagenet512/val/n02113978/ILSVRC2012_val_00014147.JPEG reached epsilon at step 1037, loss sum: 77.4258, final loss: 0.00099277, weight distance: 0.0574
2025-09-23 03:57:52,827 - INFO - Example /home/projects/bagon/shared/imagenet512/val/n02138441/ILSVRC2012_val_00003982.JPEG reached epsilon at step 2184, loss sum: 2063.0118, final loss: 0.00099754, weight distance: 0.1267
2025-09-23 03:58:16,916 - INFO - Example /home/projects/bagon/shared/imagenet512/val/n02091032/ILSVRC2012_val_00035423.JPEG reached epsilon at step 2187, loss sum: 175.8351, final loss: 0.00099850, weight distance: 0.0816
2025-09-23 03:58:36,743 - INFO - Example /home/projects/bagon/shared/imagenet512/val/n03498962/ILSVRC2012_val_00016914.JPEG reached epsilon at step 1799, loss sum: 555.5577, final loss: 0.00098801, weight distance: 0.0940
2025-09-23 03:58:56,864 - INFO - Example /home/projects/bagon/shared/imagenet512/val/n07717410/ILSVRC2012_val_00033494.JPEG reached epsilon at step 1820, loss sum: 956.9954, final loss: 0.00099182, weight distance: 0.1011
2025-09-23 03:59:18,646 - INFO - Example /home/projects/bagon/shared/imagenet512/val/n01877812/ILSVRC2012_val_00022693.JPEG reached epsilon at step 1936, loss sum: 789.1016, final loss: 0.00099564, weight distance: 0.1074
2025-09-23 03:59:32,175 - INFO - Example /home/projects/bagon/shared/imagenet512/val/n12768682/ILSVRC2012_val_00014606.JPEG reached epsilon at step 1214, loss sum: 1195.2562, final loss: 0.00099659, weight distance: 0.0819
2025-09-23 03:59:53,341 - INFO - Example /home/projects/bagon/shared/imagenet512/val/n07584110/ILSVRC2012_val_00032882.JPEG reached epsilon at step 1900, loss sum: 495.7373, final loss: 0.00099277, weight distance: 0.0981
2025-09-23 04:00:18,141 - INFO - Example /home/projects/bagon/shared/imagenet512/val/n02093428/ILSVRC2012_val_00037841.JPEG reached epsilon at step 2269, loss sum: 820.1053, final loss: 0.00099850, weight distance: 0.1151
2025-09-23 04:00:32,389 - INFO - Example /home/projects/bagon/shared/imagenet512/val/n04099969/ILSVRC2012_val_00001340.JPEG reached epsilon at step 1280, loss sum: 755.7981, final loss: 0.00099850, weight distance: 0.0857
2025-09-23 04:00:49,575 - INFO - Example /home/projects/bagon/shared/imagenet512/val/n04550184/ILSVRC2012_val_00030919.JPEG reached epsilon at step 1552, loss sum: 2011.4052, final loss: 0.00099945, weight distance: 0.1103
2025-09-23 04:01:21,689 - INFO - Example /home/projects/bagon/shared/imagenet512/val/n03983396/ILSVRC2012_val_00012891.JPEG reached epsilon at step 2920, loss sum: 755.1024, final loss: 0.00099754, weight distance: 0.1336
2025-09-23 04:01:43,608 - INFO - Example /home/projects/bagon/shared/imagenet512/val/n04517823/ILSVRC2012_val_00048446.JPEG reached epsilon at step 1974, loss sum: 661.1641, final loss: 0.00099945, weight distance: 0.1053
2025-09-23 04:01:55,425 - INFO - Example /home/projects/bagon/shared/imagenet512/val/n03042490/ILSVRC2012_val_00018709.JPEG reached epsilon at step 1020, loss sum: 191.2863, final loss: 0.00099468, weight distance: 0.0635
2025-09-23 04:02:12,292 - INFO - Example /home/projects/bagon/shared/imagenet512/val/n02098105/ILSVRC2012_val_00036069.JPEG reached epsilon at step 1512, loss sum: 620.8562, final loss: 0.00099945, weight distance: 0.0819
2025-09-23 04:02:55,160 - INFO - Example /home/projects/bagon/shared/imagenet512/val/n02443484/ILSVRC2012_val_00000480.JPEG reached epsilon at step 3961, loss sum: 133.5827, final loss: 0.00099850, weight distance: 0.1220
2025-09-23 04:03:13,325 - INFO - Example /home/projects/bagon/shared/imagenet512/val/n04344873/ILSVRC2012_val_00025377.JPEG reached epsilon at step 1636, loss sum: 218.0569, final loss: 0.00099564, weight distance: 0.0746
2025-09-23 04:03:33,611 - INFO - Example /home/projects/bagon/shared/imagenet512/val/n02825657/ILSVRC2012_val_00027229.JPEG reached epsilon at step 1833, loss sum: 241.8286, final loss: 0.00099850, weight distance: 0.0875
2025-09-23 04:03:58,722 - INFO - Example /home/projects/bagon/shared/imagenet512/val/n03666591/ILSVRC2012_val_00009162.JPEG reached epsilon at step 2280, loss sum: 1371.8246, final loss: 0.00098991, weight distance: 0.1185
2025-09-23 04:04:09,760 - INFO - Example /home/projects/bagon/shared/imagenet512/val/n01910747/ILSVRC2012_val_00018952.JPEG reached epsilon at step 949, loss sum: 256.4619, final loss: 0.00099850, weight distance: 0.0639
2025-09-23 04:04:25,231 - INFO - Example /home/projects/bagon/shared/imagenet512/val/n03938244/ILSVRC2012_val_00011469.JPEG reached epsilon at step 1380, loss sum: 177.8179, final loss: 0.00098801, weight distance: 0.0745
2025-09-23 04:04:58,592 - INFO - Example /home/projects/bagon/shared/imagenet512/val/n03785016/ILSVRC2012_val_00021121.JPEG reached epsilon at step 3102, loss sum: 418.4493, final loss: 0.00099754, weight distance: 0.1113
2025-09-23 04:05:14,461 - INFO - Example /home/projects/bagon/shared/imagenet512/val/n02172182/ILSVRC2012_val_00005763.JPEG reached epsilon at step 1419, loss sum: 333.5067, final loss: 0.00099945, weight distance: 0.0879
2025-09-23 04:05:33,650 - INFO - Example /home/projects/bagon/shared/imagenet512/val/n03207941/ILSVRC2012_val_00012585.JPEG reached epsilon at step 1729, loss sum: 165.9470, final loss: 0.00098896, weight distance: 0.0810
2025-09-23 04:05:57,004 - INFO - Example /home/projects/bagon/shared/imagenet512/val/n04465501/ILSVRC2012_val_00035906.JPEG reached epsilon at step 2073, loss sum: 206.9740, final loss: 0.00099850, weight distance: 0.0930
2025-09-23 04:06:40,113 - INFO - Example /home/projects/bagon/shared/imagenet512/val/n04285008/ILSVRC2012_val_00022739.JPEG reached epsilon at step 3940, loss sum: 1324.0612, final loss: 0.00099659, weight distance: 0.1607
2025-09-23 04:06:56,148 - INFO - Example /home/projects/bagon/shared/imagenet512/val/n04326547/ILSVRC2012_val_00028856.JPEG reached epsilon at step 1437, loss sum: 396.1310, final loss: 0.00099087, weight distance: 0.0847
2025-09-23 04:07:31,012 - INFO - Example /home/projects/bagon/shared/imagenet512/val/n02101388/ILSVRC2012_val_00001577.JPEG reached epsilon at step 3169, loss sum: 3188.4152, final loss: 0.00099659, weight distance: 0.1631
2025-09-23 04:07:55,034 - INFO - Example /home/projects/bagon/shared/imagenet512/val/n02804610/ILSVRC2012_val_00030587.JPEG reached epsilon at step 2174, loss sum: 878.9510, final loss: 0.00098801, weight distance: 0.1083
2025-09-23 04:08:14,036 - INFO - Example /home/projects/bagon/shared/imagenet512/val/n02137549/ILSVRC2012_val_00047555.JPEG reached epsilon at step 1704, loss sum: 985.5463, final loss: 0.00099945, weight distance: 0.1029
2025-09-23 04:08:29,899 - INFO - Example /home/projects/bagon/shared/imagenet512/val/n12620546/ILSVRC2012_val_00034248.JPEG reached epsilon at step 1409, loss sum: 233.6332, final loss: 0.00099468, weight distance: 0.0733
2025-09-23 04:08:47,865 - INFO - Example /home/projects/bagon/shared/imagenet512/val/n07697537/ILSVRC2012_val_00032679.JPEG reached epsilon at step 1610, loss sum: 1164.2759, final loss: 0.00099468, weight distance: 0.0951
2025-09-23 04:09:13,307 - INFO - Example /home/projects/bagon/shared/imagenet512/val/n02097298/ILSVRC2012_val_00013243.JPEG reached epsilon at step 2293, loss sum: 662.5603, final loss: 0.00099182, weight distance: 0.1037
2025-09-23 04:09:34,086 - INFO - Example /home/projects/bagon/shared/imagenet512/val/n02102318/ILSVRC2012_val_00023133.JPEG reached epsilon at step 1862, loss sum: 102.0685, final loss: 0.00099850, weight distance: 0.0763
2025-09-23 04:09:53,811 - INFO - Example /home/projects/bagon/shared/imagenet512/val/n03444034/ILSVRC2012_val_00016057.JPEG reached epsilon at step 1782, loss sum: 513.1365, final loss: 0.00099468, weight distance: 0.0922
2025-09-23 04:10:11,799 - INFO - Example /home/projects/bagon/shared/imagenet512/val/n03026506/ILSVRC2012_val_00040401.JPEG reached epsilon at step 1600, loss sum: 213.1508, final loss: 0.00099182, weight distance: 0.0854
2025-09-23 04:10:38,705 - INFO - Example /home/projects/bagon/shared/imagenet512/val/n07590611/ILSVRC2012_val_00036662.JPEG reached epsilon at step 2433, loss sum: 347.6983, final loss: 0.00099468, weight distance: 0.1042
2025-09-23 04:11:13,488 - INFO - Example /home/projects/bagon/shared/imagenet512/val/n04505470/ILSVRC2012_val_00015929.JPEG reached epsilon at step 3135, loss sum: 169.9158, final loss: 0.00099373, weight distance: 0.1160
2025-09-23 04:11:40,604 - INFO - Example /home/projects/bagon/shared/imagenet512/val/n02747177/ILSVRC2012_val_00004907.JPEG reached epsilon at step 2460, loss sum: 514.7337, final loss: 0.00099945, weight distance: 0.1162
2025-09-23 04:11:59,530 - INFO - Example /home/projects/bagon/shared/imagenet512/val/n09229709/ILSVRC2012_val_00011725.JPEG reached epsilon at step 1699, loss sum: 1155.2086, final loss: 0.00099945, weight distance: 0.1095
2025-09-23 04:12:18,451 - INFO - Example /home/projects/bagon/shared/imagenet512/val/n01742172/ILSVRC2012_val_00039669.JPEG reached epsilon at step 1705, loss sum: 1624.7359, final loss: 0.00099754, weight distance: 0.1015
2025-09-23 04:12:35,952 - INFO - Example /home/projects/bagon/shared/imagenet512/val/n07880968/ILSVRC2012_val_00049379.JPEG reached epsilon at step 1578, loss sum: 700.0071, final loss: 0.00099564, weight distance: 0.0959
2025-09-23 04:12:49,723 - INFO - Example /home/projects/bagon/shared/imagenet512/val/n04456115/ILSVRC2012_val_00008917.JPEG reached epsilon at step 1154, loss sum: 322.3717, final loss: 0.00099468, weight distance: 0.0729
2025-09-23 04:13:23,383 - INFO - Example /home/projects/bagon/shared/imagenet512/val/n02113799/ILSVRC2012_val_00048311.JPEG reached epsilon at step 3064, loss sum: 1114.5932, final loss: 0.00099754, weight distance: 0.1381
2025-09-23 04:13:40,607 - INFO - Example /home/projects/bagon/shared/imagenet512/val/n03445924/ILSVRC2012_val_00018655.JPEG reached epsilon at step 1550, loss sum: 546.6662, final loss: 0.00099373, weight distance: 0.0889
2025-09-23 04:14:03,369 - INFO - Example /home/projects/bagon/shared/imagenet512/val/n04286575/ILSVRC2012_val_00008187.JPEG reached epsilon at step 2029, loss sum: 1136.3771, final loss: 0.00099945, weight distance: 0.1150
2025-09-23 04:14:19,216 - INFO - Example /home/projects/bagon/shared/imagenet512/val/n01443537/ILSVRC2012_val_00020436.JPEG reached epsilon at step 1412, loss sum: 463.3739, final loss: 0.00099182, weight distance: 0.0842
2025-09-23 04:14:44,722 - INFO - Example /home/projects/bagon/shared/imagenet512/val/n02100583/ILSVRC2012_val_00038738.JPEG reached epsilon at step 2308, loss sum: 441.4707, final loss: 0.00099754, weight distance: 0.1073
2025-09-23 04:15:00,074 - INFO - Example /home/projects/bagon/shared/imagenet512/val/n02071294/ILSVRC2012_val_00026225.JPEG reached epsilon at step 1348, loss sum: 8.2620, final loss: 0.00098515, weight distance: 0.0448
2025-09-23 04:15:26,350 - INFO - Example /home/projects/bagon/shared/imagenet512/val/n07716358/ILSVRC2012_val_00016062.JPEG reached epsilon at step 2377, loss sum: 1169.2156, final loss: 0.00099754, weight distance: 0.1174
2025-09-23 04:15:58,334 - INFO - Example /home/projects/bagon/shared/imagenet512/val/n09332890/ILSVRC2012_val_00022287.JPEG reached epsilon at step 2931, loss sum: 390.3505, final loss: 0.00099945, weight distance: 0.1213
2025-09-23 04:16:10,830 - INFO - Example /home/projects/bagon/shared/imagenet512/val/n02099849/ILSVRC2012_val_00029742.JPEG reached epsilon at step 1131, loss sum: 55.6507, final loss: 0.00099182, weight distance: 0.0545
2025-09-23 04:17:05,164 - INFO - Example /home/projects/bagon/shared/imagenet512/val/n04392985/ILSVRC2012_val_00021674.JPEG reached epsilon at step 5056, loss sum: 1470.1923, final loss: 0.00099564, weight distance: 0.2034
2025-09-23 04:17:21,011 - INFO - Example /home/projects/bagon/shared/imagenet512/val/n02786058/ILSVRC2012_val_00020756.JPEG reached epsilon at step 1413, loss sum: 680.2646, final loss: 0.00099754, weight distance: 0.0815
2025-09-23 04:17:39,447 - INFO - Example /home/projects/bagon/shared/imagenet512/val/n03788365/ILSVRC2012_val_00029655.JPEG reached epsilon at step 1644, loss sum: 559.5714, final loss: 0.00099182, weight distance: 0.0977
2025-09-23 04:18:09,943 - INFO - Example /home/projects/bagon/shared/imagenet512/val/n03916031/ILSVRC2012_val_00032845.JPEG reached epsilon at step 2721, loss sum: 518.4702, final loss: 0.00099373, weight distance: 0.1085
2025-09-23 04:18:23,957 - INFO - Example /home/projects/bagon/shared/imagenet512/val/n04192698/ILSVRC2012_val_00005679.JPEG reached epsilon at step 1201, loss sum: 149.8773, final loss: 0.00099087, weight distance: 0.0614
2025-09-23 04:18:48,796 - INFO - Example /home/projects/bagon/shared/imagenet512/val/n02090721/ILSVRC2012_val_00022022.JPEG reached epsilon at step 2262, loss sum: 110.9721, final loss: 0.00099277, weight distance: 0.0837
2025-09-23 04:19:09,328 - INFO - Example /home/projects/bagon/shared/imagenet512/val/n02992529/ILSVRC2012_val_00039932.JPEG reached epsilon at step 1847, loss sum: 350.9859, final loss: 0.00099373, weight distance: 0.0930
2025-09-23 04:19:33,857 - INFO - Example /home/projects/bagon/shared/imagenet512/val/n02814860/ILSVRC2012_val_00040838.JPEG reached epsilon at step 2230, loss sum: 306.6532, final loss: 0.00099277, weight distance: 0.1015
2025-09-23 04:19:56,332 - INFO - Example /home/projects/bagon/shared/imagenet512/val/n01664065/ILSVRC2012_val_00014585.JPEG reached epsilon at step 2026, loss sum: 248.4055, final loss: 0.00099182, weight distance: 0.0889
2025-09-23 04:20:23,156 - INFO - Example /home/projects/bagon/shared/imagenet512/val/n02108089/ILSVRC2012_val_00016416.JPEG reached epsilon at step 2442, loss sum: 131.7538, final loss: 0.00098991, weight distance: 0.1029
2025-09-23 04:20:48,801 - INFO - Example /home/projects/bagon/shared/imagenet512/val/n03873416/ILSVRC2012_val_00037011.JPEG reached epsilon at step 2333, loss sum: 710.0061, final loss: 0.00099754, weight distance: 0.1124
2025-09-23 04:21:15,478 - INFO - Example /home/projects/bagon/shared/imagenet512/val/n02895154/ILSVRC2012_val_00031665.JPEG reached epsilon at step 2397, loss sum: 91.7522, final loss: 0.00099564, weight distance: 0.0955
2025-09-23 04:21:39,304 - INFO - Example /home/projects/bagon/shared/imagenet512/val/n04133789/ILSVRC2012_val_00014084.JPEG reached epsilon at step 2171, loss sum: 2060.7438, final loss: 0.00099754, weight distance: 0.1259
2025-09-23 04:22:05,907 - INFO - Example /home/projects/bagon/shared/imagenet512/val/n02992211/ILSVRC2012_val_00048772.JPEG reached epsilon at step 2423, loss sum: 1302.7126, final loss: 0.00099277, weight distance: 0.1144
2025-09-23 04:22:29,020 - INFO - Example /home/projects/bagon/shared/imagenet512/val/n02090721/ILSVRC2012_val_00006382.JPEG reached epsilon at step 2105, loss sum: 1187.9511, final loss: 0.00099087, weight distance: 0.1102
2025-09-23 04:22:50,658 - INFO - Example /home/projects/bagon/shared/imagenet512/val/n02007558/ILSVRC2012_val_00011918.JPEG reached epsilon at step 1960, loss sum: 1515.4887, final loss: 0.00099850, weight distance: 0.1176
2025-09-23 04:23:29,412 - INFO - Example /home/projects/bagon/shared/imagenet512/val/n02236044/ILSVRC2012_val_00041766.JPEG reached epsilon at step 3494, loss sum: 1836.1719, final loss: 0.00099945, weight distance: 0.1602
2025-09-23 04:23:45,932 - INFO - Example /home/projects/bagon/shared/imagenet512/val/n03126707/ILSVRC2012_val_00042365.JPEG reached epsilon at step 1486, loss sum: 74.9690, final loss: 0.00099754, weight distance: 0.0641
2025-09-23 04:24:08,624 - INFO - Example /home/projects/bagon/shared/imagenet512/val/n04033995/ILSVRC2012_val_00009944.JPEG reached epsilon at step 2056, loss sum: 297.2882, final loss: 0.00099182, weight distance: 0.0992
2025-09-23 04:24:28,360 - INFO - Example /home/projects/bagon/shared/imagenet512/val/n02088632/ILSVRC2012_val_00025655.JPEG reached epsilon at step 1807, loss sum: 1119.2816, final loss: 0.00098801, weight distance: 0.1058
2025-09-23 04:24:54,026 - INFO - Example /home/projects/bagon/shared/imagenet512/val/n03443371/ILSVRC2012_val_00018001.JPEG reached epsilon at step 2348, loss sum: 525.8130, final loss: 0.00099850, weight distance: 0.1123
2025-09-23 04:24:54,530 - INFO - Time limit reached. Exiting before starting next example.
