2025-09-23 02:34:51,552 - INFO - Parsed arguments:
2025-09-23 02:34:51,552 - INFO -   amp_dtype = None
2025-09-23 02:34:51,552 - INFO -   bars_npy = /home/projects/bagon/andreyg/Projects/BMM_school/Universal_learning/Programming/bars/geq6wrong_21017_geq6correct_1525_imagenet.npy
2025-09-23 02:34:51,552 - INFO -   cka_layer_fraction = 0.05
2025-09-23 02:34:51,552 - INFO -   current_worker = 1
2025-09-23 02:34:51,552 - INFO -   deterministic = True
2025-09-23 02:34:51,552 - INFO -   device = cuda
2025-09-23 02:34:51,552 - INFO -   epsilon = 0.001
2025-09-23 02:34:51,552 - INFO -   examples_csv = /home/projects/bagon/andreyg/Projects/BMM_school/Universal_learning/Programming/bars/geq6wrong_21017_geq6correct_1525_imagenet_examples_ammended.csv
2025-09-23 02:34:51,552 - INFO -   explicit_examples_for_training = None
2025-09-23 02:34:51,552 - INFO -   grad_clip_norm = 1.0
2025-09-23 02:34:51,552 - INFO -   hierarchy_json = /home/projects/bagon/andreyg/Projects/BMM_school/Universal_learning/Programming/bars/imagenet_synset_hierarchy.json
2025-09-23 02:34:51,552 - INFO -   imagenet_models_csv = /home/projects/bagon/andreyg/Projects/BMM_school/Universal_learning/Programming/bars/imagenet_models.csv
2025-09-23 02:34:51,552 - INFO -   lr = 0.0001
2025-09-23 02:34:51,552 - INFO -   max_examples = 50000
2025-09-23 02:34:51,552 - INFO -   max_steps_per_example = 10000
2025-09-23 02:34:51,553 - INFO -   model_csv_name = resnet_10t_176_classification_imagenet_1k
2025-09-23 02:34:51,553 - INFO -   model_name = resnet10t.c3_in1k
2025-09-23 02:34:51,553 - INFO -   no_amp = False
2025-09-23 02:34:51,553 - INFO -   num_workers = 8
2025-09-23 02:34:51,553 - INFO -   output_dir = /home/projects/bagon/andreyg/Projects/BMM_school/Universal_learning/Programming/training_gradient_evaluator_single_loss_parallel/output_parallel_8_workers_trial_2
2025-09-23 02:34:51,553 - INFO -   root_dir = None
2025-09-23 02:34:51,553 - INFO -   seed = 1337
2025-09-23 02:34:51,553 - INFO -   time_limit_seconds = 6300
2025-09-23 02:34:51,553 - INFO -   weight_decay = 0.0
2025-09-23 02:34:51,553 - INFO -   zero_aug_train = False
2025-09-23 02:34:52,249 - INFO - Loaded TIMM pretrained weights for resnet10t.c3_in1k
2025-09-23 02:34:52,249 - INFO - pretrained_cfg.url=https://github.com/rwightman/pytorch-image-models/releases/download/v0.1-rsb-weights/resnet10t_176_c3-f3215ab1.pth hf_hub_id=timm/resnet10t.c3_in1k
2025-09-23 02:34:52,621 - INFO - Training configuration:
2025-09-23 02:34:52,621 - INFO -   lr = 0.0001
2025-09-23 02:34:52,621 - INFO -   weight_decay = 0.0
2025-09-23 02:34:52,621 - INFO -   max_steps = 10000
2025-09-23 02:34:52,621 - INFO -   epsilon = 0.001
2025-09-23 02:34:52,621 - INFO -   device = cuda
2025-09-23 02:34:52,621 - INFO -   use_amp = True
2025-09-23 02:34:52,621 - INFO -   amp_dtype = None
2025-09-23 02:34:52,621 - INFO -   gradient_clip_norm = 1.0
2025-09-23 02:35:17,891 - INFO - Example /home/projects/bagon/shared/imagenet512/val/n02112018/ILSVRC2012_val_00021540.JPEG reached epsilon at step 1857, loss sum: 228.7769, final loss: 0.00099659, weight distance: 0.0879
2025-09-23 02:35:33,922 - INFO - Example /home/projects/bagon/shared/imagenet512/val/n04118776/ILSVRC2012_val_00011948.JPEG reached epsilon at step 1296, loss sum: 160.0420, final loss: 0.00099945, weight distance: 0.0693
2025-09-23 02:35:54,069 - INFO - Example /home/projects/bagon/shared/imagenet512/val/n01847000/ILSVRC2012_val_00029022.JPEG reached epsilon at step 1739, loss sum: 1943.3169, final loss: 0.00099373, weight distance: 0.1122
2025-09-23 02:36:20,103 - INFO - Example /home/projects/bagon/shared/imagenet512/val/n03871628/ILSVRC2012_val_00018251.JPEG reached epsilon at step 2267, loss sum: 133.2736, final loss: 0.00099087, weight distance: 0.0887
2025-09-23 02:36:42,042 - INFO - Example /home/projects/bagon/shared/imagenet512/val/n04509417/ILSVRC2012_val_00045158.JPEG reached epsilon at step 1916, loss sum: 20.7490, final loss: 0.00098705, weight distance: 0.0617
2025-09-23 02:36:56,478 - INFO - Example /home/projects/bagon/shared/imagenet512/val/n04067472/ILSVRC2012_val_00040260.JPEG reached epsilon at step 1228, loss sum: 222.4728, final loss: 0.00099659, weight distance: 0.0734
2025-09-23 02:37:22,211 - INFO - Example /home/projects/bagon/shared/imagenet512/val/n02277742/ILSVRC2012_val_00049126.JPEG reached epsilon at step 2237, loss sum: 1504.6595, final loss: 0.00099182, weight distance: 0.1202
2025-09-23 02:37:46,976 - INFO - Example /home/projects/bagon/shared/imagenet512/val/n02097130/ILSVRC2012_val_00043796.JPEG reached epsilon at step 2141, loss sum: 162.9946, final loss: 0.00099182, weight distance: 0.0901
2025-09-23 02:38:02,179 - INFO - Example /home/projects/bagon/shared/imagenet512/val/n02808304/ILSVRC2012_val_00030328.JPEG reached epsilon at step 1253, loss sum: 226.1136, final loss: 0.00099945, weight distance: 0.0742
2025-09-23 02:38:27,688 - INFO - Example /home/projects/bagon/shared/imagenet512/val/n03908618/ILSVRC2012_val_00006607.JPEG reached epsilon at step 2177, loss sum: 413.8200, final loss: 0.00099945, weight distance: 0.1111
2025-09-23 02:38:52,977 - INFO - Example /home/projects/bagon/shared/imagenet512/val/n03063689/ILSVRC2012_val_00047299.JPEG reached epsilon at step 2192, loss sum: 75.7942, final loss: 0.00099659, weight distance: 0.0813
2025-09-23 02:39:16,279 - INFO - Example /home/projects/bagon/shared/imagenet512/val/n02607072/ILSVRC2012_val_00011419.JPEG reached epsilon at step 1981, loss sum: 653.0072, final loss: 0.00099373, weight distance: 0.1031
2025-09-23 02:39:33,125 - INFO - Example /home/projects/bagon/shared/imagenet512/val/n04447861/ILSVRC2012_val_00006058.JPEG reached epsilon at step 1419, loss sum: 258.0698, final loss: 0.00098991, weight distance: 0.0794
2025-09-23 02:39:55,952 - INFO - Example /home/projects/bagon/shared/imagenet512/val/n02169497/ILSVRC2012_val_00004716.JPEG reached epsilon at step 1959, loss sum: 114.4691, final loss: 0.00099468, weight distance: 0.0820
2025-09-23 02:40:19,746 - INFO - Example /home/projects/bagon/shared/imagenet512/val/n03272010/ILSVRC2012_val_00046980.JPEG reached epsilon at step 2022, loss sum: 768.5093, final loss: 0.00099945, weight distance: 0.1124
2025-09-23 02:40:42,652 - INFO - Example /home/projects/bagon/shared/imagenet512/val/n04467665/ILSVRC2012_val_00001797.JPEG reached epsilon at step 1933, loss sum: 53.1701, final loss: 0.00099468, weight distance: 0.0768
2025-09-23 02:40:58,746 - INFO - Example /home/projects/bagon/shared/imagenet512/val/n07715103/ILSVRC2012_val_00034930.JPEG reached epsilon at step 1353, loss sum: 559.7854, final loss: 0.00099373, weight distance: 0.0853
2025-09-23 02:41:22,152 - INFO - Example /home/projects/bagon/shared/imagenet512/val/n03259280/ILSVRC2012_val_00025349.JPEG reached epsilon at step 1998, loss sum: 682.6956, final loss: 0.00098991, weight distance: 0.1043
2025-09-23 02:41:37,599 - INFO - Example /home/projects/bagon/shared/imagenet512/val/n01532829/ILSVRC2012_val_00029709.JPEG reached epsilon at step 1320, loss sum: 610.9405, final loss: 0.00099182, weight distance: 0.0817
2025-09-23 02:42:00,031 - INFO - Example /home/projects/bagon/shared/imagenet512/val/n04423845/ILSVRC2012_val_00041828.JPEG reached epsilon at step 1930, loss sum: 411.2259, final loss: 0.00099564, weight distance: 0.1003
2025-09-23 02:42:29,043 - INFO - Example /home/projects/bagon/shared/imagenet512/val/n02951358/ILSVRC2012_val_00002732.JPEG reached epsilon at step 2513, loss sum: 226.7014, final loss: 0.00098801, weight distance: 0.0937
2025-09-23 02:42:49,141 - INFO - Example /home/projects/bagon/shared/imagenet512/val/n01601694/ILSVRC2012_val_00028099.JPEG reached epsilon at step 1703, loss sum: 526.6357, final loss: 0.00099945, weight distance: 0.0935
2025-09-23 02:43:21,152 - INFO - Example /home/projects/bagon/shared/imagenet512/val/n02107312/ILSVRC2012_val_00045145.JPEG reached epsilon at step 2751, loss sum: 1828.7245, final loss: 0.00099659, weight distance: 0.1243
2025-09-23 02:43:39,569 - INFO - Example /home/projects/bagon/shared/imagenet512/val/n03000684/ILSVRC2012_val_00006578.JPEG reached epsilon at step 1576, loss sum: 1035.0570, final loss: 0.00099277, weight distance: 0.1053
2025-09-23 02:44:00,174 - INFO - Example /home/projects/bagon/shared/imagenet512/val/n02101556/ILSVRC2012_val_00012928.JPEG reached epsilon at step 1773, loss sum: 132.9530, final loss: 0.00099277, weight distance: 0.0830
2025-09-23 02:44:17,114 - INFO - Example /home/projects/bagon/shared/imagenet512/val/n03223299/ILSVRC2012_val_00030296.JPEG reached epsilon at step 1443, loss sum: 876.4066, final loss: 0.00099277, weight distance: 0.0942
2025-09-23 02:44:36,832 - INFO - Example /home/projects/bagon/shared/imagenet512/val/n02321529/ILSVRC2012_val_00046049.JPEG reached epsilon at step 1690, loss sum: 995.3266, final loss: 0.00099182, weight distance: 0.0990
2025-09-23 02:44:58,670 - INFO - Example /home/projects/bagon/shared/imagenet512/val/n03977966/ILSVRC2012_val_00033923.JPEG reached epsilon at step 1890, loss sum: 497.4669, final loss: 0.00099373, weight distance: 0.0980
2025-09-23 02:45:23,470 - INFO - Example /home/projects/bagon/shared/imagenet512/val/n04557648/ILSVRC2012_val_00030227.JPEG reached epsilon at step 2133, loss sum: 608.8228, final loss: 0.00098896, weight distance: 0.1103
2025-09-23 02:45:42,180 - INFO - Example /home/projects/bagon/shared/imagenet512/val/n02120079/ILSVRC2012_val_00034932.JPEG reached epsilon at step 1603, loss sum: 194.2500, final loss: 0.00099468, weight distance: 0.0781
2025-09-23 02:45:50,751 - INFO - Example /home/projects/bagon/shared/imagenet512/val/n04501370/ILSVRC2012_val_00002459.JPEG reached epsilon at step 708, loss sum: 16.9844, final loss: 0.00099659, weight distance: 0.0392
2025-09-23 02:46:14,450 - INFO - Example /home/projects/bagon/shared/imagenet512/val/n02099849/ILSVRC2012_val_00044036.JPEG reached epsilon at step 2047, loss sum: 600.5404, final loss: 0.00099945, weight distance: 0.0973
2025-09-23 02:46:50,311 - INFO - Example /home/projects/bagon/shared/imagenet512/val/n02111500/ILSVRC2012_val_00046044.JPEG reached epsilon at step 3110, loss sum: 322.8318, final loss: 0.00099754, weight distance: 0.1098
2025-09-23 02:47:21,869 - INFO - Example /home/projects/bagon/shared/imagenet512/val/n04041544/ILSVRC2012_val_00002634.JPEG reached epsilon at step 2738, loss sum: 455.1114, final loss: 0.00099277, weight distance: 0.1257
2025-09-23 02:47:36,997 - INFO - Example /home/projects/bagon/shared/imagenet512/val/n07718747/ILSVRC2012_val_00011881.JPEG reached epsilon at step 1284, loss sum: 1397.0433, final loss: 0.00099182, weight distance: 0.0907
2025-09-23 02:47:51,553 - INFO - Example /home/projects/bagon/shared/imagenet512/val/n02486410/ILSVRC2012_val_00046666.JPEG reached epsilon at step 1232, loss sum: 106.4958, final loss: 0.00099850, weight distance: 0.0662
2025-09-23 02:48:08,651 - INFO - Example /home/projects/bagon/shared/imagenet512/val/n02769748/ILSVRC2012_val_00036867.JPEG reached epsilon at step 1454, loss sum: 243.2772, final loss: 0.00099564, weight distance: 0.0755
2025-09-23 02:48:29,391 - INFO - Example /home/projects/bagon/shared/imagenet512/val/n07584110/ILSVRC2012_val_00033921.JPEG reached epsilon at step 1788, loss sum: 393.2285, final loss: 0.00099182, weight distance: 0.0986
2025-09-23 02:48:42,307 - INFO - Example /home/projects/bagon/shared/imagenet512/val/n02807133/ILSVRC2012_val_00043716.JPEG reached epsilon at step 1090, loss sum: 368.7459, final loss: 0.00099182, weight distance: 0.0707
2025-09-23 02:48:50,803 - INFO - Example /home/projects/bagon/shared/imagenet512/val/n09229709/ILSVRC2012_val_00039197.JPEG reached epsilon at step 704, loss sum: 10.5391, final loss: 0.00099945, weight distance: 0.0364
2025-09-23 02:49:04,285 - INFO - Example /home/projects/bagon/shared/imagenet512/val/n02108422/ILSVRC2012_val_00022201.JPEG reached epsilon at step 1148, loss sum: 118.9476, final loss: 0.00098896, weight distance: 0.0661
2025-09-23 02:49:17,604 - INFO - Example /home/projects/bagon/shared/imagenet512/val/n04367480/ILSVRC2012_val_00020670.JPEG reached epsilon at step 1136, loss sum: 187.5903, final loss: 0.00099754, weight distance: 0.0678
2025-09-23 02:49:31,012 - INFO - Example /home/projects/bagon/shared/imagenet512/val/n02058221/ILSVRC2012_val_00036511.JPEG reached epsilon at step 1135, loss sum: 94.1936, final loss: 0.00099468, weight distance: 0.0635
2025-09-23 02:50:02,404 - INFO - Example /home/projects/bagon/shared/imagenet512/val/n03787032/ILSVRC2012_val_00023922.JPEG reached epsilon at step 2710, loss sum: 526.8946, final loss: 0.00099564, weight distance: 0.1080
2025-09-23 02:50:20,692 - INFO - Example /home/projects/bagon/shared/imagenet512/val/n03400231/ILSVRC2012_val_00015489.JPEG reached epsilon at step 1554, loss sum: 203.8209, final loss: 0.00099087, weight distance: 0.0781
2025-09-23 02:50:38,800 - INFO - Example /home/projects/bagon/shared/imagenet512/val/n03825788/ILSVRC2012_val_00040847.JPEG reached epsilon at step 1553, loss sum: 339.4531, final loss: 0.00099564, weight distance: 0.0826
2025-09-23 02:51:00,339 - INFO - Example /home/projects/bagon/shared/imagenet512/val/n03938244/ILSVRC2012_val_00003761.JPEG reached epsilon at step 1863, loss sum: 966.7465, final loss: 0.00099850, weight distance: 0.1036
2025-09-23 02:51:07,052 - INFO - Example /home/projects/bagon/shared/imagenet512/val/n01882714/ILSVRC2012_val_00002560.JPEG reached epsilon at step 545, loss sum: 23.9449, final loss: 0.00099182, weight distance: 0.0353
2025-09-23 02:51:26,308 - INFO - Example /home/projects/bagon/shared/imagenet512/val/n07718747/ILSVRC2012_val_00000977.JPEG reached epsilon at step 1645, loss sum: 1119.9207, final loss: 0.00099182, weight distance: 0.1007
2025-09-23 02:51:39,786 - INFO - Example /home/projects/bagon/shared/imagenet512/val/n01737021/ILSVRC2012_val_00028076.JPEG reached epsilon at step 1145, loss sum: 962.9065, final loss: 0.00099659, weight distance: 0.0765
2025-09-23 02:51:55,126 - INFO - Example /home/projects/bagon/shared/imagenet512/val/n03447447/ILSVRC2012_val_00034216.JPEG reached epsilon at step 1291, loss sum: 517.0012, final loss: 0.00098991, weight distance: 0.0806
2025-09-23 02:52:15,693 - INFO - Example /home/projects/bagon/shared/imagenet512/val/n13040303/ILSVRC2012_val_00025584.JPEG reached epsilon at step 1761, loss sum: 1517.3735, final loss: 0.00099564, weight distance: 0.1070
2025-09-23 02:52:24,548 - INFO - Example /home/projects/bagon/shared/imagenet512/val/n03388043/ILSVRC2012_val_00023645.JPEG reached epsilon at step 742, loss sum: 477.1060, final loss: 0.00098991, weight distance: 0.0575
2025-09-23 02:52:42,257 - INFO - Example /home/projects/bagon/shared/imagenet512/val/n04067472/ILSVRC2012_val_00041667.JPEG reached epsilon at step 1530, loss sum: 1383.1879, final loss: 0.00099373, weight distance: 0.1031
2025-09-23 02:53:09,474 - INFO - Example /home/projects/bagon/shared/imagenet512/val/n03444034/ILSVRC2012_val_00047858.JPEG reached epsilon at step 2367, loss sum: 753.7454, final loss: 0.00099468, weight distance: 0.1142
2025-09-23 02:53:31,648 - INFO - Example /home/projects/bagon/shared/imagenet512/val/n02056570/ILSVRC2012_val_00001056.JPEG reached epsilon at step 1899, loss sum: 2120.5987, final loss: 0.00099277, weight distance: 0.1238
2025-09-23 02:54:06,161 - INFO - Example /home/projects/bagon/shared/imagenet512/val/n02110627/ILSVRC2012_val_00048018.JPEG reached epsilon at step 3002, loss sum: 2091.5418, final loss: 0.00099373, weight distance: 0.1389
2025-09-23 02:54:36,088 - INFO - Example /home/projects/bagon/shared/imagenet512/val/n02097298/ILSVRC2012_val_00009256.JPEG reached epsilon at step 2586, loss sum: 1440.9570, final loss: 0.00099850, weight distance: 0.1406
2025-09-23 02:55:02,870 - INFO - Example /home/projects/bagon/shared/imagenet512/val/n03062245/ILSVRC2012_val_00038521.JPEG reached epsilon at step 2325, loss sum: 1471.6478, final loss: 0.00099373, weight distance: 0.1344
2025-09-23 02:55:21,016 - INFO - Example /home/projects/bagon/shared/imagenet512/val/n04462240/ILSVRC2012_val_00027030.JPEG reached epsilon at step 1551, loss sum: 683.8920, final loss: 0.00098991, weight distance: 0.0839
2025-09-23 02:55:41,791 - INFO - Example /home/projects/bagon/shared/imagenet512/val/n02747177/ILSVRC2012_val_00004924.JPEG reached epsilon at step 1788, loss sum: 445.9731, final loss: 0.00099659, weight distance: 0.0947
2025-09-23 02:56:01,382 - INFO - Example /home/projects/bagon/shared/imagenet512/val/n03017168/ILSVRC2012_val_00027888.JPEG reached epsilon at step 1681, loss sum: 759.4046, final loss: 0.00099087, weight distance: 0.0966
2025-09-23 02:56:23,738 - INFO - Example /home/projects/bagon/shared/imagenet512/val/n09256479/ILSVRC2012_val_00014143.JPEG reached epsilon at step 1901, loss sum: 65.9603, final loss: 0.00099277, weight distance: 0.0750
2025-09-23 02:56:35,906 - INFO - Example /home/projects/bagon/shared/imagenet512/val/n04162706/ILSVRC2012_val_00047402.JPEG reached epsilon at step 1016, loss sum: 1235.7795, final loss: 0.00099468, weight distance: 0.0786
2025-09-23 02:56:48,882 - INFO - Example /home/projects/bagon/shared/imagenet512/val/n03160309/ILSVRC2012_val_00031337.JPEG reached epsilon at step 1088, loss sum: 92.3286, final loss: 0.00099087, weight distance: 0.0589
2025-09-23 02:57:16,243 - INFO - Example /home/projects/bagon/shared/imagenet512/val/n02825657/ILSVRC2012_val_00029105.JPEG reached epsilon at step 2373, loss sum: 640.6496, final loss: 0.00099277, weight distance: 0.1113
2025-09-23 02:57:29,468 - INFO - Example /home/projects/bagon/shared/imagenet512/val/n03967562/ILSVRC2012_val_00016041.JPEG reached epsilon at step 1124, loss sum: 170.9146, final loss: 0.00099754, weight distance: 0.0658
2025-09-23 02:57:51,675 - INFO - Example /home/projects/bagon/shared/imagenet512/val/n03447721/ILSVRC2012_val_00035792.JPEG reached epsilon at step 1920, loss sum: 169.0201, final loss: 0.00099850, weight distance: 0.0813
2025-09-23 02:58:15,801 - INFO - Example /home/projects/bagon/shared/imagenet512/val/n02776631/ILSVRC2012_val_00019098.JPEG reached epsilon at step 2083, loss sum: 847.0019, final loss: 0.00099087, weight distance: 0.1144
2025-09-23 02:58:26,008 - INFO - Example /home/projects/bagon/shared/imagenet512/val/n04209239/ILSVRC2012_val_00026601.JPEG reached epsilon at step 848, loss sum: 14.5805, final loss: 0.00099564, weight distance: 0.0396
2025-09-23 02:58:45,139 - INFO - Example /home/projects/bagon/shared/imagenet512/val/n02106382/ILSVRC2012_val_00035699.JPEG reached epsilon at step 1637, loss sum: 149.5268, final loss: 0.00099945, weight distance: 0.0811
2025-09-23 02:59:12,169 - INFO - Example /home/projects/bagon/shared/imagenet512/val/n02012849/ILSVRC2012_val_00049338.JPEG reached epsilon at step 2304, loss sum: 98.5481, final loss: 0.00099087, weight distance: 0.0817
2025-09-23 02:59:33,989 - INFO - Example /home/projects/bagon/shared/imagenet512/val/n02113799/ILSVRC2012_val_00018934.JPEG reached epsilon at step 1831, loss sum: 137.6886, final loss: 0.00098896, weight distance: 0.0822
2025-09-23 02:59:54,666 - INFO - Example /home/projects/bagon/shared/imagenet512/val/n04265275/ILSVRC2012_val_00041691.JPEG reached epsilon at step 1762, loss sum: 291.3386, final loss: 0.00099468, weight distance: 0.0913
2025-09-23 03:00:22,720 - INFO - Example /home/projects/bagon/shared/imagenet512/val/n03216828/ILSVRC2012_val_00005134.JPEG reached epsilon at step 2413, loss sum: 455.1227, final loss: 0.00099945, weight distance: 0.1092
2025-09-23 03:00:40,528 - INFO - Example /home/projects/bagon/shared/imagenet512/val/n06794110/ILSVRC2012_val_00009438.JPEG reached epsilon at step 1516, loss sum: 233.0289, final loss: 0.00099087, weight distance: 0.0834
2025-09-23 03:00:52,187 - INFO - Example /home/projects/bagon/shared/imagenet512/val/n06874185/ILSVRC2012_val_00025984.JPEG reached epsilon at step 980, loss sum: 133.4251, final loss: 0.00099277, weight distance: 0.0592
2025-09-23 03:01:06,988 - INFO - Example /home/projects/bagon/shared/imagenet512/val/n01784675/ILSVRC2012_val_00039704.JPEG reached epsilon at step 1259, loss sum: 573.7213, final loss: 0.00098896, weight distance: 0.0844
2025-09-23 03:01:33,953 - INFO - Example /home/projects/bagon/shared/imagenet512/val/n02797295/ILSVRC2012_val_00019109.JPEG reached epsilon at step 2314, loss sum: 1262.4948, final loss: 0.00099277, weight distance: 0.1246
2025-09-23 03:02:03,772 - INFO - Example /home/projects/bagon/shared/imagenet512/val/n06794110/ILSVRC2012_val_00049982.JPEG reached epsilon at step 2595, loss sum: 1328.7063, final loss: 0.00099373, weight distance: 0.1338
2025-09-23 03:02:17,316 - INFO - Example /home/projects/bagon/shared/imagenet512/val/n02056570/ILSVRC2012_val_00016262.JPEG reached epsilon at step 1147, loss sum: 610.3351, final loss: 0.00099564, weight distance: 0.0771
2025-09-23 03:02:41,061 - INFO - Example /home/projects/bagon/shared/imagenet512/val/n03992509/ILSVRC2012_val_00003967.JPEG reached epsilon at step 2029, loss sum: 2498.9337, final loss: 0.00098705, weight distance: 0.1267
2025-09-23 03:02:53,342 - INFO - Example /home/projects/bagon/shared/imagenet512/val/n01950731/ILSVRC2012_val_00031822.JPEG reached epsilon at step 1031, loss sum: 216.2129, final loss: 0.00099945, weight distance: 0.0585
2025-09-23 03:03:08,358 - INFO - Example /home/projects/bagon/shared/imagenet512/val/n02939185/ILSVRC2012_val_00010201.JPEG reached epsilon at step 1274, loss sum: 177.0441, final loss: 0.00099945, weight distance: 0.0617
2025-09-23 03:03:23,471 - INFO - Example /home/projects/bagon/shared/imagenet512/val/n03494278/ILSVRC2012_val_00034032.JPEG reached epsilon at step 1264, loss sum: 1524.5978, final loss: 0.00099945, weight distance: 0.0865
2025-09-23 03:03:39,776 - INFO - Example /home/projects/bagon/shared/imagenet512/val/n02412080/ILSVRC2012_val_00022185.JPEG reached epsilon at step 1384, loss sum: 378.6777, final loss: 0.00099850, weight distance: 0.0708
2025-09-23 03:04:00,078 - INFO - Example /home/projects/bagon/shared/imagenet512/val/n03794056/ILSVRC2012_val_00030945.JPEG reached epsilon at step 1737, loss sum: 800.4503, final loss: 0.00098896, weight distance: 0.1043
2025-09-23 03:04:21,545 - INFO - Example /home/projects/bagon/shared/imagenet512/val/n01498041/ILSVRC2012_val_00040342.JPEG reached epsilon at step 1835, loss sum: 458.8262, final loss: 0.00099945, weight distance: 0.1002
2025-09-23 03:04:39,739 - INFO - Example /home/projects/bagon/shared/imagenet512/val/n04070727/ILSVRC2012_val_00031724.JPEG reached epsilon at step 1554, loss sum: 127.9617, final loss: 0.00099277, weight distance: 0.0740
2025-09-23 03:05:02,950 - INFO - Example /home/projects/bagon/shared/imagenet512/val/n01698640/ILSVRC2012_val_00004106.JPEG reached epsilon at step 1993, loss sum: 514.9865, final loss: 0.00099087, weight distance: 0.0975
2025-09-23 03:05:19,648 - INFO - Example /home/projects/bagon/shared/imagenet512/val/n03775071/ILSVRC2012_val_00015588.JPEG reached epsilon at step 1412, loss sum: 59.3366, final loss: 0.00099754, weight distance: 0.0648
2025-09-23 03:05:49,176 - INFO - Example /home/projects/bagon/shared/imagenet512/val/n02114712/ILSVRC2012_val_00047973.JPEG reached epsilon at step 2563, loss sum: 478.5779, final loss: 0.00099659, weight distance: 0.1080
2025-09-23 03:06:04,768 - INFO - Example /home/projects/bagon/shared/imagenet512/val/n04485082/ILSVRC2012_val_00039923.JPEG reached epsilon at step 1335, loss sum: 400.0743, final loss: 0.00099945, weight distance: 0.0803
2025-09-23 03:06:23,843 - INFO - Example /home/projects/bagon/shared/imagenet512/val/n07760859/ILSVRC2012_val_00024711.JPEG reached epsilon at step 1637, loss sum: 1484.3656, final loss: 0.00099945, weight distance: 0.1097
2025-09-23 03:06:41,256 - INFO - Example /home/projects/bagon/shared/imagenet512/val/n07875152/ILSVRC2012_val_00048823.JPEG reached epsilon at step 1500, loss sum: 540.0713, final loss: 0.00099277, weight distance: 0.0862
2025-09-23 03:06:56,470 - INFO - Example /home/projects/bagon/shared/imagenet512/val/n03803284/ILSVRC2012_val_00013784.JPEG reached epsilon at step 1295, loss sum: 418.2968, final loss: 0.00099373, weight distance: 0.0803
2025-09-23 03:07:16,719 - INFO - Example /home/projects/bagon/shared/imagenet512/val/n02704792/ILSVRC2012_val_00005458.JPEG reached epsilon at step 1726, loss sum: 990.5693, final loss: 0.00099659, weight distance: 0.1062
2025-09-23 03:07:54,063 - INFO - Example /home/projects/bagon/shared/imagenet512/val/n04229816/ILSVRC2012_val_00008480.JPEG reached epsilon at step 3235, loss sum: 1582.0311, final loss: 0.00099277, weight distance: 0.1530
2025-09-23 03:08:12,768 - INFO - Example /home/projects/bagon/shared/imagenet512/val/n07697537/ILSVRC2012_val_00003908.JPEG reached epsilon at step 1610, loss sum: 265.8867, final loss: 0.00099468, weight distance: 0.0815
2025-09-23 03:09:01,853 - INFO - Example /home/projects/bagon/shared/imagenet512/val/n03534580/ILSVRC2012_val_00040896.JPEG reached epsilon at step 4266, loss sum: 955.3647, final loss: 0.00099945, weight distance: 0.1580
2025-09-23 03:09:09,194 - INFO - Example /home/projects/bagon/shared/imagenet512/val/n04311174/ILSVRC2012_val_00031667.JPEG reached epsilon at step 604, loss sum: 449.6946, final loss: 0.00099277, weight distance: 0.0505
2025-09-23 03:09:25,027 - INFO - Example /home/projects/bagon/shared/imagenet512/val/n03729826/ILSVRC2012_val_00021530.JPEG reached epsilon at step 1355, loss sum: 192.2876, final loss: 0.00098991, weight distance: 0.0773
2025-09-23 03:09:48,766 - INFO - Example /home/projects/bagon/shared/imagenet512/val/n06794110/ILSVRC2012_val_00008991.JPEG reached epsilon at step 2045, loss sum: 721.9346, final loss: 0.00099373, weight distance: 0.1118
2025-09-23 03:10:07,784 - INFO - Example /home/projects/bagon/shared/imagenet512/val/n02859443/ILSVRC2012_val_00025892.JPEG reached epsilon at step 1644, loss sum: 197.7636, final loss: 0.00099754, weight distance: 0.0776
2025-09-23 03:10:38,012 - INFO - Example /home/projects/bagon/shared/imagenet512/val/n01728572/ILSVRC2012_val_00018168.JPEG reached epsilon at step 2608, loss sum: 851.9893, final loss: 0.00099564, weight distance: 0.1251
2025-09-23 03:11:00,511 - INFO - Example /home/projects/bagon/shared/imagenet512/val/n02090379/ILSVRC2012_val_00008166.JPEG reached epsilon at step 1938, loss sum: 403.5546, final loss: 0.00099564, weight distance: 0.0916
2025-09-23 03:11:31,989 - INFO - Example /home/projects/bagon/shared/imagenet512/val/n02105855/ILSVRC2012_val_00029456.JPEG reached epsilon at step 2727, loss sum: 657.7931, final loss: 0.00099659, weight distance: 0.1138
2025-09-23 03:12:03,291 - INFO - Example /home/projects/bagon/shared/imagenet512/val/n01531178/ILSVRC2012_val_00028063.JPEG reached epsilon at step 2695, loss sum: 990.9577, final loss: 0.00099468, weight distance: 0.1307
2025-09-23 03:12:27,099 - INFO - Example /home/projects/bagon/shared/imagenet512/val/n09256479/ILSVRC2012_val_00028960.JPEG reached epsilon at step 2069, loss sum: 83.8403, final loss: 0.00099373, weight distance: 0.0809
2025-09-23 03:12:48,986 - INFO - Example /home/projects/bagon/shared/imagenet512/val/n03825788/ILSVRC2012_val_00048296.JPEG reached epsilon at step 1913, loss sum: 393.1973, final loss: 0.00099277, weight distance: 0.0981
2025-09-23 03:13:14,949 - INFO - Example /home/projects/bagon/shared/imagenet512/val/n02493793/ILSVRC2012_val_00038052.JPEG reached epsilon at step 2265, loss sum: 563.8113, final loss: 0.00099182, weight distance: 0.1146
2025-09-23 03:13:30,547 - INFO - Example /home/projects/bagon/shared/imagenet512/val/n01855672/ILSVRC2012_val_00043173.JPEG reached epsilon at step 1321, loss sum: 102.6733, final loss: 0.00099850, weight distance: 0.0637
2025-09-23 03:13:57,492 - INFO - Example /home/projects/bagon/shared/imagenet512/val/n01698640/ILSVRC2012_val_00026191.JPEG reached epsilon at step 2332, loss sum: 496.2783, final loss: 0.00099850, weight distance: 0.0966
2025-09-23 03:14:36,933 - INFO - Example /home/projects/bagon/shared/imagenet512/val/n04483307/ILSVRC2012_val_00019577.JPEG reached epsilon at step 3393, loss sum: 314.0869, final loss: 0.00099659, weight distance: 0.1265
2025-09-23 03:14:57,751 - INFO - Example /home/projects/bagon/shared/imagenet512/val/n03983396/ILSVRC2012_val_00004059.JPEG reached epsilon at step 1788, loss sum: 69.3929, final loss: 0.00099659, weight distance: 0.0723
2025-09-23 03:15:16,342 - INFO - Example /home/projects/bagon/shared/imagenet512/val/n03729826/ILSVRC2012_val_00034339.JPEG reached epsilon at step 1594, loss sum: 273.4953, final loss: 0.00098991, weight distance: 0.0838
2025-09-23 03:15:35,330 - INFO - Example /home/projects/bagon/shared/imagenet512/val/n04423845/ILSVRC2012_val_00026002.JPEG reached epsilon at step 1617, loss sum: 701.4951, final loss: 0.00099754, weight distance: 0.0954
2025-09-23 03:15:57,352 - INFO - Example /home/projects/bagon/shared/imagenet512/val/n03223299/ILSVRC2012_val_00007119.JPEG reached epsilon at step 1886, loss sum: 264.7965, final loss: 0.00099087, weight distance: 0.0895
2025-09-23 03:16:22,073 - INFO - Example /home/projects/bagon/shared/imagenet512/val/n04467665/ILSVRC2012_val_00045032.JPEG reached epsilon at step 2128, loss sum: 250.0127, final loss: 0.00099754, weight distance: 0.0900
2025-09-23 03:16:44,307 - INFO - Example /home/projects/bagon/shared/imagenet512/val/n04557648/ILSVRC2012_val_00012525.JPEG reached epsilon at step 1908, loss sum: 1411.7450, final loss: 0.00099182, weight distance: 0.1053
2025-09-23 03:16:58,146 - INFO - Example /home/projects/bagon/shared/imagenet512/val/n01675722/ILSVRC2012_val_00011120.JPEG reached epsilon at step 1170, loss sum: 386.5775, final loss: 0.00099182, weight distance: 0.0746
2025-09-23 03:17:11,083 - INFO - Example /home/projects/bagon/shared/imagenet512/val/n03482405/ILSVRC2012_val_00010442.JPEG reached epsilon at step 1088, loss sum: 92.4060, final loss: 0.00098705, weight distance: 0.0594
2025-09-23 03:17:33,219 - INFO - Example /home/projects/bagon/shared/imagenet512/val/n03761084/ILSVRC2012_val_00027917.JPEG reached epsilon at step 1894, loss sum: 929.6138, final loss: 0.00099564, weight distance: 0.1073
2025-09-23 03:18:04,850 - INFO - Example /home/projects/bagon/shared/imagenet512/val/n02096051/ILSVRC2012_val_00033963.JPEG reached epsilon at step 2685, loss sum: 320.4488, final loss: 0.00099468, weight distance: 0.1027
2025-09-23 03:18:19,134 - INFO - Example /home/projects/bagon/shared/imagenet512/val/n04099969/ILSVRC2012_val_00037756.JPEG reached epsilon at step 1193, loss sum: 83.3247, final loss: 0.00099087, weight distance: 0.0606
2025-09-23 03:18:39,906 - INFO - Example /home/projects/bagon/shared/imagenet512/val/n03935335/ILSVRC2012_val_00012052.JPEG reached epsilon at step 1797, loss sum: 1146.3470, final loss: 0.00099373, weight distance: 0.1127
2025-09-23 03:18:59,916 - INFO - Example /home/projects/bagon/shared/imagenet512/val/n02481823/ILSVRC2012_val_00049902.JPEG reached epsilon at step 1722, loss sum: 905.2072, final loss: 0.00099373, weight distance: 0.0942
2025-09-23 03:19:13,417 - INFO - Example /home/projects/bagon/shared/imagenet512/val/n04067472/ILSVRC2012_val_00007645.JPEG reached epsilon at step 1152, loss sum: 219.4030, final loss: 0.00099945, weight distance: 0.0684
2025-09-23 03:19:37,616 - INFO - Example /home/projects/bagon/shared/imagenet512/val/n01494475/ILSVRC2012_val_00020418.JPEG reached epsilon at step 2090, loss sum: 753.7995, final loss: 0.00098896, weight distance: 0.1050
2025-09-23 03:19:53,396 - INFO - Example /home/projects/bagon/shared/imagenet512/val/n04162706/ILSVRC2012_val_00024473.JPEG reached epsilon at step 1343, loss sum: 332.3898, final loss: 0.00099468, weight distance: 0.0760
2025-09-23 03:20:30,530 - INFO - Example /home/projects/bagon/shared/imagenet512/val/n02992529/ILSVRC2012_val_00047946.JPEG reached epsilon at step 3225, loss sum: 1677.6691, final loss: 0.00099277, weight distance: 0.1500
2025-09-23 03:20:52,761 - INFO - Example /home/projects/bagon/shared/imagenet512/val/n03065424/ILSVRC2012_val_00033456.JPEG reached epsilon at step 1920, loss sum: 1076.3200, final loss: 0.00098896, weight distance: 0.1137
2025-09-23 03:21:30,155 - INFO - Example /home/projects/bagon/shared/imagenet512/val/n02815834/ILSVRC2012_val_00040770.JPEG reached epsilon at step 3254, loss sum: 1426.4761, final loss: 0.00099850, weight distance: 0.1462
2025-09-23 03:21:53,112 - INFO - Example /home/projects/bagon/shared/imagenet512/val/n04133789/ILSVRC2012_val_00028976.JPEG reached epsilon at step 2000, loss sum: 162.2685, final loss: 0.00099850, weight distance: 0.0854
2025-09-23 03:22:25,168 - INFO - Example /home/projects/bagon/shared/imagenet512/val/n04357314/ILSVRC2012_val_00014837.JPEG reached epsilon at step 2801, loss sum: 1007.8154, final loss: 0.00099468, weight distance: 0.1362
2025-09-23 03:22:46,441 - INFO - Example /home/projects/bagon/shared/imagenet512/val/n03187595/ILSVRC2012_val_00021651.JPEG reached epsilon at step 1853, loss sum: 953.5643, final loss: 0.00098991, weight distance: 0.1047
2025-09-23 03:23:17,666 - INFO - Example /home/projects/bagon/shared/imagenet512/val/n01689811/ILSVRC2012_val_00009907.JPEG reached epsilon at step 2710, loss sum: 1610.6692, final loss: 0.00098991, weight distance: 0.1407
2025-09-23 03:23:44,826 - INFO - Example /home/projects/bagon/shared/imagenet512/val/n04141327/ILSVRC2012_val_00027138.JPEG reached epsilon at step 2365, loss sum: 272.4692, final loss: 0.00099850, weight distance: 0.1008
2025-09-23 03:23:57,799 - INFO - Example /home/projects/bagon/shared/imagenet512/val/n01990800/ILSVRC2012_val_00039404.JPEG reached epsilon at step 1096, loss sum: 48.9550, final loss: 0.00098801, weight distance: 0.0550
2025-09-23 03:24:16,442 - INFO - Example /home/projects/bagon/shared/imagenet512/val/n01698640/ILSVRC2012_val_00045338.JPEG reached epsilon at step 1577, loss sum: 225.1793, final loss: 0.00099182, weight distance: 0.0686
2025-09-23 03:24:35,696 - INFO - Example /home/projects/bagon/shared/imagenet512/val/n02113978/ILSVRC2012_val_00021475.JPEG reached epsilon at step 1649, loss sum: 1309.2782, final loss: 0.00099945, weight distance: 0.1093
2025-09-23 03:25:08,136 - INFO - Example /home/projects/bagon/shared/imagenet512/val/n03535780/ILSVRC2012_val_00036616.JPEG reached epsilon at step 2803, loss sum: 1326.7898, final loss: 0.00099945, weight distance: 0.1310
2025-09-23 03:25:27,596 - INFO - Example /home/projects/bagon/shared/imagenet512/val/n01491361/ILSVRC2012_val_00025137.JPEG reached epsilon at step 1670, loss sum: 187.1030, final loss: 0.00099468, weight distance: 0.0715
2025-09-23 03:25:45,735 - INFO - Example /home/projects/bagon/shared/imagenet512/val/n02102973/ILSVRC2012_val_00047150.JPEG reached epsilon at step 1544, loss sum: 103.6419, final loss: 0.00099754, weight distance: 0.0674
2025-09-23 03:26:33,045 - INFO - Example /home/projects/bagon/shared/imagenet512/val/n03773504/ILSVRC2012_val_00045982.JPEG reached epsilon at step 4135, loss sum: 946.2788, final loss: 0.00099659, weight distance: 0.1735
2025-09-23 03:27:12,259 - INFO - Example /home/projects/bagon/shared/imagenet512/val/n07930864/ILSVRC2012_val_00029908.JPEG reached epsilon at step 3416, loss sum: 879.1554, final loss: 0.00099373, weight distance: 0.1442
2025-09-23 03:27:22,376 - INFO - Example /home/projects/bagon/shared/imagenet512/val/n12267677/ILSVRC2012_val_00049900.JPEG reached epsilon at step 843, loss sum: 224.9062, final loss: 0.00099277, weight distance: 0.0577
2025-09-23 03:27:47,308 - INFO - Example /home/projects/bagon/shared/imagenet512/val/n02110627/ILSVRC2012_val_00021573.JPEG reached epsilon at step 2163, loss sum: 556.3427, final loss: 0.00099754, weight distance: 0.1041
2025-09-23 03:28:32,962 - INFO - Example /home/projects/bagon/shared/imagenet512/val/n02106166/ILSVRC2012_val_00001900.JPEG reached epsilon at step 3984, loss sum: 548.5367, final loss: 0.00099659, weight distance: 0.1402
2025-09-23 03:29:21,277 - INFO - Example /home/projects/bagon/shared/imagenet512/val/n02123045/ILSVRC2012_val_00027695.JPEG reached epsilon at step 4205, loss sum: 213.6467, final loss: 0.00099564, weight distance: 0.1394
2025-09-23 03:29:50,272 - INFO - Example /home/projects/bagon/shared/imagenet512/val/n02113023/ILSVRC2012_val_00014560.JPEG reached epsilon at step 2488, loss sum: 233.4044, final loss: 0.00098896, weight distance: 0.1016
2025-09-23 03:30:09,719 - INFO - Example /home/projects/bagon/shared/imagenet512/val/n03527444/ILSVRC2012_val_00021322.JPEG reached epsilon at step 1662, loss sum: 545.9972, final loss: 0.00099277, weight distance: 0.0908
2025-09-23 03:30:30,541 - INFO - Example /home/projects/bagon/shared/imagenet512/val/n02233338/ILSVRC2012_val_00031638.JPEG reached epsilon at step 1801, loss sum: 695.0433, final loss: 0.00099850, weight distance: 0.0995
2025-09-23 03:30:50,343 - INFO - Example /home/projects/bagon/shared/imagenet512/val/n03991062/ILSVRC2012_val_00042372.JPEG reached epsilon at step 1704, loss sum: 100.3132, final loss: 0.00099373, weight distance: 0.0768
2025-09-23 03:31:23,078 - INFO - Example /home/projects/bagon/shared/imagenet512/val/n02089867/ILSVRC2012_val_00004148.JPEG reached epsilon at step 2838, loss sum: 931.3145, final loss: 0.00099087, weight distance: 0.1310
2025-09-23 03:31:40,876 - INFO - Example /home/projects/bagon/shared/imagenet512/val/n02437312/ILSVRC2012_val_00042231.JPEG reached epsilon at step 1501, loss sum: 750.7672, final loss: 0.00099754, weight distance: 0.0892
2025-09-23 03:31:50,994 - INFO - Example /home/projects/bagon/shared/imagenet512/val/n09229709/ILSVRC2012_val_00003925.JPEG reached epsilon at step 838, loss sum: 541.1761, final loss: 0.00099564, weight distance: 0.0635
2025-09-23 03:32:06,469 - INFO - Example /home/projects/bagon/shared/imagenet512/val/n04613696/ILSVRC2012_val_00028896.JPEG reached epsilon at step 1303, loss sum: 300.1719, final loss: 0.00099564, weight distance: 0.0711
2025-09-23 03:32:15,643 - INFO - Example /home/projects/bagon/shared/imagenet512/val/n03958227/ILSVRC2012_val_00048624.JPEG reached epsilon at step 760, loss sum: 146.2009, final loss: 0.00099373, weight distance: 0.0521
2025-09-23 03:32:37,382 - INFO - Example /home/projects/bagon/shared/imagenet512/val/n04208210/ILSVRC2012_val_00048344.JPEG reached epsilon at step 1860, loss sum: 182.3461, final loss: 0.00099945, weight distance: 0.0889
2025-09-23 03:33:17,013 - INFO - Example /home/projects/bagon/shared/imagenet512/val/n02091032/ILSVRC2012_val_00049193.JPEG reached epsilon at step 3455, loss sum: 875.8090, final loss: 0.00099945, weight distance: 0.1387
2025-09-23 03:33:38,928 - INFO - Example /home/projects/bagon/shared/imagenet512/val/n01582220/ILSVRC2012_val_00016794.JPEG reached epsilon at step 1875, loss sum: 539.9403, final loss: 0.00099945, weight distance: 0.0906
2025-09-23 03:34:01,835 - INFO - Example /home/projects/bagon/shared/imagenet512/val/n04476259/ILSVRC2012_val_00048398.JPEG reached epsilon at step 1979, loss sum: 1490.8249, final loss: 0.00099087, weight distance: 0.1206
2025-09-23 03:34:25,733 - INFO - Example /home/projects/bagon/shared/imagenet512/val/n03109150/ILSVRC2012_val_00017045.JPEG reached epsilon at step 2054, loss sum: 675.4599, final loss: 0.00099850, weight distance: 0.1116
2025-09-23 03:34:50,276 - INFO - Example /home/projects/bagon/shared/imagenet512/val/n03868242/ILSVRC2012_val_00043902.JPEG reached epsilon at step 2106, loss sum: 149.4507, final loss: 0.00099754, weight distance: 0.0715
2025-09-23 03:35:02,093 - INFO - Example /home/projects/bagon/shared/imagenet512/val/n03876231/ILSVRC2012_val_00020604.JPEG reached epsilon at step 986, loss sum: 79.9847, final loss: 0.00099087, weight distance: 0.0565
2025-09-23 03:35:30,062 - INFO - Example /home/projects/bagon/shared/imagenet512/val/n04579432/ILSVRC2012_val_00016786.JPEG reached epsilon at step 2408, loss sum: 452.4864, final loss: 0.00099754, weight distance: 0.1100
2025-09-23 03:35:58,787 - INFO - Example /home/projects/bagon/shared/imagenet512/val/n04136333/ILSVRC2012_val_00010167.JPEG reached epsilon at step 2472, loss sum: 947.1927, final loss: 0.00099182, weight distance: 0.1224
2025-09-23 03:36:23,870 - INFO - Example /home/projects/bagon/shared/imagenet512/val/n04049303/ILSVRC2012_val_00042573.JPEG reached epsilon at step 2157, loss sum: 342.4681, final loss: 0.00099564, weight distance: 0.1020
2025-09-23 03:36:44,468 - INFO - Example /home/projects/bagon/shared/imagenet512/val/n02106382/ILSVRC2012_val_00000203.JPEG reached epsilon at step 1774, loss sum: 128.5921, final loss: 0.00099659, weight distance: 0.0742
2025-09-23 03:37:14,893 - INFO - Example /home/projects/bagon/shared/imagenet512/val/n03180011/ILSVRC2012_val_00032155.JPEG reached epsilon at step 2643, loss sum: 771.4480, final loss: 0.00099182, weight distance: 0.1299
2025-09-23 03:37:30,309 - INFO - Example /home/projects/bagon/shared/imagenet512/val/n07583066/ILSVRC2012_val_00040685.JPEG reached epsilon at step 1313, loss sum: 625.6075, final loss: 0.00099754, weight distance: 0.0861
2025-09-23 03:38:03,355 - INFO - Example /home/projects/bagon/shared/imagenet512/val/n04404412/ILSVRC2012_val_00010350.JPEG reached epsilon at step 2874, loss sum: 933.2513, final loss: 0.00099087, weight distance: 0.1339
2025-09-23 03:38:21,981 - INFO - Example /home/projects/bagon/shared/imagenet512/val/n07711569/ILSVRC2012_val_00039392.JPEG reached epsilon at step 1613, loss sum: 217.0913, final loss: 0.00099659, weight distance: 0.0815
2025-09-23 03:38:46,303 - INFO - Example /home/projects/bagon/shared/imagenet512/val/n02099601/ILSVRC2012_val_00038781.JPEG reached epsilon at step 2116, loss sum: 276.3491, final loss: 0.00099659, weight distance: 0.0904
2025-09-23 03:39:02,092 - INFO - Example /home/projects/bagon/shared/imagenet512/val/n02123394/ILSVRC2012_val_00001040.JPEG reached epsilon at step 1372, loss sum: 76.0473, final loss: 0.00099182, weight distance: 0.0644
2025-09-23 03:39:15,745 - INFO - Example /home/projects/bagon/shared/imagenet512/val/n07717556/ILSVRC2012_val_00035002.JPEG reached epsilon at step 1169, loss sum: 155.1411, final loss: 0.00099754, weight distance: 0.0604
2025-09-23 03:39:41,375 - INFO - Example /home/projects/bagon/shared/imagenet512/val/n02099601/ILSVRC2012_val_00020868.JPEG reached epsilon at step 2247, loss sum: 61.6006, final loss: 0.00099659, weight distance: 0.0783
2025-09-23 03:40:00,942 - INFO - Example /home/projects/bagon/shared/imagenet512/val/n02488291/ILSVRC2012_val_00032874.JPEG reached epsilon at step 1705, loss sum: 187.6304, final loss: 0.00099087, weight distance: 0.0800
2025-09-23 03:40:25,301 - INFO - Example /home/projects/bagon/shared/imagenet512/val/n01755581/ILSVRC2012_val_00038859.JPEG reached epsilon at step 2122, loss sum: 612.7498, final loss: 0.00099468, weight distance: 0.1032
2025-09-23 03:40:42,180 - INFO - Example /home/projects/bagon/shared/imagenet512/val/n04209133/ILSVRC2012_val_00045897.JPEG reached epsilon at step 1462, loss sum: 1389.3197, final loss: 0.00099468, weight distance: 0.1024
2025-09-23 03:40:54,647 - INFO - Example /home/projects/bagon/shared/imagenet512/val/n04266014/ILSVRC2012_val_00029823.JPEG reached epsilon at step 1068, loss sum: 716.6732, final loss: 0.00099564, weight distance: 0.0754
2025-09-23 03:41:12,002 - INFO - Example /home/projects/bagon/shared/imagenet512/val/n04258138/ILSVRC2012_val_00004067.JPEG reached epsilon at step 1496, loss sum: 281.2750, final loss: 0.00098801, weight distance: 0.0819
2025-09-23 03:41:46,128 - INFO - Example /home/projects/bagon/shared/imagenet512/val/n02676566/ILSVRC2012_val_00015491.JPEG reached epsilon at step 2987, loss sum: 1788.4198, final loss: 0.00099659, weight distance: 0.1491
2025-09-23 03:42:06,432 - INFO - Example /home/projects/bagon/shared/imagenet512/val/n04507155/ILSVRC2012_val_00000381.JPEG reached epsilon at step 1767, loss sum: 481.9774, final loss: 0.00099277, weight distance: 0.0904
2025-09-23 03:42:35,176 - INFO - Example /home/projects/bagon/shared/imagenet512/val/n02206856/ILSVRC2012_val_00005559.JPEG reached epsilon at step 2510, loss sum: 1488.4639, final loss: 0.00099468, weight distance: 0.1300
2025-09-23 03:42:57,814 - INFO - Example /home/projects/bagon/shared/imagenet512/val/n04141327/ILSVRC2012_val_00038425.JPEG reached epsilon at step 1970, loss sum: 600.1813, final loss: 0.00099945, weight distance: 0.1016
2025-09-23 03:43:17,672 - INFO - Example /home/projects/bagon/shared/imagenet512/val/n12768682/ILSVRC2012_val_00021596.JPEG reached epsilon at step 1705, loss sum: 777.8808, final loss: 0.00099277, weight distance: 0.0992
2025-09-23 03:43:51,115 - INFO - Example /home/projects/bagon/shared/imagenet512/val/n03498962/ILSVRC2012_val_00003307.JPEG reached epsilon at step 2907, loss sum: 1228.7359, final loss: 0.00099945, weight distance: 0.1464
2025-09-23 03:44:15,536 - INFO - Example /home/projects/bagon/shared/imagenet512/val/n01985128/ILSVRC2012_val_00002944.JPEG reached epsilon at step 2120, loss sum: 606.3115, final loss: 0.00099182, weight distance: 0.1044
2025-09-23 03:44:26,897 - INFO - Example /home/projects/bagon/shared/imagenet512/val/n02088094/ILSVRC2012_val_00006799.JPEG reached epsilon at step 964, loss sum: 107.9036, final loss: 0.00098610, weight distance: 0.0563
2025-09-23 03:44:49,007 - INFO - Example /home/projects/bagon/shared/imagenet512/val/n03047690/ILSVRC2012_val_00044185.JPEG reached epsilon at step 1919, loss sum: 494.9545, final loss: 0.00099850, weight distance: 0.1044
2025-09-23 03:45:12,275 - INFO - Example /home/projects/bagon/shared/imagenet512/val/n07717556/ILSVRC2012_val_00021200.JPEG reached epsilon at step 2011, loss sum: 1595.3909, final loss: 0.00099373, weight distance: 0.1063
2025-09-23 03:45:26,979 - INFO - Example /home/projects/bagon/shared/imagenet512/val/n01751748/ILSVRC2012_val_00020910.JPEG reached epsilon at step 1270, loss sum: 420.6591, final loss: 0.00099945, weight distance: 0.0743
2025-09-23 03:45:47,593 - INFO - Example /home/projects/bagon/shared/imagenet512/val/n03803284/ILSVRC2012_val_00018103.JPEG reached epsilon at step 1797, loss sum: 1066.2209, final loss: 0.00099564, weight distance: 0.1053
2025-09-23 03:46:06,219 - INFO - Example /home/projects/bagon/shared/imagenet512/val/n01776313/ILSVRC2012_val_00005788.JPEG reached epsilon at step 1622, loss sum: 1033.8444, final loss: 0.00099468, weight distance: 0.0950
2025-09-23 03:46:19,155 - INFO - Example /home/projects/bagon/shared/imagenet512/val/n03467068/ILSVRC2012_val_00044304.JPEG reached epsilon at step 1112, loss sum: 264.4532, final loss: 0.00099659, weight distance: 0.0705
2025-09-23 03:46:49,441 - INFO - Example /home/projects/bagon/shared/imagenet512/val/n02415577/ILSVRC2012_val_00024683.JPEG reached epsilon at step 2671, loss sum: 960.1822, final loss: 0.00099277, weight distance: 0.1176
2025-09-23 03:47:24,921 - INFO - Example /home/projects/bagon/shared/imagenet512/val/n02443114/ILSVRC2012_val_00037122.JPEG reached epsilon at step 3144, loss sum: 1619.6649, final loss: 0.00099373, weight distance: 0.1509
2025-09-23 03:47:46,329 - INFO - Example /home/projects/bagon/shared/imagenet512/val/n02091134/ILSVRC2012_val_00037101.JPEG reached epsilon at step 1860, loss sum: 373.0548, final loss: 0.00099468, weight distance: 0.0943
2025-09-23 03:48:04,864 - INFO - Example /home/projects/bagon/shared/imagenet512/val/n02109047/ILSVRC2012_val_00047438.JPEG reached epsilon at step 1609, loss sum: 575.3736, final loss: 0.00099277, weight distance: 0.0907
2025-09-23 03:48:35,677 - INFO - Example /home/projects/bagon/shared/imagenet512/val/n04591713/ILSVRC2012_val_00031837.JPEG reached epsilon at step 2683, loss sum: 460.4939, final loss: 0.00099182, weight distance: 0.1140
2025-09-23 03:48:50,648 - INFO - Example /home/projects/bagon/shared/imagenet512/val/n03485794/ILSVRC2012_val_00035523.JPEG reached epsilon at step 1284, loss sum: 111.4787, final loss: 0.00099182, weight distance: 0.0624
2025-09-23 03:49:05,308 - INFO - Example /home/projects/bagon/shared/imagenet512/val/n03676483/ILSVRC2012_val_00044945.JPEG reached epsilon at step 1255, loss sum: 193.7389, final loss: 0.00098991, weight distance: 0.0724
2025-09-23 03:49:16,143 - INFO - Example /home/projects/bagon/shared/imagenet512/val/n02066245/ILSVRC2012_val_00022773.JPEG reached epsilon at step 913, loss sum: 36.9751, final loss: 0.00099945, weight distance: 0.0497
2025-09-23 03:49:38,521 - INFO - Example /home/projects/bagon/shared/imagenet512/val/n02326432/ILSVRC2012_val_00011291.JPEG reached epsilon at step 1936, loss sum: 223.6818, final loss: 0.00099468, weight distance: 0.0937
2025-09-23 03:50:07,494 - INFO - Example /home/projects/bagon/shared/imagenet512/val/n03208938/ILSVRC2012_val_00023771.JPEG reached epsilon at step 2525, loss sum: 2331.6743, final loss: 0.00099850, weight distance: 0.1422
2025-09-23 03:50:51,718 - INFO - Example /home/projects/bagon/shared/imagenet512/val/n02113624/ILSVRC2012_val_00029115.JPEG reached epsilon at step 3868, loss sum: 826.2928, final loss: 0.00099850, weight distance: 0.1575
2025-09-23 03:51:17,978 - INFO - Example /home/projects/bagon/shared/imagenet512/val/n03657121/ILSVRC2012_val_00039878.JPEG reached epsilon at step 2286, loss sum: 1154.7084, final loss: 0.00099468, weight distance: 0.1291
2025-09-23 03:51:54,687 - INFO - Example /home/projects/bagon/shared/imagenet512/val/n02423022/ILSVRC2012_val_00020949.JPEG reached epsilon at step 3211, loss sum: 255.0047, final loss: 0.00099850, weight distance: 0.1197
2025-09-23 03:52:23,922 - INFO - Example /home/projects/bagon/shared/imagenet512/val/n03709823/ILSVRC2012_val_00046592.JPEG reached epsilon at step 2551, loss sum: 359.6419, final loss: 0.00099945, weight distance: 0.1107
2025-09-23 03:52:49,217 - INFO - Example /home/projects/bagon/shared/imagenet512/val/n01687978/ILSVRC2012_val_00040115.JPEG reached epsilon at step 2220, loss sum: 846.9097, final loss: 0.00099945, weight distance: 0.1121
2025-09-23 03:53:04,718 - INFO - Example /home/projects/bagon/shared/imagenet512/val/n03314780/ILSVRC2012_val_00004160.JPEG reached epsilon at step 1318, loss sum: 473.3658, final loss: 0.00099087, weight distance: 0.0821
2025-09-23 03:53:24,399 - INFO - Example /home/projects/bagon/shared/imagenet512/val/n02128925/ILSVRC2012_val_00046612.JPEG reached epsilon at step 1699, loss sum: 95.8944, final loss: 0.00099850, weight distance: 0.0803
2025-09-23 03:53:52,793 - INFO - Example /home/projects/bagon/shared/imagenet512/val/n02099267/ILSVRC2012_val_00040660.JPEG reached epsilon at step 2440, loss sum: 391.5675, final loss: 0.00099850, weight distance: 0.1001
2025-09-23 03:54:00,531 - INFO - Example /home/projects/bagon/shared/imagenet512/val/n07695742/ILSVRC2012_val_00014104.JPEG reached epsilon at step 625, loss sum: 63.6273, final loss: 0.00099373, weight distance: 0.0427
2025-09-23 03:54:17,961 - INFO - Example /home/projects/bagon/shared/imagenet512/val/n02129165/ILSVRC2012_val_00029424.JPEG reached epsilon at step 1486, loss sum: 502.3314, final loss: 0.00098991, weight distance: 0.0854
2025-09-23 03:54:56,767 - INFO - Example /home/projects/bagon/shared/imagenet512/val/n03534580/ILSVRC2012_val_00024523.JPEG reached epsilon at step 3374, loss sum: 761.2460, final loss: 0.00099659, weight distance: 0.1409
2025-09-23 03:55:39,775 - INFO - Example /home/projects/bagon/shared/imagenet512/val/n01871265/ILSVRC2012_val_00002625.JPEG reached epsilon at step 3751, loss sum: 165.9485, final loss: 0.00099850, weight distance: 0.1167
2025-09-23 03:55:56,255 - INFO - Example /home/projects/bagon/shared/imagenet512/val/n03657121/ILSVRC2012_val_00044067.JPEG reached epsilon at step 1419, loss sum: 232.1201, final loss: 0.00099182, weight distance: 0.0764
2025-09-23 03:56:21,501 - INFO - Example /home/projects/bagon/shared/imagenet512/val/n02105855/ILSVRC2012_val_00049871.JPEG reached epsilon at step 2179, loss sum: 190.5401, final loss: 0.00099373, weight distance: 0.0989
2025-09-23 03:56:57,117 - INFO - Example /home/projects/bagon/shared/imagenet512/val/n09428293/ILSVRC2012_val_00036315.JPEG reached epsilon at step 3120, loss sum: 357.9543, final loss: 0.00099754, weight distance: 0.1172
2025-09-23 03:57:20,448 - INFO - Example /home/projects/bagon/shared/imagenet512/val/n04467665/ILSVRC2012_val_00033792.JPEG reached epsilon at step 2034, loss sum: 172.6717, final loss: 0.00099850, weight distance: 0.0900
2025-09-23 03:57:48,388 - INFO - Example /home/projects/bagon/shared/imagenet512/val/n04285008/ILSVRC2012_val_00004970.JPEG reached epsilon at step 2428, loss sum: 224.3259, final loss: 0.00099564, weight distance: 0.1056
2025-09-23 03:58:07,930 - INFO - Example /home/projects/bagon/shared/imagenet512/val/n07697537/ILSVRC2012_val_00029037.JPEG reached epsilon at step 1688, loss sum: 1491.2540, final loss: 0.00099754, weight distance: 0.1067
2025-09-23 03:58:28,986 - INFO - Example /home/projects/bagon/shared/imagenet512/val/n02641379/ILSVRC2012_val_00045405.JPEG reached epsilon at step 1827, loss sum: 410.3304, final loss: 0.00099659, weight distance: 0.0899
2025-09-23 03:58:52,337 - INFO - Example /home/projects/bagon/shared/imagenet512/val/n01770393/ILSVRC2012_val_00014126.JPEG reached epsilon at step 2016, loss sum: 1945.0288, final loss: 0.00098991, weight distance: 0.1236
2025-09-23 03:59:17,325 - INFO - Example /home/projects/bagon/shared/imagenet512/val/n01945685/ILSVRC2012_val_00014762.JPEG reached epsilon at step 2170, loss sum: 1472.4744, final loss: 0.00099945, weight distance: 0.1157
2025-09-23 03:59:42,328 - INFO - Example /home/projects/bagon/shared/imagenet512/val/n04317175/ILSVRC2012_val_00049946.JPEG reached epsilon at step 2183, loss sum: 1869.3678, final loss: 0.00099277, weight distance: 0.1265
2025-09-23 04:00:08,604 - INFO - Example /home/projects/bagon/shared/imagenet512/val/n03255030/ILSVRC2012_val_00007949.JPEG reached epsilon at step 2283, loss sum: 898.9135, final loss: 0.00099373, weight distance: 0.1075
2025-09-23 04:00:32,641 - INFO - Example /home/projects/bagon/shared/imagenet512/val/n02088466/ILSVRC2012_val_00044554.JPEG reached epsilon at step 2098, loss sum: 388.1977, final loss: 0.00098705, weight distance: 0.0971
2025-09-23 04:00:55,982 - INFO - Example /home/projects/bagon/shared/imagenet512/val/n02091244/ILSVRC2012_val_00012608.JPEG reached epsilon at step 2039, loss sum: 1820.4006, final loss: 0.00099945, weight distance: 0.1193
2025-09-23 04:01:22,027 - INFO - Example /home/projects/bagon/shared/imagenet512/val/n03325584/ILSVRC2012_val_00037618.JPEG reached epsilon at step 2262, loss sum: 2202.2861, final loss: 0.00099754, weight distance: 0.1458
2025-09-23 04:01:31,647 - INFO - Example /home/projects/bagon/shared/imagenet512/val/n03598930/ILSVRC2012_val_00009008.JPEG reached epsilon at step 814, loss sum: 425.8264, final loss: 0.00098801, weight distance: 0.0615
2025-09-23 04:01:50,515 - INFO - Example /home/projects/bagon/shared/imagenet512/val/n02102040/ILSVRC2012_val_00012689.JPEG reached epsilon at step 1638, loss sum: 179.1241, final loss: 0.00099182, weight distance: 0.0815
2025-09-23 04:02:09,873 - INFO - Example /home/projects/bagon/shared/imagenet512/val/n09246464/ILSVRC2012_val_00043298.JPEG reached epsilon at step 1667, loss sum: 299.5542, final loss: 0.00099182, weight distance: 0.0872
2025-09-23 04:02:30,398 - INFO - Example /home/projects/bagon/shared/imagenet512/val/n04456115/ILSVRC2012_val_00036237.JPEG reached epsilon at step 1776, loss sum: 1707.6577, final loss: 0.00099659, weight distance: 0.1180
2025-09-23 04:02:47,053 - INFO - Example /home/projects/bagon/shared/imagenet512/val/n04004767/ILSVRC2012_val_00009689.JPEG reached epsilon at step 1432, loss sum: 52.5537, final loss: 0.00099850, weight distance: 0.0645
2025-09-23 04:03:09,281 - INFO - Example /home/projects/bagon/shared/imagenet512/val/n01795545/ILSVRC2012_val_00020747.JPEG reached epsilon at step 1924, loss sum: 869.7434, final loss: 0.00099182, weight distance: 0.1032
2025-09-23 04:03:44,268 - INFO - Example /home/projects/bagon/shared/imagenet512/val/n03868242/ILSVRC2012_val_00048117.JPEG reached epsilon at step 3081, loss sum: 254.6567, final loss: 0.00099945, weight distance: 0.1068
2025-09-23 04:03:58,214 - INFO - Example /home/projects/bagon/shared/imagenet512/val/n06596364/ILSVRC2012_val_00011310.JPEG reached epsilon at step 1201, loss sum: 227.5476, final loss: 0.00099182, weight distance: 0.0731
2025-09-23 04:04:12,487 - INFO - Example /home/projects/bagon/shared/imagenet512/val/n01985128/ILSVRC2012_val_00046274.JPEG reached epsilon at step 1224, loss sum: 336.7247, final loss: 0.00099468, weight distance: 0.0759
2025-09-23 04:04:25,538 - INFO - Example /home/projects/bagon/shared/imagenet512/val/n04275548/ILSVRC2012_val_00033227.JPEG reached epsilon at step 1118, loss sum: 274.1826, final loss: 0.00099564, weight distance: 0.0631
2025-09-23 04:04:46,295 - INFO - Example /home/projects/bagon/shared/imagenet512/val/n02111277/ILSVRC2012_val_00037097.JPEG reached epsilon at step 1795, loss sum: 265.5924, final loss: 0.00099468, weight distance: 0.0868
2025-09-23 04:05:05,613 - INFO - Example /home/projects/bagon/shared/imagenet512/val/n03743016/ILSVRC2012_val_00034818.JPEG reached epsilon at step 1669, loss sum: 601.2090, final loss: 0.00098896, weight distance: 0.0937
2025-09-23 04:05:25,184 - INFO - Example /home/projects/bagon/shared/imagenet512/val/n03445924/ILSVRC2012_val_00007926.JPEG reached epsilon at step 1695, loss sum: 386.0360, final loss: 0.00099564, weight distance: 0.0917
2025-09-23 04:05:44,957 - INFO - Example /home/projects/bagon/shared/imagenet512/val/n02105251/ILSVRC2012_val_00044034.JPEG reached epsilon at step 1712, loss sum: 1247.3935, final loss: 0.00099659, weight distance: 0.0949
2025-09-23 04:06:11,868 - INFO - Example /home/projects/bagon/shared/imagenet512/val/n02097474/ILSVRC2012_val_00007452.JPEG reached epsilon at step 2325, loss sum: 245.0096, final loss: 0.00099659, weight distance: 0.0948
2025-09-23 04:06:31,058 - INFO - Example /home/projects/bagon/shared/imagenet512/val/n02786058/ILSVRC2012_val_00027149.JPEG reached epsilon at step 1663, loss sum: 529.6925, final loss: 0.00098896, weight distance: 0.0967
2025-09-23 04:06:59,353 - INFO - Example /home/projects/bagon/shared/imagenet512/val/n06874185/ILSVRC2012_val_00047101.JPEG reached epsilon at step 2466, loss sum: 2120.4302, final loss: 0.00099564, weight distance: 0.1443
2025-09-23 04:07:25,102 - INFO - Example /home/projects/bagon/shared/imagenet512/val/n03976467/ILSVRC2012_val_00029395.JPEG reached epsilon at step 2223, loss sum: 594.0850, final loss: 0.00099850, weight distance: 0.1123
2025-09-23 04:07:43,653 - INFO - Example /home/projects/bagon/shared/imagenet512/val/n04336792/ILSVRC2012_val_00006309.JPEG reached epsilon at step 1594, loss sum: 1122.1360, final loss: 0.00099659, weight distance: 0.1010
2025-09-23 04:07:58,053 - INFO - Example /home/projects/bagon/shared/imagenet512/val/n02018795/ILSVRC2012_val_00026355.JPEG reached epsilon at step 1232, loss sum: 111.3592, final loss: 0.00099850, weight distance: 0.0654
2025-09-23 04:08:18,227 - INFO - Example /home/projects/bagon/shared/imagenet512/val/n03903868/ILSVRC2012_val_00007621.JPEG reached epsilon at step 1726, loss sum: 190.0033, final loss: 0.00099182, weight distance: 0.0809
2025-09-23 04:08:39,617 - INFO - Example /home/projects/bagon/shared/imagenet512/val/n03792782/ILSVRC2012_val_00045152.JPEG reached epsilon at step 1842, loss sum: 64.2156, final loss: 0.00099373, weight distance: 0.0741
2025-09-23 04:08:52,629 - INFO - Example /home/projects/bagon/shared/imagenet512/val/n03344393/ILSVRC2012_val_00026840.JPEG reached epsilon at step 1110, loss sum: 261.3002, final loss: 0.00099754, weight distance: 0.0691
2025-09-23 04:09:17,338 - INFO - Example /home/projects/bagon/shared/imagenet512/val/n03207743/ILSVRC2012_val_00030446.JPEG reached epsilon at step 2159, loss sum: 1031.4761, final loss: 0.00099945, weight distance: 0.1153
2025-09-23 04:09:46,088 - INFO - Example /home/projects/bagon/shared/imagenet512/val/n01983481/ILSVRC2012_val_00012183.JPEG reached epsilon at step 2498, loss sum: 964.1741, final loss: 0.00098991, weight distance: 0.1193
2025-09-23 04:10:04,955 - INFO - Example /home/projects/bagon/shared/imagenet512/val/n02860847/ILSVRC2012_val_00020605.JPEG reached epsilon at step 1587, loss sum: 391.5890, final loss: 0.00098705, weight distance: 0.0858
2025-09-23 04:10:48,954 - INFO - Example /home/projects/bagon/shared/imagenet512/val/n02808440/ILSVRC2012_val_00019507.JPEG reached epsilon at step 3861, loss sum: 277.8506, final loss: 0.00098991, weight distance: 0.1441
2025-09-23 04:11:11,143 - INFO - Example /home/projects/bagon/shared/imagenet512/val/n04597913/ILSVRC2012_val_00015389.JPEG reached epsilon at step 1903, loss sum: 752.3581, final loss: 0.00099850, weight distance: 0.1095
2025-09-23 04:11:26,704 - INFO - Example /home/projects/bagon/shared/imagenet512/val/n02027492/ILSVRC2012_val_00016981.JPEG reached epsilon at step 1333, loss sum: 286.3297, final loss: 0.00099659, weight distance: 0.0763
2025-09-23 04:11:44,757 - INFO - Example /home/projects/bagon/shared/imagenet512/val/n02442845/ILSVRC2012_val_00012258.JPEG reached epsilon at step 1525, loss sum: 204.1230, final loss: 0.00099754, weight distance: 0.0782
2025-09-23 04:12:24,158 - INFO - Example /home/projects/bagon/shared/imagenet512/val/n01682714/ILSVRC2012_val_00040352.JPEG reached epsilon at step 3456, loss sum: 391.1668, final loss: 0.00099659, weight distance: 0.1400
2025-09-23 04:12:39,014 - INFO - Example /home/projects/bagon/shared/imagenet512/val/n02112350/ILSVRC2012_val_00044811.JPEG reached epsilon at step 1270, loss sum: 188.1012, final loss: 0.00098896, weight distance: 0.0697
2025-09-23 04:13:05,642 - INFO - Example /home/projects/bagon/shared/imagenet512/val/n02099712/ILSVRC2012_val_00002485.JPEG reached epsilon at step 2316, loss sum: 259.3640, final loss: 0.00099277, weight distance: 0.0977
2025-09-23 04:13:34,247 - INFO - Example /home/projects/bagon/shared/imagenet512/val/n04517823/ILSVRC2012_val_00045558.JPEG reached epsilon at step 2497, loss sum: 663.3377, final loss: 0.00099945, weight distance: 0.1210
2025-09-23 04:13:56,548 - INFO - Example /home/projects/bagon/shared/imagenet512/val/n02825657/ILSVRC2012_val_00008361.JPEG reached epsilon at step 1936, loss sum: 176.6166, final loss: 0.00098896, weight distance: 0.0864
2025-09-23 04:14:13,451 - INFO - Example /home/projects/bagon/shared/imagenet512/val/n03876231/ILSVRC2012_val_00042465.JPEG reached epsilon at step 1451, loss sum: 448.9217, final loss: 0.00099468, weight distance: 0.0908
2025-09-23 04:14:32,460 - INFO - Example /home/projects/bagon/shared/imagenet512/val/n03032252/ILSVRC2012_val_00028502.JPEG reached epsilon at step 1636, loss sum: 615.9577, final loss: 0.00099373, weight distance: 0.0940
2025-09-23 04:14:57,042 - INFO - Example /home/projects/bagon/shared/imagenet512/val/n02807133/ILSVRC2012_val_00048150.JPEG reached epsilon at step 2140, loss sum: 672.1423, final loss: 0.00099850, weight distance: 0.1132
2025-09-23 04:15:18,347 - INFO - Example /home/projects/bagon/shared/imagenet512/val/n03584829/ILSVRC2012_val_00042861.JPEG reached epsilon at step 1858, loss sum: 355.0391, final loss: 0.00099277, weight distance: 0.0979
2025-09-23 04:15:54,630 - INFO - Example /home/projects/bagon/shared/imagenet512/val/n03759954/ILSVRC2012_val_00049557.JPEG reached epsilon at step 3168, loss sum: 1405.2610, final loss: 0.00098705, weight distance: 0.1543
2025-09-23 04:16:24,364 - INFO - Example /home/projects/bagon/shared/imagenet512/val/n04099969/ILSVRC2012_val_00044763.JPEG reached epsilon at step 2568, loss sum: 2177.8911, final loss: 0.00098705, weight distance: 0.1453
2025-09-23 04:16:41,193 - INFO - Example /home/projects/bagon/shared/imagenet512/val/n01630670/ILSVRC2012_val_00047713.JPEG reached epsilon at step 1440, loss sum: 557.3541, final loss: 0.00099277, weight distance: 0.0829
2025-09-23 04:17:15,207 - INFO - Example /home/projects/bagon/shared/imagenet512/val/n01749939/ILSVRC2012_val_00049182.JPEG reached epsilon at step 2957, loss sum: 711.4891, final loss: 0.00099468, weight distance: 0.1356
2025-09-23 04:17:30,490 - INFO - Example /home/projects/bagon/shared/imagenet512/val/n01692333/ILSVRC2012_val_00036849.JPEG reached epsilon at step 1314, loss sum: 988.6660, final loss: 0.00099945, weight distance: 0.0889
2025-09-23 04:17:46,697 - INFO - Example /home/projects/bagon/shared/imagenet512/val/n02777292/ILSVRC2012_val_00023134.JPEG reached epsilon at step 1393, loss sum: 27.9640, final loss: 0.00099850, weight distance: 0.0595
2025-09-23 04:18:03,139 - INFO - Example /home/projects/bagon/shared/imagenet512/val/n03902125/ILSVRC2012_val_00049357.JPEG reached epsilon at step 1355, loss sum: 210.9400, final loss: 0.00098991, weight distance: 0.0761
2025-09-23 04:18:36,663 - INFO - Example /home/projects/bagon/shared/imagenet512/val/n02119789/ILSVRC2012_val_00021231.JPEG reached epsilon at step 2903, loss sum: 358.2325, final loss: 0.00099659, weight distance: 0.1136
2025-09-23 04:19:11,795 - INFO - Example /home/projects/bagon/shared/imagenet512/val/n02097209/ILSVRC2012_val_00041251.JPEG reached epsilon at step 3092, loss sum: 2029.5265, final loss: 0.00098705, weight distance: 0.1513
2025-09-23 04:19:40,579 - INFO - Example /home/projects/bagon/shared/imagenet512/val/n01729322/ILSVRC2012_val_00044480.JPEG reached epsilon at step 2541, loss sum: 362.1288, final loss: 0.00099754, weight distance: 0.1142
2025-09-23 04:20:19,058 - INFO - Example /home/projects/bagon/shared/imagenet512/val/n01667114/ILSVRC2012_val_00004019.JPEG reached epsilon at step 3396, loss sum: 783.3268, final loss: 0.00099945, weight distance: 0.1346
2025-09-23 04:20:19,569 - INFO - Time limit reached. Exiting before starting next example.
