2025-09-23 02:39:42,584 - INFO - Parsed arguments:
2025-09-23 02:39:42,584 - INFO -   amp_dtype = None
2025-09-23 02:39:42,585 - INFO -   bars_npy = /home/projects/bagon/andreyg/Projects/BMM_school/Universal_learning/Programming/bars/geq6wrong_21017_geq6correct_1525_imagenet.npy
2025-09-23 02:39:42,585 - INFO -   cka_layer_fraction = 0.05
2025-09-23 02:39:42,585 - INFO -   current_worker = 5
2025-09-23 02:39:42,585 - INFO -   deterministic = True
2025-09-23 02:39:42,585 - INFO -   device = cuda
2025-09-23 02:39:42,585 - INFO -   epsilon = 0.001
2025-09-23 02:39:42,585 - INFO -   examples_csv = /home/projects/bagon/andreyg/Projects/BMM_school/Universal_learning/Programming/bars/geq6wrong_21017_geq6correct_1525_imagenet_examples_ammended.csv
2025-09-23 02:39:42,585 - INFO -   explicit_examples_for_training = None
2025-09-23 02:39:42,585 - INFO -   grad_clip_norm = 1.0
2025-09-23 02:39:42,585 - INFO -   hierarchy_json = /home/projects/bagon/andreyg/Projects/BMM_school/Universal_learning/Programming/bars/imagenet_synset_hierarchy.json
2025-09-23 02:39:42,585 - INFO -   imagenet_models_csv = /home/projects/bagon/andreyg/Projects/BMM_school/Universal_learning/Programming/bars/imagenet_models.csv
2025-09-23 02:39:42,585 - INFO -   lr = 0.0001
2025-09-23 02:39:42,585 - INFO -   max_examples = 50000
2025-09-23 02:39:42,585 - INFO -   max_steps_per_example = 10000
2025-09-23 02:39:42,585 - INFO -   model_csv_name = resnet_10t_176_classification_imagenet_1k
2025-09-23 02:39:42,585 - INFO -   model_name = resnet10t.c3_in1k
2025-09-23 02:39:42,585 - INFO -   no_amp = False
2025-09-23 02:39:42,585 - INFO -   num_workers = 8
2025-09-23 02:39:42,585 - INFO -   output_dir = /home/projects/bagon/andreyg/Projects/BMM_school/Universal_learning/Programming/training_gradient_evaluator_single_loss_parallel/output_parallel_8_workers_trial_2
2025-09-23 02:39:42,585 - INFO -   root_dir = None
2025-09-23 02:39:42,585 - INFO -   seed = 1337
2025-09-23 02:39:42,585 - INFO -   time_limit_seconds = 6300
2025-09-23 02:39:42,585 - INFO -   weight_decay = 0.0
2025-09-23 02:39:42,585 - INFO -   zero_aug_train = False
2025-09-23 02:39:43,238 - INFO - Loaded TIMM pretrained weights for resnet10t.c3_in1k
2025-09-23 02:39:43,238 - INFO - pretrained_cfg.url=https://github.com/rwightman/pytorch-image-models/releases/download/v0.1-rsb-weights/resnet10t_176_c3-f3215ab1.pth hf_hub_id=timm/resnet10t.c3_in1k
2025-09-23 02:39:43,573 - INFO - Training configuration:
2025-09-23 02:39:43,574 - INFO -   lr = 0.0001
2025-09-23 02:39:43,574 - INFO -   weight_decay = 0.0
2025-09-23 02:39:43,574 - INFO -   max_steps = 10000
2025-09-23 02:39:43,574 - INFO -   epsilon = 0.001
2025-09-23 02:39:43,574 - INFO -   device = cuda
2025-09-23 02:39:43,574 - INFO -   use_amp = True
2025-09-23 02:39:43,574 - INFO -   amp_dtype = None
2025-09-23 02:39:43,574 - INFO -   gradient_clip_norm = 1.0
2025-09-23 02:40:12,374 - INFO - Example /home/projects/bagon/shared/imagenet512/val/n04286575/ILSVRC2012_val_00015036.JPEG reached epsilon at step 2010, loss sum: 498.3056, final loss: 0.00099659, weight distance: 0.1024
2025-09-23 02:40:47,611 - INFO - Example /home/projects/bagon/shared/imagenet512/val/n02870880/ILSVRC2012_val_00042919.JPEG reached epsilon at step 2983, loss sum: 1242.5799, final loss: 0.00098801, weight distance: 0.1417
2025-09-23 02:41:07,280 - INFO - Example /home/projects/bagon/shared/imagenet512/val/n02108422/ILSVRC2012_val_00016693.JPEG reached epsilon at step 1661, loss sum: 960.8169, final loss: 0.00099277, weight distance: 0.0851
2025-09-23 02:41:53,096 - INFO - Example /home/projects/bagon/shared/imagenet512/val/n04008634/ILSVRC2012_val_00041790.JPEG reached epsilon at step 3851, loss sum: 435.4760, final loss: 0.00099659, weight distance: 0.1521
2025-09-23 02:42:25,082 - INFO - Example /home/projects/bagon/shared/imagenet512/val/n09468604/ILSVRC2012_val_00025853.JPEG reached epsilon at step 2567, loss sum: 238.4347, final loss: 0.00099754, weight distance: 0.1133
2025-09-23 02:42:45,093 - INFO - Example /home/projects/bagon/shared/imagenet512/val/n02091831/ILSVRC2012_val_00019366.JPEG reached epsilon at step 1630, loss sum: 1158.2997, final loss: 0.00099087, weight distance: 0.0959
2025-09-23 02:43:19,313 - INFO - Example /home/projects/bagon/shared/imagenet512/val/n02988304/ILSVRC2012_val_00037068.JPEG reached epsilon at step 2876, loss sum: 1871.3045, final loss: 0.00099277, weight distance: 0.1502
2025-09-23 02:43:45,636 - INFO - Example /home/projects/bagon/shared/imagenet512/val/n04317175/ILSVRC2012_val_00007135.JPEG reached epsilon at step 2024, loss sum: 1038.9549, final loss: 0.00099468, weight distance: 0.1114
2025-09-23 02:44:02,586 - INFO - Example /home/projects/bagon/shared/imagenet512/val/n02841315/ILSVRC2012_val_00039447.JPEG reached epsilon at step 1397, loss sum: 256.0477, final loss: 0.00098991, weight distance: 0.0765
2025-09-23 02:44:37,069 - INFO - Example /home/projects/bagon/shared/imagenet512/val/n04136333/ILSVRC2012_val_00030084.JPEG reached epsilon at step 2942, loss sum: 2402.5306, final loss: 0.00099373, weight distance: 0.1630
2025-09-23 02:44:57,805 - INFO - Example /home/projects/bagon/shared/imagenet512/val/n01943899/ILSVRC2012_val_00010955.JPEG reached epsilon at step 1649, loss sum: 341.6878, final loss: 0.00099373, weight distance: 0.0897
2025-09-23 02:45:32,690 - INFO - Example /home/projects/bagon/shared/imagenet512/val/n04356056/ILSVRC2012_val_00024708.JPEG reached epsilon at step 2996, loss sum: 1643.9342, final loss: 0.00099754, weight distance: 0.1437
2025-09-23 02:46:27,449 - INFO - Example /home/projects/bagon/shared/imagenet512/val/n02109961/ILSVRC2012_val_00018826.JPEG reached epsilon at step 4760, loss sum: 419.1974, final loss: 0.00099564, weight distance: 0.1701
2025-09-23 02:46:47,387 - INFO - Example /home/projects/bagon/shared/imagenet512/val/n01914609/ILSVRC2012_val_00046254.JPEG reached epsilon at step 1701, loss sum: 322.9630, final loss: 0.00099945, weight distance: 0.0917
2025-09-23 02:47:04,852 - INFO - Example /home/projects/bagon/shared/imagenet512/val/n01443537/ILSVRC2012_val_00000236.JPEG reached epsilon at step 1487, loss sum: 1717.3174, final loss: 0.00099373, weight distance: 0.0993
2025-09-23 02:47:31,682 - INFO - Example /home/projects/bagon/shared/imagenet512/val/n04476259/ILSVRC2012_val_00030784.JPEG reached epsilon at step 2311, loss sum: 618.8076, final loss: 0.00098801, weight distance: 0.1162
2025-09-23 02:47:49,745 - INFO - Example /home/projects/bagon/shared/imagenet512/val/n04347754/ILSVRC2012_val_00042801.JPEG reached epsilon at step 1541, loss sum: 452.9607, final loss: 0.00099945, weight distance: 0.0887
2025-09-23 02:48:16,700 - INFO - Example /home/projects/bagon/shared/imagenet512/val/n02791270/ILSVRC2012_val_00009619.JPEG reached epsilon at step 2319, loss sum: 2062.9566, final loss: 0.00099850, weight distance: 0.1306
2025-09-23 02:48:32,505 - INFO - Example /home/projects/bagon/shared/imagenet512/val/n03670208/ILSVRC2012_val_00000976.JPEG reached epsilon at step 1340, loss sum: 152.0642, final loss: 0.00099945, weight distance: 0.0721
2025-09-23 02:49:04,158 - INFO - Example /home/projects/bagon/shared/imagenet512/val/n04591713/ILSVRC2012_val_00033940.JPEG reached epsilon at step 2725, loss sum: 507.6415, final loss: 0.00099945, weight distance: 0.1125
2025-09-23 02:49:33,474 - INFO - Example /home/projects/bagon/shared/imagenet512/val/n04467665/ILSVRC2012_val_00030748.JPEG reached epsilon at step 2525, loss sum: 717.1409, final loss: 0.00099945, weight distance: 0.1200
2025-09-23 02:50:23,835 - INFO - Example /home/projects/bagon/shared/imagenet512/val/n03710637/ILSVRC2012_val_00035228.JPEG reached epsilon at step 4377, loss sum: 2567.2726, final loss: 0.00099659, weight distance: 0.1851
2025-09-23 02:50:45,184 - INFO - Example /home/projects/bagon/shared/imagenet512/val/n03868863/ILSVRC2012_val_00013259.JPEG reached epsilon at step 1828, loss sum: 450.9163, final loss: 0.00099564, weight distance: 0.0993
2025-09-23 02:51:04,505 - INFO - Example /home/projects/bagon/shared/imagenet512/val/n07693725/ILSVRC2012_val_00047003.JPEG reached epsilon at step 1643, loss sum: 114.8672, final loss: 0.00099564, weight distance: 0.0765
2025-09-23 02:51:27,042 - INFO - Example /home/projects/bagon/shared/imagenet512/val/n03062245/ILSVRC2012_val_00002666.JPEG reached epsilon at step 1939, loss sum: 1060.2381, final loss: 0.00098991, weight distance: 0.1179
2025-09-23 02:51:43,399 - INFO - Example /home/projects/bagon/shared/imagenet512/val/n07745940/ILSVRC2012_val_00013499.JPEG reached epsilon at step 1392, loss sum: 221.5159, final loss: 0.00099945, weight distance: 0.0735
2025-09-23 02:52:19,220 - INFO - Example /home/projects/bagon/shared/imagenet512/val/n03180011/ILSVRC2012_val_00005972.JPEG reached epsilon at step 3115, loss sum: 441.4547, final loss: 0.00099659, weight distance: 0.1338
2025-09-23 02:52:44,824 - INFO - Example /home/projects/bagon/shared/imagenet512/val/n02837789/ILSVRC2012_val_00015440.JPEG reached epsilon at step 2191, loss sum: 210.4709, final loss: 0.00099373, weight distance: 0.0959
2025-09-23 02:53:18,950 - INFO - Example /home/projects/bagon/shared/imagenet512/val/n02443114/ILSVRC2012_val_00024734.JPEG reached epsilon at step 2999, loss sum: 107.7111, final loss: 0.00099277, weight distance: 0.1076
2025-09-23 02:53:45,525 - INFO - Example /home/projects/bagon/shared/imagenet512/val/n01755581/ILSVRC2012_val_00016470.JPEG reached epsilon at step 2274, loss sum: 1960.7281, final loss: 0.00099182, weight distance: 0.1270
2025-09-23 02:54:14,064 - INFO - Example /home/projects/bagon/shared/imagenet512/val/n02113186/ILSVRC2012_val_00016302.JPEG reached epsilon at step 2466, loss sum: 674.7782, final loss: 0.00099945, weight distance: 0.1232
2025-09-23 02:54:43,738 - INFO - Example /home/projects/bagon/shared/imagenet512/val/n02097658/ILSVRC2012_val_00007102.JPEG reached epsilon at step 2561, loss sum: 339.8667, final loss: 0.00099564, weight distance: 0.1138
2025-09-23 02:55:08,104 - INFO - Example /home/projects/bagon/shared/imagenet512/val/n02109047/ILSVRC2012_val_00049435.JPEG reached epsilon at step 2084, loss sum: 657.8790, final loss: 0.00099945, weight distance: 0.1099
2025-09-23 02:55:32,028 - INFO - Example /home/projects/bagon/shared/imagenet512/val/n01631663/ILSVRC2012_val_00029622.JPEG reached epsilon at step 2044, loss sum: 1239.7196, final loss: 0.00099754, weight distance: 0.1069
2025-09-23 02:55:51,950 - INFO - Example /home/projects/bagon/shared/imagenet512/val/n03657121/ILSVRC2012_val_00027626.JPEG reached epsilon at step 1694, loss sum: 244.1540, final loss: 0.00098705, weight distance: 0.0890
2025-09-23 02:56:07,303 - INFO - Example /home/projects/bagon/shared/imagenet512/val/n02100735/ILSVRC2012_val_00016187.JPEG reached epsilon at step 1295, loss sum: 135.9770, final loss: 0.00099850, weight distance: 0.0727
2025-09-23 02:56:28,858 - INFO - Example /home/projects/bagon/shared/imagenet512/val/n04070727/ILSVRC2012_val_00036831.JPEG reached epsilon at step 1840, loss sum: 918.1031, final loss: 0.00099945, weight distance: 0.1011
2025-09-23 02:56:56,572 - INFO - Example /home/projects/bagon/shared/imagenet512/val/n04154565/ILSVRC2012_val_00026682.JPEG reached epsilon at step 2383, loss sum: 2992.8033, final loss: 0.00099182, weight distance: 0.1410
2025-09-23 02:57:29,211 - INFO - Example /home/projects/bagon/shared/imagenet512/val/n02107908/ILSVRC2012_val_00040222.JPEG reached epsilon at step 2834, loss sum: 1107.9107, final loss: 0.00099850, weight distance: 0.1274
2025-09-23 02:57:43,857 - INFO - Example /home/projects/bagon/shared/imagenet512/val/n03485794/ILSVRC2012_val_00018873.JPEG reached epsilon at step 1218, loss sum: 419.9653, final loss: 0.00099468, weight distance: 0.0795
2025-09-23 02:58:10,812 - INFO - Example /home/projects/bagon/shared/imagenet512/val/n03706229/ILSVRC2012_val_00019455.JPEG reached epsilon at step 2354, loss sum: 962.9267, final loss: 0.00099564, weight distance: 0.1274
2025-09-23 02:58:30,115 - INFO - Example /home/projects/bagon/shared/imagenet512/val/n04270147/ILSVRC2012_val_00021865.JPEG reached epsilon at step 1660, loss sum: 496.7509, final loss: 0.00099754, weight distance: 0.0963
2025-09-23 02:59:00,442 - INFO - Example /home/projects/bagon/shared/imagenet512/val/n04317175/ILSVRC2012_val_00002662.JPEG reached epsilon at step 2635, loss sum: 933.0191, final loss: 0.00099087, weight distance: 0.1350
2025-09-23 02:59:18,213 - INFO - Example /home/projects/bagon/shared/imagenet512/val/n03467068/ILSVRC2012_val_00026034.JPEG reached epsilon at step 1515, loss sum: 1647.6811, final loss: 0.00099468, weight distance: 0.1077
2025-09-23 02:59:51,312 - INFO - Example /home/projects/bagon/shared/imagenet512/val/n03400231/ILSVRC2012_val_00045855.JPEG reached epsilon at step 2865, loss sum: 1315.9343, final loss: 0.00099564, weight distance: 0.1436
2025-09-23 03:00:15,750 - INFO - Example /home/projects/bagon/shared/imagenet512/val/n03891332/ILSVRC2012_val_00038587.JPEG reached epsilon at step 2091, loss sum: 1960.9590, final loss: 0.00099182, weight distance: 0.1306
2025-09-23 03:00:44,981 - INFO - Example /home/projects/bagon/shared/imagenet512/val/n02094258/ILSVRC2012_val_00030822.JPEG reached epsilon at step 2525, loss sum: 671.2451, final loss: 0.00098705, weight distance: 0.1079
2025-09-23 03:01:03,748 - INFO - Example /home/projects/bagon/shared/imagenet512/val/n02916936/ILSVRC2012_val_00046560.JPEG reached epsilon at step 1600, loss sum: 883.4022, final loss: 0.00099945, weight distance: 0.0980
2025-09-23 03:01:34,047 - INFO - Example /home/projects/bagon/shared/imagenet512/val/n02916936/ILSVRC2012_val_00004825.JPEG reached epsilon at step 2617, loss sum: 1852.8207, final loss: 0.00099850, weight distance: 0.1436
2025-09-23 03:01:52,329 - INFO - Example /home/projects/bagon/shared/imagenet512/val/n03089624/ILSVRC2012_val_00021637.JPEG reached epsilon at step 1557, loss sum: 192.0361, final loss: 0.00098991, weight distance: 0.0814
2025-09-23 03:02:38,229 - INFO - Example /home/projects/bagon/shared/imagenet512/val/n01756291/ILSVRC2012_val_00010465.JPEG reached epsilon at step 4029, loss sum: 216.3497, final loss: 0.00099659, weight distance: 0.1347
2025-09-23 03:03:20,243 - INFO - Example /home/projects/bagon/shared/imagenet512/val/n03637318/ILSVRC2012_val_00048021.JPEG reached epsilon at step 3654, loss sum: 346.3845, final loss: 0.00099659, weight distance: 0.1352
2025-09-23 03:03:59,353 - INFO - Example /home/projects/bagon/shared/imagenet512/val/n02028035/ILSVRC2012_val_00001521.JPEG reached epsilon at step 3400, loss sum: 2779.4049, final loss: 0.00099659, weight distance: 0.1606
2025-09-23 03:04:33,183 - INFO - Example /home/projects/bagon/shared/imagenet512/val/n07749582/ILSVRC2012_val_00033722.JPEG reached epsilon at step 2976, loss sum: 1104.3485, final loss: 0.00099373, weight distance: 0.1481
2025-09-23 03:05:25,397 - INFO - Example /home/projects/bagon/shared/imagenet512/val/n03710721/ILSVRC2012_val_00034525.JPEG reached epsilon at step 4521, loss sum: 963.3883, final loss: 0.00099850, weight distance: 0.1603
2025-09-23 03:05:56,357 - INFO - Example /home/projects/bagon/shared/imagenet512/val/n02113624/ILSVRC2012_val_00035459.JPEG reached epsilon at step 2666, loss sum: 45.0490, final loss: 0.00099754, weight distance: 0.0891
2025-09-23 03:06:21,399 - INFO - Example /home/projects/bagon/shared/imagenet512/val/n04258138/ILSVRC2012_val_00028935.JPEG reached epsilon at step 2147, loss sum: 1180.9179, final loss: 0.00098705, weight distance: 0.1233
2025-09-23 03:06:49,747 - INFO - Example /home/projects/bagon/shared/imagenet512/val/n04591713/ILSVRC2012_val_00027316.JPEG reached epsilon at step 2430, loss sum: 596.9239, final loss: 0.00098896, weight distance: 0.1075
2025-09-23 03:07:25,842 - INFO - Example /home/projects/bagon/shared/imagenet512/val/n03450230/ILSVRC2012_val_00018276.JPEG reached epsilon at step 3105, loss sum: 402.9700, final loss: 0.00099945, weight distance: 0.1269
2025-09-23 03:07:46,611 - INFO - Example /home/projects/bagon/shared/imagenet512/val/n02410509/ILSVRC2012_val_00039568.JPEG reached epsilon at step 1764, loss sum: 723.7359, final loss: 0.00099373, weight distance: 0.0897
2025-09-23 03:08:16,858 - INFO - Example /home/projects/bagon/shared/imagenet512/val/n03976657/ILSVRC2012_val_00022177.JPEG reached epsilon at step 2588, loss sum: 1779.0379, final loss: 0.00098896, weight distance: 0.1480
2025-09-23 03:08:42,215 - INFO - Example /home/projects/bagon/shared/imagenet512/val/n04525038/ILSVRC2012_val_00029779.JPEG reached epsilon at step 2171, loss sum: 1199.4876, final loss: 0.00098991, weight distance: 0.1244
2025-09-23 03:09:32,799 - INFO - Example /home/projects/bagon/shared/imagenet512/val/n03773504/ILSVRC2012_val_00033306.JPEG reached epsilon at step 4390, loss sum: 315.9625, final loss: 0.00099468, weight distance: 0.1569
2025-09-23 03:10:25,766 - INFO - Example /home/projects/bagon/shared/imagenet512/val/n02123045/ILSVRC2012_val_00036661.JPEG reached epsilon at step 4609, loss sum: 1962.9035, final loss: 0.00099564, weight distance: 0.1838
2025-09-23 03:10:44,237 - INFO - Example /home/projects/bagon/shared/imagenet512/val/n04505470/ILSVRC2012_val_00041420.JPEG reached epsilon at step 1525, loss sum: 197.5855, final loss: 0.00099182, weight distance: 0.0820
2025-09-23 03:11:16,904 - INFO - Example /home/projects/bagon/shared/imagenet512/val/n04599235/ILSVRC2012_val_00020021.JPEG reached epsilon at step 2853, loss sum: 533.2545, final loss: 0.00099659, weight distance: 0.1252
2025-09-23 03:11:44,577 - INFO - Example /home/projects/bagon/shared/imagenet512/val/n03930630/ILSVRC2012_val_00045071.JPEG reached epsilon at step 2408, loss sum: 718.1369, final loss: 0.00099564, weight distance: 0.1181
2025-09-23 03:11:53,559 - INFO - Example /home/projects/bagon/shared/imagenet512/val/n02364673/ILSVRC2012_val_00035921.JPEG reached epsilon at step 740, loss sum: 221.9282, final loss: 0.00099182, weight distance: 0.0524
2025-09-23 03:12:18,212 - INFO - Example /home/projects/bagon/shared/imagenet512/val/n03047690/ILSVRC2012_val_00014011.JPEG reached epsilon at step 2151, loss sum: 477.7369, final loss: 0.00099468, weight distance: 0.1075
2025-09-23 03:12:44,469 - INFO - Example /home/projects/bagon/shared/imagenet512/val/n03742115/ILSVRC2012_val_00045254.JPEG reached epsilon at step 2304, loss sum: 1560.3188, final loss: 0.00099850, weight distance: 0.1298
2025-09-23 03:13:00,225 - INFO - Example /home/projects/bagon/shared/imagenet512/val/n03404251/ILSVRC2012_val_00036931.JPEG reached epsilon at step 1361, loss sum: 1210.6293, final loss: 0.00099087, weight distance: 0.0930
2025-09-23 03:13:13,255 - INFO - Example /home/projects/bagon/shared/imagenet512/val/n07693725/ILSVRC2012_val_00020615.JPEG reached epsilon at step 1114, loss sum: 84.8813, final loss: 0.00099277, weight distance: 0.0597
2025-09-23 03:13:40,274 - INFO - Example /home/projects/bagon/shared/imagenet512/val/n04443257/ILSVRC2012_val_00003965.JPEG reached epsilon at step 2332, loss sum: 1823.6791, final loss: 0.00098991, weight distance: 0.1328
2025-09-23 03:14:14,103 - INFO - Example /home/projects/bagon/shared/imagenet512/val/n07932039/ILSVRC2012_val_00006588.JPEG reached epsilon at step 2928, loss sum: 3890.2135, final loss: 0.00099373, weight distance: 0.1810
2025-09-23 03:14:36,420 - INFO - Example /home/projects/bagon/shared/imagenet512/val/n07873807/ILSVRC2012_val_00005784.JPEG reached epsilon at step 1919, loss sum: 1029.3919, final loss: 0.00099850, weight distance: 0.1078
2025-09-23 03:15:03,577 - INFO - Example /home/projects/bagon/shared/imagenet512/val/n02730930/ILSVRC2012_val_00034582.JPEG reached epsilon at step 2347, loss sum: 2137.3892, final loss: 0.00099945, weight distance: 0.1378
2025-09-23 03:15:26,231 - INFO - Example /home/projects/bagon/shared/imagenet512/val/n02971356/ILSVRC2012_val_00008083.JPEG reached epsilon at step 1948, loss sum: 968.2106, final loss: 0.00099277, weight distance: 0.1084
2025-09-23 03:15:39,086 - INFO - Example /home/projects/bagon/shared/imagenet512/val/n03457902/ILSVRC2012_val_00019847.JPEG reached epsilon at step 1084, loss sum: 155.1651, final loss: 0.00099754, weight distance: 0.0614
2025-09-23 03:16:18,121 - INFO - Example /home/projects/bagon/shared/imagenet512/val/n02113799/ILSVRC2012_val_00000800.JPEG reached epsilon at step 3399, loss sum: 1668.4818, final loss: 0.00099659, weight distance: 0.1493
2025-09-23 03:16:49,632 - INFO - Example /home/projects/bagon/shared/imagenet512/val/n12144580/ILSVRC2012_val_00011594.JPEG reached epsilon at step 2717, loss sum: 191.2710, final loss: 0.00099277, weight distance: 0.1161
2025-09-23 03:17:12,866 - INFO - Example /home/projects/bagon/shared/imagenet512/val/n02790996/ILSVRC2012_val_00027401.JPEG reached epsilon at step 1989, loss sum: 2703.5227, final loss: 0.00099087, weight distance: 0.1295
2025-09-23 03:17:37,623 - INFO - Example /home/projects/bagon/shared/imagenet512/val/n04355338/ILSVRC2012_val_00048060.JPEG reached epsilon at step 2124, loss sum: 3533.1878, final loss: 0.00098801, weight distance: 0.1317
2025-09-23 03:18:05,179 - INFO - Example /home/projects/bagon/shared/imagenet512/val/n03188531/ILSVRC2012_val_00002075.JPEG reached epsilon at step 2387, loss sum: 2465.7429, final loss: 0.00099087, weight distance: 0.1415
2025-09-23 03:18:20,531 - INFO - Example /home/projects/bagon/shared/imagenet512/val/n02948072/ILSVRC2012_val_00041434.JPEG reached epsilon at step 1304, loss sum: 887.9618, final loss: 0.00098991, weight distance: 0.0917
2025-09-23 03:18:51,751 - INFO - Example /home/projects/bagon/shared/imagenet512/val/n03424325/ILSVRC2012_val_00027964.JPEG reached epsilon at step 2699, loss sum: 1724.6387, final loss: 0.00099277, weight distance: 0.1431
2025-09-23 03:19:17,345 - INFO - Example /home/projects/bagon/shared/imagenet512/val/n04462240/ILSVRC2012_val_00002610.JPEG reached epsilon at step 2176, loss sum: 2578.2930, final loss: 0.00098896, weight distance: 0.1379
2025-09-23 03:19:37,016 - INFO - Example /home/projects/bagon/shared/imagenet512/val/n06794110/ILSVRC2012_val_00034107.JPEG reached epsilon at step 1679, loss sum: 392.3978, final loss: 0.00099182, weight distance: 0.0873
2025-09-23 03:20:02,226 - INFO - Example /home/projects/bagon/shared/imagenet512/val/n01740131/ILSVRC2012_val_00038556.JPEG reached epsilon at step 2078, loss sum: 310.2988, final loss: 0.00099468, weight distance: 0.1024
2025-09-23 03:20:31,762 - INFO - Example /home/projects/bagon/shared/imagenet512/val/n02096294/ILSVRC2012_val_00003690.JPEG reached epsilon at step 2552, loss sum: 230.8668, final loss: 0.00099945, weight distance: 0.1068
2025-09-23 03:20:47,014 - INFO - Example /home/projects/bagon/shared/imagenet512/val/n06874185/ILSVRC2012_val_00000274.JPEG reached epsilon at step 1288, loss sum: 131.8250, final loss: 0.00099754, weight distance: 0.0698
2025-09-23 03:21:08,905 - INFO - Example /home/projects/bagon/shared/imagenet512/val/n02105251/ILSVRC2012_val_00042690.JPEG reached epsilon at step 1874, loss sum: 240.3487, final loss: 0.00099945, weight distance: 0.0889
2025-09-23 03:22:03,773 - INFO - Example /home/projects/bagon/shared/imagenet512/val/n04355933/ILSVRC2012_val_00028448.JPEG reached epsilon at step 4770, loss sum: 1325.8885, final loss: 0.00099564, weight distance: 0.1851
2025-09-23 03:22:18,232 - INFO - Example /home/projects/bagon/shared/imagenet512/val/n07802026/ILSVRC2012_val_00021515.JPEG reached epsilon at step 1221, loss sum: 541.8139, final loss: 0.00099659, weight distance: 0.0790
2025-09-23 03:22:56,968 - INFO - Example /home/projects/bagon/shared/imagenet512/val/n03770439/ILSVRC2012_val_00014113.JPEG reached epsilon at step 3364, loss sum: 3162.7832, final loss: 0.00099659, weight distance: 0.1726
2025-09-23 03:23:13,669 - INFO - Example /home/projects/bagon/shared/imagenet512/val/n03837869/ILSVRC2012_val_00035318.JPEG reached epsilon at step 1428, loss sum: 114.3939, final loss: 0.00099182, weight distance: 0.0715
2025-09-23 03:23:37,433 - INFO - Example /home/projects/bagon/shared/imagenet512/val/n02085620/ILSVRC2012_val_00011900.JPEG reached epsilon at step 2050, loss sum: 1596.6050, final loss: 0.00099945, weight distance: 0.1194
2025-09-23 03:24:14,353 - INFO - Example /home/projects/bagon/shared/imagenet512/val/n03933933/ILSVRC2012_val_00040544.JPEG reached epsilon at step 3208, loss sum: 385.8261, final loss: 0.00099373, weight distance: 0.1236
2025-09-23 03:25:13,551 - INFO - Example /home/projects/bagon/shared/imagenet512/val/n04355933/ILSVRC2012_val_00015733.JPEG reached epsilon at step 5178, loss sum: 677.7630, final loss: 0.00099850, weight distance: 0.1766
2025-09-23 03:25:56,215 - INFO - Example /home/projects/bagon/shared/imagenet512/val/n01756291/ILSVRC2012_val_00038102.JPEG reached epsilon at step 3716, loss sum: 378.4213, final loss: 0.00099754, weight distance: 0.1309
2025-09-23 03:26:32,297 - INFO - Example /home/projects/bagon/shared/imagenet512/val/n09428293/ILSVRC2012_val_00007177.JPEG reached epsilon at step 3123, loss sum: 354.7219, final loss: 0.00099468, weight distance: 0.1262
2025-09-23 03:26:46,505 - INFO - Example /home/projects/bagon/shared/imagenet512/val/n02077923/ILSVRC2012_val_00038371.JPEG reached epsilon at step 1201, loss sum: 1889.8705, final loss: 0.00099277, weight distance: 0.0920
2025-09-23 03:27:09,269 - INFO - Example /home/projects/bagon/shared/imagenet512/val/n02444819/ILSVRC2012_val_00046184.JPEG reached epsilon at step 1955, loss sum: 230.7292, final loss: 0.00098896, weight distance: 0.0868
2025-09-23 03:27:39,679 - INFO - Example /home/projects/bagon/shared/imagenet512/val/n04254120/ILSVRC2012_val_00045622.JPEG reached epsilon at step 2624, loss sum: 1231.0260, final loss: 0.00099087, weight distance: 0.1355
2025-09-23 03:28:02,409 - INFO - Example /home/projects/bagon/shared/imagenet512/val/n04099969/ILSVRC2012_val_00022208.JPEG reached epsilon at step 1952, loss sum: 1259.2522, final loss: 0.00099659, weight distance: 0.1099
2025-09-23 03:28:25,989 - INFO - Example /home/projects/bagon/shared/imagenet512/val/n04371430/ILSVRC2012_val_00022478.JPEG reached epsilon at step 2024, loss sum: 460.7624, final loss: 0.00099564, weight distance: 0.0956
2025-09-23 03:29:04,316 - INFO - Example /home/projects/bagon/shared/imagenet512/val/n04152593/ILSVRC2012_val_00001269.JPEG reached epsilon at step 3354, loss sum: 496.3363, final loss: 0.00099945, weight distance: 0.1434
2025-09-23 03:29:34,477 - INFO - Example /home/projects/bagon/shared/imagenet512/val/n03131574/ILSVRC2012_val_00034723.JPEG reached epsilon at step 2611, loss sum: 478.3432, final loss: 0.00099850, weight distance: 0.1202
2025-09-23 03:30:00,098 - INFO - Example /home/projects/bagon/shared/imagenet512/val/n01558993/ILSVRC2012_val_00045150.JPEG reached epsilon at step 2224, loss sum: 1679.4021, final loss: 0.00099945, weight distance: 0.1414
2025-09-23 03:30:27,539 - INFO - Example /home/projects/bagon/shared/imagenet512/val/n07716358/ILSVRC2012_val_00042295.JPEG reached epsilon at step 2364, loss sum: 1406.8655, final loss: 0.00099659, weight distance: 0.1245
2025-09-23 03:30:44,071 - INFO - Example /home/projects/bagon/shared/imagenet512/val/n03662601/ILSVRC2012_val_00003543.JPEG reached epsilon at step 1402, loss sum: 497.8336, final loss: 0.00099468, weight distance: 0.0847
2025-09-23 03:31:11,238 - INFO - Example /home/projects/bagon/shared/imagenet512/val/n02910353/ILSVRC2012_val_00033707.JPEG reached epsilon at step 2334, loss sum: 737.8249, final loss: 0.00099277, weight distance: 0.1151
2025-09-23 03:31:37,207 - INFO - Example /home/projects/bagon/shared/imagenet512/val/n03272010/ILSVRC2012_val_00009587.JPEG reached epsilon at step 2228, loss sum: 1083.2212, final loss: 0.00099468, weight distance: 0.1187
2025-09-23 03:32:00,472 - INFO - Example /home/projects/bagon/shared/imagenet512/val/n03775071/ILSVRC2012_val_00016272.JPEG reached epsilon at step 1996, loss sum: 973.6184, final loss: 0.00099564, weight distance: 0.1129
2025-09-23 03:32:25,759 - INFO - Example /home/projects/bagon/shared/imagenet512/val/n03179701/ILSVRC2012_val_00038357.JPEG reached epsilon at step 2177, loss sum: 273.7617, final loss: 0.00099277, weight distance: 0.0953
2025-09-23 03:32:56,024 - INFO - Example /home/projects/bagon/shared/imagenet512/val/n03814639/ILSVRC2012_val_00034119.JPEG reached epsilon at step 2618, loss sum: 2448.7680, final loss: 0.00099277, weight distance: 0.1509
2025-09-23 03:33:21,139 - INFO - Example /home/projects/bagon/shared/imagenet512/val/n02834397/ILSVRC2012_val_00013224.JPEG reached epsilon at step 2162, loss sum: 1237.8410, final loss: 0.00099087, weight distance: 0.1233
2025-09-23 03:33:49,230 - INFO - Example /home/projects/bagon/shared/imagenet512/val/n02930766/ILSVRC2012_val_00006258.JPEG reached epsilon at step 2427, loss sum: 833.3428, final loss: 0.00099945, weight distance: 0.1122
2025-09-23 03:34:20,197 - INFO - Example /home/projects/bagon/shared/imagenet512/val/n03124170/ILSVRC2012_val_00016536.JPEG reached epsilon at step 2670, loss sum: 1690.4507, final loss: 0.00099182, weight distance: 0.1302
2025-09-23 03:34:58,302 - INFO - Example /home/projects/bagon/shared/imagenet512/val/n02443484/ILSVRC2012_val_00047800.JPEG reached epsilon at step 3286, loss sum: 1047.6013, final loss: 0.00099468, weight distance: 0.1376
2025-09-23 03:35:30,951 - INFO - Example /home/projects/bagon/shared/imagenet512/val/n03916031/ILSVRC2012_val_00029383.JPEG reached epsilon at step 2816, loss sum: 1017.2900, final loss: 0.00099182, weight distance: 0.1372
2025-09-23 03:35:57,930 - INFO - Example /home/projects/bagon/shared/imagenet512/val/n04200800/ILSVRC2012_val_00028940.JPEG reached epsilon at step 2143, loss sum: 1723.8042, final loss: 0.00099087, weight distance: 0.1317
2025-09-23 03:36:12,972 - INFO - Example /home/projects/bagon/shared/imagenet512/val/n02892767/ILSVRC2012_val_00023370.JPEG reached epsilon at step 1273, loss sum: 780.9924, final loss: 0.00098991, weight distance: 0.0827
2025-09-23 03:36:37,225 - INFO - Example /home/projects/bagon/shared/imagenet512/val/n04201297/ILSVRC2012_val_00037763.JPEG reached epsilon at step 2067, loss sum: 158.1809, final loss: 0.00099945, weight distance: 0.0938
2025-09-23 03:37:03,241 - INFO - Example /home/projects/bagon/shared/imagenet512/val/n07920052/ILSVRC2012_val_00029384.JPEG reached epsilon at step 2262, loss sum: 1143.3173, final loss: 0.00099945, weight distance: 0.1173
2025-09-23 03:37:37,943 - INFO - Example /home/projects/bagon/shared/imagenet512/val/n03866082/ILSVRC2012_val_00043954.JPEG reached epsilon at step 3006, loss sum: 1274.0952, final loss: 0.00099182, weight distance: 0.1298
2025-09-23 03:37:54,771 - INFO - Example /home/projects/bagon/shared/imagenet512/val/n03481172/ILSVRC2012_val_00017991.JPEG reached epsilon at step 1425, loss sum: 1074.0991, final loss: 0.00099945, weight distance: 0.0940
2025-09-23 03:38:13,522 - INFO - Example /home/projects/bagon/shared/imagenet512/val/n03998194/ILSVRC2012_val_00026195.JPEG reached epsilon at step 1387, loss sum: 513.8983, final loss: 0.00098991, weight distance: 0.0839
2025-09-23 03:38:41,754 - INFO - Example /home/projects/bagon/shared/imagenet512/val/n04461696/ILSVRC2012_val_00041448.JPEG reached epsilon at step 2432, loss sum: 830.7689, final loss: 0.00099945, weight distance: 0.1244
2025-09-23 03:39:16,816 - INFO - Example /home/projects/bagon/shared/imagenet512/val/n02128925/ILSVRC2012_val_00027052.JPEG reached epsilon at step 3026, loss sum: 728.8581, final loss: 0.00099659, weight distance: 0.1269
2025-09-23 03:39:38,315 - INFO - Example /home/projects/bagon/shared/imagenet512/val/n02536864/ILSVRC2012_val_00040765.JPEG reached epsilon at step 1837, loss sum: 2127.3770, final loss: 0.00099564, weight distance: 0.1191
2025-09-23 03:39:58,746 - INFO - Example /home/projects/bagon/shared/imagenet512/val/n03041632/ILSVRC2012_val_00028494.JPEG reached epsilon at step 1750, loss sum: 1612.2784, final loss: 0.00099754, weight distance: 0.1137
2025-09-23 03:40:33,078 - INFO - Example /home/projects/bagon/shared/imagenet512/val/n02094258/ILSVRC2012_val_00033194.JPEG reached epsilon at step 2970, loss sum: 2291.5801, final loss: 0.00099659, weight distance: 0.1425
2025-09-23 03:41:17,017 - INFO - Example /home/projects/bagon/shared/imagenet512/val/n02089867/ILSVRC2012_val_00011792.JPEG reached epsilon at step 3810, loss sum: 1268.0988, final loss: 0.00099850, weight distance: 0.1593
2025-09-23 03:41:52,327 - INFO - Example /home/projects/bagon/shared/imagenet512/val/n09428293/ILSVRC2012_val_00048033.JPEG reached epsilon at step 3055, loss sum: 186.3671, final loss: 0.00099468, weight distance: 0.1087
2025-09-23 03:42:24,014 - INFO - Example /home/projects/bagon/shared/imagenet512/val/n04505470/ILSVRC2012_val_00026053.JPEG reached epsilon at step 2748, loss sum: 192.2812, final loss: 0.00099754, weight distance: 0.1126
2025-09-23 03:43:00,817 - INFO - Example /home/projects/bagon/shared/imagenet512/val/n03642806/ILSVRC2012_val_00016812.JPEG reached epsilon at step 3183, loss sum: 272.0055, final loss: 0.00099468, weight distance: 0.1329
2025-09-23 03:43:25,316 - INFO - Example /home/projects/bagon/shared/imagenet512/val/n02058221/ILSVRC2012_val_00018662.JPEG reached epsilon at step 2116, loss sum: 142.8724, final loss: 0.00099182, weight distance: 0.0868
2025-09-23 03:43:50,287 - INFO - Example /home/projects/bagon/shared/imagenet512/val/n03777754/ILSVRC2012_val_00042209.JPEG reached epsilon at step 2167, loss sum: 197.1157, final loss: 0.00099373, weight distance: 0.0946
2025-09-23 03:44:28,675 - INFO - Example /home/projects/bagon/shared/imagenet512/val/n04591713/ILSVRC2012_val_00033990.JPEG reached epsilon at step 3350, loss sum: 238.2875, final loss: 0.00099373, weight distance: 0.1233
2025-09-23 03:45:11,493 - INFO - Example /home/projects/bagon/shared/imagenet512/val/n02110185/ILSVRC2012_val_00024669.JPEG reached epsilon at step 3764, loss sum: 838.4188, final loss: 0.00099564, weight distance: 0.1443
2025-09-23 03:45:40,134 - INFO - Example /home/projects/bagon/shared/imagenet512/val/n04380533/ILSVRC2012_val_00041421.JPEG reached epsilon at step 2506, loss sum: 84.7061, final loss: 0.00098705, weight distance: 0.0927
2025-09-23 03:46:03,707 - INFO - Example /home/projects/bagon/shared/imagenet512/val/n04336792/ILSVRC2012_val_00031393.JPEG reached epsilon at step 2013, loss sum: 2294.6839, final loss: 0.00099087, weight distance: 0.1206
2025-09-23 03:46:28,789 - INFO - Example /home/projects/bagon/shared/imagenet512/val/n04604644/ILSVRC2012_val_00023248.JPEG reached epsilon at step 2153, loss sum: 2799.6221, final loss: 0.00099373, weight distance: 0.1353
2025-09-23 03:46:58,578 - INFO - Example /home/projects/bagon/shared/imagenet512/val/n03761084/ILSVRC2012_val_00005324.JPEG reached epsilon at step 2556, loss sum: 1031.1287, final loss: 0.00099754, weight distance: 0.1353
2025-09-23 03:47:20,549 - INFO - Example /home/projects/bagon/shared/imagenet512/val/n02966687/ILSVRC2012_val_00006795.JPEG reached epsilon at step 1916, loss sum: 333.9835, final loss: 0.00099754, weight distance: 0.0934
2025-09-23 03:47:46,750 - INFO - Example /home/projects/bagon/shared/imagenet512/val/n06794110/ILSVRC2012_val_00032281.JPEG reached epsilon at step 2244, loss sum: 1594.0466, final loss: 0.00098896, weight distance: 0.1276
2025-09-23 03:48:04,599 - INFO - Example /home/projects/bagon/shared/imagenet512/val/n01873310/ILSVRC2012_val_00007800.JPEG reached epsilon at step 1521, loss sum: 335.9988, final loss: 0.00098896, weight distance: 0.0760
2025-09-23 03:48:22,619 - INFO - Example /home/projects/bagon/shared/imagenet512/val/n06596364/ILSVRC2012_val_00015828.JPEG reached epsilon at step 1530, loss sum: 886.4936, final loss: 0.00098991, weight distance: 0.0991
2025-09-23 03:48:47,331 - INFO - Example /home/projects/bagon/shared/imagenet512/val/n04069434/ILSVRC2012_val_00006160.JPEG reached epsilon at step 2138, loss sum: 666.7456, final loss: 0.00099754, weight distance: 0.1090
2025-09-23 03:49:27,236 - INFO - Example /home/projects/bagon/shared/imagenet512/val/n03483316/ILSVRC2012_val_00026366.JPEG reached epsilon at step 2411, loss sum: 1401.3049, final loss: 0.00099277, weight distance: 0.1292
2025-09-23 03:49:53,177 - INFO - Example /home/projects/bagon/shared/imagenet512/val/n02481823/ILSVRC2012_val_00046456.JPEG reached epsilon at step 2244, loss sum: 769.9560, final loss: 0.00099945, weight distance: 0.1192
2025-09-23 03:50:12,876 - INFO - Example /home/projects/bagon/shared/imagenet512/val/n02100236/ILSVRC2012_val_00022367.JPEG reached epsilon at step 1696, loss sum: 551.1808, final loss: 0.00099087, weight distance: 0.0877
2025-09-23 03:51:00,104 - INFO - Example /home/projects/bagon/shared/imagenet512/val/n03180011/ILSVRC2012_val_00021772.JPEG reached epsilon at step 3650, loss sum: 502.0382, final loss: 0.00099659, weight distance: 0.1490
2025-09-23 03:51:37,099 - INFO - Example /home/projects/bagon/shared/imagenet512/val/n04041544/ILSVRC2012_val_00022244.JPEG reached epsilon at step 3237, loss sum: 1747.0812, final loss: 0.00099659, weight distance: 0.1551
2025-09-23 03:52:19,183 - INFO - Example /home/projects/bagon/shared/imagenet512/val/n02123045/ILSVRC2012_val_00035163.JPEG reached epsilon at step 3516, loss sum: 238.2311, final loss: 0.00099373, weight distance: 0.1286
2025-09-23 03:52:46,014 - INFO - Example /home/projects/bagon/shared/imagenet512/val/n03868863/ILSVRC2012_val_00026092.JPEG reached epsilon at step 2304, loss sum: 242.3270, final loss: 0.00099468, weight distance: 0.0978
2025-09-23 03:53:06,098 - INFO - Example /home/projects/bagon/shared/imagenet512/val/n03961711/ILSVRC2012_val_00034683.JPEG reached epsilon at step 1703, loss sum: 2080.8454, final loss: 0.00099468, weight distance: 0.1178
2025-09-23 03:53:22,324 - INFO - Example /home/projects/bagon/shared/imagenet512/val/n02687172/ILSVRC2012_val_00014273.JPEG reached epsilon at step 1374, loss sum: 188.7303, final loss: 0.00099754, weight distance: 0.0789
2025-09-23 03:53:47,450 - INFO - Example /home/projects/bagon/shared/imagenet512/val/n03047690/ILSVRC2012_val_00024814.JPEG reached epsilon at step 2152, loss sum: 441.3446, final loss: 0.00099087, weight distance: 0.1111
2025-09-23 03:54:30,678 - INFO - Example /home/projects/bagon/shared/imagenet512/val/n02749479/ILSVRC2012_val_00018057.JPEG reached epsilon at step 3731, loss sum: 572.2709, final loss: 0.00099945, weight distance: 0.1439
2025-09-23 03:54:54,250 - INFO - Example /home/projects/bagon/shared/imagenet512/val/n03792972/ILSVRC2012_val_00045315.JPEG reached epsilon at step 1785, loss sum: 2015.8452, final loss: 0.00099564, weight distance: 0.1227
2025-09-23 03:55:32,213 - INFO - Example /home/projects/bagon/shared/imagenet512/val/n03733805/ILSVRC2012_val_00009255.JPEG reached epsilon at step 3079, loss sum: 1626.9978, final loss: 0.00099087, weight distance: 0.1521
2025-09-23 03:55:58,062 - INFO - Example /home/projects/bagon/shared/imagenet512/val/n04330267/ILSVRC2012_val_00010115.JPEG reached epsilon at step 2211, loss sum: 2446.7006, final loss: 0.00099659, weight distance: 0.1253
2025-09-23 03:56:21,745 - INFO - Example /home/projects/bagon/shared/imagenet512/val/n04118538/ILSVRC2012_val_00024490.JPEG reached epsilon at step 2021, loss sum: 2637.6415, final loss: 0.00099373, weight distance: 0.1288
2025-09-23 03:56:50,336 - INFO - Example /home/projects/bagon/shared/imagenet512/val/n02356798/ILSVRC2012_val_00009581.JPEG reached epsilon at step 2441, loss sum: 1341.4751, final loss: 0.00099564, weight distance: 0.1273
2025-09-23 03:57:15,669 - INFO - Example /home/projects/bagon/shared/imagenet512/val/n02108422/ILSVRC2012_val_00017112.JPEG reached epsilon at step 2160, loss sum: 440.6205, final loss: 0.00099754, weight distance: 0.1015
2025-09-23 03:57:43,990 - INFO - Example /home/projects/bagon/shared/imagenet512/val/n04443257/ILSVRC2012_val_00012284.JPEG reached epsilon at step 2423, loss sum: 76.4484, final loss: 0.00098991, weight distance: 0.0867
2025-09-23 03:58:14,837 - INFO - Example /home/projects/bagon/shared/imagenet512/val/n01514668/ILSVRC2012_val_00009663.JPEG reached epsilon at step 2646, loss sum: 393.7815, final loss: 0.00099659, weight distance: 0.0995
2025-09-23 03:58:50,104 - INFO - Example /home/projects/bagon/shared/imagenet512/val/n03492542/ILSVRC2012_val_00016772.JPEG reached epsilon at step 3026, loss sum: 1362.8409, final loss: 0.00098801, weight distance: 0.1543
2025-09-23 03:59:08,246 - INFO - Example /home/projects/bagon/shared/imagenet512/val/n01980166/ILSVRC2012_val_00013999.JPEG reached epsilon at step 1540, loss sum: 319.5627, final loss: 0.00099850, weight distance: 0.0832
2025-09-23 03:59:42,490 - INFO - Example /home/projects/bagon/shared/imagenet512/val/n04596742/ILSVRC2012_val_00044786.JPEG reached epsilon at step 2949, loss sum: 861.3615, final loss: 0.00099182, weight distance: 0.1352
2025-09-23 04:00:10,854 - INFO - Example /home/projects/bagon/shared/imagenet512/val/n02909870/ILSVRC2012_val_00048205.JPEG reached epsilon at step 2432, loss sum: 1537.7726, final loss: 0.00099850, weight distance: 0.1335
2025-09-23 04:00:38,583 - INFO - Example /home/projects/bagon/shared/imagenet512/val/n04116512/ILSVRC2012_val_00047818.JPEG reached epsilon at step 2391, loss sum: 633.6140, final loss: 0.00099564, weight distance: 0.1154
2025-09-23 04:01:01,789 - INFO - Example /home/projects/bagon/shared/imagenet512/val/n03481172/ILSVRC2012_val_00017376.JPEG reached epsilon at step 1980, loss sum: 359.6397, final loss: 0.00099850, weight distance: 0.0880
2025-09-23 04:01:21,733 - INFO - Example /home/projects/bagon/shared/imagenet512/val/n09468604/ILSVRC2012_val_00039403.JPEG reached epsilon at step 1697, loss sum: 361.3367, final loss: 0.00099087, weight distance: 0.0884
2025-09-23 04:01:49,170 - INFO - Example /home/projects/bagon/shared/imagenet512/val/n03291819/ILSVRC2012_val_00033471.JPEG reached epsilon at step 2353, loss sum: 326.7038, final loss: 0.00099659, weight distance: 0.1053
2025-09-23 04:02:17,201 - INFO - Example /home/projects/bagon/shared/imagenet512/val/n02791124/ILSVRC2012_val_00026896.JPEG reached epsilon at step 2414, loss sum: 534.7114, final loss: 0.00099373, weight distance: 0.1138
2025-09-23 04:02:50,455 - INFO - Example /home/projects/bagon/shared/imagenet512/val/n04335435/ILSVRC2012_val_00031714.JPEG reached epsilon at step 2863, loss sum: 3840.3982, final loss: 0.00098801, weight distance: 0.1587
2025-09-23 04:03:19,356 - INFO - Example /home/projects/bagon/shared/imagenet512/val/n03450230/ILSVRC2012_val_00046067.JPEG reached epsilon at step 2480, loss sum: 1561.3012, final loss: 0.00099754, weight distance: 0.1377
2025-09-23 04:03:52,210 - INFO - Example /home/projects/bagon/shared/imagenet512/val/n03041632/ILSVRC2012_val_00011081.JPEG reached epsilon at step 2824, loss sum: 2214.5053, final loss: 0.00099850, weight distance: 0.1579
2025-09-23 04:04:24,879 - INFO - Example /home/projects/bagon/shared/imagenet512/val/n03873416/ILSVRC2012_val_00025434.JPEG reached epsilon at step 2826, loss sum: 227.6111, final loss: 0.00099182, weight distance: 0.1087
2025-09-23 04:05:07,138 - INFO - Example /home/projects/bagon/shared/imagenet512/val/n02119789/ILSVRC2012_val_00024529.JPEG reached epsilon at step 3645, loss sum: 811.3310, final loss: 0.00099945, weight distance: 0.1426
2025-09-23 04:05:28,336 - INFO - Example /home/projects/bagon/shared/imagenet512/val/n02909870/ILSVRC2012_val_00016300.JPEG reached epsilon at step 1797, loss sum: 1122.4887, final loss: 0.00099754, weight distance: 0.1120
2025-09-23 04:06:08,885 - INFO - Example /home/projects/bagon/shared/imagenet512/val/n12144580/ILSVRC2012_val_00035862.JPEG reached epsilon at step 3501, loss sum: 524.4508, final loss: 0.00099564, weight distance: 0.1484
2025-09-23 04:06:40,742 - INFO - Example /home/projects/bagon/shared/imagenet512/val/n03063689/ILSVRC2012_val_00033795.JPEG reached epsilon at step 2750, loss sum: 509.0164, final loss: 0.00099850, weight distance: 0.1228
2025-09-23 04:07:09,335 - INFO - Example /home/projects/bagon/shared/imagenet512/val/n04423845/ILSVRC2012_val_00039405.JPEG reached epsilon at step 2464, loss sum: 4264.7768, final loss: 0.00099373, weight distance: 0.1630
2025-09-23 04:07:34,212 - INFO - Example /home/projects/bagon/shared/imagenet512/val/n04259630/ILSVRC2012_val_00011542.JPEG reached epsilon at step 2138, loss sum: 1893.0858, final loss: 0.00099754, weight distance: 0.1137
2025-09-23 04:08:08,651 - INFO - Example /home/projects/bagon/shared/imagenet512/val/n01990800/ILSVRC2012_val_00029796.JPEG reached epsilon at step 3028, loss sum: 6649.4472, final loss: 0.00098991, weight distance: 0.1829
2025-09-23 04:08:30,487 - INFO - Example /home/projects/bagon/shared/imagenet512/val/n02088466/ILSVRC2012_val_00029326.JPEG reached epsilon at step 1910, loss sum: 878.0344, final loss: 0.00099468, weight distance: 0.1053
2025-09-23 04:09:10,797 - INFO - Example /home/projects/bagon/shared/imagenet512/val/n04041544/ILSVRC2012_val_00012770.JPEG reached epsilon at step 3551, loss sum: 1460.1492, final loss: 0.00098991, weight distance: 0.1594
2025-09-23 04:09:49,024 - INFO - Example /home/projects/bagon/shared/imagenet512/val/n02422699/ILSVRC2012_val_00034071.JPEG reached epsilon at step 3314, loss sum: 305.0159, final loss: 0.00099945, weight distance: 0.1229
2025-09-23 04:10:19,112 - INFO - Example /home/projects/bagon/shared/imagenet512/val/n02804414/ILSVRC2012_val_00047081.JPEG reached epsilon at step 2575, loss sum: 2161.2653, final loss: 0.00099373, weight distance: 0.1361
2025-09-23 04:10:45,021 - INFO - Example /home/projects/bagon/shared/imagenet512/val/n07717556/ILSVRC2012_val_00012599.JPEG reached epsilon at step 2227, loss sum: 703.8861, final loss: 0.00099850, weight distance: 0.1147
2025-09-23 04:11:03,801 - INFO - Example /home/projects/bagon/shared/imagenet512/val/n03445924/ILSVRC2012_val_00037830.JPEG reached epsilon at step 1607, loss sum: 1398.3690, final loss: 0.00099754, weight distance: 0.1067
2025-09-23 04:11:42,398 - INFO - Example /home/projects/bagon/shared/imagenet512/val/n02108915/ILSVRC2012_val_00008194.JPEG reached epsilon at step 3350, loss sum: 2119.4735, final loss: 0.00099468, weight distance: 0.1602
2025-09-23 04:12:10,521 - INFO - Example /home/projects/bagon/shared/imagenet512/val/n03498962/ILSVRC2012_val_00020887.JPEG reached epsilon at step 2424, loss sum: 514.4180, final loss: 0.00099277, weight distance: 0.1112
2025-09-23 04:12:32,433 - INFO - Example /home/projects/bagon/shared/imagenet512/val/n04467665/ILSVRC2012_val_00049660.JPEG reached epsilon at step 1879, loss sum: 175.8287, final loss: 0.00099087, weight distance: 0.0784
2025-09-23 04:13:09,412 - INFO - Example /home/projects/bagon/shared/imagenet512/val/n04041544/ILSVRC2012_val_00023022.JPEG reached epsilon at step 3200, loss sum: 2561.5624, final loss: 0.00099945, weight distance: 0.1490
2025-09-23 04:13:33,747 - INFO - Example /home/projects/bagon/shared/imagenet512/val/n04265275/ILSVRC2012_val_00045168.JPEG reached epsilon at step 2098, loss sum: 2217.3628, final loss: 0.00099850, weight distance: 0.1360
2025-09-23 04:13:59,406 - INFO - Example /home/projects/bagon/shared/imagenet512/val/n07871810/ILSVRC2012_val_00024893.JPEG reached epsilon at step 2217, loss sum: 889.1988, final loss: 0.00099850, weight distance: 0.1166
2025-09-23 04:14:31,106 - INFO - Example /home/projects/bagon/shared/imagenet512/val/n03899768/ILSVRC2012_val_00023562.JPEG reached epsilon at step 2743, loss sum: 497.0130, final loss: 0.00099182, weight distance: 0.1166
2025-09-23 04:15:03,665 - INFO - Example /home/projects/bagon/shared/imagenet512/val/n02119022/ILSVRC2012_val_00009066.JPEG reached epsilon at step 2819, loss sum: 2406.1351, final loss: 0.00099754, weight distance: 0.1328
2025-09-23 04:15:35,362 - INFO - Example /home/projects/bagon/shared/imagenet512/val/n04443257/ILSVRC2012_val_00022107.JPEG reached epsilon at step 2748, loss sum: 814.2153, final loss: 0.00099373, weight distance: 0.1305
2025-09-23 04:16:03,333 - INFO - Example /home/projects/bagon/shared/imagenet512/val/n04254120/ILSVRC2012_val_00044604.JPEG reached epsilon at step 2414, loss sum: 2629.4111, final loss: 0.00099468, weight distance: 0.1386
2025-09-23 04:16:43,740 - INFO - Example /home/projects/bagon/shared/imagenet512/val/n04392985/ILSVRC2012_val_00022460.JPEG reached epsilon at step 3519, loss sum: 1213.8474, final loss: 0.00099373, weight distance: 0.1587
2025-09-23 04:17:06,793 - INFO - Example /home/projects/bagon/shared/imagenet512/val/n03388183/ILSVRC2012_val_00022973.JPEG reached epsilon at step 1989, loss sum: 768.7173, final loss: 0.00099945, weight distance: 0.1087
2025-09-23 04:17:30,273 - INFO - Example /home/projects/bagon/shared/imagenet512/val/n04204238/ILSVRC2012_val_00035373.JPEG reached epsilon at step 2005, loss sum: 1237.0049, final loss: 0.00099373, weight distance: 0.1094
2025-09-23 04:18:13,480 - INFO - Example /home/projects/bagon/shared/imagenet512/val/n02110185/ILSVRC2012_val_00024432.JPEG reached epsilon at step 3760, loss sum: 448.4183, final loss: 0.00099850, weight distance: 0.1432
2025-09-23 04:18:35,528 - INFO - Example /home/projects/bagon/shared/imagenet512/val/n02108551/ILSVRC2012_val_00025852.JPEG reached epsilon at step 1851, loss sum: 782.7219, final loss: 0.00099277, weight distance: 0.1063
2025-09-23 04:19:02,841 - INFO - Example /home/projects/bagon/shared/imagenet512/val/n03691459/ILSVRC2012_val_00026785.JPEG reached epsilon at step 2352, loss sum: 780.4852, final loss: 0.00099277, weight distance: 0.1220
2025-09-23 04:19:20,954 - INFO - Example /home/projects/bagon/shared/imagenet512/val/n07932039/ILSVRC2012_val_00023089.JPEG reached epsilon at step 1544, loss sum: 1667.3030, final loss: 0.00099850, weight distance: 0.1055
2025-09-23 04:19:44,889 - INFO - Example /home/projects/bagon/shared/imagenet512/val/n03924679/ILSVRC2012_val_00026874.JPEG reached epsilon at step 2053, loss sum: 731.5362, final loss: 0.00099945, weight distance: 0.1147
2025-09-23 04:20:08,215 - INFO - Example /home/projects/bagon/shared/imagenet512/val/n02977058/ILSVRC2012_val_00023730.JPEG reached epsilon at step 2004, loss sum: 1530.5938, final loss: 0.00099564, weight distance: 0.1256
2025-09-23 04:20:30,453 - INFO - Example /home/projects/bagon/shared/imagenet512/val/n04270147/ILSVRC2012_val_00027594.JPEG reached epsilon at step 1905, loss sum: 1121.0276, final loss: 0.00099659, weight distance: 0.1096
2025-09-23 04:20:57,980 - INFO - Example /home/projects/bagon/shared/imagenet512/val/n04479046/ILSVRC2012_val_00021687.JPEG reached epsilon at step 2368, loss sum: 533.3215, final loss: 0.00098991, weight distance: 0.1076
2025-09-23 04:21:23,233 - INFO - Example /home/projects/bagon/shared/imagenet512/val/n04476259/ILSVRC2012_val_00000513.JPEG reached epsilon at step 2164, loss sum: 893.9868, final loss: 0.00099659, weight distance: 0.1197
2025-09-23 04:21:48,779 - INFO - Example /home/projects/bagon/shared/imagenet512/val/n04116512/ILSVRC2012_val_00018576.JPEG reached epsilon at step 2192, loss sum: 1649.1012, final loss: 0.00099373, weight distance: 0.1310
2025-09-23 04:22:05,445 - INFO - Example /home/projects/bagon/shared/imagenet512/val/n04435653/ILSVRC2012_val_00022517.JPEG reached epsilon at step 1409, loss sum: 469.1876, final loss: 0.00098705, weight distance: 0.0869
2025-09-23 04:22:31,685 - INFO - Example /home/projects/bagon/shared/imagenet512/val/n02325366/ILSVRC2012_val_00042110.JPEG reached epsilon at step 2272, loss sum: 190.4161, final loss: 0.00099564, weight distance: 0.0979
2025-09-23 04:23:17,370 - INFO - Example /home/projects/bagon/shared/imagenet512/val/n03709823/ILSVRC2012_val_00023727.JPEG reached epsilon at step 3971, loss sum: 3990.5079, final loss: 0.00099277, weight distance: 0.1940
2025-09-23 04:23:34,079 - INFO - Example /home/projects/bagon/shared/imagenet512/val/n02892201/ILSVRC2012_val_00028715.JPEG reached epsilon at step 1422, loss sum: 1195.2003, final loss: 0.00099087, weight distance: 0.0976
2025-09-23 04:23:50,964 - INFO - Example /home/projects/bagon/shared/imagenet512/val/n01873310/ILSVRC2012_val_00023078.JPEG reached epsilon at step 1432, loss sum: 1354.2358, final loss: 0.00099850, weight distance: 0.0971
2025-09-23 04:24:15,697 - INFO - Example /home/projects/bagon/shared/imagenet512/val/n03977966/ILSVRC2012_val_00042710.JPEG reached epsilon at step 2125, loss sum: 393.0145, final loss: 0.00099945, weight distance: 0.1014
2025-09-23 04:24:58,277 - INFO - Example /home/projects/bagon/shared/imagenet512/val/n04493381/ILSVRC2012_val_00033197.JPEG reached epsilon at step 3694, loss sum: 710.8957, final loss: 0.00098610, weight distance: 0.1543
2025-09-23 04:24:58,817 - INFO - Time limit reached. Exiting before starting next example.
