2025-09-23 02:32:51,542 - INFO - Parsed arguments:
2025-09-23 02:32:51,542 - INFO -   amp_dtype = None
2025-09-23 02:32:51,542 - INFO -   bars_npy = /home/projects/bagon/andreyg/Projects/BMM_school/Universal_learning/Programming/bars/geq6wrong_21017_geq6correct_1525_imagenet.npy
2025-09-23 02:32:51,542 - INFO -   cka_layer_fraction = 0.05
2025-09-23 02:32:51,542 - INFO -   current_worker = 0
2025-09-23 02:32:51,542 - INFO -   deterministic = True
2025-09-23 02:32:51,543 - INFO -   device = cuda
2025-09-23 02:32:51,543 - INFO -   epsilon = 0.001
2025-09-23 02:32:51,543 - INFO -   examples_csv = /home/projects/bagon/andreyg/Projects/BMM_school/Universal_learning/Programming/bars/geq6wrong_21017_geq6correct_1525_imagenet_examples_ammended.csv
2025-09-23 02:32:51,543 - INFO -   explicit_examples_for_training = None
2025-09-23 02:32:51,543 - INFO -   grad_clip_norm = 1.0
2025-09-23 02:32:51,543 - INFO -   hierarchy_json = /home/projects/bagon/andreyg/Projects/BMM_school/Universal_learning/Programming/bars/imagenet_synset_hierarchy.json
2025-09-23 02:32:51,543 - INFO -   imagenet_models_csv = /home/projects/bagon/andreyg/Projects/BMM_school/Universal_learning/Programming/bars/imagenet_models.csv
2025-09-23 02:32:51,543 - INFO -   lr = 0.0001
2025-09-23 02:32:51,543 - INFO -   max_examples = 50000
2025-09-23 02:32:51,543 - INFO -   max_steps_per_example = 10000
2025-09-23 02:32:51,543 - INFO -   model_csv_name = resnet_10t_176_classification_imagenet_1k
2025-09-23 02:32:51,543 - INFO -   model_name = resnet10t.c3_in1k
2025-09-23 02:32:51,543 - INFO -   no_amp = False
2025-09-23 02:32:51,543 - INFO -   num_workers = 8
2025-09-23 02:32:51,543 - INFO -   output_dir = /home/projects/bagon/andreyg/Projects/BMM_school/Universal_learning/Programming/training_gradient_evaluator_single_loss_parallel/output_parallel_8_workers_trial_2
2025-09-23 02:32:51,543 - INFO -   root_dir = None
2025-09-23 02:32:51,543 - INFO -   seed = 1337
2025-09-23 02:32:51,543 - INFO -   time_limit_seconds = 6300
2025-09-23 02:32:51,543 - INFO -   weight_decay = 0.0
2025-09-23 02:32:51,543 - INFO -   zero_aug_train = False
2025-09-23 02:32:52,355 - INFO - Loaded TIMM pretrained weights for resnet10t.c3_in1k
2025-09-23 02:32:52,355 - INFO - pretrained_cfg.url=https://github.com/rwightman/pytorch-image-models/releases/download/v0.1-rsb-weights/resnet10t_176_c3-f3215ab1.pth hf_hub_id=timm/resnet10t.c3_in1k
2025-09-23 02:32:52,629 - INFO - Training configuration:
2025-09-23 02:32:52,629 - INFO -   lr = 0.0001
2025-09-23 02:32:52,629 - INFO -   weight_decay = 0.0
2025-09-23 02:32:52,629 - INFO -   max_steps = 10000
2025-09-23 02:32:52,629 - INFO -   epsilon = 0.001
2025-09-23 02:32:52,629 - INFO -   device = cuda
2025-09-23 02:32:52,629 - INFO -   use_amp = True
2025-09-23 02:32:52,629 - INFO -   amp_dtype = None
2025-09-23 02:32:52,629 - INFO -   gradient_clip_norm = 1.0
2025-09-23 02:32:56,264 - INFO - CKA layer subset: selecting 1/29 layers (~5%)
2025-09-23 02:33:08,881 - INFO - Example /home/projects/bagon/shared/imagenet512/val/n03325584/ILSVRC2012_val_00007855.JPEG reached epsilon at step 928, loss sum: 19.6840, final loss: 0.00098991, weight distance: 0.0453
2025-09-23 02:33:31,303 - INFO - Example /home/projects/bagon/shared/imagenet512/val/n02279972/ILSVRC2012_val_00046412.JPEG reached epsilon at step 1869, loss sum: 795.5544, final loss: 0.00099468, weight distance: 0.1087
2025-09-23 02:33:43,535 - INFO - Example /home/projects/bagon/shared/imagenet512/val/n01774750/ILSVRC2012_val_00030405.JPEG reached epsilon at step 1017, loss sum: 274.6717, final loss: 0.00099373, weight distance: 0.0615
2025-09-23 02:34:04,343 - INFO - Example /home/projects/bagon/shared/imagenet512/val/n01614925/ILSVRC2012_val_00008151.JPEG reached epsilon at step 1733, loss sum: 348.0185, final loss: 0.00099373, weight distance: 0.0933
2025-09-23 02:34:27,372 - INFO - Example /home/projects/bagon/shared/imagenet512/val/n02787622/ILSVRC2012_val_00009566.JPEG reached epsilon at step 1900, loss sum: 854.1009, final loss: 0.00099087, weight distance: 0.1084
2025-09-23 02:34:47,275 - INFO - Example /home/projects/bagon/shared/imagenet512/val/n03814639/ILSVRC2012_val_00002713.JPEG reached epsilon at step 1620, loss sum: 1115.4820, final loss: 0.00098801, weight distance: 0.1039
2025-09-23 02:35:12,713 - INFO - Example /home/projects/bagon/shared/imagenet512/val/n02108551/ILSVRC2012_val_00017006.JPEG reached epsilon at step 2064, loss sum: 750.0009, final loss: 0.00099754, weight distance: 0.1016
2025-09-23 02:35:28,827 - INFO - Example /home/projects/bagon/shared/imagenet512/val/n01692333/ILSVRC2012_val_00015190.JPEG reached epsilon at step 1342, loss sum: 747.9480, final loss: 0.00098705, weight distance: 0.0868
2025-09-23 02:35:41,695 - INFO - Example /home/projects/bagon/shared/imagenet512/val/n03733131/ILSVRC2012_val_00026391.JPEG reached epsilon at step 1031, loss sum: 18.0802, final loss: 0.00099277, weight distance: 0.0474
2025-09-23 02:36:03,541 - INFO - Example /home/projects/bagon/shared/imagenet512/val/n02002724/ILSVRC2012_val_00018159.JPEG reached epsilon at step 1641, loss sum: 71.9699, final loss: 0.00099468, weight distance: 0.0647
2025-09-23 02:36:27,887 - INFO - Example /home/projects/bagon/shared/imagenet512/val/n02486261/ILSVRC2012_val_00038873.JPEG reached epsilon at step 2034, loss sum: 564.4888, final loss: 0.00099182, weight distance: 0.1037
2025-09-23 02:36:45,615 - INFO - Example /home/projects/bagon/shared/imagenet512/val/n03127747/ILSVRC2012_val_00001689.JPEG reached epsilon at step 1480, loss sum: 81.0390, final loss: 0.00099564, weight distance: 0.0687
2025-09-23 02:37:02,501 - INFO - Example /home/projects/bagon/shared/imagenet512/val/n07880968/ILSVRC2012_val_00020718.JPEG reached epsilon at step 1401, loss sum: 709.0011, final loss: 0.00099850, weight distance: 0.0890
2025-09-23 02:37:14,093 - INFO - Example /home/projects/bagon/shared/imagenet512/val/n01689811/ILSVRC2012_val_00038667.JPEG reached epsilon at step 952, loss sum: 130.8780, final loss: 0.00099182, weight distance: 0.0616
2025-09-23 02:37:28,261 - INFO - Example /home/projects/bagon/shared/imagenet512/val/n03240683/ILSVRC2012_val_00025774.JPEG reached epsilon at step 1166, loss sum: 67.6884, final loss: 0.00099850, weight distance: 0.0620
2025-09-23 02:37:55,021 - INFO - Example /home/projects/bagon/shared/imagenet512/val/n02101388/ILSVRC2012_val_00009088.JPEG reached epsilon at step 2005, loss sum: 192.6208, final loss: 0.00098896, weight distance: 0.0894
2025-09-23 02:38:20,204 - INFO - Example /home/projects/bagon/shared/imagenet512/val/n04423845/ILSVRC2012_val_00047072.JPEG reached epsilon at step 2128, loss sum: 494.8058, final loss: 0.00099182, weight distance: 0.1054
2025-09-23 02:38:49,683 - INFO - Example /home/projects/bagon/shared/imagenet512/val/n03977966/ILSVRC2012_val_00034103.JPEG reached epsilon at step 2492, loss sum: 97.5036, final loss: 0.00099277, weight distance: 0.0938
2025-09-23 02:39:00,950 - INFO - Example /home/projects/bagon/shared/imagenet512/val/n01498041/ILSVRC2012_val_00023239.JPEG reached epsilon at step 912, loss sum: 15.5104, final loss: 0.00099564, weight distance: 0.0424
2025-09-23 02:39:16,329 - INFO - Example /home/projects/bagon/shared/imagenet512/val/n02403003/ILSVRC2012_val_00034143.JPEG reached epsilon at step 1265, loss sum: 477.4771, final loss: 0.00099945, weight distance: 0.0754
2025-09-23 02:39:33,177 - INFO - Example /home/projects/bagon/shared/imagenet512/val/n02687172/ILSVRC2012_val_00048573.JPEG reached epsilon at step 1349, loss sum: 283.0470, final loss: 0.00099373, weight distance: 0.0789
2025-09-23 02:39:53,935 - INFO - Example /home/projects/bagon/shared/imagenet512/val/n04335435/ILSVRC2012_val_00024430.JPEG reached epsilon at step 1716, loss sum: 161.7118, final loss: 0.00099182, weight distance: 0.0827
2025-09-23 02:40:17,666 - INFO - Example /home/projects/bagon/shared/imagenet512/val/n04074963/ILSVRC2012_val_00037963.JPEG reached epsilon at step 1786, loss sum: 980.4819, final loss: 0.00099754, weight distance: 0.1030
2025-09-23 02:40:48,864 - INFO - Example /home/projects/bagon/shared/imagenet512/val/n02815834/ILSVRC2012_val_00018885.JPEG reached epsilon at step 2618, loss sum: 382.8152, final loss: 0.00099659, weight distance: 0.1096
2025-09-23 02:41:22,035 - INFO - Example /home/projects/bagon/shared/imagenet512/val/n04026417/ILSVRC2012_val_00011671.JPEG reached epsilon at step 2765, loss sum: 253.3440, final loss: 0.00099754, weight distance: 0.1088
2025-09-23 02:41:36,562 - INFO - Example /home/projects/bagon/shared/imagenet512/val/n04409515/ILSVRC2012_val_00036818.JPEG reached epsilon at step 1096, loss sum: 86.5250, final loss: 0.00098896, weight distance: 0.0604
2025-09-23 02:41:48,139 - INFO - Example /home/projects/bagon/shared/imagenet512/val/n02687172/ILSVRC2012_val_00045276.JPEG reached epsilon at step 951, loss sum: 208.4328, final loss: 0.00099373, weight distance: 0.0631
2025-09-23 02:42:04,066 - INFO - Example /home/projects/bagon/shared/imagenet512/val/n03697007/ILSVRC2012_val_00012312.JPEG reached epsilon at step 1284, loss sum: 84.5725, final loss: 0.00099468, weight distance: 0.0639
2025-09-23 02:42:27,970 - INFO - Example /home/projects/bagon/shared/imagenet512/val/n04065272/ILSVRC2012_val_00028509.JPEG reached epsilon at step 1916, loss sum: 188.9090, final loss: 0.00099277, weight distance: 0.0868
2025-09-23 02:42:49,199 - INFO - Example /home/projects/bagon/shared/imagenet512/val/n01580077/ILSVRC2012_val_00046280.JPEG reached epsilon at step 1803, loss sum: 362.2017, final loss: 0.00099945, weight distance: 0.0941
2025-09-23 02:42:58,831 - INFO - Example /home/projects/bagon/shared/imagenet512/val/n03944341/ILSVRC2012_val_00032550.JPEG reached epsilon at step 788, loss sum: 283.5658, final loss: 0.00098991, weight distance: 0.0557
2025-09-23 02:43:23,347 - INFO - Example /home/projects/bagon/shared/imagenet512/val/n02117135/ILSVRC2012_val_00035999.JPEG reached epsilon at step 1975, loss sum: 138.2536, final loss: 0.00099754, weight distance: 0.0728
2025-09-23 02:43:41,025 - INFO - Example /home/projects/bagon/shared/imagenet512/val/n02102973/ILSVRC2012_val_00025660.JPEG reached epsilon at step 1454, loss sum: 58.9747, final loss: 0.00099564, weight distance: 0.0653
2025-09-23 02:44:01,474 - INFO - Example /home/projects/bagon/shared/imagenet512/val/n04009552/ILSVRC2012_val_00007704.JPEG reached epsilon at step 1637, loss sum: 230.5643, final loss: 0.00099087, weight distance: 0.0845
2025-09-23 02:44:25,598 - INFO - Example /home/projects/bagon/shared/imagenet512/val/n02108915/ILSVRC2012_val_00026558.JPEG reached epsilon at step 2015, loss sum: 204.6428, final loss: 0.00099754, weight distance: 0.0910
2025-09-23 02:44:39,614 - INFO - Example /home/projects/bagon/shared/imagenet512/val/n03042490/ILSVRC2012_val_00019794.JPEG reached epsilon at step 1166, loss sum: 259.0672, final loss: 0.00099182, weight distance: 0.0678
2025-09-23 02:45:09,417 - INFO - Example /home/projects/bagon/shared/imagenet512/val/n04264628/ILSVRC2012_val_00024441.JPEG reached epsilon at step 2537, loss sum: 103.7009, final loss: 0.00099373, weight distance: 0.0979
2025-09-23 02:45:33,406 - INFO - Example /home/projects/bagon/shared/imagenet512/val/n04039381/ILSVRC2012_val_00012059.JPEG reached epsilon at step 2029, loss sum: 46.2377, final loss: 0.00099754, weight distance: 0.0737
2025-09-23 02:45:48,532 - INFO - Example /home/projects/bagon/shared/imagenet512/val/n07565083/ILSVRC2012_val_00021275.JPEG reached epsilon at step 1188, loss sum: 43.4533, final loss: 0.00099182, weight distance: 0.0575
2025-09-23 02:45:57,356 - INFO - Example /home/projects/bagon/shared/imagenet512/val/n01806143/ILSVRC2012_val_00049584.JPEG reached epsilon at step 719, loss sum: 250.6977, final loss: 0.00099945, weight distance: 0.0526
2025-09-23 02:46:11,902 - INFO - Example /home/projects/bagon/shared/imagenet512/val/n01688243/ILSVRC2012_val_00025025.JPEG reached epsilon at step 1211, loss sum: 230.8006, final loss: 0.00099373, weight distance: 0.0757
2025-09-23 02:46:34,331 - INFO - Example /home/projects/bagon/shared/imagenet512/val/n01737021/ILSVRC2012_val_00044544.JPEG reached epsilon at step 1895, loss sum: 1259.3127, final loss: 0.00099659, weight distance: 0.1064
2025-09-23 02:46:46,001 - INFO - Example /home/projects/bagon/shared/imagenet512/val/n03495258/ILSVRC2012_val_00022015.JPEG reached epsilon at step 956, loss sum: 142.1027, final loss: 0.00099659, weight distance: 0.0612
2025-09-23 02:46:59,964 - INFO - Example /home/projects/bagon/shared/imagenet512/val/n02219486/ILSVRC2012_val_00009720.JPEG reached epsilon at step 1157, loss sum: 113.1748, final loss: 0.00099945, weight distance: 0.0630
2025-09-23 02:47:12,025 - INFO - Example /home/projects/bagon/shared/imagenet512/val/n02256656/ILSVRC2012_val_00010562.JPEG reached epsilon at step 954, loss sum: 94.7129, final loss: 0.00098896, weight distance: 0.0543
2025-09-23 02:47:32,168 - INFO - Example /home/projects/bagon/shared/imagenet512/val/n04317175/ILSVRC2012_val_00012110.JPEG reached epsilon at step 1596, loss sum: 873.5676, final loss: 0.00099277, weight distance: 0.1038
2025-09-23 02:47:58,788 - INFO - Example /home/projects/bagon/shared/imagenet512/val/n03874599/ILSVRC2012_val_00030206.JPEG reached epsilon at step 2057, loss sum: 350.4025, final loss: 0.00099754, weight distance: 0.0986
2025-09-23 02:48:10,793 - INFO - Example /home/projects/bagon/shared/imagenet512/val/n01784675/ILSVRC2012_val_00030825.JPEG reached epsilon at step 985, loss sum: 28.2363, final loss: 0.00099754, weight distance: 0.0499
2025-09-23 02:48:24,434 - INFO - Example /home/projects/bagon/shared/imagenet512/val/n02480855/ILSVRC2012_val_00012496.JPEG reached epsilon at step 1102, loss sum: 169.3809, final loss: 0.00099754, weight distance: 0.0601
2025-09-23 02:48:44,180 - INFO - Example /home/projects/bagon/shared/imagenet512/val/n02776631/ILSVRC2012_val_00021256.JPEG reached epsilon at step 1574, loss sum: 412.1259, final loss: 0.00099373, weight distance: 0.0900
2025-09-23 02:49:12,736 - INFO - Example /home/projects/bagon/shared/imagenet512/val/n03804744/ILSVRC2012_val_00013531.JPEG reached epsilon at step 2381, loss sum: 811.5307, final loss: 0.00099468, weight distance: 0.1134
2025-09-23 02:49:46,991 - INFO - Example /home/projects/bagon/shared/imagenet512/val/n02108089/ILSVRC2012_val_00027128.JPEG reached epsilon at step 2157, loss sum: 122.7686, final loss: 0.00099659, weight distance: 0.0766
2025-09-23 02:50:00,980 - INFO - Example /home/projects/bagon/shared/imagenet512/val/n01443537/ILSVRC2012_val_00005870.JPEG reached epsilon at step 957, loss sum: 234.4942, final loss: 0.00099564, weight distance: 0.0619
2025-09-23 02:50:22,592 - INFO - Example /home/projects/bagon/shared/imagenet512/val/n04125021/ILSVRC2012_val_00024752.JPEG reached epsilon at step 1510, loss sum: 247.0204, final loss: 0.00099373, weight distance: 0.0830
2025-09-23 02:50:40,271 - INFO - Example /home/projects/bagon/shared/imagenet512/val/n02120079/ILSVRC2012_val_00039620.JPEG reached epsilon at step 1470, loss sum: 183.3045, final loss: 0.00099754, weight distance: 0.0714
2025-09-23 02:51:00,455 - INFO - Example /home/projects/bagon/shared/imagenet512/val/n02074367/ILSVRC2012_val_00008263.JPEG reached epsilon at step 1642, loss sum: 1031.6785, final loss: 0.00098801, weight distance: 0.0988
2025-09-23 02:51:14,633 - INFO - Example /home/projects/bagon/shared/imagenet512/val/n02012849/ILSVRC2012_val_00034198.JPEG reached epsilon at step 1186, loss sum: 7.2570, final loss: 0.00099945, weight distance: 0.0394
2025-09-23 02:51:45,241 - INFO - Example /home/projects/bagon/shared/imagenet512/val/n03930630/ILSVRC2012_val_00032894.JPEG reached epsilon at step 2598, loss sum: 171.8543, final loss: 0.00099277, weight distance: 0.1080
2025-09-23 02:52:07,942 - INFO - Example /home/projects/bagon/shared/imagenet512/val/n02236044/ILSVRC2012_val_00013395.JPEG reached epsilon at step 1702, loss sum: 149.3653, final loss: 0.00099754, weight distance: 0.0816
2025-09-23 02:52:26,939 - INFO - Example /home/projects/bagon/shared/imagenet512/val/n03958227/ILSVRC2012_val_00027382.JPEG reached epsilon at step 1592, loss sum: 1044.9694, final loss: 0.00098991, weight distance: 0.0992
2025-09-23 02:53:05,276 - INFO - Example /home/projects/bagon/shared/imagenet512/val/n02089867/ILSVRC2012_val_00036492.JPEG reached epsilon at step 3201, loss sum: 403.2989, final loss: 0.00099945, weight distance: 0.1145
2025-09-23 02:53:32,941 - INFO - Example /home/projects/bagon/shared/imagenet512/val/n03125729/ILSVRC2012_val_00010259.JPEG reached epsilon at step 2296, loss sum: 261.0584, final loss: 0.00099087, weight distance: 0.0876
2025-09-23 02:53:52,536 - INFO - Example /home/projects/bagon/shared/imagenet512/val/n02640242/ILSVRC2012_val_00048433.JPEG reached epsilon at step 1578, loss sum: 55.2693, final loss: 0.00099182, weight distance: 0.0685
2025-09-23 02:54:11,726 - INFO - Example /home/projects/bagon/shared/imagenet512/val/n04275548/ILSVRC2012_val_00040081.JPEG reached epsilon at step 1592, loss sum: 707.2087, final loss: 0.00099182, weight distance: 0.0934
2025-09-23 02:54:33,042 - INFO - Example /home/projects/bagon/shared/imagenet512/val/n03141823/ILSVRC2012_val_00006889.JPEG reached epsilon at step 1755, loss sum: 820.5561, final loss: 0.00099754, weight distance: 0.1013
2025-09-23 02:54:52,201 - INFO - Example /home/projects/bagon/shared/imagenet512/val/n03899768/ILSVRC2012_val_00021364.JPEG reached epsilon at step 1170, loss sum: 36.2695, final loss: 0.00098991, weight distance: 0.0555
2025-09-23 02:55:12,695 - INFO - Example /home/projects/bagon/shared/imagenet512/val/n02795169/ILSVRC2012_val_00028797.JPEG reached epsilon at step 1663, loss sum: 129.5005, final loss: 0.00099754, weight distance: 0.0762
2025-09-23 02:55:30,543 - INFO - Example /home/projects/bagon/shared/imagenet512/val/n07717410/ILSVRC2012_val_00040432.JPEG reached epsilon at step 1439, loss sum: 356.9495, final loss: 0.00099373, weight distance: 0.0846
2025-09-23 02:55:45,267 - INFO - Example /home/projects/bagon/shared/imagenet512/val/n03884397/ILSVRC2012_val_00000844.JPEG reached epsilon at step 1080, loss sum: 227.2152, final loss: 0.00099373, weight distance: 0.0688
2025-09-23 02:55:58,482 - INFO - Example /home/projects/bagon/shared/imagenet512/val/n03134739/ILSVRC2012_val_00026063.JPEG reached epsilon at step 1085, loss sum: 67.3016, final loss: 0.00099754, weight distance: 0.0583
2025-09-23 02:56:10,606 - INFO - Example /home/projects/bagon/shared/imagenet512/val/n02321529/ILSVRC2012_val_00035545.JPEG reached epsilon at step 986, loss sum: 47.0350, final loss: 0.00099182, weight distance: 0.0546
2025-09-23 02:56:36,358 - INFO - Example /home/projects/bagon/shared/imagenet512/val/n03930630/ILSVRC2012_val_00039508.JPEG reached epsilon at step 2143, loss sum: 80.4816, final loss: 0.00099659, weight distance: 0.0877
2025-09-23 02:57:06,611 - INFO - Example /home/projects/bagon/shared/imagenet512/val/n02963159/ILSVRC2012_val_00038892.JPEG reached epsilon at step 2238, loss sum: 524.6563, final loss: 0.00099659, weight distance: 0.1042
2025-09-23 02:57:24,196 - INFO - Example /home/projects/bagon/shared/imagenet512/val/n01534433/ILSVRC2012_val_00004577.JPEG reached epsilon at step 1467, loss sum: 153.1190, final loss: 0.00099277, weight distance: 0.0712
2025-09-23 02:57:49,589 - INFO - Example /home/projects/bagon/shared/imagenet512/val/n02815834/ILSVRC2012_val_00034634.JPEG reached epsilon at step 2133, loss sum: 152.2805, final loss: 0.00099754, weight distance: 0.0885
2025-09-23 02:58:23,677 - INFO - Example /home/projects/bagon/shared/imagenet512/val/n02396427/ILSVRC2012_val_00037643.JPEG reached epsilon at step 2463, loss sum: 68.3867, final loss: 0.00099564, weight distance: 0.0906
2025-09-23 02:58:51,591 - INFO - Example /home/projects/bagon/shared/imagenet512/val/n02777292/ILSVRC2012_val_00015365.JPEG reached epsilon at step 2255, loss sum: 62.4140, final loss: 0.00099468, weight distance: 0.0807
2025-09-23 02:59:07,111 - INFO - Example /home/projects/bagon/shared/imagenet512/val/n02437312/ILSVRC2012_val_00037772.JPEG reached epsilon at step 1283, loss sum: 70.3135, final loss: 0.00099182, weight distance: 0.0631
2025-09-23 02:59:16,616 - INFO - Example /home/projects/bagon/shared/imagenet512/val/n02134084/ILSVRC2012_val_00016340.JPEG reached epsilon at step 773, loss sum: 180.1409, final loss: 0.00099373, weight distance: 0.0511
2025-09-23 02:59:29,240 - INFO - Example /home/projects/bagon/shared/imagenet512/val/n04209239/ILSVRC2012_val_00013514.JPEG reached epsilon at step 1002, loss sum: 137.8718, final loss: 0.00099564, weight distance: 0.0605
2025-09-23 02:59:42,333 - INFO - Example /home/projects/bagon/shared/imagenet512/val/n02096437/ILSVRC2012_val_00026675.JPEG reached epsilon at step 1073, loss sum: 40.7977, final loss: 0.00099182, weight distance: 0.0518
2025-09-23 03:00:11,355 - INFO - Example /home/projects/bagon/shared/imagenet512/val/n02105412/ILSVRC2012_val_00011465.JPEG reached epsilon at step 2480, loss sum: 488.4933, final loss: 0.00099182, weight distance: 0.1131
2025-09-23 03:00:36,789 - INFO - Example /home/projects/bagon/shared/imagenet512/val/n03476684/ILSVRC2012_val_00002471.JPEG reached epsilon at step 2156, loss sum: 287.6746, final loss: 0.00099182, weight distance: 0.0998
2025-09-23 03:01:01,180 - INFO - Example /home/projects/bagon/shared/imagenet512/val/n02120079/ILSVRC2012_val_00027233.JPEG reached epsilon at step 2053, loss sum: 82.7501, final loss: 0.00099373, weight distance: 0.0721
2025-09-23 03:01:11,941 - INFO - Example /home/projects/bagon/shared/imagenet512/val/n04179913/ILSVRC2012_val_00001239.JPEG reached epsilon at step 884, loss sum: 47.9042, final loss: 0.00098705, weight distance: 0.0503
2025-09-23 03:01:26,562 - INFO - Example /home/projects/bagon/shared/imagenet512/val/n03325584/ILSVRC2012_val_00033608.JPEG reached epsilon at step 1217, loss sum: 437.3231, final loss: 0.00098705, weight distance: 0.0806
2025-09-23 03:02:00,889 - INFO - Example /home/projects/bagon/shared/imagenet512/val/n02488702/ILSVRC2012_val_00031100.JPEG reached epsilon at step 2854, loss sum: 473.1499, final loss: 0.00099564, weight distance: 0.1185
2025-09-23 03:02:14,494 - INFO - Example /home/projects/bagon/shared/imagenet512/val/n07717410/ILSVRC2012_val_00044960.JPEG reached epsilon at step 1037, loss sum: 125.0080, final loss: 0.00099277, weight distance: 0.0603
2025-09-23 03:02:31,420 - INFO - Example /home/projects/bagon/shared/imagenet512/val/n01795545/ILSVRC2012_val_00042859.JPEG reached epsilon at step 1412, loss sum: 150.3691, final loss: 0.00099373, weight distance: 0.0694
2025-09-23 03:02:54,843 - INFO - Example /home/projects/bagon/shared/imagenet512/val/n02814533/ILSVRC2012_val_00040706.JPEG reached epsilon at step 1973, loss sum: 68.3975, final loss: 0.00099850, weight distance: 0.0766
2025-09-23 03:03:22,494 - INFO - Example /home/projects/bagon/shared/imagenet512/val/n04596742/ILSVRC2012_val_00029572.JPEG reached epsilon at step 2342, loss sum: 240.1980, final loss: 0.00099945, weight distance: 0.0992
2025-09-23 03:03:47,351 - INFO - Example /home/projects/bagon/shared/imagenet512/val/n04229816/ILSVRC2012_val_00011305.JPEG reached epsilon at step 2098, loss sum: 574.2957, final loss: 0.00098991, weight distance: 0.1031
2025-09-23 03:04:08,385 - INFO - Example /home/projects/bagon/shared/imagenet512/val/n04208210/ILSVRC2012_val_00035208.JPEG reached epsilon at step 1767, loss sum: 484.2059, final loss: 0.00099087, weight distance: 0.0870
2025-09-23 03:04:31,127 - INFO - Example /home/projects/bagon/shared/imagenet512/val/n03729826/ILSVRC2012_val_00044803.JPEG reached epsilon at step 1913, loss sum: 215.6553, final loss: 0.00099754, weight distance: 0.0879
2025-09-23 03:05:03,473 - INFO - Example /home/projects/bagon/shared/imagenet512/val/n03785016/ILSVRC2012_val_00038388.JPEG reached epsilon at step 2752, loss sum: 71.0801, final loss: 0.00099373, weight distance: 0.0882
2025-09-23 03:05:27,482 - INFO - Example /home/projects/bagon/shared/imagenet512/val/n04336792/ILSVRC2012_val_00023176.JPEG reached epsilon at step 1879, loss sum: 444.8673, final loss: 0.00098991, weight distance: 0.1007
2025-09-23 03:05:49,119 - INFO - Example /home/projects/bagon/shared/imagenet512/val/n02037110/ILSVRC2012_val_00000548.JPEG reached epsilon at step 1819, loss sum: 115.8408, final loss: 0.00099468, weight distance: 0.0808
2025-09-23 03:06:07,810 - INFO - Example /home/projects/bagon/shared/imagenet512/val/n02484975/ILSVRC2012_val_00045413.JPEG reached epsilon at step 1567, loss sum: 190.6504, final loss: 0.00099659, weight distance: 0.0818
2025-09-23 03:06:33,108 - INFO - Example /home/projects/bagon/shared/imagenet512/val/n04367480/ILSVRC2012_val_00049559.JPEG reached epsilon at step 2129, loss sum: 82.6484, final loss: 0.00099182, weight distance: 0.0786
2025-09-23 03:06:59,067 - INFO - Example /home/projects/bagon/shared/imagenet512/val/n03759954/ILSVRC2012_val_00032691.JPEG reached epsilon at step 2104, loss sum: 1299.2264, final loss: 0.00099945, weight distance: 0.1179
2025-09-23 03:07:10,488 - INFO - Example /home/projects/bagon/shared/imagenet512/val/n02437312/ILSVRC2012_val_00049007.JPEG reached epsilon at step 837, loss sum: 25.5360, final loss: 0.00099373, weight distance: 0.0421
2025-09-23 03:07:34,314 - INFO - Example /home/projects/bagon/shared/imagenet512/val/n04254680/ILSVRC2012_val_00044160.JPEG reached epsilon at step 1999, loss sum: 192.0657, final loss: 0.00099277, weight distance: 0.0910
2025-09-23 03:07:40,790 - INFO - Example /home/projects/bagon/shared/imagenet512/val/n03788365/ILSVRC2012_val_00044292.JPEG reached epsilon at step 512, loss sum: 3.7862, final loss: 0.00099564, weight distance: 0.0258
2025-09-23 03:08:17,556 - INFO - Example /home/projects/bagon/shared/imagenet512/val/n02105855/ILSVRC2012_val_00001963.JPEG reached epsilon at step 2735, loss sum: 599.4670, final loss: 0.00099850, weight distance: 0.1224
2025-09-23 03:08:50,853 - INFO - Example /home/projects/bagon/shared/imagenet512/val/n01739381/ILSVRC2012_val_00037666.JPEG reached epsilon at step 2814, loss sum: 149.7736, final loss: 0.00099659, weight distance: 0.0896
2025-09-23 03:09:23,259 - INFO - Example /home/projects/bagon/shared/imagenet512/val/n01871265/ILSVRC2012_val_00034969.JPEG reached epsilon at step 2727, loss sum: 198.5707, final loss: 0.00099850, weight distance: 0.1128
2025-09-23 03:09:39,634 - INFO - Example /home/projects/bagon/shared/imagenet512/val/n02099849/ILSVRC2012_val_00027174.JPEG reached epsilon at step 1364, loss sum: 29.0690, final loss: 0.00099468, weight distance: 0.0585
2025-09-23 03:09:52,312 - INFO - Example /home/projects/bagon/shared/imagenet512/val/n02088094/ILSVRC2012_val_00016722.JPEG reached epsilon at step 783, loss sum: 5.3011, final loss: 0.00098991, weight distance: 0.0329
2025-09-23 03:10:07,424 - INFO - Example /home/projects/bagon/shared/imagenet512/val/n01795545/ILSVRC2012_val_00020683.JPEG reached epsilon at step 1242, loss sum: 341.2440, final loss: 0.00099277, weight distance: 0.0734
2025-09-23 03:10:15,744 - INFO - Example /home/projects/bagon/shared/imagenet512/val/n07717410/ILSVRC2012_val_00027745.JPEG reached epsilon at step 662, loss sum: 4.9137, final loss: 0.00099468, weight distance: 0.0298
2025-09-23 03:10:36,642 - INFO - Example /home/projects/bagon/shared/imagenet512/val/n02138441/ILSVRC2012_val_00016368.JPEG reached epsilon at step 1709, loss sum: 484.1153, final loss: 0.00099945, weight distance: 0.0829
2025-09-23 03:10:55,591 - INFO - Example /home/projects/bagon/shared/imagenet512/val/n01983481/ILSVRC2012_val_00028475.JPEG reached epsilon at step 1577, loss sum: 292.8483, final loss: 0.00098991, weight distance: 0.0767
2025-09-23 03:11:12,333 - INFO - Example /home/projects/bagon/shared/imagenet512/val/n04067472/ILSVRC2012_val_00043691.JPEG reached epsilon at step 1382, loss sum: 22.5104, final loss: 0.00099850, weight distance: 0.0553
2025-09-23 03:11:37,109 - INFO - Example /home/projects/bagon/shared/imagenet512/val/n04153751/ILSVRC2012_val_00012421.JPEG reached epsilon at step 2083, loss sum: 328.2754, final loss: 0.00099373, weight distance: 0.0978
2025-09-23 03:12:05,557 - INFO - Example /home/projects/bagon/shared/imagenet512/val/n03888605/ILSVRC2012_val_00036323.JPEG reached epsilon at step 2394, loss sum: 35.6550, final loss: 0.00099564, weight distance: 0.0801
2025-09-23 03:12:32,750 - INFO - Example /home/projects/bagon/shared/imagenet512/val/n02097047/ILSVRC2012_val_00036019.JPEG reached epsilon at step 2129, loss sum: 322.7780, final loss: 0.00099564, weight distance: 0.0887
2025-09-23 03:12:51,961 - INFO - Example /home/projects/bagon/shared/imagenet512/val/n02093647/ILSVRC2012_val_00003887.JPEG reached epsilon at step 1350, loss sum: 22.4861, final loss: 0.00099659, weight distance: 0.0559
2025-09-23 03:13:05,386 - INFO - Example /home/projects/bagon/shared/imagenet512/val/n02319095/ILSVRC2012_val_00035430.JPEG reached epsilon at step 1081, loss sum: 51.6892, final loss: 0.00099373, weight distance: 0.0560
2025-09-23 03:13:21,515 - INFO - Example /home/projects/bagon/shared/imagenet512/val/n02488291/ILSVRC2012_val_00002477.JPEG reached epsilon at step 1338, loss sum: 60.0243, final loss: 0.00099659, weight distance: 0.0581
2025-09-23 03:13:35,824 - INFO - Example /home/projects/bagon/shared/imagenet512/val/n03763968/ILSVRC2012_val_00038094.JPEG reached epsilon at step 1177, loss sum: 232.1611, final loss: 0.00099754, weight distance: 0.0662
2025-09-23 03:13:41,234 - INFO - Example /home/projects/bagon/shared/imagenet512/val/n02395406/ILSVRC2012_val_00031236.JPEG reached epsilon at step 417, loss sum: 5.1419, final loss: 0.00099945, weight distance: 0.0248
2025-09-23 03:13:59,921 - INFO - Example /home/projects/bagon/shared/imagenet512/val/n04070727/ILSVRC2012_val_00030034.JPEG reached epsilon at step 1535, loss sum: 232.6008, final loss: 0.00099564, weight distance: 0.0815
2025-09-23 03:14:24,093 - INFO - Example /home/projects/bagon/shared/imagenet512/val/n02441942/ILSVRC2012_val_00026472.JPEG reached epsilon at step 2042, loss sum: 75.5236, final loss: 0.00098991, weight distance: 0.0717
2025-09-23 03:14:41,798 - INFO - Example /home/projects/bagon/shared/imagenet512/val/n04252225/ILSVRC2012_val_00013986.JPEG reached epsilon at step 1470, loss sum: 331.3893, final loss: 0.00099754, weight distance: 0.0827
2025-09-23 03:15:07,520 - INFO - Example /home/projects/bagon/shared/imagenet512/val/n02102177/ILSVRC2012_val_00025493.JPEG reached epsilon at step 2159, loss sum: 269.7026, final loss: 0.00099754, weight distance: 0.0983
2025-09-23 03:15:25,447 - INFO - Example /home/projects/bagon/shared/imagenet512/val/n03000247/ILSVRC2012_val_00020322.JPEG reached epsilon at step 1489, loss sum: 500.8720, final loss: 0.00099850, weight distance: 0.0820
2025-09-23 03:15:43,452 - INFO - Example /home/projects/bagon/shared/imagenet512/val/n03944341/ILSVRC2012_val_00025817.JPEG reached epsilon at step 1495, loss sum: 1642.8214, final loss: 0.00099468, weight distance: 0.1058
2025-09-23 03:16:17,001 - INFO - Example /home/projects/bagon/shared/imagenet512/val/n04026417/ILSVRC2012_val_00036411.JPEG reached epsilon at step 2823, loss sum: 372.7283, final loss: 0.00099277, weight distance: 0.1067
2025-09-23 03:16:33,075 - INFO - Example /home/projects/bagon/shared/imagenet512/val/n01943899/ILSVRC2012_val_00038001.JPEG reached epsilon at step 1316, loss sum: 333.7293, final loss: 0.00098991, weight distance: 0.0799
2025-09-23 03:17:03,038 - INFO - Example /home/projects/bagon/shared/imagenet512/val/n02815834/ILSVRC2012_val_00037928.JPEG reached epsilon at step 2526, loss sum: 362.7658, final loss: 0.00099945, weight distance: 0.1045
2025-09-23 03:17:15,668 - INFO - Example /home/projects/bagon/shared/imagenet512/val/n03133878/ILSVRC2012_val_00042723.JPEG reached epsilon at step 1045, loss sum: 109.0891, final loss: 0.00099850, weight distance: 0.0586
2025-09-23 03:17:36,038 - INFO - Example /home/projects/bagon/shared/imagenet512/val/n02110958/ILSVRC2012_val_00033673.JPEG reached epsilon at step 1712, loss sum: 45.4701, final loss: 0.00099373, weight distance: 0.0673
2025-09-23 03:18:01,306 - INFO - Example /home/projects/bagon/shared/imagenet512/val/n02138441/ILSVRC2012_val_00033234.JPEG reached epsilon at step 2112, loss sum: 280.4393, final loss: 0.00099564, weight distance: 0.0851
2025-09-23 03:18:22,778 - INFO - Example /home/projects/bagon/shared/imagenet512/val/n03041632/ILSVRC2012_val_00034599.JPEG reached epsilon at step 1793, loss sum: 307.7284, final loss: 0.00099754, weight distance: 0.0896
2025-09-23 03:18:47,956 - INFO - Example /home/projects/bagon/shared/imagenet512/val/n02536864/ILSVRC2012_val_00046522.JPEG reached epsilon at step 2103, loss sum: 516.3847, final loss: 0.00099182, weight distance: 0.1002
2025-09-23 03:19:09,107 - INFO - Example /home/projects/bagon/shared/imagenet512/val/n04133789/ILSVRC2012_val_00029942.JPEG reached epsilon at step 1774, loss sum: 539.0521, final loss: 0.00099754, weight distance: 0.0954
2025-09-23 03:19:37,754 - INFO - Example /home/projects/bagon/shared/imagenet512/val/n02403003/ILSVRC2012_val_00049278.JPEG reached epsilon at step 2423, loss sum: 762.9171, final loss: 0.00099754, weight distance: 0.1223
2025-09-23 03:19:52,608 - INFO - Example /home/projects/bagon/shared/imagenet512/val/n02231487/ILSVRC2012_val_00009943.JPEG reached epsilon at step 1236, loss sum: 91.8340, final loss: 0.00099754, weight distance: 0.0600
2025-09-23 03:20:14,548 - INFO - Example /home/projects/bagon/shared/imagenet512/val/n04229816/ILSVRC2012_val_00005577.JPEG reached epsilon at step 1817, loss sum: 576.1535, final loss: 0.00099468, weight distance: 0.0951
2025-09-23 03:20:35,955 - INFO - Example /home/projects/bagon/shared/imagenet512/val/n02025239/ILSVRC2012_val_00033718.JPEG reached epsilon at step 1793, loss sum: 268.9883, final loss: 0.00098896, weight distance: 0.0858
2025-09-23 03:20:52,206 - INFO - Example /home/projects/bagon/shared/imagenet512/val/n01514668/ILSVRC2012_val_00009219.JPEG reached epsilon at step 1345, loss sum: 54.6856, final loss: 0.00099564, weight distance: 0.0540
2025-09-23 03:21:17,225 - INFO - Example /home/projects/bagon/shared/imagenet512/val/n01614925/ILSVRC2012_val_00044921.JPEG reached epsilon at step 2112, loss sum: 279.2596, final loss: 0.00098991, weight distance: 0.0966
2025-09-23 03:21:34,427 - INFO - Example /home/projects/bagon/shared/imagenet512/val/n03485794/ILSVRC2012_val_00033870.JPEG reached epsilon at step 1439, loss sum: 286.0558, final loss: 0.00099754, weight distance: 0.0750
2025-09-23 03:21:41,988 - INFO - Example /home/projects/bagon/shared/imagenet512/val/n02398521/ILSVRC2012_val_00001473.JPEG reached epsilon at step 561, loss sum: 17.0677, final loss: 0.00099754, weight distance: 0.0352
2025-09-23 03:22:03,549 - INFO - Example /home/projects/bagon/shared/imagenet512/val/n04273569/ILSVRC2012_val_00031072.JPEG reached epsilon at step 1778, loss sum: 375.4032, final loss: 0.00099087, weight distance: 0.0976
2025-09-23 03:22:28,914 - INFO - Example /home/projects/bagon/shared/imagenet512/val/n03017168/ILSVRC2012_val_00035720.JPEG reached epsilon at step 2121, loss sum: 244.1815, final loss: 0.00099564, weight distance: 0.0928
2025-09-23 03:22:56,570 - INFO - Example /home/projects/bagon/shared/imagenet512/val/n02978881/ILSVRC2012_val_00016154.JPEG reached epsilon at step 2246, loss sum: 713.8249, final loss: 0.00099754, weight distance: 0.1185
2025-09-23 03:23:29,645 - INFO - Example /home/projects/bagon/shared/imagenet512/val/n02094258/ILSVRC2012_val_00030671.JPEG reached epsilon at step 2802, loss sum: 233.2804, final loss: 0.00099564, weight distance: 0.1067
2025-09-23 03:23:32,802 - INFO - Example /home/projects/bagon/shared/imagenet512/val/n03404251/ILSVRC2012_val_00018215.JPEG reached epsilon at step 223, loss sum: 0.4442, final loss: 0.00098801, weight distance: 0.0083
2025-09-23 03:23:47,526 - INFO - Example /home/projects/bagon/shared/imagenet512/val/n01986214/ILSVRC2012_val_00005582.JPEG reached epsilon at step 1218, loss sum: 118.9005, final loss: 0.00099659, weight distance: 0.0631
2025-09-23 03:24:08,455 - INFO - Example /home/projects/bagon/shared/imagenet512/val/n02099849/ILSVRC2012_val_00040639.JPEG reached epsilon at step 1751, loss sum: 90.1484, final loss: 0.00099945, weight distance: 0.0717
2025-09-23 03:24:26,440 - INFO - Example /home/projects/bagon/shared/imagenet512/val/n04589890/ILSVRC2012_val_00029584.JPEG reached epsilon at step 1489, loss sum: 430.5245, final loss: 0.00099468, weight distance: 0.0887
2025-09-23 03:24:47,933 - INFO - Example /home/projects/bagon/shared/imagenet512/val/n03976657/ILSVRC2012_val_00026898.JPEG reached epsilon at step 1802, loss sum: 70.1069, final loss: 0.00099659, weight distance: 0.0731
2025-09-23 03:25:15,893 - INFO - Example /home/projects/bagon/shared/imagenet512/val/n02106030/ILSVRC2012_val_00009055.JPEG reached epsilon at step 2347, loss sum: 198.0481, final loss: 0.00099659, weight distance: 0.0991
2025-09-23 03:25:29,421 - INFO - Example /home/projects/bagon/shared/imagenet512/val/n03630383/ILSVRC2012_val_00019735.JPEG reached epsilon at step 1118, loss sum: 47.8104, final loss: 0.00099945, weight distance: 0.0564
2025-09-23 03:25:48,159 - INFO - Example /home/projects/bagon/shared/imagenet512/val/n03961711/ILSVRC2012_val_00010631.JPEG reached epsilon at step 1557, loss sum: 531.5962, final loss: 0.00098991, weight distance: 0.0911
2025-09-23 03:26:07,968 - INFO - Example /home/projects/bagon/shared/imagenet512/val/n04049303/ILSVRC2012_val_00038346.JPEG reached epsilon at step 1652, loss sum: 262.2327, final loss: 0.00099182, weight distance: 0.0808
2025-09-23 03:26:17,919 - INFO - Example /home/projects/bagon/shared/imagenet512/val/n03485794/ILSVRC2012_val_00018118.JPEG reached epsilon at step 811, loss sum: 76.3431, final loss: 0.00098896, weight distance: 0.0476
2025-09-23 03:26:32,226 - INFO - Example /home/projects/bagon/shared/imagenet512/val/n04372370/ILSVRC2012_val_00026447.JPEG reached epsilon at step 1165, loss sum: 314.5192, final loss: 0.00099850, weight distance: 0.0747
2025-09-23 03:26:48,024 - INFO - Example /home/projects/bagon/shared/imagenet512/val/n04116512/ILSVRC2012_val_00015501.JPEG reached epsilon at step 1303, loss sum: 113.6649, final loss: 0.00099659, weight distance: 0.0703
2025-09-23 03:27:15,496 - INFO - Example /home/projects/bagon/shared/imagenet512/val/n04376876/ILSVRC2012_val_00010898.JPEG reached epsilon at step 2306, loss sum: 209.4613, final loss: 0.00099659, weight distance: 0.1004
2025-09-23 03:27:25,221 - INFO - Example /home/projects/bagon/shared/imagenet512/val/n04456115/ILSVRC2012_val_00015178.JPEG reached epsilon at step 792, loss sum: 183.4202, final loss: 0.00099182, weight distance: 0.0547
2025-09-23 03:27:54,471 - INFO - Example /home/projects/bagon/shared/imagenet512/val/n03637318/ILSVRC2012_val_00033621.JPEG reached epsilon at step 2468, loss sum: 564.8679, final loss: 0.00099850, weight distance: 0.1062
2025-09-23 03:28:16,272 - INFO - Example /home/projects/bagon/shared/imagenet512/val/n02028035/ILSVRC2012_val_00023199.JPEG reached epsilon at step 1836, loss sum: 157.9256, final loss: 0.00099850, weight distance: 0.0806
2025-09-23 03:28:39,102 - INFO - Example /home/projects/bagon/shared/imagenet512/val/n01877812/ILSVRC2012_val_00027300.JPEG reached epsilon at step 1916, loss sum: 232.9616, final loss: 0.00099850, weight distance: 0.0919
2025-09-23 03:28:54,722 - INFO - Example /home/projects/bagon/shared/imagenet512/val/n03958227/ILSVRC2012_val_00041533.JPEG reached epsilon at step 1295, loss sum: 272.9070, final loss: 0.00099945, weight distance: 0.0759
2025-09-23 03:29:09,474 - INFO - Example /home/projects/bagon/shared/imagenet512/val/n04200800/ILSVRC2012_val_00003291.JPEG reached epsilon at step 1221, loss sum: 561.9896, final loss: 0.00099087, weight distance: 0.0807
2025-09-23 03:29:31,953 - INFO - Example /home/projects/bagon/shared/imagenet512/val/n02701002/ILSVRC2012_val_00016090.JPEG reached epsilon at step 1891, loss sum: 130.8965, final loss: 0.00099373, weight distance: 0.0852
2025-09-23 03:30:01,008 - INFO - Example /home/projects/bagon/shared/imagenet512/val/n02281406/ILSVRC2012_val_00045771.JPEG reached epsilon at step 2459, loss sum: 1125.8536, final loss: 0.00099754, weight distance: 0.1336
2025-09-23 03:30:16,579 - INFO - Example /home/projects/bagon/shared/imagenet512/val/n04540053/ILSVRC2012_val_00044431.JPEG reached epsilon at step 1282, loss sum: 62.6272, final loss: 0.00099182, weight distance: 0.0624
2025-09-23 03:30:27,864 - INFO - Example /home/projects/bagon/shared/imagenet512/val/n02488702/ILSVRC2012_val_00039808.JPEG reached epsilon at step 928, loss sum: 46.3965, final loss: 0.00099850, weight distance: 0.0529
2025-09-23 03:30:46,597 - INFO - Example /home/projects/bagon/shared/imagenet512/val/n01560419/ILSVRC2012_val_00026929.JPEG reached epsilon at step 1571, loss sum: 255.3618, final loss: 0.00099850, weight distance: 0.0823
2025-09-23 03:31:14,994 - INFO - Example /home/projects/bagon/shared/imagenet512/val/n04398044/ILSVRC2012_val_00006001.JPEG reached epsilon at step 2357, loss sum: 703.3856, final loss: 0.00099468, weight distance: 0.1153
2025-09-23 03:31:27,521 - INFO - Example /home/projects/bagon/shared/imagenet512/val/n07760859/ILSVRC2012_val_00004368.JPEG reached epsilon at step 1024, loss sum: 383.2075, final loss: 0.00099277, weight distance: 0.0682
2025-09-23 03:31:57,780 - INFO - Example /home/projects/bagon/shared/imagenet512/val/n02692877/ILSVRC2012_val_00046169.JPEG reached epsilon at step 2542, loss sum: 2014.9198, final loss: 0.00099754, weight distance: 0.1427
2025-09-23 03:32:14,774 - INFO - Example /home/projects/bagon/shared/imagenet512/val/n02091831/ILSVRC2012_val_00000300.JPEG reached epsilon at step 1378, loss sum: 149.2628, final loss: 0.00099087, weight distance: 0.0673
2025-09-23 03:32:36,260 - INFO - Example /home/projects/bagon/shared/imagenet512/val/n02356798/ILSVRC2012_val_00000502.JPEG reached epsilon at step 1789, loss sum: 255.5626, final loss: 0.00099564, weight distance: 0.0882
2025-09-23 03:32:51,230 - INFO - Example /home/projects/bagon/shared/imagenet512/val/n03814639/ILSVRC2012_val_00000243.JPEG reached epsilon at step 1247, loss sum: 117.4581, final loss: 0.00099373, weight distance: 0.0659
2025-09-23 03:33:07,898 - INFO - Example /home/projects/bagon/shared/imagenet512/val/n02444819/ILSVRC2012_val_00032606.JPEG reached epsilon at step 1391, loss sum: 649.2888, final loss: 0.00099754, weight distance: 0.0823
2025-09-23 03:33:26,969 - INFO - Example /home/projects/bagon/shared/imagenet512/val/n02018207/ILSVRC2012_val_00043477.JPEG reached epsilon at step 1596, loss sum: 467.9175, final loss: 0.00099754, weight distance: 0.0905
2025-09-23 03:33:52,160 - INFO - Example /home/projects/bagon/shared/imagenet512/val/n02099429/ILSVRC2012_val_00041438.JPEG reached epsilon at step 2118, loss sum: 562.1659, final loss: 0.00099277, weight distance: 0.0976
2025-09-23 03:34:08,716 - INFO - Example /home/projects/bagon/shared/imagenet512/val/n01828970/ILSVRC2012_val_00024106.JPEG reached epsilon at step 1320, loss sum: 131.0538, final loss: 0.00099850, weight distance: 0.0700
2025-09-23 03:34:32,236 - INFO - Example /home/projects/bagon/shared/imagenet512/val/n02106662/ILSVRC2012_val_00012960.JPEG reached epsilon at step 1605, loss sum: 71.0199, final loss: 0.00099945, weight distance: 0.0629
2025-09-23 03:34:37,198 - INFO - Example /home/projects/bagon/shared/imagenet512/val/n01955084/ILSVRC2012_val_00011430.JPEG reached epsilon at step 359, loss sum: 0.7103, final loss: 0.00099850, weight distance: 0.0103
2025-09-23 03:34:48,188 - INFO - Example /home/projects/bagon/shared/imagenet512/val/n02672831/ILSVRC2012_val_00028627.JPEG reached epsilon at step 906, loss sum: 32.7504, final loss: 0.00099277, weight distance: 0.0489
2025-09-23 03:35:09,212 - INFO - Example /home/projects/bagon/shared/imagenet512/val/n04270147/ILSVRC2012_val_00045450.JPEG reached epsilon at step 1776, loss sum: 444.6724, final loss: 0.00099087, weight distance: 0.0946
2025-09-23 03:35:26,719 - INFO - Example /home/projects/bagon/shared/imagenet512/val/n03680355/ILSVRC2012_val_00024652.JPEG reached epsilon at step 1467, loss sum: 66.3750, final loss: 0.00099945, weight distance: 0.0680
2025-09-23 03:35:40,873 - INFO - Example /home/projects/bagon/shared/imagenet512/val/n03706229/ILSVRC2012_val_00018668.JPEG reached epsilon at step 1168, loss sum: 75.1752, final loss: 0.00099373, weight distance: 0.0609
2025-09-23 03:36:03,552 - INFO - Example /home/projects/bagon/shared/imagenet512/val/n02105412/ILSVRC2012_val_00015210.JPEG reached epsilon at step 1840, loss sum: 286.5811, final loss: 0.00099087, weight distance: 0.0927
2025-09-23 03:36:37,930 - INFO - Example /home/projects/bagon/shared/imagenet512/val/n02095570/ILSVRC2012_val_00005146.JPEG reached epsilon at step 2698, loss sum: 442.3628, final loss: 0.00099182, weight distance: 0.1077
2025-09-23 03:36:54,486 - INFO - Example /home/projects/bagon/shared/imagenet512/val/n04146614/ILSVRC2012_val_00009450.JPEG reached epsilon at step 1242, loss sum: 44.7430, final loss: 0.00098801, weight distance: 0.0594
2025-09-23 03:37:12,487 - INFO - Example /home/projects/bagon/shared/imagenet512/val/n02655020/ILSVRC2012_val_00032907.JPEG reached epsilon at step 1508, loss sum: 567.4810, final loss: 0.00099277, weight distance: 0.0883
2025-09-23 03:37:30,696 - INFO - Example /home/projects/bagon/shared/imagenet512/val/n04372370/ILSVRC2012_val_00025073.JPEG reached epsilon at step 1529, loss sum: 86.7354, final loss: 0.00098991, weight distance: 0.0716
2025-09-23 03:37:46,288 - INFO - Example /home/projects/bagon/shared/imagenet512/val/n04443257/ILSVRC2012_val_00041486.JPEG reached epsilon at step 1301, loss sum: 108.4406, final loss: 0.00099373, weight distance: 0.0705
2025-09-23 03:38:11,054 - INFO - Example /home/projects/bagon/shared/imagenet512/val/n04201297/ILSVRC2012_val_00015864.JPEG reached epsilon at step 2084, loss sum: 149.4760, final loss: 0.00099182, weight distance: 0.0860
2025-09-23 03:38:24,468 - INFO - Example /home/projects/bagon/shared/imagenet512/val/n03630383/ILSVRC2012_val_00024199.JPEG reached epsilon at step 1092, loss sum: 24.0276, final loss: 0.00099087, weight distance: 0.0481
2025-09-23 03:38:45,660 - INFO - Example /home/projects/bagon/shared/imagenet512/val/n04326547/ILSVRC2012_val_00006408.JPEG reached epsilon at step 1745, loss sum: 102.6489, final loss: 0.00099659, weight distance: 0.0745
2025-09-23 03:39:03,291 - INFO - Example /home/projects/bagon/shared/imagenet512/val/n01950731/ILSVRC2012_val_00009910.JPEG reached epsilon at step 1468, loss sum: 89.5832, final loss: 0.00099564, weight distance: 0.0636
2025-09-23 03:39:30,618 - INFO - Example /home/projects/bagon/shared/imagenet512/val/n03127747/ILSVRC2012_val_00013542.JPEG reached epsilon at step 2283, loss sum: 807.3076, final loss: 0.00099564, weight distance: 0.1193
2025-09-23 03:39:54,510 - INFO - Example /home/projects/bagon/shared/imagenet512/val/n01669191/ILSVRC2012_val_00030593.JPEG reached epsilon at step 1961, loss sum: 236.2389, final loss: 0.00099564, weight distance: 0.0900
2025-09-23 03:40:15,174 - INFO - Example /home/projects/bagon/shared/imagenet512/val/n01667778/ILSVRC2012_val_00032135.JPEG reached epsilon at step 1721, loss sum: 331.4188, final loss: 0.00099182, weight distance: 0.0740
2025-09-23 03:40:40,265 - INFO - Example /home/projects/bagon/shared/imagenet512/val/n01797886/ILSVRC2012_val_00035521.JPEG reached epsilon at step 2044, loss sum: 118.8768, final loss: 0.00099564, weight distance: 0.0860
2025-09-23 03:40:57,566 - INFO - Example /home/projects/bagon/shared/imagenet512/val/n04192698/ILSVRC2012_val_00026513.JPEG reached epsilon at step 1450, loss sum: 371.6613, final loss: 0.00098991, weight distance: 0.0794
2025-09-23 03:41:09,061 - INFO - Example /home/projects/bagon/shared/imagenet512/val/n03595614/ILSVRC2012_val_00004520.JPEG reached epsilon at step 945, loss sum: 2.0247, final loss: 0.00099182, weight distance: 0.0189
2025-09-23 03:41:28,969 - INFO - Example /home/projects/bagon/shared/imagenet512/val/n03903868/ILSVRC2012_val_00013811.JPEG reached epsilon at step 1680, loss sum: 257.2591, final loss: 0.00099945, weight distance: 0.0793
2025-09-23 03:41:37,383 - INFO - Example /home/projects/bagon/shared/imagenet512/val/n02077923/ILSVRC2012_val_00023070.JPEG reached epsilon at step 665, loss sum: 22.6208, final loss: 0.00099754, weight distance: 0.0390
2025-09-23 03:41:55,425 - INFO - Example /home/projects/bagon/shared/imagenet512/val/n09246464/ILSVRC2012_val_00030220.JPEG reached epsilon at step 1507, loss sum: 64.7428, final loss: 0.00099945, weight distance: 0.0645
2025-09-23 03:42:09,189 - INFO - Example /home/projects/bagon/shared/imagenet512/val/n02190166/ILSVRC2012_val_00039673.JPEG reached epsilon at step 1143, loss sum: 99.1779, final loss: 0.00099850, weight distance: 0.0594
2025-09-23 03:42:23,166 - INFO - Example /home/projects/bagon/shared/imagenet512/val/n02879718/ILSVRC2012_val_00030252.JPEG reached epsilon at step 1161, loss sum: 544.6769, final loss: 0.00099659, weight distance: 0.0779
2025-09-23 03:42:39,553 - INFO - Example /home/projects/bagon/shared/imagenet512/val/n02100735/ILSVRC2012_val_00032017.JPEG reached epsilon at step 1345, loss sum: 80.1918, final loss: 0.00099850, weight distance: 0.0669
2025-09-23 03:43:01,007 - INFO - Example /home/projects/bagon/shared/imagenet512/val/n02099712/ILSVRC2012_val_00023471.JPEG reached epsilon at step 1802, loss sum: 76.4583, final loss: 0.00099945, weight distance: 0.0721
2025-09-23 03:43:19,017 - INFO - Example /home/projects/bagon/shared/imagenet512/val/n02910353/ILSVRC2012_val_00004324.JPEG reached epsilon at step 1078, loss sum: 99.9076, final loss: 0.00099468, weight distance: 0.0584
2025-09-23 03:43:45,996 - INFO - Example /home/projects/bagon/shared/imagenet512/val/n03759954/ILSVRC2012_val_00021431.JPEG reached epsilon at step 2263, loss sum: 857.1736, final loss: 0.00098991, weight distance: 0.1172
2025-09-23 03:43:59,503 - INFO - Example /home/projects/bagon/shared/imagenet512/val/n01798484/ILSVRC2012_val_00001461.JPEG reached epsilon at step 972, loss sum: 47.9313, final loss: 0.00099373, weight distance: 0.0499
2025-09-23 03:44:22,161 - INFO - Example /home/projects/bagon/shared/imagenet512/val/n01496331/ILSVRC2012_val_00002207.JPEG reached epsilon at step 1904, loss sum: 589.4390, final loss: 0.00099373, weight distance: 0.0954
2025-09-23 03:44:45,651 - INFO - Example /home/projects/bagon/shared/imagenet512/val/n03991062/ILSVRC2012_val_00024712.JPEG reached epsilon at step 1966, loss sum: 374.4531, final loss: 0.00099945, weight distance: 0.1001
2025-09-23 03:44:56,903 - INFO - Example /home/projects/bagon/shared/imagenet512/val/n01818515/ILSVRC2012_val_00030397.JPEG reached epsilon at step 925, loss sum: 61.6883, final loss: 0.00099754, weight distance: 0.0525
2025-09-23 03:45:20,784 - INFO - Example /home/projects/bagon/shared/imagenet512/val/n02114855/ILSVRC2012_val_00028347.JPEG reached epsilon at step 2004, loss sum: 111.0691, final loss: 0.00099754, weight distance: 0.0842
2025-09-23 03:45:36,404 - INFO - Example /home/projects/bagon/shared/imagenet512/val/n13052670/ILSVRC2012_val_00002575.JPEG reached epsilon at step 1290, loss sum: 88.3376, final loss: 0.00099277, weight distance: 0.0619
2025-09-23 03:45:57,836 - INFO - Example /home/projects/bagon/shared/imagenet512/val/n03126707/ILSVRC2012_val_00047718.JPEG reached epsilon at step 1454, loss sum: 165.2192, final loss: 0.00099564, weight distance: 0.0756
2025-09-23 03:46:29,411 - INFO - Example /home/projects/bagon/shared/imagenet512/val/n02441942/ILSVRC2012_val_00024239.JPEG reached epsilon at step 2515, loss sum: 641.8129, final loss: 0.00099850, weight distance: 0.0981
2025-09-23 03:46:50,915 - INFO - Example /home/projects/bagon/shared/imagenet512/val/n03617480/ILSVRC2012_val_00020146.JPEG reached epsilon at step 1790, loss sum: 863.4411, final loss: 0.00098991, weight distance: 0.1026
2025-09-23 03:47:06,290 - INFO - Example /home/projects/bagon/shared/imagenet512/val/n03000684/ILSVRC2012_val_00027785.JPEG reached epsilon at step 1279, loss sum: 284.6399, final loss: 0.00098896, weight distance: 0.0744
2025-09-23 03:47:24,395 - INFO - Example /home/projects/bagon/shared/imagenet512/val/n01530575/ILSVRC2012_val_00037748.JPEG reached epsilon at step 1513, loss sum: 926.8775, final loss: 0.00099277, weight distance: 0.0863
2025-09-23 03:47:49,683 - INFO - Example /home/projects/bagon/shared/imagenet512/val/n03478589/ILSVRC2012_val_00017907.JPEG reached epsilon at step 2138, loss sum: 1257.3158, final loss: 0.00099087, weight distance: 0.1142
2025-09-23 03:48:08,176 - INFO - Example /home/projects/bagon/shared/imagenet512/val/n03840681/ILSVRC2012_val_00023261.JPEG reached epsilon at step 1543, loss sum: 340.5724, final loss: 0.00099754, weight distance: 0.0879
2025-09-23 03:48:32,944 - INFO - Example /home/projects/bagon/shared/imagenet512/val/n07717556/ILSVRC2012_val_00032936.JPEG reached epsilon at step 2083, loss sum: 1435.4846, final loss: 0.00099564, weight distance: 0.1102
2025-09-23 03:48:39,046 - INFO - Example /home/projects/bagon/shared/imagenet512/val/n01955084/ILSVRC2012_val_00001857.JPEG reached epsilon at step 478, loss sum: 1.9334, final loss: 0.00099659, weight distance: 0.0208
2025-09-23 03:48:55,971 - INFO - Example /home/projects/bagon/shared/imagenet512/val/n04039381/ILSVRC2012_val_00037671.JPEG reached epsilon at step 1145, loss sum: 506.2682, final loss: 0.00099850, weight distance: 0.0773
2025-09-23 03:49:07,001 - INFO - Example /home/projects/bagon/shared/imagenet512/val/n02410509/ILSVRC2012_val_00023312.JPEG reached epsilon at step 786, loss sum: 40.1069, final loss: 0.00098801, weight distance: 0.0461
2025-09-23 03:49:16,421 - INFO - Example /home/projects/bagon/shared/imagenet512/val/n04435653/ILSVRC2012_val_00004121.JPEG reached epsilon at step 640, loss sum: 8.7126, final loss: 0.00098896, weight distance: 0.0330
2025-09-23 03:49:35,884 - INFO - Example /home/projects/bagon/shared/imagenet512/val/n03584829/ILSVRC2012_val_00000910.JPEG reached epsilon at step 1622, loss sum: 935.0877, final loss: 0.00099945, weight distance: 0.1010
2025-09-23 03:49:56,634 - INFO - Example /home/projects/bagon/shared/imagenet512/val/n02091244/ILSVRC2012_val_00015464.JPEG reached epsilon at step 1741, loss sum: 203.9961, final loss: 0.00099945, weight distance: 0.0831
2025-09-23 03:50:20,292 - INFO - Example /home/projects/bagon/shared/imagenet512/val/n02100236/ILSVRC2012_val_00011682.JPEG reached epsilon at step 1990, loss sum: 1174.0458, final loss: 0.00099373, weight distance: 0.1043
2025-09-23 03:50:38,296 - INFO - Example /home/projects/bagon/shared/imagenet512/val/n02948072/ILSVRC2012_val_00025086.JPEG reached epsilon at step 1462, loss sum: 123.7007, final loss: 0.00099373, weight distance: 0.0751
2025-09-23 03:51:06,508 - INFO - Example /home/projects/bagon/shared/imagenet512/val/n03461385/ILSVRC2012_val_00012013.JPEG reached epsilon at step 2380, loss sum: 466.8739, final loss: 0.00099754, weight distance: 0.1038
2025-09-23 03:51:20,015 - INFO - Example /home/projects/bagon/shared/imagenet512/val/n04346328/ILSVRC2012_val_00010542.JPEG reached epsilon at step 1103, loss sum: 476.7770, final loss: 0.00099182, weight distance: 0.0714
2025-09-23 03:51:58,385 - INFO - Example /home/projects/bagon/shared/imagenet512/val/n02326432/ILSVRC2012_val_00034786.JPEG reached epsilon at step 3257, loss sum: 339.8152, final loss: 0.00099754, weight distance: 0.1215
2025-09-23 03:52:20,368 - INFO - Example /home/projects/bagon/shared/imagenet512/val/n02137549/ILSVRC2012_val_00022398.JPEG reached epsilon at step 1845, loss sum: 283.7814, final loss: 0.00099182, weight distance: 0.0910
2025-09-23 03:52:40,169 - INFO - Example /home/projects/bagon/shared/imagenet512/val/n02137549/ILSVRC2012_val_00017084.JPEG reached epsilon at step 1657, loss sum: 653.0649, final loss: 0.00099564, weight distance: 0.0957
2025-09-23 03:52:48,751 - INFO - Example /home/projects/bagon/shared/imagenet512/val/n03874293/ILSVRC2012_val_00028384.JPEG reached epsilon at step 694, loss sum: 2.5615, final loss: 0.00098896, weight distance: 0.0253
2025-09-23 03:52:58,926 - INFO - Example /home/projects/bagon/shared/imagenet512/val/n02666196/ILSVRC2012_val_00038861.JPEG reached epsilon at step 830, loss sum: 19.5209, final loss: 0.00099564, weight distance: 0.0423
2025-09-23 03:53:20,111 - INFO - Example /home/projects/bagon/shared/imagenet512/val/n02328150/ILSVRC2012_val_00029874.JPEG reached epsilon at step 1750, loss sum: 646.8106, final loss: 0.00099850, weight distance: 0.0984
2025-09-23 03:53:40,140 - INFO - Example /home/projects/bagon/shared/imagenet512/val/n02091831/ILSVRC2012_val_00017092.JPEG reached epsilon at step 1672, loss sum: 257.8589, final loss: 0.00099468, weight distance: 0.0846
2025-09-23 03:54:01,802 - INFO - Example /home/projects/bagon/shared/imagenet512/val/n02108089/ILSVRC2012_val_00043791.JPEG reached epsilon at step 1794, loss sum: 171.8470, final loss: 0.00099659, weight distance: 0.0811
2025-09-23 03:54:20,768 - INFO - Example /home/projects/bagon/shared/imagenet512/val/n07745940/ILSVRC2012_val_00019754.JPEG reached epsilon at step 1589, loss sum: 154.4149, final loss: 0.00099754, weight distance: 0.0806
2025-09-23 03:54:38,011 - INFO - Example /home/projects/bagon/shared/imagenet512/val/n02948072/ILSVRC2012_val_00008806.JPEG reached epsilon at step 1440, loss sum: 87.6961, final loss: 0.00098896, weight distance: 0.0719
2025-09-23 03:54:54,901 - INFO - Example /home/projects/bagon/shared/imagenet512/val/n04606251/ILSVRC2012_val_00009289.JPEG reached epsilon at step 1409, loss sum: 261.4152, final loss: 0.00099659, weight distance: 0.0771
2025-09-23 03:55:21,233 - INFO - Example /home/projects/bagon/shared/imagenet512/val/n02277742/ILSVRC2012_val_00000810.JPEG reached epsilon at step 2117, loss sum: 445.3823, final loss: 0.00099659, weight distance: 0.1000
2025-09-23 03:55:40,938 - INFO - Example /home/projects/bagon/shared/imagenet512/val/n01531178/ILSVRC2012_val_00025535.JPEG reached epsilon at step 1670, loss sum: 576.5416, final loss: 0.00099087, weight distance: 0.1007
2025-09-23 03:55:55,575 - INFO - Example /home/projects/bagon/shared/imagenet512/val/n01689811/ILSVRC2012_val_00048213.JPEG reached epsilon at step 1189, loss sum: 120.6707, final loss: 0.00099564, weight distance: 0.0659
2025-09-23 03:56:08,598 - INFO - Example /home/projects/bagon/shared/imagenet512/val/n03944341/ILSVRC2012_val_00044025.JPEG reached epsilon at step 1068, loss sum: 184.7871, final loss: 0.00099087, weight distance: 0.0661
2025-09-23 03:56:31,089 - INFO - Example /home/projects/bagon/shared/imagenet512/val/n02397096/ILSVRC2012_val_00043406.JPEG reached epsilon at step 1880, loss sum: 93.2861, final loss: 0.00099659, weight distance: 0.0743
2025-09-23 03:56:41,035 - INFO - Example /home/projects/bagon/shared/imagenet512/val/n02457408/ILSVRC2012_val_00006352.JPEG reached epsilon at step 807, loss sum: 49.0129, final loss: 0.00099182, weight distance: 0.0482
2025-09-23 03:56:59,439 - INFO - Example /home/projects/bagon/shared/imagenet512/val/n04332243/ILSVRC2012_val_00016707.JPEG reached epsilon at step 1508, loss sum: 404.9183, final loss: 0.00099754, weight distance: 0.0829
2025-09-23 03:57:19,616 - INFO - Example /home/projects/bagon/shared/imagenet512/val/n03478589/ILSVRC2012_val_00007018.JPEG reached epsilon at step 1696, loss sum: 288.6127, final loss: 0.00099468, weight distance: 0.0879
2025-09-23 03:57:49,614 - INFO - Example /home/projects/bagon/shared/imagenet512/val/n02114367/ILSVRC2012_val_00009604.JPEG reached epsilon at step 2548, loss sum: 324.7913, final loss: 0.00099754, weight distance: 0.0990
2025-09-23 03:58:07,201 - INFO - Example /home/projects/bagon/shared/imagenet512/val/n07892512/ILSVRC2012_val_00004421.JPEG reached epsilon at step 1473, loss sum: 111.2217, final loss: 0.00099754, weight distance: 0.0726
2025-09-23 03:58:28,094 - INFO - Example /home/projects/bagon/shared/imagenet512/val/n01687978/ILSVRC2012_val_00042029.JPEG reached epsilon at step 1762, loss sum: 216.1817, final loss: 0.00099659, weight distance: 0.0856
2025-09-23 03:58:48,625 - INFO - Example /home/projects/bagon/shared/imagenet512/val/n03840681/ILSVRC2012_val_00040993.JPEG reached epsilon at step 1720, loss sum: 1075.5511, final loss: 0.00099945, weight distance: 0.1074
2025-09-23 03:59:16,121 - INFO - Example /home/projects/bagon/shared/imagenet512/val/n04039381/ILSVRC2012_val_00013012.JPEG reached epsilon at step 2331, loss sum: 210.7906, final loss: 0.00099945, weight distance: 0.1002
2025-09-23 03:59:27,008 - INFO - Example /home/projects/bagon/shared/imagenet512/val/n04613696/ILSVRC2012_val_00021122.JPEG reached epsilon at step 893, loss sum: 207.4044, final loss: 0.00098610, weight distance: 0.0559
2025-09-23 03:59:46,455 - INFO - Example /home/projects/bagon/shared/imagenet512/val/n06794110/ILSVRC2012_val_00027438.JPEG reached epsilon at step 1629, loss sum: 166.4257, final loss: 0.00099277, weight distance: 0.0806
2025-09-23 04:00:13,268 - INFO - Example /home/projects/bagon/shared/imagenet512/val/n02114712/ILSVRC2012_val_00045702.JPEG reached epsilon at step 2240, loss sum: 271.7306, final loss: 0.00099850, weight distance: 0.1022
2025-09-23 04:00:37,502 - INFO - Example /home/projects/bagon/shared/imagenet512/val/n02492660/ILSVRC2012_val_00039645.JPEG reached epsilon at step 2046, loss sum: 273.3268, final loss: 0.00098896, weight distance: 0.0936
2025-09-23 04:00:50,166 - INFO - Example /home/projects/bagon/shared/imagenet512/val/n01498041/ILSVRC2012_val_00027005.JPEG reached epsilon at step 1048, loss sum: 168.8679, final loss: 0.00098991, weight distance: 0.0633
2025-09-23 04:01:11,069 - INFO - Example /home/projects/bagon/shared/imagenet512/val/n02487347/ILSVRC2012_val_00039624.JPEG reached epsilon at step 1725, loss sum: 195.0375, final loss: 0.00099277, weight distance: 0.0751
2025-09-23 04:01:40,452 - INFO - Example /home/projects/bagon/shared/imagenet512/val/n03063689/ILSVRC2012_val_00036221.JPEG reached epsilon at step 2078, loss sum: 29.3470, final loss: 0.00099850, weight distance: 0.0697
2025-09-23 04:02:01,131 - INFO - Example /home/projects/bagon/shared/imagenet512/val/n04044716/ILSVRC2012_val_00017872.JPEG reached epsilon at step 1699, loss sum: 88.3043, final loss: 0.00099754, weight distance: 0.0723
2025-09-23 04:02:23,184 - INFO - Example /home/projects/bagon/shared/imagenet512/val/n03240683/ILSVRC2012_val_00034447.JPEG reached epsilon at step 1846, loss sum: 146.5082, final loss: 0.00099182, weight distance: 0.0807
2025-09-23 04:02:36,165 - INFO - Example /home/projects/bagon/shared/imagenet512/val/n04033901/ILSVRC2012_val_00017841.JPEG reached epsilon at step 1070, loss sum: 115.5468, final loss: 0.00099182, weight distance: 0.0618
2025-09-23 04:02:58,709 - INFO - Example /home/projects/bagon/shared/imagenet512/val/n03961711/ILSVRC2012_val_00006921.JPEG reached epsilon at step 1845, loss sum: 922.3652, final loss: 0.00099850, weight distance: 0.1061
2025-09-23 04:03:22,692 - INFO - Example /home/projects/bagon/shared/imagenet512/val/n02804610/ILSVRC2012_val_00014404.JPEG reached epsilon at step 1982, loss sum: 523.3046, final loss: 0.00099659, weight distance: 0.0974
2025-09-23 04:03:42,612 - INFO - Example /home/projects/bagon/shared/imagenet512/val/n02102480/ILSVRC2012_val_00004185.JPEG reached epsilon at step 1664, loss sum: 52.8276, final loss: 0.00099373, weight distance: 0.0674
2025-09-23 04:03:55,389 - INFO - Example /home/projects/bagon/shared/imagenet512/val/n04332243/ILSVRC2012_val_00022612.JPEG reached epsilon at step 1057, loss sum: 85.7576, final loss: 0.00098801, weight distance: 0.0585
2025-09-23 04:04:13,787 - INFO - Example /home/projects/bagon/shared/imagenet512/val/n03733281/ILSVRC2012_val_00030874.JPEG reached epsilon at step 1488, loss sum: 117.6455, final loss: 0.00099087, weight distance: 0.0688
2025-09-23 04:04:29,851 - INFO - Example /home/projects/bagon/shared/imagenet512/val/n03868863/ILSVRC2012_val_00049205.JPEG reached epsilon at step 1341, loss sum: 327.5526, final loss: 0.00099564, weight distance: 0.0778
2025-09-23 04:04:52,735 - INFO - Example /home/projects/bagon/shared/imagenet512/val/n01776313/ILSVRC2012_val_00013600.JPEG reached epsilon at step 1926, loss sum: 194.0234, final loss: 0.00099754, weight distance: 0.0883
2025-09-23 04:05:11,226 - INFO - Example /home/projects/bagon/shared/imagenet512/val/n02088632/ILSVRC2012_val_00038498.JPEG reached epsilon at step 1492, loss sum: 171.9676, final loss: 0.00099277, weight distance: 0.0716
2025-09-23 04:05:25,487 - INFO - Example /home/projects/bagon/shared/imagenet512/val/n04254680/ILSVRC2012_val_00019408.JPEG reached epsilon at step 1196, loss sum: 117.8638, final loss: 0.00099182, weight distance: 0.0615
2025-09-23 04:05:46,814 - INFO - Example /home/projects/bagon/shared/imagenet512/val/n03977966/ILSVRC2012_val_00014660.JPEG reached epsilon at step 1801, loss sum: 73.9352, final loss: 0.00099945, weight distance: 0.0781
2025-09-23 04:05:57,477 - INFO - Example /home/projects/bagon/shared/imagenet512/val/n03379051/ILSVRC2012_val_00037929.JPEG reached epsilon at step 626, loss sum: 1.9241, final loss: 0.00098515, weight distance: 0.0217
2025-09-23 04:06:15,330 - INFO - Example /home/projects/bagon/shared/imagenet512/val/n04542943/ILSVRC2012_val_00045700.JPEG reached epsilon at step 1469, loss sum: 224.6056, final loss: 0.00099754, weight distance: 0.0807
2025-09-23 04:06:37,997 - INFO - Example /home/projects/bagon/shared/imagenet512/val/n04208210/ILSVRC2012_val_00032928.JPEG reached epsilon at step 1741, loss sum: 498.3445, final loss: 0.00099182, weight distance: 0.0902
2025-09-23 04:06:58,252 - INFO - Example /home/projects/bagon/shared/imagenet512/val/n02480495/ILSVRC2012_val_00026499.JPEG reached epsilon at step 1704, loss sum: 624.7374, final loss: 0.00099564, weight distance: 0.0929
2025-09-23 04:07:13,616 - INFO - Example /home/projects/bagon/shared/imagenet512/val/n03721384/ILSVRC2012_val_00022878.JPEG reached epsilon at step 1280, loss sum: 540.1708, final loss: 0.00099468, weight distance: 0.0842
2025-09-23 04:07:27,069 - INFO - Example /home/projects/bagon/shared/imagenet512/val/n02777292/ILSVRC2012_val_00024933.JPEG reached epsilon at step 1114, loss sum: 18.7210, final loss: 0.00098896, weight distance: 0.0496
2025-09-23 04:07:44,993 - INFO - Example /home/projects/bagon/shared/imagenet512/val/n07802026/ILSVRC2012_val_00044474.JPEG reached epsilon at step 1495, loss sum: 178.6492, final loss: 0.00099277, weight distance: 0.0772
2025-09-23 04:07:54,741 - INFO - Example /home/projects/bagon/shared/imagenet512/val/n02410509/ILSVRC2012_val_00032942.JPEG reached epsilon at step 794, loss sum: 18.8003, final loss: 0.00098991, weight distance: 0.0402
2025-09-23 04:08:12,667 - INFO - Example /home/projects/bagon/shared/imagenet512/val/n03259280/ILSVRC2012_val_00032896.JPEG reached epsilon at step 1504, loss sum: 417.3968, final loss: 0.00099564, weight distance: 0.0804
2025-09-23 04:08:22,202 - INFO - Example /home/projects/bagon/shared/imagenet512/val/n02317335/ILSVRC2012_val_00043732.JPEG reached epsilon at step 775, loss sum: 87.3160, final loss: 0.00099373, weight distance: 0.0496
2025-09-23 04:08:48,660 - INFO - Example /home/projects/bagon/shared/imagenet512/val/n02090721/ILSVRC2012_val_00023769.JPEG reached epsilon at step 2226, loss sum: 363.0984, final loss: 0.00099277, weight distance: 0.1061
2025-09-23 04:09:15,251 - INFO - Example /home/projects/bagon/shared/imagenet512/val/n03843555/ILSVRC2012_val_00041128.JPEG reached epsilon at step 2254, loss sum: 809.9851, final loss: 0.00099850, weight distance: 0.1198
2025-09-23 04:09:23,410 - INFO - Example /home/projects/bagon/shared/imagenet512/val/n03388043/ILSVRC2012_val_00028934.JPEG reached epsilon at step 647, loss sum: 181.2381, final loss: 0.00099373, weight distance: 0.0478
2025-09-23 04:09:43,519 - INFO - Example /home/projects/bagon/shared/imagenet512/val/n02115641/ILSVRC2012_val_00038986.JPEG reached epsilon at step 1506, loss sum: 693.5525, final loss: 0.00099945, weight distance: 0.0895
2025-09-23 04:10:14,113 - INFO - Example /home/projects/bagon/shared/imagenet512/val/n02514041/ILSVRC2012_val_00046233.JPEG reached epsilon at step 2598, loss sum: 341.3728, final loss: 0.00098610, weight distance: 0.1147
2025-09-23 04:10:29,127 - INFO - Example /home/projects/bagon/shared/imagenet512/val/n03404251/ILSVRC2012_val_00029917.JPEG reached epsilon at step 1241, loss sum: 648.1752, final loss: 0.00098991, weight distance: 0.0823
2025-09-23 04:10:50,063 - INFO - Example /home/projects/bagon/shared/imagenet512/val/n04099969/ILSVRC2012_val_00018123.JPEG reached epsilon at step 1663, loss sum: 477.0438, final loss: 0.00099564, weight distance: 0.0962
2025-09-23 04:11:03,711 - INFO - Example /home/projects/bagon/shared/imagenet512/val/n03954731/ILSVRC2012_val_00019106.JPEG reached epsilon at step 1121, loss sum: 186.4427, final loss: 0.00099564, weight distance: 0.0612
2025-09-23 04:11:22,481 - INFO - Example /home/projects/bagon/shared/imagenet512/val/n03840681/ILSVRC2012_val_00018185.JPEG reached epsilon at step 1571, loss sum: 214.9734, final loss: 0.00099945, weight distance: 0.0807
2025-09-23 04:11:42,256 - INFO - Example /home/projects/bagon/shared/imagenet512/val/n04118776/ILSVRC2012_val_00017428.JPEG reached epsilon at step 1551, loss sum: 416.0734, final loss: 0.00099850, weight distance: 0.0887
2025-09-23 04:12:01,661 - INFO - Example /home/projects/bagon/shared/imagenet512/val/n01860187/ILSVRC2012_val_00040025.JPEG reached epsilon at step 1620, loss sum: 407.1610, final loss: 0.00099850, weight distance: 0.0849
2025-09-23 04:12:22,661 - INFO - Example /home/projects/bagon/shared/imagenet512/val/n02134418/ILSVRC2012_val_00009976.JPEG reached epsilon at step 1717, loss sum: 179.3295, final loss: 0.00099850, weight distance: 0.0836
2025-09-23 04:12:45,539 - INFO - Example /home/projects/bagon/shared/imagenet512/val/n04447861/ILSVRC2012_val_00003317.JPEG reached epsilon at step 1618, loss sum: 175.7348, final loss: 0.00099277, weight distance: 0.0829
2025-09-23 04:12:59,647 - INFO - Example /home/projects/bagon/shared/imagenet512/val/n03967562/ILSVRC2012_val_00024846.JPEG reached epsilon at step 971, loss sum: 59.5326, final loss: 0.00099754, weight distance: 0.0550
2025-09-23 04:13:12,825 - INFO - Example /home/projects/bagon/shared/imagenet512/val/n03874293/ILSVRC2012_val_00008933.JPEG reached epsilon at step 914, loss sum: 24.0656, final loss: 0.00099182, weight distance: 0.0461
2025-09-23 04:13:28,844 - INFO - Example /home/projects/bagon/shared/imagenet512/val/n03425413/ILSVRC2012_val_00007186.JPEG reached epsilon at step 1136, loss sum: 5.1981, final loss: 0.00099468, weight distance: 0.0374
2025-09-23 04:13:46,129 - INFO - Example /home/projects/bagon/shared/imagenet512/val/n01689811/ILSVRC2012_val_00003178.JPEG reached epsilon at step 1288, loss sum: 132.9032, final loss: 0.00099182, weight distance: 0.0700
2025-09-23 04:14:01,642 - INFO - Example /home/projects/bagon/shared/imagenet512/val/n04310018/ILSVRC2012_val_00024134.JPEG reached epsilon at step 1293, loss sum: 107.1902, final loss: 0.00099468, weight distance: 0.0691
2025-09-23 04:14:14,911 - INFO - Example /home/projects/bagon/shared/imagenet512/val/n01910747/ILSVRC2012_val_00041401.JPEG reached epsilon at step 1104, loss sum: 454.6511, final loss: 0.00099850, weight distance: 0.0710
2025-09-23 04:14:57,121 - INFO - Example /home/projects/bagon/shared/imagenet512/val/n03637318/ILSVRC2012_val_00049145.JPEG reached epsilon at step 3578, loss sum: 393.5705, final loss: 0.00099659, weight distance: 0.1308
2025-09-23 04:15:28,911 - INFO - Example /home/projects/bagon/shared/imagenet512/val/n02114367/ILSVRC2012_val_00002259.JPEG reached epsilon at step 2701, loss sum: 121.3393, final loss: 0.00099850, weight distance: 0.0928
2025-09-23 04:15:44,707 - INFO - Example /home/projects/bagon/shared/imagenet512/val/n04275548/ILSVRC2012_val_00020974.JPEG reached epsilon at step 1273, loss sum: 100.0420, final loss: 0.00099564, weight distance: 0.0541
2025-09-23 04:15:56,044 - INFO - Example /home/projects/bagon/shared/imagenet512/val/n02105505/ILSVRC2012_val_00042890.JPEG reached epsilon at step 931, loss sum: 181.7973, final loss: 0.00099659, weight distance: 0.0579
2025-09-23 04:16:21,827 - INFO - Example /home/projects/bagon/shared/imagenet512/val/n02268853/ILSVRC2012_val_00012681.JPEG reached epsilon at step 2175, loss sum: 61.0552, final loss: 0.00099754, weight distance: 0.0814
2025-09-23 04:16:34,811 - INFO - Example /home/projects/bagon/shared/imagenet512/val/n02687172/ILSVRC2012_val_00026474.JPEG reached epsilon at step 1056, loss sum: 48.9432, final loss: 0.00099277, weight distance: 0.0550
2025-09-23 04:16:49,981 - INFO - Example /home/projects/bagon/shared/imagenet512/val/n03544143/ILSVRC2012_val_00044178.JPEG reached epsilon at step 1099, loss sum: 803.3532, final loss: 0.00098801, weight distance: 0.0758
2025-09-23 04:17:07,657 - INFO - Example /home/projects/bagon/shared/imagenet512/val/n01537544/ILSVRC2012_val_00043965.JPEG reached epsilon at step 1485, loss sum: 596.1393, final loss: 0.00099468, weight distance: 0.0757
2025-09-23 04:17:28,834 - INFO - Example /home/projects/bagon/shared/imagenet512/val/n01776313/ILSVRC2012_val_00001766.JPEG reached epsilon at step 1780, loss sum: 468.4223, final loss: 0.00098991, weight distance: 0.0922
2025-09-23 04:18:11,891 - INFO - Example /home/projects/bagon/shared/imagenet512/val/n02089867/ILSVRC2012_val_00038779.JPEG reached epsilon at step 3521, loss sum: 379.1414, final loss: 0.00098896, weight distance: 0.1251
2025-09-23 04:18:12,399 - INFO - Time limit reached. Exiting before starting next example.
