2025-09-23 02:41:03,490 - INFO - Parsed arguments:
2025-09-23 02:41:03,490 - INFO -   amp_dtype = None
2025-09-23 02:41:03,490 - INFO -   bars_npy = /home/projects/bagon/andreyg/Projects/BMM_school/Universal_learning/Programming/bars/geq6wrong_21017_geq6correct_1525_imagenet.npy
2025-09-23 02:41:03,490 - INFO -   cka_layer_fraction = 0.05
2025-09-23 02:41:03,490 - INFO -   current_worker = 6
2025-09-23 02:41:03,490 - INFO -   deterministic = True
2025-09-23 02:41:03,490 - INFO -   device = cuda
2025-09-23 02:41:03,490 - INFO -   epsilon = 0.001
2025-09-23 02:41:03,490 - INFO -   examples_csv = /home/projects/bagon/andreyg/Projects/BMM_school/Universal_learning/Programming/bars/geq6wrong_21017_geq6correct_1525_imagenet_examples_ammended.csv
2025-09-23 02:41:03,490 - INFO -   explicit_examples_for_training = None
2025-09-23 02:41:03,490 - INFO -   grad_clip_norm = 1.0
2025-09-23 02:41:03,490 - INFO -   hierarchy_json = /home/projects/bagon/andreyg/Projects/BMM_school/Universal_learning/Programming/bars/imagenet_synset_hierarchy.json
2025-09-23 02:41:03,490 - INFO -   imagenet_models_csv = /home/projects/bagon/andreyg/Projects/BMM_school/Universal_learning/Programming/bars/imagenet_models.csv
2025-09-23 02:41:03,490 - INFO -   lr = 0.0001
2025-09-23 02:41:03,490 - INFO -   max_examples = 50000
2025-09-23 02:41:03,490 - INFO -   max_steps_per_example = 10000
2025-09-23 02:41:03,490 - INFO -   model_csv_name = resnet_10t_176_classification_imagenet_1k
2025-09-23 02:41:03,490 - INFO -   model_name = resnet10t.c3_in1k
2025-09-23 02:41:03,490 - INFO -   no_amp = False
2025-09-23 02:41:03,490 - INFO -   num_workers = 8
2025-09-23 02:41:03,490 - INFO -   output_dir = /home/projects/bagon/andreyg/Projects/BMM_school/Universal_learning/Programming/training_gradient_evaluator_single_loss_parallel/output_parallel_8_workers_trial_2
2025-09-23 02:41:03,490 - INFO -   root_dir = None
2025-09-23 02:41:03,490 - INFO -   seed = 1337
2025-09-23 02:41:03,490 - INFO -   time_limit_seconds = 6300
2025-09-23 02:41:03,491 - INFO -   weight_decay = 0.0
2025-09-23 02:41:03,491 - INFO -   zero_aug_train = False
2025-09-23 02:41:04,249 - INFO - Loaded TIMM pretrained weights for resnet10t.c3_in1k
2025-09-23 02:41:04,249 - INFO - pretrained_cfg.url=https://github.com/rwightman/pytorch-image-models/releases/download/v0.1-rsb-weights/resnet10t_176_c3-f3215ab1.pth hf_hub_id=timm/resnet10t.c3_in1k
2025-09-23 02:41:04,689 - INFO - Training configuration:
2025-09-23 02:41:04,689 - INFO -   lr = 0.0001
2025-09-23 02:41:04,689 - INFO -   weight_decay = 0.0
2025-09-23 02:41:04,689 - INFO -   max_steps = 10000
2025-09-23 02:41:04,689 - INFO -   epsilon = 0.001
2025-09-23 02:41:04,689 - INFO -   device = cuda
2025-09-23 02:41:04,689 - INFO -   use_amp = True
2025-09-23 02:41:04,689 - INFO -   amp_dtype = None
2025-09-23 02:41:04,689 - INFO -   gradient_clip_norm = 1.0
2025-09-23 02:41:35,899 - INFO - Example /home/projects/bagon/shared/imagenet512/val/n03018349/ILSVRC2012_val_00007692.JPEG reached epsilon at step 2202, loss sum: 1749.7957, final loss: 0.00098801, weight distance: 0.1267
2025-09-23 02:42:11,693 - INFO - Example /home/projects/bagon/shared/imagenet512/val/n04536866/ILSVRC2012_val_00016034.JPEG reached epsilon at step 2790, loss sum: 2314.9169, final loss: 0.00099850, weight distance: 0.1469
2025-09-23 02:42:47,932 - INFO - Example /home/projects/bagon/shared/imagenet512/val/n01614925/ILSVRC2012_val_00000128.JPEG reached epsilon at step 2446, loss sum: 620.0399, final loss: 0.00098801, weight distance: 0.1201
2025-09-23 02:43:19,894 - INFO - Example /home/projects/bagon/shared/imagenet512/val/n04597913/ILSVRC2012_val_00004899.JPEG reached epsilon at step 2099, loss sum: 322.4654, final loss: 0.00099277, weight distance: 0.1024
2025-09-23 02:44:00,532 - INFO - Example /home/projects/bagon/shared/imagenet512/val/n02823750/ILSVRC2012_val_00013431.JPEG reached epsilon at step 2988, loss sum: 2230.6285, final loss: 0.00099564, weight distance: 0.1457
2025-09-23 02:44:31,770 - INFO - Example /home/projects/bagon/shared/imagenet512/val/n07892512/ILSVRC2012_val_00014801.JPEG reached epsilon at step 2226, loss sum: 1839.0747, final loss: 0.00099373, weight distance: 0.1259
2025-09-23 02:45:18,415 - INFO - Example /home/projects/bagon/shared/imagenet512/val/n02093428/ILSVRC2012_val_00038254.JPEG reached epsilon at step 3846, loss sum: 811.8103, final loss: 0.00099564, weight distance: 0.1473
2025-09-23 02:45:40,074 - INFO - Example /home/projects/bagon/shared/imagenet512/val/n02100236/ILSVRC2012_val_00009453.JPEG reached epsilon at step 1348, loss sum: 252.8769, final loss: 0.00099945, weight distance: 0.0753
2025-09-23 02:46:04,585 - INFO - Example /home/projects/bagon/shared/imagenet512/val/n03000684/ILSVRC2012_val_00019137.JPEG reached epsilon at step 1639, loss sum: 1453.6693, final loss: 0.00099468, weight distance: 0.1024
2025-09-23 02:46:33,627 - INFO - Example /home/projects/bagon/shared/imagenet512/val/n04039381/ILSVRC2012_val_00037315.JPEG reached epsilon at step 2009, loss sum: 1608.2518, final loss: 0.00099945, weight distance: 0.1198
2025-09-23 02:47:01,376 - INFO - Example /home/projects/bagon/shared/imagenet512/val/n03902125/ILSVRC2012_val_00010969.JPEG reached epsilon at step 1661, loss sum: 1410.0453, final loss: 0.00099182, weight distance: 0.1020
2025-09-23 02:47:25,475 - INFO - Example /home/projects/bagon/shared/imagenet512/val/n02841315/ILSVRC2012_val_00046844.JPEG reached epsilon at step 1576, loss sum: 2332.9348, final loss: 0.00099373, weight distance: 0.1175
2025-09-23 02:48:08,505 - INFO - Example /home/projects/bagon/shared/imagenet512/val/n02391049/ILSVRC2012_val_00025344.JPEG reached epsilon at step 3045, loss sum: 2746.6470, final loss: 0.00098991, weight distance: 0.1652
2025-09-23 02:48:24,351 - INFO - Example /home/projects/bagon/shared/imagenet512/val/n01677366/ILSVRC2012_val_00028571.JPEG reached epsilon at step 970, loss sum: 1173.5406, final loss: 0.00099277, weight distance: 0.0696
2025-09-23 02:49:18,026 - INFO - Example /home/projects/bagon/shared/imagenet512/val/n02109961/ILSVRC2012_val_00031876.JPEG reached epsilon at step 4724, loss sum: 1638.3094, final loss: 0.00099564, weight distance: 0.2004
2025-09-23 02:49:53,443 - INFO - Example /home/projects/bagon/shared/imagenet512/val/n03903868/ILSVRC2012_val_00047667.JPEG reached epsilon at step 2628, loss sum: 1194.9852, final loss: 0.00099468, weight distance: 0.1371
2025-09-23 02:50:20,554 - INFO - Example /home/projects/bagon/shared/imagenet512/val/n03271574/ILSVRC2012_val_00017257.JPEG reached epsilon at step 2216, loss sum: 1088.0972, final loss: 0.00098896, weight distance: 0.1128
2025-09-23 02:50:47,959 - INFO - Example /home/projects/bagon/shared/imagenet512/val/n03476991/ILSVRC2012_val_00022960.JPEG reached epsilon at step 1979, loss sum: 871.0139, final loss: 0.00099277, weight distance: 0.1094
2025-09-23 02:51:39,578 - INFO - Example /home/projects/bagon/shared/imagenet512/val/n02090379/ILSVRC2012_val_00001363.JPEG reached epsilon at step 3630, loss sum: 1016.0188, final loss: 0.00099945, weight distance: 0.1515
2025-09-23 02:52:25,404 - INFO - Example /home/projects/bagon/shared/imagenet512/val/n02441942/ILSVRC2012_val_00042140.JPEG reached epsilon at step 3110, loss sum: 611.9027, final loss: 0.00099564, weight distance: 0.1346
2025-09-23 02:53:06,886 - INFO - Example /home/projects/bagon/shared/imagenet512/val/n03485407/ILSVRC2012_val_00020304.JPEG reached epsilon at step 2831, loss sum: 856.2083, final loss: 0.00098705, weight distance: 0.1182
2025-09-23 02:53:48,339 - INFO - Example /home/projects/bagon/shared/imagenet512/val/n02105855/ILSVRC2012_val_00021061.JPEG reached epsilon at step 3011, loss sum: 229.2158, final loss: 0.00099087, weight distance: 0.1138
2025-09-23 02:54:24,706 - INFO - Example /home/projects/bagon/shared/imagenet512/val/n03775546/ILSVRC2012_val_00032236.JPEG reached epsilon at step 2215, loss sum: 763.5169, final loss: 0.00099564, weight distance: 0.1174
2025-09-23 02:55:19,770 - INFO - Example /home/projects/bagon/shared/imagenet512/val/n02814533/ILSVRC2012_val_00041979.JPEG reached epsilon at step 3817, loss sum: 626.6493, final loss: 0.00099468, weight distance: 0.1596
2025-09-23 02:55:52,628 - INFO - Example /home/projects/bagon/shared/imagenet512/val/n01728572/ILSVRC2012_val_00033391.JPEG reached epsilon at step 2264, loss sum: 512.1282, final loss: 0.00099659, weight distance: 0.1084
2025-09-23 02:56:14,004 - INFO - Example /home/projects/bagon/shared/imagenet512/val/n02948072/ILSVRC2012_val_00012453.JPEG reached epsilon at step 1659, loss sum: 2829.5808, final loss: 0.00099468, weight distance: 0.1186
2025-09-23 02:56:33,465 - INFO - Example /home/projects/bagon/shared/imagenet512/val/n02965783/ILSVRC2012_val_00036522.JPEG reached epsilon at step 1173, loss sum: 448.4218, final loss: 0.00099850, weight distance: 0.0744
2025-09-23 02:57:11,176 - INFO - Example /home/projects/bagon/shared/imagenet512/val/n04542943/ILSVRC2012_val_00021295.JPEG reached epsilon at step 2326, loss sum: 2102.0352, final loss: 0.00099754, weight distance: 0.1370
2025-09-23 02:57:56,551 - INFO - Example /home/projects/bagon/shared/imagenet512/val/n04265275/ILSVRC2012_val_00031079.JPEG reached epsilon at step 3193, loss sum: 4638.8600, final loss: 0.00099277, weight distance: 0.1930
2025-09-23 02:58:25,577 - INFO - Example /home/projects/bagon/shared/imagenet512/val/n02114367/ILSVRC2012_val_00014734.JPEG reached epsilon at step 2174, loss sum: 462.2706, final loss: 0.00099945, weight distance: 0.1014
2025-09-23 02:58:56,360 - INFO - Example /home/projects/bagon/shared/imagenet512/val/n02815834/ILSVRC2012_val_00046614.JPEG reached epsilon at step 2069, loss sum: 939.1149, final loss: 0.00099182, weight distance: 0.1063
2025-09-23 02:59:35,750 - INFO - Example /home/projects/bagon/shared/imagenet512/val/n04259630/ILSVRC2012_val_00008170.JPEG reached epsilon at step 2928, loss sum: 1324.8964, final loss: 0.00099182, weight distance: 0.1481
2025-09-23 02:59:54,778 - INFO - Example /home/projects/bagon/shared/imagenet512/val/n04376876/ILSVRC2012_val_00021049.JPEG reached epsilon at step 1639, loss sum: 1599.7771, final loss: 0.00099564, weight distance: 0.1073
2025-09-23 03:00:21,703 - INFO - Example /home/projects/bagon/shared/imagenet512/val/n02939185/ILSVRC2012_val_00036084.JPEG reached epsilon at step 2169, loss sum: 1960.2855, final loss: 0.00099945, weight distance: 0.1308
2025-09-23 03:01:16,562 - INFO - Example /home/projects/bagon/shared/imagenet512/val/n02974003/ILSVRC2012_val_00000085.JPEG reached epsilon at step 4538, loss sum: 2193.5052, final loss: 0.00099087, weight distance: 0.2107
2025-09-23 03:01:46,525 - INFO - Example /home/projects/bagon/shared/imagenet512/val/n02091635/ILSVRC2012_val_00017126.JPEG reached epsilon at step 1830, loss sum: 1018.4407, final loss: 0.00098896, weight distance: 0.1036
2025-09-23 03:02:17,815 - INFO - Example /home/projects/bagon/shared/imagenet512/val/n03291819/ILSVRC2012_val_00034999.JPEG reached epsilon at step 2257, loss sum: 353.5537, final loss: 0.00099564, weight distance: 0.1051
2025-09-23 03:02:42,165 - INFO - Example /home/projects/bagon/shared/imagenet512/val/n03133878/ILSVRC2012_val_00020891.JPEG reached epsilon at step 1667, loss sum: 591.2630, final loss: 0.00099945, weight distance: 0.0931
2025-09-23 03:03:29,403 - INFO - Example /home/projects/bagon/shared/imagenet512/val/n04560804/ILSVRC2012_val_00013347.JPEG reached epsilon at step 3355, loss sum: 674.7924, final loss: 0.00099945, weight distance: 0.1463
2025-09-23 03:03:58,061 - INFO - Example /home/projects/bagon/shared/imagenet512/val/n03710721/ILSVRC2012_val_00047553.JPEG reached epsilon at step 2355, loss sum: 504.8762, final loss: 0.00099945, weight distance: 0.1188
2025-09-23 03:04:44,820 - INFO - Example /home/projects/bagon/shared/imagenet512/val/n02490219/ILSVRC2012_val_00042165.JPEG reached epsilon at step 2106, loss sum: 562.4608, final loss: 0.00099754, weight distance: 0.1056
2025-09-23 03:05:18,690 - INFO - Example /home/projects/bagon/shared/imagenet512/val/n07693725/ILSVRC2012_val_00043931.JPEG reached epsilon at step 1869, loss sum: 1434.3449, final loss: 0.00098896, weight distance: 0.1167
2025-09-23 03:06:01,338 - INFO - Example /home/projects/bagon/shared/imagenet512/val/n09332890/ILSVRC2012_val_00011436.JPEG reached epsilon at step 3293, loss sum: 1888.7463, final loss: 0.00099564, weight distance: 0.1505
2025-09-23 03:06:22,814 - INFO - Example /home/projects/bagon/shared/imagenet512/val/n04507155/ILSVRC2012_val_00048492.JPEG reached epsilon at step 1388, loss sum: 693.6201, final loss: 0.00099277, weight distance: 0.0850
2025-09-23 03:07:02,357 - INFO - Example /home/projects/bagon/shared/imagenet512/val/n03781244/ILSVRC2012_val_00010547.JPEG reached epsilon at step 3086, loss sum: 707.4402, final loss: 0.00099277, weight distance: 0.1325
2025-09-23 03:07:33,589 - INFO - Example /home/projects/bagon/shared/imagenet512/val/n02825657/ILSVRC2012_val_00022959.JPEG reached epsilon at step 2027, loss sum: 199.5165, final loss: 0.00098515, weight distance: 0.0948
2025-09-23 03:08:17,825 - INFO - Example /home/projects/bagon/shared/imagenet512/val/n02226429/ILSVRC2012_val_00007589.JPEG reached epsilon at step 3174, loss sum: 297.6881, final loss: 0.00099754, weight distance: 0.1293
2025-09-23 03:08:54,968 - INFO - Example /home/projects/bagon/shared/imagenet512/val/n04355933/ILSVRC2012_val_00030556.JPEG reached epsilon at step 3076, loss sum: 285.0395, final loss: 0.00098991, weight distance: 0.1257
2025-09-23 03:09:26,273 - INFO - Example /home/projects/bagon/shared/imagenet512/val/n04049303/ILSVRC2012_val_00032918.JPEG reached epsilon at step 2014, loss sum: 334.1352, final loss: 0.00099564, weight distance: 0.0999
2025-09-23 03:10:02,749 - INFO - Example /home/projects/bagon/shared/imagenet512/val/n04263257/ILSVRC2012_val_00034989.JPEG reached epsilon at step 2465, loss sum: 533.2930, final loss: 0.00098991, weight distance: 0.1143
2025-09-23 03:10:26,713 - INFO - Example /home/projects/bagon/shared/imagenet512/val/n02412080/ILSVRC2012_val_00022981.JPEG reached epsilon at step 1552, loss sum: 293.6163, final loss: 0.00099468, weight distance: 0.0876
2025-09-23 03:11:05,038 - INFO - Example /home/projects/bagon/shared/imagenet512/val/n03443371/ILSVRC2012_val_00008748.JPEG reached epsilon at step 2624, loss sum: 1200.0842, final loss: 0.00099087, weight distance: 0.1300
2025-09-23 03:11:34,147 - INFO - Example /home/projects/bagon/shared/imagenet512/val/n02174001/ILSVRC2012_val_00023013.JPEG reached epsilon at step 1940, loss sum: 136.1282, final loss: 0.00099945, weight distance: 0.0870
2025-09-23 03:12:04,718 - INFO - Example /home/projects/bagon/shared/imagenet512/val/n02804610/ILSVRC2012_val_00016450.JPEG reached epsilon at step 2234, loss sum: 687.3969, final loss: 0.00099754, weight distance: 0.1084
2025-09-23 03:12:25,282 - INFO - Example /home/projects/bagon/shared/imagenet512/val/n02927161/ILSVRC2012_val_00002058.JPEG reached epsilon at step 1326, loss sum: 343.8185, final loss: 0.00099087, weight distance: 0.0826
2025-09-23 03:12:45,824 - INFO - Example /home/projects/bagon/shared/imagenet512/val/n01990800/ILSVRC2012_val_00015874.JPEG reached epsilon at step 1737, loss sum: 1777.9856, final loss: 0.00099468, weight distance: 0.1138
2025-09-23 03:13:20,798 - INFO - Example /home/projects/bagon/shared/imagenet512/val/n02837789/ILSVRC2012_val_00016038.JPEG reached epsilon at step 2184, loss sum: 488.6835, final loss: 0.00099754, weight distance: 0.1050
2025-09-23 03:14:08,268 - INFO - Example /home/projects/bagon/shared/imagenet512/val/n03658185/ILSVRC2012_val_00007617.JPEG reached epsilon at step 3744, loss sum: 363.9453, final loss: 0.00099659, weight distance: 0.1318
2025-09-23 03:14:49,646 - INFO - Example /home/projects/bagon/shared/imagenet512/val/n03866082/ILSVRC2012_val_00003114.JPEG reached epsilon at step 3519, loss sum: 1026.2973, final loss: 0.00099754, weight distance: 0.1447
2025-09-23 03:15:37,383 - INFO - Example /home/projects/bagon/shared/imagenet512/val/n02814533/ILSVRC2012_val_00030834.JPEG reached epsilon at step 3609, loss sum: 2640.3504, final loss: 0.00099945, weight distance: 0.1826
2025-09-23 03:15:56,594 - INFO - Example /home/projects/bagon/shared/imagenet512/val/n03223299/ILSVRC2012_val_00046885.JPEG reached epsilon at step 1655, loss sum: 396.2480, final loss: 0.00098896, weight distance: 0.0915
2025-09-23 03:16:26,221 - INFO - Example /home/projects/bagon/shared/imagenet512/val/n03476684/ILSVRC2012_val_00005666.JPEG reached epsilon at step 2548, loss sum: 1689.7805, final loss: 0.00099945, weight distance: 0.1365
2025-09-23 03:16:50,766 - INFO - Example /home/projects/bagon/shared/imagenet512/val/n02978881/ILSVRC2012_val_00027004.JPEG reached epsilon at step 1743, loss sum: 274.6601, final loss: 0.00099754, weight distance: 0.0928
2025-09-23 03:17:22,257 - INFO - Example /home/projects/bagon/shared/imagenet512/val/n04127249/ILSVRC2012_val_00020871.JPEG reached epsilon at step 2154, loss sum: 1841.0972, final loss: 0.00099564, weight distance: 0.1309
2025-09-23 03:18:00,475 - INFO - Example /home/projects/bagon/shared/imagenet512/val/n02095570/ILSVRC2012_val_00044354.JPEG reached epsilon at step 3296, loss sum: 966.3008, final loss: 0.00099945, weight distance: 0.1445
2025-09-23 03:18:29,490 - INFO - Example /home/projects/bagon/shared/imagenet512/val/n02951585/ILSVRC2012_val_00034830.JPEG reached epsilon at step 2046, loss sum: 996.0061, final loss: 0.00099945, weight distance: 0.1164
2025-09-23 03:18:57,700 - INFO - Example /home/projects/bagon/shared/imagenet512/val/n01737021/ILSVRC2012_val_00002725.JPEG reached epsilon at step 1460, loss sum: 1050.2434, final loss: 0.00099754, weight distance: 0.0981
2025-09-23 03:19:23,481 - INFO - Example /home/projects/bagon/shared/imagenet512/val/n02966687/ILSVRC2012_val_00040749.JPEG reached epsilon at step 1585, loss sum: 197.0282, final loss: 0.00099659, weight distance: 0.0810
2025-09-23 03:20:12,015 - INFO - Example /home/projects/bagon/shared/imagenet512/val/n02113712/ILSVRC2012_val_00027109.JPEG reached epsilon at step 3679, loss sum: 850.6706, final loss: 0.00099945, weight distance: 0.1397
2025-09-23 03:20:30,137 - INFO - Example /home/projects/bagon/shared/imagenet512/val/n02871525/ILSVRC2012_val_00005712.JPEG reached epsilon at step 944, loss sum: 82.5609, final loss: 0.00099373, weight distance: 0.0564
2025-09-23 03:21:19,248 - INFO - Example /home/projects/bagon/shared/imagenet512/val/n03782006/ILSVRC2012_val_00023882.JPEG reached epsilon at step 3480, loss sum: 373.2177, final loss: 0.00099850, weight distance: 0.1361
2025-09-23 03:21:43,871 - INFO - Example /home/projects/bagon/shared/imagenet512/val/n03761084/ILSVRC2012_val_00036638.JPEG reached epsilon at step 1287, loss sum: 640.4988, final loss: 0.00099277, weight distance: 0.0805
2025-09-23 03:22:27,769 - INFO - Example /home/projects/bagon/shared/imagenet512/val/n03692522/ILSVRC2012_val_00046725.JPEG reached epsilon at step 3243, loss sum: 5714.9158, final loss: 0.00099945, weight distance: 0.1869
2025-09-23 03:22:57,326 - INFO - Example /home/projects/bagon/shared/imagenet512/val/n02948072/ILSVRC2012_val_00027494.JPEG reached epsilon at step 1792, loss sum: 1983.6877, final loss: 0.00099945, weight distance: 0.1133
2025-09-23 03:23:41,637 - INFO - Example /home/projects/bagon/shared/imagenet512/val/n03146219/ILSVRC2012_val_00021827.JPEG reached epsilon at step 3171, loss sum: 701.1150, final loss: 0.00099945, weight distance: 0.1277
2025-09-23 03:24:08,122 - INFO - Example /home/projects/bagon/shared/imagenet512/val/n02504013/ILSVRC2012_val_00014219.JPEG reached epsilon at step 2187, loss sum: 247.3174, final loss: 0.00098896, weight distance: 0.0947
2025-09-23 03:24:50,452 - INFO - Example /home/projects/bagon/shared/imagenet512/val/n04404412/ILSVRC2012_val_00036205.JPEG reached epsilon at step 3433, loss sum: 2133.7024, final loss: 0.00099945, weight distance: 0.1673
2025-09-23 03:25:13,166 - INFO - Example /home/projects/bagon/shared/imagenet512/val/n07836838/ILSVRC2012_val_00005714.JPEG reached epsilon at step 1663, loss sum: 1157.3102, final loss: 0.00099945, weight distance: 0.1043
2025-09-23 03:25:33,042 - INFO - Example /home/projects/bagon/shared/imagenet512/val/n04238763/ILSVRC2012_val_00049850.JPEG reached epsilon at step 1585, loss sum: 2635.2915, final loss: 0.00099850, weight distance: 0.1167
2025-09-23 03:25:55,829 - INFO - Example /home/projects/bagon/shared/imagenet512/val/n03958227/ILSVRC2012_val_00042880.JPEG reached epsilon at step 1327, loss sum: 1448.7953, final loss: 0.00099277, weight distance: 0.0956
2025-09-23 03:26:22,635 - INFO - Example /home/projects/bagon/shared/imagenet512/val/n02971356/ILSVRC2012_val_00045474.JPEG reached epsilon at step 2143, loss sum: 1804.3364, final loss: 0.00099087, weight distance: 0.1264
2025-09-23 03:27:07,482 - INFO - Example /home/projects/bagon/shared/imagenet512/val/n02085782/ILSVRC2012_val_00010516.JPEG reached epsilon at step 3505, loss sum: 754.8415, final loss: 0.00099945, weight distance: 0.1393
2025-09-23 03:27:58,361 - INFO - Example /home/projects/bagon/shared/imagenet512/val/n13133613/ILSVRC2012_val_00043235.JPEG reached epsilon at step 4049, loss sum: 858.1020, final loss: 0.00099468, weight distance: 0.1583
2025-09-23 03:28:19,751 - INFO - Example /home/projects/bagon/shared/imagenet512/val/n03788365/ILSVRC2012_val_00017081.JPEG reached epsilon at step 1432, loss sum: 560.5932, final loss: 0.00099754, weight distance: 0.0862
2025-09-23 03:28:56,235 - INFO - Example /home/projects/bagon/shared/imagenet512/val/n04370456/ILSVRC2012_val_00027003.JPEG reached epsilon at step 2850, loss sum: 443.8120, final loss: 0.00099277, weight distance: 0.1152
2025-09-23 03:29:46,321 - INFO - Example /home/projects/bagon/shared/imagenet512/val/n03710637/ILSVRC2012_val_00004531.JPEG reached epsilon at step 4000, loss sum: 2767.2872, final loss: 0.00099945, weight distance: 0.1919
2025-09-23 03:30:22,926 - INFO - Example /home/projects/bagon/shared/imagenet512/val/n04371430/ILSVRC2012_val_00032558.JPEG reached epsilon at step 2561, loss sum: 1569.8755, final loss: 0.00099468, weight distance: 0.1352
2025-09-23 03:30:42,709 - INFO - Example /home/projects/bagon/shared/imagenet512/val/n03891251/ILSVRC2012_val_00005510.JPEG reached epsilon at step 1085, loss sum: 173.6300, final loss: 0.00099277, weight distance: 0.0667
2025-09-23 03:31:18,758 - INFO - Example /home/projects/bagon/shared/imagenet512/val/n03666591/ILSVRC2012_val_00032801.JPEG reached epsilon at step 2853, loss sum: 2969.8826, final loss: 0.00099754, weight distance: 0.1617
2025-09-23 03:31:45,688 - INFO - Example /home/projects/bagon/shared/imagenet512/val/n04116512/ILSVRC2012_val_00002375.JPEG reached epsilon at step 2199, loss sum: 1394.1096, final loss: 0.00099468, weight distance: 0.1191
2025-09-23 03:32:08,064 - INFO - Example /home/projects/bagon/shared/imagenet512/val/n03876231/ILSVRC2012_val_00000360.JPEG reached epsilon at step 1372, loss sum: 1613.3822, final loss: 0.00099277, weight distance: 0.0937
2025-09-23 03:32:34,887 - INFO - Example /home/projects/bagon/shared/imagenet512/val/n09835506/ILSVRC2012_val_00002109.JPEG reached epsilon at step 1830, loss sum: 1584.9279, final loss: 0.00098896, weight distance: 0.1077
2025-09-23 03:33:12,498 - INFO - Example /home/projects/bagon/shared/imagenet512/val/n04325704/ILSVRC2012_val_00027092.JPEG reached epsilon at step 2890, loss sum: 671.1724, final loss: 0.00099277, weight distance: 0.1399
2025-09-23 03:33:33,360 - INFO - Example /home/projects/bagon/shared/imagenet512/val/n03676483/ILSVRC2012_val_00004648.JPEG reached epsilon at step 1466, loss sum: 300.7141, final loss: 0.00099659, weight distance: 0.0854
2025-09-23 03:34:09,072 - INFO - Example /home/projects/bagon/shared/imagenet512/val/n04081281/ILSVRC2012_val_00028580.JPEG reached epsilon at step 2173, loss sum: 505.9666, final loss: 0.00099945, weight distance: 0.1116
2025-09-23 03:34:39,029 - INFO - Example /home/projects/bagon/shared/imagenet512/val/n04487394/ILSVRC2012_val_00045716.JPEG reached epsilon at step 2452, loss sum: 395.4186, final loss: 0.00099850, weight distance: 0.1103
2025-09-23 03:35:00,367 - INFO - Example /home/projects/bagon/shared/imagenet512/val/n03891251/ILSVRC2012_val_00000192.JPEG reached epsilon at step 1411, loss sum: 764.3093, final loss: 0.00099087, weight distance: 0.0895
2025-09-23 03:35:37,268 - INFO - Example /home/projects/bagon/shared/imagenet512/val/n02951585/ILSVRC2012_val_00020234.JPEG reached epsilon at step 2384, loss sum: 1338.0374, final loss: 0.00099659, weight distance: 0.1269
2025-09-23 03:36:23,326 - INFO - Example /home/projects/bagon/shared/imagenet512/val/n02481823/ILSVRC2012_val_00001546.JPEG reached epsilon at step 3218, loss sum: 1939.1476, final loss: 0.00099659, weight distance: 0.1536
2025-09-23 03:37:14,841 - INFO - Example /home/projects/bagon/shared/imagenet512/val/n01756291/ILSVRC2012_val_00021270.JPEG reached epsilon at step 4462, loss sum: 438.3424, final loss: 0.00099945, weight distance: 0.1599
2025-09-23 03:37:58,151 - INFO - Example /home/projects/bagon/shared/imagenet512/val/n02089867/ILSVRC2012_val_00025562.JPEG reached epsilon at step 3287, loss sum: 694.5770, final loss: 0.00099277, weight distance: 0.1337
2025-09-23 03:38:33,191 - INFO - Example /home/projects/bagon/shared/imagenet512/val/n03657121/ILSVRC2012_val_00029488.JPEG reached epsilon at step 2483, loss sum: 1364.4207, final loss: 0.00099277, weight distance: 0.1336
2025-09-23 03:38:58,490 - INFO - Example /home/projects/bagon/shared/imagenet512/val/n04200800/ILSVRC2012_val_00049450.JPEG reached epsilon at step 1950, loss sum: 352.1835, final loss: 0.00099564, weight distance: 0.0992
2025-09-23 03:39:26,245 - INFO - Example /home/projects/bagon/shared/imagenet512/val/n04596742/ILSVRC2012_val_00023337.JPEG reached epsilon at step 2297, loss sum: 994.0435, final loss: 0.00099945, weight distance: 0.1246
2025-09-23 03:39:46,666 - INFO - Example /home/projects/bagon/shared/imagenet512/val/n07932039/ILSVRC2012_val_00008845.JPEG reached epsilon at step 1623, loss sum: 599.2596, final loss: 0.00099850, weight distance: 0.0960
2025-09-23 03:40:38,606 - INFO - Example /home/projects/bagon/shared/imagenet512/val/n03710721/ILSVRC2012_val_00041966.JPEG reached epsilon at step 4148, loss sum: 1066.7109, final loss: 0.00099945, weight distance: 0.1743
2025-09-23 03:41:01,669 - INFO - Example /home/projects/bagon/shared/imagenet512/val/n02408429/ILSVRC2012_val_00013548.JPEG reached epsilon at step 1347, loss sum: 871.8434, final loss: 0.00099850, weight distance: 0.0860
2025-09-23 03:41:45,471 - INFO - Example /home/projects/bagon/shared/imagenet512/val/n03970156/ILSVRC2012_val_00024638.JPEG reached epsilon at step 2987, loss sum: 4081.7044, final loss: 0.00099945, weight distance: 0.1813
2025-09-23 03:42:17,672 - INFO - Example /home/projects/bagon/shared/imagenet512/val/n03379051/ILSVRC2012_val_00026706.JPEG reached epsilon at step 2193, loss sum: 2572.4816, final loss: 0.00098991, weight distance: 0.1430
2025-09-23 03:42:37,270 - INFO - Example /home/projects/bagon/shared/imagenet512/val/n03902125/ILSVRC2012_val_00011239.JPEG reached epsilon at step 1681, loss sum: 1755.7754, final loss: 0.00099277, weight distance: 0.1141
2025-09-23 03:42:56,284 - INFO - Example /home/projects/bagon/shared/imagenet512/val/n01860187/ILSVRC2012_val_00045505.JPEG reached epsilon at step 1472, loss sum: 2371.1338, final loss: 0.00099564, weight distance: 0.1069
2025-09-23 03:43:26,693 - INFO - Example /home/projects/bagon/shared/imagenet512/val/n07695742/ILSVRC2012_val_00004759.JPEG reached epsilon at step 1819, loss sum: 1083.1965, final loss: 0.00099850, weight distance: 0.1083
2025-09-23 03:43:56,600 - INFO - Example /home/projects/bagon/shared/imagenet512/val/n03908714/ILSVRC2012_val_00042031.JPEG reached epsilon at step 1678, loss sum: 769.2622, final loss: 0.00099087, weight distance: 0.1060
2025-09-23 03:44:36,776 - INFO - Example /home/projects/bagon/shared/imagenet512/val/n02948072/ILSVRC2012_val_00025186.JPEG reached epsilon at step 2839, loss sum: 1665.6451, final loss: 0.00099564, weight distance: 0.1421
2025-09-23 03:45:12,466 - INFO - Example /home/projects/bagon/shared/imagenet512/val/n03180011/ILSVRC2012_val_00033297.JPEG reached epsilon at step 3129, loss sum: 241.5767, final loss: 0.00098991, weight distance: 0.1216
2025-09-23 03:45:44,438 - INFO - Example /home/projects/bagon/shared/imagenet512/val/n02791270/ILSVRC2012_val_00041153.JPEG reached epsilon at step 2364, loss sum: 2151.8791, final loss: 0.00099373, weight distance: 0.1349
2025-09-23 03:46:30,565 - INFO - Example /home/projects/bagon/shared/imagenet512/val/n03770679/ILSVRC2012_val_00016431.JPEG reached epsilon at step 3320, loss sum: 2308.5763, final loss: 0.00099850, weight distance: 0.1751
2025-09-23 03:47:05,370 - INFO - Example /home/projects/bagon/shared/imagenet512/val/n01729322/ILSVRC2012_val_00003098.JPEG reached epsilon at step 2438, loss sum: 1200.8498, final loss: 0.00099945, weight distance: 0.1280
2025-09-23 03:47:49,475 - INFO - Example /home/projects/bagon/shared/imagenet512/val/n03832673/ILSVRC2012_val_00029951.JPEG reached epsilon at step 3722, loss sum: 784.8728, final loss: 0.00099945, weight distance: 0.1417
2025-09-23 03:48:14,403 - INFO - Example /home/projects/bagon/shared/imagenet512/val/n07584110/ILSVRC2012_val_00040476.JPEG reached epsilon at step 1560, loss sum: 348.6957, final loss: 0.00098991, weight distance: 0.0872
2025-09-23 03:48:42,501 - INFO - Example /home/projects/bagon/shared/imagenet512/val/n04118776/ILSVRC2012_val_00039429.JPEG reached epsilon at step 2011, loss sum: 2611.1052, final loss: 0.00099850, weight distance: 0.1340
2025-09-23 03:49:19,401 - INFO - Example /home/projects/bagon/shared/imagenet512/val/n03692522/ILSVRC2012_val_00007089.JPEG reached epsilon at step 2615, loss sum: 2301.0180, final loss: 0.00099659, weight distance: 0.1446
2025-09-23 03:49:58,319 - INFO - Example /home/projects/bagon/shared/imagenet512/val/n01693334/ILSVRC2012_val_00026626.JPEG reached epsilon at step 2652, loss sum: 1098.0290, final loss: 0.00099468, weight distance: 0.1179
2025-09-23 03:50:22,859 - INFO - Example /home/projects/bagon/shared/imagenet512/val/n02841315/ILSVRC2012_val_00010394.JPEG reached epsilon at step 1414, loss sum: 577.5862, final loss: 0.00099087, weight distance: 0.0807
2025-09-23 03:50:56,316 - INFO - Example /home/projects/bagon/shared/imagenet512/val/n03291819/ILSVRC2012_val_00007215.JPEG reached epsilon at step 2532, loss sum: 1201.9809, final loss: 0.00099277, weight distance: 0.1318
2025-09-23 03:51:22,139 - INFO - Example /home/projects/bagon/shared/imagenet512/val/n07718472/ILSVRC2012_val_00017427.JPEG reached epsilon at step 2128, loss sum: 222.1383, final loss: 0.00099659, weight distance: 0.0961
2025-09-23 03:52:04,638 - INFO - Example /home/projects/bagon/shared/imagenet512/val/n03602883/ILSVRC2012_val_00042275.JPEG reached epsilon at step 2984, loss sum: 1065.7349, final loss: 0.00099373, weight distance: 0.1456
2025-09-23 03:52:43,016 - INFO - Example /home/projects/bagon/shared/imagenet512/val/n02415577/ILSVRC2012_val_00042432.JPEG reached epsilon at step 2798, loss sum: 223.6048, final loss: 0.00099564, weight distance: 0.1080
2025-09-23 03:53:20,714 - INFO - Example /home/projects/bagon/shared/imagenet512/val/n02108089/ILSVRC2012_val_00009553.JPEG reached epsilon at step 2364, loss sum: 271.1270, final loss: 0.00099564, weight distance: 0.0994
2025-09-23 03:54:17,935 - INFO - Example /home/projects/bagon/shared/imagenet512/val/n03710721/ILSVRC2012_val_00030318.JPEG reached epsilon at step 4591, loss sum: 316.1853, final loss: 0.00099564, weight distance: 0.1549
2025-09-23 03:54:55,731 - INFO - Example /home/projects/bagon/shared/imagenet512/val/n01807496/ILSVRC2012_val_00049353.JPEG reached epsilon at step 2739, loss sum: 1036.9143, final loss: 0.00099468, weight distance: 0.1354
2025-09-23 03:55:33,785 - INFO - Example /home/projects/bagon/shared/imagenet512/val/n04591157/ILSVRC2012_val_00000285.JPEG reached epsilon at step 3003, loss sum: 1749.2520, final loss: 0.00099945, weight distance: 0.1557
2025-09-23 03:56:00,928 - INFO - Example /home/projects/bagon/shared/imagenet512/val/n03637318/ILSVRC2012_val_00007656.JPEG reached epsilon at step 2293, loss sum: 1647.0013, final loss: 0.00098705, weight distance: 0.1191
2025-09-23 03:56:34,017 - INFO - Example /home/projects/bagon/shared/imagenet512/val/n02894605/ILSVRC2012_val_00028816.JPEG reached epsilon at step 2892, loss sum: 990.3186, final loss: 0.00098991, weight distance: 0.1444
2025-09-23 03:57:10,437 - INFO - Example /home/projects/bagon/shared/imagenet512/val/n02093991/ILSVRC2012_val_00046443.JPEG reached epsilon at step 2689, loss sum: 1021.1242, final loss: 0.00099659, weight distance: 0.1305
2025-09-23 03:57:42,835 - INFO - Example /home/projects/bagon/shared/imagenet512/val/n03899768/ILSVRC2012_val_00015672.JPEG reached epsilon at step 2687, loss sum: 2065.1971, final loss: 0.00099277, weight distance: 0.1462
2025-09-23 03:58:12,445 - INFO - Example /home/projects/bagon/shared/imagenet512/val/n04074963/ILSVRC2012_val_00042305.JPEG reached epsilon at step 2591, loss sum: 513.1934, final loss: 0.00099182, weight distance: 0.1232
2025-09-23 03:58:40,470 - INFO - Example /home/projects/bagon/shared/imagenet512/val/n03388183/ILSVRC2012_val_00005686.JPEG reached epsilon at step 2422, loss sum: 1652.4611, final loss: 0.00099754, weight distance: 0.1326
2025-09-23 03:59:02,252 - INFO - Example /home/projects/bagon/shared/imagenet512/val/n04179913/ILSVRC2012_val_00029533.JPEG reached epsilon at step 1690, loss sum: 3362.3687, final loss: 0.00099373, weight distance: 0.1249
2025-09-23 03:59:17,091 - INFO - Example /home/projects/bagon/shared/imagenet512/val/n02106662/ILSVRC2012_val_00011593.JPEG reached epsilon at step 1264, loss sum: 367.9228, final loss: 0.00099087, weight distance: 0.0786
2025-09-23 04:00:11,888 - INFO - Example /home/projects/bagon/shared/imagenet512/val/n04152593/ILSVRC2012_val_00042892.JPEG reached epsilon at step 4490, loss sum: 836.6788, final loss: 0.00099659, weight distance: 0.1726
2025-09-23 04:01:11,663 - INFO - Example /home/projects/bagon/shared/imagenet512/val/n04493381/ILSVRC2012_val_00048028.JPEG reached epsilon at step 4833, loss sum: 519.3922, final loss: 0.00099945, weight distance: 0.1693
2025-09-23 04:01:47,090 - INFO - Example /home/projects/bagon/shared/imagenet512/val/n02999410/ILSVRC2012_val_00002229.JPEG reached epsilon at step 2618, loss sum: 1689.5468, final loss: 0.00099945, weight distance: 0.1465
2025-09-23 04:02:35,655 - INFO - Example /home/projects/bagon/shared/imagenet512/val/n03866082/ILSVRC2012_val_00005251.JPEG reached epsilon at step 3724, loss sum: 2800.3934, final loss: 0.00099754, weight distance: 0.1694
2025-09-23 04:03:05,473 - INFO - Example /home/projects/bagon/shared/imagenet512/val/n01667778/ILSVRC2012_val_00013301.JPEG reached epsilon at step 1780, loss sum: 511.8458, final loss: 0.00099659, weight distance: 0.0910
2025-09-23 04:03:31,770 - INFO - Example /home/projects/bagon/shared/imagenet512/val/n04254120/ILSVRC2012_val_00040456.JPEG reached epsilon at step 1797, loss sum: 1838.6676, final loss: 0.00099754, weight distance: 0.1202
2025-09-23 04:04:00,360 - INFO - Example /home/projects/bagon/shared/imagenet512/val/n04286575/ILSVRC2012_val_00002856.JPEG reached epsilon at step 1994, loss sum: 1198.5235, final loss: 0.00099468, weight distance: 0.1162
2025-09-23 04:04:34,922 - INFO - Example /home/projects/bagon/shared/imagenet512/val/n04357314/ILSVRC2012_val_00011920.JPEG reached epsilon at step 2479, loss sum: 2323.9114, final loss: 0.00099277, weight distance: 0.1477
2025-09-23 04:05:08,701 - INFO - Example /home/projects/bagon/shared/imagenet512/val/n02974003/ILSVRC2012_val_00019701.JPEG reached epsilon at step 2824, loss sum: 711.2041, final loss: 0.00099945, weight distance: 0.1357
2025-09-23 04:05:33,174 - INFO - Example /home/projects/bagon/shared/imagenet512/val/n06874185/ILSVRC2012_val_00044492.JPEG reached epsilon at step 1920, loss sum: 1506.1090, final loss: 0.00099564, weight distance: 0.1230
2025-09-23 04:05:48,926 - INFO - Example /home/projects/bagon/shared/imagenet512/val/n04417672/ILSVRC2012_val_00025908.JPEG reached epsilon at step 1223, loss sum: 345.2488, final loss: 0.00099659, weight distance: 0.0730
2025-09-23 04:06:05,838 - INFO - Example /home/projects/bagon/shared/imagenet512/val/n03793489/ILSVRC2012_val_00004642.JPEG reached epsilon at step 1436, loss sum: 493.2642, final loss: 0.00099087, weight distance: 0.0790
2025-09-23 04:06:45,551 - INFO - Example /home/projects/bagon/shared/imagenet512/val/n04154565/ILSVRC2012_val_00048695.JPEG reached epsilon at step 2655, loss sum: 1766.2738, final loss: 0.00099659, weight distance: 0.1479
2025-09-23 04:07:23,956 - INFO - Example /home/projects/bagon/shared/imagenet512/val/n02669723/ILSVRC2012_val_00012762.JPEG reached epsilon at step 2929, loss sum: 1468.7935, final loss: 0.00098705, weight distance: 0.1415
2025-09-23 04:08:13,329 - INFO - Example /home/projects/bagon/shared/imagenet512/val/n01756291/ILSVRC2012_val_00013418.JPEG reached epsilon at step 3698, loss sum: 479.5410, final loss: 0.00098991, weight distance: 0.1411
2025-09-23 04:08:33,878 - INFO - Example /home/projects/bagon/shared/imagenet512/val/n04209133/ILSVRC2012_val_00029858.JPEG reached epsilon at step 1425, loss sum: 325.5254, final loss: 0.00099945, weight distance: 0.0833
2025-09-23 04:09:07,480 - INFO - Example /home/projects/bagon/shared/imagenet512/val/n03804744/ILSVRC2012_val_00039239.JPEG reached epsilon at step 2307, loss sum: 1639.3500, final loss: 0.00099564, weight distance: 0.1193
2025-09-23 04:09:31,996 - INFO - Example /home/projects/bagon/shared/imagenet512/val/n03032252/ILSVRC2012_val_00022304.JPEG reached epsilon at step 1606, loss sum: 908.1916, final loss: 0.00099564, weight distance: 0.1016
2025-09-23 04:09:56,821 - INFO - Example /home/projects/bagon/shared/imagenet512/val/n03041632/ILSVRC2012_val_00004379.JPEG reached epsilon at step 1719, loss sum: 1032.7633, final loss: 0.00099850, weight distance: 0.1043
2025-09-23 04:10:41,839 - INFO - Example /home/projects/bagon/shared/imagenet512/val/n02974003/ILSVRC2012_val_00040366.JPEG reached epsilon at step 3564, loss sum: 2098.3830, final loss: 0.00099182, weight distance: 0.1810
2025-09-23 04:11:18,305 - INFO - Example /home/projects/bagon/shared/imagenet512/val/n03792782/ILSVRC2012_val_00018015.JPEG reached epsilon at step 2424, loss sum: 1672.3847, final loss: 0.00099182, weight distance: 0.1311
2025-09-23 04:11:50,400 - INFO - Example /home/projects/bagon/shared/imagenet512/val/n03207941/ILSVRC2012_val_00015960.JPEG reached epsilon at step 2242, loss sum: 1040.5386, final loss: 0.00098991, weight distance: 0.1275
2025-09-23 04:12:28,265 - INFO - Example /home/projects/bagon/shared/imagenet512/val/n04404412/ILSVRC2012_val_00043496.JPEG reached epsilon at step 2615, loss sum: 390.5045, final loss: 0.00098896, weight distance: 0.1160
2025-09-23 04:12:55,397 - INFO - Example /home/projects/bagon/shared/imagenet512/val/n03903868/ILSVRC2012_val_00035124.JPEG reached epsilon at step 1686, loss sum: 368.5075, final loss: 0.00099182, weight distance: 0.0898
2025-09-23 04:13:22,773 - INFO - Example /home/projects/bagon/shared/imagenet512/val/n03000134/ILSVRC2012_val_00046648.JPEG reached epsilon at step 1886, loss sum: 3064.5652, final loss: 0.00099945, weight distance: 0.1253
2025-09-23 04:13:57,468 - INFO - Example /home/projects/bagon/shared/imagenet512/val/n04330267/ILSVRC2012_val_00027327.JPEG reached epsilon at step 2407, loss sum: 2095.7000, final loss: 0.00099468, weight distance: 0.1449
2025-09-23 04:14:40,799 - INFO - Example /home/projects/bagon/shared/imagenet512/val/n03970156/ILSVRC2012_val_00047886.JPEG reached epsilon at step 3149, loss sum: 3546.4994, final loss: 0.00098896, weight distance: 0.1875
2025-09-23 04:15:04,412 - INFO - Example /home/projects/bagon/shared/imagenet512/val/n04456115/ILSVRC2012_val_00046509.JPEG reached epsilon at step 1276, loss sum: 312.0634, final loss: 0.00099468, weight distance: 0.0762
2025-09-23 04:15:29,934 - INFO - Example /home/projects/bagon/shared/imagenet512/val/n03602883/ILSVRC2012_val_00030050.JPEG reached epsilon at step 1671, loss sum: 923.9600, final loss: 0.00099754, weight distance: 0.1031
2025-09-23 04:15:54,950 - INFO - Example /home/projects/bagon/shared/imagenet512/val/n04501370/ILSVRC2012_val_00032392.JPEG reached epsilon at step 1323, loss sum: 750.4807, final loss: 0.00099182, weight distance: 0.0876
2025-09-23 04:16:22,437 - INFO - Example /home/projects/bagon/shared/imagenet512/val/n03633091/ILSVRC2012_val_00010243.JPEG reached epsilon at step 2102, loss sum: 1873.8038, final loss: 0.00099659, weight distance: 0.1229
2025-09-23 04:16:58,336 - INFO - Example /home/projects/bagon/shared/imagenet512/val/n02795169/ILSVRC2012_val_00031245.JPEG reached epsilon at step 3027, loss sum: 658.1120, final loss: 0.00099850, weight distance: 0.1357
2025-09-23 04:17:37,861 - INFO - Example /home/projects/bagon/shared/imagenet512/val/n01749939/ILSVRC2012_val_00046224.JPEG reached epsilon at step 2855, loss sum: 493.3211, final loss: 0.00098991, weight distance: 0.1260
2025-09-23 04:18:06,312 - INFO - Example /home/projects/bagon/shared/imagenet512/val/n04067472/ILSVRC2012_val_00002556.JPEG reached epsilon at step 1728, loss sum: 956.0264, final loss: 0.00099468, weight distance: 0.1061
2025-09-23 04:18:35,256 - INFO - Example /home/projects/bagon/shared/imagenet512/val/n03457902/ILSVRC2012_val_00041313.JPEG reached epsilon at step 1816, loss sum: 1775.1449, final loss: 0.00098896, weight distance: 0.1086
2025-09-23 04:19:12,832 - INFO - Example /home/projects/bagon/shared/imagenet512/val/n02950826/ILSVRC2012_val_00005016.JPEG reached epsilon at step 2653, loss sum: 1495.1344, final loss: 0.00099850, weight distance: 0.1410
2025-09-23 04:19:41,298 - INFO - Example /home/projects/bagon/shared/imagenet512/val/n02823428/ILSVRC2012_val_00049690.JPEG reached epsilon at step 1800, loss sum: 244.7527, final loss: 0.00099277, weight distance: 0.0790
2025-09-23 04:20:04,363 - INFO - Example /home/projects/bagon/shared/imagenet512/val/n04591157/ILSVRC2012_val_00009248.JPEG reached epsilon at step 2008, loss sum: 1073.7002, final loss: 0.00099659, weight distance: 0.1142
2025-09-23 04:20:45,466 - INFO - Example /home/projects/bagon/shared/imagenet512/val/n02783161/ILSVRC2012_val_00024451.JPEG reached epsilon at step 3387, loss sum: 2245.9649, final loss: 0.00099182, weight distance: 0.1543
2025-09-23 04:21:35,125 - INFO - Example /home/projects/bagon/shared/imagenet512/val/n02895154/ILSVRC2012_val_00015819.JPEG reached epsilon at step 3654, loss sum: 240.9685, final loss: 0.00099277, weight distance: 0.1355
2025-09-23 04:22:03,814 - INFO - Example /home/projects/bagon/shared/imagenet512/val/n04259630/ILSVRC2012_val_00019264.JPEG reached epsilon at step 1580, loss sum: 491.9879, final loss: 0.00099659, weight distance: 0.0887
2025-09-23 04:22:43,972 - INFO - Example /home/projects/bagon/shared/imagenet512/val/n04263257/ILSVRC2012_val_00045099.JPEG reached epsilon at step 2803, loss sum: 651.9421, final loss: 0.00099850, weight distance: 0.1198
2025-09-23 04:23:14,466 - INFO - Example /home/projects/bagon/shared/imagenet512/val/n03733805/ILSVRC2012_val_00035975.JPEG reached epsilon at step 1858, loss sum: 438.0084, final loss: 0.00099754, weight distance: 0.0947
2025-09-23 04:23:46,316 - INFO - Example /home/projects/bagon/shared/imagenet512/val/n09332890/ILSVRC2012_val_00043027.JPEG reached epsilon at step 2339, loss sum: 2050.7296, final loss: 0.00099850, weight distance: 0.1327
2025-09-23 04:24:16,302 - INFO - Example /home/projects/bagon/shared/imagenet512/val/n04009552/ILSVRC2012_val_00029794.JPEG reached epsilon at step 1827, loss sum: 459.6195, final loss: 0.00098991, weight distance: 0.0995
2025-09-23 04:24:40,971 - INFO - Example /home/projects/bagon/shared/imagenet512/val/n01735189/ILSVRC2012_val_00023442.JPEG reached epsilon at step 1610, loss sum: 396.5727, final loss: 0.00098896, weight distance: 0.0904
2025-09-23 04:25:15,500 - INFO - Example /home/projects/bagon/shared/imagenet512/val/n01776313/ILSVRC2012_val_00035573.JPEG reached epsilon at step 2860, loss sum: 2360.8382, final loss: 0.00099945, weight distance: 0.1560
2025-09-23 04:25:36,067 - INFO - Example /home/projects/bagon/shared/imagenet512/val/n04005630/ILSVRC2012_val_00041376.JPEG reached epsilon at step 1765, loss sum: 270.9775, final loss: 0.00099945, weight distance: 0.0900
2025-09-23 04:26:11,397 - INFO - Example /home/projects/bagon/shared/imagenet512/val/n03888257/ILSVRC2012_val_00009593.JPEG reached epsilon at step 2402, loss sum: 2611.3196, final loss: 0.00099659, weight distance: 0.1403
2025-09-23 04:26:15,253 - INFO - Time limit reached. Exiting before starting next example.
