2025-09-23 02:39:41,555 - INFO - Parsed arguments:
2025-09-23 02:39:41,555 - INFO -   amp_dtype = None
2025-09-23 02:39:41,555 - INFO -   bars_npy = /home/projects/bagon/andreyg/Projects/BMM_school/Universal_learning/Programming/bars/geq6wrong_21017_geq6correct_1525_imagenet.npy
2025-09-23 02:39:41,555 - INFO -   cka_layer_fraction = 0.05
2025-09-23 02:39:41,555 - INFO -   current_worker = 4
2025-09-23 02:39:41,555 - INFO -   deterministic = True
2025-09-23 02:39:41,555 - INFO -   device = cuda
2025-09-23 02:39:41,555 - INFO -   epsilon = 0.001
2025-09-23 02:39:41,555 - INFO -   examples_csv = /home/projects/bagon/andreyg/Projects/BMM_school/Universal_learning/Programming/bars/geq6wrong_21017_geq6correct_1525_imagenet_examples_ammended.csv
2025-09-23 02:39:41,555 - INFO -   explicit_examples_for_training = None
2025-09-23 02:39:41,555 - INFO -   grad_clip_norm = 1.0
2025-09-23 02:39:41,555 - INFO -   hierarchy_json = /home/projects/bagon/andreyg/Projects/BMM_school/Universal_learning/Programming/bars/imagenet_synset_hierarchy.json
2025-09-23 02:39:41,555 - INFO -   imagenet_models_csv = /home/projects/bagon/andreyg/Projects/BMM_school/Universal_learning/Programming/bars/imagenet_models.csv
2025-09-23 02:39:41,555 - INFO -   lr = 0.0001
2025-09-23 02:39:41,555 - INFO -   max_examples = 50000
2025-09-23 02:39:41,555 - INFO -   max_steps_per_example = 10000
2025-09-23 02:39:41,555 - INFO -   model_csv_name = resnet_10t_176_classification_imagenet_1k
2025-09-23 02:39:41,555 - INFO -   model_name = resnet10t.c3_in1k
2025-09-23 02:39:41,555 - INFO -   no_amp = False
2025-09-23 02:39:41,555 - INFO -   num_workers = 8
2025-09-23 02:39:41,555 - INFO -   output_dir = /home/projects/bagon/andreyg/Projects/BMM_school/Universal_learning/Programming/training_gradient_evaluator_single_loss_parallel/output_parallel_8_workers_trial_2
2025-09-23 02:39:41,555 - INFO -   root_dir = None
2025-09-23 02:39:41,555 - INFO -   seed = 1337
2025-09-23 02:39:41,555 - INFO -   time_limit_seconds = 6300
2025-09-23 02:39:41,556 - INFO -   weight_decay = 0.0
2025-09-23 02:39:41,556 - INFO -   zero_aug_train = False
2025-09-23 02:39:42,190 - INFO - Loaded TIMM pretrained weights for resnet10t.c3_in1k
2025-09-23 02:39:42,191 - INFO - pretrained_cfg.url=https://github.com/rwightman/pytorch-image-models/releases/download/v0.1-rsb-weights/resnet10t_176_c3-f3215ab1.pth hf_hub_id=timm/resnet10t.c3_in1k
2025-09-23 02:39:42,509 - INFO - Training configuration:
2025-09-23 02:39:42,509 - INFO -   lr = 0.0001
2025-09-23 02:39:42,510 - INFO -   weight_decay = 0.0
2025-09-23 02:39:42,510 - INFO -   max_steps = 10000
2025-09-23 02:39:42,510 - INFO -   epsilon = 0.001
2025-09-23 02:39:42,510 - INFO -   device = cuda
2025-09-23 02:39:42,510 - INFO -   use_amp = True
2025-09-23 02:39:42,510 - INFO -   amp_dtype = None
2025-09-23 02:39:42,510 - INFO -   gradient_clip_norm = 1.0
2025-09-23 02:40:12,967 - INFO - Example /home/projects/bagon/shared/imagenet512/val/n03538406/ILSVRC2012_val_00049729.JPEG reached epsilon at step 2378, loss sum: 916.6279, final loss: 0.00098991, weight distance: 0.1200
2025-09-23 02:40:27,764 - INFO - Example /home/projects/bagon/shared/imagenet512/val/n04523525/ILSVRC2012_val_00022733.JPEG reached epsilon at step 1244, loss sum: 428.8098, final loss: 0.00099468, weight distance: 0.0700
2025-09-23 02:40:44,010 - INFO - Example /home/projects/bagon/shared/imagenet512/val/n03794056/ILSVRC2012_val_00047199.JPEG reached epsilon at step 1448, loss sum: 2046.1546, final loss: 0.00099087, weight distance: 0.1057
2025-09-23 02:41:18,781 - INFO - Example /home/projects/bagon/shared/imagenet512/val/n01682714/ILSVRC2012_val_00030523.JPEG reached epsilon at step 3155, loss sum: 2614.5917, final loss: 0.00099564, weight distance: 0.1526
2025-09-23 02:41:52,179 - INFO - Example /home/projects/bagon/shared/imagenet512/val/n02395406/ILSVRC2012_val_00045459.JPEG reached epsilon at step 3035, loss sum: 450.3483, final loss: 0.00099182, weight distance: 0.1228
2025-09-23 02:42:14,576 - INFO - Example /home/projects/bagon/shared/imagenet512/val/n02128385/ILSVRC2012_val_00019439.JPEG reached epsilon at step 1998, loss sum: 208.7692, final loss: 0.00099373, weight distance: 0.0975
2025-09-23 02:42:37,568 - INFO - Example /home/projects/bagon/shared/imagenet512/val/n13052670/ILSVRC2012_val_00047179.JPEG reached epsilon at step 2076, loss sum: 472.0449, final loss: 0.00099373, weight distance: 0.1079
2025-09-23 02:43:02,668 - INFO - Example /home/projects/bagon/shared/imagenet512/val/n04265275/ILSVRC2012_val_00037493.JPEG reached epsilon at step 2202, loss sum: 1050.2407, final loss: 0.00099754, weight distance: 0.1215
2025-09-23 02:43:17,072 - INFO - Example /home/projects/bagon/shared/imagenet512/val/n07760859/ILSVRC2012_val_00028419.JPEG reached epsilon at step 1223, loss sum: 338.1517, final loss: 0.00099277, weight distance: 0.0747
2025-09-23 02:43:41,259 - INFO - Example /home/projects/bagon/shared/imagenet512/val/n03709823/ILSVRC2012_val_00028436.JPEG reached epsilon at step 2171, loss sum: 2244.3404, final loss: 0.00099850, weight distance: 0.1273
2025-09-23 02:44:07,100 - INFO - Example /home/projects/bagon/shared/imagenet512/val/n02090721/ILSVRC2012_val_00013817.JPEG reached epsilon at step 2336, loss sum: 234.8262, final loss: 0.00099373, weight distance: 0.0996
2025-09-23 02:44:27,073 - INFO - Example /home/projects/bagon/shared/imagenet512/val/n03706229/ILSVRC2012_val_00017460.JPEG reached epsilon at step 1783, loss sum: 1372.6892, final loss: 0.00099373, weight distance: 0.1144
2025-09-23 02:44:56,491 - INFO - Example /home/projects/bagon/shared/imagenet512/val/n02747177/ILSVRC2012_val_00049367.JPEG reached epsilon at step 2645, loss sum: 1377.3010, final loss: 0.00099850, weight distance: 0.1310
2025-09-23 02:45:12,447 - INFO - Example /home/projects/bagon/shared/imagenet512/val/n03793489/ILSVRC2012_val_00039149.JPEG reached epsilon at step 1401, loss sum: 109.7302, final loss: 0.00098705, weight distance: 0.0697
2025-09-23 02:45:32,381 - INFO - Example /home/projects/bagon/shared/imagenet512/val/n03478589/ILSVRC2012_val_00049378.JPEG reached epsilon at step 1793, loss sum: 1101.1713, final loss: 0.00099468, weight distance: 0.0971
2025-09-23 02:46:03,320 - INFO - Example /home/projects/bagon/shared/imagenet512/val/n03873416/ILSVRC2012_val_00044912.JPEG reached epsilon at step 2773, loss sum: 757.8973, final loss: 0.00099182, weight distance: 0.1295
2025-09-23 02:46:35,350 - INFO - Example /home/projects/bagon/shared/imagenet512/val/n03125729/ILSVRC2012_val_00044994.JPEG reached epsilon at step 2880, loss sum: 605.0173, final loss: 0.00099754, weight distance: 0.1294
2025-09-23 02:47:10,870 - INFO - Example /home/projects/bagon/shared/imagenet512/val/n02113624/ILSVRC2012_val_00033017.JPEG reached epsilon at step 3187, loss sum: 447.2497, final loss: 0.00098991, weight distance: 0.1331
2025-09-23 02:47:25,014 - INFO - Example /home/projects/bagon/shared/imagenet512/val/n04005630/ILSVRC2012_val_00007463.JPEG reached epsilon at step 1251, loss sum: 650.3196, final loss: 0.00099277, weight distance: 0.0780
2025-09-23 02:48:09,725 - INFO - Example /home/projects/bagon/shared/imagenet512/val/n02895154/ILSVRC2012_val_00012474.JPEG reached epsilon at step 4031, loss sum: 460.2522, final loss: 0.00099659, weight distance: 0.1385
2025-09-23 02:48:47,606 - INFO - Example /home/projects/bagon/shared/imagenet512/val/n03179701/ILSVRC2012_val_00006423.JPEG reached epsilon at step 3398, loss sum: 398.4836, final loss: 0.00098896, weight distance: 0.1271
2025-09-23 02:49:15,295 - INFO - Example /home/projects/bagon/shared/imagenet512/val/n04525038/ILSVRC2012_val_00028997.JPEG reached epsilon at step 2495, loss sum: 1008.3798, final loss: 0.00099373, weight distance: 0.1249
2025-09-23 02:49:37,746 - INFO - Example /home/projects/bagon/shared/imagenet512/val/n01784675/ILSVRC2012_val_00016866.JPEG reached epsilon at step 2015, loss sum: 2053.9006, final loss: 0.00098896, weight distance: 0.1254
2025-09-23 02:50:08,812 - INFO - Example /home/projects/bagon/shared/imagenet512/val/n07747607/ILSVRC2012_val_00022623.JPEG reached epsilon at step 2794, loss sum: 1115.1679, final loss: 0.00099468, weight distance: 0.1308
2025-09-23 02:50:30,423 - INFO - Example /home/projects/bagon/shared/imagenet512/val/n03598930/ILSVRC2012_val_00011552.JPEG reached epsilon at step 1923, loss sum: 2145.2983, final loss: 0.00098991, weight distance: 0.1278
2025-09-23 02:51:02,465 - INFO - Example /home/projects/bagon/shared/imagenet512/val/n09399592/ILSVRC2012_val_00039874.JPEG reached epsilon at step 2886, loss sum: 293.4635, final loss: 0.00098896, weight distance: 0.1122
2025-09-23 02:51:15,546 - INFO - Example /home/projects/bagon/shared/imagenet512/val/n02107142/ILSVRC2012_val_00049614.JPEG reached epsilon at step 1152, loss sum: 481.0178, final loss: 0.00099754, weight distance: 0.0665
2025-09-23 02:52:04,112 - INFO - Example /home/projects/bagon/shared/imagenet512/val/n01756291/ILSVRC2012_val_00026190.JPEG reached epsilon at step 4387, loss sum: 780.3631, final loss: 0.00099850, weight distance: 0.1722
2025-09-23 02:52:27,707 - INFO - Example /home/projects/bagon/shared/imagenet512/val/n03485407/ILSVRC2012_val_00015175.JPEG reached epsilon at step 2107, loss sum: 129.7403, final loss: 0.00099564, weight distance: 0.0837
2025-09-23 02:52:54,429 - INFO - Example /home/projects/bagon/shared/imagenet512/val/n04154565/ILSVRC2012_val_00008060.JPEG reached epsilon at step 2398, loss sum: 872.6493, final loss: 0.00099850, weight distance: 0.1200
2025-09-23 02:53:24,961 - INFO - Example /home/projects/bagon/shared/imagenet512/val/n01740131/ILSVRC2012_val_00025544.JPEG reached epsilon at step 2762, loss sum: 504.0465, final loss: 0.00099659, weight distance: 0.1249
2025-09-23 02:53:48,913 - INFO - Example /home/projects/bagon/shared/imagenet512/val/n07693725/ILSVRC2012_val_00013335.JPEG reached epsilon at step 2149, loss sum: 1166.4276, final loss: 0.00099468, weight distance: 0.1206
2025-09-23 02:54:11,964 - INFO - Example /home/projects/bagon/shared/imagenet512/val/n02099849/ILSVRC2012_val_00042838.JPEG reached epsilon at step 2037, loss sum: 1192.7294, final loss: 0.00099468, weight distance: 0.1160
2025-09-23 02:54:39,810 - INFO - Example /home/projects/bagon/shared/imagenet512/val/n02326432/ILSVRC2012_val_00000644.JPEG reached epsilon at step 2508, loss sum: 923.7961, final loss: 0.00099468, weight distance: 0.1053
2025-09-23 02:55:05,077 - INFO - Example /home/projects/bagon/shared/imagenet512/val/n03977966/ILSVRC2012_val_00022807.JPEG reached epsilon at step 2269, loss sum: 303.6845, final loss: 0.00099659, weight distance: 0.1055
2025-09-23 02:55:30,032 - INFO - Example /home/projects/bagon/shared/imagenet512/val/n01531178/ILSVRC2012_val_00032359.JPEG reached epsilon at step 2242, loss sum: 778.7427, final loss: 0.00099087, weight distance: 0.1145
2025-09-23 02:55:54,517 - INFO - Example /home/projects/bagon/shared/imagenet512/val/n01530575/ILSVRC2012_val_00023766.JPEG reached epsilon at step 2189, loss sum: 1545.0706, final loss: 0.00099754, weight distance: 0.1263
2025-09-23 02:56:15,150 - INFO - Example /home/projects/bagon/shared/imagenet512/val/n04336792/ILSVRC2012_val_00027835.JPEG reached epsilon at step 1848, loss sum: 529.0189, final loss: 0.00099277, weight distance: 0.1005
2025-09-23 02:56:54,084 - INFO - Example /home/projects/bagon/shared/imagenet512/val/n02113712/ILSVRC2012_val_00043750.JPEG reached epsilon at step 3526, loss sum: 372.7626, final loss: 0.00099564, weight distance: 0.1399
2025-09-23 02:57:14,155 - INFO - Example /home/projects/bagon/shared/imagenet512/val/n03991062/ILSVRC2012_val_00046305.JPEG reached epsilon at step 1796, loss sum: 159.1431, final loss: 0.00099564, weight distance: 0.0845
2025-09-23 02:57:43,745 - INFO - Example /home/projects/bagon/shared/imagenet512/val/n04380533/ILSVRC2012_val_00031065.JPEG reached epsilon at step 2671, loss sum: 233.4795, final loss: 0.00099277, weight distance: 0.1114
2025-09-23 02:58:09,485 - INFO - Example /home/projects/bagon/shared/imagenet512/val/n02097047/ILSVRC2012_val_00002021.JPEG reached epsilon at step 2322, loss sum: 116.8559, final loss: 0.00099182, weight distance: 0.0926
2025-09-23 02:58:54,362 - INFO - Example /home/projects/bagon/shared/imagenet512/val/n03710721/ILSVRC2012_val_00042939.JPEG reached epsilon at step 4064, loss sum: 486.6584, final loss: 0.00099659, weight distance: 0.1578
2025-09-23 02:59:12,477 - INFO - Example /home/projects/bagon/shared/imagenet512/val/n04204238/ILSVRC2012_val_00034721.JPEG reached epsilon at step 1609, loss sum: 870.9090, final loss: 0.00099468, weight distance: 0.0957
2025-09-23 02:59:48,412 - INFO - Example /home/projects/bagon/shared/imagenet512/val/n03045698/ILSVRC2012_val_00045792.JPEG reached epsilon at step 3248, loss sum: 663.5641, final loss: 0.00099754, weight distance: 0.1386
2025-09-23 03:00:24,251 - INFO - Example /home/projects/bagon/shared/imagenet512/val/n04579432/ILSVRC2012_val_00046147.JPEG reached epsilon at step 3242, loss sum: 1850.5845, final loss: 0.00099468, weight distance: 0.1589
2025-09-23 03:00:48,519 - INFO - Example /home/projects/bagon/shared/imagenet512/val/n03131574/ILSVRC2012_val_00039064.JPEG reached epsilon at step 2184, loss sum: 600.5214, final loss: 0.00099182, weight distance: 0.1068
2025-09-23 03:01:25,025 - INFO - Example /home/projects/bagon/shared/imagenet512/val/n01514859/ILSVRC2012_val_00002372.JPEG reached epsilon at step 3289, loss sum: 2707.8436, final loss: 0.00099850, weight distance: 0.1628
2025-09-23 03:01:39,860 - INFO - Example /home/projects/bagon/shared/imagenet512/val/n01632777/ILSVRC2012_val_00016441.JPEG reached epsilon at step 1303, loss sum: 728.7268, final loss: 0.00098896, weight distance: 0.0873
2025-09-23 03:02:23,101 - INFO - Example /home/projects/bagon/shared/imagenet512/val/n12144580/ILSVRC2012_val_00021207.JPEG reached epsilon at step 3928, loss sum: 1503.0693, final loss: 0.00099087, weight distance: 0.1423
2025-09-23 03:02:52,097 - INFO - Example /home/projects/bagon/shared/imagenet512/val/n03658185/ILSVRC2012_val_00001977.JPEG reached epsilon at step 2603, loss sum: 941.3430, final loss: 0.00099850, weight distance: 0.1293
2025-09-23 03:03:12,033 - INFO - Example /home/projects/bagon/shared/imagenet512/val/n03291819/ILSVRC2012_val_00038807.JPEG reached epsilon at step 1772, loss sum: 845.3553, final loss: 0.00099373, weight distance: 0.1032
2025-09-23 03:03:27,614 - INFO - Example /home/projects/bagon/shared/imagenet512/val/n02088094/ILSVRC2012_val_00032668.JPEG reached epsilon at step 1387, loss sum: 650.2149, final loss: 0.00099564, weight distance: 0.0898
2025-09-23 03:03:43,575 - INFO - Example /home/projects/bagon/shared/imagenet512/val/n02939185/ILSVRC2012_val_00044457.JPEG reached epsilon at step 1411, loss sum: 618.9730, final loss: 0.00099373, weight distance: 0.0868
2025-09-23 03:04:02,945 - INFO - Example /home/projects/bagon/shared/imagenet512/val/n02097474/ILSVRC2012_val_00008488.JPEG reached epsilon at step 1726, loss sum: 450.1603, final loss: 0.00099373, weight distance: 0.0914
2025-09-23 03:04:38,774 - INFO - Example /home/projects/bagon/shared/imagenet512/val/n03658185/ILSVRC2012_val_00040268.JPEG reached epsilon at step 3227, loss sum: 2770.5978, final loss: 0.00099754, weight distance: 0.1658
2025-09-23 03:04:54,357 - INFO - Example /home/projects/bagon/shared/imagenet512/val/n07860988/ILSVRC2012_val_00041661.JPEG reached epsilon at step 1379, loss sum: 742.5419, final loss: 0.00099277, weight distance: 0.0896
2025-09-23 03:05:11,659 - INFO - Example /home/projects/bagon/shared/imagenet512/val/n04127249/ILSVRC2012_val_00004233.JPEG reached epsilon at step 1534, loss sum: 879.3244, final loss: 0.00099468, weight distance: 0.0946
2025-09-23 03:05:36,706 - INFO - Example /home/projects/bagon/shared/imagenet512/val/n03045698/ILSVRC2012_val_00022368.JPEG reached epsilon at step 2239, loss sum: 510.8971, final loss: 0.00099468, weight distance: 0.1075
2025-09-23 03:05:52,850 - INFO - Example /home/projects/bagon/shared/imagenet512/val/n02807133/ILSVRC2012_val_00005533.JPEG reached epsilon at step 1422, loss sum: 943.3577, final loss: 0.00099087, weight distance: 0.0904
2025-09-23 03:06:23,339 - INFO - Example /home/projects/bagon/shared/imagenet512/val/n04487394/ILSVRC2012_val_00033205.JPEG reached epsilon at step 2751, loss sum: 1284.0008, final loss: 0.00099754, weight distance: 0.1389
2025-09-23 03:06:51,486 - INFO - Example /home/projects/bagon/shared/imagenet512/val/n09421951/ILSVRC2012_val_00023410.JPEG reached epsilon at step 2573, loss sum: 689.5682, final loss: 0.00099945, weight distance: 0.1279
2025-09-23 03:07:36,627 - INFO - Example /home/projects/bagon/shared/imagenet512/val/n02087394/ILSVRC2012_val_00035341.JPEG reached epsilon at step 4141, loss sum: 1139.8268, final loss: 0.00099945, weight distance: 0.1715
2025-09-23 03:07:54,042 - INFO - Example /home/projects/bagon/shared/imagenet512/val/n02971356/ILSVRC2012_val_00022906.JPEG reached epsilon at step 1552, loss sum: 95.8600, final loss: 0.00099850, weight distance: 0.0723
2025-09-23 03:08:12,504 - INFO - Example /home/projects/bagon/shared/imagenet512/val/n02730930/ILSVRC2012_val_00022269.JPEG reached epsilon at step 1647, loss sum: 186.6755, final loss: 0.00099087, weight distance: 0.0827
2025-09-23 03:08:40,032 - INFO - Example /home/projects/bagon/shared/imagenet512/val/n02486410/ILSVRC2012_val_00019077.JPEG reached epsilon at step 2498, loss sum: 1438.3724, final loss: 0.00099564, weight distance: 0.1300
2025-09-23 03:09:14,136 - INFO - Example /home/projects/bagon/shared/imagenet512/val/n01755581/ILSVRC2012_val_00034660.JPEG reached epsilon at step 3091, loss sum: 1353.8526, final loss: 0.00099277, weight distance: 0.1488
2025-09-23 03:09:29,127 - INFO - Example /home/projects/bagon/shared/imagenet512/val/n03372029/ILSVRC2012_val_00026960.JPEG reached epsilon at step 1291, loss sum: 452.1802, final loss: 0.00099945, weight distance: 0.0811
2025-09-23 03:09:56,231 - INFO - Example /home/projects/bagon/shared/imagenet512/val/n02098413/ILSVRC2012_val_00035633.JPEG reached epsilon at step 2427, loss sum: 124.2443, final loss: 0.00099945, weight distance: 0.0937
2025-09-23 03:10:31,587 - INFO - Example /home/projects/bagon/shared/imagenet512/val/n02093428/ILSVRC2012_val_00000191.JPEG reached epsilon at step 3173, loss sum: 292.2186, final loss: 0.00099945, weight distance: 0.1192
2025-09-23 03:10:54,158 - INFO - Example /home/projects/bagon/shared/imagenet512/val/n04069434/ILSVRC2012_val_00024065.JPEG reached epsilon at step 2022, loss sum: 138.3389, final loss: 0.00099945, weight distance: 0.0865
2025-09-23 03:11:30,005 - INFO - Example /home/projects/bagon/shared/imagenet512/val/n02504013/ILSVRC2012_val_00008093.JPEG reached epsilon at step 3232, loss sum: 286.5271, final loss: 0.00099754, weight distance: 0.1277
2025-09-23 03:11:52,568 - INFO - Example /home/projects/bagon/shared/imagenet512/val/n04399382/ILSVRC2012_val_00047220.JPEG reached epsilon at step 2017, loss sum: 1966.0220, final loss: 0.00099277, weight distance: 0.1247
2025-09-23 03:12:11,446 - INFO - Example /home/projects/bagon/shared/imagenet512/val/n07745940/ILSVRC2012_val_00017534.JPEG reached epsilon at step 1685, loss sum: 1333.4811, final loss: 0.00099754, weight distance: 0.1056
2025-09-23 03:12:37,505 - INFO - Example /home/projects/bagon/shared/imagenet512/val/n03888605/ILSVRC2012_val_00004275.JPEG reached epsilon at step 2345, loss sum: 208.0737, final loss: 0.00099659, weight distance: 0.0855
2025-09-23 03:13:06,418 - INFO - Example /home/projects/bagon/shared/imagenet512/val/n03485407/ILSVRC2012_val_00034650.JPEG reached epsilon at step 2605, loss sum: 1688.0209, final loss: 0.00099945, weight distance: 0.1364
2025-09-23 03:13:54,182 - INFO - Example /home/projects/bagon/shared/imagenet512/val/n02808440/ILSVRC2012_val_00006993.JPEG reached epsilon at step 4340, loss sum: 309.6874, final loss: 0.00099277, weight distance: 0.1372
2025-09-23 03:14:25,538 - INFO - Example /home/projects/bagon/shared/imagenet512/val/n04090263/ILSVRC2012_val_00000707.JPEG reached epsilon at step 2826, loss sum: 1869.5113, final loss: 0.00098896, weight distance: 0.1270
2025-09-23 03:14:37,142 - INFO - Example /home/projects/bagon/shared/imagenet512/val/n03160309/ILSVRC2012_val_00031535.JPEG reached epsilon at step 1029, loss sum: 37.5304, final loss: 0.00099373, weight distance: 0.0513
2025-09-23 03:14:56,596 - INFO - Example /home/projects/bagon/shared/imagenet512/val/n02454379/ILSVRC2012_val_00011253.JPEG reached epsilon at step 1726, loss sum: 345.3180, final loss: 0.00099277, weight distance: 0.0912
2025-09-23 03:15:17,481 - INFO - Example /home/projects/bagon/shared/imagenet512/val/n02906734/ILSVRC2012_val_00008097.JPEG reached epsilon at step 1835, loss sum: 985.8174, final loss: 0.00099373, weight distance: 0.1000
2025-09-23 03:15:40,738 - INFO - Example /home/projects/bagon/shared/imagenet512/val/n01945685/ILSVRC2012_val_00034595.JPEG reached epsilon at step 2082, loss sum: 1381.9233, final loss: 0.00099659, weight distance: 0.1250
2025-09-23 03:15:52,101 - INFO - Example /home/projects/bagon/shared/imagenet512/val/n04330267/ILSVRC2012_val_00049251.JPEG reached epsilon at step 990, loss sum: 169.0506, final loss: 0.00099277, weight distance: 0.0634
2025-09-23 03:16:09,537 - INFO - Example /home/projects/bagon/shared/imagenet512/val/n03666591/ILSVRC2012_val_00025964.JPEG reached epsilon at step 1547, loss sum: 2149.6066, final loss: 0.00099564, weight distance: 0.1106
2025-09-23 03:16:33,121 - INFO - Example /home/projects/bagon/shared/imagenet512/val/n03680355/ILSVRC2012_val_00019717.JPEG reached epsilon at step 2117, loss sum: 470.2626, final loss: 0.00099182, weight distance: 0.1029
2025-09-23 03:16:58,225 - INFO - Example /home/projects/bagon/shared/imagenet512/val/n02814533/ILSVRC2012_val_00023221.JPEG reached epsilon at step 2239, loss sum: 692.9453, final loss: 0.00099087, weight distance: 0.1172
2025-09-23 03:17:23,294 - INFO - Example /home/projects/bagon/shared/imagenet512/val/n02492660/ILSVRC2012_val_00043945.JPEG reached epsilon at step 2241, loss sum: 832.3699, final loss: 0.00098896, weight distance: 0.1026
2025-09-23 03:17:41,366 - INFO - Example /home/projects/bagon/shared/imagenet512/val/n06785654/ILSVRC2012_val_00041680.JPEG reached epsilon at step 1602, loss sum: 593.0994, final loss: 0.00099468, weight distance: 0.0921
2025-09-23 03:18:02,135 - INFO - Example /home/projects/bagon/shared/imagenet512/val/n02815834/ILSVRC2012_val_00023499.JPEG reached epsilon at step 1848, loss sum: 115.1816, final loss: 0.00099754, weight distance: 0.0830
2025-09-23 03:18:24,890 - INFO - Example /home/projects/bagon/shared/imagenet512/val/n02085620/ILSVRC2012_val_00016757.JPEG reached epsilon at step 2024, loss sum: 708.5149, final loss: 0.00099659, weight distance: 0.0943
2025-09-23 03:18:55,387 - INFO - Example /home/projects/bagon/shared/imagenet512/val/n03709823/ILSVRC2012_val_00012477.JPEG reached epsilon at step 2748, loss sum: 1543.9675, final loss: 0.00099754, weight distance: 0.1194
2025-09-23 03:19:28,569 - INFO - Example /home/projects/bagon/shared/imagenet512/val/n09835506/ILSVRC2012_val_00014689.JPEG reached epsilon at step 2991, loss sum: 412.2874, final loss: 0.00098991, weight distance: 0.1207
2025-09-23 03:19:50,137 - INFO - Example /home/projects/bagon/shared/imagenet512/val/n03637318/ILSVRC2012_val_00013438.JPEG reached epsilon at step 1941, loss sum: 301.6920, final loss: 0.00099754, weight distance: 0.0880
2025-09-23 03:20:08,001 - INFO - Example /home/projects/bagon/shared/imagenet512/val/n04204347/ILSVRC2012_val_00041108.JPEG reached epsilon at step 1588, loss sum: 1719.7195, final loss: 0.00099754, weight distance: 0.1110
2025-09-23 03:20:41,571 - INFO - Example /home/projects/bagon/shared/imagenet512/val/n02992211/ILSVRC2012_val_00033245.JPEG reached epsilon at step 3034, loss sum: 3649.4564, final loss: 0.00099564, weight distance: 0.1566
2025-09-23 03:20:57,191 - INFO - Example /home/projects/bagon/shared/imagenet512/val/n02091244/ILSVRC2012_val_00021165.JPEG reached epsilon at step 1380, loss sum: 531.3336, final loss: 0.00099373, weight distance: 0.0851
2025-09-23 03:21:22,449 - INFO - Example /home/projects/bagon/shared/imagenet512/val/n01665541/ILSVRC2012_val_00043797.JPEG reached epsilon at step 2244, loss sum: 557.8569, final loss: 0.00098991, weight distance: 0.1065
2025-09-23 03:21:47,580 - INFO - Example /home/projects/bagon/shared/imagenet512/val/n03483316/ILSVRC2012_val_00026003.JPEG reached epsilon at step 2258, loss sum: 1847.0914, final loss: 0.00099277, weight distance: 0.1310
2025-09-23 03:22:14,049 - INFO - Example /home/projects/bagon/shared/imagenet512/val/n03478589/ILSVRC2012_val_00014449.JPEG reached epsilon at step 2367, loss sum: 2162.1719, final loss: 0.00099468, weight distance: 0.1343
2025-09-23 03:22:43,570 - INFO - Example /home/projects/bagon/shared/imagenet512/val/n03908618/ILSVRC2012_val_00020063.JPEG reached epsilon at step 2647, loss sum: 302.3553, final loss: 0.00099850, weight distance: 0.1074
2025-09-23 03:23:14,959 - INFO - Example /home/projects/bagon/shared/imagenet512/val/n04286575/ILSVRC2012_val_00035484.JPEG reached epsilon at step 2813, loss sum: 1224.0100, final loss: 0.00099182, weight distance: 0.1435
2025-09-23 03:23:44,437 - INFO - Example /home/projects/bagon/shared/imagenet512/val/n03769881/ILSVRC2012_val_00024788.JPEG reached epsilon at step 2645, loss sum: 1321.8736, final loss: 0.00099850, weight distance: 0.1379
2025-09-23 03:24:16,501 - INFO - Example /home/projects/bagon/shared/imagenet512/val/n03642806/ILSVRC2012_val_00045326.JPEG reached epsilon at step 2878, loss sum: 558.4321, final loss: 0.00099945, weight distance: 0.1429
2025-09-23 03:24:42,113 - INFO - Example /home/projects/bagon/shared/imagenet512/val/n07614500/ILSVRC2012_val_00003592.JPEG reached epsilon at step 2263, loss sum: 169.5369, final loss: 0.00099468, weight distance: 0.0976
2025-09-23 03:25:05,789 - INFO - Example /home/projects/bagon/shared/imagenet512/val/n01698640/ILSVRC2012_val_00039888.JPEG reached epsilon at step 2109, loss sum: 230.9130, final loss: 0.00099850, weight distance: 0.0953
2025-09-23 03:25:31,194 - INFO - Example /home/projects/bagon/shared/imagenet512/val/n07693725/ILSVRC2012_val_00044026.JPEG reached epsilon at step 2294, loss sum: 1296.6402, final loss: 0.00099945, weight distance: 0.1209
2025-09-23 03:26:00,834 - INFO - Example /home/projects/bagon/shared/imagenet512/val/n02113023/ILSVRC2012_val_00042776.JPEG reached epsilon at step 2710, loss sum: 1361.6462, final loss: 0.00099564, weight distance: 0.1327
2025-09-23 03:26:19,401 - INFO - Example /home/projects/bagon/shared/imagenet512/val/n03895866/ILSVRC2012_val_00032237.JPEG reached epsilon at step 1642, loss sum: 712.7555, final loss: 0.00099945, weight distance: 0.0977
2025-09-23 03:26:56,048 - INFO - Example /home/projects/bagon/shared/imagenet512/val/n04515003/ILSVRC2012_val_00007908.JPEG reached epsilon at step 3298, loss sum: 2765.0403, final loss: 0.00099659, weight distance: 0.1684
2025-09-23 03:27:14,867 - INFO - Example /home/projects/bagon/shared/imagenet512/val/n03017168/ILSVRC2012_val_00024782.JPEG reached epsilon at step 1646, loss sum: 498.4012, final loss: 0.00099850, weight distance: 0.0883
2025-09-23 03:27:32,884 - INFO - Example /home/projects/bagon/shared/imagenet512/val/n03384352/ILSVRC2012_val_00030800.JPEG reached epsilon at step 1526, loss sum: 1863.8298, final loss: 0.00099373, weight distance: 0.1067
2025-09-23 03:27:49,543 - INFO - Example /home/projects/bagon/shared/imagenet512/val/n03967562/ILSVRC2012_val_00024276.JPEG reached epsilon at step 1468, loss sum: 1711.3561, final loss: 0.00099277, weight distance: 0.0951
2025-09-23 03:28:14,304 - INFO - Example /home/projects/bagon/shared/imagenet512/val/n03250847/ILSVRC2012_val_00049918.JPEG reached epsilon at step 2208, loss sum: 1064.2752, final loss: 0.00099850, weight distance: 0.1216
2025-09-23 03:28:51,894 - INFO - Example /home/projects/bagon/shared/imagenet512/val/n03146219/ILSVRC2012_val_00009449.JPEG reached epsilon at step 3378, loss sum: 1203.9666, final loss: 0.00099945, weight distance: 0.1318
2025-09-23 03:29:07,283 - INFO - Example /home/projects/bagon/shared/imagenet512/val/n02948072/ILSVRC2012_val_00032008.JPEG reached epsilon at step 1349, loss sum: 642.9736, final loss: 0.00099945, weight distance: 0.0896
2025-09-23 03:29:35,541 - INFO - Example /home/projects/bagon/shared/imagenet512/val/n03871628/ILSVRC2012_val_00022746.JPEG reached epsilon at step 2530, loss sum: 934.6171, final loss: 0.00098991, weight distance: 0.1289
2025-09-23 03:30:06,876 - INFO - Example /home/projects/bagon/shared/imagenet512/val/n02107312/ILSVRC2012_val_00022240.JPEG reached epsilon at step 2813, loss sum: 568.0545, final loss: 0.00099182, weight distance: 0.1252
2025-09-23 03:30:21,588 - INFO - Example /home/projects/bagon/shared/imagenet512/val/n04372370/ILSVRC2012_val_00036463.JPEG reached epsilon at step 1287, loss sum: 63.7875, final loss: 0.00099564, weight distance: 0.0648
2025-09-23 03:30:44,397 - INFO - Example /home/projects/bagon/shared/imagenet512/val/n03538406/ILSVRC2012_val_00016461.JPEG reached epsilon at step 2028, loss sum: 1882.9204, final loss: 0.00099373, weight distance: 0.1227
2025-09-23 03:31:00,009 - INFO - Example /home/projects/bagon/shared/imagenet512/val/n04258138/ILSVRC2012_val_00008261.JPEG reached epsilon at step 1366, loss sum: 795.8572, final loss: 0.00099754, weight distance: 0.0843
2025-09-23 03:31:22,635 - INFO - Example /home/projects/bagon/shared/imagenet512/val/n02871525/ILSVRC2012_val_00017877.JPEG reached epsilon at step 2031, loss sum: 392.7338, final loss: 0.00099754, weight distance: 0.1036
2025-09-23 03:31:44,005 - INFO - Example /home/projects/bagon/shared/imagenet512/val/n03840681/ILSVRC2012_val_00014785.JPEG reached epsilon at step 1935, loss sum: 940.0791, final loss: 0.00099945, weight distance: 0.1108
2025-09-23 03:31:59,644 - INFO - Example /home/projects/bagon/shared/imagenet512/val/n01735189/ILSVRC2012_val_00032997.JPEG reached epsilon at step 1382, loss sum: 212.7077, final loss: 0.00099850, weight distance: 0.0785
2025-09-23 03:32:24,518 - INFO - Example /home/projects/bagon/shared/imagenet512/val/n04141076/ILSVRC2012_val_00039518.JPEG reached epsilon at step 2236, loss sum: 4023.9484, final loss: 0.00099182, weight distance: 0.1341
2025-09-23 03:33:23,064 - INFO - Example /home/projects/bagon/shared/imagenet512/val/n04356056/ILSVRC2012_val_00034012.JPEG reached epsilon at step 5315, loss sum: 1787.3888, final loss: 0.00099945, weight distance: 0.1956
2025-09-23 03:33:45,399 - INFO - Example /home/projects/bagon/shared/imagenet512/val/n02168699/ILSVRC2012_val_00032989.JPEG reached epsilon at step 1995, loss sum: 1624.1467, final loss: 0.00099754, weight distance: 0.1157
2025-09-23 03:34:12,942 - INFO - Example /home/projects/bagon/shared/imagenet512/val/n01644900/ILSVRC2012_val_00016934.JPEG reached epsilon at step 2478, loss sum: 829.7651, final loss: 0.00099182, weight distance: 0.1193
2025-09-23 03:34:43,261 - INFO - Example /home/projects/bagon/shared/imagenet512/val/n03759954/ILSVRC2012_val_00033438.JPEG reached epsilon at step 2712, loss sum: 597.3456, final loss: 0.00099277, weight distance: 0.1143
2025-09-23 03:34:51,313 - INFO - Example /home/projects/bagon/shared/imagenet512/val/n03733281/ILSVRC2012_val_00026206.JPEG reached epsilon at step 685, loss sum: 78.5013, final loss: 0.00099373, weight distance: 0.0451
2025-09-23 03:35:05,407 - INFO - Example /home/projects/bagon/shared/imagenet512/val/n01784675/ILSVRC2012_val_00040763.JPEG reached epsilon at step 1246, loss sum: 431.7343, final loss: 0.00099182, weight distance: 0.0713
2025-09-23 03:35:24,992 - INFO - Example /home/projects/bagon/shared/imagenet512/val/n01632458/ILSVRC2012_val_00047089.JPEG reached epsilon at step 1721, loss sum: 414.6146, final loss: 0.00099564, weight distance: 0.0915
2025-09-23 03:35:49,375 - INFO - Example /home/projects/bagon/shared/imagenet512/val/n04136333/ILSVRC2012_val_00017485.JPEG reached epsilon at step 2164, loss sum: 1346.9244, final loss: 0.00099373, weight distance: 0.1270
2025-09-23 03:36:02,601 - INFO - Example /home/projects/bagon/shared/imagenet512/val/n04606251/ILSVRC2012_val_00016351.JPEG reached epsilon at step 1161, loss sum: 357.2804, final loss: 0.00099945, weight distance: 0.0732
2025-09-23 03:36:23,009 - INFO - Example /home/projects/bagon/shared/imagenet512/val/n04507155/ILSVRC2012_val_00025041.JPEG reached epsilon at step 1832, loss sum: 1626.2954, final loss: 0.00099564, weight distance: 0.1150
2025-09-23 03:36:45,257 - INFO - Example /home/projects/bagon/shared/imagenet512/val/n01729977/ILSVRC2012_val_00035576.JPEG reached epsilon at step 1983, loss sum: 318.3572, final loss: 0.00099277, weight distance: 0.0917
2025-09-23 03:37:21,280 - INFO - Example /home/projects/bagon/shared/imagenet512/val/n02089973/ILSVRC2012_val_00011586.JPEG reached epsilon at step 3251, loss sum: 654.5181, final loss: 0.00099945, weight distance: 0.1383
2025-09-23 03:37:47,425 - INFO - Example /home/projects/bagon/shared/imagenet512/val/n01737021/ILSVRC2012_val_00018334.JPEG reached epsilon at step 2385, loss sum: 2782.6495, final loss: 0.00099277, weight distance: 0.1512
2025-09-23 03:38:13,244 - INFO - Example /home/projects/bagon/shared/imagenet512/val/n03995372/ILSVRC2012_val_00000589.JPEG reached epsilon at step 2323, loss sum: 2754.1073, final loss: 0.00099945, weight distance: 0.1474
2025-09-23 03:38:25,370 - INFO - Example /home/projects/bagon/shared/imagenet512/val/n02877765/ILSVRC2012_val_00045915.JPEG reached epsilon at step 1067, loss sum: 124.7168, final loss: 0.00099087, weight distance: 0.0616
2025-09-23 03:38:57,089 - INFO - Example /home/projects/bagon/shared/imagenet512/val/n03498962/ILSVRC2012_val_00025619.JPEG reached epsilon at step 2862, loss sum: 1720.8981, final loss: 0.00099659, weight distance: 0.1522
2025-09-23 03:39:25,578 - INFO - Example /home/projects/bagon/shared/imagenet512/val/n03372029/ILSVRC2012_val_00008540.JPEG reached epsilon at step 2563, loss sum: 2701.5894, final loss: 0.00099468, weight distance: 0.1427
2025-09-23 03:39:59,390 - INFO - Example /home/projects/bagon/shared/imagenet512/val/n04592741/ILSVRC2012_val_00018081.JPEG reached epsilon at step 3025, loss sum: 629.5244, final loss: 0.00099850, weight distance: 0.1274
2025-09-23 03:40:15,361 - INFO - Example /home/projects/bagon/shared/imagenet512/val/n01882714/ILSVRC2012_val_00016952.JPEG reached epsilon at step 1421, loss sum: 517.7471, final loss: 0.00099850, weight distance: 0.0873
2025-09-23 03:40:53,591 - INFO - Example /home/projects/bagon/shared/imagenet512/val/n02124075/ILSVRC2012_val_00046964.JPEG reached epsilon at step 3451, loss sum: 1418.2580, final loss: 0.00099754, weight distance: 0.1509
2025-09-23 03:41:19,990 - INFO - Example /home/projects/bagon/shared/imagenet512/val/n03124170/ILSVRC2012_val_00013839.JPEG reached epsilon at step 2366, loss sum: 2178.6349, final loss: 0.00099277, weight distance: 0.1372
2025-09-23 03:42:06,109 - INFO - Example /home/projects/bagon/shared/imagenet512/val/n02808440/ILSVRC2012_val_00012591.JPEG reached epsilon at step 4237, loss sum: 695.2820, final loss: 0.00099087, weight distance: 0.1702
2025-09-23 03:42:34,521 - INFO - Example /home/projects/bagon/shared/imagenet512/val/n03658185/ILSVRC2012_val_00045471.JPEG reached epsilon at step 2556, loss sum: 174.4530, final loss: 0.00099468, weight distance: 0.1049
2025-09-23 03:42:55,855 - INFO - Example /home/projects/bagon/shared/imagenet512/val/n02825657/ILSVRC2012_val_00016504.JPEG reached epsilon at step 1906, loss sum: 947.5877, final loss: 0.00099087, weight distance: 0.1109
2025-09-23 03:43:18,048 - INFO - Example /home/projects/bagon/shared/imagenet512/val/n07716906/ILSVRC2012_val_00034474.JPEG reached epsilon at step 1990, loss sum: 811.6328, final loss: 0.00099850, weight distance: 0.1082
2025-09-23 03:44:08,234 - INFO - Example /home/projects/bagon/shared/imagenet512/val/n03400231/ILSVRC2012_val_00034320.JPEG reached epsilon at step 4540, loss sum: 4993.4817, final loss: 0.00099850, weight distance: 0.2068
2025-09-23 03:44:23,082 - INFO - Example /home/projects/bagon/shared/imagenet512/val/n02786058/ILSVRC2012_val_00031915.JPEG reached epsilon at step 1309, loss sum: 597.2489, final loss: 0.00099945, weight distance: 0.0815
2025-09-23 03:44:53,057 - INFO - Example /home/projects/bagon/shared/imagenet512/val/n04270147/ILSVRC2012_val_00049955.JPEG reached epsilon at step 2685, loss sum: 719.6495, final loss: 0.00099754, weight distance: 0.1251
2025-09-23 03:45:22,700 - INFO - Example /home/projects/bagon/shared/imagenet512/val/n01978455/ILSVRC2012_val_00003705.JPEG reached epsilon at step 2646, loss sum: 1655.2510, final loss: 0.00099850, weight distance: 0.1375
2025-09-23 03:45:52,689 - INFO - Example /home/projects/bagon/shared/imagenet512/val/n04263257/ILSVRC2012_val_00037162.JPEG reached epsilon at step 2704, loss sum: 832.0909, final loss: 0.00099087, weight distance: 0.1237
2025-09-23 03:46:16,850 - INFO - Example /home/projects/bagon/shared/imagenet512/val/n07734744/ILSVRC2012_val_00004570.JPEG reached epsilon at step 2156, loss sum: 2022.8606, final loss: 0.00099182, weight distance: 0.1224
2025-09-23 03:46:39,750 - INFO - Example /home/projects/bagon/shared/imagenet512/val/n01728920/ILSVRC2012_val_00018398.JPEG reached epsilon at step 2042, loss sum: 1621.4264, final loss: 0.00099373, weight distance: 0.1204
2025-09-23 03:47:08,841 - INFO - Example /home/projects/bagon/shared/imagenet512/val/n02840245/ILSVRC2012_val_00044322.JPEG reached epsilon at step 2616, loss sum: 1612.9217, final loss: 0.00099087, weight distance: 0.1330
2025-09-23 03:47:47,186 - INFO - Example /home/projects/bagon/shared/imagenet512/val/n02808440/ILSVRC2012_val_00013344.JPEG reached epsilon at step 3477, loss sum: 283.2846, final loss: 0.00099564, weight distance: 0.1394
2025-09-23 03:48:07,182 - INFO - Example /home/projects/bagon/shared/imagenet512/val/n02480855/ILSVRC2012_val_00005826.JPEG reached epsilon at step 1734, loss sum: 671.1671, final loss: 0.00099850, weight distance: 0.1002
2025-09-23 03:48:36,880 - INFO - Example /home/projects/bagon/shared/imagenet512/val/n03443371/ILSVRC2012_val_00045766.JPEG reached epsilon at step 2666, loss sum: 1110.3494, final loss: 0.00099945, weight distance: 0.1209
2025-09-23 03:48:50,143 - INFO - Example /home/projects/bagon/shared/imagenet512/val/n02776631/ILSVRC2012_val_00035746.JPEG reached epsilon at step 1145, loss sum: 182.4869, final loss: 0.00099754, weight distance: 0.0642
2025-09-23 03:49:24,473 - INFO - Example /home/projects/bagon/shared/imagenet512/val/n03787032/ILSVRC2012_val_00010504.JPEG reached epsilon at step 3115, loss sum: 396.7242, final loss: 0.00099182, weight distance: 0.1142
2025-09-23 03:49:51,227 - INFO - Example /home/projects/bagon/shared/imagenet512/val/n04404412/ILSVRC2012_val_00049406.JPEG reached epsilon at step 2402, loss sum: 1480.7184, final loss: 0.00099277, weight distance: 0.1248
2025-09-23 03:50:27,194 - INFO - Example /home/projects/bagon/shared/imagenet512/val/n03637318/ILSVRC2012_val_00020746.JPEG reached epsilon at step 3240, loss sum: 344.2543, final loss: 0.00099564, weight distance: 0.1333
2025-09-23 03:50:49,545 - INFO - Example /home/projects/bagon/shared/imagenet512/val/n04590129/ILSVRC2012_val_00020510.JPEG reached epsilon at step 1962, loss sum: 488.5178, final loss: 0.00099373, weight distance: 0.1044
2025-09-23 03:51:11,009 - INFO - Example /home/projects/bagon/shared/imagenet512/val/n07583066/ILSVRC2012_val_00005316.JPEG reached epsilon at step 1922, loss sum: 411.2364, final loss: 0.00099182, weight distance: 0.1014
2025-09-23 03:51:57,212 - INFO - Example /home/projects/bagon/shared/imagenet512/val/n04483307/ILSVRC2012_val_00034885.JPEG reached epsilon at step 4195, loss sum: 744.1505, final loss: 0.00099468, weight distance: 0.1656
2025-09-23 03:52:14,844 - INFO - Example /home/projects/bagon/shared/imagenet512/val/n03995372/ILSVRC2012_val_00021576.JPEG reached epsilon at step 1580, loss sum: 423.8170, final loss: 0.00098610, weight distance: 0.0920
2025-09-23 03:52:42,248 - INFO - Example /home/projects/bagon/shared/imagenet512/val/n04483307/ILSVRC2012_val_00013464.JPEG reached epsilon at step 2500, loss sum: 291.8525, final loss: 0.00099277, weight distance: 0.1097
2025-09-23 03:52:50,590 - INFO - Example /home/projects/bagon/shared/imagenet512/val/n03721384/ILSVRC2012_val_00019690.JPEG reached epsilon at step 717, loss sum: 37.5691, final loss: 0.00099945, weight distance: 0.0427
2025-09-23 03:53:14,706 - INFO - Example /home/projects/bagon/shared/imagenet512/val/n01945685/ILSVRC2012_val_00023207.JPEG reached epsilon at step 2161, loss sum: 945.8456, final loss: 0.00099277, weight distance: 0.1135
2025-09-23 03:53:50,033 - INFO - Example /home/projects/bagon/shared/imagenet512/val/n03534580/ILSVRC2012_val_00017825.JPEG reached epsilon at step 3180, loss sum: 902.3057, final loss: 0.00099754, weight distance: 0.1274
2025-09-23 03:54:16,090 - INFO - Example /home/projects/bagon/shared/imagenet512/val/n04235860/ILSVRC2012_val_00008064.JPEG reached epsilon at step 2341, loss sum: 1144.7107, final loss: 0.00099373, weight distance: 0.1282
2025-09-23 03:54:37,943 - INFO - Example /home/projects/bagon/shared/imagenet512/val/n03729826/ILSVRC2012_val_00030695.JPEG reached epsilon at step 1946, loss sum: 635.4017, final loss: 0.00099373, weight distance: 0.1061
2025-09-23 03:55:19,140 - INFO - Example /home/projects/bagon/shared/imagenet512/val/n03085013/ILSVRC2012_val_00029239.JPEG reached epsilon at step 3731, loss sum: 602.0438, final loss: 0.00098896, weight distance: 0.1437
2025-09-23 03:55:39,458 - INFO - Example /home/projects/bagon/shared/imagenet512/val/n03314780/ILSVRC2012_val_00043622.JPEG reached epsilon at step 1811, loss sum: 934.3598, final loss: 0.00099754, weight distance: 0.1059
2025-09-23 03:56:10,949 - INFO - Example /home/projects/bagon/shared/imagenet512/val/n02859443/ILSVRC2012_val_00012812.JPEG reached epsilon at step 2837, loss sum: 1075.2632, final loss: 0.00099850, weight distance: 0.1414
2025-09-23 03:56:32,811 - INFO - Example /home/projects/bagon/shared/imagenet512/val/n02730930/ILSVRC2012_val_00027623.JPEG reached epsilon at step 1947, loss sum: 1153.3291, final loss: 0.00098896, weight distance: 0.1073
2025-09-23 03:56:54,711 - INFO - Example /home/projects/bagon/shared/imagenet512/val/n07714990/ILSVRC2012_val_00017289.JPEG reached epsilon at step 1957, loss sum: 464.3290, final loss: 0.00099564, weight distance: 0.1036
2025-09-23 03:57:15,857 - INFO - Example /home/projects/bagon/shared/imagenet512/val/n03967562/ILSVRC2012_val_00041847.JPEG reached epsilon at step 1811, loss sum: 1083.6870, final loss: 0.00099468, weight distance: 0.1024
2025-09-23 03:57:32,405 - INFO - Example /home/projects/bagon/shared/imagenet512/val/n02096051/ILSVRC2012_val_00039927.JPEG reached epsilon at step 1469, loss sum: 73.8764, final loss: 0.00099564, weight distance: 0.0648
2025-09-23 03:57:45,047 - INFO - Example /home/projects/bagon/shared/imagenet512/val/n02264363/ILSVRC2012_val_00040239.JPEG reached epsilon at step 1109, loss sum: 152.2445, final loss: 0.00099945, weight distance: 0.0638
2025-09-23 03:58:07,021 - INFO - Example /home/projects/bagon/shared/imagenet512/val/n07614500/ILSVRC2012_val_00049832.JPEG reached epsilon at step 1979, loss sum: 102.0049, final loss: 0.00099850, weight distance: 0.0863
2025-09-23 03:58:35,348 - INFO - Example /home/projects/bagon/shared/imagenet512/val/n02791124/ILSVRC2012_val_00033973.JPEG reached epsilon at step 2530, loss sum: 1341.2136, final loss: 0.00099373, weight distance: 0.1360
2025-09-23 03:59:01,308 - INFO - Example /home/projects/bagon/shared/imagenet512/val/n03930313/ILSVRC2012_val_00040905.JPEG reached epsilon at step 2332, loss sum: 1657.4697, final loss: 0.00099087, weight distance: 0.1276
2025-09-23 03:59:17,197 - INFO - Example /home/projects/bagon/shared/imagenet512/val/n04606251/ILSVRC2012_val_00009749.JPEG reached epsilon at step 1409, loss sum: 569.6095, final loss: 0.00098896, weight distance: 0.0854
2025-09-23 03:59:29,527 - INFO - Example /home/projects/bagon/shared/imagenet512/val/n03697007/ILSVRC2012_val_00010251.JPEG reached epsilon at step 1065, loss sum: 68.3709, final loss: 0.00099182, weight distance: 0.0601
2025-09-23 04:00:04,123 - INFO - Example /home/projects/bagon/shared/imagenet512/val/n02089973/ILSVRC2012_val_00004795.JPEG reached epsilon at step 3130, loss sum: 226.6456, final loss: 0.00099087, weight distance: 0.1150
2025-09-23 04:00:28,993 - INFO - Example /home/projects/bagon/shared/imagenet512/val/n02109525/ILSVRC2012_val_00030327.JPEG reached epsilon at step 2249, loss sum: 726.7845, final loss: 0.00099945, weight distance: 0.1123
2025-09-23 04:00:49,612 - INFO - Example /home/projects/bagon/shared/imagenet512/val/n04442312/ILSVRC2012_val_00048721.JPEG reached epsilon at step 1838, loss sum: 903.3046, final loss: 0.00098801, weight distance: 0.1018
2025-09-23 04:01:13,142 - INFO - Example /home/projects/bagon/shared/imagenet512/val/n01795545/ILSVRC2012_val_00039465.JPEG reached epsilon at step 2096, loss sum: 519.4247, final loss: 0.00099659, weight distance: 0.1071
2025-09-23 04:01:36,520 - INFO - Example /home/projects/bagon/shared/imagenet512/val/n03447721/ILSVRC2012_val_00006388.JPEG reached epsilon at step 2058, loss sum: 1032.5399, final loss: 0.00099564, weight distance: 0.1120
2025-09-23 04:02:21,308 - INFO - Example /home/projects/bagon/shared/imagenet512/val/n04493381/ILSVRC2012_val_00000874.JPEG reached epsilon at step 4044, loss sum: 251.9018, final loss: 0.00099659, weight distance: 0.1391
2025-09-23 04:02:44,293 - INFO - Example /home/projects/bagon/shared/imagenet512/val/n04019541/ILSVRC2012_val_00048262.JPEG reached epsilon at step 2061, loss sum: 819.0114, final loss: 0.00099564, weight distance: 0.1162
2025-09-23 04:03:18,159 - INFO - Example /home/projects/bagon/shared/imagenet512/val/n03602883/ILSVRC2012_val_00017448.JPEG reached epsilon at step 3048, loss sum: 2554.8418, final loss: 0.00099277, weight distance: 0.1594
2025-09-23 04:03:47,825 - INFO - Example /home/projects/bagon/shared/imagenet512/val/n03956157/ILSVRC2012_val_00045597.JPEG reached epsilon at step 2655, loss sum: 14.6524, final loss: 0.00099945, weight distance: 0.0644
2025-09-23 04:04:14,092 - INFO - Example /home/projects/bagon/shared/imagenet512/val/n01734418/ILSVRC2012_val_00047810.JPEG reached epsilon at step 2343, loss sum: 969.3405, final loss: 0.00099182, weight distance: 0.1174
2025-09-23 04:04:33,267 - INFO - Example /home/projects/bagon/shared/imagenet512/val/n01704323/ILSVRC2012_val_00009035.JPEG reached epsilon at step 1703, loss sum: 3386.2232, final loss: 0.00099754, weight distance: 0.1191
2025-09-23 04:05:03,525 - INFO - Example /home/projects/bagon/shared/imagenet512/val/n02109047/ILSVRC2012_val_00048145.JPEG reached epsilon at step 2661, loss sum: 1271.4911, final loss: 0.00099850, weight distance: 0.1368
2025-09-23 04:05:37,705 - INFO - Example /home/projects/bagon/shared/imagenet512/val/n03141823/ILSVRC2012_val_00027513.JPEG reached epsilon at step 3067, loss sum: 2518.1388, final loss: 0.00099659, weight distance: 0.1637
2025-09-23 04:05:49,979 - INFO - Example /home/projects/bagon/shared/imagenet512/val/n02808304/ILSVRC2012_val_00042579.JPEG reached epsilon at step 1078, loss sum: 310.3451, final loss: 0.00099564, weight distance: 0.0680
2025-09-23 04:06:09,537 - INFO - Example /home/projects/bagon/shared/imagenet512/val/n02090721/ILSVRC2012_val_00042158.JPEG reached epsilon at step 1741, loss sum: 190.6945, final loss: 0.00099373, weight distance: 0.0867
2025-09-23 04:06:41,123 - INFO - Example /home/projects/bagon/shared/imagenet512/val/n02110063/ILSVRC2012_val_00008270.JPEG reached epsilon at step 2847, loss sum: 835.4049, final loss: 0.00099564, weight distance: 0.1307
2025-09-23 04:06:59,657 - INFO - Example /home/projects/bagon/shared/imagenet512/val/n02099429/ILSVRC2012_val_00044629.JPEG reached epsilon at step 1642, loss sum: 1003.5993, final loss: 0.00099945, weight distance: 0.0956
2025-09-23 04:07:22,263 - INFO - Example /home/projects/bagon/shared/imagenet512/val/n01950731/ILSVRC2012_val_00046587.JPEG reached epsilon at step 2021, loss sum: 261.4372, final loss: 0.00099087, weight distance: 0.0965
2025-09-23 04:07:45,083 - INFO - Example /home/projects/bagon/shared/imagenet512/val/n03763968/ILSVRC2012_val_00016657.JPEG reached epsilon at step 2050, loss sum: 369.9733, final loss: 0.00099754, weight distance: 0.0982
2025-09-23 04:07:58,548 - INFO - Example /home/projects/bagon/shared/imagenet512/val/n03961711/ILSVRC2012_val_00001853.JPEG reached epsilon at step 1198, loss sum: 929.2494, final loss: 0.00099182, weight distance: 0.0832
2025-09-23 04:08:36,509 - INFO - Example /home/projects/bagon/shared/imagenet512/val/n04264628/ILSVRC2012_val_00032561.JPEG reached epsilon at step 3411, loss sum: 259.4552, final loss: 0.00098610, weight distance: 0.1269
2025-09-23 04:08:45,349 - INFO - Example /home/projects/bagon/shared/imagenet512/val/n09288635/ILSVRC2012_val_00038012.JPEG reached epsilon at step 749, loss sum: 71.1180, final loss: 0.00099850, weight distance: 0.0436
2025-09-23 04:09:12,407 - INFO - Example /home/projects/bagon/shared/imagenet512/val/n04330267/ILSVRC2012_val_00010670.JPEG reached epsilon at step 2422, loss sum: 750.2585, final loss: 0.00099468, weight distance: 0.1203
2025-09-23 04:09:35,868 - INFO - Example /home/projects/bagon/shared/imagenet512/val/n01665541/ILSVRC2012_val_00029324.JPEG reached epsilon at step 2106, loss sum: 678.0778, final loss: 0.00099659, weight distance: 0.0970
2025-09-23 04:09:54,802 - INFO - Example /home/projects/bagon/shared/imagenet512/val/n04346328/ILSVRC2012_val_00019273.JPEG reached epsilon at step 1672, loss sum: 410.8607, final loss: 0.00098896, weight distance: 0.0922
2025-09-23 04:10:17,707 - INFO - Example /home/projects/bagon/shared/imagenet512/val/n04604644/ILSVRC2012_val_00033877.JPEG reached epsilon at step 2003, loss sum: 733.0113, final loss: 0.00099850, weight distance: 0.1032
2025-09-23 04:10:47,336 - INFO - Example /home/projects/bagon/shared/imagenet512/val/n03769881/ILSVRC2012_val_00043105.JPEG reached epsilon at step 2651, loss sum: 866.0895, final loss: 0.00099850, weight distance: 0.1378
2025-09-23 04:11:22,803 - INFO - Example /home/projects/bagon/shared/imagenet512/val/n02089867/ILSVRC2012_val_00010950.JPEG reached epsilon at step 3193, loss sum: 1788.8807, final loss: 0.00099754, weight distance: 0.1376
2025-09-23 04:11:35,945 - INFO - Example /home/projects/bagon/shared/imagenet512/val/n04033901/ILSVRC2012_val_00010234.JPEG reached epsilon at step 1151, loss sum: 334.8467, final loss: 0.00099945, weight distance: 0.0747
2025-09-23 04:11:57,204 - INFO - Example /home/projects/bagon/shared/imagenet512/val/n01698640/ILSVRC2012_val_00032796.JPEG reached epsilon at step 1881, loss sum: 496.6331, final loss: 0.00099945, weight distance: 0.0886
2025-09-23 04:12:38,321 - INFO - Example /home/projects/bagon/shared/imagenet512/val/n03532672/ILSVRC2012_val_00018823.JPEG reached epsilon at step 3683, loss sum: 1338.7416, final loss: 0.00099468, weight distance: 0.1612
2025-09-23 04:13:30,284 - INFO - Example /home/projects/bagon/shared/imagenet512/val/n02109961/ILSVRC2012_val_00007551.JPEG reached epsilon at step 4701, loss sum: 552.9822, final loss: 0.00099564, weight distance: 0.1769
2025-09-23 04:13:59,544 - INFO - Example /home/projects/bagon/shared/imagenet512/val/n04263257/ILSVRC2012_val_00041729.JPEG reached epsilon at step 2679, loss sum: 884.6437, final loss: 0.00099945, weight distance: 0.1364
2025-09-23 04:14:31,509 - INFO - Example /home/projects/bagon/shared/imagenet512/val/n03100240/ILSVRC2012_val_00009569.JPEG reached epsilon at step 2875, loss sum: 714.4965, final loss: 0.00099087, weight distance: 0.1356
2025-09-23 04:14:55,731 - INFO - Example /home/projects/bagon/shared/imagenet512/val/n03676483/ILSVRC2012_val_00004742.JPEG reached epsilon at step 2166, loss sum: 1109.0978, final loss: 0.00099087, weight distance: 0.1198
2025-09-23 04:15:20,977 - INFO - Example /home/projects/bagon/shared/imagenet512/val/n04090263/ILSVRC2012_val_00042016.JPEG reached epsilon at step 2244, loss sum: 869.2266, final loss: 0.00099945, weight distance: 0.1004
2025-09-23 04:15:40,339 - INFO - Example /home/projects/bagon/shared/imagenet512/val/n06596364/ILSVRC2012_val_00047005.JPEG reached epsilon at step 1722, loss sum: 1918.5059, final loss: 0.00099182, weight distance: 0.1174
2025-09-23 04:16:02,644 - INFO - Example /home/projects/bagon/shared/imagenet512/val/n01829413/ILSVRC2012_val_00044903.JPEG reached epsilon at step 1979, loss sum: 1769.5153, final loss: 0.00099468, weight distance: 0.1149
2025-09-23 04:16:28,302 - INFO - Example /home/projects/bagon/shared/imagenet512/val/n03075370/ILSVRC2012_val_00007910.JPEG reached epsilon at step 2311, loss sum: 1700.8555, final loss: 0.00098801, weight distance: 0.1352
2025-09-23 04:16:58,413 - INFO - Example /home/projects/bagon/shared/imagenet512/val/n02096294/ILSVRC2012_val_00026475.JPEG reached epsilon at step 2703, loss sum: 627.4878, final loss: 0.00099945, weight distance: 0.1159
2025-09-23 04:17:19,223 - INFO - Example /home/projects/bagon/shared/imagenet512/val/n03400231/ILSVRC2012_val_00042145.JPEG reached epsilon at step 1836, loss sum: 304.9528, final loss: 0.00099754, weight distance: 0.0877
2025-09-23 04:17:39,231 - INFO - Example /home/projects/bagon/shared/imagenet512/val/n03706229/ILSVRC2012_val_00018894.JPEG reached epsilon at step 1774, loss sum: 1132.8355, final loss: 0.00099659, weight distance: 0.1019
2025-09-23 04:18:05,365 - INFO - Example /home/projects/bagon/shared/imagenet512/val/n01494475/ILSVRC2012_val_00034115.JPEG reached epsilon at step 2325, loss sum: 466.6224, final loss: 0.00099659, weight distance: 0.1059
2025-09-23 04:18:41,854 - INFO - Example /home/projects/bagon/shared/imagenet512/val/n03658185/ILSVRC2012_val_00019541.JPEG reached epsilon at step 3307, loss sum: 755.8849, final loss: 0.00099945, weight distance: 0.1420
2025-09-23 04:19:00,710 - INFO - Example /home/projects/bagon/shared/imagenet512/val/n03000134/ILSVRC2012_val_00024210.JPEG reached epsilon at step 1678, loss sum: 1283.9980, final loss: 0.00099850, weight distance: 0.1058
2025-09-23 04:19:30,753 - INFO - Example /home/projects/bagon/shared/imagenet512/val/n02094258/ILSVRC2012_val_00017817.JPEG reached epsilon at step 2683, loss sum: 396.5190, final loss: 0.00099850, weight distance: 0.1126
2025-09-23 04:19:49,637 - INFO - Example /home/projects/bagon/shared/imagenet512/val/n02111500/ILSVRC2012_val_00006232.JPEG reached epsilon at step 1660, loss sum: 35.9253, final loss: 0.00099850, weight distance: 0.0622
2025-09-23 04:20:19,480 - INFO - Example /home/projects/bagon/shared/imagenet512/val/n01749939/ILSVRC2012_val_00030360.JPEG reached epsilon at step 2691, loss sum: 1782.5848, final loss: 0.00099277, weight distance: 0.1295
2025-09-23 04:20:40,051 - INFO - Example /home/projects/bagon/shared/imagenet512/val/n04009552/ILSVRC2012_val_00002739.JPEG reached epsilon at step 1823, loss sum: 1725.9797, final loss: 0.00099659, weight distance: 0.1207
2025-09-23 04:20:59,388 - INFO - Example /home/projects/bagon/shared/imagenet512/val/n07880968/ILSVRC2012_val_00043866.JPEG reached epsilon at step 1716, loss sum: 590.8107, final loss: 0.00099754, weight distance: 0.0944
2025-09-23 04:21:29,513 - INFO - Example /home/projects/bagon/shared/imagenet512/val/n02123045/ILSVRC2012_val_00028829.JPEG reached epsilon at step 2686, loss sum: 1195.5163, final loss: 0.00099277, weight distance: 0.1213
2025-09-23 04:21:53,070 - INFO - Example /home/projects/bagon/shared/imagenet512/val/n03787032/ILSVRC2012_val_00040935.JPEG reached epsilon at step 2124, loss sum: 314.1107, final loss: 0.00099659, weight distance: 0.0779
2025-09-23 04:22:16,124 - INFO - Example /home/projects/bagon/shared/imagenet512/val/n02791270/ILSVRC2012_val_00002611.JPEG reached epsilon at step 2053, loss sum: 422.7650, final loss: 0.00099850, weight distance: 0.1058
2025-09-23 04:22:32,083 - INFO - Example /home/projects/bagon/shared/imagenet512/val/n03388549/ILSVRC2012_val_00023839.JPEG reached epsilon at step 1423, loss sum: 165.1136, final loss: 0.00099754, weight distance: 0.0709
2025-09-23 04:22:48,575 - INFO - Example /home/projects/bagon/shared/imagenet512/val/n02807133/ILSVRC2012_val_00001584.JPEG reached epsilon at step 1456, loss sum: 672.5419, final loss: 0.00099754, weight distance: 0.0892
2025-09-23 04:23:06,482 - INFO - Example /home/projects/bagon/shared/imagenet512/val/n03891251/ILSVRC2012_val_00003224.JPEG reached epsilon at step 1590, loss sum: 2285.6477, final loss: 0.00099945, weight distance: 0.1136
2025-09-23 04:23:29,274 - INFO - Example /home/projects/bagon/shared/imagenet512/val/n03188531/ILSVRC2012_val_00033272.JPEG reached epsilon at step 2035, loss sum: 578.9876, final loss: 0.00099182, weight distance: 0.1015
2025-09-23 04:23:42,332 - INFO - Example /home/projects/bagon/shared/imagenet512/val/n04277352/ILSVRC2012_val_00038422.JPEG reached epsilon at step 1137, loss sum: 541.3786, final loss: 0.00099468, weight distance: 0.0764
2025-09-23 04:24:05,332 - INFO - Example /home/projects/bagon/shared/imagenet512/val/n03792782/ILSVRC2012_val_00015867.JPEG reached epsilon at step 2056, loss sum: 195.8254, final loss: 0.00099564, weight distance: 0.0888
2025-09-23 04:24:17,452 - INFO - Example /home/projects/bagon/shared/imagenet512/val/n03763968/ILSVRC2012_val_00008107.JPEG reached epsilon at step 1055, loss sum: 95.2713, final loss: 0.00099277, weight distance: 0.0516
2025-09-23 04:24:43,341 - INFO - Example /home/projects/bagon/shared/imagenet512/val/n03916031/ILSVRC2012_val_00042837.JPEG reached epsilon at step 2319, loss sum: 543.9112, final loss: 0.00099945, weight distance: 0.1167
2025-09-23 04:24:59,446 - INFO - Example /home/projects/bagon/shared/imagenet512/val/n06874185/ILSVRC2012_val_00021177.JPEG reached epsilon at step 1418, loss sum: 782.8085, final loss: 0.00099564, weight distance: 0.0947
2025-09-23 04:24:59,952 - INFO - Time limit reached. Exiting before starting next example.
