2025-09-15 22:59:36,532 - INFO - Parsed arguments:
2025-09-15 22:59:36,532 - INFO -   amp_dtype = None
2025-09-15 22:59:36,532 - INFO -   bars_npy = /home/projects/bagon/andreyg/Projects/BMM_school/Universal_learning/Programming/bars/geq6wrong_21017_geq6correct_1525_imagenet.npy
2025-09-15 22:59:36,532 - INFO -   cka_layer_fraction = 0.05
2025-09-15 22:59:36,532 - INFO -   deterministic = True
2025-09-15 22:59:36,532 - INFO -   device = cuda
2025-09-15 22:59:36,532 - INFO -   epsilon = 0.001
2025-09-15 22:59:36,532 - INFO -   examples_csv = /home/projects/bagon/andreyg/Projects/BMM_school/Universal_learning/Programming/bars/geq6wrong_21017_geq6correct_1525_imagenet_examples_ammended.csv
2025-09-15 22:59:36,532 - INFO -   grad_clip_norm = 1.0
2025-09-15 22:59:36,532 - INFO -   hierarchy_json = /home/projects/bagon/andreyg/Projects/BMM_school/Universal_learning/Programming/bars/imagenet_synset_hierarchy.json
2025-09-15 22:59:36,532 - INFO -   imagenet_models_csv = /home/projects/bagon/andreyg/Projects/BMM_school/Universal_learning/Programming/bars/imagenet_models.csv
2025-09-15 22:59:36,532 - INFO -   lr = 0.0005
2025-09-15 22:59:36,532 - INFO -   max_examples = 1500
2025-09-15 22:59:36,532 - INFO -   max_steps_per_example = 10000
2025-09-15 22:59:36,532 - INFO -   model_csv_name = vgg_13_224_tv_imagenet_1k
2025-09-15 22:59:36,532 - INFO -   model_name = vgg13.tv_in1k
2025-09-15 22:59:36,532 - INFO -   no_amp = False
2025-09-15 22:59:36,532 - INFO -   output_dir = /home/projects/bagon/andreyg/Projects/BMM_school/Universal_learning/Programming/training_gradient_evaluator_single_loss/outputs_lr_0.0005_150_examples
2025-09-15 22:59:36,532 - INFO -   root_dir = None
2025-09-15 22:59:36,533 - INFO -   seed = 1337
2025-09-15 22:59:36,533 - INFO -   weight_decay = 0.0
2025-09-15 22:59:36,533 - INFO -   zero_aug_train = True
2025-09-15 22:59:36,542 - INFO - Loaded 50000 examples in difficulty order
2025-09-15 22:59:38,741 - INFO - Loaded TIMM pretrained weights for vgg13.tv_in1k
2025-09-15 22:59:38,741 - INFO - pretrained_cfg.url= hf_hub_id=timm/vgg13.tv_in1k
2025-09-15 22:59:39,379 - INFO - Stored original model weights for reset
2025-09-15 22:59:39,387 - INFO - Training configuration:
2025-09-15 22:59:39,387 - INFO -   lr = 0.0005
2025-09-15 22:59:39,387 - INFO -   weight_decay = 0.0
2025-09-15 22:59:39,387 - INFO -   max_steps = 10000
2025-09-15 22:59:39,387 - INFO -   epsilon = 0.001
2025-09-15 22:59:39,387 - INFO -   device = cuda
2025-09-15 22:59:39,387 - INFO -   use_amp = True
2025-09-15 22:59:39,387 - INFO -   amp_dtype = bfloat16
2025-09-15 22:59:39,387 - INFO -   gradient_clip_norm = 1.0
2025-09-15 22:59:39,429 - INFO - Resolved model_csv_name='vgg_13_224_tv_imagenet_1k' to mask_row_index=997
2025-09-15 22:59:44,219 - INFO - Selected 150 wrong examples for training (sorted by difficulty)
2025-09-15 22:59:44,222 - INFO - Training examples (rank indices, 0-based): 21192, 21349, 21363, 21717, 21873, 21886, 22313, 22452, 22936, 22961, 23097, 23199, 23288, 23358, 23618, 23951, 24024, 24370, 24405, 24662, 24663, 24819, 25012, 25058, 25229, 25428, 25512, 25705, 26023, 26177, 26365, 26417, 26809, 27173, 27188, 27362, 28283, 28309, 28454, 28692, 28870, 29000, 29317, 29358, 29429, 29596, 29972, 30079, 30139, 30578, 30836, 31025, 31275, 31281, 31557, 31718, 32252, 32305, 32518, 32966, 33108, 33121, 33165, 33315, 33426, 33501, 33524, 33684, 33767, 33831, 33994, 34083, 34121, 34170, 34237, 34415, 34532, 34635, 34732, 34928, 35499, 36442, 36468, 36538, 36597, 36766, 36857, 36948, 37157, 37201, 37292, 37390, 37479, 38507, 38589, 38628, 38714, 38969, 39131, 39478, 39555, 39568, 39675, 39718, 40072, 40088, 40451, 40482, 40539, 40552, 40691, 41044, 41123, 41205, 41844, 42201, 42211, 42292, 42404, 42654, 42779, 42788, 42841, 42901, 42935, 42999, 43024, 43536, 43801, 44040, 44181, 44240, 44308, 44320, 44902, 44996, 45051, 46031, 46171, 46293, 46456, 46911, 46954, 47242, 47737, 47807, 47925, 47957, 47987, 48081
2025-09-15 22:59:44,255 - INFO - CKA layer subset: selecting 1/13 layers (~5%)
2025-09-15 22:59:45,677 - INFO - Skipping already processed example 0: /home/projects/bagon/shared/imagenet512/val/n01924916/ILSVRC2012_val_00032764.JPEG
2025-09-15 22:59:45,677 - INFO - Skipping already processed example 1: /home/projects/bagon/shared/imagenet512/val/n07684084/ILSVRC2012_val_00007138.JPEG
2025-09-15 22:59:45,677 - INFO - Skipping already processed example 2: /home/projects/bagon/shared/imagenet512/val/n02730930/ILSVRC2012_val_00016184.JPEG
2025-09-15 22:59:45,677 - INFO - Skipping already processed example 3: /home/projects/bagon/shared/imagenet512/val/n01687978/ILSVRC2012_val_00016308.JPEG
2025-09-15 22:59:45,677 - INFO - Skipping already processed example 4: /home/projects/bagon/shared/imagenet512/val/n02231487/ILSVRC2012_val_00018003.JPEG
2025-09-15 22:59:45,677 - INFO - Skipping already processed example 5: /home/projects/bagon/shared/imagenet512/val/n03018349/ILSVRC2012_val_00047905.JPEG
2025-09-15 22:59:45,677 - INFO - Skipping already processed example 6: /home/projects/bagon/shared/imagenet512/val/n03729826/ILSVRC2012_val_00044803.JPEG
2025-09-15 22:59:45,677 - INFO - Skipping already processed example 7: /home/projects/bagon/shared/imagenet512/val/n01775062/ILSVRC2012_val_00029156.JPEG
2025-09-15 22:59:45,677 - INFO - Skipping already processed example 8: /home/projects/bagon/shared/imagenet512/val/n03920288/ILSVRC2012_val_00033879.JPEG
2025-09-15 22:59:45,677 - INFO - Skipping already processed example 9: /home/projects/bagon/shared/imagenet512/val/n03590841/ILSVRC2012_val_00047113.JPEG
2025-09-15 22:59:45,677 - INFO - Skipping already processed example 10: /home/projects/bagon/shared/imagenet512/val/n02102480/ILSVRC2012_val_00000539.JPEG
2025-09-15 22:59:45,677 - INFO - Skipping already processed example 11: /home/projects/bagon/shared/imagenet512/val/n01688243/ILSVRC2012_val_00015981.JPEG
2025-09-15 22:59:45,677 - INFO - Skipping already processed example 12: /home/projects/bagon/shared/imagenet512/val/n03482405/ILSVRC2012_val_00043129.JPEG
2025-09-15 22:59:45,677 - INFO - Skipping already processed example 13: /home/projects/bagon/shared/imagenet512/val/n02090721/ILSVRC2012_val_00003363.JPEG
2025-09-15 22:59:45,677 - INFO - Skipping already processed example 14: /home/projects/bagon/shared/imagenet512/val/n02321529/ILSVRC2012_val_00021501.JPEG
2025-09-15 22:59:45,677 - INFO - Skipping already processed example 15: /home/projects/bagon/shared/imagenet512/val/n01776313/ILSVRC2012_val_00013600.JPEG
2025-09-15 22:59:45,677 - INFO - Skipping already processed example 16: /home/projects/bagon/shared/imagenet512/val/n03481172/ILSVRC2012_val_00007391.JPEG
2025-09-15 22:59:45,678 - INFO - Skipping already processed example 17: /home/projects/bagon/shared/imagenet512/val/n03272010/ILSVRC2012_val_00021729.JPEG
2025-09-15 22:59:45,678 - INFO - Skipping already processed example 18: /home/projects/bagon/shared/imagenet512/val/n07248320/ILSVRC2012_val_00007521.JPEG
2025-09-15 22:59:45,678 - INFO - Skipping already processed example 19: /home/projects/bagon/shared/imagenet512/val/n04258138/ILSVRC2012_val_00009920.JPEG
2025-09-15 22:59:45,678 - INFO - Skipping already processed example 20: /home/projects/bagon/shared/imagenet512/val/n02167151/ILSVRC2012_val_00009626.JPEG
2025-09-15 22:59:45,678 - INFO - Skipping already processed example 21: /home/projects/bagon/shared/imagenet512/val/n01498041/ILSVRC2012_val_00027415.JPEG
2025-09-15 22:59:45,678 - INFO - Skipping already processed example 22: /home/projects/bagon/shared/imagenet512/val/n03314780/ILSVRC2012_val_00032987.JPEG
2025-09-15 22:59:45,678 - INFO - Skipping already processed example 23: /home/projects/bagon/shared/imagenet512/val/n02114712/ILSVRC2012_val_00039939.JPEG
2025-09-15 22:59:45,678 - INFO - Skipping already processed example 24: /home/projects/bagon/shared/imagenet512/val/n02100735/ILSVRC2012_val_00049965.JPEG
2025-09-15 22:59:45,678 - INFO - Skipping already processed example 25: /home/projects/bagon/shared/imagenet512/val/n02101006/ILSVRC2012_val_00029333.JPEG
2025-09-15 22:59:45,678 - INFO - Skipping already processed example 26: /home/projects/bagon/shared/imagenet512/val/n03954731/ILSVRC2012_val_00013976.JPEG
2025-09-15 22:59:45,678 - INFO - Skipping already processed example 27: /home/projects/bagon/shared/imagenet512/val/n01924916/ILSVRC2012_val_00042155.JPEG
2025-09-15 22:59:45,678 - INFO - Skipping already processed example 28: /home/projects/bagon/shared/imagenet512/val/n03110669/ILSVRC2012_val_00037637.JPEG
2025-09-15 22:59:45,678 - INFO - Skipping already processed example 29: /home/projects/bagon/shared/imagenet512/val/n02865351/ILSVRC2012_val_00004714.JPEG
2025-09-15 22:59:45,678 - INFO - Skipping already processed example 30: /home/projects/bagon/shared/imagenet512/val/n03595614/ILSVRC2012_val_00019141.JPEG
2025-09-15 22:59:45,678 - INFO - Skipping already processed example 31: /home/projects/bagon/shared/imagenet512/val/n02951358/ILSVRC2012_val_00031213.JPEG
2025-09-15 22:59:45,678 - INFO - Skipping already processed example 32: /home/projects/bagon/shared/imagenet512/val/n02877765/ILSVRC2012_val_00036809.JPEG
2025-09-15 22:59:45,678 - INFO - Skipping already processed example 33: /home/projects/bagon/shared/imagenet512/val/n01697457/ILSVRC2012_val_00044058.JPEG
2025-09-15 22:59:45,678 - INFO - Skipping already processed example 34: /home/projects/bagon/shared/imagenet512/val/n04141076/ILSVRC2012_val_00003260.JPEG
2025-09-15 22:59:45,678 - INFO - Skipping already processed example 35: /home/projects/bagon/shared/imagenet512/val/n04252077/ILSVRC2012_val_00035236.JPEG
2025-09-15 22:59:45,678 - INFO - Skipping already processed example 36: /home/projects/bagon/shared/imagenet512/val/n07871810/ILSVRC2012_val_00018608.JPEG
2025-09-15 22:59:45,678 - INFO - Skipping already processed example 37: /home/projects/bagon/shared/imagenet512/val/n07614500/ILSVRC2012_val_00028064.JPEG
2025-09-15 22:59:45,678 - INFO - Skipping already processed example 38: /home/projects/bagon/shared/imagenet512/val/n02099267/ILSVRC2012_val_00027677.JPEG
2025-09-15 22:59:45,678 - INFO - Skipping already processed example 39: /home/projects/bagon/shared/imagenet512/val/n04579432/ILSVRC2012_val_00048165.JPEG
2025-09-15 22:59:45,678 - INFO - Skipping already processed example 40: /home/projects/bagon/shared/imagenet512/val/n02106550/ILSVRC2012_val_00047977.JPEG
2025-09-15 22:59:45,678 - INFO - Skipping already processed example 41: /home/projects/bagon/shared/imagenet512/val/n02098286/ILSVRC2012_val_00040114.JPEG
2025-09-15 22:59:45,678 - INFO - Skipping already processed example 42: /home/projects/bagon/shared/imagenet512/val/n03498962/ILSVRC2012_val_00028576.JPEG
2025-09-15 22:59:45,678 - INFO - Skipping already processed example 43: /home/projects/bagon/shared/imagenet512/val/n01560419/ILSVRC2012_val_00020788.JPEG
2025-09-15 22:59:45,678 - INFO - Skipping already processed example 44: /home/projects/bagon/shared/imagenet512/val/n02795169/ILSVRC2012_val_00023608.JPEG
2025-09-15 22:59:45,678 - INFO - Skipping already processed example 45: /home/projects/bagon/shared/imagenet512/val/n02128385/ILSVRC2012_val_00046032.JPEG
2025-09-15 22:59:45,678 - INFO - Skipping already processed example 46: /home/projects/bagon/shared/imagenet512/val/n02109047/ILSVRC2012_val_00013475.JPEG
2025-09-15 22:59:45,678 - INFO - Skipping already processed example 47: /home/projects/bagon/shared/imagenet512/val/n02966193/ILSVRC2012_val_00043579.JPEG
2025-09-15 22:59:45,678 - INFO - Skipping already processed example 48: /home/projects/bagon/shared/imagenet512/val/n02105505/ILSVRC2012_val_00041147.JPEG
2025-09-15 22:59:45,678 - INFO - Skipping already processed example 49: /home/projects/bagon/shared/imagenet512/val/n04208210/ILSVRC2012_val_00048344.JPEG
2025-09-15 22:59:45,678 - INFO - Skipping already processed example 50: /home/projects/bagon/shared/imagenet512/val/n03876231/ILSVRC2012_val_00042465.JPEG
2025-09-15 22:59:45,679 - INFO - Skipping already processed example 51: /home/projects/bagon/shared/imagenet512/val/n06596364/ILSVRC2012_val_00040692.JPEG
2025-09-15 22:59:45,679 - INFO - Skipping already processed example 52: /home/projects/bagon/shared/imagenet512/val/n04467665/ILSVRC2012_val_00032742.JPEG
2025-09-15 22:59:45,679 - INFO - Skipping already processed example 53: /home/projects/bagon/shared/imagenet512/val/n01740131/ILSVRC2012_val_00047845.JPEG
2025-09-15 22:59:45,679 - INFO - Skipping already processed example 54: /home/projects/bagon/shared/imagenet512/val/n04273569/ILSVRC2012_val_00014242.JPEG
2025-09-15 22:59:45,679 - INFO - Skipping already processed example 55: /home/projects/bagon/shared/imagenet512/val/n03977966/ILSVRC2012_val_00029106.JPEG
2025-09-15 22:59:45,679 - INFO - Skipping already processed example 56: /home/projects/bagon/shared/imagenet512/val/n02397096/ILSVRC2012_val_00004394.JPEG
2025-09-15 22:59:45,679 - INFO - Skipping already processed example 57: /home/projects/bagon/shared/imagenet512/val/n02398521/ILSVRC2012_val_00027472.JPEG
2025-09-15 22:59:45,679 - INFO - 
=== Training Example 59/150: /home/projects/bagon/shared/imagenet512/val/n03443371/ILSVRC2012_val_00000619.JPEG ===
2025-09-15 22:59:49,465 - INFO - Example /home/projects/bagon/shared/imagenet512/val/n03443371/ILSVRC2012_val_00000619.JPEG reached epsilon at step 212, loss sum: 73.9107, final loss: 0.00094223, weight distance: 0.0716
2025-09-15 22:59:51,391 - INFO - Example 59 completed: 212 steps, loss sum: 73.9107, final loss: 0.00094223, weight distance: 0.0716 (universal rank: 32519)
2025-09-15 22:59:51,391 - INFO - 
=== Training Example 60/150: /home/projects/bagon/shared/imagenet512/val/n03891332/ILSVRC2012_val_00036752.JPEG ===
2025-09-15 22:59:53,315 - INFO - Example /home/projects/bagon/shared/imagenet512/val/n03891332/ILSVRC2012_val_00036752.JPEG reached epsilon at step 69, loss sum: 1.4850, final loss: 0.00097656, weight distance: 0.0239
2025-09-15 22:59:56,069 - INFO - Example 60 completed: 69 steps, loss sum: 1.4850, final loss: 0.00097656, weight distance: 0.0239 (universal rank: 32967)
2025-09-15 22:59:56,070 - INFO - 
=== Training Example 61/150: /home/projects/bagon/shared/imagenet512/val/n04347754/ILSVRC2012_val_00013469.JPEG ===
2025-09-15 22:59:58,178 - INFO - Example /home/projects/bagon/shared/imagenet512/val/n04347754/ILSVRC2012_val_00013469.JPEG reached epsilon at step 85, loss sum: 5.4244, final loss: 0.00094986, weight distance: 0.0318
2025-09-15 23:00:01,713 - INFO - Example 61 completed: 85 steps, loss sum: 5.4244, final loss: 0.00094986, weight distance: 0.0318 (universal rank: 33109)
2025-09-15 23:00:01,713 - INFO - 
=== Training Example 62/150: /home/projects/bagon/shared/imagenet512/val/n04597913/ILSVRC2012_val_00041678.JPEG ===
2025-09-15 23:00:05,463 - INFO - Example /home/projects/bagon/shared/imagenet512/val/n04597913/ILSVRC2012_val_00041678.JPEG reached epsilon at step 227, loss sum: 53.3650, final loss: 0.00098419, weight distance: 0.0695
2025-09-15 23:00:07,771 - INFO - Example 62 completed: 227 steps, loss sum: 53.3650, final loss: 0.00098419, weight distance: 0.0695 (universal rank: 33122)
2025-09-15 23:00:07,771 - INFO - 
=== Training Example 63/150: /home/projects/bagon/shared/imagenet512/val/n02123597/ILSVRC2012_val_00005466.JPEG ===
2025-09-15 23:00:08,907 - INFO - Example /home/projects/bagon/shared/imagenet512/val/n02123597/ILSVRC2012_val_00005466.JPEG reached epsilon at step 72, loss sum: 5.7823, final loss: 0.00099945, weight distance: 0.0280
2025-09-15 23:00:10,363 - INFO - Example 63 completed: 72 steps, loss sum: 5.7823, final loss: 0.00099945, weight distance: 0.0280 (universal rank: 33166)
2025-09-15 23:00:10,363 - INFO - 
=== Training Example 64/150: /home/projects/bagon/shared/imagenet512/val/n04372370/ILSVRC2012_val_00005605.JPEG ===
2025-09-15 23:00:12,454 - INFO - Example /home/projects/bagon/shared/imagenet512/val/n04372370/ILSVRC2012_val_00005605.JPEG reached epsilon at step 152, loss sum: 33.7518, final loss: 0.00098419, weight distance: 0.0527
2025-09-15 23:00:13,011 - INFO - Example 64 completed: 152 steps, loss sum: 33.7518, final loss: 0.00098419, weight distance: 0.0527 (universal rank: 33316)
2025-09-15 23:00:13,011 - INFO - 
=== Training Example 65/150: /home/projects/bagon/shared/imagenet512/val/n04591157/ILSVRC2012_val_00009550.JPEG ===
2025-09-15 23:00:15,310 - INFO - Example /home/projects/bagon/shared/imagenet512/val/n04591157/ILSVRC2012_val_00009550.JPEG reached epsilon at step 164, loss sum: 14.5686, final loss: 0.00093460, weight distance: 0.0537
2025-09-15 23:00:16,127 - INFO - Example 65 completed: 164 steps, loss sum: 14.5686, final loss: 0.00093460, weight distance: 0.0537 (universal rank: 33427)
2025-09-15 23:00:16,128 - INFO - 
=== Training Example 66/150: /home/projects/bagon/shared/imagenet512/val/n04209133/ILSVRC2012_val_00041783.JPEG ===
2025-09-15 23:00:18,278 - INFO - Example /home/projects/bagon/shared/imagenet512/val/n04209133/ILSVRC2012_val_00041783.JPEG reached epsilon at step 150, loss sum: 195.4343, final loss: 0.00097656, weight distance: 0.0635
2025-09-15 23:00:18,836 - INFO - Example 66 completed: 150 steps, loss sum: 195.4343, final loss: 0.00097656, weight distance: 0.0635 (universal rank: 33502)
2025-09-15 23:00:18,837 - INFO - 
=== Training Example 67/150: /home/projects/bagon/shared/imagenet512/val/n02107574/ILSVRC2012_val_00023799.JPEG ===
2025-09-15 23:00:21,164 - INFO - Example /home/projects/bagon/shared/imagenet512/val/n02107574/ILSVRC2012_val_00023799.JPEG reached epsilon at step 173, loss sum: 46.3128, final loss: 0.00091934, weight distance: 0.0616
2025-09-15 23:00:22,147 - INFO - Example 67 completed: 173 steps, loss sum: 46.3128, final loss: 0.00091934, weight distance: 0.0616 (universal rank: 33525)
2025-09-15 23:00:22,147 - INFO - 
=== Training Example 68/150: /home/projects/bagon/shared/imagenet512/val/n04317175/ILSVRC2012_val_00032222.JPEG ===
2025-09-15 23:00:24,664 - INFO - Example /home/projects/bagon/shared/imagenet512/val/n04317175/ILSVRC2012_val_00032222.JPEG reached epsilon at step 146, loss sum: 84.9503, final loss: 0.00093460, weight distance: 0.0573
2025-09-15 23:00:25,273 - INFO - Example 68 completed: 146 steps, loss sum: 84.9503, final loss: 0.00093460, weight distance: 0.0573 (universal rank: 33685)
2025-09-15 23:00:25,273 - INFO - 
=== Training Example 69/150: /home/projects/bagon/shared/imagenet512/val/n01990800/ILSVRC2012_val_00009213.JPEG ===
2025-09-15 23:00:27,071 - INFO - Example /home/projects/bagon/shared/imagenet512/val/n01990800/ILSVRC2012_val_00009213.JPEG reached epsilon at step 126, loss sum: 34.8473, final loss: 0.00094986, weight distance: 0.0443
2025-09-15 23:00:27,871 - INFO - Example 69 completed: 126 steps, loss sum: 34.8473, final loss: 0.00094986, weight distance: 0.0443 (universal rank: 33768)
2025-09-15 23:00:27,871 - INFO - 
=== Training Example 70/150: /home/projects/bagon/shared/imagenet512/val/n04026417/ILSVRC2012_val_00014524.JPEG ===
2025-09-15 23:00:31,343 - INFO - Example /home/projects/bagon/shared/imagenet512/val/n04026417/ILSVRC2012_val_00014524.JPEG reached epsilon at step 268, loss sum: 32.3351, final loss: 0.00098419, weight distance: 0.0793
2025-09-15 23:00:31,901 - INFO - Example 70 completed: 268 steps, loss sum: 32.3351, final loss: 0.00098419, weight distance: 0.0793 (universal rank: 33832)
2025-09-15 23:00:31,901 - INFO - 
=== Training Example 71/150: /home/projects/bagon/shared/imagenet512/val/n03954731/ILSVRC2012_val_00015496.JPEG ===
2025-09-15 23:00:34,066 - INFO - Example /home/projects/bagon/shared/imagenet512/val/n03954731/ILSVRC2012_val_00015496.JPEG reached epsilon at step 155, loss sum: 44.7757, final loss: 0.00090027, weight distance: 0.0555
2025-09-15 23:00:34,623 - INFO - Example 71 completed: 155 steps, loss sum: 44.7757, final loss: 0.00090027, weight distance: 0.0555 (universal rank: 33995)
2025-09-15 23:00:34,623 - INFO - 
=== Training Example 72/150: /home/projects/bagon/shared/imagenet512/val/n02088466/ILSVRC2012_val_00046691.JPEG ===
2025-09-15 23:00:36,098 - INFO - Example /home/projects/bagon/shared/imagenet512/val/n02088466/ILSVRC2012_val_00046691.JPEG reached epsilon at step 100, loss sum: 28.2708, final loss: 0.00093842, weight distance: 0.0386
2025-09-15 23:00:36,656 - INFO - Example 72 completed: 100 steps, loss sum: 28.2708, final loss: 0.00093842, weight distance: 0.0386 (universal rank: 34084)
2025-09-15 23:00:36,656 - INFO - 
=== Training Example 73/150: /home/projects/bagon/shared/imagenet512/val/n04592741/ILSVRC2012_val_00027706.JPEG ===
2025-09-15 23:00:39,445 - INFO - Example /home/projects/bagon/shared/imagenet512/val/n04592741/ILSVRC2012_val_00027706.JPEG reached epsilon at step 211, loss sum: 7.3661, final loss: 0.00098419, weight distance: 0.0556
2025-09-15 23:00:39,987 - INFO - Example 73 completed: 211 steps, loss sum: 7.3661, final loss: 0.00098419, weight distance: 0.0556 (universal rank: 34122)
2025-09-15 23:00:39,988 - INFO - 
=== Training Example 74/150: /home/projects/bagon/shared/imagenet512/val/n02326432/ILSVRC2012_val_00028827.JPEG ===
2025-09-15 23:00:42,722 - INFO - Example /home/projects/bagon/shared/imagenet512/val/n02326432/ILSVRC2012_val_00028827.JPEG reached epsilon at step 208, loss sum: 32.9583, final loss: 0.00092316, weight distance: 0.0665
2025-09-15 23:00:43,479 - INFO - Example 74 completed: 208 steps, loss sum: 32.9583, final loss: 0.00092316, weight distance: 0.0665 (universal rank: 34171)
2025-09-15 23:00:43,479 - INFO - 
=== Training Example 75/150: /home/projects/bagon/shared/imagenet512/val/n04482393/ILSVRC2012_val_00002897.JPEG ===
2025-09-15 23:00:45,650 - INFO - Example /home/projects/bagon/shared/imagenet512/val/n04482393/ILSVRC2012_val_00002897.JPEG reached epsilon at step 159, loss sum: 48.8718, final loss: 0.00099182, weight distance: 0.0570
2025-09-15 23:00:46,203 - INFO - Example 75 completed: 159 steps, loss sum: 48.8718, final loss: 0.00099182, weight distance: 0.0570 (universal rank: 34238)
2025-09-15 23:00:46,203 - INFO - 
=== Training Example 76/150: /home/projects/bagon/shared/imagenet512/val/n03796401/ILSVRC2012_val_00039716.JPEG ===
2025-09-15 23:00:49,852 - INFO - Example /home/projects/bagon/shared/imagenet512/val/n03796401/ILSVRC2012_val_00039716.JPEG reached epsilon at step 244, loss sum: 141.3496, final loss: 0.00097656, weight distance: 0.0812
2025-09-15 23:00:52,590 - INFO - Example 76 completed: 244 steps, loss sum: 141.3496, final loss: 0.00097656, weight distance: 0.0812 (universal rank: 34416)
2025-09-15 23:00:52,591 - INFO - 
=== Training Example 77/150: /home/projects/bagon/shared/imagenet512/val/n04326547/ILSVRC2012_val_00028856.JPEG ===
2025-09-15 23:00:55,064 - INFO - Example /home/projects/bagon/shared/imagenet512/val/n04326547/ILSVRC2012_val_00028856.JPEG reached epsilon at step 183, loss sum: 320.6643, final loss: 0.00095749, weight distance: 0.0763
2025-09-15 23:00:55,878 - INFO - Example 77 completed: 183 steps, loss sum: 320.6643, final loss: 0.00095749, weight distance: 0.0763 (universal rank: 34533)
2025-09-15 23:00:55,878 - INFO - 
=== Training Example 78/150: /home/projects/bagon/shared/imagenet512/val/n02950826/ILSVRC2012_val_00008964.JPEG ===
2025-09-15 23:00:57,947 - INFO - Example /home/projects/bagon/shared/imagenet512/val/n02950826/ILSVRC2012_val_00008964.JPEG reached epsilon at step 134, loss sum: 27.6091, final loss: 0.00099182, weight distance: 0.0494
2025-09-15 23:00:58,512 - INFO - Example 78 completed: 134 steps, loss sum: 27.6091, final loss: 0.00099182, weight distance: 0.0494 (universal rank: 34636)
2025-09-15 23:00:58,512 - INFO - 
=== Training Example 79/150: /home/projects/bagon/shared/imagenet512/val/n02177972/ILSVRC2012_val_00016770.JPEG ===
2025-09-15 23:01:01,721 - INFO - Example /home/projects/bagon/shared/imagenet512/val/n02177972/ILSVRC2012_val_00016770.JPEG reached epsilon at step 245, loss sum: 179.2170, final loss: 0.00096512, weight distance: 0.0843
2025-09-15 23:01:02,315 - INFO - Example 79 completed: 245 steps, loss sum: 179.2170, final loss: 0.00096512, weight distance: 0.0843 (universal rank: 34733)
2025-09-15 23:01:02,315 - INFO - 
=== Training Example 80/150: /home/projects/bagon/shared/imagenet512/val/n03125729/ILSVRC2012_val_00003614.JPEG ===
2025-09-15 23:01:06,384 - INFO - Example /home/projects/bagon/shared/imagenet512/val/n03125729/ILSVRC2012_val_00003614.JPEG reached epsilon at step 256, loss sum: 66.0022, final loss: 0.00099945, weight distance: 0.0814
2025-09-15 23:01:08,196 - INFO - Example 80 completed: 256 steps, loss sum: 66.0022, final loss: 0.00099945, weight distance: 0.0814 (universal rank: 34929)
2025-09-15 23:01:08,196 - INFO - 
=== Training Example 81/150: /home/projects/bagon/shared/imagenet512/val/n07583066/ILSVRC2012_val_00001378.JPEG ===
2025-09-15 23:01:10,621 - INFO - Example /home/projects/bagon/shared/imagenet512/val/n07583066/ILSVRC2012_val_00001378.JPEG reached epsilon at step 170, loss sum: 112.1303, final loss: 0.00099182, weight distance: 0.0653
2025-09-15 23:01:11,181 - INFO - Example 81 completed: 170 steps, loss sum: 112.1303, final loss: 0.00099182, weight distance: 0.0653 (universal rank: 35500)
2025-09-15 23:01:11,181 - INFO - 
=== Training Example 82/150: /home/projects/bagon/shared/imagenet512/val/n04482393/ILSVRC2012_val_00025736.JPEG ===
2025-09-15 23:01:12,617 - INFO - Example /home/projects/bagon/shared/imagenet512/val/n04482393/ILSVRC2012_val_00025736.JPEG reached epsilon at step 96, loss sum: 11.0751, final loss: 0.00095367, weight distance: 0.0358
2025-09-15 23:01:14,047 - INFO - Example 82 completed: 96 steps, loss sum: 11.0751, final loss: 0.00095367, weight distance: 0.0358 (universal rank: 36443)
2025-09-15 23:01:14,047 - INFO - 
=== Training Example 83/150: /home/projects/bagon/shared/imagenet512/val/n03630383/ILSVRC2012_val_00020570.JPEG ===
2025-09-15 23:01:16,321 - INFO - Example /home/projects/bagon/shared/imagenet512/val/n03630383/ILSVRC2012_val_00020570.JPEG reached epsilon at step 141, loss sum: 72.6379, final loss: 0.00092697, weight distance: 0.0535
2025-09-15 23:01:16,885 - INFO - Example 83 completed: 141 steps, loss sum: 72.6379, final loss: 0.00092697, weight distance: 0.0535 (universal rank: 36469)
2025-09-15 23:01:16,885 - INFO - 
=== Training Example 84/150: /home/projects/bagon/shared/imagenet512/val/n02883205/ILSVRC2012_val_00000202.JPEG ===
2025-09-15 23:01:20,518 - INFO - Example /home/projects/bagon/shared/imagenet512/val/n02883205/ILSVRC2012_val_00000202.JPEG reached epsilon at step 275, loss sum: 297.3340, final loss: 0.00099945, weight distance: 0.0959
2025-09-15 23:01:21,083 - INFO - Example 84 completed: 275 steps, loss sum: 297.3340, final loss: 0.00099945, weight distance: 0.0959 (universal rank: 36539)
2025-09-15 23:01:21,083 - INFO - 
=== Training Example 85/150: /home/projects/bagon/shared/imagenet512/val/n02077923/ILSVRC2012_val_00021764.JPEG ===
2025-09-15 23:01:24,398 - INFO - Example /home/projects/bagon/shared/imagenet512/val/n02077923/ILSVRC2012_val_00021764.JPEG reached epsilon at step 254, loss sum: 127.8135, final loss: 0.00096512, weight distance: 0.0795
2025-09-15 23:01:24,969 - INFO - Example 85 completed: 254 steps, loss sum: 127.8135, final loss: 0.00096512, weight distance: 0.0795 (universal rank: 36598)
2025-09-15 23:01:24,970 - INFO - 
=== Training Example 86/150: /home/projects/bagon/shared/imagenet512/val/n02087394/ILSVRC2012_val_00009470.JPEG ===
2025-09-15 23:01:27,880 - INFO - Example /home/projects/bagon/shared/imagenet512/val/n02087394/ILSVRC2012_val_00009470.JPEG reached epsilon at step 215, loss sum: 21.7072, final loss: 0.00094986, weight distance: 0.0643
2025-09-15 23:01:28,717 - INFO - Example 86 completed: 215 steps, loss sum: 21.7072, final loss: 0.00094986, weight distance: 0.0643 (universal rank: 36767)
2025-09-15 23:01:28,717 - INFO - 
=== Training Example 87/150: /home/projects/bagon/shared/imagenet512/val/n03933933/ILSVRC2012_val_00018594.JPEG ===
2025-09-15 23:01:31,536 - INFO - Example /home/projects/bagon/shared/imagenet512/val/n03933933/ILSVRC2012_val_00018594.JPEG reached epsilon at step 214, loss sum: 20.2077, final loss: 0.00093079, weight distance: 0.0617
2025-09-15 23:01:32,103 - INFO - Example 87 completed: 214 steps, loss sum: 20.2077, final loss: 0.00093079, weight distance: 0.0617 (universal rank: 36858)
2025-09-15 23:01:32,103 - INFO - 
=== Training Example 88/150: /home/projects/bagon/shared/imagenet512/val/n07590611/ILSVRC2012_val_00016617.JPEG ===
2025-09-15 23:01:34,810 - INFO - Example /home/projects/bagon/shared/imagenet512/val/n07590611/ILSVRC2012_val_00016617.JPEG reached epsilon at step 205, loss sum: 63.7936, final loss: 0.00096130, weight distance: 0.0686
2025-09-15 23:01:37,393 - INFO - Example 88 completed: 205 steps, loss sum: 63.7936, final loss: 0.00096130, weight distance: 0.0686 (universal rank: 36949)
2025-09-15 23:01:37,393 - INFO - 
=== Training Example 89/150: /home/projects/bagon/shared/imagenet512/val/n03786901/ILSVRC2012_val_00011653.JPEG ===
2025-09-15 23:01:39,319 - INFO - Example /home/projects/bagon/shared/imagenet512/val/n03786901/ILSVRC2012_val_00011653.JPEG reached epsilon at step 138, loss sum: 22.3969, final loss: 0.00096893, weight distance: 0.0498
2025-09-15 23:01:40,119 - INFO - Example 89 completed: 138 steps, loss sum: 22.3969, final loss: 0.00096893, weight distance: 0.0498 (universal rank: 37158)
2025-09-15 23:01:40,119 - INFO - 
=== Training Example 90/150: /home/projects/bagon/shared/imagenet512/val/n02641379/ILSVRC2012_val_00043238.JPEG ===
2025-09-15 23:01:42,682 - INFO - Example /home/projects/bagon/shared/imagenet512/val/n02641379/ILSVRC2012_val_00043238.JPEG reached epsilon at step 193, loss sum: 281.6601, final loss: 0.00094986, weight distance: 0.0698
2025-09-15 23:01:43,296 - INFO - Example 90 completed: 193 steps, loss sum: 281.6601, final loss: 0.00094986, weight distance: 0.0698 (universal rank: 37202)
2025-09-15 23:01:43,296 - INFO - 
=== Training Example 91/150: /home/projects/bagon/shared/imagenet512/val/n04133789/ILSVRC2012_val_00029389.JPEG ===
2025-09-15 23:01:45,986 - INFO - Example /home/projects/bagon/shared/imagenet512/val/n04133789/ILSVRC2012_val_00029389.JPEG reached epsilon at step 204, loss sum: 10.3197, final loss: 0.00099945, weight distance: 0.0580
2025-09-15 23:01:46,552 - INFO - Example 91 completed: 204 steps, loss sum: 10.3197, final loss: 0.00099945, weight distance: 0.0580 (universal rank: 37293)
2025-09-15 23:01:46,552 - INFO - 
=== Training Example 92/150: /home/projects/bagon/shared/imagenet512/val/n13054560/ILSVRC2012_val_00037227.JPEG ===
2025-09-15 23:01:49,147 - INFO - Example /home/projects/bagon/shared/imagenet512/val/n13054560/ILSVRC2012_val_00037227.JPEG reached epsilon at step 190, loss sum: 69.0146, final loss: 0.00099945, weight distance: 0.0594
2025-09-15 23:01:49,705 - INFO - Example 92 completed: 190 steps, loss sum: 69.0146, final loss: 0.00099945, weight distance: 0.0594 (universal rank: 37391)
2025-09-15 23:01:49,705 - INFO - 
=== Training Example 93/150: /home/projects/bagon/shared/imagenet512/val/n02640242/ILSVRC2012_val_00017862.JPEG ===
2025-09-15 23:01:51,970 - INFO - Example /home/projects/bagon/shared/imagenet512/val/n02640242/ILSVRC2012_val_00017862.JPEG reached epsilon at step 168, loss sum: 65.0007, final loss: 0.00094223, weight distance: 0.0580
2025-09-15 23:01:52,734 - INFO - Example 93 completed: 168 steps, loss sum: 65.0007, final loss: 0.00094223, weight distance: 0.0580 (universal rank: 37480)
2025-09-15 23:01:52,734 - INFO - 
=== Training Example 94/150: /home/projects/bagon/shared/imagenet512/val/n02108089/ILSVRC2012_val_00005495.JPEG ===
2025-09-15 23:01:55,566 - INFO - Example /home/projects/bagon/shared/imagenet512/val/n02108089/ILSVRC2012_val_00005495.JPEG reached epsilon at step 195, loss sum: 96.3361, final loss: 0.00091553, weight distance: 0.0654
2025-09-15 23:01:56,505 - INFO - Example 94 completed: 195 steps, loss sum: 96.3361, final loss: 0.00091553, weight distance: 0.0654 (universal rank: 38508)
2025-09-15 23:01:56,505 - INFO - 
=== Training Example 95/150: /home/projects/bagon/shared/imagenet512/val/n07718472/ILSVRC2012_val_00043204.JPEG ===
2025-09-15 23:02:00,120 - INFO - Example /home/projects/bagon/shared/imagenet512/val/n07718472/ILSVRC2012_val_00043204.JPEG reached epsilon at step 219, loss sum: 32.2243, final loss: 0.00099182, weight distance: 0.0697
2025-09-15 23:02:01,032 - INFO - Example 95 completed: 219 steps, loss sum: 32.2243, final loss: 0.00099182, weight distance: 0.0697 (universal rank: 38590)
2025-09-15 23:02:01,032 - INFO - 
=== Training Example 96/150: /home/projects/bagon/shared/imagenet512/val/n02098105/ILSVRC2012_val_00041356.JPEG ===
2025-09-15 23:02:04,811 - INFO - Example /home/projects/bagon/shared/imagenet512/val/n02098105/ILSVRC2012_val_00041356.JPEG reached epsilon at step 292, loss sum: 167.9308, final loss: 0.00093460, weight distance: 0.0927
2025-09-15 23:02:05,362 - INFO - Example 96 completed: 292 steps, loss sum: 167.9308, final loss: 0.00093460, weight distance: 0.0927 (universal rank: 38629)
2025-09-15 23:02:05,362 - INFO - 
=== Training Example 97/150: /home/projects/bagon/shared/imagenet512/val/n02807133/ILSVRC2012_val_00042154.JPEG ===
2025-09-15 23:02:08,128 - INFO - Example /home/projects/bagon/shared/imagenet512/val/n02807133/ILSVRC2012_val_00042154.JPEG reached epsilon at step 200, loss sum: 26.9202, final loss: 0.00096893, weight distance: 0.0637
2025-09-15 23:02:08,670 - INFO - Example 97 completed: 200 steps, loss sum: 26.9202, final loss: 0.00096893, weight distance: 0.0637 (universal rank: 38715)
2025-09-15 23:02:08,670 - INFO - 
=== Training Example 98/150: /home/projects/bagon/shared/imagenet512/val/n02236044/ILSVRC2012_val_00012268.JPEG ===
2025-09-15 23:02:11,814 - INFO - Example /home/projects/bagon/shared/imagenet512/val/n02236044/ILSVRC2012_val_00012268.JPEG reached epsilon at step 243, loss sum: 180.4330, final loss: 0.00094604, weight distance: 0.0796
2025-09-15 23:02:12,608 - INFO - Example 98 completed: 243 steps, loss sum: 180.4330, final loss: 0.00094604, weight distance: 0.0796 (universal rank: 38970)
2025-09-15 23:02:12,608 - INFO - 
=== Training Example 99/150: /home/projects/bagon/shared/imagenet512/val/n04127249/ILSVRC2012_val_00016436.JPEG ===
2025-09-15 23:02:15,186 - INFO - Example /home/projects/bagon/shared/imagenet512/val/n04127249/ILSVRC2012_val_00016436.JPEG reached epsilon at step 195, loss sum: 339.9204, final loss: 0.00096893, weight distance: 0.0775
2025-09-15 23:02:15,730 - INFO - Example 99 completed: 195 steps, loss sum: 339.9204, final loss: 0.00096893, weight distance: 0.0775 (universal rank: 39132)
2025-09-15 23:02:15,730 - INFO - 
=== Training Example 100/150: /home/projects/bagon/shared/imagenet512/val/n02443484/ILSVRC2012_val_00001509.JPEG ===
2025-09-15 23:02:19,220 - INFO - Example /home/projects/bagon/shared/imagenet512/val/n02443484/ILSVRC2012_val_00001509.JPEG reached epsilon at step 271, loss sum: 49.2904, final loss: 0.00097656, weight distance: 0.0858
2025-09-15 23:02:19,771 - INFO - Example 100 completed: 271 steps, loss sum: 49.2904, final loss: 0.00097656, weight distance: 0.0858 (universal rank: 39479)
2025-09-15 23:02:19,772 - INFO - 
=== Training Example 101/150: /home/projects/bagon/shared/imagenet512/val/n03761084/ILSVRC2012_val_00004485.JPEG ===
2025-09-15 23:02:22,472 - INFO - Example /home/projects/bagon/shared/imagenet512/val/n03761084/ILSVRC2012_val_00004485.JPEG reached epsilon at step 206, loss sum: 194.0477, final loss: 0.00098419, weight distance: 0.0762
2025-09-15 23:02:23,219 - INFO - Example 101 completed: 206 steps, loss sum: 194.0477, final loss: 0.00098419, weight distance: 0.0762 (universal rank: 39556)
2025-09-15 23:02:23,219 - INFO - 
=== Training Example 102/150: /home/projects/bagon/shared/imagenet512/val/n01664065/ILSVRC2012_val_00031829.JPEG ===
2025-09-15 23:02:26,958 - INFO - Example /home/projects/bagon/shared/imagenet512/val/n01664065/ILSVRC2012_val_00031829.JPEG reached epsilon at step 230, loss sum: 37.8818, final loss: 0.00099945, weight distance: 0.0691
2025-09-15 23:02:31,401 - INFO - Example 102 completed: 230 steps, loss sum: 37.8818, final loss: 0.00099945, weight distance: 0.0691 (universal rank: 39569)
2025-09-15 23:02:31,401 - INFO - 
=== Training Example 103/150: /home/projects/bagon/shared/imagenet512/val/n04286575/ILSVRC2012_val_00024790.JPEG ===
2025-09-15 23:02:34,217 - INFO - Example /home/projects/bagon/shared/imagenet512/val/n04286575/ILSVRC2012_val_00024790.JPEG reached epsilon at step 214, loss sum: 47.0751, final loss: 0.00096130, weight distance: 0.0665
2025-09-15 23:02:34,772 - INFO - Example 103 completed: 214 steps, loss sum: 47.0751, final loss: 0.00096130, weight distance: 0.0665 (universal rank: 39676)
2025-09-15 23:02:34,772 - INFO - 
=== Training Example 104/150: /home/projects/bagon/shared/imagenet512/val/n03804744/ILSVRC2012_val_00032763.JPEG ===
2025-09-15 23:02:39,659 - INFO - Example /home/projects/bagon/shared/imagenet512/val/n03804744/ILSVRC2012_val_00032763.JPEG reached epsilon at step 389, loss sum: 531.1321, final loss: 0.00093079, weight distance: 0.1323
2025-09-15 23:02:40,212 - INFO - Example 104 completed: 389 steps, loss sum: 531.1321, final loss: 0.00093079, weight distance: 0.1323 (universal rank: 39719)
2025-09-15 23:02:40,212 - INFO - 
=== Training Example 105/150: /home/projects/bagon/shared/imagenet512/val/n02109525/ILSVRC2012_val_00030327.JPEG ===
2025-09-15 23:02:42,303 - INFO - Example /home/projects/bagon/shared/imagenet512/val/n02109525/ILSVRC2012_val_00030327.JPEG reached epsilon at step 154, loss sum: 146.8325, final loss: 0.00099945, weight distance: 0.0618
2025-09-15 23:02:42,862 - INFO - Example 105 completed: 154 steps, loss sum: 146.8325, final loss: 0.00099945, weight distance: 0.0618 (universal rank: 40073)
2025-09-15 23:02:42,862 - INFO - 
=== Training Example 106/150: /home/projects/bagon/shared/imagenet512/val/n02110063/ILSVRC2012_val_00008270.JPEG ===
2025-09-15 23:02:45,476 - INFO - Example /home/projects/bagon/shared/imagenet512/val/n02110063/ILSVRC2012_val_00008270.JPEG reached epsilon at step 198, loss sum: 17.8120, final loss: 0.00097656, weight distance: 0.0595
2025-09-15 23:02:46,025 - INFO - Example 106 completed: 198 steps, loss sum: 17.8120, final loss: 0.00097656, weight distance: 0.0595 (universal rank: 40089)
2025-09-15 23:02:46,025 - INFO - 
=== Training Example 107/150: /home/projects/bagon/shared/imagenet512/val/n09246464/ILSVRC2012_val_00035485.JPEG ===
2025-09-15 23:02:47,518 - INFO - Example /home/projects/bagon/shared/imagenet512/val/n09246464/ILSVRC2012_val_00035485.JPEG reached epsilon at step 103, loss sum: 5.5829, final loss: 0.00097275, weight distance: 0.0354
2025-09-15 23:02:48,294 - INFO - Example 107 completed: 103 steps, loss sum: 5.5829, final loss: 0.00097275, weight distance: 0.0354 (universal rank: 40452)
2025-09-15 23:02:48,294 - INFO - 
=== Training Example 108/150: /home/projects/bagon/shared/imagenet512/val/n03884397/ILSVRC2012_val_00045373.JPEG ===
2025-09-15 23:02:50,889 - INFO - Example /home/projects/bagon/shared/imagenet512/val/n03884397/ILSVRC2012_val_00045373.JPEG reached epsilon at step 197, loss sum: 142.5096, final loss: 0.00099945, weight distance: 0.0707
2025-09-15 23:02:51,666 - INFO - Example 108 completed: 197 steps, loss sum: 142.5096, final loss: 0.00099945, weight distance: 0.0707 (universal rank: 40483)
2025-09-15 23:02:51,666 - INFO - 
=== Training Example 109/150: /home/projects/bagon/shared/imagenet512/val/n07932039/ILSVRC2012_val_00027665.JPEG ===
2025-09-15 23:02:53,794 - INFO - Example /home/projects/bagon/shared/imagenet512/val/n07932039/ILSVRC2012_val_00027665.JPEG reached epsilon at step 157, loss sum: 50.5115, final loss: 0.00096130, weight distance: 0.0570
2025-09-15 23:02:54,349 - INFO - Example 109 completed: 157 steps, loss sum: 50.5115, final loss: 0.00096130, weight distance: 0.0570 (universal rank: 40540)
2025-09-15 23:02:54,349 - INFO - 
=== Training Example 110/150: /home/projects/bagon/shared/imagenet512/val/n04263257/ILSVRC2012_val_00029821.JPEG ===
2025-09-15 23:02:56,838 - INFO - Example /home/projects/bagon/shared/imagenet512/val/n04263257/ILSVRC2012_val_00029821.JPEG reached epsilon at step 188, loss sum: 47.9168, final loss: 0.00089264, weight distance: 0.0605
2025-09-15 23:02:57,392 - INFO - Example 110 completed: 188 steps, loss sum: 47.9168, final loss: 0.00089264, weight distance: 0.0605 (universal rank: 40553)
2025-09-15 23:02:57,393 - INFO - 
=== Training Example 111/150: /home/projects/bagon/shared/imagenet512/val/n03877845/ILSVRC2012_val_00042066.JPEG ===
2025-09-15 23:03:00,541 - INFO - Example /home/projects/bagon/shared/imagenet512/val/n03877845/ILSVRC2012_val_00042066.JPEG reached epsilon at step 244, loss sum: 51.5058, final loss: 0.00098419, weight distance: 0.0778
2025-09-15 23:03:01,294 - INFO - Example 111 completed: 244 steps, loss sum: 51.5058, final loss: 0.00098419, weight distance: 0.0778 (universal rank: 40692)
2025-09-15 23:03:01,294 - INFO - 
=== Training Example 112/150: /home/projects/bagon/shared/imagenet512/val/n04532106/ILSVRC2012_val_00013235.JPEG ===
2025-09-15 23:03:04,509 - INFO - Example /home/projects/bagon/shared/imagenet512/val/n04532106/ILSVRC2012_val_00013235.JPEG reached epsilon at step 205, loss sum: 99.3591, final loss: 0.00093842, weight distance: 0.0704
2025-09-15 23:03:05,545 - INFO - Example 112 completed: 205 steps, loss sum: 99.3591, final loss: 0.00093842, weight distance: 0.0704 (universal rank: 41045)
2025-09-15 23:03:05,545 - INFO - 
=== Training Example 113/150: /home/projects/bagon/shared/imagenet512/val/n02865351/ILSVRC2012_val_00033619.JPEG ===
2025-09-15 23:03:07,262 - INFO - Example /home/projects/bagon/shared/imagenet512/val/n02865351/ILSVRC2012_val_00033619.JPEG reached epsilon at step 116, loss sum: 9.6692, final loss: 0.00099182, weight distance: 0.0406
2025-09-15 23:03:08,044 - INFO - Example 113 completed: 116 steps, loss sum: 9.6692, final loss: 0.00099182, weight distance: 0.0406 (universal rank: 41124)
2025-09-15 23:03:08,044 - INFO - 
=== Training Example 114/150: /home/projects/bagon/shared/imagenet512/val/n03443371/ILSVRC2012_val_00006157.JPEG ===
2025-09-15 23:03:11,121 - INFO - Example /home/projects/bagon/shared/imagenet512/val/n03443371/ILSVRC2012_val_00006157.JPEG reached epsilon at step 232, loss sum: 85.4085, final loss: 0.00098419, weight distance: 0.0775
2025-09-15 23:03:11,669 - INFO - Example 114 completed: 232 steps, loss sum: 85.4085, final loss: 0.00098419, weight distance: 0.0775 (universal rank: 41206)
2025-09-15 23:03:11,670 - INFO - 
=== Training Example 115/150: /home/projects/bagon/shared/imagenet512/val/n15075141/ILSVRC2012_val_00001079.JPEG ===
2025-09-15 23:03:14,244 - INFO - Example /home/projects/bagon/shared/imagenet512/val/n15075141/ILSVRC2012_val_00001079.JPEG reached epsilon at step 195, loss sum: 195.4888, final loss: 0.00094604, weight distance: 0.0746
2025-09-15 23:03:15,002 - INFO - Example 115 completed: 195 steps, loss sum: 195.4888, final loss: 0.00094604, weight distance: 0.0746 (universal rank: 41845)
2025-09-15 23:03:15,003 - INFO - 
=== Training Example 116/150: /home/projects/bagon/shared/imagenet512/val/n03710637/ILSVRC2012_val_00007053.JPEG ===
2025-09-15 23:03:19,132 - INFO - Example /home/projects/bagon/shared/imagenet512/val/n03710637/ILSVRC2012_val_00007053.JPEG reached epsilon at step 268, loss sum: 78.3238, final loss: 0.00099182, weight distance: 0.0855
2025-09-15 23:03:20,019 - INFO - Example 116 completed: 268 steps, loss sum: 78.3238, final loss: 0.00099182, weight distance: 0.0855 (universal rank: 42202)
2025-09-15 23:03:20,019 - INFO - 
=== Training Example 117/150: /home/projects/bagon/shared/imagenet512/val/n01644900/ILSVRC2012_val_00036722.JPEG ===
2025-09-15 23:03:21,869 - INFO - Example /home/projects/bagon/shared/imagenet512/val/n01644900/ILSVRC2012_val_00036722.JPEG reached epsilon at step 132, loss sum: 3.4416, final loss: 0.00097275, weight distance: 0.0390
2025-09-15 23:03:22,697 - INFO - Example 117 completed: 132 steps, loss sum: 3.4416, final loss: 0.00097275, weight distance: 0.0390 (universal rank: 42212)
2025-09-15 23:03:22,697 - INFO - 
=== Training Example 118/150: /home/projects/bagon/shared/imagenet512/val/n02123045/ILSVRC2012_val_00036661.JPEG ===
2025-09-15 23:03:26,825 - INFO - Example /home/projects/bagon/shared/imagenet512/val/n02123045/ILSVRC2012_val_00036661.JPEG reached epsilon at step 326, loss sum: 139.4040, final loss: 0.00094604, weight distance: 0.0976
2025-09-15 23:03:27,371 - INFO - Example 118 completed: 326 steps, loss sum: 139.4040, final loss: 0.00094604, weight distance: 0.0976 (universal rank: 42293)
2025-09-15 23:03:27,372 - INFO - 
=== Training Example 119/150: /home/projects/bagon/shared/imagenet512/val/n04041544/ILSVRC2012_val_00022244.JPEG ===
2025-09-15 23:03:31,070 - INFO - Example /home/projects/bagon/shared/imagenet512/val/n04041544/ILSVRC2012_val_00022244.JPEG reached epsilon at step 284, loss sum: 121.7735, final loss: 0.00091553, weight distance: 0.0914
2025-09-15 23:03:31,926 - INFO - Example 119 completed: 284 steps, loss sum: 121.7735, final loss: 0.00091553, weight distance: 0.0914 (universal rank: 42405)
2025-09-15 23:03:31,926 - INFO - 
=== Training Example 120/150: /home/projects/bagon/shared/imagenet512/val/n03976657/ILSVRC2012_val_00015391.JPEG ===
2025-09-15 23:03:34,914 - INFO - Example /home/projects/bagon/shared/imagenet512/val/n03976657/ILSVRC2012_val_00015391.JPEG reached epsilon at step 229, loss sum: 140.5394, final loss: 0.00091934, weight distance: 0.0800
2025-09-15 23:03:35,456 - INFO - Example 120 completed: 229 steps, loss sum: 140.5394, final loss: 0.00091934, weight distance: 0.0800 (universal rank: 42655)
2025-09-15 23:03:35,456 - INFO - 
=== Training Example 121/150: /home/projects/bagon/shared/imagenet512/val/n07753592/ILSVRC2012_val_00029200.JPEG ===
2025-09-15 23:03:37,506 - INFO - Example /home/projects/bagon/shared/imagenet512/val/n07753592/ILSVRC2012_val_00029200.JPEG reached epsilon at step 149, loss sum: 50.4761, final loss: 0.00098419, weight distance: 0.0557
2025-09-15 23:03:38,812 - INFO - Example 121 completed: 149 steps, loss sum: 50.4761, final loss: 0.00098419, weight distance: 0.0557 (universal rank: 42780)
2025-09-15 23:03:38,812 - INFO - 
=== Training Example 122/150: /home/projects/bagon/shared/imagenet512/val/n04392985/ILSVRC2012_val_00034873.JPEG ===
2025-09-15 23:03:42,545 - INFO - Example /home/projects/bagon/shared/imagenet512/val/n04392985/ILSVRC2012_val_00034873.JPEG reached epsilon at step 267, loss sum: 43.6358, final loss: 0.00085068, weight distance: 0.0799
2025-09-15 23:03:43,137 - INFO - Example 122 completed: 267 steps, loss sum: 43.6358, final loss: 0.00085068, weight distance: 0.0799 (universal rank: 42789)
2025-09-15 23:03:43,137 - INFO - 
=== Training Example 123/150: /home/projects/bagon/shared/imagenet512/val/n04356056/ILSVRC2012_val_00030640.JPEG ===
2025-09-15 23:03:47,592 - INFO - Example /home/projects/bagon/shared/imagenet512/val/n04356056/ILSVRC2012_val_00030640.JPEG reached epsilon at step 352, loss sum: 291.6989, final loss: 0.00099182, weight distance: 0.1072
2025-09-15 23:03:48,148 - INFO - Example 123 completed: 352 steps, loss sum: 291.6989, final loss: 0.00099182, weight distance: 0.1072 (universal rank: 42842)
2025-09-15 23:03:48,149 - INFO - 
=== Training Example 124/150: /home/projects/bagon/shared/imagenet512/val/n02814860/ILSVRC2012_val_00007357.JPEG ===
2025-09-15 23:03:50,025 - INFO - Example /home/projects/bagon/shared/imagenet512/val/n02814860/ILSVRC2012_val_00007357.JPEG reached epsilon at step 91, loss sum: 0.6008, final loss: 0.00091553, weight distance: 0.0231
2025-09-15 23:03:56,271 - INFO - Example 124 completed: 91 steps, loss sum: 0.6008, final loss: 0.00091553, weight distance: 0.0231 (universal rank: 42902)
2025-09-15 23:03:56,271 - INFO - 
=== Training Example 125/150: /home/projects/bagon/shared/imagenet512/val/n02099267/ILSVRC2012_val_00020892.JPEG ===
2025-09-15 23:03:58,836 - INFO - Example /home/projects/bagon/shared/imagenet512/val/n02099267/ILSVRC2012_val_00020892.JPEG reached epsilon at step 180, loss sum: 44.2796, final loss: 0.00099945, weight distance: 0.0560
2025-09-15 23:03:59,391 - INFO - Example 125 completed: 180 steps, loss sum: 44.2796, final loss: 0.00099945, weight distance: 0.0560 (universal rank: 42936)
2025-09-15 23:03:59,392 - INFO - 
=== Training Example 126/150: /home/projects/bagon/shared/imagenet512/val/n01664065/ILSVRC2012_val_00048257.JPEG ===
2025-09-15 23:04:02,901 - INFO - Example /home/projects/bagon/shared/imagenet512/val/n01664065/ILSVRC2012_val_00048257.JPEG reached epsilon at step 273, loss sum: 343.5493, final loss: 0.00095367, weight distance: 0.0931
2025-09-15 23:04:03,439 - INFO - Example 126 completed: 273 steps, loss sum: 343.5493, final loss: 0.00095367, weight distance: 0.0931 (universal rank: 43000)
2025-09-15 23:04:03,439 - INFO - 
=== Training Example 127/150: /home/projects/bagon/shared/imagenet512/val/n02808440/ILSVRC2012_val_00015979.JPEG ===
2025-09-15 23:04:08,117 - INFO - Example /home/projects/bagon/shared/imagenet512/val/n02808440/ILSVRC2012_val_00015979.JPEG reached epsilon at step 373, loss sum: 61.2809, final loss: 0.00090408, weight distance: 0.0983
2025-09-15 23:04:08,659 - INFO - Example 127 completed: 373 steps, loss sum: 61.2809, final loss: 0.00090408, weight distance: 0.0983 (universal rank: 43025)
2025-09-15 23:04:08,659 - INFO - 
=== Training Example 128/150: /home/projects/bagon/shared/imagenet512/val/n03759954/ILSVRC2012_val_00025450.JPEG ===
2025-09-15 23:04:12,836 - INFO - Example /home/projects/bagon/shared/imagenet512/val/n03759954/ILSVRC2012_val_00025450.JPEG reached epsilon at step 330, loss sum: 492.9624, final loss: 0.00096893, weight distance: 0.1118
2025-09-15 23:04:13,488 - INFO - Example 128 completed: 330 steps, loss sum: 492.9624, final loss: 0.00096893, weight distance: 0.1118 (universal rank: 43537)
2025-09-15 23:04:13,488 - INFO - 
=== Training Example 129/150: /home/projects/bagon/shared/imagenet512/val/n01667114/ILSVRC2012_val_00039536.JPEG ===
2025-09-15 23:04:16,539 - INFO - Example /home/projects/bagon/shared/imagenet512/val/n01667114/ILSVRC2012_val_00039536.JPEG reached epsilon at step 231, loss sum: 27.9018, final loss: 0.00088882, weight distance: 0.0676
2025-09-15 23:04:17,086 - INFO - Example 129 completed: 231 steps, loss sum: 27.9018, final loss: 0.00088882, weight distance: 0.0676 (universal rank: 43802)
2025-09-15 23:04:17,086 - INFO - 
=== Training Example 130/150: /home/projects/bagon/shared/imagenet512/val/n02825657/ILSVRC2012_val_00036774.JPEG ===
2025-09-15 23:04:19,992 - INFO - Example /home/projects/bagon/shared/imagenet512/val/n02825657/ILSVRC2012_val_00036774.JPEG reached epsilon at step 222, loss sum: 133.8409, final loss: 0.00093079, weight distance: 0.0772
2025-09-15 23:04:21,237 - INFO - Example 130 completed: 222 steps, loss sum: 133.8409, final loss: 0.00093079, weight distance: 0.0772 (universal rank: 44041)
2025-09-15 23:04:21,237 - INFO - 
=== Training Example 131/150: /home/projects/bagon/shared/imagenet512/val/n04152593/ILSVRC2012_val_00013766.JPEG ===
2025-09-15 23:04:25,963 - INFO - Example /home/projects/bagon/shared/imagenet512/val/n04152593/ILSVRC2012_val_00013766.JPEG reached epsilon at step 313, loss sum: 201.0307, final loss: 0.00090790, weight distance: 0.0994
2025-09-15 23:04:28,634 - INFO - Example 131 completed: 313 steps, loss sum: 201.0307, final loss: 0.00090790, weight distance: 0.0994 (universal rank: 44182)
2025-09-15 23:04:28,634 - INFO - 
=== Training Example 132/150: /home/projects/bagon/shared/imagenet512/val/n03476991/ILSVRC2012_val_00047463.JPEG ===
2025-09-15 23:04:32,278 - INFO - Example /home/projects/bagon/shared/imagenet512/val/n03476991/ILSVRC2012_val_00047463.JPEG reached epsilon at step 283, loss sum: 94.4323, final loss: 0.00097656, weight distance: 0.0922
2025-09-15 23:04:32,841 - INFO - Example 132 completed: 283 steps, loss sum: 94.4323, final loss: 0.00097656, weight distance: 0.0922 (universal rank: 44241)
2025-09-15 23:04:32,841 - INFO - 
=== Training Example 133/150: /home/projects/bagon/shared/imagenet512/val/n03871628/ILSVRC2012_val_00008709.JPEG ===
2025-09-15 23:04:35,488 - INFO - Example /home/projects/bagon/shared/imagenet512/val/n03871628/ILSVRC2012_val_00008709.JPEG reached epsilon at step 200, loss sum: 69.4977, final loss: 0.00099182, weight distance: 0.0697
2025-09-15 23:04:36,034 - INFO - Example 133 completed: 200 steps, loss sum: 69.4977, final loss: 0.00099182, weight distance: 0.0697 (universal rank: 44309)
2025-09-15 23:04:36,034 - INFO - 
=== Training Example 134/150: /home/projects/bagon/shared/imagenet512/val/n02981792/ILSVRC2012_val_00043754.JPEG ===
2025-09-15 23:04:38,424 - INFO - Example /home/projects/bagon/shared/imagenet512/val/n02981792/ILSVRC2012_val_00043754.JPEG reached epsilon at step 178, loss sum: 16.9713, final loss: 0.00094223, weight distance: 0.0556
2025-09-15 23:04:38,980 - INFO - Example 134 completed: 178 steps, loss sum: 16.9713, final loss: 0.00094223, weight distance: 0.0556 (universal rank: 44321)
2025-09-15 23:04:38,980 - INFO - 
=== Training Example 135/150: /home/projects/bagon/shared/imagenet512/val/n04254777/ILSVRC2012_val_00028826.JPEG ===
2025-09-15 23:04:43,224 - INFO - Example /home/projects/bagon/shared/imagenet512/val/n04254777/ILSVRC2012_val_00028826.JPEG reached epsilon at step 331, loss sum: 763.3736, final loss: 0.00099945, weight distance: 0.1217
2025-09-15 23:04:44,030 - INFO - Example 135 completed: 331 steps, loss sum: 763.3736, final loss: 0.00099945, weight distance: 0.1217 (universal rank: 44903)
2025-09-15 23:04:44,030 - INFO - 
=== Training Example 136/150: /home/projects/bagon/shared/imagenet512/val/n04357314/ILSVRC2012_val_00043950.JPEG ===
2025-09-15 23:04:47,436 - INFO - Example /home/projects/bagon/shared/imagenet512/val/n04357314/ILSVRC2012_val_00043950.JPEG reached epsilon at step 265, loss sum: 248.8786, final loss: 0.00096512, weight distance: 0.0956
2025-09-15 23:04:47,985 - INFO - Example 136 completed: 265 steps, loss sum: 248.8786, final loss: 0.00096512, weight distance: 0.0956 (universal rank: 44997)
2025-09-15 23:04:47,985 - INFO - 
=== Training Example 137/150: /home/projects/bagon/shared/imagenet512/val/n02939185/ILSVRC2012_val_00031452.JPEG ===
2025-09-15 23:04:50,391 - INFO - Example /home/projects/bagon/shared/imagenet512/val/n02939185/ILSVRC2012_val_00031452.JPEG reached epsilon at step 180, loss sum: 94.7433, final loss: 0.00099182, weight distance: 0.0662
2025-09-15 23:04:51,132 - INFO - Example 137 completed: 180 steps, loss sum: 94.7433, final loss: 0.00099182, weight distance: 0.0662 (universal rank: 45052)
2025-09-15 23:04:51,132 - INFO - 
=== Training Example 138/150: /home/projects/bagon/shared/imagenet512/val/n02808440/ILSVRC2012_val_00030761.JPEG ===
2025-09-15 23:04:55,745 - INFO - Example /home/projects/bagon/shared/imagenet512/val/n02808440/ILSVRC2012_val_00030761.JPEG reached epsilon at step 348, loss sum: 347.4551, final loss: 0.00091171, weight distance: 0.1094
2025-09-15 23:04:56,297 - INFO - Example 138 completed: 348 steps, loss sum: 347.4551, final loss: 0.00091171, weight distance: 0.1094 (universal rank: 46032)
2025-09-15 23:04:56,297 - INFO - 
=== Training Example 139/150: /home/projects/bagon/shared/imagenet512/val/n04560804/ILSVRC2012_val_00020102.JPEG ===
2025-09-15 23:04:59,462 - INFO - Example /home/projects/bagon/shared/imagenet512/val/n04560804/ILSVRC2012_val_00020102.JPEG reached epsilon at step 244, loss sum: 55.9887, final loss: 0.00099945, weight distance: 0.0780
2025-09-15 23:05:06,356 - INFO - Example 139 completed: 244 steps, loss sum: 55.9887, final loss: 0.00099945, weight distance: 0.0780 (universal rank: 46172)
2025-09-15 23:05:06,356 - INFO - 
=== Training Example 140/150: /home/projects/bagon/shared/imagenet512/val/n03532672/ILSVRC2012_val_00049554.JPEG ===
2025-09-15 23:05:10,987 - INFO - Example /home/projects/bagon/shared/imagenet512/val/n03532672/ILSVRC2012_val_00049554.JPEG reached epsilon at step 303, loss sum: 284.1232, final loss: 0.00092697, weight distance: 0.1042
2025-09-15 23:05:16,013 - INFO - Example 140 completed: 303 steps, loss sum: 284.1232, final loss: 0.00092697, weight distance: 0.1042 (universal rank: 46294)
2025-09-15 23:05:16,013 - INFO - 
=== Training Example 141/150: /home/projects/bagon/shared/imagenet512/val/n04263257/ILSVRC2012_val_00040646.JPEG ===
2025-09-15 23:05:19,773 - INFO - Example /home/projects/bagon/shared/imagenet512/val/n04263257/ILSVRC2012_val_00040646.JPEG reached epsilon at step 286, loss sum: 165.2625, final loss: 0.00098419, weight distance: 0.0948
2025-09-15 23:05:20,740 - INFO - Example 141 completed: 286 steps, loss sum: 165.2625, final loss: 0.00098419, weight distance: 0.0948 (universal rank: 46457)
2025-09-15 23:05:20,741 - INFO - 
=== Training Example 142/150: /home/projects/bagon/shared/imagenet512/val/n02268443/ILSVRC2012_val_00024612.JPEG ===
2025-09-15 23:05:23,298 - INFO - Example /home/projects/bagon/shared/imagenet512/val/n02268443/ILSVRC2012_val_00024612.JPEG reached epsilon at step 181, loss sum: 38.7086, final loss: 0.00094223, weight distance: 0.0630
2025-09-15 23:05:23,854 - INFO - Example 142 completed: 181 steps, loss sum: 38.7086, final loss: 0.00094223, weight distance: 0.0630 (universal rank: 46912)
2025-09-15 23:05:23,854 - INFO - 
=== Training Example 143/150: /home/projects/bagon/shared/imagenet512/val/n04550184/ILSVRC2012_val_00041236.JPEG ===
2025-09-15 23:05:27,415 - INFO - Example /home/projects/bagon/shared/imagenet512/val/n04550184/ILSVRC2012_val_00041236.JPEG reached epsilon at step 238, loss sum: 533.2789, final loss: 0.00098419, weight distance: 0.0867
2025-09-15 23:05:28,210 - INFO - Example 143 completed: 238 steps, loss sum: 533.2789, final loss: 0.00098419, weight distance: 0.0867 (universal rank: 46955)
2025-09-15 23:05:28,210 - INFO - 
=== Training Example 144/150: /home/projects/bagon/shared/imagenet512/val/n03637318/ILSVRC2012_val_00017175.JPEG ===
2025-09-15 23:05:31,637 - INFO - Example /home/projects/bagon/shared/imagenet512/val/n03637318/ILSVRC2012_val_00017175.JPEG reached epsilon at step 267, loss sum: 187.9784, final loss: 0.00094986, weight distance: 0.0857
2025-09-15 23:05:32,631 - INFO - Example 144 completed: 267 steps, loss sum: 187.9784, final loss: 0.00094986, weight distance: 0.0857 (universal rank: 47243)
2025-09-15 23:05:32,631 - INFO - 
=== Training Example 145/150: /home/projects/bagon/shared/imagenet512/val/n02107908/ILSVRC2012_val_00036497.JPEG ===
2025-09-15 23:05:36,641 - INFO - Example /home/projects/bagon/shared/imagenet512/val/n02107908/ILSVRC2012_val_00036497.JPEG reached epsilon at step 258, loss sum: 48.9532, final loss: 0.00099945, weight distance: 0.0840
2025-09-15 23:05:38,035 - INFO - Example 145 completed: 258 steps, loss sum: 48.9532, final loss: 0.00099945, weight distance: 0.0840 (universal rank: 47738)
2025-09-15 23:05:38,036 - INFO - 
=== Training Example 146/150: /home/projects/bagon/shared/imagenet512/val/n02123159/ILSVRC2012_val_00025396.JPEG ===
2025-09-15 23:05:42,024 - INFO - Example /home/projects/bagon/shared/imagenet512/val/n02123159/ILSVRC2012_val_00025396.JPEG reached epsilon at step 252, loss sum: 41.3010, final loss: 0.00097656, weight distance: 0.0793
2025-09-15 23:05:43,730 - INFO - Example 146 completed: 252 steps, loss sum: 41.3010, final loss: 0.00097656, weight distance: 0.0793 (universal rank: 47808)
2025-09-15 23:05:43,730 - INFO - 
=== Training Example 147/150: /home/projects/bagon/shared/imagenet512/val/n02085620/ILSVRC2012_val_00011639.JPEG ===
2025-09-15 23:05:47,569 - INFO - Example /home/projects/bagon/shared/imagenet512/val/n02085620/ILSVRC2012_val_00011639.JPEG reached epsilon at step 300, loss sum: 641.9009, final loss: 0.00094223, weight distance: 0.1039
2025-09-15 23:05:48,123 - INFO - Example 147 completed: 300 steps, loss sum: 641.9009, final loss: 0.00094223, weight distance: 0.1039 (universal rank: 47926)
2025-09-15 23:05:48,123 - INFO - 
=== Training Example 148/150: /home/projects/bagon/shared/imagenet512/val/n02091831/ILSVRC2012_val_00012482.JPEG ===
2025-09-15 23:05:49,920 - INFO - Example /home/projects/bagon/shared/imagenet512/val/n02091831/ILSVRC2012_val_00012482.JPEG reached epsilon at step 127, loss sum: 81.8865, final loss: 0.00099182, weight distance: 0.0512
2025-09-15 23:05:50,467 - INFO - Example 148 completed: 127 steps, loss sum: 81.8865, final loss: 0.00099182, weight distance: 0.0512 (universal rank: 47958)
2025-09-15 23:05:50,467 - INFO - 
=== Training Example 149/150: /home/projects/bagon/shared/imagenet512/val/n02104029/ILSVRC2012_val_00024981.JPEG ===
2025-09-15 23:05:54,089 - INFO - Example /home/projects/bagon/shared/imagenet512/val/n02104029/ILSVRC2012_val_00024981.JPEG reached epsilon at step 282, loss sum: 225.7754, final loss: 0.00094604, weight distance: 0.0935
2025-09-15 23:05:54,648 - INFO - Example 149 completed: 282 steps, loss sum: 225.7754, final loss: 0.00094604, weight distance: 0.0935 (universal rank: 47988)
2025-09-15 23:05:54,648 - INFO - 
=== Training Example 150/150: /home/projects/bagon/shared/imagenet512/val/n02133161/ILSVRC2012_val_00045189.JPEG ===
2025-09-15 23:05:56,810 - INFO - Example /home/projects/bagon/shared/imagenet512/val/n02133161/ILSVRC2012_val_00045189.JPEG reached epsilon at step 159, loss sum: 27.8812, final loss: 0.00092697, weight distance: 0.0522
2025-09-15 23:05:57,373 - INFO - Example 150 completed: 159 steps, loss sum: 27.8812, final loss: 0.00092697, weight distance: 0.0522 (universal rank: 48082)
2025-09-15 23:05:57,373 - INFO - Creating final plots...
2025-09-15 23:05:58,716 - INFO - Training complete. Summary saved to /home/projects/bagon/andreyg/Projects/BMM_school/Universal_learning/Programming/training_gradient_evaluator_single_loss/outputs_lr_0.0005_150_examples/vgg13.tv_in1k/training_summary.json
2025-09-15 23:05:58,716 - INFO - Results CSV: /home/projects/bagon/andreyg/Projects/BMM_school/Universal_learning/Programming/training_gradient_evaluator_single_loss/outputs_lr_0.0005_150_examples/vgg13.tv_in1k/single_example_results.csv
