2025-09-22 07:34:29,410 - INFO - Parsed arguments:
2025-09-22 07:34:29,411 - INFO -   amp_dtype = None
2025-09-22 07:34:29,411 - INFO -   bars_npy = bars/geq6wrong_21017_geq6correct_1525_imagenet.npy
2025-09-22 07:34:29,411 - INFO -   cka_layer_fraction = 0.0
2025-09-22 07:34:29,411 - INFO -   deterministic = True
2025-09-22 07:34:29,411 - INFO -   device = cuda
2025-09-22 07:34:29,411 - INFO -   epsilon = 0.001
2025-09-22 07:34:29,411 - INFO -   examples_csv = bars/geq6wrong_21017_geq6correct_1525_imagenet_examples_ammended.csv
2025-09-22 07:34:29,411 - INFO -   explicit_examples_for_training = None
2025-09-22 07:34:29,411 - INFO -   grad_clip_norm = 1.0
2025-09-22 07:34:29,411 - INFO -   hierarchy_json = bars/imagenet_synset_hierarchy.json
2025-09-22 07:34:29,411 - INFO -   imagenet_models_csv = bars/imagenet_models.csv
2025-09-22 07:34:29,411 - INFO -   lr = 0.0001
2025-09-22 07:34:29,411 - INFO -   max_examples = 1
2025-09-22 07:34:29,411 - INFO -   max_steps_per_example = 10000
2025-09-22 07:34:29,411 - INFO -   model_csv_name = efficientvit_medium_1_224_classification_imagenet_1k
2025-09-22 07:34:29,411 - INFO -   model_name = efficientvit_m1.r224_in1k
2025-09-22 07:34:29,411 - INFO -   no_amp = False
2025-09-22 07:34:29,411 - INFO -   output_dir = training_gradient_evaluator_single_loss/outputs_assess_training_time
2025-09-22 07:34:29,411 - INFO -   root_dir = None
2025-09-22 07:34:29,411 - INFO -   seed = 1337
2025-09-22 07:34:29,411 - INFO -   weight_decay = 0
2025-09-22 07:34:29,411 - INFO -   zero_aug_train = True
2025-09-22 07:34:29,420 - INFO - Loaded 50000 examples in difficulty order
2025-09-22 07:34:30,131 - INFO - Loaded TIMM pretrained weights for efficientvit_m1.r224_in1k
2025-09-22 07:34:30,131 - INFO - pretrained_cfg.url= hf_hub_id=timm/efficientvit_m1.r224_in1k
2025-09-22 07:34:30,498 - INFO - Stored original model weights for reset
2025-09-22 07:34:30,505 - INFO - Training configuration:
2025-09-22 07:34:30,505 - INFO -   lr = 0.0001
2025-09-22 07:34:30,505 - INFO -   weight_decay = 0
2025-09-22 07:34:30,505 - INFO -   max_steps = 10000
2025-09-22 07:34:30,505 - INFO -   epsilon = 0.001
2025-09-22 07:34:30,505 - INFO -   device = cuda
2025-09-22 07:34:30,505 - INFO -   use_amp = True
2025-09-22 07:34:30,505 - INFO -   amp_dtype = bfloat16
2025-09-22 07:34:30,505 - INFO -   gradient_clip_norm = 1.0
2025-09-22 07:34:30,594 - INFO - Resolved model_csv_name='efficientvit_medium_1_224_classification_imagenet_1k' to mask_row_index=1004
2025-09-22 07:34:32,164 - INFO - Selected 1 wrong examples for training (sorted by difficulty)
2025-09-22 07:34:32,167 - INFO - Training examples (rank indices, 0-based): 21055
2025-09-22 07:34:32,178 - INFO - CKA disabled: cka_layer_fraction == 0. Skipping all CKA computations.
2025-09-22 07:34:32,179 - INFO - 
=== Training Example 1/1: /home/projects/bagon/shared/imagenet512/val/n01824575/ILSVRC2012_val_00003450.JPEG ===
2025-09-22 07:38:31,180 - INFO - Example /home/projects/bagon/shared/imagenet512/val/n01824575/ILSVRC2012_val_00003450.JPEG reached epsilon at step 2749, loss sum: 107.1113, final loss: 0.00097656, weight distance: 0.0678
2025-09-22 07:38:31,186 - INFO - Example 1 completed: 2749 steps, loss sum: 107.1113, final loss: 0.00097656, weight distance: 0.0678 (universal rank: 21056)
2025-09-22 07:38:31,186 - INFO - Creating final plots...
2025-09-22 07:38:31,191 - INFO - Training complete. Summary saved to training_gradient_evaluator_single_loss/outputs_assess_training_time/efficientvit_m1.r224_in1k/training_summary.json
2025-09-22 07:38:31,192 - INFO - Results CSV: training_gradient_evaluator_single_loss/outputs_assess_training_time/efficientvit_m1.r224_in1k/single_example_results.csv
