2025-09-15 13:07:38,503 - INFO - Parsed arguments:
2025-09-15 13:07:38,504 - INFO -   amp_dtype = None
2025-09-15 13:07:38,504 - INFO -   bars_npy = /home/projects/bagon/andreyg/Projects/BMM_school/Universal_learning/Programming/bars/geq6wrong_21017_geq6correct_1525_imagenet.npy
2025-09-15 13:07:38,504 - INFO -   deterministic = True
2025-09-15 13:07:38,504 - INFO -   device = cuda
2025-09-15 13:07:38,504 - INFO -   epsilon = 0.001
2025-09-15 13:07:38,504 - INFO -   examples_csv = /home/projects/bagon/andreyg/Projects/BMM_school/Universal_learning/Programming/bars/geq6wrong_21017_geq6correct_1525_imagenet_examples_ammended.csv
2025-09-15 13:07:38,504 - INFO -   grad_clip_norm = 1.0
2025-09-15 13:07:38,505 - INFO -   hierarchy_json = /home/projects/bagon/andreyg/Projects/BMM_school/Universal_learning/Programming/bars/imagenet_synset_hierarchy.json
2025-09-15 13:07:38,505 - INFO -   imagenet_models_csv = /home/projects/bagon/andreyg/Projects/BMM_school/Universal_learning/Programming/bars/imagenet_models.csv
2025-09-15 13:07:38,505 - INFO -   lr = 0.0001
2025-09-15 13:07:38,505 - INFO -   max_examples = 60
2025-09-15 13:07:38,505 - INFO -   max_steps_per_example = 10000
2025-09-15 13:07:38,505 - INFO -   model_csv_name = vgg_13_224_tv_imagenet_1k
2025-09-15 13:07:38,505 - INFO -   model_name = vgg13.tv_in1k
2025-09-15 13:07:38,505 - INFO -   no_amp = False
2025-09-15 13:07:38,505 - INFO -   output_dir = /home/projects/bagon/andreyg/Projects/BMM_school/Universal_learning/Programming/training_gradient_evaluator_single_loss/outputs
2025-09-15 13:07:38,506 - INFO -   root_dir = None
2025-09-15 13:07:38,506 - INFO -   seed = 1337
2025-09-15 13:07:38,506 - INFO -   weight_decay = 0.0
2025-09-15 13:07:38,506 - INFO -   zero_aug_train = False
2025-09-15 13:07:38,533 - INFO - Loaded 50000 examples in difficulty order
2025-09-15 13:07:44,179 - INFO - Loaded TIMM pretrained weights for vgg13.tv_in1k
2025-09-15 13:07:44,180 - INFO - pretrained_cfg.url= hf_hub_id=timm/vgg13.tv_in1k
2025-09-15 13:07:44,627 - INFO - Stored original model weights for reset
2025-09-15 13:07:44,660 - INFO - Training configuration:
2025-09-15 13:07:44,660 - INFO -   lr = 0.0001
2025-09-15 13:07:44,660 - INFO -   weight_decay = 0.0
2025-09-15 13:07:44,661 - INFO -   max_steps = 10000
2025-09-15 13:07:44,661 - INFO -   epsilon = 0.001
2025-09-15 13:07:44,661 - INFO -   device = cuda
2025-09-15 13:07:44,661 - INFO -   use_amp = True
2025-09-15 13:07:44,661 - INFO -   amp_dtype = bfloat16
2025-09-15 13:07:44,661 - INFO -   gradient_clip_norm = 1.0
2025-09-15 13:07:44,685 - INFO - Resolved model_csv_name='vgg_13_224_tv_imagenet_1k' to mask_row_index=997
