2025-09-15 13:20:04,123 - INFO - Parsed arguments:
2025-09-15 13:20:04,123 - INFO -   amp_dtype = None
2025-09-15 13:20:04,123 - INFO -   bars_npy = /home/projects/bagon/andreyg/Projects/BMM_school/Universal_learning/Programming/bars/geq6wrong_21017_geq6correct_1525_imagenet.npy
2025-09-15 13:20:04,123 - INFO -   deterministic = True
2025-09-15 13:20:04,123 - INFO -   device = cuda
2025-09-15 13:20:04,123 - INFO -   epsilon = 0.001
2025-09-15 13:20:04,123 - INFO -   examples_csv = /home/projects/bagon/andreyg/Projects/BMM_school/Universal_learning/Programming/bars/geq6wrong_21017_geq6correct_1525_imagenet_examples_ammended.csv
2025-09-15 13:20:04,123 - INFO -   grad_clip_norm = 1.0
2025-09-15 13:20:04,123 - INFO -   hierarchy_json = /home/projects/bagon/andreyg/Projects/BMM_school/Universal_learning/Programming/bars/imagenet_synset_hierarchy.json
2025-09-15 13:20:04,123 - INFO -   imagenet_models_csv = /home/projects/bagon/andreyg/Projects/BMM_school/Universal_learning/Programming/bars/imagenet_models.csv
2025-09-15 13:20:04,123 - INFO -   lr = 0.0001
2025-09-15 13:20:04,123 - INFO -   max_examples = 60
2025-09-15 13:20:04,123 - INFO -   max_steps_per_example = 10000
2025-09-15 13:20:04,123 - INFO -   model_csv_name = vgg_13_224_tv_imagenet_1k
2025-09-15 13:20:04,123 - INFO -   model_name = vgg13.tv_in1k
2025-09-15 13:20:04,123 - INFO -   no_amp = False
2025-09-15 13:20:04,123 - INFO -   output_dir = /home/projects/bagon/andreyg/Projects/BMM_school/Universal_learning/Programming/training_gradient_evaluator_single_loss/outputs
2025-09-15 13:20:04,123 - INFO -   root_dir = None
2025-09-15 13:20:04,123 - INFO -   seed = 1337
2025-09-15 13:20:04,123 - INFO -   weight_decay = 0.0
2025-09-15 13:20:04,123 - INFO -   zero_aug_train = False
2025-09-15 13:20:04,140 - INFO - Loaded 50000 examples in difficulty order
2025-09-15 13:20:06,627 - INFO - Loaded TIMM pretrained weights for vgg13.tv_in1k
2025-09-15 13:20:06,627 - INFO - pretrained_cfg.url= hf_hub_id=timm/vgg13.tv_in1k
2025-09-15 13:20:07,093 - INFO - Stored original model weights for reset
2025-09-15 13:20:07,110 - INFO - Training configuration:
2025-09-15 13:20:07,110 - INFO -   lr = 0.0001
2025-09-15 13:20:07,110 - INFO -   weight_decay = 0.0
2025-09-15 13:20:07,110 - INFO -   max_steps = 10000
2025-09-15 13:20:07,110 - INFO -   epsilon = 0.001
2025-09-15 13:20:07,110 - INFO -   device = cuda
2025-09-15 13:20:07,110 - INFO -   use_amp = True
2025-09-15 13:20:07,110 - INFO -   amp_dtype = bfloat16
2025-09-15 13:20:07,110 - INFO -   gradient_clip_norm = 1.0
2025-09-15 13:20:07,143 - INFO - Resolved model_csv_name='vgg_13_224_tv_imagenet_1k' to mask_row_index=997
2025-09-15 13:20:32,570 - INFO - Selected 60 wrong examples for training (sorted by difficulty)
2025-09-15 13:20:32,577 - INFO - Training examples (rank indices, 0-based): 21192, 21886, 22452, 23288, 23951, 24370, 24405, 24662, 24663, 25058, 26023, 26177, 26365, 27173, 27188, 28870, 29596, 29972, 30836, 31275, 31281, 31718, 33121, 33165, 33315, 33524, 33767, 33994, 34083, 34237, 36468, 36857, 38628, 38969, 39568, 39718, 40072, 40088, 40482, 40552, 40691, 41844, 42201, 42292, 42654, 42779, 42841, 42999, 43024, 43536, 44040, 44181, 44308, 44320, 45051, 46031, 46954, 47925, 47987, 48081
2025-09-15 13:20:32,693 - INFO - CKA layer subset: selecting 1/13 layers (~5%)
2025-09-15 13:20:34,353 - INFO - 
=== Training Example 1/60: /home/projects/bagon/shared/imagenet512/val/n01924916/ILSVRC2012_val_00032764.JPEG ===
2025-09-15 13:21:14,732 - INFO - Example /home/projects/bagon/shared/imagenet512/val/n01924916/ILSVRC2012_val_00032764.JPEG reached epsilon at step 898, loss sum: 123.0619, final loss: 0.00091553, weight distance: 0.0579
2025-09-15 13:21:16,016 - INFO - Example 1 completed: 898 steps, loss sum: 123.0619, final loss: 0.00091553, weight distance: 0.0579 (universal rank: 21193)
2025-09-15 13:21:16,016 - INFO - 
=== Training Example 2/60: /home/projects/bagon/shared/imagenet512/val/n03018349/ILSVRC2012_val_00047905.JPEG ===
2025-09-15 13:21:53,989 - INFO - Example /home/projects/bagon/shared/imagenet512/val/n03018349/ILSVRC2012_val_00047905.JPEG reached epsilon at step 846, loss sum: 247.0319, final loss: 0.00096130, weight distance: 0.0607
2025-09-15 13:21:54,776 - INFO - Example 2 completed: 846 steps, loss sum: 247.0319, final loss: 0.00096130, weight distance: 0.0607 (universal rank: 21887)
2025-09-15 13:21:54,776 - INFO - 
=== Training Example 3/60: /home/projects/bagon/shared/imagenet512/val/n01775062/ILSVRC2012_val_00029156.JPEG ===
2025-09-15 13:22:32,090 - INFO - Example /home/projects/bagon/shared/imagenet512/val/n01775062/ILSVRC2012_val_00029156.JPEG reached epsilon at step 828, loss sum: 51.1281, final loss: 0.00096893, weight distance: 0.0492
2025-09-15 13:22:33,358 - INFO - Example 3 completed: 828 steps, loss sum: 51.1281, final loss: 0.00096893, weight distance: 0.0492 (universal rank: 22453)
2025-09-15 13:22:33,358 - INFO - 
=== Training Example 4/60: /home/projects/bagon/shared/imagenet512/val/n03482405/ILSVRC2012_val_00043129.JPEG ===
2025-09-15 13:22:51,052 - INFO - Example /home/projects/bagon/shared/imagenet512/val/n03482405/ILSVRC2012_val_00043129.JPEG reached epsilon at step 388, loss sum: 6.0258, final loss: 0.00098419, weight distance: 0.0232
2025-09-15 13:22:52,041 - INFO - Example 4 completed: 388 steps, loss sum: 6.0258, final loss: 0.00098419, weight distance: 0.0232 (universal rank: 23289)
2025-09-15 13:22:52,041 - INFO - 
=== Training Example 5/60: /home/projects/bagon/shared/imagenet512/val/n01776313/ILSVRC2012_val_00013600.JPEG ===
