2025-09-23 00:49:35,375 - INFO - Parsed arguments:
2025-09-23 00:49:35,375 - INFO -   amp_dtype = None
2025-09-23 00:49:35,375 - INFO -   bars_npy = /home/projects/bagon/andreyg/Projects/BMM_school/Universal_learning/Programming/bars/geq6wrong_21017_geq6correct_1525_imagenet.npy
2025-09-23 00:49:35,375 - INFO -   cka_layer_fraction = 0.05
2025-09-23 00:49:35,375 - INFO -   current_worker = 7
2025-09-23 00:49:35,375 - INFO -   deterministic = True
2025-09-23 00:49:35,375 - INFO -   device = cuda
2025-09-23 00:49:35,375 - INFO -   epsilon = 0.001
2025-09-23 00:49:35,375 - INFO -   examples_csv = /home/projects/bagon/andreyg/Projects/BMM_school/Universal_learning/Programming/bars/geq6wrong_21017_geq6correct_1525_imagenet_examples_ammended.csv
2025-09-23 00:49:35,375 - INFO -   explicit_examples_for_training = None
2025-09-23 00:49:35,375 - INFO -   grad_clip_norm = 1.0
2025-09-23 00:49:35,375 - INFO -   hierarchy_json = /home/projects/bagon/andreyg/Projects/BMM_school/Universal_learning/Programming/bars/imagenet_synset_hierarchy.json
2025-09-23 00:49:35,375 - INFO -   imagenet_models_csv = /home/projects/bagon/andreyg/Projects/BMM_school/Universal_learning/Programming/bars/imagenet_models.csv
2025-09-23 00:49:35,375 - INFO -   lr = 0.0001
2025-09-23 00:49:35,375 - INFO -   max_examples = 50000
2025-09-23 00:49:35,375 - INFO -   max_steps_per_example = 10000
2025-09-23 00:49:35,376 - INFO -   model_csv_name = resnet_18_224_gluon_imagenet_1k
2025-09-23 00:49:35,376 - INFO -   model_name = resnet18.gluon_in1k
2025-09-23 00:49:35,376 - INFO -   no_amp = False
2025-09-23 00:49:35,376 - INFO -   num_workers = 8
2025-09-23 00:49:35,376 - INFO -   output_dir = /home/projects/bagon/andreyg/Projects/BMM_school/Universal_learning/Programming/training_gradient_evaluator_single_loss_parallel/output_parallel_8_workers_trial_2
2025-09-23 00:49:35,376 - INFO -   root_dir = None
2025-09-23 00:49:35,376 - INFO -   seed = 1337
2025-09-23 00:49:35,376 - INFO -   time_limit_seconds = 6300
2025-09-23 00:49:35,376 - INFO -   weight_decay = 0.0
2025-09-23 00:49:35,376 - INFO -   zero_aug_train = False
2025-09-23 00:49:36,303 - INFO - Loaded TIMM pretrained weights for resnet18.gluon_in1k
2025-09-23 00:49:36,304 - INFO - pretrained_cfg.url=https://github.com/rwightman/pytorch-pretrained-gluonresnet/releases/download/v0.1/gluon_resnet18_v1b-0757602b.pth hf_hub_id=timm/resnet18.gluon_in1k
2025-09-23 00:49:36,610 - INFO - Training configuration:
2025-09-23 00:49:36,610 - INFO -   lr = 0.0001
2025-09-23 00:49:36,611 - INFO -   weight_decay = 0.0
2025-09-23 00:49:36,611 - INFO -   max_steps = 10000
2025-09-23 00:49:36,611 - INFO -   epsilon = 0.001
2025-09-23 00:49:36,611 - INFO -   device = cuda
2025-09-23 00:49:36,611 - INFO -   use_amp = True
2025-09-23 00:49:36,611 - INFO -   amp_dtype = None
2025-09-23 00:49:36,611 - INFO -   gradient_clip_norm = 1.0
2025-09-23 00:49:47,818 - INFO - Example /home/projects/bagon/shared/imagenet512/val/n07920052/ILSVRC2012_val_00020352.JPEG reached epsilon at step 450, loss sum: 14.4324, final loss: 0.00099182, weight distance: 0.0303
2025-09-23 00:50:04,475 - INFO - Example /home/projects/bagon/shared/imagenet512/val/n10565667/ILSVRC2012_val_00027740.JPEG reached epsilon at step 651, loss sum: 160.8368, final loss: 0.00099468, weight distance: 0.0460
2025-09-23 00:50:19,354 - INFO - Example /home/projects/bagon/shared/imagenet512/val/n01990800/ILSVRC2012_val_00041213.JPEG reached epsilon at step 882, loss sum: 1798.8485, final loss: 0.00098991, weight distance: 0.0712
2025-09-23 00:50:41,807 - INFO - Example /home/projects/bagon/shared/imagenet512/val/n03691459/ILSVRC2012_val_00002359.JPEG reached epsilon at step 1390, loss sum: 2246.8649, final loss: 0.00099659, weight distance: 0.0963
2025-09-23 00:51:15,432 - INFO - Example /home/projects/bagon/shared/imagenet512/val/n02786058/ILSVRC2012_val_00037985.JPEG reached epsilon at step 2021, loss sum: 6860.3389, final loss: 0.00099945, weight distance: 0.1361
2025-09-23 00:51:34,733 - INFO - Example /home/projects/bagon/shared/imagenet512/val/n03933933/ILSVRC2012_val_00041992.JPEG reached epsilon at step 1161, loss sum: 544.1888, final loss: 0.00099564, weight distance: 0.0709
2025-09-23 00:51:53,062 - INFO - Example /home/projects/bagon/shared/imagenet512/val/n09256479/ILSVRC2012_val_00025622.JPEG reached epsilon at step 1112, loss sum: 593.3797, final loss: 0.00099945, weight distance: 0.0657
2025-09-23 00:52:07,338 - INFO - Example /home/projects/bagon/shared/imagenet512/val/n03297495/ILSVRC2012_val_00023386.JPEG reached epsilon at step 698, loss sum: 810.8078, final loss: 0.00098610, weight distance: 0.0530
2025-09-23 00:52:18,531 - INFO - Example /home/projects/bagon/shared/imagenet512/val/n01687978/ILSVRC2012_val_00003821.JPEG reached epsilon at step 678, loss sum: 368.0407, final loss: 0.00099945, weight distance: 0.0505
2025-09-23 00:52:30,577 - INFO - Example /home/projects/bagon/shared/imagenet512/val/n02124075/ILSVRC2012_val_00023786.JPEG reached epsilon at step 742, loss sum: 247.2463, final loss: 0.00099564, weight distance: 0.0522
2025-09-23 00:52:47,404 - INFO - Example /home/projects/bagon/shared/imagenet512/val/n04612504/ILSVRC2012_val_00031426.JPEG reached epsilon at step 1032, loss sum: 884.5365, final loss: 0.00099468, weight distance: 0.0747
2025-09-23 00:53:03,002 - INFO - Example /home/projects/bagon/shared/imagenet512/val/n03759954/ILSVRC2012_val_00007409.JPEG reached epsilon at step 978, loss sum: 1083.3935, final loss: 0.00099277, weight distance: 0.0724
2025-09-23 00:53:12,528 - INFO - Example /home/projects/bagon/shared/imagenet512/val/n07753592/ILSVRC2012_val_00021098.JPEG reached epsilon at step 542, loss sum: 71.3947, final loss: 0.00099087, weight distance: 0.0401
2025-09-23 00:53:26,146 - INFO - Example /home/projects/bagon/shared/imagenet512/val/n07930864/ILSVRC2012_val_00005022.JPEG reached epsilon at step 833, loss sum: 165.1490, final loss: 0.00099182, weight distance: 0.0521
2025-09-23 00:53:57,994 - INFO - Example /home/projects/bagon/shared/imagenet512/val/n03710637/ILSVRC2012_val_00033398.JPEG reached epsilon at step 2013, loss sum: 326.8650, final loss: 0.00099182, weight distance: 0.1047
2025-09-23 00:54:14,596 - INFO - Example /home/projects/bagon/shared/imagenet512/val/n02441942/ILSVRC2012_val_00000723.JPEG reached epsilon at step 1029, loss sum: 554.6254, final loss: 0.00099373, weight distance: 0.0672
2025-09-23 00:54:36,263 - INFO - Example /home/projects/bagon/shared/imagenet512/val/n03710637/ILSVRC2012_val_00024573.JPEG reached epsilon at step 1333, loss sum: 279.8643, final loss: 0.00099182, weight distance: 0.0765
2025-09-23 00:54:56,434 - INFO - Example /home/projects/bagon/shared/imagenet512/val/n04443257/ILSVRC2012_val_00045194.JPEG reached epsilon at step 1263, loss sum: 902.4074, final loss: 0.00099659, weight distance: 0.0759
2025-09-23 00:55:10,019 - INFO - Example /home/projects/bagon/shared/imagenet512/val/n04229816/ILSVRC2012_val_00013426.JPEG reached epsilon at step 821, loss sum: 327.6482, final loss: 0.00099564, weight distance: 0.0561
2025-09-23 00:55:18,501 - INFO - Example /home/projects/bagon/shared/imagenet512/val/n02692877/ILSVRC2012_val_00045146.JPEG reached epsilon at step 515, loss sum: 121.0074, final loss: 0.00099468, weight distance: 0.0398
2025-09-23 00:55:30,084 - INFO - Example /home/projects/bagon/shared/imagenet512/val/n03492542/ILSVRC2012_val_00040967.JPEG reached epsilon at step 684, loss sum: 450.4249, final loss: 0.00099659, weight distance: 0.0530
2025-09-23 00:55:55,956 - INFO - Example /home/projects/bagon/shared/imagenet512/val/n04356056/ILSVRC2012_val_00039734.JPEG reached epsilon at step 1612, loss sum: 346.9924, final loss: 0.00099945, weight distance: 0.0751
2025-09-23 00:56:07,871 - INFO - Example /home/projects/bagon/shared/imagenet512/val/n03983396/ILSVRC2012_val_00028328.JPEG reached epsilon at step 733, loss sum: 598.6636, final loss: 0.00098801, weight distance: 0.0560
2025-09-23 00:56:31,556 - INFO - Example /home/projects/bagon/shared/imagenet512/val/n02493509/ILSVRC2012_val_00012359.JPEG reached epsilon at step 1508, loss sum: 277.4377, final loss: 0.00099373, weight distance: 0.0738
2025-09-23 00:56:39,914 - INFO - Example /home/projects/bagon/shared/imagenet512/val/n04462240/ILSVRC2012_val_00016686.JPEG reached epsilon at step 508, loss sum: 167.3783, final loss: 0.00099945, weight distance: 0.0378
2025-09-23 00:56:54,948 - INFO - Example /home/projects/bagon/shared/imagenet512/val/n07716358/ILSVRC2012_val_00023848.JPEG reached epsilon at step 929, loss sum: 177.6052, final loss: 0.00099564, weight distance: 0.0628
2025-09-23 00:57:09,539 - INFO - Example /home/projects/bagon/shared/imagenet512/val/n02017213/ILSVRC2012_val_00042376.JPEG reached epsilon at step 884, loss sum: 1248.9128, final loss: 0.00098801, weight distance: 0.0669
2025-09-23 00:57:24,648 - INFO - Example /home/projects/bagon/shared/imagenet512/val/n02669723/ILSVRC2012_val_00045524.JPEG reached epsilon at step 841, loss sum: 226.2423, final loss: 0.00099087, weight distance: 0.0553
2025-09-23 00:57:45,967 - INFO - Example /home/projects/bagon/shared/imagenet512/val/n12144580/ILSVRC2012_val_00041542.JPEG reached epsilon at step 1347, loss sum: 181.5942, final loss: 0.00099850, weight distance: 0.0772
2025-09-23 00:57:58,554 - INFO - Example /home/projects/bagon/shared/imagenet512/val/n04070727/ILSVRC2012_val_00033032.JPEG reached epsilon at step 773, loss sum: 576.3825, final loss: 0.00099373, weight distance: 0.0607
2025-09-23 00:58:17,643 - INFO - Example /home/projects/bagon/shared/imagenet512/val/n10148035/ILSVRC2012_val_00029882.JPEG reached epsilon at step 1172, loss sum: 3167.2621, final loss: 0.00099468, weight distance: 0.0838
2025-09-23 00:58:35,792 - INFO - Example /home/projects/bagon/shared/imagenet512/val/n03207941/ILSVRC2012_val_00048287.JPEG reached epsilon at step 1117, loss sum: 2180.6414, final loss: 0.00099373, weight distance: 0.0808
2025-09-23 00:58:45,413 - INFO - Example /home/projects/bagon/shared/imagenet512/val/n02966687/ILSVRC2012_val_00043450.JPEG reached epsilon at step 578, loss sum: 486.9664, final loss: 0.00099182, weight distance: 0.0435
2025-09-23 00:58:56,989 - INFO - Example /home/projects/bagon/shared/imagenet512/val/n04265275/ILSVRC2012_val_00024097.JPEG reached epsilon at step 718, loss sum: 884.1301, final loss: 0.00099468, weight distance: 0.0528
2025-09-23 00:59:10,155 - INFO - Example /home/projects/bagon/shared/imagenet512/val/n04141076/ILSVRC2012_val_00029866.JPEG reached epsilon at step 809, loss sum: 541.9464, final loss: 0.00098705, weight distance: 0.0582
2025-09-23 00:59:18,970 - INFO - Example /home/projects/bagon/shared/imagenet512/val/n03976467/ILSVRC2012_val_00020713.JPEG reached epsilon at step 512, loss sum: 80.7708, final loss: 0.00099850, weight distance: 0.0371
2025-09-23 00:59:39,772 - INFO - Example /home/projects/bagon/shared/imagenet512/val/n03179701/ILSVRC2012_val_00008518.JPEG reached epsilon at step 1280, loss sum: 390.5383, final loss: 0.00099182, weight distance: 0.0687
2025-09-23 01:00:00,875 - INFO - Example /home/projects/bagon/shared/imagenet512/val/n04356056/ILSVRC2012_val_00015697.JPEG reached epsilon at step 1340, loss sum: 814.8112, final loss: 0.00099182, weight distance: 0.0786
2025-09-23 01:00:21,199 - INFO - Example /home/projects/bagon/shared/imagenet512/val/n02167151/ILSVRC2012_val_00003331.JPEG reached epsilon at step 1269, loss sum: 437.9232, final loss: 0.00099945, weight distance: 0.0722
2025-09-23 01:00:43,213 - INFO - Example /home/projects/bagon/shared/imagenet512/val/n13133613/ILSVRC2012_val_00009549.JPEG reached epsilon at step 1359, loss sum: 201.4228, final loss: 0.00099277, weight distance: 0.0730
2025-09-23 01:01:10,043 - INFO - Example /home/projects/bagon/shared/imagenet512/val/n01756291/ILSVRC2012_val_00026712.JPEG reached epsilon at step 1660, loss sum: 343.5411, final loss: 0.00099945, weight distance: 0.0841
2025-09-23 01:01:32,026 - INFO - Example /home/projects/bagon/shared/imagenet512/val/n01693334/ILSVRC2012_val_00025809.JPEG reached epsilon at step 1396, loss sum: 189.3941, final loss: 0.00099468, weight distance: 0.0666
2025-09-23 01:01:47,352 - INFO - Example /home/projects/bagon/shared/imagenet512/val/n12144580/ILSVRC2012_val_00008648.JPEG reached epsilon at step 953, loss sum: 98.7362, final loss: 0.00099850, weight distance: 0.0565
2025-09-23 01:01:59,295 - INFO - Example /home/projects/bagon/shared/imagenet512/val/n02981792/ILSVRC2012_val_00004218.JPEG reached epsilon at step 717, loss sum: 100.2253, final loss: 0.00099182, weight distance: 0.0473
2025-09-23 01:02:11,622 - INFO - Example /home/projects/bagon/shared/imagenet512/val/n02395406/ILSVRC2012_val_00007609.JPEG reached epsilon at step 754, loss sum: 233.4131, final loss: 0.00099564, weight distance: 0.0529
2025-09-23 01:02:21,025 - INFO - Example /home/projects/bagon/shared/imagenet512/val/n04330267/ILSVRC2012_val_00043536.JPEG reached epsilon at step 361, loss sum: 11.5063, final loss: 0.00098896, weight distance: 0.0245
2025-09-23 01:02:36,556 - INFO - Example /home/projects/bagon/shared/imagenet512/val/n15075141/ILSVRC2012_val_00006055.JPEG reached epsilon at step 753, loss sum: 171.4572, final loss: 0.00099182, weight distance: 0.0377
2025-09-23 01:02:49,093 - INFO - Example /home/projects/bagon/shared/imagenet512/val/n07590611/ILSVRC2012_val_00045414.JPEG reached epsilon at step 780, loss sum: 264.7427, final loss: 0.00099850, weight distance: 0.0552
2025-09-23 01:02:56,546 - INFO - Example /home/projects/bagon/shared/imagenet512/val/n01494475/ILSVRC2012_val_00022552.JPEG reached epsilon at step 436, loss sum: 27.6464, final loss: 0.00098801, weight distance: 0.0302
2025-09-23 01:03:18,402 - INFO - Example /home/projects/bagon/shared/imagenet512/val/n03197337/ILSVRC2012_val_00009243.JPEG reached epsilon at step 1369, loss sum: 2179.5023, final loss: 0.00099850, weight distance: 0.0954
2025-09-23 01:03:42,978 - INFO - Example /home/projects/bagon/shared/imagenet512/val/n02676566/ILSVRC2012_val_00039740.JPEG reached epsilon at step 1565, loss sum: 2031.9692, final loss: 0.00099468, weight distance: 0.1062
2025-09-23 01:03:57,492 - INFO - Example /home/projects/bagon/shared/imagenet512/val/n04209133/ILSVRC2012_val_00046639.JPEG reached epsilon at step 906, loss sum: 1143.0691, final loss: 0.00099087, weight distance: 0.0688
2025-09-23 01:04:16,116 - INFO - Example /home/projects/bagon/shared/imagenet512/val/n03998194/ILSVRC2012_val_00049806.JPEG reached epsilon at step 1162, loss sum: 2700.5628, final loss: 0.00099754, weight distance: 0.0876
2025-09-23 01:04:27,542 - INFO - Example /home/projects/bagon/shared/imagenet512/val/n04579145/ILSVRC2012_val_00014224.JPEG reached epsilon at step 703, loss sum: 248.9272, final loss: 0.00099182, weight distance: 0.0514
2025-09-23 01:04:43,265 - INFO - Example /home/projects/bagon/shared/imagenet512/val/n12998815/ILSVRC2012_val_00026184.JPEG reached epsilon at step 989, loss sum: 975.8415, final loss: 0.00099850, weight distance: 0.0678
2025-09-23 01:04:58,400 - INFO - Example /home/projects/bagon/shared/imagenet512/val/n09332890/ILSVRC2012_val_00043650.JPEG reached epsilon at step 945, loss sum: 339.2855, final loss: 0.00099468, weight distance: 0.0598
2025-09-23 01:05:12,324 - INFO - Example /home/projects/bagon/shared/imagenet512/val/n02910353/ILSVRC2012_val_00032648.JPEG reached epsilon at step 844, loss sum: 331.3277, final loss: 0.00099659, weight distance: 0.0562
2025-09-23 01:05:21,661 - INFO - Example /home/projects/bagon/shared/imagenet512/val/n04118776/ILSVRC2012_val_00027203.JPEG reached epsilon at step 528, loss sum: 289.9039, final loss: 0.00099659, weight distance: 0.0416
2025-09-23 01:05:33,916 - INFO - Example /home/projects/bagon/shared/imagenet512/val/n01729322/ILSVRC2012_val_00018453.JPEG reached epsilon at step 705, loss sum: 268.3409, final loss: 0.00099754, weight distance: 0.0500
2025-09-23 01:05:59,353 - INFO - Example /home/projects/bagon/shared/imagenet512/val/n02123159/ILSVRC2012_val_00027539.JPEG reached epsilon at step 1345, loss sum: 500.7566, final loss: 0.00099754, weight distance: 0.0748
2025-09-23 01:06:12,467 - INFO - Example /home/projects/bagon/shared/imagenet512/val/n04270147/ILSVRC2012_val_00024034.JPEG reached epsilon at step 790, loss sum: 167.5181, final loss: 0.00099468, weight distance: 0.0480
2025-09-23 01:06:29,270 - INFO - Example /home/projects/bagon/shared/imagenet512/val/n03529860/ILSVRC2012_val_00033213.JPEG reached epsilon at step 1038, loss sum: 174.4780, final loss: 0.00099754, weight distance: 0.0620
2025-09-23 01:06:40,524 - INFO - Example /home/projects/bagon/shared/imagenet512/val/n01751748/ILSVRC2012_val_00032628.JPEG reached epsilon at step 688, loss sum: 134.4846, final loss: 0.00099850, weight distance: 0.0484
2025-09-23 01:06:54,219 - INFO - Example /home/projects/bagon/shared/imagenet512/val/n03131574/ILSVRC2012_val_00022199.JPEG reached epsilon at step 809, loss sum: 232.2863, final loss: 0.00099754, weight distance: 0.0527
2025-09-23 01:07:07,177 - INFO - Example /home/projects/bagon/shared/imagenet512/val/n04542943/ILSVRC2012_val_00015750.JPEG reached epsilon at step 787, loss sum: 3339.0889, final loss: 0.00099087, weight distance: 0.0658
2025-09-23 01:07:20,270 - INFO - Example /home/projects/bagon/shared/imagenet512/val/n02219486/ILSVRC2012_val_00032504.JPEG reached epsilon at step 818, loss sum: 1046.0398, final loss: 0.00099277, weight distance: 0.0622
2025-09-23 01:07:30,586 - INFO - Example /home/projects/bagon/shared/imagenet512/val/n03803284/ILSVRC2012_val_00001515.JPEG reached epsilon at step 635, loss sum: 824.5244, final loss: 0.00098896, weight distance: 0.0536
2025-09-23 01:07:42,628 - INFO - Example /home/projects/bagon/shared/imagenet512/val/n03207941/ILSVRC2012_val_00014622.JPEG reached epsilon at step 751, loss sum: 337.9402, final loss: 0.00099754, weight distance: 0.0530
2025-09-23 01:07:50,101 - INFO - Example /home/projects/bagon/shared/imagenet512/val/n03160309/ILSVRC2012_val_00015060.JPEG reached epsilon at step 449, loss sum: 467.1774, final loss: 0.00099277, weight distance: 0.0387
2025-09-23 01:08:07,064 - INFO - Example /home/projects/bagon/shared/imagenet512/val/n04591157/ILSVRC2012_val_00013769.JPEG reached epsilon at step 1067, loss sum: 548.1523, final loss: 0.00099182, weight distance: 0.0723
2025-09-23 01:08:15,971 - INFO - Example /home/projects/bagon/shared/imagenet512/val/n02992529/ILSVRC2012_val_00026822.JPEG reached epsilon at step 511, loss sum: 104.0114, final loss: 0.00099564, weight distance: 0.0378
2025-09-23 01:08:28,394 - INFO - Example /home/projects/bagon/shared/imagenet512/val/n03045698/ILSVRC2012_val_00024111.JPEG reached epsilon at step 752, loss sum: 339.0733, final loss: 0.00099754, weight distance: 0.0506
2025-09-23 01:08:50,742 - INFO - Example /home/projects/bagon/shared/imagenet512/val/n03866082/ILSVRC2012_val_00034283.JPEG reached epsilon at step 1429, loss sum: 798.8247, final loss: 0.00099659, weight distance: 0.0822
2025-09-23 01:09:06,068 - INFO - Example /home/projects/bagon/shared/imagenet512/val/n03903868/ILSVRC2012_val_00005095.JPEG reached epsilon at step 930, loss sum: 761.7394, final loss: 0.00099754, weight distance: 0.0670
2025-09-23 01:09:31,191 - INFO - Example /home/projects/bagon/shared/imagenet512/val/n03832673/ILSVRC2012_val_00045627.JPEG reached epsilon at step 1539, loss sum: 879.4860, final loss: 0.00099182, weight distance: 0.0911
2025-09-23 01:09:56,721 - INFO - Example /home/projects/bagon/shared/imagenet512/val/n04356056/ILSVRC2012_val_00012545.JPEG reached epsilon at step 1618, loss sum: 1057.0654, final loss: 0.00099182, weight distance: 0.0900
2025-09-23 01:10:17,782 - INFO - Example /home/projects/bagon/shared/imagenet512/val/n03642806/ILSVRC2012_val_00011923.JPEG reached epsilon at step 1300, loss sum: 446.8373, final loss: 0.00099087, weight distance: 0.0830
2025-09-23 01:10:29,765 - INFO - Example /home/projects/bagon/shared/imagenet512/val/n02909870/ILSVRC2012_val_00007724.JPEG reached epsilon at step 705, loss sum: 462.9542, final loss: 0.00099945, weight distance: 0.0552
2025-09-23 01:10:52,928 - INFO - Example /home/projects/bagon/shared/imagenet512/val/n03125729/ILSVRC2012_val_00004363.JPEG reached epsilon at step 1402, loss sum: 2029.5604, final loss: 0.00099659, weight distance: 0.0843
2025-09-23 01:11:17,342 - INFO - Example /home/projects/bagon/shared/imagenet512/val/n03146219/ILSVRC2012_val_00028726.JPEG reached epsilon at step 1498, loss sum: 969.9968, final loss: 0.00099087, weight distance: 0.0795
2025-09-23 01:11:31,067 - INFO - Example /home/projects/bagon/shared/imagenet512/val/n04357314/ILSVRC2012_val_00023485.JPEG reached epsilon at step 795, loss sum: 642.9909, final loss: 0.00099945, weight distance: 0.0563
2025-09-23 01:11:48,374 - INFO - Example /home/projects/bagon/shared/imagenet512/val/n02837789/ILSVRC2012_val_00015053.JPEG reached epsilon at step 1089, loss sum: 316.9923, final loss: 0.00099945, weight distance: 0.0693
2025-09-23 01:12:01,589 - INFO - Example /home/projects/bagon/shared/imagenet512/val/n03372029/ILSVRC2012_val_00000140.JPEG reached epsilon at step 826, loss sum: 805.5045, final loss: 0.00099945, weight distance: 0.0579
2025-09-23 01:12:19,506 - INFO - Example /home/projects/bagon/shared/imagenet512/val/n02871525/ILSVRC2012_val_00040739.JPEG reached epsilon at step 1099, loss sum: 1038.8840, final loss: 0.00099182, weight distance: 0.0751
2025-09-23 01:12:33,499 - INFO - Example /home/projects/bagon/shared/imagenet512/val/n03710193/ILSVRC2012_val_00040946.JPEG reached epsilon at step 868, loss sum: 519.8763, final loss: 0.00099945, weight distance: 0.0639
2025-09-23 01:12:49,072 - INFO - Example /home/projects/bagon/shared/imagenet512/val/n03633091/ILSVRC2012_val_00006333.JPEG reached epsilon at step 947, loss sum: 714.4259, final loss: 0.00099468, weight distance: 0.0676
2025-09-23 01:13:00,721 - INFO - Example /home/projects/bagon/shared/imagenet512/val/n03218198/ILSVRC2012_val_00044648.JPEG reached epsilon at step 717, loss sum: 1042.7381, final loss: 0.00099754, weight distance: 0.0496
2025-09-23 01:13:20,683 - INFO - Example /home/projects/bagon/shared/imagenet512/val/n02106030/ILSVRC2012_val_00023666.JPEG reached epsilon at step 1270, loss sum: 681.4932, final loss: 0.00099754, weight distance: 0.0817
2025-09-23 01:13:40,250 - INFO - Example /home/projects/bagon/shared/imagenet512/val/n02769748/ILSVRC2012_val_00019321.JPEG reached epsilon at step 1239, loss sum: 2219.8863, final loss: 0.00099945, weight distance: 0.0934
2025-09-23 01:13:53,827 - INFO - Example /home/projects/bagon/shared/imagenet512/val/n03443371/ILSVRC2012_val_00005887.JPEG reached epsilon at step 797, loss sum: 108.9138, final loss: 0.00098801, weight distance: 0.0524
2025-09-23 01:14:08,440 - INFO - Example /home/projects/bagon/shared/imagenet512/val/n02128757/ILSVRC2012_val_00019738.JPEG reached epsilon at step 873, loss sum: 244.5517, final loss: 0.00099754, weight distance: 0.0575
2025-09-23 01:14:27,225 - INFO - Example /home/projects/bagon/shared/imagenet512/val/n04370456/ILSVRC2012_val_00005163.JPEG reached epsilon at step 1126, loss sum: 1285.9394, final loss: 0.00099659, weight distance: 0.0804
2025-09-23 01:14:35,501 - INFO - Example /home/projects/bagon/shared/imagenet512/val/n02395406/ILSVRC2012_val_00046042.JPEG reached epsilon at step 426, loss sum: 215.5551, final loss: 0.00099850, weight distance: 0.0348
2025-09-23 01:14:56,064 - INFO - Example /home/projects/bagon/shared/imagenet512/val/n03793489/ILSVRC2012_val_00049330.JPEG reached epsilon at step 1037, loss sum: 248.1392, final loss: 0.00098610, weight distance: 0.0691
2025-09-23 01:15:10,581 - INFO - Example /home/projects/bagon/shared/imagenet512/val/n03461385/ILSVRC2012_val_00023277.JPEG reached epsilon at step 865, loss sum: 122.7011, final loss: 0.00099850, weight distance: 0.0477
2025-09-23 01:15:22,749 - INFO - Example /home/projects/bagon/shared/imagenet512/val/n13054560/ILSVRC2012_val_00042718.JPEG reached epsilon at step 705, loss sum: 271.0944, final loss: 0.00099564, weight distance: 0.0498
2025-09-23 01:15:35,652 - INFO - Example /home/projects/bagon/shared/imagenet512/val/n02325366/ILSVRC2012_val_00000937.JPEG reached epsilon at step 752, loss sum: 75.3036, final loss: 0.00099850, weight distance: 0.0471
2025-09-23 01:15:54,890 - INFO - Example /home/projects/bagon/shared/imagenet512/val/n02096294/ILSVRC2012_val_00001564.JPEG reached epsilon at step 1044, loss sum: 211.3033, final loss: 0.00099850, weight distance: 0.0628
2025-09-23 01:16:09,042 - INFO - Example /home/projects/bagon/shared/imagenet512/val/n02916936/ILSVRC2012_val_00028143.JPEG reached epsilon at step 872, loss sum: 772.7380, final loss: 0.00099754, weight distance: 0.0650
2025-09-23 01:16:19,515 - INFO - Example /home/projects/bagon/shared/imagenet512/val/n04371430/ILSVRC2012_val_00015591.JPEG reached epsilon at step 621, loss sum: 176.7419, final loss: 0.00099850, weight distance: 0.0450
2025-09-23 01:16:32,774 - INFO - Example /home/projects/bagon/shared/imagenet512/val/n02130308/ILSVRC2012_val_00003773.JPEG reached epsilon at step 803, loss sum: 694.7069, final loss: 0.00099468, weight distance: 0.0565
2025-09-23 01:17:00,902 - INFO - Example /home/projects/bagon/shared/imagenet512/val/n04356056/ILSVRC2012_val_00032243.JPEG reached epsilon at step 1755, loss sum: 1229.4757, final loss: 0.00099277, weight distance: 0.0872
2025-09-23 01:17:11,820 - INFO - Example /home/projects/bagon/shared/imagenet512/val/n02797295/ILSVRC2012_val_00026437.JPEG reached epsilon at step 616, loss sum: 503.6834, final loss: 0.00099182, weight distance: 0.0514
2025-09-23 01:17:25,474 - INFO - Example /home/projects/bagon/shared/imagenet512/val/n01744401/ILSVRC2012_val_00037464.JPEG reached epsilon at step 847, loss sum: 470.3060, final loss: 0.00098896, weight distance: 0.0608
2025-09-23 01:17:36,637 - INFO - Example /home/projects/bagon/shared/imagenet512/val/n02268443/ILSVRC2012_val_00024612.JPEG reached epsilon at step 687, loss sum: 155.3931, final loss: 0.00099564, weight distance: 0.0468
2025-09-23 01:17:45,813 - INFO - Example /home/projects/bagon/shared/imagenet512/val/n07718472/ILSVRC2012_val_00025981.JPEG reached epsilon at step 560, loss sum: 137.6036, final loss: 0.00098705, weight distance: 0.0415
2025-09-23 01:17:59,167 - INFO - Example /home/projects/bagon/shared/imagenet512/val/n01775062/ILSVRC2012_val_00025447.JPEG reached epsilon at step 810, loss sum: 352.3596, final loss: 0.00099850, weight distance: 0.0489
2025-09-23 01:18:10,729 - INFO - Example /home/projects/bagon/shared/imagenet512/val/n02978881/ILSVRC2012_val_00016528.JPEG reached epsilon at step 699, loss sum: 307.1531, final loss: 0.00098705, weight distance: 0.0507
2025-09-23 01:18:31,172 - INFO - Example /home/projects/bagon/shared/imagenet512/val/n02167151/ILSVRC2012_val_00004517.JPEG reached epsilon at step 1289, loss sum: 226.8254, final loss: 0.00099373, weight distance: 0.0697
2025-09-23 01:18:44,109 - INFO - Example /home/projects/bagon/shared/imagenet512/val/n01978455/ILSVRC2012_val_00019859.JPEG reached epsilon at step 809, loss sum: 409.3711, final loss: 0.00099945, weight distance: 0.0570
2025-09-23 01:18:56,010 - INFO - Example /home/projects/bagon/shared/imagenet512/val/n03899768/ILSVRC2012_val_00023647.JPEG reached epsilon at step 704, loss sum: 441.9480, final loss: 0.00099182, weight distance: 0.0530
2025-09-23 01:19:06,541 - INFO - Example /home/projects/bagon/shared/imagenet512/val/n02104365/ILSVRC2012_val_00045533.JPEG reached epsilon at step 596, loss sum: 340.7420, final loss: 0.00099850, weight distance: 0.0455
2025-09-23 01:19:24,237 - INFO - Example /home/projects/bagon/shared/imagenet512/val/n04493381/ILSVRC2012_val_00034621.JPEG reached epsilon at step 1083, loss sum: 73.1871, final loss: 0.00098705, weight distance: 0.0613
2025-09-23 01:19:30,579 - INFO - Example /home/projects/bagon/shared/imagenet512/val/n03584254/ILSVRC2012_val_00039821.JPEG reached epsilon at step 376, loss sum: 67.5800, final loss: 0.00099468, weight distance: 0.0303
2025-09-23 01:19:41,010 - INFO - Example /home/projects/bagon/shared/imagenet512/val/n07836838/ILSVRC2012_val_00017527.JPEG reached epsilon at step 641, loss sum: 107.2584, final loss: 0.00099277, weight distance: 0.0448
2025-09-23 01:19:58,917 - INFO - Example /home/projects/bagon/shared/imagenet512/val/n04483307/ILSVRC2012_val_00045574.JPEG reached epsilon at step 1130, loss sum: 706.5042, final loss: 0.00099850, weight distance: 0.0708
2025-09-23 01:20:14,476 - INFO - Example /home/projects/bagon/shared/imagenet512/val/n03868863/ILSVRC2012_val_00036571.JPEG reached epsilon at step 968, loss sum: 1609.7288, final loss: 0.00099754, weight distance: 0.0721
2025-09-23 01:20:29,987 - INFO - Example /home/projects/bagon/shared/imagenet512/val/n01773549/ILSVRC2012_val_00041612.JPEG reached epsilon at step 979, loss sum: 229.5060, final loss: 0.00099468, weight distance: 0.0563
2025-09-23 01:20:46,075 - INFO - Example /home/projects/bagon/shared/imagenet512/val/n02814533/ILSVRC2012_val_00006220.JPEG reached epsilon at step 1008, loss sum: 427.0497, final loss: 0.00099945, weight distance: 0.0664
2025-09-23 01:20:59,772 - INFO - Example /home/projects/bagon/shared/imagenet512/val/n15075141/ILSVRC2012_val_00034988.JPEG reached epsilon at step 852, loss sum: 462.7537, final loss: 0.00099850, weight distance: 0.0579
2025-09-23 01:21:08,877 - INFO - Example /home/projects/bagon/shared/imagenet512/val/n03899768/ILSVRC2012_val_00036309.JPEG reached epsilon at step 546, loss sum: 85.4563, final loss: 0.00099754, weight distance: 0.0375
2025-09-23 01:21:22,413 - INFO - Example /home/projects/bagon/shared/imagenet512/val/n07718472/ILSVRC2012_val_00030457.JPEG reached epsilon at step 833, loss sum: 551.9873, final loss: 0.00099850, weight distance: 0.0582
2025-09-23 01:21:44,432 - INFO - Example /home/projects/bagon/shared/imagenet512/val/n02105855/ILSVRC2012_val_00024624.JPEG reached epsilon at step 1398, loss sum: 1198.0869, final loss: 0.00099373, weight distance: 0.0840
2025-09-23 01:21:59,863 - INFO - Example /home/projects/bagon/shared/imagenet512/val/n04597913/ILSVRC2012_val_00006723.JPEG reached epsilon at step 970, loss sum: 476.3107, final loss: 0.00099182, weight distance: 0.0649
2025-09-23 01:22:22,155 - INFO - Example /home/projects/bagon/shared/imagenet512/val/n04090263/ILSVRC2012_val_00018218.JPEG reached epsilon at step 1409, loss sum: 2155.3170, final loss: 0.00099659, weight distance: 0.0866
2025-09-23 01:22:41,053 - INFO - Example /home/projects/bagon/shared/imagenet512/val/n02123159/ILSVRC2012_val_00045958.JPEG reached epsilon at step 1157, loss sum: 156.2350, final loss: 0.00099564, weight distance: 0.0690
2025-09-23 01:23:00,966 - INFO - Example /home/projects/bagon/shared/imagenet512/val/n03461385/ILSVRC2012_val_00021783.JPEG reached epsilon at step 1141, loss sum: 549.6295, final loss: 0.00099945, weight distance: 0.0691
2025-09-23 01:23:11,755 - INFO - Example /home/projects/bagon/shared/imagenet512/val/n09246464/ILSVRC2012_val_00048191.JPEG reached epsilon at step 667, loss sum: 93.1548, final loss: 0.00099945, weight distance: 0.0469
2025-09-23 01:23:36,169 - INFO - Example /home/projects/bagon/shared/imagenet512/val/n03710637/ILSVRC2012_val_00010435.JPEG reached epsilon at step 1549, loss sum: 115.9113, final loss: 0.00099564, weight distance: 0.0788
2025-09-23 01:23:45,592 - INFO - Example /home/projects/bagon/shared/imagenet512/val/n02894605/ILSVRC2012_val_00044923.JPEG reached epsilon at step 571, loss sum: 70.6599, final loss: 0.00099850, weight distance: 0.0386
2025-09-23 01:23:54,802 - INFO - Example /home/projects/bagon/shared/imagenet512/val/n02843684/ILSVRC2012_val_00002647.JPEG reached epsilon at step 562, loss sum: 284.4905, final loss: 0.00099277, weight distance: 0.0424
2025-09-23 01:24:10,384 - INFO - Example /home/projects/bagon/shared/imagenet512/val/n03481172/ILSVRC2012_val_00001591.JPEG reached epsilon at step 962, loss sum: 1495.5496, final loss: 0.00099182, weight distance: 0.0689
2025-09-23 01:24:21,867 - INFO - Example /home/projects/bagon/shared/imagenet512/val/n07684084/ILSVRC2012_val_00012379.JPEG reached epsilon at step 712, loss sum: 881.9499, final loss: 0.00099659, weight distance: 0.0548
2025-09-23 01:24:47,549 - INFO - Example /home/projects/bagon/shared/imagenet512/val/n03970156/ILSVRC2012_val_00046400.JPEG reached epsilon at step 1637, loss sum: 2116.9871, final loss: 0.00098801, weight distance: 0.1150
2025-09-23 01:25:01,547 - INFO - Example /home/projects/bagon/shared/imagenet512/val/n04141975/ILSVRC2012_val_00007472.JPEG reached epsilon at step 875, loss sum: 1371.6056, final loss: 0.00098991, weight distance: 0.0674
2025-09-23 01:25:18,328 - INFO - Example /home/projects/bagon/shared/imagenet512/val/n02871525/ILSVRC2012_val_00041619.JPEG reached epsilon at step 1053, loss sum: 912.7917, final loss: 0.00099945, weight distance: 0.0668
2025-09-23 01:25:36,297 - INFO - Example /home/projects/bagon/shared/imagenet512/val/n03759954/ILSVRC2012_val_00010804.JPEG reached epsilon at step 1123, loss sum: 1327.6293, final loss: 0.00099564, weight distance: 0.0803
2025-09-23 01:25:51,110 - INFO - Example /home/projects/bagon/shared/imagenet512/val/n04311004/ILSVRC2012_val_00026411.JPEG reached epsilon at step 929, loss sum: 915.3583, final loss: 0.00099754, weight distance: 0.0667
2025-09-23 01:26:09,608 - INFO - Example /home/projects/bagon/shared/imagenet512/val/n03976657/ILSVRC2012_val_00046123.JPEG reached epsilon at step 1166, loss sum: 1232.0209, final loss: 0.00098896, weight distance: 0.0820
2025-09-23 01:26:21,917 - INFO - Example /home/projects/bagon/shared/imagenet512/val/n02091244/ILSVRC2012_val_00014107.JPEG reached epsilon at step 765, loss sum: 312.8085, final loss: 0.00098896, weight distance: 0.0539
2025-09-23 01:26:35,599 - INFO - Example /home/projects/bagon/shared/imagenet512/val/n03291819/ILSVRC2012_val_00046025.JPEG reached epsilon at step 826, loss sum: 843.8121, final loss: 0.00098610, weight distance: 0.0592
2025-09-23 01:26:52,482 - INFO - Example /home/projects/bagon/shared/imagenet512/val/n03710721/ILSVRC2012_val_00018600.JPEG reached epsilon at step 1010, loss sum: 308.8337, final loss: 0.00099754, weight distance: 0.0722
2025-09-23 01:27:06,758 - INFO - Example /home/projects/bagon/shared/imagenet512/val/n03887697/ILSVRC2012_val_00006771.JPEG reached epsilon at step 882, loss sum: 387.5582, final loss: 0.00099468, weight distance: 0.0530
2025-09-23 01:27:16,895 - INFO - Example /home/projects/bagon/shared/imagenet512/val/n04286575/ILSVRC2012_val_00045535.JPEG reached epsilon at step 617, loss sum: 269.9730, final loss: 0.00099659, weight distance: 0.0413
2025-09-23 01:27:31,849 - INFO - Example /home/projects/bagon/shared/imagenet512/val/n02325366/ILSVRC2012_val_00025889.JPEG reached epsilon at step 933, loss sum: 188.1421, final loss: 0.00099564, weight distance: 0.0568
2025-09-23 01:27:46,281 - INFO - Example /home/projects/bagon/shared/imagenet512/val/n04550184/ILSVRC2012_val_00041236.JPEG reached epsilon at step 867, loss sum: 1363.1139, final loss: 0.00099945, weight distance: 0.0637
2025-09-23 01:28:09,231 - INFO - Example /home/projects/bagon/shared/imagenet512/val/n02871525/ILSVRC2012_val_00012973.JPEG reached epsilon at step 1460, loss sum: 607.7679, final loss: 0.00099659, weight distance: 0.0824
2025-09-23 01:28:29,198 - INFO - Example /home/projects/bagon/shared/imagenet512/val/n02988304/ILSVRC2012_val_00036782.JPEG reached epsilon at step 1257, loss sum: 1238.4931, final loss: 0.00098896, weight distance: 0.0856
2025-09-23 01:28:41,908 - INFO - Example /home/projects/bagon/shared/imagenet512/val/n04118776/ILSVRC2012_val_00002870.JPEG reached epsilon at step 772, loss sum: 865.4428, final loss: 0.00099564, weight distance: 0.0622
2025-09-23 01:28:58,648 - INFO - Example /home/projects/bagon/shared/imagenet512/val/n04154565/ILSVRC2012_val_00020251.JPEG reached epsilon at step 1005, loss sum: 714.8030, final loss: 0.00099659, weight distance: 0.0704
2025-09-23 01:29:16,704 - INFO - Example /home/projects/bagon/shared/imagenet512/val/n02974003/ILSVRC2012_val_00014292.JPEG reached epsilon at step 1041, loss sum: 572.9272, final loss: 0.00098705, weight distance: 0.0693
2025-09-23 01:29:35,276 - INFO - Example /home/projects/bagon/shared/imagenet512/val/n02979186/ILSVRC2012_val_00008651.JPEG reached epsilon at step 1142, loss sum: 176.1311, final loss: 0.00099945, weight distance: 0.0758
2025-09-23 01:30:04,269 - INFO - Example /home/projects/bagon/shared/imagenet512/val/n02106030/ILSVRC2012_val_00016572.JPEG reached epsilon at step 1802, loss sum: 203.5482, final loss: 0.00099468, weight distance: 0.0940
2025-09-23 01:30:15,690 - INFO - Example /home/projects/bagon/shared/imagenet512/val/n04366367/ILSVRC2012_val_00024513.JPEG reached epsilon at step 687, loss sum: 462.6396, final loss: 0.00099754, weight distance: 0.0537
2025-09-23 01:30:39,513 - INFO - Example /home/projects/bagon/shared/imagenet512/val/n04392985/ILSVRC2012_val_00005881.JPEG reached epsilon at step 1457, loss sum: 309.0615, final loss: 0.00099659, weight distance: 0.0780
2025-09-23 01:30:57,363 - INFO - Example /home/projects/bagon/shared/imagenet512/val/n03933933/ILSVRC2012_val_00033399.JPEG reached epsilon at step 1119, loss sum: 832.5448, final loss: 0.00099277, weight distance: 0.0658
2025-09-23 01:31:12,339 - INFO - Example /home/projects/bagon/shared/imagenet512/val/n04398044/ILSVRC2012_val_00039681.JPEG reached epsilon at step 924, loss sum: 80.7114, final loss: 0.00099850, weight distance: 0.0558
2025-09-23 01:31:23,738 - INFO - Example /home/projects/bagon/shared/imagenet512/val/n02088466/ILSVRC2012_val_00013651.JPEG reached epsilon at step 567, loss sum: 233.5628, final loss: 0.00099754, weight distance: 0.0429
2025-09-23 01:31:33,019 - INFO - Example /home/projects/bagon/shared/imagenet512/val/n02971356/ILSVRC2012_val_00041798.JPEG reached epsilon at step 527, loss sum: 99.3776, final loss: 0.00099659, weight distance: 0.0380
2025-09-23 01:31:46,444 - INFO - Example /home/projects/bagon/shared/imagenet512/val/n03498962/ILSVRC2012_val_00013140.JPEG reached epsilon at step 833, loss sum: 379.1187, final loss: 0.00099087, weight distance: 0.0575
2025-09-23 01:32:00,300 - INFO - Example /home/projects/bagon/shared/imagenet512/val/n04357314/ILSVRC2012_val_00016521.JPEG reached epsilon at step 851, loss sum: 419.9517, final loss: 0.00099087, weight distance: 0.0594
2025-09-23 01:32:19,534 - INFO - Example /home/projects/bagon/shared/imagenet512/val/n04596742/ILSVRC2012_val_00015856.JPEG reached epsilon at step 1191, loss sum: 1913.3993, final loss: 0.00099659, weight distance: 0.0813
2025-09-23 01:32:44,379 - INFO - Example /home/projects/bagon/shared/imagenet512/val/n04355933/ILSVRC2012_val_00039909.JPEG reached epsilon at step 1573, loss sum: 352.0278, final loss: 0.00099564, weight distance: 0.0825
2025-09-23 01:33:09,623 - INFO - Example /home/projects/bagon/shared/imagenet512/val/n01773797/ILSVRC2012_val_00043646.JPEG reached epsilon at step 1578, loss sum: 682.5045, final loss: 0.00099945, weight distance: 0.0777
2025-09-23 01:33:32,592 - INFO - Example /home/projects/bagon/shared/imagenet512/val/n02669723/ILSVRC2012_val_00037014.JPEG reached epsilon at step 1439, loss sum: 1497.0048, final loss: 0.00099564, weight distance: 0.0852
2025-09-23 01:33:53,088 - INFO - Example /home/projects/bagon/shared/imagenet512/val/n09421951/ILSVRC2012_val_00020343.JPEG reached epsilon at step 1297, loss sum: 696.4478, final loss: 0.00099945, weight distance: 0.0823
2025-09-23 01:34:21,610 - INFO - Example /home/projects/bagon/shared/imagenet512/val/n02089078/ILSVRC2012_val_00029836.JPEG reached epsilon at step 1790, loss sum: 1269.1203, final loss: 0.00099564, weight distance: 0.1002
2025-09-23 01:34:37,143 - INFO - Example /home/projects/bagon/shared/imagenet512/val/n04286575/ILSVRC2012_val_00046750.JPEG reached epsilon at step 953, loss sum: 712.2114, final loss: 0.00099659, weight distance: 0.0632
2025-09-23 01:34:59,889 - INFO - Example /home/projects/bagon/shared/imagenet512/val/n07930864/ILSVRC2012_val_00046595.JPEG reached epsilon at step 1456, loss sum: 625.4541, final loss: 0.00099850, weight distance: 0.0885
2025-09-23 01:35:22,684 - INFO - Example /home/projects/bagon/shared/imagenet512/val/n02089973/ILSVRC2012_val_00001777.JPEG reached epsilon at step 1444, loss sum: 256.1308, final loss: 0.00099659, weight distance: 0.0775
2025-09-23 01:35:47,465 - INFO - Example /home/projects/bagon/shared/imagenet512/val/n02107312/ILSVRC2012_val_00016543.JPEG reached epsilon at step 1581, loss sum: 2199.5773, final loss: 0.00099945, weight distance: 0.1008
2025-09-23 01:36:06,305 - INFO - Example /home/projects/bagon/shared/imagenet512/val/n02669723/ILSVRC2012_val_00016845.JPEG reached epsilon at step 1192, loss sum: 137.9253, final loss: 0.00098801, weight distance: 0.0646
2025-09-23 01:36:17,128 - INFO - Example /home/projects/bagon/shared/imagenet512/val/n02264363/ILSVRC2012_val_00036196.JPEG reached epsilon at step 664, loss sum: 475.1450, final loss: 0.00099850, weight distance: 0.0523
2025-09-23 01:36:46,045 - INFO - Example /home/projects/bagon/shared/imagenet512/val/n04560804/ILSVRC2012_val_00005897.JPEG reached epsilon at step 1836, loss sum: 984.8805, final loss: 0.00099945, weight distance: 0.1074
2025-09-23 01:37:02,653 - INFO - Example /home/projects/bagon/shared/imagenet512/val/n02165105/ILSVRC2012_val_00048224.JPEG reached epsilon at step 1051, loss sum: 1007.5428, final loss: 0.00099277, weight distance: 0.0711
2025-09-23 01:37:20,149 - INFO - Example /home/projects/bagon/shared/imagenet512/val/n02111500/ILSVRC2012_val_00022990.JPEG reached epsilon at step 1083, loss sum: 538.4520, final loss: 0.00099659, weight distance: 0.0661
2025-09-23 01:37:39,505 - INFO - Example /home/projects/bagon/shared/imagenet512/val/n02096294/ILSVRC2012_val_00042022.JPEG reached epsilon at step 1222, loss sum: 314.1702, final loss: 0.00099945, weight distance: 0.0745
2025-09-23 01:38:03,284 - INFO - Example /home/projects/bagon/shared/imagenet512/val/n03642806/ILSVRC2012_val_00031843.JPEG reached epsilon at step 1510, loss sum: 898.1351, final loss: 0.00099945, weight distance: 0.0811
2025-09-23 01:38:20,069 - INFO - Example /home/projects/bagon/shared/imagenet512/val/n03908618/ILSVRC2012_val_00037720.JPEG reached epsilon at step 1049, loss sum: 710.3373, final loss: 0.00099754, weight distance: 0.0740
2025-09-23 01:38:48,690 - INFO - Example /home/projects/bagon/shared/imagenet512/val/n01756291/ILSVRC2012_val_00013574.JPEG reached epsilon at step 1831, loss sum: 1003.8384, final loss: 0.00099850, weight distance: 0.1025
2025-09-23 01:38:57,972 - INFO - Example /home/projects/bagon/shared/imagenet512/val/n07711569/ILSVRC2012_val_00012168.JPEG reached epsilon at step 566, loss sum: 264.6983, final loss: 0.00099564, weight distance: 0.0440
2025-09-23 01:39:06,487 - INFO - Example /home/projects/bagon/shared/imagenet512/val/n02134418/ILSVRC2012_val_00038825.JPEG reached epsilon at step 515, loss sum: 240.5702, final loss: 0.00099945, weight distance: 0.0409
2025-09-23 01:39:18,871 - INFO - Example /home/projects/bagon/shared/imagenet512/val/n04557648/ILSVRC2012_val_00019201.JPEG reached epsilon at step 765, loss sum: 675.5549, final loss: 0.00099945, weight distance: 0.0535
2025-09-23 01:39:39,648 - INFO - Example /home/projects/bagon/shared/imagenet512/val/n02097209/ILSVRC2012_val_00028518.JPEG reached epsilon at step 1314, loss sum: 228.4267, final loss: 0.00099564, weight distance: 0.0745
2025-09-23 01:39:51,922 - INFO - Example /home/projects/bagon/shared/imagenet512/val/n03770679/ILSVRC2012_val_00032380.JPEG reached epsilon at step 762, loss sum: 116.4789, final loss: 0.00099754, weight distance: 0.0514
2025-09-23 01:40:08,262 - INFO - Example /home/projects/bagon/shared/imagenet512/val/n03089624/ILSVRC2012_val_00025322.JPEG reached epsilon at step 1020, loss sum: 390.9169, final loss: 0.00099087, weight distance: 0.0630
2025-09-23 01:40:16,794 - INFO - Example /home/projects/bagon/shared/imagenet512/val/n03240683/ILSVRC2012_val_00018696.JPEG reached epsilon at step 516, loss sum: 64.0653, final loss: 0.00099945, weight distance: 0.0379
2025-09-23 01:40:34,957 - INFO - Example /home/projects/bagon/shared/imagenet512/val/n04560804/ILSVRC2012_val_00049156.JPEG reached epsilon at step 1143, loss sum: 478.0266, final loss: 0.00098801, weight distance: 0.0725
2025-09-23 01:40:46,961 - INFO - Example /home/projects/bagon/shared/imagenet512/val/n07248320/ILSVRC2012_val_00038591.JPEG reached epsilon at step 745, loss sum: 395.5874, final loss: 0.00099564, weight distance: 0.0533
2025-09-23 01:41:10,693 - INFO - Example /home/projects/bagon/shared/imagenet512/val/n02123159/ILSVRC2012_val_00017486.JPEG reached epsilon at step 1520, loss sum: 1476.8335, final loss: 0.00099754, weight distance: 0.0930
2025-09-23 01:41:24,355 - INFO - Example /home/projects/bagon/shared/imagenet512/val/n07684084/ILSVRC2012_val_00034151.JPEG reached epsilon at step 825, loss sum: 861.5340, final loss: 0.00098991, weight distance: 0.0646
2025-09-23 01:41:48,773 - INFO - Example /home/projects/bagon/shared/imagenet512/val/n03773504/ILSVRC2012_val_00019081.JPEG reached epsilon at step 1557, loss sum: 234.9862, final loss: 0.00099754, weight distance: 0.0859
2025-09-23 01:41:59,152 - INFO - Example /home/projects/bagon/shared/imagenet512/val/n02123394/ILSVRC2012_val_00010218.JPEG reached epsilon at step 641, loss sum: 271.1221, final loss: 0.00099468, weight distance: 0.0469
2025-09-23 01:42:09,443 - INFO - Example /home/projects/bagon/shared/imagenet512/val/n04239074/ILSVRC2012_val_00003278.JPEG reached epsilon at step 635, loss sum: 39.9595, final loss: 0.00099850, weight distance: 0.0399
2025-09-23 01:42:28,019 - INFO - Example /home/projects/bagon/shared/imagenet512/val/n04560804/ILSVRC2012_val_00034852.JPEG reached epsilon at step 1175, loss sum: 447.4625, final loss: 0.00099468, weight distance: 0.0713
2025-09-23 01:42:44,820 - INFO - Example /home/projects/bagon/shared/imagenet512/val/n01749939/ILSVRC2012_val_00008788.JPEG reached epsilon at step 1063, loss sum: 564.1170, final loss: 0.00099754, weight distance: 0.0752
2025-09-23 01:43:00,934 - INFO - Example /home/projects/bagon/shared/imagenet512/val/n01514668/ILSVRC2012_val_00010208.JPEG reached epsilon at step 1018, loss sum: 166.9390, final loss: 0.00099087, weight distance: 0.0636
2025-09-23 01:43:17,553 - INFO - Example /home/projects/bagon/shared/imagenet512/val/n02114548/ILSVRC2012_val_00016243.JPEG reached epsilon at step 1062, loss sum: 202.9996, final loss: 0.00099468, weight distance: 0.0593
2025-09-23 01:43:27,262 - INFO - Example /home/projects/bagon/shared/imagenet512/val/n07749582/ILSVRC2012_val_00033348.JPEG reached epsilon at step 591, loss sum: 145.8444, final loss: 0.00099754, weight distance: 0.0456
2025-09-23 01:43:44,283 - INFO - Example /home/projects/bagon/shared/imagenet512/val/n03179701/ILSVRC2012_val_00032198.JPEG reached epsilon at step 1070, loss sum: 285.1476, final loss: 0.00098515, weight distance: 0.0675
2025-09-23 01:44:00,693 - INFO - Example /home/projects/bagon/shared/imagenet512/val/n04579145/ILSVRC2012_val_00031287.JPEG reached epsilon at step 1025, loss sum: 2009.1925, final loss: 0.00099277, weight distance: 0.0778
2025-09-23 01:44:13,545 - INFO - Example /home/projects/bagon/shared/imagenet512/val/n02510455/ILSVRC2012_val_00022427.JPEG reached epsilon at step 798, loss sum: 2559.1304, final loss: 0.00099945, weight distance: 0.0679
2025-09-23 01:44:30,694 - INFO - Example /home/projects/bagon/shared/imagenet512/val/n04286575/ILSVRC2012_val_00036296.JPEG reached epsilon at step 1076, loss sum: 649.6477, final loss: 0.00099182, weight distance: 0.0721
2025-09-23 01:44:46,142 - INFO - Example /home/projects/bagon/shared/imagenet512/val/n02747177/ILSVRC2012_val_00028319.JPEG reached epsilon at step 969, loss sum: 987.8249, final loss: 0.00099945, weight distance: 0.0675
2025-09-23 01:45:03,787 - INFO - Example /home/projects/bagon/shared/imagenet512/val/n04443257/ILSVRC2012_val_00035695.JPEG reached epsilon at step 1111, loss sum: 364.5318, final loss: 0.00099277, weight distance: 0.0692
2025-09-23 01:45:22,840 - INFO - Example /home/projects/bagon/shared/imagenet512/val/n02999410/ILSVRC2012_val_00034338.JPEG reached epsilon at step 1195, loss sum: 1523.4103, final loss: 0.00099277, weight distance: 0.0822
2025-09-23 01:45:39,673 - INFO - Example /home/projects/bagon/shared/imagenet512/val/n02096437/ILSVRC2012_val_00030588.JPEG reached epsilon at step 1053, loss sum: 1256.4437, final loss: 0.00099850, weight distance: 0.0766
2025-09-23 01:45:55,537 - INFO - Example /home/projects/bagon/shared/imagenet512/val/n04443257/ILSVRC2012_val_00029997.JPEG reached epsilon at step 993, loss sum: 207.7482, final loss: 0.00099373, weight distance: 0.0601
2025-09-23 01:46:07,906 - INFO - Example /home/projects/bagon/shared/imagenet512/val/n02939185/ILSVRC2012_val_00011050.JPEG reached epsilon at step 763, loss sum: 950.1781, final loss: 0.00099850, weight distance: 0.0597
2025-09-23 01:46:22,469 - INFO - Example /home/projects/bagon/shared/imagenet512/val/n02916936/ILSVRC2012_val_00038590.JPEG reached epsilon at step 905, loss sum: 1218.2988, final loss: 0.00099468, weight distance: 0.0626
2025-09-23 01:46:33,400 - INFO - Example /home/projects/bagon/shared/imagenet512/val/n04532106/ILSVRC2012_val_00048541.JPEG reached epsilon at step 672, loss sum: 1167.1311, final loss: 0.00099945, weight distance: 0.0567
2025-09-23 01:46:45,301 - INFO - Example /home/projects/bagon/shared/imagenet512/val/n04131690/ILSVRC2012_val_00009150.JPEG reached epsilon at step 734, loss sum: 585.4498, final loss: 0.00098896, weight distance: 0.0563
2025-09-23 01:46:58,372 - INFO - Example /home/projects/bagon/shared/imagenet512/val/n04023962/ILSVRC2012_val_00009676.JPEG reached epsilon at step 808, loss sum: 1290.3616, final loss: 0.00098705, weight distance: 0.0660
2025-09-23 01:47:14,293 - INFO - Example /home/projects/bagon/shared/imagenet512/val/n02834397/ILSVRC2012_val_00046879.JPEG reached epsilon at step 996, loss sum: 1444.1702, final loss: 0.00099945, weight distance: 0.0740
2025-09-23 01:47:40,388 - INFO - Example /home/projects/bagon/shared/imagenet512/val/n02113712/ILSVRC2012_val_00028246.JPEG reached epsilon at step 1665, loss sum: 327.8998, final loss: 0.00098801, weight distance: 0.0913
2025-09-23 01:47:56,167 - INFO - Example /home/projects/bagon/shared/imagenet512/val/n02092002/ILSVRC2012_val_00049206.JPEG reached epsilon at step 991, loss sum: 284.8981, final loss: 0.00099945, weight distance: 0.0657
2025-09-23 01:48:11,861 - INFO - Example /home/projects/bagon/shared/imagenet512/val/n02094433/ILSVRC2012_val_00019702.JPEG reached epsilon at step 984, loss sum: 267.0505, final loss: 0.00099754, weight distance: 0.0648
2025-09-23 01:48:35,032 - INFO - Example /home/projects/bagon/shared/imagenet512/val/n02123159/ILSVRC2012_val_00025723.JPEG reached epsilon at step 1453, loss sum: 306.9495, final loss: 0.00099850, weight distance: 0.0894
2025-09-23 01:48:42,042 - INFO - Example /home/projects/bagon/shared/imagenet512/val/n06874185/ILSVRC2012_val_00006593.JPEG reached epsilon at step 417, loss sum: 96.9308, final loss: 0.00099754, weight distance: 0.0316
2025-09-23 01:48:57,770 - INFO - Example /home/projects/bagon/shared/imagenet512/val/n01753488/ILSVRC2012_val_00036910.JPEG reached epsilon at step 970, loss sum: 141.0265, final loss: 0.00099659, weight distance: 0.0603
2025-09-23 01:49:14,684 - INFO - Example /home/projects/bagon/shared/imagenet512/val/n03180011/ILSVRC2012_val_00009325.JPEG reached epsilon at step 1046, loss sum: 194.3933, final loss: 0.00099945, weight distance: 0.0668
2025-09-23 01:49:27,976 - INFO - Example /home/projects/bagon/shared/imagenet512/val/n02504458/ILSVRC2012_val_00030840.JPEG reached epsilon at step 822, loss sum: 159.2413, final loss: 0.00099945, weight distance: 0.0517
2025-09-23 01:49:46,372 - INFO - Example /home/projects/bagon/shared/imagenet512/val/n02395406/ILSVRC2012_val_00032734.JPEG reached epsilon at step 1157, loss sum: 2835.6100, final loss: 0.00099468, weight distance: 0.0815
2025-09-23 01:50:01,238 - INFO - Example /home/projects/bagon/shared/imagenet512/val/n04009552/ILSVRC2012_val_00006864.JPEG reached epsilon at step 928, loss sum: 363.9288, final loss: 0.00099754, weight distance: 0.0655
2025-09-23 01:50:15,011 - INFO - Example /home/projects/bagon/shared/imagenet512/val/n04591713/ILSVRC2012_val_00019154.JPEG reached epsilon at step 857, loss sum: 947.8984, final loss: 0.00099564, weight distance: 0.0579
2025-09-23 01:50:26,253 - INFO - Example /home/projects/bagon/shared/imagenet512/val/n04004767/ILSVRC2012_val_00047083.JPEG reached epsilon at step 693, loss sum: 164.8995, final loss: 0.00099468, weight distance: 0.0478
2025-09-23 01:50:39,998 - INFO - Example /home/projects/bagon/shared/imagenet512/val/n04357314/ILSVRC2012_val_00003757.JPEG reached epsilon at step 857, loss sum: 408.0476, final loss: 0.00099564, weight distance: 0.0574
2025-09-23 01:50:55,729 - INFO - Example /home/projects/bagon/shared/imagenet512/val/n04328186/ILSVRC2012_val_00007145.JPEG reached epsilon at step 981, loss sum: 488.1638, final loss: 0.00099373, weight distance: 0.0633
2025-09-23 01:51:11,773 - INFO - Example /home/projects/bagon/shared/imagenet512/val/n03485407/ILSVRC2012_val_00005121.JPEG reached epsilon at step 1002, loss sum: 667.6068, final loss: 0.00099277, weight distance: 0.0700
2025-09-23 01:51:29,628 - INFO - Example /home/projects/bagon/shared/imagenet512/val/n02895154/ILSVRC2012_val_00045316.JPEG reached epsilon at step 1113, loss sum: 326.8237, final loss: 0.00099754, weight distance: 0.0696
2025-09-23 01:51:49,467 - INFO - Example /home/projects/bagon/shared/imagenet512/val/n03447721/ILSVRC2012_val_00004592.JPEG reached epsilon at step 1222, loss sum: 618.4266, final loss: 0.00099182, weight distance: 0.0766
2025-09-23 01:52:13,730 - INFO - Example /home/projects/bagon/shared/imagenet512/val/n04264628/ILSVRC2012_val_00027171.JPEG reached epsilon at step 1537, loss sum: 421.8056, final loss: 0.00098896, weight distance: 0.0788
2025-09-23 01:52:25,202 - INFO - Example /home/projects/bagon/shared/imagenet512/val/n04344873/ILSVRC2012_val_00010519.JPEG reached epsilon at step 707, loss sum: 170.4025, final loss: 0.00099564, weight distance: 0.0481
2025-09-23 01:52:34,785 - INFO - Example /home/projects/bagon/shared/imagenet512/val/n02086079/ILSVRC2012_val_00031157.JPEG reached epsilon at step 587, loss sum: 125.3793, final loss: 0.00098991, weight distance: 0.0384
2025-09-23 01:52:40,871 - INFO - Example /home/projects/bagon/shared/imagenet512/val/n03697007/ILSVRC2012_val_00038106.JPEG reached epsilon at step 348, loss sum: 34.7841, final loss: 0.00099945, weight distance: 0.0268
2025-09-23 01:52:55,426 - INFO - Example /home/projects/bagon/shared/imagenet512/val/n03814639/ILSVRC2012_val_00002650.JPEG reached epsilon at step 893, loss sum: 1938.5685, final loss: 0.00099373, weight distance: 0.0725
2025-09-23 01:53:08,445 - INFO - Example /home/projects/bagon/shared/imagenet512/val/n04579432/ILSVRC2012_val_00021758.JPEG reached epsilon at step 804, loss sum: 1022.3790, final loss: 0.00098991, weight distance: 0.0639
2025-09-23 01:53:18,682 - INFO - Example /home/projects/bagon/shared/imagenet512/val/n03032252/ILSVRC2012_val_00041963.JPEG reached epsilon at step 626, loss sum: 536.3991, final loss: 0.00099087, weight distance: 0.0486
2025-09-23 01:53:28,862 - INFO - Example /home/projects/bagon/shared/imagenet512/val/n02883205/ILSVRC2012_val_00004987.JPEG reached epsilon at step 621, loss sum: 602.9151, final loss: 0.00099945, weight distance: 0.0504
2025-09-23 01:53:43,247 - INFO - Example /home/projects/bagon/shared/imagenet512/val/n03045698/ILSVRC2012_val_00026169.JPEG reached epsilon at step 893, loss sum: 510.6624, final loss: 0.00099564, weight distance: 0.0618
2025-09-23 01:53:59,008 - INFO - Example /home/projects/bagon/shared/imagenet512/val/n04131690/ILSVRC2012_val_00040437.JPEG reached epsilon at step 984, loss sum: 1470.5878, final loss: 0.00099373, weight distance: 0.0758
2025-09-23 01:54:30,881 - INFO - Example /home/projects/bagon/shared/imagenet512/val/n04356056/ILSVRC2012_val_00016044.JPEG reached epsilon at step 2042, loss sum: 1594.6722, final loss: 0.00099945, weight distance: 0.1112
2025-09-23 01:54:37,404 - INFO - Example /home/projects/bagon/shared/imagenet512/val/n03929660/ILSVRC2012_val_00036513.JPEG reached epsilon at step 386, loss sum: 367.5928, final loss: 0.00098991, weight distance: 0.0337
2025-09-23 01:54:51,070 - INFO - Example /home/projects/bagon/shared/imagenet512/val/n03776460/ILSVRC2012_val_00004607.JPEG reached epsilon at step 852, loss sum: 344.5329, final loss: 0.00099277, weight distance: 0.0567
2025-09-23 01:55:08,907 - INFO - Example /home/projects/bagon/shared/imagenet512/val/n02281787/ILSVRC2012_val_00032196.JPEG reached epsilon at step 1122, loss sum: 428.0334, final loss: 0.00099087, weight distance: 0.0757
2025-09-23 01:55:27,616 - INFO - Example /home/projects/bagon/shared/imagenet512/val/n01667114/ILSVRC2012_val_00046053.JPEG reached epsilon at step 1181, loss sum: 879.7167, final loss: 0.00099564, weight distance: 0.0705
2025-09-23 01:55:38,556 - INFO - Example /home/projects/bagon/shared/imagenet512/val/n03476684/ILSVRC2012_val_00012670.JPEG reached epsilon at step 659, loss sum: 1084.1680, final loss: 0.00099564, weight distance: 0.0548
2025-09-23 01:55:45,839 - INFO - Example /home/projects/bagon/shared/imagenet512/val/n02132136/ILSVRC2012_val_00035969.JPEG reached epsilon at step 434, loss sum: 416.5612, final loss: 0.00098801, weight distance: 0.0367
2025-09-23 01:55:59,935 - INFO - Example /home/projects/bagon/shared/imagenet512/val/n01514668/ILSVRC2012_val_00029921.JPEG reached epsilon at step 879, loss sum: 457.4566, final loss: 0.00098515, weight distance: 0.0609
2025-09-23 01:56:13,844 - INFO - Example /home/projects/bagon/shared/imagenet512/val/n03661043/ILSVRC2012_val_00009804.JPEG reached epsilon at step 863, loss sum: 320.9569, final loss: 0.00099945, weight distance: 0.0596
2025-09-23 01:56:26,659 - INFO - Example /home/projects/bagon/shared/imagenet512/val/n04332243/ILSVRC2012_val_00009360.JPEG reached epsilon at step 793, loss sum: 589.2091, final loss: 0.00098896, weight distance: 0.0622
2025-09-23 01:56:55,358 - INFO - Example /home/projects/bagon/shared/imagenet512/val/n04356056/ILSVRC2012_val_00047783.JPEG reached epsilon at step 1829, loss sum: 1053.9602, final loss: 0.00099468, weight distance: 0.1053
2025-09-23 01:57:05,780 - INFO - Example /home/projects/bagon/shared/imagenet512/val/n02104029/ILSVRC2012_val_00045545.JPEG reached epsilon at step 630, loss sum: 51.8628, final loss: 0.00099373, weight distance: 0.0385
2025-09-23 01:57:16,591 - INFO - Example /home/projects/bagon/shared/imagenet512/val/n04515003/ILSVRC2012_val_00043325.JPEG reached epsilon at step 662, loss sum: 102.2334, final loss: 0.00099373, weight distance: 0.0447
2025-09-23 01:57:31,194 - INFO - Example /home/projects/bagon/shared/imagenet512/val/n03028079/ILSVRC2012_val_00048853.JPEG reached epsilon at step 913, loss sum: 369.0645, final loss: 0.00099277, weight distance: 0.0638
2025-09-23 01:57:40,607 - INFO - Example /home/projects/bagon/shared/imagenet512/val/n03127925/ILSVRC2012_val_00001600.JPEG reached epsilon at step 571, loss sum: 635.2901, final loss: 0.00099754, weight distance: 0.0469
2025-09-23 01:57:55,971 - INFO - Example /home/projects/bagon/shared/imagenet512/val/n03877472/ILSVRC2012_val_00045869.JPEG reached epsilon at step 956, loss sum: 1594.6943, final loss: 0.00099373, weight distance: 0.0761
2025-09-23 01:58:04,532 - INFO - Example /home/projects/bagon/shared/imagenet512/val/n04127249/ILSVRC2012_val_00024308.JPEG reached epsilon at step 518, loss sum: 666.0780, final loss: 0.00099850, weight distance: 0.0459
2025-09-23 01:58:24,367 - INFO - Example /home/projects/bagon/shared/imagenet512/val/n02966687/ILSVRC2012_val_00001945.JPEG reached epsilon at step 1250, loss sum: 1919.6933, final loss: 0.00099850, weight distance: 0.0873
2025-09-23 01:58:39,155 - INFO - Example /home/projects/bagon/shared/imagenet512/val/n04131690/ILSVRC2012_val_00048078.JPEG reached epsilon at step 924, loss sum: 1274.2778, final loss: 0.00099564, weight distance: 0.0674
2025-09-23 01:58:49,216 - INFO - Example /home/projects/bagon/shared/imagenet512/val/n02865351/ILSVRC2012_val_00038373.JPEG reached epsilon at step 609, loss sum: 129.5361, final loss: 0.00099659, weight distance: 0.0431
2025-09-23 01:59:11,730 - INFO - Example /home/projects/bagon/shared/imagenet512/val/n02094433/ILSVRC2012_val_00011893.JPEG reached epsilon at step 1425, loss sum: 1528.5746, final loss: 0.00099087, weight distance: 0.0828
2025-09-23 01:59:39,708 - INFO - Example /home/projects/bagon/shared/imagenet512/val/n03782006/ILSVRC2012_val_00010327.JPEG reached epsilon at step 1734, loss sum: 715.1979, final loss: 0.00099754, weight distance: 0.0992
2025-09-23 01:59:46,285 - INFO - Example /home/projects/bagon/shared/imagenet512/val/n03388043/ILSVRC2012_val_00016406.JPEG reached epsilon at step 390, loss sum: 284.1060, final loss: 0.00098991, weight distance: 0.0341
2025-09-23 01:59:57,009 - INFO - Example /home/projects/bagon/shared/imagenet512/val/n07248320/ILSVRC2012_val_00036093.JPEG reached epsilon at step 659, loss sum: 47.7723, final loss: 0.00099182, weight distance: 0.0361
2025-09-23 02:00:02,491 - INFO - Example /home/projects/bagon/shared/imagenet512/val/n01873310/ILSVRC2012_val_00044256.JPEG reached epsilon at step 316, loss sum: 30.4954, final loss: 0.00098515, weight distance: 0.0241
2025-09-23 02:00:19,364 - INFO - Example /home/projects/bagon/shared/imagenet512/val/n04081281/ILSVRC2012_val_00007785.JPEG reached epsilon at step 1048, loss sum: 641.7734, final loss: 0.00099182, weight distance: 0.0741
2025-09-23 02:00:36,911 - INFO - Example /home/projects/bagon/shared/imagenet512/val/n02105412/ILSVRC2012_val_00002940.JPEG reached epsilon at step 1063, loss sum: 604.7604, final loss: 0.00099754, weight distance: 0.0731
2025-09-23 02:00:48,494 - INFO - Example /home/projects/bagon/shared/imagenet512/val/n02669723/ILSVRC2012_val_00047615.JPEG reached epsilon at step 712, loss sum: 108.5968, final loss: 0.00098610, weight distance: 0.0458
2025-09-23 02:01:10,118 - INFO - Example /home/projects/bagon/shared/imagenet512/val/n02107908/ILSVRC2012_val_00002989.JPEG reached epsilon at step 1357, loss sum: 338.4277, final loss: 0.00099754, weight distance: 0.0759
2025-09-23 02:01:43,140 - INFO - Example /home/projects/bagon/shared/imagenet512/val/n03710637/ILSVRC2012_val_00039482.JPEG reached epsilon at step 2100, loss sum: 330.6963, final loss: 0.00099182, weight distance: 0.1058
2025-09-23 02:01:51,531 - INFO - Example /home/projects/bagon/shared/imagenet512/val/n03903868/ILSVRC2012_val_00034941.JPEG reached epsilon at step 494, loss sum: 36.6920, final loss: 0.00099182, weight distance: 0.0352
2025-09-23 02:02:08,252 - INFO - Example /home/projects/bagon/shared/imagenet512/val/n02988304/ILSVRC2012_val_00012676.JPEG reached epsilon at step 1043, loss sum: 951.9561, final loss: 0.00099373, weight distance: 0.0716
2025-09-23 02:02:19,095 - INFO - Example /home/projects/bagon/shared/imagenet512/val/n03871628/ILSVRC2012_val_00049179.JPEG reached epsilon at step 668, loss sum: 92.7915, final loss: 0.00099945, weight distance: 0.0453
2025-09-23 02:02:41,714 - INFO - Example /home/projects/bagon/shared/imagenet512/val/n02114712/ILSVRC2012_val_00036997.JPEG reached epsilon at step 1426, loss sum: 855.7876, final loss: 0.00099754, weight distance: 0.0943
2025-09-23 02:02:51,201 - INFO - Example /home/projects/bagon/shared/imagenet512/val/n03843555/ILSVRC2012_val_00039328.JPEG reached epsilon at step 571, loss sum: 242.4916, final loss: 0.00099850, weight distance: 0.0445
2025-09-23 02:03:04,888 - INFO - Example /home/projects/bagon/shared/imagenet512/val/n02168699/ILSVRC2012_val_00028427.JPEG reached epsilon at step 851, loss sum: 269.6636, final loss: 0.00099945, weight distance: 0.0574
2025-09-23 02:03:14,702 - INFO - Example /home/projects/bagon/shared/imagenet512/val/n03272010/ILSVRC2012_val_00013005.JPEG reached epsilon at step 598, loss sum: 90.2801, final loss: 0.00098801, weight distance: 0.0436
2025-09-23 02:03:36,944 - INFO - Example /home/projects/bagon/shared/imagenet512/val/n03146219/ILSVRC2012_val_00027260.JPEG reached epsilon at step 1402, loss sum: 690.0052, final loss: 0.00099564, weight distance: 0.0731
2025-09-23 02:03:51,508 - INFO - Example /home/projects/bagon/shared/imagenet512/val/n03838899/ILSVRC2012_val_00032257.JPEG reached epsilon at step 901, loss sum: 902.5201, final loss: 0.00099564, weight distance: 0.0597
2025-09-23 02:04:06,284 - INFO - Example /home/projects/bagon/shared/imagenet512/val/n03485794/ILSVRC2012_val_00023745.JPEG reached epsilon at step 922, loss sum: 1445.1070, final loss: 0.00099659, weight distance: 0.0705
2025-09-23 02:04:20,934 - INFO - Example /home/projects/bagon/shared/imagenet512/val/n04447861/ILSVRC2012_val_00035000.JPEG reached epsilon at step 916, loss sum: 1265.2314, final loss: 0.00098896, weight distance: 0.0678
2025-09-23 02:04:48,604 - INFO - Example /home/projects/bagon/shared/imagenet512/val/n04356056/ILSVRC2012_val_00046814.JPEG reached epsilon at step 1748, loss sum: 1454.6815, final loss: 0.00099754, weight distance: 0.1007
2025-09-23 02:05:03,024 - INFO - Example /home/projects/bagon/shared/imagenet512/val/n04099969/ILSVRC2012_val_00013185.JPEG reached epsilon at step 903, loss sum: 1268.5822, final loss: 0.00099659, weight distance: 0.0699
2025-09-23 02:05:21,138 - INFO - Example /home/projects/bagon/shared/imagenet512/val/n01843065/ILSVRC2012_val_00024916.JPEG reached epsilon at step 1144, loss sum: 1173.2439, final loss: 0.00099468, weight distance: 0.0790
2025-09-23 02:05:35,580 - INFO - Example /home/projects/bagon/shared/imagenet512/val/n02841315/ILSVRC2012_val_00025826.JPEG reached epsilon at step 903, loss sum: 1145.5379, final loss: 0.00099182, weight distance: 0.0719
2025-09-23 02:05:45,302 - INFO - Example /home/projects/bagon/shared/imagenet512/val/n03000247/ILSVRC2012_val_00034857.JPEG reached epsilon at step 591, loss sum: 1208.3524, final loss: 0.00098705, weight distance: 0.0481
2025-09-23 02:06:02,246 - INFO - Example /home/projects/bagon/shared/imagenet512/val/n04493381/ILSVRC2012_val_00028127.JPEG reached epsilon at step 1059, loss sum: 595.7512, final loss: 0.00099373, weight distance: 0.0645
2025-09-23 02:06:25,319 - INFO - Example /home/projects/bagon/shared/imagenet512/val/n02979186/ILSVRC2012_val_00033657.JPEG reached epsilon at step 1456, loss sum: 480.7883, final loss: 0.00099277, weight distance: 0.0855
2025-09-23 02:06:34,247 - INFO - Example /home/projects/bagon/shared/imagenet512/val/n03485407/ILSVRC2012_val_00030517.JPEG reached epsilon at step 542, loss sum: 268.8056, final loss: 0.00099277, weight distance: 0.0414
2025-09-23 02:06:46,987 - INFO - Example /home/projects/bagon/shared/imagenet512/val/n04523525/ILSVRC2012_val_00048580.JPEG reached epsilon at step 775, loss sum: 189.5154, final loss: 0.00099850, weight distance: 0.0512
2025-09-23 02:06:56,891 - INFO - Example /home/projects/bagon/shared/imagenet512/val/n03903868/ILSVRC2012_val_00021853.JPEG reached epsilon at step 602, loss sum: 298.9333, final loss: 0.00098896, weight distance: 0.0460
2025-09-23 02:07:09,975 - INFO - Example /home/projects/bagon/shared/imagenet512/val/n01644900/ILSVRC2012_val_00047716.JPEG reached epsilon at step 815, loss sum: 552.7664, final loss: 0.00099564, weight distance: 0.0562
2025-09-23 02:07:23,933 - INFO - Example /home/projects/bagon/shared/imagenet512/val/n03888605/ILSVRC2012_val_00033964.JPEG reached epsilon at step 870, loss sum: 162.5453, final loss: 0.00098515, weight distance: 0.0583
2025-09-23 02:07:33,306 - INFO - Example /home/projects/bagon/shared/imagenet512/val/n02100877/ILSVRC2012_val_00000161.JPEG reached epsilon at step 561, loss sum: 307.6705, final loss: 0.00099754, weight distance: 0.0438
2025-09-23 02:07:46,697 - INFO - Example /home/projects/bagon/shared/imagenet512/val/n04037443/ILSVRC2012_val_00019812.JPEG reached epsilon at step 806, loss sum: 42.8384, final loss: 0.00099373, weight distance: 0.0447
2025-09-23 02:08:07,664 - INFO - Example /home/projects/bagon/shared/imagenet512/val/n09399592/ILSVRC2012_val_00032757.JPEG reached epsilon at step 1330, loss sum: 283.3984, final loss: 0.00098801, weight distance: 0.0765
2025-09-23 02:08:16,744 - INFO - Example /home/projects/bagon/shared/imagenet512/val/n07614500/ILSVRC2012_val_00038691.JPEG reached epsilon at step 547, loss sum: 49.9462, final loss: 0.00099277, weight distance: 0.0373
2025-09-23 02:08:28,768 - INFO - Example /home/projects/bagon/shared/imagenet512/val/n02395406/ILSVRC2012_val_00039055.JPEG reached epsilon at step 750, loss sum: 393.2108, final loss: 0.00099277, weight distance: 0.0511
2025-09-23 02:08:41,181 - INFO - Example /home/projects/bagon/shared/imagenet512/val/n04069434/ILSVRC2012_val_00048898.JPEG reached epsilon at step 771, loss sum: 230.7275, final loss: 0.00098705, weight distance: 0.0533
2025-09-23 02:08:50,186 - INFO - Example /home/projects/bagon/shared/imagenet512/val/n02814860/ILSVRC2012_val_00007490.JPEG reached epsilon at step 548, loss sum: 81.9365, final loss: 0.00099564, weight distance: 0.0393
2025-09-23 02:09:02,248 - INFO - Example /home/projects/bagon/shared/imagenet512/val/n07747607/ILSVRC2012_val_00034677.JPEG reached epsilon at step 738, loss sum: 282.9925, final loss: 0.00098991, weight distance: 0.0517
2025-09-23 02:09:15,796 - INFO - Example /home/projects/bagon/shared/imagenet512/val/n04192698/ILSVRC2012_val_00000232.JPEG reached epsilon at step 841, loss sum: 977.1789, final loss: 0.00099945, weight distance: 0.0621
2025-09-23 02:09:36,416 - INFO - Example /home/projects/bagon/shared/imagenet512/val/n04254777/ILSVRC2012_val_00013273.JPEG reached epsilon at step 1306, loss sum: 3230.2029, final loss: 0.00099277, weight distance: 0.1008
2025-09-23 02:09:52,290 - INFO - Example /home/projects/bagon/shared/imagenet512/val/n04286575/ILSVRC2012_val_00001679.JPEG reached epsilon at step 996, loss sum: 696.5490, final loss: 0.00099277, weight distance: 0.0689
2025-09-23 02:10:03,745 - INFO - Example /home/projects/bagon/shared/imagenet512/val/n02526121/ILSVRC2012_val_00013596.JPEG reached epsilon at step 710, loss sum: 535.8117, final loss: 0.00099754, weight distance: 0.0526
2025-09-23 02:10:19,254 - INFO - Example /home/projects/bagon/shared/imagenet512/val/n03924679/ILSVRC2012_val_00015449.JPEG reached epsilon at step 969, loss sum: 542.2112, final loss: 0.00099564, weight distance: 0.0664
2025-09-23 02:10:33,002 - INFO - Example /home/projects/bagon/shared/imagenet512/val/n04005630/ILSVRC2012_val_00004865.JPEG reached epsilon at step 855, loss sum: 618.4382, final loss: 0.00098896, weight distance: 0.0635
2025-09-23 02:10:49,639 - INFO - Example /home/projects/bagon/shared/imagenet512/val/n03045698/ILSVRC2012_val_00027135.JPEG reached epsilon at step 1016, loss sum: 925.1495, final loss: 0.00099564, weight distance: 0.0740
2025-09-23 02:10:59,303 - INFO - Example /home/projects/bagon/shared/imagenet512/val/n04442312/ILSVRC2012_val_00025862.JPEG reached epsilon at step 580, loss sum: 1275.1088, final loss: 0.00098896, weight distance: 0.0496
2025-09-23 02:11:22,254 - INFO - Example /home/projects/bagon/shared/imagenet512/val/n04443257/ILSVRC2012_val_00026257.JPEG reached epsilon at step 1448, loss sum: 938.1443, final loss: 0.00099850, weight distance: 0.0914
2025-09-23 02:11:53,570 - INFO - Example /home/projects/bagon/shared/imagenet512/val/n03773504/ILSVRC2012_val_00026955.JPEG reached epsilon at step 1992, loss sum: 754.5673, final loss: 0.00099277, weight distance: 0.0963
2025-09-23 02:12:01,896 - INFO - Example /home/projects/bagon/shared/imagenet512/val/n04162706/ILSVRC2012_val_00006153.JPEG reached epsilon at step 499, loss sum: 676.7224, final loss: 0.00098991, weight distance: 0.0426
2025-09-23 02:12:18,158 - INFO - Example /home/projects/bagon/shared/imagenet512/val/n02869837/ILSVRC2012_val_00017815.JPEG reached epsilon at step 1015, loss sum: 1858.7877, final loss: 0.00099087, weight distance: 0.0786
2025-09-23 02:12:32,301 - INFO - Example /home/projects/bagon/shared/imagenet512/val/n04067472/ILSVRC2012_val_00044147.JPEG reached epsilon at step 874, loss sum: 1580.5215, final loss: 0.00099468, weight distance: 0.0652
2025-09-23 02:12:51,203 - INFO - Example /home/projects/bagon/shared/imagenet512/val/n02123045/ILSVRC2012_val_00033490.JPEG reached epsilon at step 1188, loss sum: 194.8144, final loss: 0.00098515, weight distance: 0.0697
2025-09-23 02:13:06,919 - INFO - Example /home/projects/bagon/shared/imagenet512/val/n01644900/ILSVRC2012_val_00001938.JPEG reached epsilon at step 978, loss sum: 388.9855, final loss: 0.00099850, weight distance: 0.0652
2025-09-23 02:13:18,936 - INFO - Example /home/projects/bagon/shared/imagenet512/val/n03032252/ILSVRC2012_val_00030652.JPEG reached epsilon at step 721, loss sum: 238.1234, final loss: 0.00099754, weight distance: 0.0525
2025-09-23 02:13:29,629 - INFO - Example /home/projects/bagon/shared/imagenet512/val/n04239074/ILSVRC2012_val_00049429.JPEG reached epsilon at step 655, loss sum: 504.1378, final loss: 0.00099373, weight distance: 0.0492
2025-09-23 02:13:42,593 - INFO - Example /home/projects/bagon/shared/imagenet512/val/n02097298/ILSVRC2012_val_00017537.JPEG reached epsilon at step 793, loss sum: 127.1046, final loss: 0.00099373, weight distance: 0.0497
2025-09-23 02:13:51,804 - INFO - Example /home/projects/bagon/shared/imagenet512/val/n03017168/ILSVRC2012_val_00033140.JPEG reached epsilon at step 562, loss sum: 45.8310, final loss: 0.00099468, weight distance: 0.0386
2025-09-23 02:14:09,992 - INFO - Example /home/projects/bagon/shared/imagenet512/val/n09428293/ILSVRC2012_val_00049343.JPEG reached epsilon at step 1142, loss sum: 981.9341, final loss: 0.00099373, weight distance: 0.0731
2025-09-23 02:14:21,467 - INFO - Example /home/projects/bagon/shared/imagenet512/val/n03673027/ILSVRC2012_val_00044088.JPEG reached epsilon at step 703, loss sum: 679.9665, final loss: 0.00098801, weight distance: 0.0589
2025-09-23 02:14:38,551 - INFO - Example /home/projects/bagon/shared/imagenet512/val/n03637318/ILSVRC2012_val_00046581.JPEG reached epsilon at step 1069, loss sum: 987.0441, final loss: 0.00099564, weight distance: 0.0688
2025-09-23 02:14:58,034 - INFO - Example /home/projects/bagon/shared/imagenet512/val/n02794156/ILSVRC2012_val_00022041.JPEG reached epsilon at step 1224, loss sum: 1549.9323, final loss: 0.00099277, weight distance: 0.0840
2025-09-23 02:15:15,842 - INFO - Example /home/projects/bagon/shared/imagenet512/val/n02094114/ILSVRC2012_val_00049926.JPEG reached epsilon at step 1104, loss sum: 484.7148, final loss: 0.00099277, weight distance: 0.0703
2025-09-23 02:15:34,687 - INFO - Example /home/projects/bagon/shared/imagenet512/val/n07579787/ILSVRC2012_val_00009392.JPEG reached epsilon at step 1183, loss sum: 173.2249, final loss: 0.00099277, weight distance: 0.0625
2025-09-23 02:15:55,214 - INFO - Example /home/projects/bagon/shared/imagenet512/val/n03642806/ILSVRC2012_val_00021447.JPEG reached epsilon at step 1292, loss sum: 302.3863, final loss: 0.00099277, weight distance: 0.0805
2025-09-23 02:16:07,110 - INFO - Example /home/projects/bagon/shared/imagenet512/val/n04590129/ILSVRC2012_val_00011378.JPEG reached epsilon at step 733, loss sum: 516.3263, final loss: 0.00099468, weight distance: 0.0522
2025-09-23 02:16:24,344 - INFO - Example /home/projects/bagon/shared/imagenet512/val/n03125729/ILSVRC2012_val_00015525.JPEG reached epsilon at step 1079, loss sum: 1787.2257, final loss: 0.00099945, weight distance: 0.0690
2025-09-23 02:16:37,019 - INFO - Example /home/projects/bagon/shared/imagenet512/val/n04428191/ILSVRC2012_val_00014087.JPEG reached epsilon at step 788, loss sum: 132.2564, final loss: 0.00099087, weight distance: 0.0509
2025-09-23 02:16:53,602 - INFO - Example /home/projects/bagon/shared/imagenet512/val/n04370456/ILSVRC2012_val_00007413.JPEG reached epsilon at step 1038, loss sum: 653.1518, final loss: 0.00098896, weight distance: 0.0715
2025-09-23 02:17:04,334 - INFO - Example /home/projects/bagon/shared/imagenet512/val/n03877472/ILSVRC2012_val_00003443.JPEG reached epsilon at step 647, loss sum: 383.8901, final loss: 0.00099277, weight distance: 0.0507
2025-09-23 02:17:30,456 - INFO - Example /home/projects/bagon/shared/imagenet512/val/n04392985/ILSVRC2012_val_00023625.JPEG reached epsilon at step 1663, loss sum: 233.4847, final loss: 0.00099850, weight distance: 0.0879
2025-09-23 02:17:49,459 - INFO - Example /home/projects/bagon/shared/imagenet512/val/n13133613/ILSVRC2012_val_00012125.JPEG reached epsilon at step 1201, loss sum: 155.3750, final loss: 0.00099945, weight distance: 0.0702
2025-09-23 02:18:05,754 - INFO - Example /home/projects/bagon/shared/imagenet512/val/n03146219/ILSVRC2012_val_00021682.JPEG reached epsilon at step 1024, loss sum: 75.1128, final loss: 0.00099087, weight distance: 0.0580
2025-09-23 02:18:21,760 - INFO - Example /home/projects/bagon/shared/imagenet512/val/n04428191/ILSVRC2012_val_00034195.JPEG reached epsilon at step 994, loss sum: 389.3137, final loss: 0.00098896, weight distance: 0.0679
2025-09-23 02:18:42,945 - INFO - Example /home/projects/bagon/shared/imagenet512/val/n02988304/ILSVRC2012_val_00016465.JPEG reached epsilon at step 1333, loss sum: 291.2144, final loss: 0.00098896, weight distance: 0.0841
2025-09-23 02:18:58,146 - INFO - Example /home/projects/bagon/shared/imagenet512/val/n02494079/ILSVRC2012_val_00009682.JPEG reached epsilon at step 954, loss sum: 184.0015, final loss: 0.00099754, weight distance: 0.0606
2025-09-23 02:19:07,752 - INFO - Example /home/projects/bagon/shared/imagenet512/val/n04286575/ILSVRC2012_val_00037651.JPEG reached epsilon at step 590, loss sum: 49.1336, final loss: 0.00099277, weight distance: 0.0373
2025-09-23 02:19:21,112 - INFO - Example /home/projects/bagon/shared/imagenet512/val/n04370456/ILSVRC2012_val_00042525.JPEG reached epsilon at step 837, loss sum: 463.0567, final loss: 0.00099754, weight distance: 0.0607
2025-09-23 02:19:35,032 - INFO - Example /home/projects/bagon/shared/imagenet512/val/n02799071/ILSVRC2012_val_00011097.JPEG reached epsilon at step 876, loss sum: 452.9467, final loss: 0.00099373, weight distance: 0.0611
2025-09-23 02:19:48,181 - INFO - Example /home/projects/bagon/shared/imagenet512/val/n03476684/ILSVRC2012_val_00020105.JPEG reached epsilon at step 822, loss sum: 1452.1655, final loss: 0.00099468, weight distance: 0.0650
2025-09-23 02:20:05,438 - INFO - Example /home/projects/bagon/shared/imagenet512/val/n02815834/ILSVRC2012_val_00039087.JPEG reached epsilon at step 1087, loss sum: 1557.8259, final loss: 0.00099945, weight distance: 0.0796
2025-09-23 02:20:23,615 - INFO - Example /home/projects/bagon/shared/imagenet512/val/n03089624/ILSVRC2012_val_00027244.JPEG reached epsilon at step 1151, loss sum: 986.1797, final loss: 0.00099754, weight distance: 0.0825
2025-09-23 02:20:35,989 - INFO - Example /home/projects/bagon/shared/imagenet512/val/n03141823/ILSVRC2012_val_00026432.JPEG reached epsilon at step 765, loss sum: 673.2004, final loss: 0.00099277, weight distance: 0.0575
2025-09-23 02:20:55,726 - INFO - Example /home/projects/bagon/shared/imagenet512/val/n01984695/ILSVRC2012_val_00043359.JPEG reached epsilon at step 1232, loss sum: 531.4784, final loss: 0.00099659, weight distance: 0.0718
2025-09-23 02:21:07,843 - INFO - Example /home/projects/bagon/shared/imagenet512/val/n02100583/ILSVRC2012_val_00026854.JPEG reached epsilon at step 747, loss sum: 500.4804, final loss: 0.00099373, weight distance: 0.0552
2025-09-23 02:21:23,946 - INFO - Example /home/projects/bagon/shared/imagenet512/val/n04380533/ILSVRC2012_val_00030542.JPEG reached epsilon at step 1010, loss sum: 466.9154, final loss: 0.00099659, weight distance: 0.0600
2025-09-23 02:21:34,749 - INFO - Example /home/projects/bagon/shared/imagenet512/val/n03793489/ILSVRC2012_val_00029924.JPEG reached epsilon at step 663, loss sum: 843.1615, final loss: 0.00099277, weight distance: 0.0519
2025-09-23 02:21:43,570 - INFO - Example /home/projects/bagon/shared/imagenet512/val/n04599235/ILSVRC2012_val_00027561.JPEG reached epsilon at step 536, loss sum: 132.7313, final loss: 0.00099468, weight distance: 0.0382
2025-09-23 02:21:56,944 - INFO - Example /home/projects/bagon/shared/imagenet512/val/n02484975/ILSVRC2012_val_00026284.JPEG reached epsilon at step 829, loss sum: 434.7871, final loss: 0.00099564, weight distance: 0.0576
2025-09-23 02:22:06,882 - INFO - Example /home/projects/bagon/shared/imagenet512/val/n02105505/ILSVRC2012_val_00007246.JPEG reached epsilon at step 580, loss sum: 270.9852, final loss: 0.00099468, weight distance: 0.0461
2025-09-23 02:22:28,427 - INFO - Example /home/projects/bagon/shared/imagenet512/val/n02808440/ILSVRC2012_val_00013900.JPEG reached epsilon at step 1352, loss sum: 124.0914, final loss: 0.00099850, weight distance: 0.0723
2025-09-23 02:22:48,227 - INFO - Example /home/projects/bagon/shared/imagenet512/val/n02877765/ILSVRC2012_val_00032877.JPEG reached epsilon at step 1255, loss sum: 2327.2314, final loss: 0.00099087, weight distance: 0.0956
2025-09-23 02:22:58,713 - INFO - Example /home/projects/bagon/shared/imagenet512/val/n04286575/ILSVRC2012_val_00014051.JPEG reached epsilon at step 647, loss sum: 355.5171, final loss: 0.00099087, weight distance: 0.0486
2025-09-23 02:23:06,859 - INFO - Example /home/projects/bagon/shared/imagenet512/val/n02672831/ILSVRC2012_val_00040418.JPEG reached epsilon at step 491, loss sum: 279.6851, final loss: 0.00099182, weight distance: 0.0377
2025-09-23 02:23:22,658 - INFO - Example /home/projects/bagon/shared/imagenet512/val/n03777754/ILSVRC2012_val_00033556.JPEG reached epsilon at step 976, loss sum: 861.0892, final loss: 0.00099182, weight distance: 0.0702
2025-09-23 02:23:44,866 - INFO - Example /home/projects/bagon/shared/imagenet512/val/n03658185/ILSVRC2012_val_00048805.JPEG reached epsilon at step 1404, loss sum: 1864.6422, final loss: 0.00099850, weight distance: 0.0926
2025-09-23 02:24:03,484 - INFO - Example /home/projects/bagon/shared/imagenet512/val/n02895154/ILSVRC2012_val_00014013.JPEG reached epsilon at step 1166, loss sum: 410.2016, final loss: 0.00099850, weight distance: 0.0736
2025-09-23 02:24:19,604 - INFO - Example /home/projects/bagon/shared/imagenet512/val/n03085013/ILSVRC2012_val_00033563.JPEG reached epsilon at step 995, loss sum: 456.0611, final loss: 0.00099564, weight distance: 0.0648
2025-09-23 02:24:36,141 - INFO - Example /home/projects/bagon/shared/imagenet512/val/n03796401/ILSVRC2012_val_00042157.JPEG reached epsilon at step 1046, loss sum: 677.4678, final loss: 0.00099468, weight distance: 0.0733
2025-09-23 02:24:49,943 - INFO - Example /home/projects/bagon/shared/imagenet512/val/n04522168/ILSVRC2012_val_00039280.JPEG reached epsilon at step 856, loss sum: 112.0781, final loss: 0.00099087, weight distance: 0.0534
2025-09-23 02:25:09,066 - INFO - Example /home/projects/bagon/shared/imagenet512/val/n02102480/ILSVRC2012_val_00001414.JPEG reached epsilon at step 1201, loss sum: 714.0121, final loss: 0.00099277, weight distance: 0.0769
2025-09-23 02:25:19,584 - INFO - Example /home/projects/bagon/shared/imagenet512/val/n03062245/ILSVRC2012_val_00001471.JPEG reached epsilon at step 631, loss sum: 130.4308, final loss: 0.00099373, weight distance: 0.0439
2025-09-23 02:25:41,109 - INFO - Example /home/projects/bagon/shared/imagenet512/val/n02110185/ILSVRC2012_val_00006584.JPEG reached epsilon at step 1369, loss sum: 271.6371, final loss: 0.00099659, weight distance: 0.0743
2025-09-23 02:25:51,159 - INFO - Example /home/projects/bagon/shared/imagenet512/val/n04111531/ILSVRC2012_val_00019775.JPEG reached epsilon at step 615, loss sum: 385.4662, final loss: 0.00099850, weight distance: 0.0475
2025-09-23 02:26:05,681 - INFO - Example /home/projects/bagon/shared/imagenet512/val/n02988304/ILSVRC2012_val_00032988.JPEG reached epsilon at step 910, loss sum: 168.7760, final loss: 0.00099754, weight distance: 0.0604
2025-09-23 02:26:16,877 - INFO - Example /home/projects/bagon/shared/imagenet512/val/n03930630/ILSVRC2012_val_00029046.JPEG reached epsilon at step 680, loss sum: 115.1552, final loss: 0.00099182, weight distance: 0.0469
2025-09-23 02:26:31,327 - INFO - Example /home/projects/bagon/shared/imagenet512/val/n03874599/ILSVRC2012_val_00002115.JPEG reached epsilon at step 902, loss sum: 92.5502, final loss: 0.00099850, weight distance: 0.0525
2025-09-23 02:26:42,225 - INFO - Example /home/projects/bagon/shared/imagenet512/val/n01601694/ILSVRC2012_val_00021656.JPEG reached epsilon at step 662, loss sum: 411.1879, final loss: 0.00099373, weight distance: 0.0523
2025-09-23 02:26:56,797 - INFO - Example /home/projects/bagon/shared/imagenet512/val/n03089624/ILSVRC2012_val_00007851.JPEG reached epsilon at step 903, loss sum: 1309.8611, final loss: 0.00098991, weight distance: 0.0703
2025-09-23 02:27:08,780 - INFO - Example /home/projects/bagon/shared/imagenet512/val/n03032252/ILSVRC2012_val_00025487.JPEG reached epsilon at step 737, loss sum: 862.9384, final loss: 0.00099277, weight distance: 0.0559
2025-09-23 02:27:20,486 - INFO - Example /home/projects/bagon/shared/imagenet512/val/n04065272/ILSVRC2012_val_00002117.JPEG reached epsilon at step 724, loss sum: 768.0958, final loss: 0.00099468, weight distance: 0.0592
2025-09-23 02:27:35,350 - INFO - Example /home/projects/bagon/shared/imagenet512/val/n07932039/ILSVRC2012_val_00016466.JPEG reached epsilon at step 925, loss sum: 1042.4039, final loss: 0.00098801, weight distance: 0.0708
2025-09-23 02:27:58,603 - INFO - Example /home/projects/bagon/shared/imagenet512/val/n02769748/ILSVRC2012_val_00023651.JPEG reached epsilon at step 1467, loss sum: 3017.7024, final loss: 0.00099945, weight distance: 0.1081
2025-09-23 02:28:12,128 - INFO - Example /home/projects/bagon/shared/imagenet512/val/n04229816/ILSVRC2012_val_00014358.JPEG reached epsilon at step 841, loss sum: 734.1828, final loss: 0.00099182, weight distance: 0.0597
2025-09-23 02:28:18,914 - INFO - Example /home/projects/bagon/shared/imagenet512/val/n03980874/ILSVRC2012_val_00048173.JPEG reached epsilon at step 398, loss sum: 6.5102, final loss: 0.00099564, weight distance: 0.0246
2025-09-23 02:28:34,782 - INFO - Example /home/projects/bagon/shared/imagenet512/val/n03443371/ILSVRC2012_val_00023725.JPEG reached epsilon at step 995, loss sum: 546.4561, final loss: 0.00099277, weight distance: 0.0676
2025-09-23 02:28:51,886 - INFO - Example /home/projects/bagon/shared/imagenet512/val/n04591713/ILSVRC2012_val_00036776.JPEG reached epsilon at step 1071, loss sum: 569.9172, final loss: 0.00099373, weight distance: 0.0686
2025-09-23 02:29:05,723 - INFO - Example /home/projects/bagon/shared/imagenet512/val/n03461385/ILSVRC2012_val_00026953.JPEG reached epsilon at step 855, loss sum: 112.1665, final loss: 0.00098991, weight distance: 0.0512
2025-09-23 02:29:35,572 - INFO - Example /home/projects/bagon/shared/imagenet512/val/n02113712/ILSVRC2012_val_00007180.JPEG reached epsilon at step 1902, loss sum: 213.0766, final loss: 0.00099087, weight distance: 0.0879
2025-09-23 02:29:50,749 - INFO - Example /home/projects/bagon/shared/imagenet512/val/n02086240/ILSVRC2012_val_00024776.JPEG reached epsilon at step 953, loss sum: 223.1198, final loss: 0.00099850, weight distance: 0.0615
2025-09-23 02:30:02,087 - INFO - Example /home/projects/bagon/shared/imagenet512/val/n03065424/ILSVRC2012_val_00003151.JPEG reached epsilon at step 704, loss sum: 635.3701, final loss: 0.00099850, weight distance: 0.0566
2025-09-23 02:30:21,123 - INFO - Example /home/projects/bagon/shared/imagenet512/val/n02123159/ILSVRC2012_val_00036268.JPEG reached epsilon at step 1142, loss sum: 129.7610, final loss: 0.00099087, weight distance: 0.0702
2025-09-23 02:30:40,603 - INFO - Example /home/projects/bagon/shared/imagenet512/val/n03796401/ILSVRC2012_val_00022413.JPEG reached epsilon at step 1193, loss sum: 874.7904, final loss: 0.00099373, weight distance: 0.0782
2025-09-23 02:30:57,347 - INFO - Example /home/projects/bagon/shared/imagenet512/val/n01740131/ILSVRC2012_val_00023984.JPEG reached epsilon at step 1040, loss sum: 709.9040, final loss: 0.00099850, weight distance: 0.0700
2025-09-23 02:31:08,616 - INFO - Example /home/projects/bagon/shared/imagenet512/val/n02091244/ILSVRC2012_val_00039325.JPEG reached epsilon at step 705, loss sum: 333.8672, final loss: 0.00099850, weight distance: 0.0552
2025-09-23 02:31:25,599 - INFO - Example /home/projects/bagon/shared/imagenet512/val/n04004767/ILSVRC2012_val_00043947.JPEG reached epsilon at step 1060, loss sum: 931.2708, final loss: 0.00099945, weight distance: 0.0739
2025-09-23 02:31:51,357 - INFO - Example /home/projects/bagon/shared/imagenet512/val/n04008634/ILSVRC2012_val_00014543.JPEG reached epsilon at step 1633, loss sum: 720.2413, final loss: 0.00098991, weight distance: 0.0858
2025-09-23 02:32:04,821 - INFO - Example /home/projects/bagon/shared/imagenet512/val/n03874599/ILSVRC2012_val_00007293.JPEG reached epsilon at step 822, loss sum: 402.3234, final loss: 0.00099850, weight distance: 0.0546
2025-09-23 02:32:23,140 - INFO - Example /home/projects/bagon/shared/imagenet512/val/n02749479/ILSVRC2012_val_00044979.JPEG reached epsilon at step 1161, loss sum: 228.6407, final loss: 0.00098991, weight distance: 0.0670
2025-09-23 02:32:44,427 - INFO - Example /home/projects/bagon/shared/imagenet512/val/n02981792/ILSVRC2012_val_00009253.JPEG reached epsilon at step 1353, loss sum: 284.8919, final loss: 0.00099659, weight distance: 0.0800
2025-09-23 02:32:55,065 - INFO - Example /home/projects/bagon/shared/imagenet512/val/n04201297/ILSVRC2012_val_00000159.JPEG reached epsilon at step 640, loss sum: 175.3656, final loss: 0.00098610, weight distance: 0.0465
2025-09-23 02:33:10,169 - INFO - Example /home/projects/bagon/shared/imagenet512/val/n04612504/ILSVRC2012_val_00006742.JPEG reached epsilon at step 938, loss sum: 644.9173, final loss: 0.00099754, weight distance: 0.0643
2025-09-23 02:33:26,843 - INFO - Example /home/projects/bagon/shared/imagenet512/val/n02791270/ILSVRC2012_val_00024066.JPEG reached epsilon at step 1047, loss sum: 576.0047, final loss: 0.00099754, weight distance: 0.0732
2025-09-23 02:33:39,348 - INFO - Example /home/projects/bagon/shared/imagenet512/val/n07836838/ILSVRC2012_val_00008223.JPEG reached epsilon at step 775, loss sum: 607.3708, final loss: 0.00099754, weight distance: 0.0583
2025-09-23 02:34:02,143 - INFO - Example /home/projects/bagon/shared/imagenet512/val/n01756291/ILSVRC2012_val_00042755.JPEG reached epsilon at step 1440, loss sum: 1027.8463, final loss: 0.00099945, weight distance: 0.0797
2025-09-23 02:34:13,977 - INFO - Example /home/projects/bagon/shared/imagenet512/val/n04286575/ILSVRC2012_val_00034493.JPEG reached epsilon at step 725, loss sum: 398.7034, final loss: 0.00099850, weight distance: 0.0533
2025-09-23 02:34:22,242 - INFO - Example /home/projects/bagon/shared/imagenet512/val/n07718747/ILSVRC2012_val_00001951.JPEG reached epsilon at step 498, loss sum: 617.5979, final loss: 0.00099945, weight distance: 0.0416
2025-09-23 02:34:41,766 - INFO - Example /home/projects/bagon/shared/imagenet512/val/n04560804/ILSVRC2012_val_00048064.JPEG reached epsilon at step 1223, loss sum: 807.7049, final loss: 0.00099850, weight distance: 0.0777
2025-09-23 02:34:42,429 - INFO - Time limit reached. Exiting before starting next example.
2025-09-23 02:34:42,486 - INFO - Merged 8 worker CSVs into /home/projects/bagon/andreyg/Projects/BMM_school/Universal_learning/Programming/training_gradient_evaluator_single_loss_parallel/output_parallel_8_workers_trial_2/resnet18.gluon_in1k/single_example_results.csv
2025-09-23 02:34:44,459 - INFO - Training complete. Summary saved to /home/projects/bagon/andreyg/Projects/BMM_school/Universal_learning/Programming/training_gradient_evaluator_single_loss_parallel/output_parallel_8_workers_trial_2/resnet18.gluon_in1k/training_summary.json
