2025-09-23 00:44:47,424 - INFO - Parsed arguments:
2025-09-23 00:44:47,424 - INFO -   amp_dtype = None
2025-09-23 00:44:47,424 - INFO -   bars_npy = /home/projects/bagon/andreyg/Projects/BMM_school/Universal_learning/Programming/bars/geq6wrong_21017_geq6correct_1525_imagenet.npy
2025-09-23 00:44:47,424 - INFO -   cka_layer_fraction = 0.05
2025-09-23 00:44:47,424 - INFO -   current_worker = 6
2025-09-23 00:44:47,424 - INFO -   deterministic = True
2025-09-23 00:44:47,424 - INFO -   device = cuda
2025-09-23 00:44:47,424 - INFO -   epsilon = 0.001
2025-09-23 00:44:47,424 - INFO -   examples_csv = /home/projects/bagon/andreyg/Projects/BMM_school/Universal_learning/Programming/bars/geq6wrong_21017_geq6correct_1525_imagenet_examples_ammended.csv
2025-09-23 00:44:47,424 - INFO -   explicit_examples_for_training = None
2025-09-23 00:44:47,424 - INFO -   grad_clip_norm = 1.0
2025-09-23 00:44:47,424 - INFO -   hierarchy_json = /home/projects/bagon/andreyg/Projects/BMM_school/Universal_learning/Programming/bars/imagenet_synset_hierarchy.json
2025-09-23 00:44:47,424 - INFO -   imagenet_models_csv = /home/projects/bagon/andreyg/Projects/BMM_school/Universal_learning/Programming/bars/imagenet_models.csv
2025-09-23 00:44:47,425 - INFO -   lr = 0.0001
2025-09-23 00:44:47,425 - INFO -   max_examples = 50000
2025-09-23 00:44:47,425 - INFO -   max_steps_per_example = 10000
2025-09-23 00:44:47,425 - INFO -   model_csv_name = resnet_18_224_gluon_imagenet_1k
2025-09-23 00:44:47,425 - INFO -   model_name = resnet18.gluon_in1k
2025-09-23 00:44:47,425 - INFO -   no_amp = False
2025-09-23 00:44:47,425 - INFO -   num_workers = 8
2025-09-23 00:44:47,425 - INFO -   output_dir = /home/projects/bagon/andreyg/Projects/BMM_school/Universal_learning/Programming/training_gradient_evaluator_single_loss_parallel/output_parallel_8_workers_trial_2
2025-09-23 00:44:47,425 - INFO -   root_dir = None
2025-09-23 00:44:47,425 - INFO -   seed = 1337
2025-09-23 00:44:47,425 - INFO -   time_limit_seconds = 6300
2025-09-23 00:44:47,425 - INFO -   weight_decay = 0.0
2025-09-23 00:44:47,425 - INFO -   zero_aug_train = False
2025-09-23 00:44:48,187 - INFO - Loaded TIMM pretrained weights for resnet18.gluon_in1k
2025-09-23 00:44:48,188 - INFO - pretrained_cfg.url=https://github.com/rwightman/pytorch-pretrained-gluonresnet/releases/download/v0.1/gluon_resnet18_v1b-0757602b.pth hf_hub_id=timm/resnet18.gluon_in1k
2025-09-23 00:44:48,512 - INFO - Training configuration:
2025-09-23 00:44:48,512 - INFO -   lr = 0.0001
2025-09-23 00:44:48,512 - INFO -   weight_decay = 0.0
2025-09-23 00:44:48,512 - INFO -   max_steps = 10000
2025-09-23 00:44:48,512 - INFO -   epsilon = 0.001
2025-09-23 00:44:48,512 - INFO -   device = cuda
2025-09-23 00:44:48,512 - INFO -   use_amp = True
2025-09-23 00:44:48,512 - INFO -   amp_dtype = None
2025-09-23 00:44:48,512 - INFO -   gradient_clip_norm = 1.0
2025-09-23 00:45:13,713 - INFO - Example /home/projects/bagon/shared/imagenet512/val/n01682714/ILSVRC2012_val_00025668.JPEG reached epsilon at step 1415, loss sum: 251.7091, final loss: 0.00098705, weight distance: 0.0782
2025-09-23 00:45:28,068 - INFO - Example /home/projects/bagon/shared/imagenet512/val/n02105056/ILSVRC2012_val_00049146.JPEG reached epsilon at step 903, loss sum: 991.5074, final loss: 0.00099945, weight distance: 0.0607
2025-09-23 00:45:42,741 - INFO - Example /home/projects/bagon/shared/imagenet512/val/n04004767/ILSVRC2012_val_00032509.JPEG reached epsilon at step 949, loss sum: 733.4536, final loss: 0.00099754, weight distance: 0.0635
2025-09-23 00:45:54,944 - INFO - Example /home/projects/bagon/shared/imagenet512/val/n02808304/ILSVRC2012_val_00030884.JPEG reached epsilon at step 768, loss sum: 1152.1586, final loss: 0.00099277, weight distance: 0.0623
2025-09-23 00:46:07,002 - INFO - Example /home/projects/bagon/shared/imagenet512/val/n03710193/ILSVRC2012_val_00048410.JPEG reached epsilon at step 764, loss sum: 601.5830, final loss: 0.00099277, weight distance: 0.0579
2025-09-23 00:46:16,267 - INFO - Example /home/projects/bagon/shared/imagenet512/val/n03630383/ILSVRC2012_val_00042984.JPEG reached epsilon at step 560, loss sum: 296.8255, final loss: 0.00098801, weight distance: 0.0450
2025-09-23 00:46:32,639 - INFO - Example /home/projects/bagon/shared/imagenet512/val/n04557648/ILSVRC2012_val_00040070.JPEG reached epsilon at step 1066, loss sum: 1905.6209, final loss: 0.00099850, weight distance: 0.0823
2025-09-23 00:46:57,046 - INFO - Example /home/projects/bagon/shared/imagenet512/val/n04355933/ILSVRC2012_val_00026693.JPEG reached epsilon at step 1607, loss sum: 476.8087, final loss: 0.00099659, weight distance: 0.0835
2025-09-23 00:47:07,080 - INFO - Example /home/projects/bagon/shared/imagenet512/val/n04033995/ILSVRC2012_val_00008026.JPEG reached epsilon at step 632, loss sum: 483.1116, final loss: 0.00098991, weight distance: 0.0495
2025-09-23 00:47:18,149 - INFO - Example /home/projects/bagon/shared/imagenet512/val/n03476684/ILSVRC2012_val_00035657.JPEG reached epsilon at step 689, loss sum: 775.6571, final loss: 0.00098896, weight distance: 0.0563
2025-09-23 00:47:31,083 - INFO - Example /home/projects/bagon/shared/imagenet512/val/n04039381/ILSVRC2012_val_00043586.JPEG reached epsilon at step 833, loss sum: 850.8339, final loss: 0.00099945, weight distance: 0.0651
2025-09-23 00:47:44,711 - INFO - Example /home/projects/bagon/shared/imagenet512/val/n03930630/ILSVRC2012_val_00027997.JPEG reached epsilon at step 874, loss sum: 688.0118, final loss: 0.00099182, weight distance: 0.0646
2025-09-23 00:47:53,060 - INFO - Example /home/projects/bagon/shared/imagenet512/val/n03014705/ILSVRC2012_val_00018166.JPEG reached epsilon at step 524, loss sum: 370.1219, final loss: 0.00099087, weight distance: 0.0418
2025-09-23 00:48:18,769 - INFO - Example /home/projects/bagon/shared/imagenet512/val/n04355933/ILSVRC2012_val_00000413.JPEG reached epsilon at step 1692, loss sum: 1476.8585, final loss: 0.00099850, weight distance: 0.0897
2025-09-23 00:48:36,164 - INFO - Example /home/projects/bagon/shared/imagenet512/val/n02107908/ILSVRC2012_val_00046552.JPEG reached epsilon at step 1133, loss sum: 140.0706, final loss: 0.00099754, weight distance: 0.0583
2025-09-23 00:48:54,399 - INFO - Example /home/projects/bagon/shared/imagenet512/val/n01667778/ILSVRC2012_val_00031815.JPEG reached epsilon at step 1197, loss sum: 284.7982, final loss: 0.00099182, weight distance: 0.0717
2025-09-23 00:49:03,813 - INFO - Example /home/projects/bagon/shared/imagenet512/val/n02114712/ILSVRC2012_val_00040677.JPEG reached epsilon at step 553, loss sum: 180.9619, final loss: 0.00099659, weight distance: 0.0403
2025-09-23 00:49:16,269 - INFO - Example /home/projects/bagon/shared/imagenet512/val/n02808304/ILSVRC2012_val_00032096.JPEG reached epsilon at step 798, loss sum: 723.8491, final loss: 0.00099182, weight distance: 0.0622
2025-09-23 00:49:31,324 - INFO - Example /home/projects/bagon/shared/imagenet512/val/n03476991/ILSVRC2012_val_00042521.JPEG reached epsilon at step 975, loss sum: 553.3059, final loss: 0.00099754, weight distance: 0.0664
2025-09-23 00:49:45,824 - INFO - Example /home/projects/bagon/shared/imagenet512/val/n02087046/ILSVRC2012_val_00042449.JPEG reached epsilon at step 939, loss sum: 538.7752, final loss: 0.00099850, weight distance: 0.0632
2025-09-23 00:50:01,131 - INFO - Example /home/projects/bagon/shared/imagenet512/val/n07932039/ILSVRC2012_val_00029971.JPEG reached epsilon at step 992, loss sum: 449.9818, final loss: 0.00099945, weight distance: 0.0686
2025-09-23 00:50:16,142 - INFO - Example /home/projects/bagon/shared/imagenet512/val/n04591157/ILSVRC2012_val_00005426.JPEG reached epsilon at step 967, loss sum: 1275.6321, final loss: 0.00098801, weight distance: 0.0750
2025-09-23 00:50:24,912 - INFO - Example /home/projects/bagon/shared/imagenet512/val/n04355338/ILSVRC2012_val_00031308.JPEG reached epsilon at step 554, loss sum: 319.2238, final loss: 0.00099945, weight distance: 0.0449
2025-09-23 00:50:37,024 - INFO - Example /home/projects/bagon/shared/imagenet512/val/n04435653/ILSVRC2012_val_00008528.JPEG reached epsilon at step 757, loss sum: 787.1049, final loss: 0.00099754, weight distance: 0.0601
2025-09-23 00:50:47,329 - INFO - Example /home/projects/bagon/shared/imagenet512/val/n07714571/ILSVRC2012_val_00043273.JPEG reached epsilon at step 653, loss sum: 1591.4113, final loss: 0.00099659, weight distance: 0.0531
2025-09-23 00:50:56,820 - INFO - Example /home/projects/bagon/shared/imagenet512/val/n04376876/ILSVRC2012_val_00044486.JPEG reached epsilon at step 605, loss sum: 357.1899, final loss: 0.00099754, weight distance: 0.0449
2025-09-23 00:51:06,843 - INFO - Example /home/projects/bagon/shared/imagenet512/val/n02939185/ILSVRC2012_val_00031452.JPEG reached epsilon at step 638, loss sum: 516.2496, final loss: 0.00099373, weight distance: 0.0480
2025-09-23 00:51:21,986 - INFO - Example /home/projects/bagon/shared/imagenet512/val/n03216828/ILSVRC2012_val_00005968.JPEG reached epsilon at step 932, loss sum: 591.2056, final loss: 0.00098896, weight distance: 0.0640
2025-09-23 00:51:37,849 - INFO - Example /home/projects/bagon/shared/imagenet512/val/n01630670/ILSVRC2012_val_00048295.JPEG reached epsilon at step 1033, loss sum: 172.3900, final loss: 0.00099754, weight distance: 0.0611
2025-09-23 00:51:47,154 - INFO - Example /home/projects/bagon/shared/imagenet512/val/n03047690/ILSVRC2012_val_00004108.JPEG reached epsilon at step 592, loss sum: 267.2754, final loss: 0.00099850, weight distance: 0.0476
2025-09-23 00:51:57,447 - INFO - Example /home/projects/bagon/shared/imagenet512/val/n01694178/ILSVRC2012_val_00022997.JPEG reached epsilon at step 643, loss sum: 792.9082, final loss: 0.00099564, weight distance: 0.0514
2025-09-23 00:52:07,879 - INFO - Example /home/projects/bagon/shared/imagenet512/val/n04081281/ILSVRC2012_val_00015832.JPEG reached epsilon at step 658, loss sum: 183.0809, final loss: 0.00098991, weight distance: 0.0454
2025-09-23 00:52:17,215 - INFO - Example /home/projects/bagon/shared/imagenet512/val/n02879718/ILSVRC2012_val_00004535.JPEG reached epsilon at step 591, loss sum: 481.4035, final loss: 0.00099373, weight distance: 0.0486
2025-09-23 00:52:28,219 - INFO - Example /home/projects/bagon/shared/imagenet512/val/n03476684/ILSVRC2012_val_00032145.JPEG reached epsilon at step 702, loss sum: 215.3161, final loss: 0.00099754, weight distance: 0.0503
2025-09-23 00:52:40,672 - INFO - Example /home/projects/bagon/shared/imagenet512/val/n02966687/ILSVRC2012_val_00009310.JPEG reached epsilon at step 800, loss sum: 752.9190, final loss: 0.00099754, weight distance: 0.0585
2025-09-23 00:52:54,070 - INFO - Example /home/projects/bagon/shared/imagenet512/val/n13054560/ILSVRC2012_val_00040478.JPEG reached epsilon at step 868, loss sum: 593.6467, final loss: 0.00099087, weight distance: 0.0634
2025-09-23 00:53:05,795 - INFO - Example /home/projects/bagon/shared/imagenet512/val/n03062245/ILSVRC2012_val_00005812.JPEG reached epsilon at step 747, loss sum: 716.0779, final loss: 0.00099564, weight distance: 0.0579
2025-09-23 00:53:21,248 - INFO - Example /home/projects/bagon/shared/imagenet512/val/n01734418/ILSVRC2012_val_00031390.JPEG reached epsilon at step 1010, loss sum: 565.5223, final loss: 0.00099945, weight distance: 0.0697
2025-09-23 00:53:34,763 - INFO - Example /home/projects/bagon/shared/imagenet512/val/n02669723/ILSVRC2012_val_00046320.JPEG reached epsilon at step 868, loss sum: 81.4274, final loss: 0.00098515, weight distance: 0.0492
2025-09-23 00:53:46,941 - INFO - Example /home/projects/bagon/shared/imagenet512/val/n02727426/ILSVRC2012_val_00014240.JPEG reached epsilon at step 783, loss sum: 155.7337, final loss: 0.00099468, weight distance: 0.0536
2025-09-23 00:53:57,330 - INFO - Example /home/projects/bagon/shared/imagenet512/val/n02110806/ILSVRC2012_val_00040381.JPEG reached epsilon at step 659, loss sum: 232.7380, final loss: 0.00099945, weight distance: 0.0482
2025-09-23 00:54:10,205 - INFO - Example /home/projects/bagon/shared/imagenet512/val/n07684084/ILSVRC2012_val_00032674.JPEG reached epsilon at step 829, loss sum: 1033.2927, final loss: 0.00099659, weight distance: 0.0654
2025-09-23 00:54:22,810 - INFO - Example /home/projects/bagon/shared/imagenet512/val/n02233338/ILSVRC2012_val_00039550.JPEG reached epsilon at step 804, loss sum: 1767.2132, final loss: 0.00099564, weight distance: 0.0668
2025-09-23 00:54:33,459 - INFO - Example /home/projects/bagon/shared/imagenet512/val/n03710193/ILSVRC2012_val_00025673.JPEG reached epsilon at step 676, loss sum: 516.2820, final loss: 0.00099850, weight distance: 0.0530
2025-09-23 00:54:45,824 - INFO - Example /home/projects/bagon/shared/imagenet512/val/n04418357/ILSVRC2012_val_00034027.JPEG reached epsilon at step 792, loss sum: 1259.4018, final loss: 0.00098419, weight distance: 0.0627
2025-09-23 00:54:56,621 - INFO - Example /home/projects/bagon/shared/imagenet512/val/n04542943/ILSVRC2012_val_00016069.JPEG reached epsilon at step 690, loss sum: 986.8348, final loss: 0.00099277, weight distance: 0.0583
2025-09-23 00:55:10,683 - INFO - Example /home/projects/bagon/shared/imagenet512/val/n03131574/ILSVRC2012_val_00043010.JPEG reached epsilon at step 904, loss sum: 306.9265, final loss: 0.00099277, weight distance: 0.0596
2025-09-23 00:55:32,278 - INFO - Example /home/projects/bagon/shared/imagenet512/val/n04356056/ILSVRC2012_val_00037040.JPEG reached epsilon at step 1423, loss sum: 121.6794, final loss: 0.00099850, weight distance: 0.0713
2025-09-23 00:55:47,306 - INFO - Example /home/projects/bagon/shared/imagenet512/val/n01491361/ILSVRC2012_val_00023935.JPEG reached epsilon at step 976, loss sum: 277.2292, final loss: 0.00099087, weight distance: 0.0594
2025-09-23 00:55:58,359 - INFO - Example /home/projects/bagon/shared/imagenet512/val/n03291819/ILSVRC2012_val_00035328.JPEG reached epsilon at step 711, loss sum: 127.3069, final loss: 0.00098896, weight distance: 0.0469
2025-09-23 00:56:21,278 - INFO - Example /home/projects/bagon/shared/imagenet512/val/n03642806/ILSVRC2012_val_00008787.JPEG reached epsilon at step 1494, loss sum: 211.9708, final loss: 0.00099659, weight distance: 0.0796
2025-09-23 00:56:30,903 - INFO - Example /home/projects/bagon/shared/imagenet512/val/n03902125/ILSVRC2012_val_00040702.JPEG reached epsilon at step 615, loss sum: 209.1526, final loss: 0.00099945, weight distance: 0.0453
2025-09-23 00:56:43,224 - INFO - Example /home/projects/bagon/shared/imagenet512/val/n04275548/ILSVRC2012_val_00043164.JPEG reached epsilon at step 787, loss sum: 896.3704, final loss: 0.00099945, weight distance: 0.0453
2025-09-23 00:56:54,623 - INFO - Example /home/projects/bagon/shared/imagenet512/val/n03764736/ILSVRC2012_val_00001770.JPEG reached epsilon at step 733, loss sum: 753.2428, final loss: 0.00099564, weight distance: 0.0547
2025-09-23 00:57:11,025 - INFO - Example /home/projects/bagon/shared/imagenet512/val/n03483316/ILSVRC2012_val_00002351.JPEG reached epsilon at step 1059, loss sum: 3295.4799, final loss: 0.00099182, weight distance: 0.0837
2025-09-23 00:57:22,401 - INFO - Example /home/projects/bagon/shared/imagenet512/val/n02128757/ILSVRC2012_val_00024910.JPEG reached epsilon at step 731, loss sum: 634.0157, final loss: 0.00099373, weight distance: 0.0539
2025-09-23 00:57:36,762 - INFO - Example /home/projects/bagon/shared/imagenet512/val/n07920052/ILSVRC2012_val_00013375.JPEG reached epsilon at step 936, loss sum: 727.6716, final loss: 0.00099754, weight distance: 0.0688
2025-09-23 00:57:54,794 - INFO - Example /home/projects/bagon/shared/imagenet512/val/n04090263/ILSVRC2012_val_00038216.JPEG reached epsilon at step 1156, loss sum: 1216.6413, final loss: 0.00099468, weight distance: 0.0682
2025-09-23 00:58:13,408 - INFO - Example /home/projects/bagon/shared/imagenet512/val/n01667778/ILSVRC2012_val_00014106.JPEG reached epsilon at step 1211, loss sum: 162.1291, final loss: 0.00099564, weight distance: 0.0691
2025-09-23 00:58:26,990 - INFO - Example /home/projects/bagon/shared/imagenet512/val/n02105505/ILSVRC2012_val_00007059.JPEG reached epsilon at step 883, loss sum: 1650.0287, final loss: 0.00099373, weight distance: 0.0703
2025-09-23 00:58:42,047 - INFO - Example /home/projects/bagon/shared/imagenet512/val/n03770439/ILSVRC2012_val_00006000.JPEG reached epsilon at step 980, loss sum: 742.8289, final loss: 0.00099754, weight distance: 0.0685
2025-09-23 00:59:00,386 - INFO - Example /home/projects/bagon/shared/imagenet512/val/n04522168/ILSVRC2012_val_00042916.JPEG reached epsilon at step 1204, loss sum: 1206.7180, final loss: 0.00099945, weight distance: 0.0786
2025-09-23 00:59:11,008 - INFO - Example /home/projects/bagon/shared/imagenet512/val/n03899768/ILSVRC2012_val_00046336.JPEG reached epsilon at step 676, loss sum: 69.8843, final loss: 0.00099945, weight distance: 0.0423
2025-09-23 00:59:23,777 - INFO - Example /home/projects/bagon/shared/imagenet512/val/n03249569/ILSVRC2012_val_00002905.JPEG reached epsilon at step 831, loss sum: 94.6722, final loss: 0.00099945, weight distance: 0.0512
2025-09-23 00:59:45,975 - INFO - Example /home/projects/bagon/shared/imagenet512/val/n04447861/ILSVRC2012_val_00036382.JPEG reached epsilon at step 1472, loss sum: 2630.6372, final loss: 0.00098991, weight distance: 0.1036
2025-09-23 00:59:55,959 - INFO - Example /home/projects/bagon/shared/imagenet512/val/n03483316/ILSVRC2012_val_00011813.JPEG reached epsilon at step 642, loss sum: 444.0546, final loss: 0.00099468, weight distance: 0.0514
2025-09-23 01:00:06,593 - INFO - Example /home/projects/bagon/shared/imagenet512/val/n03958227/ILSVRC2012_val_00015775.JPEG reached epsilon at step 680, loss sum: 916.3024, final loss: 0.00099182, weight distance: 0.0548
2025-09-23 01:00:18,135 - INFO - Example /home/projects/bagon/shared/imagenet512/val/n03259280/ILSVRC2012_val_00010219.JPEG reached epsilon at step 733, loss sum: 464.5840, final loss: 0.00099277, weight distance: 0.0554
2025-09-23 01:00:36,992 - INFO - Example /home/projects/bagon/shared/imagenet512/val/n04548362/ILSVRC2012_val_00008472.JPEG reached epsilon at step 1231, loss sum: 877.0818, final loss: 0.00099564, weight distance: 0.0756
2025-09-23 01:00:54,933 - INFO - Example /home/projects/bagon/shared/imagenet512/val/n03376595/ILSVRC2012_val_00014479.JPEG reached epsilon at step 1158, loss sum: 1398.1875, final loss: 0.00099754, weight distance: 0.0860
2025-09-23 01:01:03,728 - INFO - Example /home/projects/bagon/shared/imagenet512/val/n02100236/ILSVRC2012_val_00031655.JPEG reached epsilon at step 538, loss sum: 262.2369, final loss: 0.00099277, weight distance: 0.0411
2025-09-23 01:01:18,126 - INFO - Example /home/projects/bagon/shared/imagenet512/val/n03028079/ILSVRC2012_val_00039053.JPEG reached epsilon at step 937, loss sum: 700.0523, final loss: 0.00098705, weight distance: 0.0617
2025-09-23 01:01:37,171 - INFO - Example /home/projects/bagon/shared/imagenet512/val/n02111500/ILSVRC2012_val_00036075.JPEG reached epsilon at step 1245, loss sum: 974.9702, final loss: 0.00098896, weight distance: 0.0809
2025-09-23 01:01:47,402 - INFO - Example /home/projects/bagon/shared/imagenet512/val/n02727426/ILSVRC2012_val_00018413.JPEG reached epsilon at step 654, loss sum: 1119.4128, final loss: 0.00099659, weight distance: 0.0555
2025-09-23 01:01:55,796 - INFO - Example /home/projects/bagon/shared/imagenet512/val/n02894605/ILSVRC2012_val_00015515.JPEG reached epsilon at step 524, loss sum: 67.8089, final loss: 0.00099850, weight distance: 0.0372
2025-09-23 01:02:04,457 - INFO - Example /home/projects/bagon/shared/imagenet512/val/n03788195/ILSVRC2012_val_00030336.JPEG reached epsilon at step 547, loss sum: 100.7963, final loss: 0.00099659, weight distance: 0.0404
2025-09-23 01:02:24,854 - INFO - Example /home/projects/bagon/shared/imagenet512/val/n01669191/ILSVRC2012_val_00048480.JPEG reached epsilon at step 1341, loss sum: 897.9869, final loss: 0.00099373, weight distance: 0.0817
2025-09-23 01:02:42,832 - INFO - Example /home/projects/bagon/shared/imagenet512/val/n02749479/ILSVRC2012_val_00033972.JPEG reached epsilon at step 1174, loss sum: 150.3213, final loss: 0.00099754, weight distance: 0.0683
2025-09-23 01:02:53,837 - INFO - Example /home/projects/bagon/shared/imagenet512/val/n02971356/ILSVRC2012_val_00035114.JPEG reached epsilon at step 701, loss sum: 792.3996, final loss: 0.00098896, weight distance: 0.0530
2025-09-23 01:03:01,799 - INFO - Example /home/projects/bagon/shared/imagenet512/val/n03141823/ILSVRC2012_val_00038458.JPEG reached epsilon at step 491, loss sum: 205.9082, final loss: 0.00099945, weight distance: 0.0406
2025-09-23 01:03:17,775 - INFO - Example /home/projects/bagon/shared/imagenet512/val/n01739381/ILSVRC2012_val_00047211.JPEG reached epsilon at step 1042, loss sum: 1142.2503, final loss: 0.00099850, weight distance: 0.0700
2025-09-23 01:03:27,592 - INFO - Example /home/projects/bagon/shared/imagenet512/val/n04023962/ILSVRC2012_val_00005486.JPEG reached epsilon at step 627, loss sum: 833.6046, final loss: 0.00099087, weight distance: 0.0526
2025-09-23 01:03:42,766 - INFO - Example /home/projects/bagon/shared/imagenet512/val/n04350905/ILSVRC2012_val_00033166.JPEG reached epsilon at step 988, loss sum: 570.8877, final loss: 0.00099373, weight distance: 0.0618
2025-09-23 01:03:52,949 - INFO - Example /home/projects/bagon/shared/imagenet512/val/n03763968/ILSVRC2012_val_00031265.JPEG reached epsilon at step 633, loss sum: 167.1743, final loss: 0.00099659, weight distance: 0.0436
2025-09-23 01:03:57,489 - INFO - Example /home/projects/bagon/shared/imagenet512/val/n03598930/ILSVRC2012_val_00010088.JPEG reached epsilon at step 270, loss sum: 75.6097, final loss: 0.00099277, weight distance: 0.0238
2025-09-23 01:04:06,706 - INFO - Example /home/projects/bagon/shared/imagenet512/val/n03047690/ILSVRC2012_val_00018631.JPEG reached epsilon at step 589, loss sum: 46.6439, final loss: 0.00098610, weight distance: 0.0393
2025-09-23 01:04:27,003 - INFO - Example /home/projects/bagon/shared/imagenet512/val/n02096294/ILSVRC2012_val_00034554.JPEG reached epsilon at step 1327, loss sum: 488.1305, final loss: 0.00099659, weight distance: 0.0769
2025-09-23 01:04:46,873 - INFO - Example /home/projects/bagon/shared/imagenet512/val/n02791270/ILSVRC2012_val_00035205.JPEG reached epsilon at step 1308, loss sum: 129.4251, final loss: 0.00099373, weight distance: 0.0674
2025-09-23 01:05:12,366 - INFO - Example /home/projects/bagon/shared/imagenet512/val/n03710637/ILSVRC2012_val_00007816.JPEG reached epsilon at step 1680, loss sum: 216.1262, final loss: 0.00099945, weight distance: 0.0891
2025-09-23 01:05:26,905 - INFO - Example /home/projects/bagon/shared/imagenet512/val/n15075141/ILSVRC2012_val_00046353.JPEG reached epsilon at step 939, loss sum: 1334.0267, final loss: 0.00098896, weight distance: 0.0642
2025-09-23 01:05:40,448 - INFO - Example /home/projects/bagon/shared/imagenet512/val/n03627232/ILSVRC2012_val_00013065.JPEG reached epsilon at step 869, loss sum: 2374.1764, final loss: 0.00098896, weight distance: 0.0739
2025-09-23 01:05:51,684 - INFO - Example /home/projects/bagon/shared/imagenet512/val/n04147183/ILSVRC2012_val_00010749.JPEG reached epsilon at step 720, loss sum: 261.9629, final loss: 0.00099277, weight distance: 0.0492
2025-09-23 01:06:05,841 - INFO - Example /home/projects/bagon/shared/imagenet512/val/n02105056/ILSVRC2012_val_00049815.JPEG reached epsilon at step 918, loss sum: 475.0069, final loss: 0.00099945, weight distance: 0.0605
2025-09-23 01:06:13,939 - INFO - Example /home/projects/bagon/shared/imagenet512/val/n03476684/ILSVRC2012_val_00008183.JPEG reached epsilon at step 507, loss sum: 32.6048, final loss: 0.00099373, weight distance: 0.0349
2025-09-23 01:06:35,751 - INFO - Example /home/projects/bagon/shared/imagenet512/val/n02089867/ILSVRC2012_val_00009220.JPEG reached epsilon at step 1436, loss sum: 758.9115, final loss: 0.00099277, weight distance: 0.0766
2025-09-23 01:06:54,440 - INFO - Example /home/projects/bagon/shared/imagenet512/val/n03216828/ILSVRC2012_val_00040816.JPEG reached epsilon at step 1227, loss sum: 224.6646, final loss: 0.00099945, weight distance: 0.0622
2025-09-23 01:07:00,256 - INFO - Example /home/projects/bagon/shared/imagenet512/val/n03777754/ILSVRC2012_val_00031737.JPEG reached epsilon at step 353, loss sum: 11.7081, final loss: 0.00098991, weight distance: 0.0252
2025-09-23 01:07:15,126 - INFO - Example /home/projects/bagon/shared/imagenet512/val/n07836838/ILSVRC2012_val_00020034.JPEG reached epsilon at step 966, loss sum: 385.0541, final loss: 0.00099945, weight distance: 0.0645
2025-09-23 01:07:36,327 - INFO - Example /home/projects/bagon/shared/imagenet512/val/n01644900/ILSVRC2012_val_00028673.JPEG reached epsilon at step 1399, loss sum: 354.0077, final loss: 0.00099945, weight distance: 0.0747
2025-09-23 01:07:48,911 - INFO - Example /home/projects/bagon/shared/imagenet512/val/n03854065/ILSVRC2012_val_00031331.JPEG reached epsilon at step 817, loss sum: 2327.1075, final loss: 0.00099659, weight distance: 0.0680
2025-09-23 01:08:02,651 - INFO - Example /home/projects/bagon/shared/imagenet512/val/n02483362/ILSVRC2012_val_00038037.JPEG reached epsilon at step 871, loss sum: 1034.7918, final loss: 0.00099277, weight distance: 0.0665
2025-09-23 01:08:12,078 - INFO - Example /home/projects/bagon/shared/imagenet512/val/n07697313/ILSVRC2012_val_00047793.JPEG reached epsilon at step 597, loss sum: 145.3410, final loss: 0.00098801, weight distance: 0.0436
2025-09-23 01:08:25,570 - INFO - Example /home/projects/bagon/shared/imagenet512/val/n01798484/ILSVRC2012_val_00006790.JPEG reached epsilon at step 866, loss sum: 517.8606, final loss: 0.00099850, weight distance: 0.0632
2025-09-23 01:08:36,309 - INFO - Example /home/projects/bagon/shared/imagenet512/val/n09246464/ILSVRC2012_val_00042182.JPEG reached epsilon at step 683, loss sum: 182.1203, final loss: 0.00099564, weight distance: 0.0485
2025-09-23 01:08:49,845 - INFO - Example /home/projects/bagon/shared/imagenet512/val/n07745940/ILSVRC2012_val_00012645.JPEG reached epsilon at step 876, loss sum: 686.0694, final loss: 0.00099087, weight distance: 0.0661
2025-09-23 01:09:14,054 - INFO - Example /home/projects/bagon/shared/imagenet512/val/n04356056/ILSVRC2012_val_00028254.JPEG reached epsilon at step 1597, loss sum: 763.8859, final loss: 0.00099945, weight distance: 0.0841
2025-09-23 01:09:34,363 - INFO - Example /home/projects/bagon/shared/imagenet512/val/n03400231/ILSVRC2012_val_00042520.JPEG reached epsilon at step 1334, loss sum: 1869.0834, final loss: 0.00099373, weight distance: 0.0953
2025-09-23 01:09:48,064 - INFO - Example /home/projects/bagon/shared/imagenet512/val/n03355925/ILSVRC2012_val_00027876.JPEG reached epsilon at step 887, loss sum: 463.4931, final loss: 0.00099564, weight distance: 0.0638
2025-09-23 01:09:56,177 - INFO - Example /home/projects/bagon/shared/imagenet512/val/n04243546/ILSVRC2012_val_00018690.JPEG reached epsilon at step 507, loss sum: 472.8104, final loss: 0.00099564, weight distance: 0.0429
2025-09-23 01:10:12,824 - INFO - Example /home/projects/bagon/shared/imagenet512/val/n07730033/ILSVRC2012_val_00041676.JPEG reached epsilon at step 1083, loss sum: 1224.5865, final loss: 0.00099850, weight distance: 0.0707
2025-09-23 01:10:28,264 - INFO - Example /home/projects/bagon/shared/imagenet512/val/n04525038/ILSVRC2012_val_00005680.JPEG reached epsilon at step 979, loss sum: 739.4617, final loss: 0.00099564, weight distance: 0.0681
2025-09-23 01:10:41,393 - INFO - Example /home/projects/bagon/shared/imagenet512/val/n02105251/ILSVRC2012_val_00006419.JPEG reached epsilon at step 851, loss sum: 358.8187, final loss: 0.00099850, weight distance: 0.0591
2025-09-23 01:10:51,993 - INFO - Example /home/projects/bagon/shared/imagenet512/val/n03920288/ILSVRC2012_val_00049112.JPEG reached epsilon at step 679, loss sum: 642.8671, final loss: 0.00099945, weight distance: 0.0520
2025-09-23 01:11:04,222 - INFO - Example /home/projects/bagon/shared/imagenet512/val/n04286575/ILSVRC2012_val_00032647.JPEG reached epsilon at step 793, loss sum: 844.9640, final loss: 0.00099754, weight distance: 0.0561
2025-09-23 01:11:13,494 - INFO - Example /home/projects/bagon/shared/imagenet512/val/n03920288/ILSVRC2012_val_00011763.JPEG reached epsilon at step 587, loss sum: 643.5858, final loss: 0.00099468, weight distance: 0.0478
2025-09-23 01:11:31,867 - INFO - Example /home/projects/bagon/shared/imagenet512/val/n02910353/ILSVRC2012_val_00008958.JPEG reached epsilon at step 1165, loss sum: 721.7449, final loss: 0.00099087, weight distance: 0.0794
2025-09-23 01:11:42,903 - INFO - Example /home/projects/bagon/shared/imagenet512/val/n04522168/ILSVRC2012_val_00028768.JPEG reached epsilon at step 702, loss sum: 713.9318, final loss: 0.00099277, weight distance: 0.0546
2025-09-23 01:11:56,896 - INFO - Example /home/projects/bagon/shared/imagenet512/val/n07734744/ILSVRC2012_val_00030099.JPEG reached epsilon at step 894, loss sum: 142.6701, final loss: 0.00099373, weight distance: 0.0538
2025-09-23 01:12:10,430 - INFO - Example /home/projects/bagon/shared/imagenet512/val/n02504458/ILSVRC2012_val_00039678.JPEG reached epsilon at step 874, loss sum: 126.5005, final loss: 0.00098515, weight distance: 0.0543
2025-09-23 01:12:21,212 - INFO - Example /home/projects/bagon/shared/imagenet512/val/n03692522/ILSVRC2012_val_00049785.JPEG reached epsilon at step 682, loss sum: 450.5757, final loss: 0.00099087, weight distance: 0.0524
2025-09-23 01:12:41,263 - INFO - Example /home/projects/bagon/shared/imagenet512/val/n01753488/ILSVRC2012_val_00016469.JPEG reached epsilon at step 1308, loss sum: 348.0785, final loss: 0.00098801, weight distance: 0.0737
2025-09-23 01:12:53,073 - INFO - Example /home/projects/bagon/shared/imagenet512/val/n04597913/ILSVRC2012_val_00008202.JPEG reached epsilon at step 757, loss sum: 662.7711, final loss: 0.00099945, weight distance: 0.0577
2025-09-23 01:13:04,799 - INFO - Example /home/projects/bagon/shared/imagenet512/val/n04009552/ILSVRC2012_val_00003990.JPEG reached epsilon at step 750, loss sum: 490.6949, final loss: 0.00099659, weight distance: 0.0580
2025-09-23 01:13:23,548 - INFO - Example /home/projects/bagon/shared/imagenet512/val/n04487394/ILSVRC2012_val_00049208.JPEG reached epsilon at step 1225, loss sum: 1183.6903, final loss: 0.00099373, weight distance: 0.0781
2025-09-23 01:13:46,419 - INFO - Example /home/projects/bagon/shared/imagenet512/val/n04355933/ILSVRC2012_val_00031126.JPEG reached epsilon at step 1501, loss sum: 795.6571, final loss: 0.00099754, weight distance: 0.0786
2025-09-23 01:13:59,994 - INFO - Example /home/projects/bagon/shared/imagenet512/val/n02107312/ILSVRC2012_val_00015511.JPEG reached epsilon at step 878, loss sum: 446.6196, final loss: 0.00099468, weight distance: 0.0585
2025-09-23 01:14:08,162 - INFO - Example /home/projects/bagon/shared/imagenet512/val/n01632777/ILSVRC2012_val_00011474.JPEG reached epsilon at step 511, loss sum: 317.4625, final loss: 0.00099754, weight distance: 0.0423
2025-09-23 01:14:18,691 - INFO - Example /home/projects/bagon/shared/imagenet512/val/n02795169/ILSVRC2012_val_00025231.JPEG reached epsilon at step 672, loss sum: 321.4654, final loss: 0.00099850, weight distance: 0.0460
2025-09-23 01:14:34,582 - INFO - Example /home/projects/bagon/shared/imagenet512/val/n03216828/ILSVRC2012_val_00006838.JPEG reached epsilon at step 1018, loss sum: 288.1646, final loss: 0.00099182, weight distance: 0.0596
2025-09-23 01:14:47,422 - INFO - Example /home/projects/bagon/shared/imagenet512/val/n02939185/ILSVRC2012_val_00008169.JPEG reached epsilon at step 829, loss sum: 1324.4469, final loss: 0.00099564, weight distance: 0.0604
2025-09-23 01:14:57,415 - INFO - Example /home/projects/bagon/shared/imagenet512/val/n02981792/ILSVRC2012_val_00049543.JPEG reached epsilon at step 637, loss sum: 511.6846, final loss: 0.00099564, weight distance: 0.0507
2025-09-23 01:15:06,113 - INFO - Example /home/projects/bagon/shared/imagenet512/val/n04429376/ILSVRC2012_val_00041720.JPEG reached epsilon at step 549, loss sum: 339.7951, final loss: 0.00099468, weight distance: 0.0428
2025-09-23 01:15:23,430 - INFO - Example /home/projects/bagon/shared/imagenet512/val/n01739381/ILSVRC2012_val_00005827.JPEG reached epsilon at step 1129, loss sum: 1644.8996, final loss: 0.00099277, weight distance: 0.0711
2025-09-23 01:15:36,886 - INFO - Example /home/projects/bagon/shared/imagenet512/val/n04357314/ILSVRC2012_val_00023241.JPEG reached epsilon at step 870, loss sum: 359.9143, final loss: 0.00099850, weight distance: 0.0569
2025-09-23 01:15:50,677 - INFO - Example /home/projects/bagon/shared/imagenet512/val/n04154565/ILSVRC2012_val_00019043.JPEG reached epsilon at step 883, loss sum: 471.5885, final loss: 0.00099087, weight distance: 0.0596
2025-09-23 01:16:04,840 - INFO - Example /home/projects/bagon/shared/imagenet512/val/n02892767/ILSVRC2012_val_00000808.JPEG reached epsilon at step 918, loss sum: 579.7177, final loss: 0.00099468, weight distance: 0.0625
2025-09-23 01:16:22,427 - INFO - Example /home/projects/bagon/shared/imagenet512/val/n13133613/ILSVRC2012_val_00000408.JPEG reached epsilon at step 1148, loss sum: 122.5081, final loss: 0.00099373, weight distance: 0.0647
2025-09-23 01:16:42,867 - INFO - Example /home/projects/bagon/shared/imagenet512/val/n03443371/ILSVRC2012_val_00003868.JPEG reached epsilon at step 1338, loss sum: 1855.9129, final loss: 0.00099468, weight distance: 0.0923
2025-09-23 01:16:54,691 - INFO - Example /home/projects/bagon/shared/imagenet512/val/n03980874/ILSVRC2012_val_00027107.JPEG reached epsilon at step 752, loss sum: 877.6670, final loss: 0.00099945, weight distance: 0.0579
2025-09-23 01:17:13,541 - INFO - Example /home/projects/bagon/shared/imagenet512/val/n02892767/ILSVRC2012_val_00005423.JPEG reached epsilon at step 1219, loss sum: 1780.8264, final loss: 0.00099087, weight distance: 0.0871
2025-09-23 01:17:29,395 - INFO - Example /home/projects/bagon/shared/imagenet512/val/n02883205/ILSVRC2012_val_00019224.JPEG reached epsilon at step 1033, loss sum: 1558.8821, final loss: 0.00099373, weight distance: 0.0763
2025-09-23 01:17:39,209 - INFO - Example /home/projects/bagon/shared/imagenet512/val/n02090721/ILSVRC2012_val_00017327.JPEG reached epsilon at step 626, loss sum: 384.1273, final loss: 0.00099564, weight distance: 0.0448
2025-09-23 01:17:47,534 - INFO - Example /home/projects/bagon/shared/imagenet512/val/n07745940/ILSVRC2012_val_00005066.JPEG reached epsilon at step 525, loss sum: 109.0252, final loss: 0.00099182, weight distance: 0.0381
2025-09-23 01:18:00,521 - INFO - Example /home/projects/bagon/shared/imagenet512/val/n03291819/ILSVRC2012_val_00018067.JPEG reached epsilon at step 841, loss sum: 611.0181, final loss: 0.00099468, weight distance: 0.0602
2025-09-23 01:18:18,377 - INFO - Example /home/projects/bagon/shared/imagenet512/val/n02089078/ILSVRC2012_val_00037609.JPEG reached epsilon at step 1169, loss sum: 517.6982, final loss: 0.00099564, weight distance: 0.0721
2025-09-23 01:18:32,429 - INFO - Example /home/projects/bagon/shared/imagenet512/val/n04612504/ILSVRC2012_val_00011193.JPEG reached epsilon at step 913, loss sum: 682.1160, final loss: 0.00099659, weight distance: 0.0682
2025-09-23 01:18:51,551 - INFO - Example /home/projects/bagon/shared/imagenet512/val/n07930864/ILSVRC2012_val_00028410.JPEG reached epsilon at step 1256, loss sum: 204.9966, final loss: 0.00099754, weight distance: 0.0698
2025-09-23 01:19:12,727 - INFO - Example /home/projects/bagon/shared/imagenet512/val/n02974003/ILSVRC2012_val_00006952.JPEG reached epsilon at step 1366, loss sum: 417.7075, final loss: 0.00099373, weight distance: 0.0867
2025-09-23 01:19:33,929 - INFO - Example /home/projects/bagon/shared/imagenet512/val/n02089973/ILSVRC2012_val_00045799.JPEG reached epsilon at step 1387, loss sum: 380.8293, final loss: 0.00099659, weight distance: 0.0786
2025-09-23 01:19:56,193 - INFO - Example /home/projects/bagon/shared/imagenet512/val/n02113186/ILSVRC2012_val_00023268.JPEG reached epsilon at step 1466, loss sum: 343.8130, final loss: 0.00098991, weight distance: 0.0853
2025-09-23 01:20:09,101 - INFO - Example /home/projects/bagon/shared/imagenet512/val/n02795169/ILSVRC2012_val_00008205.JPEG reached epsilon at step 833, loss sum: 242.3838, final loss: 0.00099754, weight distance: 0.0577
2025-09-23 01:20:26,920 - INFO - Example /home/projects/bagon/shared/imagenet512/val/n03125729/ILSVRC2012_val_00008716.JPEG reached epsilon at step 1167, loss sum: 308.2541, final loss: 0.00099754, weight distance: 0.0719
2025-09-23 01:20:46,655 - INFO - Example /home/projects/bagon/shared/imagenet512/val/n03532672/ILSVRC2012_val_00024123.JPEG reached epsilon at step 1297, loss sum: 2444.0323, final loss: 0.00098991, weight distance: 0.0918
2025-09-23 01:20:56,424 - INFO - Example /home/projects/bagon/shared/imagenet512/val/n03775071/ILSVRC2012_val_00022216.JPEG reached epsilon at step 622, loss sum: 179.1546, final loss: 0.00099182, weight distance: 0.0423
2025-09-23 01:21:07,016 - INFO - Example /home/projects/bagon/shared/imagenet512/val/n02840245/ILSVRC2012_val_00041698.JPEG reached epsilon at step 677, loss sum: 245.2668, final loss: 0.00099659, weight distance: 0.0483
2025-09-23 01:21:35,618 - INFO - Example /home/projects/bagon/shared/imagenet512/val/n04008634/ILSVRC2012_val_00049362.JPEG reached epsilon at step 1846, loss sum: 385.6558, final loss: 0.00099945, weight distance: 0.0885
2025-09-23 01:21:50,560 - INFO - Example /home/projects/bagon/shared/imagenet512/val/n04162706/ILSVRC2012_val_00028611.JPEG reached epsilon at step 972, loss sum: 1821.7012, final loss: 0.00099087, weight distance: 0.0757
2025-09-23 01:22:07,507 - INFO - Example /home/projects/bagon/shared/imagenet512/val/n03476991/ILSVRC2012_val_00025365.JPEG reached epsilon at step 1108, loss sum: 1741.3545, final loss: 0.00099850, weight distance: 0.0827
2025-09-23 01:22:12,543 - INFO - Example /home/projects/bagon/shared/imagenet512/val/n03706229/ILSVRC2012_val_00008728.JPEG reached epsilon at step 300, loss sum: 91.9319, final loss: 0.00098896, weight distance: 0.0250
2025-09-23 01:22:36,017 - INFO - Example /home/projects/bagon/shared/imagenet512/val/n03476991/ILSVRC2012_val_00004982.JPEG reached epsilon at step 1547, loss sum: 1711.8461, final loss: 0.00099754, weight distance: 0.1033
2025-09-23 01:22:49,275 - INFO - Example /home/projects/bagon/shared/imagenet512/val/n02236044/ILSVRC2012_val_00012127.JPEG reached epsilon at step 857, loss sum: 3205.4217, final loss: 0.00099850, weight distance: 0.0656
2025-09-23 01:23:13,085 - INFO - Example /home/projects/bagon/shared/imagenet512/val/n04579145/ILSVRC2012_val_00033173.JPEG reached epsilon at step 1548, loss sum: 2375.5421, final loss: 0.00099564, weight distance: 0.1069
2025-09-23 01:23:24,855 - INFO - Example /home/projects/bagon/shared/imagenet512/val/n02090721/ILSVRC2012_val_00030412.JPEG reached epsilon at step 741, loss sum: 143.3705, final loss: 0.00099850, weight distance: 0.0460
2025-09-23 01:23:38,375 - INFO - Example /home/projects/bagon/shared/imagenet512/val/n03394916/ILSVRC2012_val_00033682.JPEG reached epsilon at step 864, loss sum: 973.1409, final loss: 0.00099945, weight distance: 0.0655
2025-09-23 01:24:03,915 - INFO - Example /home/projects/bagon/shared/imagenet512/val/n02109961/ILSVRC2012_val_00028523.JPEG reached epsilon at step 1677, loss sum: 215.9505, final loss: 0.00098896, weight distance: 0.0803
2025-09-23 01:24:17,580 - INFO - Example /home/projects/bagon/shared/imagenet512/val/n03661043/ILSVRC2012_val_00024394.JPEG reached epsilon at step 880, loss sum: 430.9208, final loss: 0.00099468, weight distance: 0.0613
2025-09-23 01:24:25,220 - INFO - Example /home/projects/bagon/shared/imagenet512/val/n04456115/ILSVRC2012_val_00035674.JPEG reached epsilon at step 474, loss sum: 292.3779, final loss: 0.00099087, weight distance: 0.0402
2025-09-23 01:24:51,640 - INFO - Example /home/projects/bagon/shared/imagenet512/val/n03832673/ILSVRC2012_val_00021415.JPEG reached epsilon at step 1737, loss sum: 543.8716, final loss: 0.00098991, weight distance: 0.0917
2025-09-23 01:25:10,736 - INFO - Example /home/projects/bagon/shared/imagenet512/val/n01871265/ILSVRC2012_val_00011218.JPEG reached epsilon at step 1248, loss sum: 334.8850, final loss: 0.00098610, weight distance: 0.0756
2025-09-23 01:25:20,564 - INFO - Example /home/projects/bagon/shared/imagenet512/val/n03838899/ILSVRC2012_val_00044509.JPEG reached epsilon at step 623, loss sum: 155.7147, final loss: 0.00099659, weight distance: 0.0460
2025-09-23 01:25:34,097 - INFO - Example /home/projects/bagon/shared/imagenet512/val/n02988304/ILSVRC2012_val_00035511.JPEG reached epsilon at step 873, loss sum: 115.1039, final loss: 0.00099468, weight distance: 0.0567
2025-09-23 01:25:44,756 - INFO - Example /home/projects/bagon/shared/imagenet512/val/n02667093/ILSVRC2012_val_00044339.JPEG reached epsilon at step 683, loss sum: 1130.6817, final loss: 0.00099277, weight distance: 0.0545
2025-09-23 01:25:55,615 - INFO - Example /home/projects/bagon/shared/imagenet512/val/n03633091/ILSVRC2012_val_00019976.JPEG reached epsilon at step 693, loss sum: 408.0253, final loss: 0.00099468, weight distance: 0.0475
2025-09-23 01:26:08,169 - INFO - Example /home/projects/bagon/shared/imagenet512/val/n03461385/ILSVRC2012_val_00003568.JPEG reached epsilon at step 808, loss sum: 363.7566, final loss: 0.00099468, weight distance: 0.0564
2025-09-23 01:26:24,291 - INFO - Example /home/projects/bagon/shared/imagenet512/val/n01744401/ILSVRC2012_val_00001482.JPEG reached epsilon at step 1049, loss sum: 574.4113, final loss: 0.00099277, weight distance: 0.0694
2025-09-23 01:26:37,828 - INFO - Example /home/projects/bagon/shared/imagenet512/val/n02869837/ILSVRC2012_val_00016535.JPEG reached epsilon at step 878, loss sum: 640.4237, final loss: 0.00099373, weight distance: 0.0644
2025-09-23 01:26:52,860 - INFO - Example /home/projects/bagon/shared/imagenet512/val/n04069434/ILSVRC2012_val_00030477.JPEG reached epsilon at step 979, loss sum: 968.7843, final loss: 0.00099182, weight distance: 0.0696
2025-09-23 01:27:09,736 - INFO - Example /home/projects/bagon/shared/imagenet512/val/n04136333/ILSVRC2012_val_00002902.JPEG reached epsilon at step 1103, loss sum: 1248.6657, final loss: 0.00099373, weight distance: 0.0775
2025-09-23 01:27:23,237 - INFO - Example /home/projects/bagon/shared/imagenet512/val/n07860988/ILSVRC2012_val_00033051.JPEG reached epsilon at step 874, loss sum: 1223.6850, final loss: 0.00099373, weight distance: 0.0676
2025-09-23 01:27:42,805 - INFO - Example /home/projects/bagon/shared/imagenet512/val/n03400231/ILSVRC2012_val_00015404.JPEG reached epsilon at step 1287, loss sum: 922.4125, final loss: 0.00099277, weight distance: 0.0809
2025-09-23 01:28:07,474 - INFO - Example /home/projects/bagon/shared/imagenet512/val/n04493381/ILSVRC2012_val_00015609.JPEG reached epsilon at step 1610, loss sum: 149.6023, final loss: 0.00099277, weight distance: 0.0817
2025-09-23 01:28:26,583 - INFO - Example /home/projects/bagon/shared/imagenet512/val/n03085013/ILSVRC2012_val_00025409.JPEG reached epsilon at step 1250, loss sum: 179.9019, final loss: 0.00099182, weight distance: 0.0691
2025-09-23 01:28:36,526 - INFO - Example /home/projects/bagon/shared/imagenet512/val/n01843383/ILSVRC2012_val_00029589.JPEG reached epsilon at step 636, loss sum: 273.1534, final loss: 0.00099468, weight distance: 0.0442
2025-09-23 01:28:48,806 - INFO - Example /home/projects/bagon/shared/imagenet512/val/n03777754/ILSVRC2012_val_00038670.JPEG reached epsilon at step 795, loss sum: 468.8280, final loss: 0.00099945, weight distance: 0.0547
2025-09-23 01:28:55,812 - INFO - Example /home/projects/bagon/shared/imagenet512/val/n04111531/ILSVRC2012_val_00029341.JPEG reached epsilon at step 428, loss sum: 132.8742, final loss: 0.00099373, weight distance: 0.0350
2025-09-23 01:29:10,130 - INFO - Example /home/projects/bagon/shared/imagenet512/val/n04235860/ILSVRC2012_val_00007955.JPEG reached epsilon at step 933, loss sum: 435.8852, final loss: 0.00099373, weight distance: 0.0667
2025-09-23 01:29:22,928 - INFO - Example /home/projects/bagon/shared/imagenet512/val/n01985128/ILSVRC2012_val_00013580.JPEG reached epsilon at step 827, loss sum: 396.2112, final loss: 0.00099945, weight distance: 0.0541
2025-09-23 01:29:35,563 - INFO - Example /home/projects/bagon/shared/imagenet512/val/n03724870/ILSVRC2012_val_00003148.JPEG reached epsilon at step 821, loss sum: 1029.8488, final loss: 0.00099373, weight distance: 0.0664
2025-09-23 01:29:49,417 - INFO - Example /home/projects/bagon/shared/imagenet512/val/n03929855/ILSVRC2012_val_00022617.JPEG reached epsilon at step 889, loss sum: 690.3646, final loss: 0.00098896, weight distance: 0.0669
2025-09-23 01:29:59,159 - INFO - Example /home/projects/bagon/shared/imagenet512/val/n04259630/ILSVRC2012_val_00013340.JPEG reached epsilon at step 624, loss sum: 659.6314, final loss: 0.00099564, weight distance: 0.0481
2025-09-23 01:30:20,506 - INFO - Example /home/projects/bagon/shared/imagenet512/val/n03832673/ILSVRC2012_val_00000677.JPEG reached epsilon at step 1369, loss sum: 168.4463, final loss: 0.00099182, weight distance: 0.0747
2025-09-23 01:30:28,088 - INFO - Example /home/projects/bagon/shared/imagenet512/val/n04332243/ILSVRC2012_val_00030726.JPEG reached epsilon at step 474, loss sum: 97.7985, final loss: 0.00099659, weight distance: 0.0362
2025-09-23 01:30:47,014 - INFO - Example /home/projects/bagon/shared/imagenet512/val/n04548280/ILSVRC2012_val_00023862.JPEG reached epsilon at step 1244, loss sum: 380.8041, final loss: 0.00099373, weight distance: 0.0671
2025-09-23 01:31:12,591 - INFO - Example /home/projects/bagon/shared/imagenet512/val/n02110185/ILSVRC2012_val_00041189.JPEG reached epsilon at step 1706, loss sum: 160.0639, final loss: 0.00098991, weight distance: 0.0849
2025-09-23 01:31:28,585 - INFO - Example /home/projects/bagon/shared/imagenet512/val/n02988304/ILSVRC2012_val_00007354.JPEG reached epsilon at step 1010, loss sum: 236.0481, final loss: 0.00098896, weight distance: 0.0661
2025-09-23 01:31:37,415 - INFO - Example /home/projects/bagon/shared/imagenet512/val/n04009552/ILSVRC2012_val_00047644.JPEG reached epsilon at step 557, loss sum: 364.9319, final loss: 0.00099182, weight distance: 0.0411
2025-09-23 01:31:46,725 - INFO - Example /home/projects/bagon/shared/imagenet512/val/n04423845/ILSVRC2012_val_00026989.JPEG reached epsilon at step 586, loss sum: 388.8120, final loss: 0.00099754, weight distance: 0.0472
2025-09-23 01:32:01,174 - INFO - Example /home/projects/bagon/shared/imagenet512/val/n03958227/ILSVRC2012_val_00027015.JPEG reached epsilon at step 932, loss sum: 890.3550, final loss: 0.00098801, weight distance: 0.0717
2025-09-23 01:32:16,301 - INFO - Example /home/projects/bagon/shared/imagenet512/val/n03759954/ILSVRC2012_val_00034944.JPEG reached epsilon at step 981, loss sum: 980.6647, final loss: 0.00099373, weight distance: 0.0722
2025-09-23 01:32:27,291 - INFO - Example /home/projects/bagon/shared/imagenet512/val/n04372370/ILSVRC2012_val_00041016.JPEG reached epsilon at step 701, loss sum: 756.8351, final loss: 0.00099945, weight distance: 0.0555
2025-09-23 01:32:39,798 - INFO - Example /home/projects/bagon/shared/imagenet512/val/n04409515/ILSVRC2012_val_00019125.JPEG reached epsilon at step 794, loss sum: 112.4982, final loss: 0.00098991, weight distance: 0.0494
2025-09-23 01:32:49,781 - INFO - Example /home/projects/bagon/shared/imagenet512/val/n03272010/ILSVRC2012_val_00006680.JPEG reached epsilon at step 636, loss sum: 158.9805, final loss: 0.00099182, weight distance: 0.0419
2025-09-23 01:33:07,699 - INFO - Example /home/projects/bagon/shared/imagenet512/val/n07930864/ILSVRC2012_val_00048321.JPEG reached epsilon at step 1166, loss sum: 982.2784, final loss: 0.00098801, weight distance: 0.0789
2025-09-23 01:33:22,281 - INFO - Example /home/projects/bagon/shared/imagenet512/val/n03793489/ILSVRC2012_val_00017816.JPEG reached epsilon at step 942, loss sum: 435.8671, final loss: 0.00099945, weight distance: 0.0676
2025-09-23 01:33:39,733 - INFO - Example /home/projects/bagon/shared/imagenet512/val/n02113186/ILSVRC2012_val_00049884.JPEG reached epsilon at step 1135, loss sum: 456.5087, final loss: 0.00099564, weight distance: 0.0704
2025-09-23 01:33:56,721 - INFO - Example /home/projects/bagon/shared/imagenet512/val/n02916936/ILSVRC2012_val_00026746.JPEG reached epsilon at step 1108, loss sum: 673.7881, final loss: 0.00099659, weight distance: 0.0743
2025-09-23 01:34:07,960 - INFO - Example /home/projects/bagon/shared/imagenet512/val/n02074367/ILSVRC2012_val_00002000.JPEG reached epsilon at step 717, loss sum: 1052.9073, final loss: 0.00099945, weight distance: 0.0590
2025-09-23 01:34:21,967 - INFO - Example /home/projects/bagon/shared/imagenet512/val/n02992529/ILSVRC2012_val_00031438.JPEG reached epsilon at step 903, loss sum: 1270.8228, final loss: 0.00099182, weight distance: 0.0651
2025-09-23 01:34:29,408 - INFO - Example /home/projects/bagon/shared/imagenet512/val/n03733805/ILSVRC2012_val_00033697.JPEG reached epsilon at step 461, loss sum: 206.1724, final loss: 0.00098419, weight distance: 0.0383
2025-09-23 01:34:38,271 - INFO - Example /home/projects/bagon/shared/imagenet512/val/n02259212/ILSVRC2012_val_00046417.JPEG reached epsilon at step 557, loss sum: 157.6498, final loss: 0.00099754, weight distance: 0.0407
2025-09-23 01:34:50,802 - INFO - Example /home/projects/bagon/shared/imagenet512/val/n03249569/ILSVRC2012_val_00002043.JPEG reached epsilon at step 804, loss sum: 92.4920, final loss: 0.00098896, weight distance: 0.0518
2025-09-23 01:34:55,652 - INFO - Example /home/projects/bagon/shared/imagenet512/val/n07742313/ILSVRC2012_val_00034491.JPEG reached epsilon at step 286, loss sum: 11.6659, final loss: 0.00098991, weight distance: 0.0213
2025-09-23 01:35:12,106 - INFO - Example /home/projects/bagon/shared/imagenet512/val/n03141823/ILSVRC2012_val_00037313.JPEG reached epsilon at step 1066, loss sum: 3075.1235, final loss: 0.00099850, weight distance: 0.0834
2025-09-23 01:35:26,553 - INFO - Example /home/projects/bagon/shared/imagenet512/val/n04081281/ILSVRC2012_val_00039444.JPEG reached epsilon at step 932, loss sum: 542.6773, final loss: 0.00099087, weight distance: 0.0671
2025-09-23 01:35:40,802 - INFO - Example /home/projects/bagon/shared/imagenet512/val/n03877845/ILSVRC2012_val_00022667.JPEG reached epsilon at step 915, loss sum: 573.3217, final loss: 0.00098896, weight distance: 0.0636
2025-09-23 01:36:02,078 - INFO - Example /home/projects/bagon/shared/imagenet512/val/n01756291/ILSVRC2012_val_00020569.JPEG reached epsilon at step 1392, loss sum: 185.5452, final loss: 0.00098896, weight distance: 0.0778
2025-09-23 01:36:13,765 - INFO - Example /home/projects/bagon/shared/imagenet512/val/n03014705/ILSVRC2012_val_00044628.JPEG reached epsilon at step 746, loss sum: 774.8370, final loss: 0.00098991, weight distance: 0.0567
2025-09-23 01:36:25,133 - INFO - Example /home/projects/bagon/shared/imagenet512/val/n04612504/ILSVRC2012_val_00041292.JPEG reached epsilon at step 726, loss sum: 110.6763, final loss: 0.00099850, weight distance: 0.0484
2025-09-23 01:36:43,714 - INFO - Example /home/projects/bagon/shared/imagenet512/val/n04522168/ILSVRC2012_val_00046271.JPEG reached epsilon at step 1178, loss sum: 1081.5706, final loss: 0.00099277, weight distance: 0.0803
2025-09-23 01:37:00,984 - INFO - Example /home/projects/bagon/shared/imagenet512/val/n03637318/ILSVRC2012_val_00047460.JPEG reached epsilon at step 1132, loss sum: 172.2953, final loss: 0.00099564, weight distance: 0.0694
2025-09-23 01:37:20,533 - INFO - Example /home/projects/bagon/shared/imagenet512/val/n03534580/ILSVRC2012_val_00042152.JPEG reached epsilon at step 1283, loss sum: 2296.3510, final loss: 0.00099850, weight distance: 0.0814
2025-09-23 01:37:35,656 - INFO - Example /home/projects/bagon/shared/imagenet512/val/n03933933/ILSVRC2012_val_00040499.JPEG reached epsilon at step 987, loss sum: 158.4478, final loss: 0.00099277, weight distance: 0.0554
2025-09-23 01:37:49,991 - INFO - Example /home/projects/bagon/shared/imagenet512/val/n01667114/ILSVRC2012_val_00016550.JPEG reached epsilon at step 930, loss sum: 41.2530, final loss: 0.00099754, weight distance: 0.0510
2025-09-23 01:38:01,770 - INFO - Example /home/projects/bagon/shared/imagenet512/val/n02108089/ILSVRC2012_val_00023231.JPEG reached epsilon at step 756, loss sum: 373.8421, final loss: 0.00099754, weight distance: 0.0550
2025-09-23 01:38:10,301 - INFO - Example /home/projects/bagon/shared/imagenet512/val/n04033901/ILSVRC2012_val_00003041.JPEG reached epsilon at step 539, loss sum: 321.2166, final loss: 0.00098896, weight distance: 0.0444
2025-09-23 01:38:24,730 - INFO - Example /home/projects/bagon/shared/imagenet512/val/n03594734/ILSVRC2012_val_00000110.JPEG reached epsilon at step 941, loss sum: 738.7830, final loss: 0.00099659, weight distance: 0.0693
2025-09-23 01:38:40,568 - INFO - Example /home/projects/bagon/shared/imagenet512/val/n02640242/ILSVRC2012_val_00032922.JPEG reached epsilon at step 1016, loss sum: 2101.3931, final loss: 0.00099564, weight distance: 0.0783
2025-09-23 01:38:50,119 - INFO - Example /home/projects/bagon/shared/imagenet512/val/n07695742/ILSVRC2012_val_00004195.JPEG reached epsilon at step 608, loss sum: 1092.9115, final loss: 0.00099277, weight distance: 0.0504
2025-09-23 01:38:59,336 - INFO - Example /home/projects/bagon/shared/imagenet512/val/n02018795/ILSVRC2012_val_00044999.JPEG reached epsilon at step 587, loss sum: 596.3778, final loss: 0.00099277, weight distance: 0.0474
2025-09-23 01:39:12,251 - INFO - Example /home/projects/bagon/shared/imagenet512/val/n04525038/ILSVRC2012_val_00036415.JPEG reached epsilon at step 838, loss sum: 487.2786, final loss: 0.00099182, weight distance: 0.0587
2025-09-23 01:39:21,753 - INFO - Example /home/projects/bagon/shared/imagenet512/val/n03796401/ILSVRC2012_val_00000365.JPEG reached epsilon at step 603, loss sum: 35.4866, final loss: 0.00099373, weight distance: 0.0375
2025-09-23 01:39:36,261 - INFO - Example /home/projects/bagon/shared/imagenet512/val/n09193705/ILSVRC2012_val_00027422.JPEG reached epsilon at step 941, loss sum: 549.0377, final loss: 0.00099564, weight distance: 0.0624
2025-09-23 01:39:57,936 - INFO - Example /home/projects/bagon/shared/imagenet512/val/n04493381/ILSVRC2012_val_00006781.JPEG reached epsilon at step 1416, loss sum: 391.2848, final loss: 0.00099468, weight distance: 0.0794
2025-09-23 01:40:09,992 - INFO - Example /home/projects/bagon/shared/imagenet512/val/n07932039/ILSVRC2012_val_00017072.JPEG reached epsilon at step 775, loss sum: 924.2888, final loss: 0.00099087, weight distance: 0.0595
2025-09-23 01:40:26,573 - INFO - Example /home/projects/bagon/shared/imagenet512/val/n02910353/ILSVRC2012_val_00028342.JPEG reached epsilon at step 1083, loss sum: 1555.7887, final loss: 0.00098801, weight distance: 0.0774
2025-09-23 01:40:38,985 - INFO - Example /home/projects/bagon/shared/imagenet512/val/n02279972/ILSVRC2012_val_00019145.JPEG reached epsilon at step 796, loss sum: 2058.0599, final loss: 0.00099468, weight distance: 0.0658
2025-09-23 01:40:47,469 - INFO - Example /home/projects/bagon/shared/imagenet512/val/n02088632/ILSVRC2012_val_00032000.JPEG reached epsilon at step 532, loss sum: 391.0213, final loss: 0.00099564, weight distance: 0.0382
2025-09-23 01:41:04,244 - INFO - Example /home/projects/bagon/shared/imagenet512/val/n03690938/ILSVRC2012_val_00003466.JPEG reached epsilon at step 1094, loss sum: 217.6006, final loss: 0.00099945, weight distance: 0.0588
2025-09-23 01:41:20,014 - INFO - Example /home/projects/bagon/shared/imagenet512/val/n03476991/ILSVRC2012_val_00039891.JPEG reached epsilon at step 1021, loss sum: 1395.0436, final loss: 0.00098896, weight distance: 0.0768
2025-09-23 01:41:34,667 - INFO - Example /home/projects/bagon/shared/imagenet512/val/n02443114/ILSVRC2012_val_00030469.JPEG reached epsilon at step 947, loss sum: 102.4869, final loss: 0.00099945, weight distance: 0.0583
2025-09-23 01:41:46,199 - INFO - Example /home/projects/bagon/shared/imagenet512/val/n02363005/ILSVRC2012_val_00028074.JPEG reached epsilon at step 736, loss sum: 465.2057, final loss: 0.00099659, weight distance: 0.0505
2025-09-23 01:42:00,033 - INFO - Example /home/projects/bagon/shared/imagenet512/val/n01985128/ILSVRC2012_val_00025521.JPEG reached epsilon at step 894, loss sum: 609.6594, final loss: 0.00099945, weight distance: 0.0626
2025-09-23 01:42:11,725 - INFO - Example /home/projects/bagon/shared/imagenet512/val/n02483708/ILSVRC2012_val_00022740.JPEG reached epsilon at step 754, loss sum: 200.0881, final loss: 0.00099754, weight distance: 0.0467
2025-09-23 01:42:20,130 - INFO - Example /home/projects/bagon/shared/imagenet512/val/n01980166/ILSVRC2012_val_00000818.JPEG reached epsilon at step 531, loss sum: 158.8055, final loss: 0.00098896, weight distance: 0.0410
2025-09-23 01:42:44,264 - INFO - Example /home/projects/bagon/shared/imagenet512/val/n03063599/ILSVRC2012_val_00010857.JPEG reached epsilon at step 1596, loss sum: 2702.4623, final loss: 0.00099659, weight distance: 0.1008
2025-09-23 01:42:57,939 - INFO - Example /home/projects/bagon/shared/imagenet512/val/n02526121/ILSVRC2012_val_00042915.JPEG reached epsilon at step 888, loss sum: 1046.2957, final loss: 0.00099659, weight distance: 0.0662
2025-09-23 01:43:22,043 - INFO - Example /home/projects/bagon/shared/imagenet512/val/n01682714/ILSVRC2012_val_00042070.JPEG reached epsilon at step 1593, loss sum: 219.7853, final loss: 0.00098991, weight distance: 0.0912
2025-09-23 01:43:30,989 - INFO - Example /home/projects/bagon/shared/imagenet512/val/n03220513/ILSVRC2012_val_00037465.JPEG reached epsilon at step 567, loss sum: 259.8899, final loss: 0.00099945, weight distance: 0.0426
2025-09-23 01:43:49,321 - INFO - Example /home/projects/bagon/shared/imagenet512/val/n02422699/ILSVRC2012_val_00025116.JPEG reached epsilon at step 1190, loss sum: 1464.7150, final loss: 0.00099564, weight distance: 0.0732
2025-09-23 01:44:02,366 - INFO - Example /home/projects/bagon/shared/imagenet512/val/n01698640/ILSVRC2012_val_00007238.JPEG reached epsilon at step 845, loss sum: 388.1851, final loss: 0.00099564, weight distance: 0.0547
2025-09-23 01:44:25,334 - INFO - Example /home/projects/bagon/shared/imagenet512/val/n03773504/ILSVRC2012_val_00010189.JPEG reached epsilon at step 1515, loss sum: 211.0822, final loss: 0.00098610, weight distance: 0.0833
2025-09-23 01:44:38,250 - INFO - Example /home/projects/bagon/shared/imagenet512/val/n02493793/ILSVRC2012_val_00045444.JPEG reached epsilon at step 836, loss sum: 245.0991, final loss: 0.00099754, weight distance: 0.0511
2025-09-23 01:44:55,191 - INFO - Example /home/projects/bagon/shared/imagenet512/val/n03179701/ILSVRC2012_val_00032302.JPEG reached epsilon at step 1108, loss sum: 251.8559, final loss: 0.00099659, weight distance: 0.0662
2025-09-23 01:45:19,170 - INFO - Example /home/projects/bagon/shared/imagenet512/val/n04008634/ILSVRC2012_val_00014988.JPEG reached epsilon at step 1542, loss sum: 185.0868, final loss: 0.00099945, weight distance: 0.0804
2025-09-23 01:45:31,303 - INFO - Example /home/projects/bagon/shared/imagenet512/val/n04479046/ILSVRC2012_val_00043734.JPEG reached epsilon at step 720, loss sum: 1100.3739, final loss: 0.00099182, weight distance: 0.0567
2025-09-23 01:45:43,812 - INFO - Example /home/projects/bagon/shared/imagenet512/val/n03355925/ILSVRC2012_val_00001962.JPEG reached epsilon at step 804, loss sum: 881.5357, final loss: 0.00099564, weight distance: 0.0591
2025-09-23 01:45:59,620 - INFO - Example /home/projects/bagon/shared/imagenet512/val/n03017168/ILSVRC2012_val_00035306.JPEG reached epsilon at step 1026, loss sum: 1533.6625, final loss: 0.00098991, weight distance: 0.0782
2025-09-23 01:46:15,103 - INFO - Example /home/projects/bagon/shared/imagenet512/val/n03443371/ILSVRC2012_val_00017478.JPEG reached epsilon at step 1004, loss sum: 370.7418, final loss: 0.00099277, weight distance: 0.0639
2025-09-23 01:46:25,404 - INFO - Example /home/projects/bagon/shared/imagenet512/val/n03908714/ILSVRC2012_val_00043654.JPEG reached epsilon at step 654, loss sum: 482.1457, final loss: 0.00099182, weight distance: 0.0513
2025-09-23 01:46:34,353 - INFO - Example /home/projects/bagon/shared/imagenet512/val/n06785654/ILSVRC2012_val_00046723.JPEG reached epsilon at step 566, loss sum: 1560.1040, final loss: 0.00099182, weight distance: 0.0518
2025-09-23 01:46:46,836 - INFO - Example /home/projects/bagon/shared/imagenet512/val/n02098105/ILSVRC2012_val_00031531.JPEG reached epsilon at step 803, loss sum: 394.5544, final loss: 0.00099182, weight distance: 0.0548
2025-09-23 01:46:52,457 - INFO - Example /home/projects/bagon/shared/imagenet512/val/n03958227/ILSVRC2012_val_00008350.JPEG reached epsilon at step 340, loss sum: 177.3183, final loss: 0.00099945, weight distance: 0.0300
2025-09-23 01:47:08,766 - INFO - Example /home/projects/bagon/shared/imagenet512/val/n04599235/ILSVRC2012_val_00028150.JPEG reached epsilon at step 1034, loss sum: 1124.8742, final loss: 0.00099659, weight distance: 0.0728
2025-09-23 01:47:27,757 - INFO - Example /home/projects/bagon/shared/imagenet512/val/n03125729/ILSVRC2012_val_00016343.JPEG reached epsilon at step 1236, loss sum: 1020.3771, final loss: 0.00099468, weight distance: 0.0840
2025-09-23 01:47:39,028 - INFO - Example /home/projects/bagon/shared/imagenet512/val/n03884397/ILSVRC2012_val_00039417.JPEG reached epsilon at step 719, loss sum: 686.6211, final loss: 0.00099087, weight distance: 0.0562
2025-09-23 01:47:51,424 - INFO - Example /home/projects/bagon/shared/imagenet512/val/n03803284/ILSVRC2012_val_00049210.JPEG reached epsilon at step 790, loss sum: 1706.9085, final loss: 0.00099564, weight distance: 0.0657
2025-09-23 01:48:01,283 - INFO - Example /home/projects/bagon/shared/imagenet512/val/n03804744/ILSVRC2012_val_00016760.JPEG reached epsilon at step 625, loss sum: 295.7452, final loss: 0.00099659, weight distance: 0.0452
2025-09-23 01:48:08,759 - INFO - Example /home/projects/bagon/shared/imagenet512/val/n01917289/ILSVRC2012_val_00033440.JPEG reached epsilon at step 464, loss sum: 103.1945, final loss: 0.00098801, weight distance: 0.0331
2025-09-23 01:48:33,745 - INFO - Example /home/projects/bagon/shared/imagenet512/val/n04285008/ILSVRC2012_val_00033293.JPEG reached epsilon at step 1636, loss sum: 509.1408, final loss: 0.00099659, weight distance: 0.0922
2025-09-23 01:48:42,247 - INFO - Example /home/projects/bagon/shared/imagenet512/val/n03843555/ILSVRC2012_val_00047442.JPEG reached epsilon at step 523, loss sum: 140.0567, final loss: 0.00098801, weight distance: 0.0389
2025-09-23 01:49:08,066 - INFO - Example /home/projects/bagon/shared/imagenet512/val/n02109961/ILSVRC2012_val_00014701.JPEG reached epsilon at step 1696, loss sum: 149.2842, final loss: 0.00099468, weight distance: 0.0835
2025-09-23 01:49:19,331 - INFO - Example /home/projects/bagon/shared/imagenet512/val/n04428191/ILSVRC2012_val_00031546.JPEG reached epsilon at step 718, loss sum: 139.3862, final loss: 0.00099087, weight distance: 0.0496
2025-09-23 01:49:33,355 - INFO - Example /home/projects/bagon/shared/imagenet512/val/n03450230/ILSVRC2012_val_00011683.JPEG reached epsilon at step 900, loss sum: 81.6656, final loss: 0.00099182, weight distance: 0.0502
2025-09-23 01:49:51,444 - INFO - Example /home/projects/bagon/shared/imagenet512/val/n03124170/ILSVRC2012_val_00017204.JPEG reached epsilon at step 1169, loss sum: 1777.3617, final loss: 0.00099373, weight distance: 0.0819
2025-09-23 01:50:01,439 - INFO - Example /home/projects/bagon/shared/imagenet512/val/n04554684/ILSVRC2012_val_00022249.JPEG reached epsilon at step 628, loss sum: 693.4125, final loss: 0.00099659, weight distance: 0.0472
2025-09-23 01:50:13,346 - INFO - Example /home/projects/bagon/shared/imagenet512/val/n04141975/ILSVRC2012_val_00006418.JPEG reached epsilon at step 758, loss sum: 439.1372, final loss: 0.00098705, weight distance: 0.0562
2025-09-23 01:50:21,496 - INFO - Example /home/projects/bagon/shared/imagenet512/val/n03599486/ILSVRC2012_val_00029813.JPEG reached epsilon at step 506, loss sum: 780.8683, final loss: 0.00099373, weight distance: 0.0444
2025-09-23 01:50:31,378 - INFO - Example /home/projects/bagon/shared/imagenet512/val/n03929660/ILSVRC2012_val_00022149.JPEG reached epsilon at step 621, loss sum: 604.4054, final loss: 0.00099850, weight distance: 0.0496
2025-09-23 01:50:41,632 - INFO - Example /home/projects/bagon/shared/imagenet512/val/n02169497/ILSVRC2012_val_00001539.JPEG reached epsilon at step 649, loss sum: 284.5627, final loss: 0.00099564, weight distance: 0.0467
2025-09-23 01:50:55,898 - INFO - Example /home/projects/bagon/shared/imagenet512/val/n03196217/ILSVRC2012_val_00019501.JPEG reached epsilon at step 918, loss sum: 635.1124, final loss: 0.00099468, weight distance: 0.0641
2025-09-23 01:51:09,632 - INFO - Example /home/projects/bagon/shared/imagenet512/val/n02093991/ILSVRC2012_val_00043404.JPEG reached epsilon at step 880, loss sum: 327.3921, final loss: 0.00099945, weight distance: 0.0614
2025-09-23 01:51:27,198 - INFO - Example /home/projects/bagon/shared/imagenet512/val/n03372029/ILSVRC2012_val_00002542.JPEG reached epsilon at step 1136, loss sum: 1240.9770, final loss: 0.00099373, weight distance: 0.0731
2025-09-23 01:51:36,842 - INFO - Example /home/projects/bagon/shared/imagenet512/val/n03961711/ILSVRC2012_val_00017668.JPEG reached epsilon at step 610, loss sum: 235.7258, final loss: 0.00099850, weight distance: 0.0462
2025-09-23 01:51:56,514 - INFO - Example /home/projects/bagon/shared/imagenet512/val/n02837789/ILSVRC2012_val_00038813.JPEG reached epsilon at step 1232, loss sum: 685.8928, final loss: 0.00099659, weight distance: 0.0818
2025-09-23 01:52:11,001 - INFO - Example /home/projects/bagon/shared/imagenet512/val/n02415577/ILSVRC2012_val_00017949.JPEG reached epsilon at step 912, loss sum: 98.3107, final loss: 0.00099850, weight distance: 0.0544
2025-09-23 01:52:18,971 - INFO - Example /home/projects/bagon/shared/imagenet512/val/n03970156/ILSVRC2012_val_00011268.JPEG reached epsilon at step 498, loss sum: 318.3724, final loss: 0.00099182, weight distance: 0.0418
2025-09-23 01:52:41,986 - INFO - Example /home/projects/bagon/shared/imagenet512/val/n01749939/ILSVRC2012_val_00014575.JPEG reached epsilon at step 1476, loss sum: 1385.9676, final loss: 0.00099182, weight distance: 0.0911
2025-09-23 01:53:05,916 - INFO - Example /home/projects/bagon/shared/imagenet512/val/n01756291/ILSVRC2012_val_00036067.JPEG reached epsilon at step 1566, loss sum: 366.2022, final loss: 0.00099945, weight distance: 0.0823
2025-09-23 01:53:22,690 - INFO - Example /home/projects/bagon/shared/imagenet512/val/n02101556/ILSVRC2012_val_00045011.JPEG reached epsilon at step 1083, loss sum: 1878.4084, final loss: 0.00099659, weight distance: 0.0776
2025-09-23 01:53:35,040 - INFO - Example /home/projects/bagon/shared/imagenet512/val/n02815834/ILSVRC2012_val_00012908.JPEG reached epsilon at step 789, loss sum: 713.9609, final loss: 0.00099277, weight distance: 0.0590
2025-09-23 01:53:48,730 - INFO - Example /home/projects/bagon/shared/imagenet512/val/n04599235/ILSVRC2012_val_00001417.JPEG reached epsilon at step 877, loss sum: 344.7792, final loss: 0.00099182, weight distance: 0.0591
2025-09-23 01:54:06,760 - INFO - Example /home/projects/bagon/shared/imagenet512/val/n02229544/ILSVRC2012_val_00026894.JPEG reached epsilon at step 1155, loss sum: 548.6643, final loss: 0.00099182, weight distance: 0.0695
2025-09-23 01:54:20,293 - INFO - Example /home/projects/bagon/shared/imagenet512/val/n02807133/ILSVRC2012_val_00037542.JPEG reached epsilon at step 867, loss sum: 1225.8516, final loss: 0.00098801, weight distance: 0.0660
2025-09-23 01:54:42,390 - INFO - Example /home/projects/bagon/shared/imagenet512/val/n01749939/ILSVRC2012_val_00026739.JPEG reached epsilon at step 1453, loss sum: 2843.4321, final loss: 0.00099659, weight distance: 0.0969
2025-09-23 01:54:55,579 - INFO - Example /home/projects/bagon/shared/imagenet512/val/n02085620/ILSVRC2012_val_00016688.JPEG reached epsilon at step 851, loss sum: 228.7036, final loss: 0.00099564, weight distance: 0.0587
2025-09-23 01:55:04,206 - INFO - Example /home/projects/bagon/shared/imagenet512/val/n02104365/ILSVRC2012_val_00027051.JPEG reached epsilon at step 541, loss sum: 345.7281, final loss: 0.00098991, weight distance: 0.0394
2025-09-23 01:55:25,921 - INFO - Example /home/projects/bagon/shared/imagenet512/val/n02749479/ILSVRC2012_val_00031231.JPEG reached epsilon at step 1426, loss sum: 1247.0100, final loss: 0.00099564, weight distance: 0.0866
2025-09-23 01:55:41,464 - INFO - Example /home/projects/bagon/shared/imagenet512/val/n03535780/ILSVRC2012_val_00004312.JPEG reached epsilon at step 1010, loss sum: 162.1081, final loss: 0.00099182, weight distance: 0.0609
2025-09-23 01:55:55,931 - INFO - Example /home/projects/bagon/shared/imagenet512/val/n01667778/ILSVRC2012_val_00015475.JPEG reached epsilon at step 933, loss sum: 71.1663, final loss: 0.00099945, weight distance: 0.0529
2025-09-23 01:56:02,842 - INFO - Example /home/projects/bagon/shared/imagenet512/val/n03742115/ILSVRC2012_val_00003433.JPEG reached epsilon at step 426, loss sum: 45.6636, final loss: 0.00099850, weight distance: 0.0321
2025-09-23 01:56:16,966 - INFO - Example /home/projects/bagon/shared/imagenet512/val/n09332890/ILSVRC2012_val_00039635.JPEG reached epsilon at step 903, loss sum: 243.3519, final loss: 0.00099373, weight distance: 0.0595
2025-09-23 01:56:23,407 - INFO - Example /home/projects/bagon/shared/imagenet512/val/n07714990/ILSVRC2012_val_00048012.JPEG reached epsilon at step 392, loss sum: 41.9692, final loss: 0.00099850, weight distance: 0.0307
2025-09-23 01:56:37,931 - INFO - Example /home/projects/bagon/shared/imagenet512/val/n03297495/ILSVRC2012_val_00022933.JPEG reached epsilon at step 940, loss sum: 435.5674, final loss: 0.00099468, weight distance: 0.0643
2025-09-23 01:56:46,194 - INFO - Example /home/projects/bagon/shared/imagenet512/val/n02206856/ILSVRC2012_val_00049624.JPEG reached epsilon at step 520, loss sum: 206.5598, final loss: 0.00099945, weight distance: 0.0397
2025-09-23 01:57:01,779 - INFO - Example /home/projects/bagon/shared/imagenet512/val/n01740131/ILSVRC2012_val_00025727.JPEG reached epsilon at step 1006, loss sum: 169.3080, final loss: 0.00099945, weight distance: 0.0600
2025-09-23 01:57:15,066 - INFO - Example /home/projects/bagon/shared/imagenet512/val/n02769748/ILSVRC2012_val_00036598.JPEG reached epsilon at step 851, loss sum: 994.4761, final loss: 0.00099468, weight distance: 0.0653
2025-09-23 01:57:24,964 - INFO - Example /home/projects/bagon/shared/imagenet512/val/n02027492/ILSVRC2012_val_00001643.JPEG reached epsilon at step 620, loss sum: 175.9573, final loss: 0.00099850, weight distance: 0.0438
2025-09-23 01:57:39,980 - INFO - Example /home/projects/bagon/shared/imagenet512/val/n02951585/ILSVRC2012_val_00012878.JPEG reached epsilon at step 975, loss sum: 843.0943, final loss: 0.00099564, weight distance: 0.0697
2025-09-23 01:57:48,868 - INFO - Example /home/projects/bagon/shared/imagenet512/val/n03998194/ILSVRC2012_val_00014123.JPEG reached epsilon at step 559, loss sum: 379.5243, final loss: 0.00098991, weight distance: 0.0429
2025-09-23 01:58:06,249 - INFO - Example /home/projects/bagon/shared/imagenet512/val/n04592741/ILSVRC2012_val_00024138.JPEG reached epsilon at step 1113, loss sum: 293.7508, final loss: 0.00099850, weight distance: 0.0735
2025-09-23 01:58:13,851 - INFO - Example /home/projects/bagon/shared/imagenet512/val/n01980166/ILSVRC2012_val_00023339.JPEG reached epsilon at step 470, loss sum: 249.8600, final loss: 0.00099945, weight distance: 0.0387
2025-09-23 01:58:33,620 - INFO - Example /home/projects/bagon/shared/imagenet512/val/n03782006/ILSVRC2012_val_00032019.JPEG reached epsilon at step 1282, loss sum: 626.4432, final loss: 0.00098705, weight distance: 0.0806
2025-09-23 01:58:46,328 - INFO - Example /home/projects/bagon/shared/imagenet512/val/n03535780/ILSVRC2012_val_00030841.JPEG reached epsilon at step 812, loss sum: 21.4835, final loss: 0.00099182, weight distance: 0.0436
2025-09-23 01:58:56,725 - INFO - Example /home/projects/bagon/shared/imagenet512/val/n04033995/ILSVRC2012_val_00038032.JPEG reached epsilon at step 661, loss sum: 44.0633, final loss: 0.00099659, weight distance: 0.0362
2025-09-23 01:59:11,892 - INFO - Example /home/projects/bagon/shared/imagenet512/val/n02747177/ILSVRC2012_val_00018345.JPEG reached epsilon at step 976, loss sum: 1658.1722, final loss: 0.00099945, weight distance: 0.0755
2025-09-23 01:59:24,172 - INFO - Example /home/projects/bagon/shared/imagenet512/val/n02788148/ILSVRC2012_val_00016716.JPEG reached epsilon at step 781, loss sum: 350.0784, final loss: 0.00099564, weight distance: 0.0545
2025-09-23 01:59:41,623 - INFO - Example /home/projects/bagon/shared/imagenet512/val/n01665541/ILSVRC2012_val_00038549.JPEG reached epsilon at step 1128, loss sum: 2695.2410, final loss: 0.00098991, weight distance: 0.0841
2025-09-23 02:00:11,885 - INFO - Example /home/projects/bagon/shared/imagenet512/val/n04392985/ILSVRC2012_val_00001738.JPEG reached epsilon at step 1990, loss sum: 1142.3463, final loss: 0.00099754, weight distance: 0.1146
2025-09-23 02:00:25,169 - INFO - Example /home/projects/bagon/shared/imagenet512/val/n04467665/ILSVRC2012_val_00038561.JPEG reached epsilon at step 850, loss sum: 753.1509, final loss: 0.00098991, weight distance: 0.0634
2025-09-23 02:00:35,010 - INFO - Example /home/projects/bagon/shared/imagenet512/val/n02894605/ILSVRC2012_val_00000358.JPEG reached epsilon at step 619, loss sum: 150.8275, final loss: 0.00099850, weight distance: 0.0445
2025-09-23 02:00:54,538 - INFO - Example /home/projects/bagon/shared/imagenet512/val/n04355933/ILSVRC2012_val_00038797.JPEG reached epsilon at step 1272, loss sum: 367.4118, final loss: 0.00099945, weight distance: 0.0641
2025-09-23 02:01:07,045 - INFO - Example /home/projects/bagon/shared/imagenet512/val/n02493793/ILSVRC2012_val_00017507.JPEG reached epsilon at step 800, loss sum: 116.6676, final loss: 0.00099564, weight distance: 0.0499
2025-09-23 02:01:22,323 - INFO - Example /home/projects/bagon/shared/imagenet512/val/n03666591/ILSVRC2012_val_00009293.JPEG reached epsilon at step 986, loss sum: 1373.4253, final loss: 0.00099945, weight distance: 0.0750
2025-09-23 02:01:36,722 - INFO - Example /home/projects/bagon/shared/imagenet512/val/n03527444/ILSVRC2012_val_00027822.JPEG reached epsilon at step 948, loss sum: 959.1474, final loss: 0.00099659, weight distance: 0.0657
2025-09-23 02:01:51,940 - INFO - Example /home/projects/bagon/shared/imagenet512/val/n02231487/ILSVRC2012_val_00047952.JPEG reached epsilon at step 952, loss sum: 1773.6908, final loss: 0.00099087, weight distance: 0.0674
2025-09-23 02:02:08,676 - INFO - Example /home/projects/bagon/shared/imagenet512/val/n02107312/ILSVRC2012_val_00039020.JPEG reached epsilon at step 1090, loss sum: 339.4091, final loss: 0.00099564, weight distance: 0.0667
2025-09-23 02:02:20,770 - INFO - Example /home/projects/bagon/shared/imagenet512/val/n02892767/ILSVRC2012_val_00047165.JPEG reached epsilon at step 775, loss sum: 365.2542, final loss: 0.00099182, weight distance: 0.0532
2025-09-23 02:02:32,525 - INFO - Example /home/projects/bagon/shared/imagenet512/val/n02085620/ILSVRC2012_val_00028943.JPEG reached epsilon at step 755, loss sum: 136.7705, final loss: 0.00099277, weight distance: 0.0469
2025-09-23 02:02:43,839 - INFO - Example /home/projects/bagon/shared/imagenet512/val/n02091831/ILSVRC2012_val_00030249.JPEG reached epsilon at step 722, loss sum: 1166.8557, final loss: 0.00099945, weight distance: 0.0600
2025-09-23 02:03:01,337 - INFO - Example /home/projects/bagon/shared/imagenet512/val/n03709823/ILSVRC2012_val_00012321.JPEG reached epsilon at step 1140, loss sum: 208.2653, final loss: 0.00099754, weight distance: 0.0699
2025-09-23 02:03:11,193 - INFO - Example /home/projects/bagon/shared/imagenet512/val/n03977966/ILSVRC2012_val_00023057.JPEG reached epsilon at step 624, loss sum: 313.7172, final loss: 0.00099564, weight distance: 0.0471
2025-09-23 02:03:30,152 - INFO - Example /home/projects/bagon/shared/imagenet512/val/n03709823/ILSVRC2012_val_00032247.JPEG reached epsilon at step 1240, loss sum: 209.4790, final loss: 0.00098991, weight distance: 0.0680
2025-09-23 02:03:47,986 - INFO - Example /home/projects/bagon/shared/imagenet512/val/n03110669/ILSVRC2012_val_00008033.JPEG reached epsilon at step 1165, loss sum: 544.6851, final loss: 0.00099468, weight distance: 0.0742
2025-09-23 02:04:06,717 - INFO - Example /home/projects/bagon/shared/imagenet512/val/n02669723/ILSVRC2012_val_00045424.JPEG reached epsilon at step 1224, loss sum: 631.5974, final loss: 0.00099659, weight distance: 0.0697
2025-09-23 02:04:15,994 - INFO - Example /home/projects/bagon/shared/imagenet512/val/n03729826/ILSVRC2012_val_00037724.JPEG reached epsilon at step 574, loss sum: 735.8947, final loss: 0.00098610, weight distance: 0.0493
2025-09-23 02:04:31,857 - INFO - Example /home/projects/bagon/shared/imagenet512/val/n04522168/ILSVRC2012_val_00018777.JPEG reached epsilon at step 1026, loss sum: 1697.2001, final loss: 0.00099945, weight distance: 0.0761
2025-09-23 02:04:43,827 - INFO - Example /home/projects/bagon/shared/imagenet512/val/n04154565/ILSVRC2012_val_00000310.JPEG reached epsilon at step 756, loss sum: 639.9074, final loss: 0.00099850, weight distance: 0.0570
2025-09-23 02:05:04,815 - INFO - Example /home/projects/bagon/shared/imagenet512/val/n04493381/ILSVRC2012_val_00038337.JPEG reached epsilon at step 1378, loss sum: 210.8653, final loss: 0.00099564, weight distance: 0.0732
2025-09-23 02:05:17,408 - INFO - Example /home/projects/bagon/shared/imagenet512/val/n01914609/ILSVRC2012_val_00000017.JPEG reached epsilon at step 810, loss sum: 536.2565, final loss: 0.00099373, weight distance: 0.0533
2025-09-23 02:05:30,277 - INFO - Example /home/projects/bagon/shared/imagenet512/val/n02906734/ILSVRC2012_val_00018911.JPEG reached epsilon at step 830, loss sum: 115.9739, final loss: 0.00099468, weight distance: 0.0538
2025-09-23 02:05:51,865 - INFO - Example /home/projects/bagon/shared/imagenet512/val/n02098413/ILSVRC2012_val_00030660.JPEG reached epsilon at step 1418, loss sum: 185.8896, final loss: 0.00099659, weight distance: 0.0721
2025-09-23 02:06:06,919 - INFO - Example /home/projects/bagon/shared/imagenet512/val/n04522168/ILSVRC2012_val_00041967.JPEG reached epsilon at step 974, loss sum: 1055.2225, final loss: 0.00099468, weight distance: 0.0656
2025-09-23 02:06:19,895 - INFO - Example /home/projects/bagon/shared/imagenet512/val/n03976657/ILSVRC2012_val_00002567.JPEG reached epsilon at step 828, loss sum: 481.4203, final loss: 0.00099087, weight distance: 0.0568
2025-09-23 02:06:43,361 - INFO - Example /home/projects/bagon/shared/imagenet512/val/n01729977/ILSVRC2012_val_00014472.JPEG reached epsilon at step 1533, loss sum: 295.6708, final loss: 0.00098801, weight distance: 0.0839
2025-09-23 02:07:06,795 - INFO - Example /home/projects/bagon/shared/imagenet512/val/n02107574/ILSVRC2012_val_00034266.JPEG reached epsilon at step 1530, loss sum: 688.5078, final loss: 0.00099850, weight distance: 0.0909
2025-09-23 02:07:18,926 - INFO - Example /home/projects/bagon/shared/imagenet512/val/n04347754/ILSVRC2012_val_00042324.JPEG reached epsilon at step 636, loss sum: 781.8747, final loss: 0.00099373, weight distance: 0.0523
2025-09-23 02:07:26,829 - INFO - Example /home/projects/bagon/shared/imagenet512/val/n02909870/ILSVRC2012_val_00010175.JPEG reached epsilon at step 484, loss sum: 92.9785, final loss: 0.00099754, weight distance: 0.0380
2025-09-23 02:07:40,151 - INFO - Example /home/projects/bagon/shared/imagenet512/val/n04229816/ILSVRC2012_val_00009290.JPEG reached epsilon at step 851, loss sum: 904.0349, final loss: 0.00099564, weight distance: 0.0654
2025-09-23 02:07:53,305 - INFO - Example /home/projects/bagon/shared/imagenet512/val/n01773549/ILSVRC2012_val_00037282.JPEG reached epsilon at step 840, loss sum: 97.8635, final loss: 0.00099659, weight distance: 0.0433
2025-09-23 02:08:04,633 - INFO - Example /home/projects/bagon/shared/imagenet512/val/n03595614/ILSVRC2012_val_00007268.JPEG reached epsilon at step 722, loss sum: 650.2604, final loss: 0.00099754, weight distance: 0.0572
2025-09-23 02:08:16,388 - INFO - Example /home/projects/bagon/shared/imagenet512/val/n03776460/ILSVRC2012_val_00026878.JPEG reached epsilon at step 748, loss sum: 215.4041, final loss: 0.00099468, weight distance: 0.0480
2025-09-23 02:08:30,044 - INFO - Example /home/projects/bagon/shared/imagenet512/val/n04389033/ILSVRC2012_val_00042641.JPEG reached epsilon at step 875, loss sum: 180.5284, final loss: 0.00099564, weight distance: 0.0574
2025-09-23 02:08:45,225 - INFO - Example /home/projects/bagon/shared/imagenet512/val/n01728572/ILSVRC2012_val_00042352.JPEG reached epsilon at step 977, loss sum: 480.7277, final loss: 0.00099564, weight distance: 0.0629
2025-09-23 02:09:12,450 - INFO - Example /home/projects/bagon/shared/imagenet512/val/n04356056/ILSVRC2012_val_00034446.JPEG reached epsilon at step 1800, loss sum: 266.2615, final loss: 0.00099945, weight distance: 0.0948
2025-09-23 02:09:25,423 - INFO - Example /home/projects/bagon/shared/imagenet512/val/n02099712/ILSVRC2012_val_00027534.JPEG reached epsilon at step 834, loss sum: 164.8139, final loss: 0.00099277, weight distance: 0.0496
2025-09-23 02:09:33,242 - INFO - Example /home/projects/bagon/shared/imagenet512/val/n02797295/ILSVRC2012_val_00016353.JPEG reached epsilon at step 491, loss sum: 186.7785, final loss: 0.00099850, weight distance: 0.0380
2025-09-23 02:09:43,062 - INFO - Example /home/projects/bagon/shared/imagenet512/val/n02037110/ILSVRC2012_val_00037288.JPEG reached epsilon at step 619, loss sum: 154.5691, final loss: 0.00099182, weight distance: 0.0439
2025-09-23 02:09:56,974 - INFO - Example /home/projects/bagon/shared/imagenet512/val/n03983396/ILSVRC2012_val_00030749.JPEG reached epsilon at step 885, loss sum: 297.5788, final loss: 0.00099659, weight distance: 0.0558
2025-09-23 02:10:17,832 - INFO - Example /home/projects/bagon/shared/imagenet512/val/n03216828/ILSVRC2012_val_00012195.JPEG reached epsilon at step 1370, loss sum: 534.0909, final loss: 0.00099850, weight distance: 0.0778
2025-09-23 02:10:35,922 - INFO - Example /home/projects/bagon/shared/imagenet512/val/n01682714/ILSVRC2012_val_00041164.JPEG reached epsilon at step 1182, loss sum: 218.9023, final loss: 0.00099564, weight distance: 0.0724
2025-09-23 02:10:48,705 - INFO - Example /home/projects/bagon/shared/imagenet512/val/n03445924/ILSVRC2012_val_00022035.JPEG reached epsilon at step 823, loss sum: 812.3139, final loss: 0.00099277, weight distance: 0.0652
2025-09-23 02:10:58,988 - INFO - Example /home/projects/bagon/shared/imagenet512/val/n03764736/ILSVRC2012_val_00013680.JPEG reached epsilon at step 576, loss sum: 435.9683, final loss: 0.00098991, weight distance: 0.0458
2025-09-23 02:11:06,308 - INFO - Example /home/projects/bagon/shared/imagenet512/val/n03814639/ILSVRC2012_val_00007014.JPEG reached epsilon at step 454, loss sum: 430.3112, final loss: 0.00099182, weight distance: 0.0386
2025-09-23 02:11:16,392 - INFO - Example /home/projects/bagon/shared/imagenet512/val/n04355338/ILSVRC2012_val_00002015.JPEG reached epsilon at step 641, loss sum: 891.1888, final loss: 0.00099564, weight distance: 0.0522
2025-09-23 02:11:35,187 - INFO - Example /home/projects/bagon/shared/imagenet512/val/n03690938/ILSVRC2012_val_00032191.JPEG reached epsilon at step 1221, loss sum: 327.9038, final loss: 0.00099468, weight distance: 0.0721
2025-09-23 02:11:50,928 - INFO - Example /home/projects/bagon/shared/imagenet512/val/n07932039/ILSVRC2012_val_00048392.JPEG reached epsilon at step 1023, loss sum: 608.8085, final loss: 0.00099945, weight distance: 0.0736
2025-09-23 02:12:13,230 - INFO - Example /home/projects/bagon/shared/imagenet512/val/n03782006/ILSVRC2012_val_00047803.JPEG reached epsilon at step 1455, loss sum: 433.7580, final loss: 0.00099182, weight distance: 0.0860
2025-09-23 02:12:29,390 - INFO - Example /home/projects/bagon/shared/imagenet512/val/n03255030/ILSVRC2012_val_00012202.JPEG reached epsilon at step 1050, loss sum: 3077.6341, final loss: 0.00099659, weight distance: 0.0735
2025-09-23 02:12:40,852 - INFO - Example /home/projects/bagon/shared/imagenet512/val/n07871810/ILSVRC2012_val_00016553.JPEG reached epsilon at step 737, loss sum: 428.3324, final loss: 0.00099850, weight distance: 0.0568
2025-09-23 02:13:00,195 - INFO - Example /home/projects/bagon/shared/imagenet512/val/n04404412/ILSVRC2012_val_00001532.JPEG reached epsilon at step 1270, loss sum: 290.0700, final loss: 0.00099659, weight distance: 0.0745
2025-09-23 02:13:21,013 - INFO - Example /home/projects/bagon/shared/imagenet512/val/n04355933/ILSVRC2012_val_00024618.JPEG reached epsilon at step 1369, loss sum: 135.4860, final loss: 0.00099850, weight distance: 0.0658
2025-09-23 02:13:35,155 - INFO - Example /home/projects/bagon/shared/imagenet512/val/n03995372/ILSVRC2012_val_00048981.JPEG reached epsilon at step 909, loss sum: 525.1604, final loss: 0.00099373, weight distance: 0.0661
2025-09-23 02:13:47,970 - INFO - Example /home/projects/bagon/shared/imagenet512/val/n04326547/ILSVRC2012_val_00030823.JPEG reached epsilon at step 822, loss sum: 958.0290, final loss: 0.00099087, weight distance: 0.0605
2025-09-23 02:14:10,159 - INFO - Example /home/projects/bagon/shared/imagenet512/val/n03710721/ILSVRC2012_val_00003089.JPEG reached epsilon at step 1446, loss sum: 426.2526, final loss: 0.00099850, weight distance: 0.0930
2025-09-23 02:14:16,640 - INFO - Example /home/projects/bagon/shared/imagenet512/val/n03786901/ILSVRC2012_val_00025293.JPEG reached epsilon at step 394, loss sum: 202.5005, final loss: 0.00099182, weight distance: 0.0331
2025-09-23 02:14:28,276 - INFO - Example /home/projects/bagon/shared/imagenet512/val/n04067472/ILSVRC2012_val_00028684.JPEG reached epsilon at step 739, loss sum: 1306.4810, final loss: 0.00099182, weight distance: 0.0631
2025-09-23 02:14:38,827 - INFO - Example /home/projects/bagon/shared/imagenet512/val/n02795169/ILSVRC2012_val_00037322.JPEG reached epsilon at step 669, loss sum: 783.7078, final loss: 0.00099659, weight distance: 0.0536
2025-09-23 02:14:49,349 - INFO - Example /home/projects/bagon/shared/imagenet512/val/n04239074/ILSVRC2012_val_00014865.JPEG reached epsilon at step 666, loss sum: 351.8893, final loss: 0.00099182, weight distance: 0.0489
2025-09-23 02:15:00,662 - INFO - Example /home/projects/bagon/shared/imagenet512/val/n02799071/ILSVRC2012_val_00020572.JPEG reached epsilon at step 720, loss sum: 87.7381, final loss: 0.00099850, weight distance: 0.0478
2025-09-23 02:15:15,618 - INFO - Example /home/projects/bagon/shared/imagenet512/val/n04116512/ILSVRC2012_val_00029621.JPEG reached epsilon at step 938, loss sum: 623.2628, final loss: 0.00099468, weight distance: 0.0665
2025-09-23 02:15:28,187 - INFO - Example /home/projects/bagon/shared/imagenet512/val/n03782006/ILSVRC2012_val_00041449.JPEG reached epsilon at step 803, loss sum: 80.5994, final loss: 0.00099945, weight distance: 0.0533
2025-09-23 02:15:42,341 - INFO - Example /home/projects/bagon/shared/imagenet512/val/n01737021/ILSVRC2012_val_00042105.JPEG reached epsilon at step 911, loss sum: 327.5226, final loss: 0.00099754, weight distance: 0.0612
2025-09-23 02:16:12,780 - INFO - Example /home/projects/bagon/shared/imagenet512/val/n04392985/ILSVRC2012_val_00003844.JPEG reached epsilon at step 1999, loss sum: 401.9127, final loss: 0.00098896, weight distance: 0.0941
2025-09-23 02:16:24,888 - INFO - Example /home/projects/bagon/shared/imagenet512/val/n02100583/ILSVRC2012_val_00005923.JPEG reached epsilon at step 764, loss sum: 142.2003, final loss: 0.00099850, weight distance: 0.0500
2025-09-23 02:16:32,137 - INFO - Example /home/projects/bagon/shared/imagenet512/val/n01784675/ILSVRC2012_val_00028449.JPEG reached epsilon at step 443, loss sum: 206.6399, final loss: 0.00099564, weight distance: 0.0348
2025-09-23 02:16:54,601 - INFO - Example /home/projects/bagon/shared/imagenet512/val/n04008634/ILSVRC2012_val_00039495.JPEG reached epsilon at step 1469, loss sum: 177.1450, final loss: 0.00098896, weight distance: 0.0799
2025-09-23 02:17:11,745 - INFO - Example /home/projects/bagon/shared/imagenet512/val/n03995372/ILSVRC2012_val_00014379.JPEG reached epsilon at step 1108, loss sum: 953.6636, final loss: 0.00099754, weight distance: 0.0761
2025-09-23 02:17:29,332 - INFO - Example /home/projects/bagon/shared/imagenet512/val/n02102318/ILSVRC2012_val_00026540.JPEG reached epsilon at step 1143, loss sum: 515.2715, final loss: 0.00099945, weight distance: 0.0706
2025-09-23 02:17:45,510 - INFO - Example /home/projects/bagon/shared/imagenet512/val/n04090263/ILSVRC2012_val_00013481.JPEG reached epsilon at step 1047, loss sum: 308.8038, final loss: 0.00099659, weight distance: 0.0603
2025-09-23 02:17:56,698 - INFO - Example /home/projects/bagon/shared/imagenet512/val/n04423845/ILSVRC2012_val_00023632.JPEG reached epsilon at step 713, loss sum: 912.2923, final loss: 0.00099945, weight distance: 0.0574
2025-09-23 02:18:13,122 - INFO - Example /home/projects/bagon/shared/imagenet512/val/n04557648/ILSVRC2012_val_00000745.JPEG reached epsilon at step 1062, loss sum: 1571.3081, final loss: 0.00099945, weight distance: 0.0794
2025-09-23 02:18:24,418 - INFO - Example /home/projects/bagon/shared/imagenet512/val/n03314780/ILSVRC2012_val_00034940.JPEG reached epsilon at step 704, loss sum: 216.7986, final loss: 0.00098896, weight distance: 0.0525
2025-09-23 02:18:47,556 - INFO - Example /home/projects/bagon/shared/imagenet512/val/n12144580/ILSVRC2012_val_00040756.JPEG reached epsilon at step 1511, loss sum: 631.3284, final loss: 0.00099468, weight distance: 0.0859
2025-09-23 02:19:15,976 - INFO - Example /home/projects/bagon/shared/imagenet512/val/n04392985/ILSVRC2012_val_00008846.JPEG reached epsilon at step 1867, loss sum: 667.5837, final loss: 0.00099659, weight distance: 0.0988
2025-09-23 02:19:37,349 - INFO - Example /home/projects/bagon/shared/imagenet512/val/n02974003/ILSVRC2012_val_00015230.JPEG reached epsilon at step 1393, loss sum: 364.2136, final loss: 0.00099182, weight distance: 0.0857
2025-09-23 02:19:52,790 - INFO - Example /home/projects/bagon/shared/imagenet512/val/n02091831/ILSVRC2012_val_00027810.JPEG reached epsilon at step 998, loss sum: 550.6558, final loss: 0.00099850, weight distance: 0.0683
2025-09-23 02:20:09,910 - INFO - Example /home/projects/bagon/shared/imagenet512/val/n02169497/ILSVRC2012_val_00024558.JPEG reached epsilon at step 1110, loss sum: 281.6093, final loss: 0.00099754, weight distance: 0.0709
2025-09-23 02:20:25,786 - INFO - Example /home/projects/bagon/shared/imagenet512/val/n02412080/ILSVRC2012_val_00048002.JPEG reached epsilon at step 1027, loss sum: 181.5893, final loss: 0.00099182, weight distance: 0.0668
2025-09-23 02:20:36,739 - INFO - Example /home/projects/bagon/shared/imagenet512/val/n02776631/ILSVRC2012_val_00042857.JPEG reached epsilon at step 695, loss sum: 197.0857, final loss: 0.00099277, weight distance: 0.0495
2025-09-23 02:20:47,526 - INFO - Example /home/projects/bagon/shared/imagenet512/val/n03877472/ILSVRC2012_val_00013462.JPEG reached epsilon at step 664, loss sum: 1192.6067, final loss: 0.00099850, weight distance: 0.0550
2025-09-23 02:21:05,326 - INFO - Example /home/projects/bagon/shared/imagenet512/val/n03476684/ILSVRC2012_val_00037586.JPEG reached epsilon at step 1150, loss sum: 2451.8306, final loss: 0.00099945, weight distance: 0.0901
2025-09-23 02:21:22,955 - INFO - Example /home/projects/bagon/shared/imagenet512/val/n01644900/ILSVRC2012_val_00049287.JPEG reached epsilon at step 1145, loss sum: 912.5144, final loss: 0.00099659, weight distance: 0.0616
2025-09-23 02:21:35,017 - INFO - Example /home/projects/bagon/shared/imagenet512/val/n04259630/ILSVRC2012_val_00040383.JPEG reached epsilon at step 770, loss sum: 1034.6904, final loss: 0.00099277, weight distance: 0.0589
2025-09-23 02:21:50,617 - INFO - Example /home/projects/bagon/shared/imagenet512/val/n03692522/ILSVRC2012_val_00036273.JPEG reached epsilon at step 1009, loss sum: 1171.7549, final loss: 0.00099564, weight distance: 0.0743
2025-09-23 02:22:04,421 - INFO - Example /home/projects/bagon/shared/imagenet512/val/n04357314/ILSVRC2012_val_00016583.JPEG reached epsilon at step 884, loss sum: 738.0922, final loss: 0.00099182, weight distance: 0.0637
2025-09-23 02:22:23,497 - INFO - Example /home/projects/bagon/shared/imagenet512/val/n04152593/ILSVRC2012_val_00041664.JPEG reached epsilon at step 1240, loss sum: 227.4493, final loss: 0.00099087, weight distance: 0.0723
2025-09-23 02:22:39,337 - INFO - Example /home/projects/bagon/shared/imagenet512/val/n09421951/ILSVRC2012_val_00040169.JPEG reached epsilon at step 1024, loss sum: 1213.3967, final loss: 0.00099087, weight distance: 0.0732
2025-09-23 02:22:49,668 - INFO - Example /home/projects/bagon/shared/imagenet512/val/n04584207/ILSVRC2012_val_00043846.JPEG reached epsilon at step 656, loss sum: 400.0392, final loss: 0.00098896, weight distance: 0.0461
2025-09-23 02:23:04,559 - INFO - Example /home/projects/bagon/shared/imagenet512/val/n01985128/ILSVRC2012_val_00002693.JPEG reached epsilon at step 961, loss sum: 287.6636, final loss: 0.00099564, weight distance: 0.0600
2025-09-23 02:23:29,140 - INFO - Example /home/projects/bagon/shared/imagenet512/val/n03146219/ILSVRC2012_val_00026209.JPEG reached epsilon at step 1612, loss sum: 1761.0061, final loss: 0.00099754, weight distance: 0.0939
2025-09-23 02:23:50,123 - INFO - Example /home/projects/bagon/shared/imagenet512/val/n03983396/ILSVRC2012_val_00008437.JPEG reached epsilon at step 1369, loss sum: 574.4363, final loss: 0.00099182, weight distance: 0.0856
2025-09-23 02:24:11,450 - INFO - Example /home/projects/bagon/shared/imagenet512/val/n01773797/ILSVRC2012_val_00034972.JPEG reached epsilon at step 1393, loss sum: 360.2970, final loss: 0.00099945, weight distance: 0.0849
2025-09-23 02:24:23,416 - INFO - Example /home/projects/bagon/shared/imagenet512/val/n03530642/ILSVRC2012_val_00022717.JPEG reached epsilon at step 761, loss sum: 765.9757, final loss: 0.00099277, weight distance: 0.0543
2025-09-23 02:24:40,173 - INFO - Example /home/projects/bagon/shared/imagenet512/val/n02837789/ILSVRC2012_val_00036936.JPEG reached epsilon at step 1089, loss sum: 325.8712, final loss: 0.00098991, weight distance: 0.0682
2025-09-23 02:24:52,942 - INFO - Example /home/projects/bagon/shared/imagenet512/val/n02834397/ILSVRC2012_val_00013913.JPEG reached epsilon at step 819, loss sum: 955.1622, final loss: 0.00099468, weight distance: 0.0608
2025-09-23 02:25:08,940 - INFO - Example /home/projects/bagon/shared/imagenet512/val/n03690938/ILSVRC2012_val_00004618.JPEG reached epsilon at step 1038, loss sum: 587.8919, final loss: 0.00099945, weight distance: 0.0654
2025-09-23 02:25:28,214 - INFO - Example /home/projects/bagon/shared/imagenet512/val/n02096294/ILSVRC2012_val_00012556.JPEG reached epsilon at step 1252, loss sum: 944.5457, final loss: 0.00099659, weight distance: 0.0774
2025-09-23 02:25:43,245 - INFO - Example /home/projects/bagon/shared/imagenet512/val/n03775546/ILSVRC2012_val_00037888.JPEG reached epsilon at step 970, loss sum: 599.3631, final loss: 0.00099850, weight distance: 0.0651
2025-09-23 02:25:56,471 - INFO - Example /home/projects/bagon/shared/imagenet512/val/n02325366/ILSVRC2012_val_00013125.JPEG reached epsilon at step 851, loss sum: 305.4585, final loss: 0.00099087, weight distance: 0.0599
2025-09-23 02:26:12,100 - INFO - Example /home/projects/bagon/shared/imagenet512/val/n04465501/ILSVRC2012_val_00013518.JPEG reached epsilon at step 1010, loss sum: 141.1037, final loss: 0.00098801, weight distance: 0.0564
2025-09-23 02:26:41,004 - INFO - Example /home/projects/bagon/shared/imagenet512/val/n02110185/ILSVRC2012_val_00041649.JPEG reached epsilon at step 1930, loss sum: 294.7001, final loss: 0.00098896, weight distance: 0.1006
2025-09-23 02:26:50,965 - INFO - Example /home/projects/bagon/shared/imagenet512/val/n04201297/ILSVRC2012_val_00030601.JPEG reached epsilon at step 633, loss sum: 456.3462, final loss: 0.00099945, weight distance: 0.0507
2025-09-23 02:27:11,537 - INFO - Example /home/projects/bagon/shared/imagenet512/val/n02814533/ILSVRC2012_val_00031765.JPEG reached epsilon at step 1347, loss sum: 2357.6776, final loss: 0.00099945, weight distance: 0.0888
2025-09-23 02:27:21,173 - INFO - Example /home/projects/bagon/shared/imagenet512/val/n07711569/ILSVRC2012_val_00021770.JPEG reached epsilon at step 611, loss sum: 142.1287, final loss: 0.00099850, weight distance: 0.0412
2025-09-23 02:27:33,899 - INFO - Example /home/projects/bagon/shared/imagenet512/val/n03976657/ILSVRC2012_val_00026833.JPEG reached epsilon at step 818, loss sum: 1210.4860, final loss: 0.00099182, weight distance: 0.0655
2025-09-23 02:27:44,257 - INFO - Example /home/projects/bagon/shared/imagenet512/val/n01632777/ILSVRC2012_val_00044893.JPEG reached epsilon at step 661, loss sum: 880.0725, final loss: 0.00099564, weight distance: 0.0546
2025-09-23 02:28:08,988 - INFO - Example /home/projects/bagon/shared/imagenet512/val/n04443257/ILSVRC2012_val_00043259.JPEG reached epsilon at step 1629, loss sum: 1524.5556, final loss: 0.00099850, weight distance: 0.1042
2025-09-23 02:28:21,091 - INFO - Example /home/projects/bagon/shared/imagenet512/val/n02127052/ILSVRC2012_val_00044715.JPEG reached epsilon at step 774, loss sum: 424.1920, final loss: 0.00099182, weight distance: 0.0567
2025-09-23 02:28:31,400 - INFO - Example /home/projects/bagon/shared/imagenet512/val/n01729977/ILSVRC2012_val_00016703.JPEG reached epsilon at step 656, loss sum: 16.5915, final loss: 0.00099277, weight distance: 0.0381
2025-09-23 02:28:45,400 - INFO - Example /home/projects/bagon/shared/imagenet512/val/n02815834/ILSVRC2012_val_00027061.JPEG reached epsilon at step 910, loss sum: 909.0150, final loss: 0.00099468, weight distance: 0.0598
2025-09-23 02:28:56,332 - INFO - Example /home/projects/bagon/shared/imagenet512/val/n04336792/ILSVRC2012_val_00016751.JPEG reached epsilon at step 704, loss sum: 632.4911, final loss: 0.00099087, weight distance: 0.0552
2025-09-23 02:29:08,651 - INFO - Example /home/projects/bagon/shared/imagenet512/val/n03770439/ILSVRC2012_val_00003742.JPEG reached epsilon at step 799, loss sum: 946.3905, final loss: 0.00099087, weight distance: 0.0591
2025-09-23 02:29:15,396 - INFO - Example /home/projects/bagon/shared/imagenet512/val/n01882714/ILSVRC2012_val_00014284.JPEG reached epsilon at step 417, loss sum: 89.0833, final loss: 0.00099182, weight distance: 0.0324
2025-09-23 02:29:23,155 - INFO - Example /home/projects/bagon/shared/imagenet512/val/n02321529/ILSVRC2012_val_00007344.JPEG reached epsilon at step 488, loss sum: 622.0527, final loss: 0.00099087, weight distance: 0.0409
2025-09-23 02:29:44,454 - INFO - Example /home/projects/bagon/shared/imagenet512/val/n07579787/ILSVRC2012_val_00015280.JPEG reached epsilon at step 1409, loss sum: 1229.4052, final loss: 0.00099468, weight distance: 0.0928
2025-09-23 02:29:55,274 - INFO - Example /home/projects/bagon/shared/imagenet512/val/n03814639/ILSVRC2012_val_00010868.JPEG reached epsilon at step 697, loss sum: 715.8438, final loss: 0.00099087, weight distance: 0.0569
2025-09-23 02:29:55,830 - INFO - Time limit reached. Exiting before starting next example.
