2025-09-15 22:52:40,141 - INFO - Parsed arguments:
2025-09-15 22:52:40,141 - INFO -   amp_dtype = None
2025-09-15 22:52:40,141 - INFO -   bars_npy = /home/projects/bagon/andreyg/Projects/BMM_school/Universal_learning/Programming/bars/geq6wrong_21017_geq6correct_1525_imagenet.npy
2025-09-15 22:52:40,141 - INFO -   cka_layer_fraction = 0.05
2025-09-15 22:52:40,141 - INFO -   deterministic = True
2025-09-15 22:52:40,141 - INFO -   device = cuda
2025-09-15 22:52:40,141 - INFO -   epsilon = 0.001
2025-09-15 22:52:40,141 - INFO -   examples_csv = /home/projects/bagon/andreyg/Projects/BMM_school/Universal_learning/Programming/bars/geq6wrong_21017_geq6correct_1525_imagenet_examples_ammended.csv
2025-09-15 22:52:40,141 - INFO -   grad_clip_norm = 1.0
2025-09-15 22:52:40,141 - INFO -   hierarchy_json = /home/projects/bagon/andreyg/Projects/BMM_school/Universal_learning/Programming/bars/imagenet_synset_hierarchy.json
2025-09-15 22:52:40,141 - INFO -   imagenet_models_csv = /home/projects/bagon/andreyg/Projects/BMM_school/Universal_learning/Programming/bars/imagenet_models.csv
2025-09-15 22:52:40,141 - INFO -   lr = 0.0005
2025-09-15 22:52:40,141 - INFO -   max_examples = 150
2025-09-15 22:52:40,141 - INFO -   max_steps_per_example = 10000
2025-09-15 22:52:40,141 - INFO -   model_csv_name = vgg_13_224_tv_imagenet_1k
2025-09-15 22:52:40,141 - INFO -   model_name = vgg13.tv_in1k
2025-09-15 22:52:40,141 - INFO -   no_amp = False
2025-09-15 22:52:40,141 - INFO -   output_dir = /home/projects/bagon/andreyg/Projects/BMM_school/Universal_learning/Programming/training_gradient_evaluator_single_loss/outputs_lr_0.0005_150_examples
2025-09-15 22:52:40,141 - INFO -   root_dir = None
2025-09-15 22:52:40,141 - INFO -   seed = 1337
2025-09-15 22:52:40,141 - INFO -   weight_decay = 0.0
2025-09-15 22:52:40,141 - INFO -   zero_aug_train = True
2025-09-15 22:52:40,152 - INFO - Loaded 50000 examples in difficulty order
2025-09-15 22:52:42,301 - INFO - Loaded TIMM pretrained weights for vgg13.tv_in1k
2025-09-15 22:52:42,301 - INFO - pretrained_cfg.url= hf_hub_id=timm/vgg13.tv_in1k
2025-09-15 22:52:42,672 - INFO - Stored original model weights for reset
2025-09-15 22:52:42,682 - INFO - Training configuration:
2025-09-15 22:52:42,682 - INFO -   lr = 0.0005
2025-09-15 22:52:42,682 - INFO -   weight_decay = 0.0
2025-09-15 22:52:42,682 - INFO -   max_steps = 10000
2025-09-15 22:52:42,682 - INFO -   epsilon = 0.001
2025-09-15 22:52:42,682 - INFO -   device = cuda
2025-09-15 22:52:42,682 - INFO -   use_amp = True
2025-09-15 22:52:42,682 - INFO -   amp_dtype = bfloat16
2025-09-15 22:52:42,683 - INFO -   gradient_clip_norm = 1.0
2025-09-15 22:52:42,714 - INFO - Resolved model_csv_name='vgg_13_224_tv_imagenet_1k' to mask_row_index=997
2025-09-15 22:52:55,598 - INFO - Selected 150 wrong examples for training (sorted by difficulty)
2025-09-15 22:52:55,602 - INFO - Training examples (rank indices, 0-based): 21192, 21349, 21363, 21717, 21873, 21886, 22313, 22452, 22936, 22961, 23097, 23199, 23288, 23358, 23618, 23951, 24024, 24370, 24405, 24662, 24663, 24819, 25012, 25058, 25229, 25428, 25512, 25705, 26023, 26177, 26365, 26417, 26809, 27173, 27188, 27362, 28283, 28309, 28454, 28692, 28870, 29000, 29317, 29358, 29429, 29596, 29972, 30079, 30139, 30578, 30836, 31025, 31275, 31281, 31557, 31718, 32252, 32305, 32518, 32966, 33108, 33121, 33165, 33315, 33426, 33501, 33524, 33684, 33767, 33831, 33994, 34083, 34121, 34170, 34237, 34415, 34532, 34635, 34732, 34928, 35499, 36442, 36468, 36538, 36597, 36766, 36857, 36948, 37157, 37201, 37292, 37390, 37479, 38507, 38589, 38628, 38714, 38969, 39131, 39478, 39555, 39568, 39675, 39718, 40072, 40088, 40451, 40482, 40539, 40552, 40691, 41044, 41123, 41205, 41844, 42201, 42211, 42292, 42404, 42654, 42779, 42788, 42841, 42901, 42935, 42999, 43024, 43536, 43801, 44040, 44181, 44240, 44308, 44320, 44902, 44996, 45051, 46031, 46171, 46293, 46456, 46911, 46954, 47242, 47737, 47807, 47925, 47957, 47987, 48081
2025-09-15 22:52:55,645 - INFO - CKA layer subset: selecting 1/13 layers (~5%)
2025-09-15 22:52:56,676 - INFO - 
=== Training Example 1/150: /home/projects/bagon/shared/imagenet512/val/n01924916/ILSVRC2012_val_00032764.JPEG ===
2025-09-15 22:52:59,542 - INFO - Example /home/projects/bagon/shared/imagenet512/val/n01924916/ILSVRC2012_val_00032764.JPEG reached epsilon at step 179, loss sum: 25.2889, final loss: 0.00091553, weight distance: 0.0579
2025-09-15 22:53:00,316 - INFO - Example 1 completed: 179 steps, loss sum: 25.2889, final loss: 0.00091553, weight distance: 0.0579 (universal rank: 21193)
2025-09-15 22:53:00,316 - INFO - 
=== Training Example 2/150: /home/projects/bagon/shared/imagenet512/val/n07684084/ILSVRC2012_val_00007138.JPEG ===
2025-09-15 22:53:02,908 - INFO - Example /home/projects/bagon/shared/imagenet512/val/n07684084/ILSVRC2012_val_00007138.JPEG reached epsilon at step 165, loss sum: 31.9003, final loss: 0.00098419, weight distance: 0.0574
2025-09-15 22:53:03,443 - INFO - Example 2 completed: 165 steps, loss sum: 31.9003, final loss: 0.00098419, weight distance: 0.0574 (universal rank: 21350)
2025-09-15 22:53:03,444 - INFO - 
=== Training Example 3/150: /home/projects/bagon/shared/imagenet512/val/n02730930/ILSVRC2012_val_00016184.JPEG ===
2025-09-15 22:53:04,900 - INFO - Example /home/projects/bagon/shared/imagenet512/val/n02730930/ILSVRC2012_val_00016184.JPEG reached epsilon at step 99, loss sum: 3.7932, final loss: 0.00098419, weight distance: 0.0323
2025-09-15 22:53:05,440 - INFO - Example 3 completed: 99 steps, loss sum: 3.7932, final loss: 0.00098419, weight distance: 0.0323 (universal rank: 21364)
2025-09-15 22:53:05,440 - INFO - 
=== Training Example 4/150: /home/projects/bagon/shared/imagenet512/val/n01687978/ILSVRC2012_val_00016308.JPEG ===
2025-09-15 22:53:08,897 - INFO - Example /home/projects/bagon/shared/imagenet512/val/n01687978/ILSVRC2012_val_00016308.JPEG reached epsilon at step 269, loss sum: 38.8458, final loss: 0.00094604, weight distance: 0.0795
2025-09-15 22:53:09,428 - INFO - Example 4 completed: 269 steps, loss sum: 38.8458, final loss: 0.00094604, weight distance: 0.0795 (universal rank: 21718)
2025-09-15 22:53:09,428 - INFO - 
=== Training Example 5/150: /home/projects/bagon/shared/imagenet512/val/n02231487/ILSVRC2012_val_00018003.JPEG ===
2025-09-15 22:53:11,679 - INFO - Example /home/projects/bagon/shared/imagenet512/val/n02231487/ILSVRC2012_val_00018003.JPEG reached epsilon at step 166, loss sum: 18.5317, final loss: 0.00096893, weight distance: 0.0518
2025-09-15 22:53:12,244 - INFO - Example 5 completed: 166 steps, loss sum: 18.5317, final loss: 0.00096893, weight distance: 0.0518 (universal rank: 21874)
2025-09-15 22:53:12,245 - INFO - 
=== Training Example 6/150: /home/projects/bagon/shared/imagenet512/val/n03018349/ILSVRC2012_val_00047905.JPEG ===
2025-09-15 22:53:14,525 - INFO - Example /home/projects/bagon/shared/imagenet512/val/n03018349/ILSVRC2012_val_00047905.JPEG reached epsilon at step 170, loss sum: 50.1100, final loss: 0.00097656, weight distance: 0.0608
2025-09-15 22:53:15,060 - INFO - Example 6 completed: 170 steps, loss sum: 50.1100, final loss: 0.00097656, weight distance: 0.0608 (universal rank: 21887)
2025-09-15 22:53:15,060 - INFO - 
=== Training Example 7/150: /home/projects/bagon/shared/imagenet512/val/n03729826/ILSVRC2012_val_00044803.JPEG ===
2025-09-15 22:53:17,069 - INFO - Example /home/projects/bagon/shared/imagenet512/val/n03729826/ILSVRC2012_val_00044803.JPEG reached epsilon at step 147, loss sum: 56.7105, final loss: 0.00096512, weight distance: 0.0540
2025-09-15 22:53:17,823 - INFO - Example 7 completed: 147 steps, loss sum: 56.7105, final loss: 0.00096512, weight distance: 0.0540 (universal rank: 22314)
2025-09-15 22:53:17,823 - INFO - 
=== Training Example 8/150: /home/projects/bagon/shared/imagenet512/val/n01775062/ILSVRC2012_val_00029156.JPEG ===
2025-09-15 22:53:20,246 - INFO - Example /home/projects/bagon/shared/imagenet512/val/n01775062/ILSVRC2012_val_00029156.JPEG reached epsilon at step 167, loss sum: 10.5803, final loss: 0.00096893, weight distance: 0.0493
2025-09-15 22:53:21,027 - INFO - Example 8 completed: 167 steps, loss sum: 10.5803, final loss: 0.00096893, weight distance: 0.0493 (universal rank: 22453)
2025-09-15 22:53:21,027 - INFO - 
=== Training Example 9/150: /home/projects/bagon/shared/imagenet512/val/n03920288/ILSVRC2012_val_00033879.JPEG ===
2025-09-15 22:53:22,154 - INFO - Example /home/projects/bagon/shared/imagenet512/val/n03920288/ILSVRC2012_val_00033879.JPEG reached epsilon at step 72, loss sum: 2.6866, final loss: 0.00093460, weight distance: 0.0249
2025-09-15 22:53:22,686 - INFO - Example 9 completed: 72 steps, loss sum: 2.6866, final loss: 0.00093460, weight distance: 0.0249 (universal rank: 22937)
2025-09-15 22:53:22,686 - INFO - 
=== Training Example 10/150: /home/projects/bagon/shared/imagenet512/val/n03590841/ILSVRC2012_val_00047113.JPEG ===
2025-09-15 22:53:23,760 - INFO - Example /home/projects/bagon/shared/imagenet512/val/n03590841/ILSVRC2012_val_00047113.JPEG reached epsilon at step 67, loss sum: 21.5112, final loss: 0.00091553, weight distance: 0.0285
2025-09-15 22:53:24,602 - INFO - Example 10 completed: 67 steps, loss sum: 21.5112, final loss: 0.00091553, weight distance: 0.0285 (universal rank: 22962)
2025-09-15 22:53:24,602 - INFO - 
=== Training Example 11/150: /home/projects/bagon/shared/imagenet512/val/n02102480/ILSVRC2012_val_00000539.JPEG ===
2025-09-15 22:53:26,339 - INFO - Example /home/projects/bagon/shared/imagenet512/val/n02102480/ILSVRC2012_val_00000539.JPEG reached epsilon at step 124, loss sum: 11.4562, final loss: 0.00093460, weight distance: 0.0428
2025-09-15 22:53:26,868 - INFO - Example 11 completed: 124 steps, loss sum: 11.4562, final loss: 0.00093460, weight distance: 0.0428 (universal rank: 23098)
2025-09-15 22:53:26,868 - INFO - 
=== Training Example 12/150: /home/projects/bagon/shared/imagenet512/val/n01688243/ILSVRC2012_val_00015981.JPEG ===
2025-09-15 22:53:28,717 - INFO - Example /home/projects/bagon/shared/imagenet512/val/n01688243/ILSVRC2012_val_00015981.JPEG reached epsilon at step 132, loss sum: 25.8851, final loss: 0.00095749, weight distance: 0.0491
2025-09-15 22:53:29,248 - INFO - Example 12 completed: 132 steps, loss sum: 25.8851, final loss: 0.00095749, weight distance: 0.0491 (universal rank: 23200)
2025-09-15 22:53:29,248 - INFO - 
=== Training Example 13/150: /home/projects/bagon/shared/imagenet512/val/n03482405/ILSVRC2012_val_00043129.JPEG ===
2025-09-15 22:53:30,495 - INFO - Example /home/projects/bagon/shared/imagenet512/val/n03482405/ILSVRC2012_val_00043129.JPEG reached epsilon at step 82, loss sum: 1.2430, final loss: 0.00093460, weight distance: 0.0236
2025-09-15 22:53:31,268 - INFO - Example 13 completed: 82 steps, loss sum: 1.2430, final loss: 0.00093460, weight distance: 0.0236 (universal rank: 23289)
2025-09-15 22:53:31,268 - INFO - 
=== Training Example 14/150: /home/projects/bagon/shared/imagenet512/val/n02090721/ILSVRC2012_val_00003363.JPEG ===
2025-09-15 22:53:32,872 - INFO - Example /home/projects/bagon/shared/imagenet512/val/n02090721/ILSVRC2012_val_00003363.JPEG reached epsilon at step 113, loss sum: 0.5502, final loss: 0.00089645, weight distance: 0.0249
2025-09-15 22:53:33,608 - INFO - Example 14 completed: 113 steps, loss sum: 0.5502, final loss: 0.00089645, weight distance: 0.0249 (universal rank: 23359)
2025-09-15 22:53:33,608 - INFO - 
=== Training Example 15/150: /home/projects/bagon/shared/imagenet512/val/n02321529/ILSVRC2012_val_00021501.JPEG ===
2025-09-15 22:53:35,413 - INFO - Example /home/projects/bagon/shared/imagenet512/val/n02321529/ILSVRC2012_val_00021501.JPEG reached epsilon at step 76, loss sum: 8.4291, final loss: 0.00089264, weight distance: 0.0284
2025-09-15 22:53:36,103 - INFO - Example 15 completed: 76 steps, loss sum: 8.4291, final loss: 0.00089264, weight distance: 0.0284 (universal rank: 23619)
2025-09-15 22:53:36,103 - INFO - 
=== Training Example 16/150: /home/projects/bagon/shared/imagenet512/val/n01776313/ILSVRC2012_val_00013600.JPEG ===
2025-09-15 22:53:37,436 - INFO - Example /home/projects/bagon/shared/imagenet512/val/n01776313/ILSVRC2012_val_00013600.JPEG reached epsilon at step 88, loss sum: 2.2237, final loss: 0.00093842, weight distance: 0.0288
2025-09-15 22:53:37,963 - INFO - Example 16 completed: 88 steps, loss sum: 2.2237, final loss: 0.00093842, weight distance: 0.0288 (universal rank: 23952)
2025-09-15 22:53:37,963 - INFO - 
=== Training Example 17/150: /home/projects/bagon/shared/imagenet512/val/n03481172/ILSVRC2012_val_00007391.JPEG ===
2025-09-15 22:53:40,969 - INFO - Example /home/projects/bagon/shared/imagenet512/val/n03481172/ILSVRC2012_val_00007391.JPEG reached epsilon at step 232, loss sum: 96.1923, final loss: 0.00099182, weight distance: 0.0740
2025-09-15 22:53:41,505 - INFO - Example 17 completed: 232 steps, loss sum: 96.1923, final loss: 0.00099182, weight distance: 0.0740 (universal rank: 24025)
2025-09-15 22:53:41,505 - INFO - 
=== Training Example 18/150: /home/projects/bagon/shared/imagenet512/val/n03272010/ILSVRC2012_val_00021729.JPEG ===
2025-09-15 22:53:43,739 - INFO - Example /home/projects/bagon/shared/imagenet512/val/n03272010/ILSVRC2012_val_00021729.JPEG reached epsilon at step 166, loss sum: 31.5313, final loss: 0.00099182, weight distance: 0.0553
2025-09-15 22:53:44,711 - INFO - Example 18 completed: 166 steps, loss sum: 31.5313, final loss: 0.00099182, weight distance: 0.0553 (universal rank: 24371)
2025-09-15 22:53:44,711 - INFO - 
=== Training Example 19/150: /home/projects/bagon/shared/imagenet512/val/n07248320/ILSVRC2012_val_00007521.JPEG ===
2025-09-15 22:53:46,824 - INFO - Example /home/projects/bagon/shared/imagenet512/val/n07248320/ILSVRC2012_val_00007521.JPEG reached epsilon at step 131, loss sum: 2.5505, final loss: 0.00092697, weight distance: 0.0365
2025-09-15 22:53:47,361 - INFO - Example 19 completed: 131 steps, loss sum: 2.5505, final loss: 0.00092697, weight distance: 0.0365 (universal rank: 24406)
2025-09-15 22:53:47,361 - INFO - 
=== Training Example 20/150: /home/projects/bagon/shared/imagenet512/val/n04258138/ILSVRC2012_val_00009920.JPEG ===
2025-09-15 22:53:49,213 - INFO - Example /home/projects/bagon/shared/imagenet512/val/n04258138/ILSVRC2012_val_00009920.JPEG reached epsilon at step 133, loss sum: 21.5774, final loss: 0.00097275, weight distance: 0.0454
2025-09-15 22:53:49,745 - INFO - Example 20 completed: 133 steps, loss sum: 21.5774, final loss: 0.00097275, weight distance: 0.0454 (universal rank: 24663)
2025-09-15 22:53:49,745 - INFO - 
=== Training Example 21/150: /home/projects/bagon/shared/imagenet512/val/n02167151/ILSVRC2012_val_00009626.JPEG ===
2025-09-15 22:53:51,862 - INFO - Example /home/projects/bagon/shared/imagenet512/val/n02167151/ILSVRC2012_val_00009626.JPEG reached epsilon at step 156, loss sum: 8.9471, final loss: 0.00090027, weight distance: 0.0438
2025-09-15 22:53:52,397 - INFO - Example 21 completed: 156 steps, loss sum: 8.9471, final loss: 0.00090027, weight distance: 0.0438 (universal rank: 24664)
2025-09-15 22:53:52,397 - INFO - 
=== Training Example 22/150: /home/projects/bagon/shared/imagenet512/val/n01498041/ILSVRC2012_val_00027415.JPEG ===
2025-09-15 22:53:54,335 - INFO - Example /home/projects/bagon/shared/imagenet512/val/n01498041/ILSVRC2012_val_00027415.JPEG reached epsilon at step 139, loss sum: 12.9540, final loss: 0.00094223, weight distance: 0.0464
2025-09-15 22:53:54,863 - INFO - Example 22 completed: 139 steps, loss sum: 12.9540, final loss: 0.00094223, weight distance: 0.0464 (universal rank: 24820)
2025-09-15 22:53:54,863 - INFO - 
=== Training Example 23/150: /home/projects/bagon/shared/imagenet512/val/n03314780/ILSVRC2012_val_00032987.JPEG ===
2025-09-15 22:53:57,316 - INFO - Example /home/projects/bagon/shared/imagenet512/val/n03314780/ILSVRC2012_val_00032987.JPEG reached epsilon at step 185, loss sum: 69.7132, final loss: 0.00093079, weight distance: 0.0665
2025-09-15 22:53:57,846 - INFO - Example 23 completed: 185 steps, loss sum: 69.7132, final loss: 0.00093079, weight distance: 0.0665 (universal rank: 25013)
2025-09-15 22:53:57,846 - INFO - 
=== Training Example 24/150: /home/projects/bagon/shared/imagenet512/val/n02114712/ILSVRC2012_val_00039939.JPEG ===
2025-09-15 22:53:59,065 - INFO - Example /home/projects/bagon/shared/imagenet512/val/n02114712/ILSVRC2012_val_00039939.JPEG reached epsilon at step 80, loss sum: 0.3076, final loss: 0.00090790, weight distance: 0.0180
2025-09-15 22:53:59,598 - INFO - Example 24 completed: 80 steps, loss sum: 0.3076, final loss: 0.00090790, weight distance: 0.0180 (universal rank: 25059)
2025-09-15 22:53:59,598 - INFO - 
=== Training Example 25/150: /home/projects/bagon/shared/imagenet512/val/n02100735/ILSVRC2012_val_00049965.JPEG ===
2025-09-15 22:54:00,937 - INFO - Example /home/projects/bagon/shared/imagenet512/val/n02100735/ILSVRC2012_val_00049965.JPEG reached epsilon at step 90, loss sum: 18.8694, final loss: 0.00097656, weight distance: 0.0355
2025-09-15 22:54:01,480 - INFO - Example 25 completed: 90 steps, loss sum: 18.8694, final loss: 0.00097656, weight distance: 0.0355 (universal rank: 25230)
2025-09-15 22:54:01,480 - INFO - 
=== Training Example 26/150: /home/projects/bagon/shared/imagenet512/val/n02101006/ILSVRC2012_val_00029333.JPEG ===
2025-09-15 22:54:03,100 - INFO - Example /home/projects/bagon/shared/imagenet512/val/n02101006/ILSVRC2012_val_00029333.JPEG reached epsilon at step 114, loss sum: 40.5889, final loss: 0.00099945, weight distance: 0.0404
2025-09-15 22:54:04,072 - INFO - Example 26 completed: 114 steps, loss sum: 40.5889, final loss: 0.00099945, weight distance: 0.0404 (universal rank: 25429)
2025-09-15 22:54:04,072 - INFO - 
=== Training Example 27/150: /home/projects/bagon/shared/imagenet512/val/n03954731/ILSVRC2012_val_00013976.JPEG ===
2025-09-15 22:54:05,771 - INFO - Example /home/projects/bagon/shared/imagenet512/val/n03954731/ILSVRC2012_val_00013976.JPEG reached epsilon at step 111, loss sum: 39.9953, final loss: 0.00099945, weight distance: 0.0424
2025-09-15 22:54:06,409 - INFO - Example 27 completed: 111 steps, loss sum: 39.9953, final loss: 0.00099945, weight distance: 0.0424 (universal rank: 25513)
2025-09-15 22:54:06,409 - INFO - 
=== Training Example 28/150: /home/projects/bagon/shared/imagenet512/val/n01924916/ILSVRC2012_val_00042155.JPEG ===
2025-09-15 22:54:08,538 - INFO - Example /home/projects/bagon/shared/imagenet512/val/n01924916/ILSVRC2012_val_00042155.JPEG reached epsilon at step 157, loss sum: 36.6972, final loss: 0.00080872, weight distance: 0.0565
2025-09-15 22:54:09,062 - INFO - Example 28 completed: 157 steps, loss sum: 36.6972, final loss: 0.00080872, weight distance: 0.0565 (universal rank: 25706)
2025-09-15 22:54:09,062 - INFO - 
=== Training Example 29/150: /home/projects/bagon/shared/imagenet512/val/n03110669/ILSVRC2012_val_00037637.JPEG ===
2025-09-15 22:54:10,517 - INFO - Example /home/projects/bagon/shared/imagenet512/val/n03110669/ILSVRC2012_val_00037637.JPEG reached epsilon at step 100, loss sum: 2.2504, final loss: 0.00091553, weight distance: 0.0304
2025-09-15 22:54:11,053 - INFO - Example 29 completed: 100 steps, loss sum: 2.2504, final loss: 0.00091553, weight distance: 0.0304 (universal rank: 26024)
2025-09-15 22:54:11,053 - INFO - 
=== Training Example 30/150: /home/projects/bagon/shared/imagenet512/val/n02865351/ILSVRC2012_val_00004714.JPEG ===
2025-09-15 22:54:12,794 - INFO - Example /home/projects/bagon/shared/imagenet512/val/n02865351/ILSVRC2012_val_00004714.JPEG reached epsilon at step 123, loss sum: 14.5066, final loss: 0.00098419, weight distance: 0.0429
2025-09-15 22:54:13,315 - INFO - Example 30 completed: 123 steps, loss sum: 14.5066, final loss: 0.00098419, weight distance: 0.0429 (universal rank: 26178)
2025-09-15 22:54:13,316 - INFO - 
=== Training Example 31/150: /home/projects/bagon/shared/imagenet512/val/n03595614/ILSVRC2012_val_00019141.JPEG ===
2025-09-15 22:54:14,587 - INFO - Example /home/projects/bagon/shared/imagenet512/val/n03595614/ILSVRC2012_val_00019141.JPEG reached epsilon at step 84, loss sum: 0.4972, final loss: 0.00099945, weight distance: 0.0218
2025-09-15 22:54:15,114 - INFO - Example 31 completed: 84 steps, loss sum: 0.4972, final loss: 0.00099945, weight distance: 0.0218 (universal rank: 26366)
2025-09-15 22:54:15,115 - INFO - 
=== Training Example 32/150: /home/projects/bagon/shared/imagenet512/val/n02951358/ILSVRC2012_val_00031213.JPEG ===
2025-09-15 22:54:16,899 - INFO - Example /home/projects/bagon/shared/imagenet512/val/n02951358/ILSVRC2012_val_00031213.JPEG reached epsilon at step 128, loss sum: 5.9149, final loss: 0.00091171, weight distance: 0.0411
2025-09-15 22:54:17,432 - INFO - Example 32 completed: 128 steps, loss sum: 5.9149, final loss: 0.00091171, weight distance: 0.0411 (universal rank: 26418)
2025-09-15 22:54:17,432 - INFO - 
=== Training Example 33/150: /home/projects/bagon/shared/imagenet512/val/n02877765/ILSVRC2012_val_00036809.JPEG ===
2025-09-15 22:54:19,261 - INFO - Example /home/projects/bagon/shared/imagenet512/val/n02877765/ILSVRC2012_val_00036809.JPEG reached epsilon at step 132, loss sum: 49.6473, final loss: 0.00099945, weight distance: 0.0512
2025-09-15 22:54:20,501 - INFO - Example 33 completed: 132 steps, loss sum: 49.6473, final loss: 0.00099945, weight distance: 0.0512 (universal rank: 26810)
2025-09-15 22:54:20,501 - INFO - 
=== Training Example 34/150: /home/projects/bagon/shared/imagenet512/val/n01697457/ILSVRC2012_val_00044058.JPEG ===
2025-09-15 22:54:22,601 - INFO - Example /home/projects/bagon/shared/imagenet512/val/n01697457/ILSVRC2012_val_00044058.JPEG reached epsilon at step 142, loss sum: 22.0342, final loss: 0.00087357, weight distance: 0.0497
2025-09-15 22:54:23,147 - INFO - Example 34 completed: 142 steps, loss sum: 22.0342, final loss: 0.00087357, weight distance: 0.0497 (universal rank: 27174)
2025-09-15 22:54:23,148 - INFO - 
=== Training Example 35/150: /home/projects/bagon/shared/imagenet512/val/n04141076/ILSVRC2012_val_00003260.JPEG ===
2025-09-15 22:54:25,123 - INFO - Example /home/projects/bagon/shared/imagenet512/val/n04141076/ILSVRC2012_val_00003260.JPEG reached epsilon at step 143, loss sum: 22.2287, final loss: 0.00099945, weight distance: 0.0508
2025-09-15 22:54:25,652 - INFO - Example 35 completed: 143 steps, loss sum: 22.2287, final loss: 0.00099945, weight distance: 0.0508 (universal rank: 27189)
2025-09-15 22:54:25,652 - INFO - 
=== Training Example 36/150: /home/projects/bagon/shared/imagenet512/val/n04252077/ILSVRC2012_val_00035236.JPEG ===
2025-09-15 22:54:26,848 - INFO - Example /home/projects/bagon/shared/imagenet512/val/n04252077/ILSVRC2012_val_00035236.JPEG reached epsilon at step 78, loss sum: 7.9245, final loss: 0.00096130, weight distance: 0.0292
2025-09-15 22:54:27,385 - INFO - Example 36 completed: 78 steps, loss sum: 7.9245, final loss: 0.00096130, weight distance: 0.0292 (universal rank: 27363)
2025-09-15 22:54:27,385 - INFO - 
=== Training Example 37/150: /home/projects/bagon/shared/imagenet512/val/n07871810/ILSVRC2012_val_00018608.JPEG ===
2025-09-15 22:54:29,482 - INFO - Example /home/projects/bagon/shared/imagenet512/val/n07871810/ILSVRC2012_val_00018608.JPEG reached epsilon at step 150, loss sum: 77.3216, final loss: 0.00093460, weight distance: 0.0554
2025-09-15 22:54:30,228 - INFO - Example 37 completed: 150 steps, loss sum: 77.3216, final loss: 0.00093460, weight distance: 0.0554 (universal rank: 28284)
2025-09-15 22:54:30,228 - INFO - 
=== Training Example 38/150: /home/projects/bagon/shared/imagenet512/val/n07614500/ILSVRC2012_val_00028064.JPEG ===
2025-09-15 22:54:32,472 - INFO - Example /home/projects/bagon/shared/imagenet512/val/n07614500/ILSVRC2012_val_00028064.JPEG reached epsilon at step 157, loss sum: 7.0164, final loss: 0.00097275, weight distance: 0.0474
2025-09-15 22:54:33,272 - INFO - Example 38 completed: 157 steps, loss sum: 7.0164, final loss: 0.00097275, weight distance: 0.0474 (universal rank: 28310)
2025-09-15 22:54:33,272 - INFO - 
=== Training Example 39/150: /home/projects/bagon/shared/imagenet512/val/n02099267/ILSVRC2012_val_00027677.JPEG ===
2025-09-15 22:54:35,896 - INFO - Example /home/projects/bagon/shared/imagenet512/val/n02099267/ILSVRC2012_val_00027677.JPEG reached epsilon at step 198, loss sum: 18.2636, final loss: 0.00096512, weight distance: 0.0583
2025-09-15 22:54:36,495 - INFO - Example 39 completed: 198 steps, loss sum: 18.2636, final loss: 0.00096512, weight distance: 0.0583 (universal rank: 28455)
2025-09-15 22:54:36,495 - INFO - 
=== Training Example 40/150: /home/projects/bagon/shared/imagenet512/val/n04579432/ILSVRC2012_val_00048165.JPEG ===
2025-09-15 22:54:39,141 - INFO - Example /home/projects/bagon/shared/imagenet512/val/n04579432/ILSVRC2012_val_00048165.JPEG reached epsilon at step 200, loss sum: 36.6360, final loss: 0.00093079, weight distance: 0.0615
2025-09-15 22:54:39,935 - INFO - Example 40 completed: 200 steps, loss sum: 36.6360, final loss: 0.00093079, weight distance: 0.0615 (universal rank: 28693)
2025-09-15 22:54:39,935 - INFO - 
=== Training Example 41/150: /home/projects/bagon/shared/imagenet512/val/n02106550/ILSVRC2012_val_00047977.JPEG ===
2025-09-15 22:54:42,580 - INFO - Example /home/projects/bagon/shared/imagenet512/val/n02106550/ILSVRC2012_val_00047977.JPEG reached epsilon at step 201, loss sum: 35.5042, final loss: 0.00097275, weight distance: 0.0627
2025-09-15 22:54:43,112 - INFO - Example 41 completed: 201 steps, loss sum: 35.5042, final loss: 0.00097275, weight distance: 0.0627 (universal rank: 28871)
2025-09-15 22:54:43,113 - INFO - 
=== Training Example 42/150: /home/projects/bagon/shared/imagenet512/val/n02098286/ILSVRC2012_val_00040114.JPEG ===
2025-09-15 22:54:45,525 - INFO - Example /home/projects/bagon/shared/imagenet512/val/n02098286/ILSVRC2012_val_00040114.JPEG reached epsilon at step 181, loss sum: 43.8523, final loss: 0.00093842, weight distance: 0.0569
2025-09-15 22:54:46,057 - INFO - Example 42 completed: 181 steps, loss sum: 43.8523, final loss: 0.00093842, weight distance: 0.0569 (universal rank: 29001)
2025-09-15 22:54:46,057 - INFO - 
=== Training Example 43/150: /home/projects/bagon/shared/imagenet512/val/n03498962/ILSVRC2012_val_00028576.JPEG ===
2025-09-15 22:54:48,372 - INFO - Example /home/projects/bagon/shared/imagenet512/val/n03498962/ILSVRC2012_val_00028576.JPEG reached epsilon at step 168, loss sum: 28.0330, final loss: 0.00092697, weight distance: 0.0548
2025-09-15 22:54:49,102 - INFO - Example 43 completed: 168 steps, loss sum: 28.0330, final loss: 0.00092697, weight distance: 0.0548 (universal rank: 29318)
2025-09-15 22:54:49,102 - INFO - 
=== Training Example 44/150: /home/projects/bagon/shared/imagenet512/val/n01560419/ILSVRC2012_val_00020788.JPEG ===
2025-09-15 22:54:50,732 - INFO - Example /home/projects/bagon/shared/imagenet512/val/n01560419/ILSVRC2012_val_00020788.JPEG reached epsilon at step 107, loss sum: 28.5105, final loss: 0.00091171, weight distance: 0.0413
2025-09-15 22:54:51,266 - INFO - Example 44 completed: 107 steps, loss sum: 28.5105, final loss: 0.00091171, weight distance: 0.0413 (universal rank: 29359)
2025-09-15 22:54:51,266 - INFO - 
=== Training Example 45/150: /home/projects/bagon/shared/imagenet512/val/n02795169/ILSVRC2012_val_00023608.JPEG ===
2025-09-15 22:54:51,769 - INFO - Example /home/projects/bagon/shared/imagenet512/val/n02795169/ILSVRC2012_val_00023608.JPEG reached epsilon at step 19, loss sum: 0.0273, final loss: 0.00093842, weight distance: 0.0034
2025-09-15 22:54:52,557 - INFO - Example 45 completed: 19 steps, loss sum: 0.0273, final loss: 0.00093842, weight distance: 0.0034 (universal rank: 29430)
2025-09-15 22:54:52,557 - INFO - 
=== Training Example 46/150: /home/projects/bagon/shared/imagenet512/val/n02128385/ILSVRC2012_val_00046032.JPEG ===
2025-09-15 22:54:55,725 - INFO - Example /home/projects/bagon/shared/imagenet512/val/n02128385/ILSVRC2012_val_00046032.JPEG reached epsilon at step 246, loss sum: 65.2610, final loss: 0.00092316, weight distance: 0.0785
2025-09-15 22:54:56,259 - INFO - Example 46 completed: 246 steps, loss sum: 65.2610, final loss: 0.00092316, weight distance: 0.0785 (universal rank: 29597)
2025-09-15 22:54:56,259 - INFO - 
=== Training Example 47/150: /home/projects/bagon/shared/imagenet512/val/n02109047/ILSVRC2012_val_00013475.JPEG ===
2025-09-15 22:54:58,376 - INFO - Example /home/projects/bagon/shared/imagenet512/val/n02109047/ILSVRC2012_val_00013475.JPEG reached epsilon at step 156, loss sum: 22.4421, final loss: 0.00099945, weight distance: 0.0521
2025-09-15 22:54:58,914 - INFO - Example 47 completed: 156 steps, loss sum: 22.4421, final loss: 0.00099945, weight distance: 0.0521 (universal rank: 29973)
2025-09-15 22:54:58,914 - INFO - 
=== Training Example 48/150: /home/projects/bagon/shared/imagenet512/val/n02966193/ILSVRC2012_val_00043579.JPEG ===
2025-09-15 22:55:00,793 - INFO - Example /home/projects/bagon/shared/imagenet512/val/n02966193/ILSVRC2012_val_00043579.JPEG reached epsilon at step 136, loss sum: 51.0090, final loss: 0.00092316, weight distance: 0.0510
2025-09-15 22:55:01,327 - INFO - Example 48 completed: 136 steps, loss sum: 51.0090, final loss: 0.00092316, weight distance: 0.0510 (universal rank: 30080)
2025-09-15 22:55:01,327 - INFO - 
=== Training Example 49/150: /home/projects/bagon/shared/imagenet512/val/n02105505/ILSVRC2012_val_00041147.JPEG ===
2025-09-15 22:55:02,910 - INFO - Example /home/projects/bagon/shared/imagenet512/val/n02105505/ILSVRC2012_val_00041147.JPEG reached epsilon at step 111, loss sum: 3.6587, final loss: 0.00096893, weight distance: 0.0346
2025-09-15 22:55:03,701 - INFO - Example 49 completed: 111 steps, loss sum: 3.6587, final loss: 0.00096893, weight distance: 0.0346 (universal rank: 30140)
2025-09-15 22:55:03,701 - INFO - 
=== Training Example 50/150: /home/projects/bagon/shared/imagenet512/val/n04208210/ILSVRC2012_val_00048344.JPEG ===
2025-09-15 22:55:05,180 - INFO - Example /home/projects/bagon/shared/imagenet512/val/n04208210/ILSVRC2012_val_00048344.JPEG reached epsilon at step 102, loss sum: 1.3838, final loss: 0.00092316, weight distance: 0.0294
2025-09-15 22:55:05,924 - INFO - Example 50 completed: 102 steps, loss sum: 1.3838, final loss: 0.00092316, weight distance: 0.0294 (universal rank: 30579)
2025-09-15 22:55:05,924 - INFO - 
=== Training Example 51/150: /home/projects/bagon/shared/imagenet512/val/n03876231/ILSVRC2012_val_00042465.JPEG ===
2025-09-15 22:55:08,383 - INFO - Example /home/projects/bagon/shared/imagenet512/val/n03876231/ILSVRC2012_val_00042465.JPEG reached epsilon at step 174, loss sum: 80.5446, final loss: 0.00094223, weight distance: 0.0650
2025-09-15 22:55:08,920 - INFO - Example 51 completed: 174 steps, loss sum: 80.5446, final loss: 0.00094223, weight distance: 0.0650 (universal rank: 30837)
2025-09-15 22:55:08,921 - INFO - 
=== Training Example 52/150: /home/projects/bagon/shared/imagenet512/val/n06596364/ILSVRC2012_val_00040692.JPEG ===
2025-09-15 22:55:10,943 - INFO - Example /home/projects/bagon/shared/imagenet512/val/n06596364/ILSVRC2012_val_00040692.JPEG reached epsilon at step 148, loss sum: 14.9735, final loss: 0.00095749, weight distance: 0.0485
2025-09-15 22:55:11,731 - INFO - Example 52 completed: 148 steps, loss sum: 14.9735, final loss: 0.00095749, weight distance: 0.0485 (universal rank: 31026)
2025-09-15 22:55:11,731 - INFO - 
=== Training Example 53/150: /home/projects/bagon/shared/imagenet512/val/n04467665/ILSVRC2012_val_00032742.JPEG ===
2025-09-15 22:55:13,512 - INFO - Example /home/projects/bagon/shared/imagenet512/val/n04467665/ILSVRC2012_val_00032742.JPEG reached epsilon at step 128, loss sum: 2.4744, final loss: 0.00093079, weight distance: 0.0350
2025-09-15 22:55:14,049 - INFO - Example 53 completed: 128 steps, loss sum: 2.4744, final loss: 0.00093079, weight distance: 0.0350 (universal rank: 31276)
2025-09-15 22:55:14,050 - INFO - 
=== Training Example 54/150: /home/projects/bagon/shared/imagenet512/val/n01740131/ILSVRC2012_val_00047845.JPEG ===
2025-09-15 22:55:17,490 - INFO - Example /home/projects/bagon/shared/imagenet512/val/n01740131/ILSVRC2012_val_00047845.JPEG reached epsilon at step 265, loss sum: 60.5818, final loss: 0.00092697, weight distance: 0.0817
2025-09-15 22:55:18,388 - INFO - Example 54 completed: 265 steps, loss sum: 60.5818, final loss: 0.00092697, weight distance: 0.0817 (universal rank: 31282)
2025-09-15 22:55:18,388 - INFO - 
=== Training Example 55/150: /home/projects/bagon/shared/imagenet512/val/n04273569/ILSVRC2012_val_00014242.JPEG ===
2025-09-15 22:55:19,689 - INFO - Example /home/projects/bagon/shared/imagenet512/val/n04273569/ILSVRC2012_val_00014242.JPEG reached epsilon at step 87, loss sum: 2.8844, final loss: 0.00097656, weight distance: 0.0294
2025-09-15 22:55:20,482 - INFO - Example 55 completed: 87 steps, loss sum: 2.8844, final loss: 0.00097656, weight distance: 0.0294 (universal rank: 31558)
2025-09-15 22:55:20,482 - INFO - 
=== Training Example 56/150: /home/projects/bagon/shared/imagenet512/val/n03977966/ILSVRC2012_val_00029106.JPEG ===
2025-09-15 22:55:23,466 - INFO - Example /home/projects/bagon/shared/imagenet512/val/n03977966/ILSVRC2012_val_00029106.JPEG reached epsilon at step 229, loss sum: 68.8307, final loss: 0.00095367, weight distance: 0.0761
2025-09-15 22:55:24,513 - INFO - Example 56 completed: 229 steps, loss sum: 68.8307, final loss: 0.00095367, weight distance: 0.0761 (universal rank: 31719)
2025-09-15 22:55:24,513 - INFO - 
=== Training Example 57/150: /home/projects/bagon/shared/imagenet512/val/n02397096/ILSVRC2012_val_00004394.JPEG ===
2025-09-15 22:55:27,537 - INFO - Example /home/projects/bagon/shared/imagenet512/val/n02397096/ILSVRC2012_val_00004394.JPEG reached epsilon at step 206, loss sum: 61.3838, final loss: 0.00094986, weight distance: 0.0616
2025-09-15 22:55:28,078 - INFO - Example 57 completed: 206 steps, loss sum: 61.3838, final loss: 0.00094986, weight distance: 0.0616 (universal rank: 32253)
2025-09-15 22:55:28,078 - INFO - 
=== Training Example 58/150: /home/projects/bagon/shared/imagenet512/val/n02398521/ILSVRC2012_val_00027472.JPEG ===
2025-09-15 22:55:30,037 - INFO - Example /home/projects/bagon/shared/imagenet512/val/n02398521/ILSVRC2012_val_00027472.JPEG reached epsilon at step 143, loss sum: 103.6880, final loss: 0.00096893, weight distance: 0.0554
2025-09-15 22:55:30,647 - INFO - Example 58 completed: 143 steps, loss sum: 103.6880, final loss: 0.00096893, weight distance: 0.0554 (universal rank: 32306)
2025-09-15 22:55:30,647 - INFO - 
=== Training Example 59/150: /home/projects/bagon/shared/imagenet512/val/n03443371/ILSVRC2012_val_00000619.JPEG ===
