2025-09-15 17:33:43,050 - INFO - Parsed arguments:
2025-09-15 17:33:43,050 - INFO -   amp_dtype = None
2025-09-15 17:33:43,050 - INFO -   bars_npy = /home/projects/bagon/andreyg/Projects/BMM_school/Universal_learning/Programming/bars/geq6wrong_21017_geq6correct_1525_imagenet.npy
2025-09-15 17:33:43,050 - INFO -   deterministic = True
2025-09-15 17:33:43,050 - INFO -   device = cuda
2025-09-15 17:33:43,050 - INFO -   epsilon = 0.001
2025-09-15 17:33:43,050 - INFO -   examples_csv = /home/projects/bagon/andreyg/Projects/BMM_school/Universal_learning/Programming/bars/geq6wrong_21017_geq6correct_1525_imagenet_examples_ammended.csv
2025-09-15 17:33:43,050 - INFO -   grad_clip_norm = 1.0
2025-09-15 17:33:43,050 - INFO -   hierarchy_json = /home/projects/bagon/andreyg/Projects/BMM_school/Universal_learning/Programming/bars/imagenet_synset_hierarchy.json
2025-09-15 17:33:43,050 - INFO -   imagenet_models_csv = /home/projects/bagon/andreyg/Projects/BMM_school/Universal_learning/Programming/bars/imagenet_models.csv
2025-09-15 17:33:43,050 - INFO -   lr = 0.0001
2025-09-15 17:33:43,050 - INFO -   max_examples = 1500
2025-09-15 17:33:43,050 - INFO -   max_steps_per_example = 10000
2025-09-15 17:33:43,050 - INFO -   model_csv_name = efficientvit_medium_4_224_classification_imagenet_1k
2025-09-15 17:33:43,050 - INFO -   model_name = efficientvit_m4.r224_in1k
2025-09-15 17:33:43,050 - INFO -   no_amp = False
2025-09-15 17:33:43,050 - INFO -   output_dir = /home/projects/bagon/andreyg/Projects/BMM_school/Universal_learning/Programming/training_gradient_evaluator_single_loss/outputs_lr_0.0001
2025-09-15 17:33:43,050 - INFO -   root_dir = None
2025-09-15 17:33:43,050 - INFO -   seed = 1337
2025-09-15 17:33:43,050 - INFO -   weight_decay = 0.0
2025-09-15 17:33:43,050 - INFO -   zero_aug_train = True
2025-09-15 17:33:43,063 - INFO - Loaded 50000 examples in difficulty order
2025-09-15 17:33:44,424 - INFO - Loaded TIMM pretrained weights for efficientvit_m4.r224_in1k
2025-09-15 17:33:44,424 - INFO - pretrained_cfg.url= hf_hub_id=timm/efficientvit_m4.r224_in1k
2025-09-15 17:33:44,821 - INFO - Stored original model weights for reset
2025-09-15 17:33:44,832 - INFO - Training configuration:
2025-09-15 17:33:44,832 - INFO -   lr = 0.0001
2025-09-15 17:33:44,832 - INFO -   weight_decay = 0.0
2025-09-15 17:33:44,832 - INFO -   max_steps = 10000
2025-09-15 17:33:44,832 - INFO -   epsilon = 0.001
2025-09-15 17:33:44,832 - INFO -   device = cuda
2025-09-15 17:33:44,832 - INFO -   use_amp = True
2025-09-15 17:33:44,832 - INFO -   amp_dtype = bfloat16
2025-09-15 17:33:44,832 - INFO -   gradient_clip_norm = 1.0
2025-09-15 17:33:44,922 - INFO - Resolved model_csv_name='efficientvit_medium_4_224_classification_imagenet_1k' to mask_row_index=946
2025-09-15 17:33:56,536 - INFO - Selected 1500 wrong examples for training (sorted by difficulty)
2025-09-15 17:33:56,540 - INFO - Training examples (rank indices, 0-based): 21157, 21227, 21242, 21319, 21328, 21344, 21395, 21462, 21468, 21476, 21798, 21799, 21934, 22049, 22333, 22395, 22427, 22437, 22464, 22480, 22525, 22696, 22762, 22873, 22889, 22894, 22913, 22999, 23006, 23028, 23206, 23344, 23372, 23450, 23619, 23624, 23633, 23726, 23745, 23746, 23822, 23832, 23842, 23963, 23969, 23970, 23973, 23976, 24022, 24039, 24056, 24079, 24114, 24169, 24196, 24352, 24364, 24370, 24382, 24385, 24386, 24392, 24417, 24421, 24482, 24589, 24632, 24701, 24759, 24802, 24932, 24946, 24950, 24963, 24983, 25014, 25024, 25035, 25089, 25092, 25103, 25188, 25191, 25268, 25290, 25295, 25322, 25337, 25415, 25417, 25451, 25467, 25469, 25484, 25503, 25511, 25528, 25529, 25568, 25569, 25601, 25623, 25712, 25725, 25771, 25807, 25810, 25815, 25900, 25942, 25943, 25980, 26060, 26092, 26181, 26182, 26207, 26208, 26214, 26238, 26252, 26259, 26276, 26288, 26355, 26386, 26390, 26421, 26427, 26435, 26501, 26570, 26571, 26575, 26589, 26596, 26621, 26633, 26654, 26687, 26699, 26794, 26796, 26812, 26829, 26854, 26923, 26958, 26969, 27117, 27291, 27297, 27303, 27314, 27318, 27319, 27352, 27364, 27380, 27400, 27458, 27467, 27480, 27485, 27490, 27494, 27514, 27543, 27555, 27589, 27596, 27649, 27664, 27667, 27678, 27695, 27698, 27706, 27709, 27715, 27733, 27749, 27821, 27896, 27906, 27910, 27956, 27985, 27993, 28003, 28042, 28050, 28052, 28096, 28105, 28108, 28113, 28167, 28188, 28247, 28276, 28289, 28296, 28337, 28342, 28430, 28434, 28481, 28537, 28568, 28570, 28585, 28598, 28662, 28718, 28752, 28754, 28763, 28765, 28794, 28813, 28821, 28847, 28853, 28854, 28866, 28869, 28919, 28935, 28955, 28973, 29046, 29117, 29126, 29130, 29135, 29144, 29158, 29160, 29164, 29181, 29253, 29276, 29287, 29332, 29338, 29340, 29341, 29344, 29356, 29371, 29376, 29402, 29446, 29460, 29469, 29481, 29559, 29562, 29563, 29614, 29636, 29670, 29696, 29707, 29719, 29724, 29730, 29759, 29762, 29766, 29769, 29772, 29775, 29825, 29874, 29877, 29879, 29880, 29886, 29887, 29910, 29911, 29917, 29951, 29969, 29979, 29991, 30002, 30020, 30058, 30074, 30094, 30132, 30135, 30138, 30139, 30164, 30180, 30204, 30266, 30270, 30321, 30331, 30367, 30388, 30399, 30412, 30436, 30445, 30462, 30483, 30503, 30512, 30550, 30576, 30579, 30607, 30618, 30622, 30689, 30759, 30790, 30851, 30855, 30910, 30928, 30993, 30995, 30996, 30999, 31023, 31031, 31038, 31051, 31099, 31110, 31124, 31153, 31154, 31194, 31197, 31283, 31302, 31312, 31320, 31345, 31346, 31361, 31375, 31382, 31399, 31420, 31427, 31429, 31431, 31464, 31472, 31498, 31499, 31514, 31526, 31531, 31537, 31543, 31579, 31584, 31585, 31595, 31654, 31663, 31673, 31699, 31730, 31737, 31739, 31755, 31767, 31793, 31810, 31865, 31882, 31905, 31912, 31924, 31928, 31932, 31952, 31961, 31965, 31970, 31976, 31979, 31989, 31993, 32009, 32015, 32017, 32022, 32061, 32077, 32080, 32086, 32117, 32131, 32160, 32164, 32198, 32231, 32241, 32253, 32254, 32303, 32332, 32353, 32364, 32366, 32374, 32378, 32379, 32384, 32419, 32425, 32448, 32449, 32474, 32480, 32493, 32501, 32532, 32545, 32550, 32556, 32558, 32560, 32596, 32598, 32623, 32642, 32647, 32648, 32661, 32669, 32706, 32710, 32717, 32742, 32759, 32795, 32799, 32810, 32813, 32823, 32833, 32848, 32877, 32883, 32901, 32959, 32963, 32965, 33001, 33002, 33014, 33026, 33037, 33063, 33064, 33071, 33113, 33120, 33141, 33148, 33180, 33195, 33207, 33216, 33217, 33220, 33256, 33310, 33311, 33353, 33355, 33368, 33412, 33413, 33451, 33455, 33513, 33514, 33523, 33524, 33532, 33545, 33547, 33549, 33551, 33558, 33565, 33575, 33603, 33645, 33658, 33674, 33675, 33686, 33695, 33729, 33775, 33777, 33779, 33786, 33836, 33846, 33851, 33868, 33869, 33870, 33882, 33896, 33910, 33918, 33949, 33956, 33959, 33977, 33988, 34002, 34014, 34018, 34043, 34051, 34057, 34073, 34074, 34081, 34089, 34094, 34129, 34172, 34195, 34203, 34222, 34233, 34251, 34271, 34275, 34276, 34296, 34300, 34308, 34310, 34339, 34346, 34349, 34361, 34380, 34385, 34409, 34415, 34437, 34443, 34447, 34451, 34496, 34498, 34502, 34543, 34544, 34556, 34633, 34665, 34666, 34669, 34674, 34686, 34688, 34699, 34712, 34740, 34747, 34756, 34758, 34815, 34830, 34836, 34853, 34874, 34879, 34906, 34921, 34936, 34969, 34975, 34977, 35068, 35087, 35095, 35107, 35109, 35151, 35170, 35193, 35194, 35195, 35208, 35216, 35240, 35274, 35310, 35317, 35362, 35366, 35367, 35372, 35380, 35396, 35406, 35415, 35435, 35457, 35493, 35498, 35506, 35526, 35533, 35540, 35564, 35566, 35567, 35577, 35584, 35611, 35651, 35684, 35745, 35794, 35796, 35800, 35809, 35821, 35825, 35841, 35859, 35877, 35901, 35923, 35931, 35940, 35951, 35961, 35966, 35979, 35981, 36000, 36045, 36048, 36058, 36090, 36097, 36133, 36140, 36165, 36197, 36225, 36248, 36301, 36303, 36320, 36324, 36356, 36371, 36397, 36417, 36419, 36424, 36437, 36439, 36441, 36447, 36463, 36464, 36466, 36473, 36476, 36482, 36492, 36506, 36540, 36567, 36598, 36609, 36646, 36649, 36662, 36672, 36673, 36678, 36687, 36734, 36748, 36773, 36775, 36779, 36795, 36808, 36819, 36831, 36857, 36869, 36871, 36885, 36898, 36936, 36945, 36952, 36963, 36965, 37048, 37081, 37116, 37134, 37147, 37168, 37180, 37233, 37234, 37235, 37267, 37315, 37322, 37325, 37336, 37341, 37373, 37376, 37391, 37404, 37418, 37430, 37431, 37450, 37459, 37470, 37475, 37479, 37485, 37493, 37496, 37498, 37505, 37556, 37578, 37582, 37599, 37604, 37605, 37628, 37644, 37651, 37695, 37733, 37743, 37758, 37764, 37769, 37771, 37798, 37804, 37819, 37826, 37832, 37854, 37860, 37889, 37892, 37908, 37926, 37928, 37963, 37997, 38012, 38044, 38053, 38055, 38070, 38078, 38083, 38092, 38094, 38108, 38109, 38130, 38150, 38162, 38191, 38225, 38227, 38242, 38265, 38284, 38297, 38312, 38313, 38326, 38329, 38361, 38364, 38390, 38460, 38473, 38487, 38488, 38491, 38527, 38541, 38590, 38595, 38607, 38612, 38627, 38635, 38650, 38652, 38674, 38682, 38689, 38702, 38704, 38709, 38716, 38727, 38729, 38735, 38773, 38796, 38808, 38814, 38850, 38865, 38903, 38948, 38995, 38996, 39023, 39059, 39066, 39077, 39083, 39106, 39111, 39139, 39143, 39166, 39176, 39178, 39221, 39224, 39231, 39237, 39244, 39247, 39248, 39252, 39265, 39269, 39274, 39275, 39278, 39288, 39298, 39337, 39354, 39357, 39406, 39426, 39442, 39457, 39458, 39505, 39510, 39524, 39534, 39535, 39548, 39551, 39577, 39591, 39612, 39660, 39670, 39672, 39683, 39687, 39703, 39712, 39729, 39735, 39764, 39774, 39785, 39787, 39806, 39811, 39850, 39853, 39870, 39909, 39930, 39940, 39947, 39952, 40000, 40027, 40032, 40054, 40081, 40082, 40093, 40097, 40107, 40134, 40169, 40176, 40188, 40189, 40228, 40263, 40287, 40292, 40347, 40376, 40400, 40412, 40453, 40486, 40503, 40508, 40553, 40558, 40567, 40585, 40595, 40612, 40638, 40693, 40706, 40713, 40724, 40783, 40790, 40829, 40830, 40838, 40849, 40858, 40863, 40898, 40946, 40986, 41007, 41045, 41067, 41069, 41094, 41113, 41118, 41124, 41146, 41179, 41189, 41211, 41250, 41275, 41288, 41289, 41301, 41322, 41336, 41347, 41404, 41435, 41446, 41480, 41485, 41492, 41506, 41509, 41517, 41534, 41542, 41544, 41547, 41552, 41570, 41586, 41600, 41629, 41649, 41650, 41660, 41671, 41738, 41740, 41756, 41765, 41785, 41789, 41820, 41826, 41834, 41858, 41878, 41906, 41928, 41933, 41959, 41970, 41977, 41993, 42015, 42027, 42037, 42069, 42086, 42112, 42121, 42182, 42192, 42200, 42210, 42213, 42260, 42287, 42301, 42313, 42318, 42326, 42327, 42334, 42360, 42377, 42378, 42381, 42390, 42478, 42491, 42492, 42541, 42552, 42574, 42576, 42583, 42602, 42625, 42630, 42640, 42649, 42661, 42708, 42711, 42728, 42729, 42730, 42752, 42757, 42767, 42775, 42789, 42801, 42814, 42822, 42825, 42844, 42855, 42863, 42874, 42879, 42881, 42892, 42917, 42919, 42924, 42944, 42951, 42988, 42992, 43006, 43016, 43030, 43031, 43035, 43039, 43054, 43126, 43160, 43202, 43204, 43228, 43235, 43240, 43247, 43265, 43272, 43294, 43312, 43328, 43361, 43377, 43381, 43398, 43404, 43406, 43408, 43420, 43422, 43437, 43499, 43509, 43510, 43519, 43552, 43553, 43561, 43595, 43622, 43638, 43693, 43698, 43712, 43719, 43735, 43749, 43753, 43760, 43773, 43774, 43792, 43804, 43809, 43833, 43846, 43852, 43893, 43903, 43914, 43930, 43966, 43994, 44005, 44008, 44011, 44021, 44022, 44064, 44074, 44085, 44107, 44108, 44115, 44120, 44130, 44143, 44169, 44194, 44206, 44213, 44220, 44245, 44253, 44274, 44278, 44285, 44288, 44311, 44312, 44336, 44344, 44389, 44391, 44408, 44409, 44423, 44426, 44432, 44440, 44445, 44471, 44473, 44474, 44487, 44527, 44550, 44554, 44567, 44582, 44587, 44594, 44616, 44658, 44660, 44663, 44677, 44694, 44739, 44740, 44754, 44761, 44762, 44766, 44786, 44794, 44811, 44816, 44833, 44835, 44840, 44847, 44858, 44873, 44874, 44875, 44890, 44902, 44932, 44936, 44955, 44963, 44964, 44991, 45006, 45019, 45029, 45048, 45064, 45071, 45073, 45075, 45077, 45087, 45091, 45094, 45132, 45140, 45152, 45168, 45204, 45207, 45223, 45242, 45258, 45262, 45263, 45264, 45272, 45377, 45399, 45417, 45446, 45448, 45458, 45464, 45465, 45477, 45479, 45522, 45540, 45560, 45563, 45570, 45582, 45592, 45595, 45596, 45629, 45649, 45704, 45734, 45753, 45795, 45797, 45801, 45818, 45828, 45829, 45840, 45851, 45882, 45886, 45897, 45903, 45917, 45943, 45965, 45979, 45981, 45990, 45993, 46021, 46050, 46064, 46065, 46081, 46087, 46089, 46096, 46105, 46125, 46140, 46171, 46200, 46212, 46216, 46218, 46244, 46245, 46247, 46255, 46264, 46281, 46327, 46368, 46380, 46402, 46410, 46425, 46438, 46459, 46468, 46517, 46523, 46526, 46530, 46534, 46547, 46591, 46605, 46619, 46626, 46636, 46642, 46649, 46663, 46679, 46681, 46697, 46706, 46707, 46756, 46765, 46767, 46778, 46788, 46838, 46841, 46842, 46862, 46865, 46866, 46873, 46921, 46940, 46941, 46942, 46943, 46949, 46998, 47018, 47025, 47035, 47042, 47054, 47082, 47085, 47088, 47125, 47139, 47142, 47150, 47154, 47162, 47164, 47167, 47170, 47171, 47183, 47187, 47212, 47224, 47232, 47270, 47284, 47306, 47307, 47332, 47353, 47406, 47411, 47419, 47450, 47451, 47456, 47484, 47488, 47489, 47518, 47546, 47572, 47587, 47588, 47589, 47596, 47607, 47612, 47636, 47648, 47654, 47695, 47716, 47717, 47720, 47723, 47727, 47734, 47739, 47749, 47788, 47790, 47797, 47826, 47834, 47851, 47874, 47891, 47897, 47917, 47934, 47943, 47952, 47964, 47966, 47982, 47986, 48004, 48022, 48054, 48077, 48078, 48080, 48083, 48087, 48097, 48107, 48120, 48125, 48133, 48135, 48143, 48150, 48158, 48161, 48172, 48182, 48189, 48195, 48199, 48217, 48236, 48238, 48239, 48252, 48270, 48275, 48289, 48303, 48312, 48319, 48331, 48333, 48354, 48357, 48358, 48363, 48374, 48378, 48381, 48399, 48401, 48408, 48410, 48417, 48428, 48433, 48441, 48455, 48457, 48461, 48462, 48467
2025-09-15 17:33:56,580 - INFO - CKA layer subset: selecting 12/236 layers (~5%)
2025-09-15 17:33:57,950 - INFO - 
=== Training Example 1/1500: /home/projects/bagon/shared/imagenet512/val/n02110958/ILSVRC2012_val_00032117.JPEG ===
2025-09-15 17:45:10,591 - INFO - Example /home/projects/bagon/shared/imagenet512/val/n02110958/ILSVRC2012_val_00032117.JPEG reached epsilon at step 6297, loss sum: 201.3915, final loss: 0.00099182, weight distance: 0.1205
2025-09-15 17:45:12,171 - INFO - Example 1 completed: 6297 steps, loss sum: 201.3915, final loss: 0.00099182, weight distance: 0.1205 (universal rank: 21158)
2025-09-15 17:45:12,171 - INFO - 
=== Training Example 2/1500: /home/projects/bagon/shared/imagenet512/val/n02177972/ILSVRC2012_val_00015186.JPEG ===
2025-09-15 17:54:47,126 - INFO - Example /home/projects/bagon/shared/imagenet512/val/n02177972/ILSVRC2012_val_00015186.JPEG reached epsilon at step 5372, loss sum: 99.5244, final loss: 0.00099182, weight distance: 0.1185
2025-09-15 17:54:47,901 - INFO - Example 2 completed: 5372 steps, loss sum: 99.5244, final loss: 0.00099182, weight distance: 0.1185 (universal rank: 21228)
2025-09-15 17:54:47,901 - INFO - 
=== Training Example 3/1500: /home/projects/bagon/shared/imagenet512/val/n01978455/ILSVRC2012_val_00034448.JPEG ===
2025-09-15 18:02:09,173 - INFO - Example /home/projects/bagon/shared/imagenet512/val/n01978455/ILSVRC2012_val_00034448.JPEG reached epsilon at step 4145, loss sum: 186.0808, final loss: 0.00099945, weight distance: 0.0963
2025-09-15 18:02:09,902 - INFO - Example 3 completed: 4145 steps, loss sum: 186.0808, final loss: 0.00099945, weight distance: 0.0963 (universal rank: 21243)
2025-09-15 18:02:09,902 - INFO - 
=== Training Example 4/1500: /home/projects/bagon/shared/imagenet512/val/n02097298/ILSVRC2012_val_00031084.JPEG ===
2025-09-15 18:10:27,952 - INFO - Example /home/projects/bagon/shared/imagenet512/val/n02097298/ILSVRC2012_val_00031084.JPEG reached epsilon at step 4733, loss sum: 148.0996, final loss: 0.00099945, weight distance: 0.1007
2025-09-15 18:10:28,666 - INFO - Example 4 completed: 4733 steps, loss sum: 148.0996, final loss: 0.00099945, weight distance: 0.1007 (universal rank: 21320)
2025-09-15 18:10:28,667 - INFO - 
=== Training Example 5/1500: /home/projects/bagon/shared/imagenet512/val/n01580077/ILSVRC2012_val_00046280.JPEG ===
2025-09-15 18:22:52,126 - INFO - Example /home/projects/bagon/shared/imagenet512/val/n01580077/ILSVRC2012_val_00046280.JPEG reached epsilon at step 7061, loss sum: 178.4286, final loss: 0.00099945, weight distance: 0.1462
2025-09-15 18:22:53,116 - INFO - Example 5 completed: 7061 steps, loss sum: 178.4286, final loss: 0.00099945, weight distance: 0.1462 (universal rank: 21329)
2025-09-15 18:22:53,117 - INFO - 
=== Training Example 6/1500: /home/projects/bagon/shared/imagenet512/val/n02883205/ILSVRC2012_val_00003907.JPEG ===
2025-09-15 18:25:29,831 - INFO - Example /home/projects/bagon/shared/imagenet512/val/n02883205/ILSVRC2012_val_00003907.JPEG reached epsilon at step 1488, loss sum: 35.8435, final loss: 0.00096512, weight distance: 0.0472
2025-09-15 18:25:30,542 - INFO - Example 6 completed: 1488 steps, loss sum: 35.8435, final loss: 0.00096512, weight distance: 0.0472 (universal rank: 21345)
2025-09-15 18:25:30,542 - INFO - 
=== Training Example 7/1500: /home/projects/bagon/shared/imagenet512/val/n02107312/ILSVRC2012_val_00039460.JPEG ===
2025-09-15 18:34:51,108 - INFO - Example /home/projects/bagon/shared/imagenet512/val/n02107312/ILSVRC2012_val_00039460.JPEG reached epsilon at step 5319, loss sum: 160.3982, final loss: 0.00099945, weight distance: 0.1093
2025-09-15 18:34:51,821 - INFO - Example 7 completed: 5319 steps, loss sum: 160.3982, final loss: 0.00099945, weight distance: 0.1093 (universal rank: 21396)
2025-09-15 18:34:51,821 - INFO - 
=== Training Example 8/1500: /home/projects/bagon/shared/imagenet512/val/n04133789/ILSVRC2012_val_00032308.JPEG ===
2025-09-15 18:39:26,132 - INFO - Example /home/projects/bagon/shared/imagenet512/val/n04133789/ILSVRC2012_val_00032308.JPEG reached epsilon at step 2562, loss sum: 140.6527, final loss: 0.00099182, weight distance: 0.0682
2025-09-15 18:39:26,898 - INFO - Example 8 completed: 2562 steps, loss sum: 140.6527, final loss: 0.00099182, weight distance: 0.0682 (universal rank: 21463)
2025-09-15 18:39:26,898 - INFO - 
=== Training Example 9/1500: /home/projects/bagon/shared/imagenet512/val/n04509417/ILSVRC2012_val_00024793.JPEG ===
2025-09-15 18:46:47,442 - INFO - Example /home/projects/bagon/shared/imagenet512/val/n04509417/ILSVRC2012_val_00024793.JPEG reached epsilon at step 4118, loss sum: 138.2021, final loss: 0.00098419, weight distance: 0.1060
2025-09-15 18:46:48,139 - INFO - Example 9 completed: 4118 steps, loss sum: 138.2021, final loss: 0.00098419, weight distance: 0.1060 (universal rank: 21469)
2025-09-15 18:46:48,139 - INFO - 
=== Training Example 10/1500: /home/projects/bagon/shared/imagenet512/val/n02110185/ILSVRC2012_val_00014542.JPEG ===
2025-09-15 19:04:37,344 - INFO - Example /home/projects/bagon/shared/imagenet512/val/n02110185/ILSVRC2012_val_00014542.JPEG never reached epsilon after 10000 steps, loss sum: 350.4566, final loss: 0.00117493, weight distance: 0.2061
2025-09-15 19:04:38,039 - INFO - Example 10 completed: -1 steps, loss sum: 350.4566, final loss: 0.00117493, weight distance: 0.2061 (universal rank: 21477)
2025-09-15 19:04:38,039 - INFO - 
=== Training Example 11/1500: /home/projects/bagon/shared/imagenet512/val/n02397096/ILSVRC2012_val_00012835.JPEG ===
2025-09-15 19:10:38,551 - INFO - Example /home/projects/bagon/shared/imagenet512/val/n02397096/ILSVRC2012_val_00012835.JPEG reached epsilon at step 3373, loss sum: 333.0522, final loss: 0.00099945, weight distance: 0.0856
2025-09-15 19:10:39,247 - INFO - Example 11 completed: 3373 steps, loss sum: 333.0522, final loss: 0.00099945, weight distance: 0.0856 (universal rank: 21799)
2025-09-15 19:10:39,247 - INFO - 
=== Training Example 12/1500: /home/projects/bagon/shared/imagenet512/val/n02102177/ILSVRC2012_val_00048513.JPEG ===
2025-09-15 19:23:52,700 - INFO - Example /home/projects/bagon/shared/imagenet512/val/n02102177/ILSVRC2012_val_00048513.JPEG reached epsilon at step 7549, loss sum: 257.0989, final loss: 0.00099182, weight distance: 0.1347
2025-09-15 19:23:53,381 - INFO - Example 12 completed: 7549 steps, loss sum: 257.0989, final loss: 0.00099182, weight distance: 0.1347 (universal rank: 21800)
2025-09-15 19:23:53,381 - INFO - 
=== Training Example 13/1500: /home/projects/bagon/shared/imagenet512/val/n02871525/ILSVRC2012_val_00034004.JPEG ===
2025-09-15 19:31:12,263 - INFO - Example /home/projects/bagon/shared/imagenet512/val/n02871525/ILSVRC2012_val_00034004.JPEG reached epsilon at step 4170, loss sum: 91.5019, final loss: 0.00099945, weight distance: 0.0902
2025-09-15 19:31:12,957 - INFO - Example 13 completed: 4170 steps, loss sum: 91.5019, final loss: 0.00099945, weight distance: 0.0902 (universal rank: 21935)
2025-09-15 19:31:12,957 - INFO - 
=== Training Example 14/1500: /home/projects/bagon/shared/imagenet512/val/n01560419/ILSVRC2012_val_00011331.JPEG ===
2025-09-15 19:39:47,008 - INFO - Example /home/projects/bagon/shared/imagenet512/val/n01560419/ILSVRC2012_val_00011331.JPEG reached epsilon at step 4883, loss sum: 130.1788, final loss: 0.00099945, weight distance: 0.1093
2025-09-15 19:39:47,691 - INFO - Example 14 completed: 4883 steps, loss sum: 130.1788, final loss: 0.00099945, weight distance: 0.1093 (universal rank: 22050)
2025-09-15 19:39:47,691 - INFO - 
=== Training Example 15/1500: /home/projects/bagon/shared/imagenet512/val/n02445715/ILSVRC2012_val_00008722.JPEG ===
2025-09-15 19:44:58,279 - INFO - Example /home/projects/bagon/shared/imagenet512/val/n02445715/ILSVRC2012_val_00008722.JPEG reached epsilon at step 2952, loss sum: 373.3532, final loss: 0.00099945, weight distance: 0.0840
2025-09-15 19:44:59,386 - INFO - Example 15 completed: 2952 steps, loss sum: 373.3532, final loss: 0.00099945, weight distance: 0.0840 (universal rank: 22334)
2025-09-15 19:44:59,386 - INFO - 
=== Training Example 16/1500: /home/projects/bagon/shared/imagenet512/val/n02091134/ILSVRC2012_val_00018035.JPEG ===
2025-09-15 19:59:29,205 - INFO - Example /home/projects/bagon/shared/imagenet512/val/n02091134/ILSVRC2012_val_00018035.JPEG reached epsilon at step 8258, loss sum: 196.5986, final loss: 0.00099945, weight distance: 0.1489
2025-09-15 19:59:29,910 - INFO - Example 16 completed: 8258 steps, loss sum: 196.5986, final loss: 0.00099945, weight distance: 0.1489 (universal rank: 22396)
2025-09-15 19:59:29,910 - INFO - 
=== Training Example 17/1500: /home/projects/bagon/shared/imagenet512/val/n02027492/ILSVRC2012_val_00023226.JPEG ===
2025-09-15 20:13:28,599 - INFO - Example /home/projects/bagon/shared/imagenet512/val/n02027492/ILSVRC2012_val_00023226.JPEG reached epsilon at step 7920, loss sum: 235.3992, final loss: 0.00099182, weight distance: 0.1410
2025-09-15 20:13:29,296 - INFO - Example 17 completed: 7920 steps, loss sum: 235.3992, final loss: 0.00099182, weight distance: 0.1410 (universal rank: 22428)
2025-09-15 20:13:29,296 - INFO - 
=== Training Example 18/1500: /home/projects/bagon/shared/imagenet512/val/n01729977/ILSVRC2012_val_00022825.JPEG ===
2025-09-15 20:28:18,476 - INFO - Example /home/projects/bagon/shared/imagenet512/val/n01729977/ILSVRC2012_val_00022825.JPEG reached epsilon at step 8456, loss sum: 174.3060, final loss: 0.00099182, weight distance: 0.1637
2025-09-15 20:28:19,420 - INFO - Example 18 completed: 8456 steps, loss sum: 174.3060, final loss: 0.00099182, weight distance: 0.1637 (universal rank: 22438)
2025-09-15 20:28:19,420 - INFO - 
=== Training Example 19/1500: /home/projects/bagon/shared/imagenet512/val/n03759954/ILSVRC2012_val_00045167.JPEG ===
2025-09-15 20:33:06,426 - INFO - Example /home/projects/bagon/shared/imagenet512/val/n03759954/ILSVRC2012_val_00045167.JPEG reached epsilon at step 2731, loss sum: 248.6970, final loss: 0.00096512, weight distance: 0.0883
2025-09-15 20:33:07,116 - INFO - Example 19 completed: 2731 steps, loss sum: 248.6970, final loss: 0.00096512, weight distance: 0.0883 (universal rank: 22465)
2025-09-15 20:33:07,116 - INFO - 
=== Training Example 20/1500: /home/projects/bagon/shared/imagenet512/val/n04265275/ILSVRC2012_val_00044635.JPEG ===
2025-09-15 20:37:46,934 - INFO - Example /home/projects/bagon/shared/imagenet512/val/n04265275/ILSVRC2012_val_00044635.JPEG reached epsilon at step 2674, loss sum: 146.2007, final loss: 0.00099182, weight distance: 0.0693
2025-09-15 20:37:47,634 - INFO - Example 20 completed: 2674 steps, loss sum: 146.2007, final loss: 0.00099182, weight distance: 0.0693 (universal rank: 22481)
2025-09-15 20:37:47,634 - INFO - 
=== Training Example 21/1500: /home/projects/bagon/shared/imagenet512/val/n02105855/ILSVRC2012_val_00027579.JPEG ===
2025-09-15 20:48:17,931 - INFO - Example /home/projects/bagon/shared/imagenet512/val/n02105855/ILSVRC2012_val_00027579.JPEG reached epsilon at step 6015, loss sum: 81.4068, final loss: 0.00099945, weight distance: 0.1081
2025-09-15 20:48:18,882 - INFO - Example 21 completed: 6015 steps, loss sum: 81.4068, final loss: 0.00099945, weight distance: 0.1081 (universal rank: 22526)
2025-09-15 20:48:18,882 - INFO - 
=== Training Example 22/1500: /home/projects/bagon/shared/imagenet512/val/n02497673/ILSVRC2012_val_00009472.JPEG ===
2025-09-15 20:54:57,577 - INFO - Example /home/projects/bagon/shared/imagenet512/val/n02497673/ILSVRC2012_val_00009472.JPEG reached epsilon at step 3807, loss sum: 157.9367, final loss: 0.00098419, weight distance: 0.1208
2025-09-15 20:54:58,517 - INFO - Example 22 completed: 3807 steps, loss sum: 157.9367, final loss: 0.00098419, weight distance: 0.1208 (universal rank: 22697)
2025-09-15 20:54:58,518 - INFO - 
=== Training Example 23/1500: /home/projects/bagon/shared/imagenet512/val/n02107142/ILSVRC2012_val_00033067.JPEG ===
2025-09-15 21:08:21,276 - INFO - Example /home/projects/bagon/shared/imagenet512/val/n02107142/ILSVRC2012_val_00033067.JPEG reached epsilon at step 7678, loss sum: 131.8911, final loss: 0.00099945, weight distance: 0.1125
2025-09-15 21:08:21,984 - INFO - Example 23 completed: 7678 steps, loss sum: 131.8911, final loss: 0.00099945, weight distance: 0.1125 (universal rank: 22763)
2025-09-15 21:08:21,985 - INFO - 
=== Training Example 24/1500: /home/projects/bagon/shared/imagenet512/val/n03825788/ILSVRC2012_val_00040709.JPEG ===
2025-09-15 21:12:36,345 - INFO - Example /home/projects/bagon/shared/imagenet512/val/n03825788/ILSVRC2012_val_00040709.JPEG reached epsilon at step 2429, loss sum: 60.2645, final loss: 0.00096130, weight distance: 0.0536
2025-09-15 21:12:37,030 - INFO - Example 24 completed: 2429 steps, loss sum: 60.2645, final loss: 0.00096130, weight distance: 0.0536 (universal rank: 22874)
2025-09-15 21:12:37,030 - INFO - 
=== Training Example 25/1500: /home/projects/bagon/shared/imagenet512/val/n04355338/ILSVRC2012_val_00039180.JPEG ===
2025-09-15 21:18:14,508 - INFO - Example /home/projects/bagon/shared/imagenet512/val/n04355338/ILSVRC2012_val_00039180.JPEG reached epsilon at step 3228, loss sum: 258.7888, final loss: 0.00099182, weight distance: 0.1043
2025-09-15 21:18:15,834 - INFO - Example 25 completed: 3228 steps, loss sum: 258.7888, final loss: 0.00099182, weight distance: 0.1043 (universal rank: 22890)
2025-09-15 21:18:15,835 - INFO - 
=== Training Example 26/1500: /home/projects/bagon/shared/imagenet512/val/n02106030/ILSVRC2012_val_00009055.JPEG ===
2025-09-15 21:36:04,409 - INFO - Example /home/projects/bagon/shared/imagenet512/val/n02106030/ILSVRC2012_val_00009055.JPEG never reached epsilon after 10000 steps, loss sum: 434.8047, final loss: 0.00123596, weight distance: 0.1871
2025-09-15 21:36:05,110 - INFO - Example 26 completed: -1 steps, loss sum: 434.8047, final loss: 0.00123596, weight distance: 0.1871 (universal rank: 22895)
2025-09-15 21:36:05,110 - INFO - 
=== Training Example 27/1500: /home/projects/bagon/shared/imagenet512/val/n02088466/ILSVRC2012_val_00039540.JPEG ===
2025-09-15 21:44:01,870 - INFO - Example /home/projects/bagon/shared/imagenet512/val/n02088466/ILSVRC2012_val_00039540.JPEG reached epsilon at step 4455, loss sum: 55.0432, final loss: 0.00099182, weight distance: 0.0923
2025-09-15 21:44:02,572 - INFO - Example 27 completed: 4455 steps, loss sum: 55.0432, final loss: 0.00099182, weight distance: 0.0923 (universal rank: 22914)
2025-09-15 21:44:02,572 - INFO - 
=== Training Example 28/1500: /home/projects/bagon/shared/imagenet512/val/n02317335/ILSVRC2012_val_00042968.JPEG ===
2025-09-15 21:49:12,193 - INFO - Example /home/projects/bagon/shared/imagenet512/val/n02317335/ILSVRC2012_val_00042968.JPEG reached epsilon at step 2930, loss sum: 160.0991, final loss: 0.00099182, weight distance: 0.1004
2025-09-15 21:49:12,889 - INFO - Example 28 completed: 2930 steps, loss sum: 160.0991, final loss: 0.00099182, weight distance: 0.1004 (universal rank: 23000)
2025-09-15 21:49:12,889 - INFO - 
=== Training Example 29/1500: /home/projects/bagon/shared/imagenet512/val/n03355925/ILSVRC2012_val_00012141.JPEG ===
2025-09-15 22:00:35,141 - INFO - Example /home/projects/bagon/shared/imagenet512/val/n03355925/ILSVRC2012_val_00012141.JPEG reached epsilon at step 6365, loss sum: 175.2751, final loss: 0.00099945, weight distance: 0.1379
2025-09-15 22:00:36,147 - INFO - Example 29 completed: 6365 steps, loss sum: 175.2751, final loss: 0.00099945, weight distance: 0.1379 (universal rank: 23007)
2025-09-15 22:00:36,148 - INFO - 
=== Training Example 30/1500: /home/projects/bagon/shared/imagenet512/val/n02177972/ILSVRC2012_val_00009282.JPEG ===
2025-09-15 22:13:25,132 - INFO - Example /home/projects/bagon/shared/imagenet512/val/n02177972/ILSVRC2012_val_00009282.JPEG reached epsilon at step 7257, loss sum: 185.9617, final loss: 0.00099945, weight distance: 0.1402
2025-09-15 22:13:26,325 - INFO - Example 30 completed: 7257 steps, loss sum: 185.9617, final loss: 0.00099945, weight distance: 0.1402 (universal rank: 23029)
2025-09-15 22:13:26,325 - INFO - 
=== Training Example 31/1500: /home/projects/bagon/shared/imagenet512/val/n03840681/ILSVRC2012_val_00046678.JPEG ===
2025-09-15 22:16:36,241 - INFO - Example /home/projects/bagon/shared/imagenet512/val/n03840681/ILSVRC2012_val_00046678.JPEG reached epsilon at step 1774, loss sum: 162.2164, final loss: 0.00099182, weight distance: 0.0642
2025-09-15 22:16:37,176 - INFO - Example 31 completed: 1774 steps, loss sum: 162.2164, final loss: 0.00099182, weight distance: 0.0642 (universal rank: 23207)
2025-09-15 22:16:37,176 - INFO - 
=== Training Example 32/1500: /home/projects/bagon/shared/imagenet512/val/n01737021/ILSVRC2012_val_00003268.JPEG ===
2025-09-15 22:23:49,458 - INFO - Example /home/projects/bagon/shared/imagenet512/val/n01737021/ILSVRC2012_val_00003268.JPEG reached epsilon at step 4035, loss sum: 276.0698, final loss: 0.00099182, weight distance: 0.1105
2025-09-15 22:23:50,447 - INFO - Example 32 completed: 4035 steps, loss sum: 276.0698, final loss: 0.00099182, weight distance: 0.1105 (universal rank: 23345)
2025-09-15 22:23:50,447 - INFO - 
=== Training Example 33/1500: /home/projects/bagon/shared/imagenet512/val/n02096177/ILSVRC2012_val_00026417.JPEG ===
2025-09-15 22:32:06,891 - INFO - Example /home/projects/bagon/shared/imagenet512/val/n02096177/ILSVRC2012_val_00026417.JPEG reached epsilon at step 4647, loss sum: 116.1557, final loss: 0.00099945, weight distance: 0.0916
2025-09-15 22:32:07,582 - INFO - Example 33 completed: 4647 steps, loss sum: 116.1557, final loss: 0.00099945, weight distance: 0.0916 (universal rank: 23373)
2025-09-15 22:32:07,582 - INFO - 
=== Training Example 34/1500: /home/projects/bagon/shared/imagenet512/val/n02114855/ILSVRC2012_val_00028347.JPEG ===
2025-09-15 22:40:06,585 - INFO - Example /home/projects/bagon/shared/imagenet512/val/n02114855/ILSVRC2012_val_00028347.JPEG reached epsilon at step 4481, loss sum: 220.9678, final loss: 0.00099945, weight distance: 0.1181
2025-09-15 22:40:07,276 - INFO - Example 34 completed: 4481 steps, loss sum: 220.9678, final loss: 0.00099945, weight distance: 0.1181 (universal rank: 23451)
2025-09-15 22:40:07,276 - INFO - 
=== Training Example 35/1500: /home/projects/bagon/shared/imagenet512/val/n02100236/ILSVRC2012_val_00011682.JPEG ===
2025-09-15 22:49:32,362 - INFO - Example /home/projects/bagon/shared/imagenet512/val/n02100236/ILSVRC2012_val_00011682.JPEG reached epsilon at step 5316, loss sum: 325.4711, final loss: 0.00099182, weight distance: 0.1102
2025-09-15 22:49:33,049 - INFO - Example 35 completed: 5316 steps, loss sum: 325.4711, final loss: 0.00099182, weight distance: 0.1102 (universal rank: 23620)
2025-09-15 22:49:33,050 - INFO - 
=== Training Example 36/1500: /home/projects/bagon/shared/imagenet512/val/n03888605/ILSVRC2012_val_00024084.JPEG ===
