2025-09-22 07:40:27,900 - INFO - Parsed arguments:
2025-09-22 07:40:27,900 - INFO -   amp_dtype = None
2025-09-22 07:40:27,900 - INFO -   bars_npy = bars/geq6wrong_21017_geq6correct_1525_imagenet.npy
2025-09-22 07:40:27,900 - INFO -   cka_layer_fraction = 0.0
2025-09-22 07:40:27,900 - INFO -   deterministic = True
2025-09-22 07:40:27,900 - INFO -   device = cuda
2025-09-22 07:40:27,900 - INFO -   epsilon = 0.001
2025-09-22 07:40:27,900 - INFO -   examples_csv = bars/geq6wrong_21017_geq6correct_1525_imagenet_examples_ammended.csv
2025-09-22 07:40:27,900 - INFO -   explicit_examples_for_training = None
2025-09-22 07:40:27,900 - INFO -   grad_clip_norm = 1.0
2025-09-22 07:40:27,900 - INFO -   hierarchy_json = bars/imagenet_synset_hierarchy.json
2025-09-22 07:40:27,900 - INFO -   imagenet_models_csv = bars/imagenet_models.csv
2025-09-22 07:40:27,900 - INFO -   lr = 0.0001
2025-09-22 07:40:27,900 - INFO -   max_examples = 1
2025-09-22 07:40:27,900 - INFO -   max_steps_per_example = 10000
2025-09-22 07:40:27,900 - INFO -   model_csv_name = efficientvit_medium_2_224_classification_imagenet_1k
2025-09-22 07:40:27,900 - INFO -   model_name = efficientvit_m2.r224_in1k
2025-09-22 07:40:27,900 - INFO -   no_amp = False
2025-09-22 07:40:27,900 - INFO -   output_dir = training_gradient_evaluator_single_loss/outputs_assess_training_time
2025-09-22 07:40:27,900 - INFO -   root_dir = None
2025-09-22 07:40:27,900 - INFO -   seed = 1337
2025-09-22 07:40:27,901 - INFO -   weight_decay = 0
2025-09-22 07:40:27,901 - INFO -   zero_aug_train = True
2025-09-22 07:40:27,911 - INFO - Loaded 50000 examples in difficulty order
2025-09-22 07:40:28,682 - INFO - Loaded TIMM pretrained weights for efficientvit_m2.r224_in1k
2025-09-22 07:40:28,682 - INFO - pretrained_cfg.url= hf_hub_id=timm/efficientvit_m2.r224_in1k
2025-09-22 07:40:29,025 - INFO - Stored original model weights for reset
2025-09-22 07:40:29,031 - INFO - Training configuration:
2025-09-22 07:40:29,032 - INFO -   lr = 0.0001
2025-09-22 07:40:29,032 - INFO -   weight_decay = 0
2025-09-22 07:40:29,032 - INFO -   max_steps = 10000
2025-09-22 07:40:29,032 - INFO -   epsilon = 0.001
2025-09-22 07:40:29,032 - INFO -   device = cuda
2025-09-22 07:40:29,032 - INFO -   use_amp = True
2025-09-22 07:40:29,032 - INFO -   amp_dtype = bfloat16
2025-09-22 07:40:29,032 - INFO -   gradient_clip_norm = 1.0
2025-09-22 07:40:29,109 - INFO - Resolved model_csv_name='efficientvit_medium_2_224_classification_imagenet_1k' to mask_row_index=989
2025-09-22 07:40:31,603 - INFO - Selected 1 wrong examples for training (sorted by difficulty)
2025-09-22 07:40:31,606 - INFO - Training examples (rank indices, 0-based): 21063
2025-09-22 07:40:31,617 - INFO - CKA disabled: cka_layer_fraction == 0. Skipping all CKA computations.
2025-09-22 07:40:31,618 - INFO - 
=== Training Example 1/1: /home/projects/bagon/shared/imagenet512/val/n02091467/ILSVRC2012_val_00049263.JPEG ===
2025-09-22 07:43:44,006 - INFO - Example /home/projects/bagon/shared/imagenet512/val/n02091467/ILSVRC2012_val_00049263.JPEG reached epsilon at step 2274, loss sum: 171.3658, final loss: 0.00099182, weight distance: 0.0812
2025-09-22 07:43:44,011 - INFO - Example 1 completed: 2274 steps, loss sum: 171.3658, final loss: 0.00099182, weight distance: 0.0812 (universal rank: 21064)
2025-09-22 07:43:44,011 - INFO - Creating final plots...
2025-09-22 07:43:44,027 - INFO - Training complete. Summary saved to training_gradient_evaluator_single_loss/outputs_assess_training_time/efficientvit_m2.r224_in1k/training_summary.json
2025-09-22 07:43:44,027 - INFO - Results CSV: training_gradient_evaluator_single_loss/outputs_assess_training_time/efficientvit_m2.r224_in1k/single_example_results.csv
