2025-09-22 08:00:36,343 - INFO - Parsed arguments:
2025-09-22 08:00:36,343 - INFO -   amp_dtype = None
2025-09-22 08:00:36,343 - INFO -   bars_npy = bars/geq6wrong_21017_geq6correct_1525_imagenet.npy
2025-09-22 08:00:36,343 - INFO -   cka_layer_fraction = 0.0
2025-09-22 08:00:36,343 - INFO -   deterministic = True
2025-09-22 08:00:36,344 - INFO -   device = cuda
2025-09-22 08:00:36,344 - INFO -   epsilon = 0.001
2025-09-22 08:00:36,344 - INFO -   examples_csv = bars/geq6wrong_21017_geq6correct_1525_imagenet_examples_ammended.csv
2025-09-22 08:00:36,344 - INFO -   explicit_examples_for_training = None
2025-09-22 08:00:36,344 - INFO -   grad_clip_norm = 1.0
2025-09-22 08:00:36,344 - INFO -   hierarchy_json = bars/imagenet_synset_hierarchy.json
2025-09-22 08:00:36,344 - INFO -   imagenet_models_csv = bars/imagenet_models.csv
2025-09-22 08:00:36,344 - INFO -   lr = 0.0001
2025-09-22 08:00:36,344 - INFO -   max_examples = 1
2025-09-22 08:00:36,344 - INFO -   max_steps_per_example = 10000
2025-09-22 08:00:36,344 - INFO -   model_csv_name = efficientvit_base_3_224_classification_imagenet_1k
2025-09-22 08:00:36,344 - INFO -   model_name = efficientvit_b3.r224_in1k
2025-09-22 08:00:36,344 - INFO -   no_amp = False
2025-09-22 08:00:36,344 - INFO -   output_dir = training_gradient_evaluator_single_loss/outputs_assess_training_time
2025-09-22 08:00:36,344 - INFO -   root_dir = None
2025-09-22 08:00:36,344 - INFO -   seed = 1337
2025-09-22 08:00:36,344 - INFO -   weight_decay = 0
2025-09-22 08:00:36,344 - INFO -   zero_aug_train = True
2025-09-22 08:00:36,354 - INFO - Loaded 50000 examples in difficulty order
2025-09-22 08:00:37,562 - INFO - Loaded TIMM pretrained weights for efficientvit_b3.r224_in1k
2025-09-22 08:00:37,563 - INFO - pretrained_cfg.url= hf_hub_id=timm/efficientvit_b3.r224_in1k
2025-09-22 08:00:37,984 - INFO - Stored original model weights for reset
2025-09-22 08:00:37,990 - INFO - Training configuration:
2025-09-22 08:00:37,991 - INFO -   lr = 0.0001
2025-09-22 08:00:37,991 - INFO -   weight_decay = 0
2025-09-22 08:00:37,991 - INFO -   max_steps = 10000
2025-09-22 08:00:37,991 - INFO -   epsilon = 0.001
2025-09-22 08:00:37,991 - INFO -   device = cuda
2025-09-22 08:00:37,991 - INFO -   use_amp = True
2025-09-22 08:00:37,991 - INFO -   amp_dtype = bfloat16
2025-09-22 08:00:37,991 - INFO -   gradient_clip_norm = 1.0
2025-09-22 08:00:38,089 - INFO - Resolved model_csv_name='efficientvit_base_3_224_classification_imagenet_1k' to mask_row_index=329
2025-09-22 08:00:39,154 - INFO - Selected 1 wrong examples for training (sorted by difficulty)
2025-09-22 08:00:39,157 - INFO - Training examples (rank indices, 0-based): 25144
2025-09-22 08:00:39,171 - INFO - CKA disabled: cka_layer_fraction == 0. Skipping all CKA computations.
2025-09-22 08:00:39,172 - INFO - 
=== Training Example 1/1: /home/projects/bagon/shared/imagenet512/val/n03873416/ILSVRC2012_val_00017617.JPEG ===
2025-09-22 08:01:17,852 - INFO - Example /home/projects/bagon/shared/imagenet512/val/n03873416/ILSVRC2012_val_00017617.JPEG reached epsilon at step 368, loss sum: 4.1037, final loss: 0.00099945, weight distance: 0.0138
2025-09-22 08:01:17,862 - INFO - Example 1 completed: 368 steps, loss sum: 4.1037, final loss: 0.00099945, weight distance: 0.0138 (universal rank: 25145)
2025-09-22 08:01:17,862 - INFO - Creating final plots...
2025-09-22 08:01:17,867 - INFO - Training complete. Summary saved to training_gradient_evaluator_single_loss/outputs_assess_training_time/efficientvit_b3.r224_in1k/training_summary.json
2025-09-22 08:01:17,867 - INFO - Results CSV: training_gradient_evaluator_single_loss/outputs_assess_training_time/efficientvit_b3.r224_in1k/single_example_results.csv
