2025-09-22 23:04:07,631 - INFO - Parsed arguments:
2025-09-22 23:04:07,632 - INFO -   amp_dtype = None
2025-09-22 23:04:07,632 - INFO -   bars_npy = /home/projects/bagon/andreyg/Projects/BMM_school/Universal_learning/Programming/bars/geq6wrong_21017_geq6correct_1525_imagenet.npy
2025-09-22 23:04:07,632 - INFO -   cka_layer_fraction = 0.05
2025-09-22 23:04:07,632 - INFO -   current_worker = 5
2025-09-22 23:04:07,632 - INFO -   deterministic = True
2025-09-22 23:04:07,632 - INFO -   device = cuda
2025-09-22 23:04:07,632 - INFO -   epsilon = 0.001
2025-09-22 23:04:07,632 - INFO -   examples_csv = /home/projects/bagon/andreyg/Projects/BMM_school/Universal_learning/Programming/bars/geq6wrong_21017_geq6correct_1525_imagenet_examples_ammended.csv
2025-09-22 23:04:07,632 - INFO -   explicit_examples_for_training = None
2025-09-22 23:04:07,632 - INFO -   grad_clip_norm = 1.0
2025-09-22 23:04:07,632 - INFO -   hierarchy_json = /home/projects/bagon/andreyg/Projects/BMM_school/Universal_learning/Programming/bars/imagenet_synset_hierarchy.json
2025-09-22 23:04:07,632 - INFO -   imagenet_models_csv = /home/projects/bagon/andreyg/Projects/BMM_school/Universal_learning/Programming/bars/imagenet_models.csv
2025-09-22 23:04:07,632 - INFO -   lr = 0.0001
2025-09-22 23:04:07,632 - INFO -   max_examples = 50000
2025-09-22 23:04:07,632 - INFO -   max_steps_per_example = 10000
2025-09-22 23:04:07,632 - INFO -   model_csv_name = mobilenetv3_small_100_224_lamb_imagenet_1k
2025-09-22 23:04:07,632 - INFO -   model_name = mobilenetv3_small_100.lamb_in1k
2025-09-22 23:04:07,632 - INFO -   no_amp = False
2025-09-22 23:04:07,632 - INFO -   num_workers = 8
2025-09-22 23:04:07,632 - INFO -   output_dir = /home/projects/bagon/andreyg/Projects/BMM_school/Universal_learning/Programming/training_gradient_evaluator_single_loss_parallel/output_parallel_8_workers_trial_2
2025-09-22 23:04:07,632 - INFO -   root_dir = None
2025-09-22 23:04:07,632 - INFO -   seed = 1337
2025-09-22 23:04:07,632 - INFO -   time_limit_seconds = 6300
2025-09-22 23:04:07,632 - INFO -   weight_decay = 0.0
2025-09-22 23:04:07,632 - INFO -   zero_aug_train = False
2025-09-22 23:04:08,351 - INFO - Loaded TIMM pretrained weights for mobilenetv3_small_100.lamb_in1k
2025-09-22 23:04:08,351 - INFO - pretrained_cfg.url=https://github.com/rwightman/pytorch-image-models/releases/download/v0.1-weights/mobilenetv3_small_100_lamb-266a294c.pth hf_hub_id=timm/mobilenetv3_small_100.lamb_in1k
2025-09-22 23:04:08,684 - INFO - Training configuration:
2025-09-22 23:04:08,684 - INFO -   lr = 0.0001
2025-09-22 23:04:08,684 - INFO -   weight_decay = 0.0
2025-09-22 23:04:08,684 - INFO -   max_steps = 10000
2025-09-22 23:04:08,684 - INFO -   epsilon = 0.001
2025-09-22 23:04:08,684 - INFO -   device = cuda
2025-09-22 23:04:08,684 - INFO -   use_amp = True
2025-09-22 23:04:08,684 - INFO -   amp_dtype = None
2025-09-22 23:04:08,685 - INFO -   gradient_clip_norm = 1.0
2025-09-22 23:04:24,931 - INFO - Example /home/projects/bagon/shared/imagenet512/val/n03041632/ILSVRC2012_val_00011081.JPEG reached epsilon at step 303, loss sum: 298.7826, final loss: 0.00099945, weight distance: 0.0184
2025-09-22 23:04:35,363 - INFO - Example /home/projects/bagon/shared/imagenet512/val/n03873416/ILSVRC2012_val_00025434.JPEG reached epsilon at step 276, loss sum: 56.9045, final loss: 0.00099659, weight distance: 0.0123
2025-09-22 23:04:44,528 - INFO - Example /home/projects/bagon/shared/imagenet512/val/n03110669/ILSVRC2012_val_00025733.JPEG reached epsilon at step 251, loss sum: 38.2868, final loss: 0.00096464, weight distance: 0.0125
2025-09-22 23:05:00,451 - INFO - Example /home/projects/bagon/shared/imagenet512/val/n02119789/ILSVRC2012_val_00024529.JPEG reached epsilon at step 455, loss sum: 123.2344, final loss: 0.00098801, weight distance: 0.0192
2025-09-22 23:05:16,030 - INFO - Example /home/projects/bagon/shared/imagenet512/val/n03063599/ILSVRC2012_val_00040997.JPEG reached epsilon at step 445, loss sum: 93.3850, final loss: 0.00099659, weight distance: 0.0160
2025-09-22 23:05:49,013 - INFO - Example /home/projects/bagon/shared/imagenet512/val/n04423845/ILSVRC2012_val_00039405.JPEG reached epsilon at step 952, loss sum: 742.8610, final loss: 0.00098705, weight distance: 0.0193
2025-09-22 23:05:57,972 - INFO - Example /home/projects/bagon/shared/imagenet512/val/n04259630/ILSVRC2012_val_00011542.JPEG reached epsilon at step 171, loss sum: 181.3918, final loss: 0.00099659, weight distance: 0.0124
2025-09-22 23:06:15,867 - INFO - Example /home/projects/bagon/shared/imagenet512/val/n01990800/ILSVRC2012_val_00029796.JPEG reached epsilon at step 278, loss sum: 643.4670, final loss: 0.00099564, weight distance: 0.0173
2025-09-22 23:06:29,484 - INFO - Example /home/projects/bagon/shared/imagenet512/val/n02088466/ILSVRC2012_val_00029326.JPEG reached epsilon at step 193, loss sum: 130.5743, final loss: 0.00097370, weight distance: 0.0117
2025-09-22 23:06:42,902 - INFO - Example /home/projects/bagon/shared/imagenet512/val/n04041544/ILSVRC2012_val_00012770.JPEG reached epsilon at step 344, loss sum: 206.8999, final loss: 0.00099468, weight distance: 0.0203
2025-09-22 23:07:17,657 - INFO - Example /home/projects/bagon/shared/imagenet512/val/n02422699/ILSVRC2012_val_00034071.JPEG reached epsilon at step 920, loss sum: 179.5025, final loss: 0.00099373, weight distance: 0.0156
2025-09-22 23:07:31,749 - INFO - Example /home/projects/bagon/shared/imagenet512/val/n02804414/ILSVRC2012_val_00047081.JPEG reached epsilon at step 290, loss sum: 241.0444, final loss: 0.00098419, weight distance: 0.0138
2025-09-22 23:07:45,036 - INFO - Example /home/projects/bagon/shared/imagenet512/val/n07717556/ILSVRC2012_val_00012599.JPEG reached epsilon at step 302, loss sum: 89.1517, final loss: 0.00097847, weight distance: 0.0088
2025-09-22 23:08:04,088 - INFO - Example /home/projects/bagon/shared/imagenet512/val/n03445924/ILSVRC2012_val_00037830.JPEG reached epsilon at step 196, loss sum: 54.5870, final loss: 0.00099754, weight distance: 0.0105
2025-09-22 23:09:15,148 - INFO - Example /home/projects/bagon/shared/imagenet512/val/n02108915/ILSVRC2012_val_00008194.JPEG reached epsilon at step 1725, loss sum: 337.5187, final loss: 0.00099945, weight distance: 0.0187
2025-09-22 23:09:50,774 - INFO - Example /home/projects/bagon/shared/imagenet512/val/n03498962/ILSVRC2012_val_00020887.JPEG reached epsilon at step 837, loss sum: 59.0340, final loss: 0.00099945, weight distance: 0.0141
2025-09-22 23:10:02,004 - INFO - Example /home/projects/bagon/shared/imagenet512/val/n04467665/ILSVRC2012_val_00049660.JPEG reached epsilon at step 121, loss sum: 13.9469, final loss: 0.00099468, weight distance: 0.0081
2025-09-22 23:10:16,229 - INFO - Example /home/projects/bagon/shared/imagenet512/val/n02107142/ILSVRC2012_val_00048330.JPEG reached epsilon at step 243, loss sum: 32.1764, final loss: 0.00099373, weight distance: 0.0160
2025-09-22 23:10:37,919 - INFO - Example /home/projects/bagon/shared/imagenet512/val/n04041544/ILSVRC2012_val_00023022.JPEG reached epsilon at step 215, loss sum: 205.5485, final loss: 0.00096607, weight distance: 0.0147
2025-09-22 23:11:11,222 - INFO - Example /home/projects/bagon/shared/imagenet512/val/n04265275/ILSVRC2012_val_00045168.JPEG reached epsilon at step 596, loss sum: 376.4719, final loss: 0.00098038, weight distance: 0.0169
2025-09-22 23:11:17,867 - INFO - Example /home/projects/bagon/shared/imagenet512/val/n07871810/ILSVRC2012_val_00024893.JPEG reached epsilon at step 177, loss sum: 72.5038, final loss: 0.00098991, weight distance: 0.0125
2025-09-22 23:11:25,049 - INFO - Example /home/projects/bagon/shared/imagenet512/val/n03899768/ILSVRC2012_val_00023562.JPEG reached epsilon at step 192, loss sum: 55.7679, final loss: 0.00099277, weight distance: 0.0099
2025-09-22 23:11:43,991 - INFO - Example /home/projects/bagon/shared/imagenet512/val/n02119022/ILSVRC2012_val_00009066.JPEG reached epsilon at step 547, loss sum: 212.3344, final loss: 0.00099373, weight distance: 0.0175
2025-09-22 23:11:57,501 - INFO - Example /home/projects/bagon/shared/imagenet512/val/n04443257/ILSVRC2012_val_00022107.JPEG reached epsilon at step 383, loss sum: 81.8802, final loss: 0.00098896, weight distance: 0.0115
2025-09-22 23:12:19,611 - INFO - Example /home/projects/bagon/shared/imagenet512/val/n04254120/ILSVRC2012_val_00044604.JPEG reached epsilon at step 643, loss sum: 315.7761, final loss: 0.00098991, weight distance: 0.0156
2025-09-22 23:13:06,787 - INFO - Example /home/projects/bagon/shared/imagenet512/val/n04392985/ILSVRC2012_val_00022460.JPEG reached epsilon at step 1400, loss sum: 336.2241, final loss: 0.00099945, weight distance: 0.0278
2025-09-22 23:13:12,109 - INFO - Example /home/projects/bagon/shared/imagenet512/val/n03388183/ILSVRC2012_val_00022973.JPEG reached epsilon at step 135, loss sum: 135.7564, final loss: 0.00099850, weight distance: 0.0099
2025-09-22 23:13:23,265 - INFO - Example /home/projects/bagon/shared/imagenet512/val/n04204238/ILSVRC2012_val_00035373.JPEG reached epsilon at step 310, loss sum: 207.3927, final loss: 0.00099468, weight distance: 0.0176
2025-09-22 23:13:43,227 - INFO - Example /home/projects/bagon/shared/imagenet512/val/n02108551/ILSVRC2012_val_00025852.JPEG reached epsilon at step 578, loss sum: 535.5736, final loss: 0.00099659, weight distance: 0.0191
2025-09-22 23:13:52,506 - INFO - Example /home/projects/bagon/shared/imagenet512/val/n03691459/ILSVRC2012_val_00026785.JPEG reached epsilon at step 255, loss sum: 153.6604, final loss: 0.00098896, weight distance: 0.0122
2025-09-22 23:13:59,929 - INFO - Example /home/projects/bagon/shared/imagenet512/val/n07932039/ILSVRC2012_val_00023089.JPEG reached epsilon at step 195, loss sum: 370.6905, final loss: 0.00098324, weight distance: 0.0118
2025-09-22 23:14:10,105 - INFO - Example /home/projects/bagon/shared/imagenet512/val/n03924679/ILSVRC2012_val_00026874.JPEG reached epsilon at step 281, loss sum: 112.7401, final loss: 0.00099754, weight distance: 0.0126
2025-09-22 23:14:16,103 - INFO - Example /home/projects/bagon/shared/imagenet512/val/n02977058/ILSVRC2012_val_00023730.JPEG reached epsilon at step 155, loss sum: 197.2255, final loss: 0.00095081, weight distance: 0.0113
2025-09-22 23:14:31,338 - INFO - Example /home/projects/bagon/shared/imagenet512/val/n04270147/ILSVRC2012_val_00027594.JPEG reached epsilon at step 433, loss sum: 198.9147, final loss: 0.00098705, weight distance: 0.0142
2025-09-22 23:14:57,506 - INFO - Example /home/projects/bagon/shared/imagenet512/val/n04479046/ILSVRC2012_val_00021687.JPEG reached epsilon at step 763, loss sum: 301.0089, final loss: 0.00099754, weight distance: 0.0156
2025-09-22 23:15:09,171 - INFO - Example /home/projects/bagon/shared/imagenet512/val/n04476259/ILSVRC2012_val_00000513.JPEG reached epsilon at step 326, loss sum: 171.3521, final loss: 0.00095987, weight distance: 0.0158
2025-09-22 23:15:28,137 - INFO - Example /home/projects/bagon/shared/imagenet512/val/n04116512/ILSVRC2012_val_00018576.JPEG reached epsilon at step 545, loss sum: 285.3151, final loss: 0.00099277, weight distance: 0.0161
2025-09-22 23:15:34,757 - INFO - Example /home/projects/bagon/shared/imagenet512/val/n04296562/ILSVRC2012_val_00049294.JPEG reached epsilon at step 174, loss sum: 71.2375, final loss: 0.00097322, weight distance: 0.0114
2025-09-22 23:15:46,526 - INFO - Example /home/projects/bagon/shared/imagenet512/val/n04435653/ILSVRC2012_val_00022517.JPEG reached epsilon at step 321, loss sum: 251.2862, final loss: 0.00095749, weight distance: 0.0125
2025-09-22 23:15:57,660 - INFO - Example /home/projects/bagon/shared/imagenet512/val/n02325366/ILSVRC2012_val_00042110.JPEG reached epsilon at step 309, loss sum: 26.2929, final loss: 0.00098419, weight distance: 0.0125
2025-09-22 23:16:20,739 - INFO - Example /home/projects/bagon/shared/imagenet512/val/n03709823/ILSVRC2012_val_00023727.JPEG reached epsilon at step 672, loss sum: 630.7968, final loss: 0.00098038, weight distance: 0.0208
2025-09-22 23:16:29,893 - INFO - Example /home/projects/bagon/shared/imagenet512/val/n02892201/ILSVRC2012_val_00028715.JPEG reached epsilon at step 251, loss sum: 164.2528, final loss: 0.00099754, weight distance: 0.0093
2025-09-22 23:16:39,798 - INFO - Example /home/projects/bagon/shared/imagenet512/val/n01873310/ILSVRC2012_val_00023078.JPEG reached epsilon at step 274, loss sum: 204.7668, final loss: 0.00098991, weight distance: 0.0112
2025-09-22 23:16:50,855 - INFO - Example /home/projects/bagon/shared/imagenet512/val/n03977966/ILSVRC2012_val_00042710.JPEG reached epsilon at step 309, loss sum: 173.7681, final loss: 0.00099373, weight distance: 0.0119
2025-09-22 23:18:12,690 - INFO - Example /home/projects/bagon/shared/imagenet512/val/n04493381/ILSVRC2012_val_00033197.JPEG reached epsilon at step 2442, loss sum: 248.5282, final loss: 0.00099945, weight distance: 0.0208
2025-09-22 23:18:25,935 - INFO - Example /home/projects/bagon/shared/imagenet512/val/n04597913/ILSVRC2012_val_00033896.JPEG reached epsilon at step 374, loss sum: 128.7050, final loss: 0.00099564, weight distance: 0.0138
2025-09-22 23:19:12,276 - INFO - Example /home/projects/bagon/shared/imagenet512/val/n03838899/ILSVRC2012_val_00019959.JPEG reached epsilon at step 1374, loss sum: 915.9618, final loss: 0.00099564, weight distance: 0.0264
2025-09-22 23:19:47,297 - INFO - Example /home/projects/bagon/shared/imagenet512/val/n03761084/ILSVRC2012_val_00039006.JPEG reached epsilon at step 1030, loss sum: 905.1233, final loss: 0.00099373, weight distance: 0.0168
2025-09-22 23:20:04,718 - INFO - Example /home/projects/bagon/shared/imagenet512/val/n01770081/ILSVRC2012_val_00014971.JPEG reached epsilon at step 478, loss sum: 353.2408, final loss: 0.00098038, weight distance: 0.0153
2025-09-22 23:20:22,912 - INFO - Example /home/projects/bagon/shared/imagenet512/val/n04456115/ILSVRC2012_val_00023644.JPEG reached epsilon at step 334, loss sum: 100.5242, final loss: 0.00099182, weight distance: 0.0091
2025-09-22 23:20:35,997 - INFO - Example /home/projects/bagon/shared/imagenet512/val/n04548280/ILSVRC2012_val_00032136.JPEG reached epsilon at step 229, loss sum: 84.5367, final loss: 0.00099754, weight distance: 0.0148
2025-09-22 23:20:59,829 - INFO - Example /home/projects/bagon/shared/imagenet512/val/n02138441/ILSVRC2012_val_00006356.JPEG reached epsilon at step 687, loss sum: 320.6516, final loss: 0.00099754, weight distance: 0.0177
2025-09-22 23:21:16,700 - INFO - Example /home/projects/bagon/shared/imagenet512/val/n04366367/ILSVRC2012_val_00017220.JPEG reached epsilon at step 482, loss sum: 34.3007, final loss: 0.00098896, weight distance: 0.0138
2025-09-22 23:21:26,877 - INFO - Example /home/projects/bagon/shared/imagenet512/val/n02916936/ILSVRC2012_val_00030157.JPEG reached epsilon at step 239, loss sum: 160.8070, final loss: 0.00096989, weight distance: 0.0124
2025-09-22 23:21:35,301 - INFO - Example /home/projects/bagon/shared/imagenet512/val/n04023962/ILSVRC2012_val_00043545.JPEG reached epsilon at step 228, loss sum: 262.0686, final loss: 0.00095987, weight distance: 0.0140
2025-09-22 23:21:41,058 - INFO - Example /home/projects/bagon/shared/imagenet512/val/n03697007/ILSVRC2012_val_00030128.JPEG reached epsilon at step 149, loss sum: 140.7492, final loss: 0.00098324, weight distance: 0.0096
2025-09-22 23:21:48,698 - INFO - Example /home/projects/bagon/shared/imagenet512/val/n04239074/ILSVRC2012_val_00021286.JPEG reached epsilon at step 194, loss sum: 86.5996, final loss: 0.00097084, weight distance: 0.0116
2025-09-22 23:22:05,362 - INFO - Example /home/projects/bagon/shared/imagenet512/val/n03759954/ILSVRC2012_val_00048612.JPEG reached epsilon at step 479, loss sum: 308.1088, final loss: 0.00098228, weight distance: 0.0145
2025-09-22 23:22:16,271 - INFO - Example /home/projects/bagon/shared/imagenet512/val/n03866082/ILSVRC2012_val_00033995.JPEG reached epsilon at step 304, loss sum: 139.1633, final loss: 0.00099945, weight distance: 0.0200
2025-09-22 23:22:27,203 - INFO - Example /home/projects/bagon/shared/imagenet512/val/n07930864/ILSVRC2012_val_00042254.JPEG reached epsilon at step 304, loss sum: 168.6938, final loss: 0.00099564, weight distance: 0.0153
2025-09-22 23:22:33,632 - INFO - Example /home/projects/bagon/shared/imagenet512/val/n02091635/ILSVRC2012_val_00004684.JPEG reached epsilon at step 169, loss sum: 66.3374, final loss: 0.00099468, weight distance: 0.0108
2025-09-22 23:22:40,688 - INFO - Example /home/projects/bagon/shared/imagenet512/val/n01698640/ILSVRC2012_val_00041665.JPEG reached epsilon at step 187, loss sum: 202.3505, final loss: 0.00097227, weight distance: 0.0120
2025-09-22 23:23:12,421 - INFO - Example /home/projects/bagon/shared/imagenet512/val/n01855672/ILSVRC2012_val_00043968.JPEG reached epsilon at step 909, loss sum: 133.2399, final loss: 0.00098419, weight distance: 0.0124
2025-09-22 23:23:38,498 - INFO - Example /home/projects/bagon/shared/imagenet512/val/n02979186/ILSVRC2012_val_00042982.JPEG reached epsilon at step 760, loss sum: 90.7027, final loss: 0.00099850, weight distance: 0.0279
2025-09-22 23:23:43,198 - INFO - Example /home/projects/bagon/shared/imagenet512/val/n03877472/ILSVRC2012_val_00041854.JPEG reached epsilon at step 116, loss sum: 30.4372, final loss: 0.00099087, weight distance: 0.0083
2025-09-22 23:24:18,814 - INFO - Example /home/projects/bagon/shared/imagenet512/val/n03532672/ILSVRC2012_val_00026912.JPEG reached epsilon at step 1054, loss sum: 420.3480, final loss: 0.00099850, weight distance: 0.0191
2025-09-22 23:24:24,336 - INFO - Example /home/projects/bagon/shared/imagenet512/val/n04332243/ILSVRC2012_val_00048376.JPEG reached epsilon at step 141, loss sum: 217.9619, final loss: 0.00097752, weight distance: 0.0094
2025-09-22 23:24:31,502 - INFO - Example /home/projects/bagon/shared/imagenet512/val/n04127249/ILSVRC2012_val_00023860.JPEG reached epsilon at step 192, loss sum: 328.4524, final loss: 0.00097847, weight distance: 0.0118
2025-09-22 23:24:46,177 - INFO - Example /home/projects/bagon/shared/imagenet512/val/n03724870/ILSVRC2012_val_00030570.JPEG reached epsilon at step 419, loss sum: 118.9098, final loss: 0.00099182, weight distance: 0.0133
2025-09-22 23:25:02,079 - INFO - Example /home/projects/bagon/shared/imagenet512/val/n03742115/ILSVRC2012_val_00006806.JPEG reached epsilon at step 455, loss sum: 117.0547, final loss: 0.00097942, weight distance: 0.0106
2025-09-22 23:25:14,291 - INFO - Example /home/projects/bagon/shared/imagenet512/val/n02442845/ILSVRC2012_val_00031891.JPEG reached epsilon at step 343, loss sum: 59.1481, final loss: 0.00099945, weight distance: 0.0121
2025-09-22 23:26:01,752 - INFO - Example /home/projects/bagon/shared/imagenet512/val/n04392985/ILSVRC2012_val_00045645.JPEG reached epsilon at step 1408, loss sum: 158.0454, final loss: 0.00099182, weight distance: 0.0224
2025-09-22 23:26:10,522 - INFO - Example /home/projects/bagon/shared/imagenet512/val/n02091244/ILSVRC2012_val_00000022.JPEG reached epsilon at step 239, loss sum: 277.5438, final loss: 0.00098896, weight distance: 0.0122
2025-09-22 23:26:25,335 - INFO - Example /home/projects/bagon/shared/imagenet512/val/n01756291/ILSVRC2012_val_00021873.JPEG reached epsilon at step 420, loss sum: 74.9743, final loss: 0.00097227, weight distance: 0.0210
2025-09-22 23:26:55,193 - INFO - Example /home/projects/bagon/shared/imagenet512/val/n03291819/ILSVRC2012_val_00000419.JPEG reached epsilon at step 884, loss sum: 311.9806, final loss: 0.00097132, weight distance: 0.0133
2025-09-22 23:27:08,736 - INFO - Example /home/projects/bagon/shared/imagenet512/val/n04461696/ILSVRC2012_val_00045225.JPEG reached epsilon at step 386, loss sum: 96.9587, final loss: 0.00099850, weight distance: 0.0131
2025-09-22 23:27:27,636 - INFO - Example /home/projects/bagon/shared/imagenet512/val/n03929660/ILSVRC2012_val_00004035.JPEG reached epsilon at step 549, loss sum: 178.6602, final loss: 0.00099850, weight distance: 0.0143
2025-09-22 23:27:56,846 - INFO - Example /home/projects/bagon/shared/imagenet512/val/n03345487/ILSVRC2012_val_00001491.JPEG reached epsilon at step 861, loss sum: 720.1288, final loss: 0.00099945, weight distance: 0.0145
2025-09-22 23:28:05,176 - INFO - Example /home/projects/bagon/shared/imagenet512/val/n02769748/ILSVRC2012_val_00008482.JPEG reached epsilon at step 227, loss sum: 375.1704, final loss: 0.00097322, weight distance: 0.0158
2025-09-22 23:28:12,853 - INFO - Example /home/projects/bagon/shared/imagenet512/val/n03777754/ILSVRC2012_val_00000488.JPEG reached epsilon at step 208, loss sum: 61.4148, final loss: 0.00099087, weight distance: 0.0073
2025-09-22 23:28:24,426 - INFO - Example /home/projects/bagon/shared/imagenet512/val/n01644900/ILSVRC2012_val_00033769.JPEG reached epsilon at step 325, loss sum: 235.3013, final loss: 0.00098705, weight distance: 0.0139
2025-09-22 23:28:44,047 - INFO - Example /home/projects/bagon/shared/imagenet512/val/n02233338/ILSVRC2012_val_00010774.JPEG reached epsilon at step 570, loss sum: 413.8393, final loss: 0.00098991, weight distance: 0.0122
2025-09-22 23:28:57,127 - INFO - Example /home/projects/bagon/shared/imagenet512/val/n01855672/ILSVRC2012_val_00016580.JPEG reached epsilon at step 372, loss sum: 116.2977, final loss: 0.00099373, weight distance: 0.0090
2025-09-22 23:29:08,637 - INFO - Example /home/projects/bagon/shared/imagenet512/val/n02096294/ILSVRC2012_val_00026427.JPEG reached epsilon at step 323, loss sum: 69.3203, final loss: 0.00099659, weight distance: 0.0144
2025-09-22 23:29:15,165 - INFO - Example /home/projects/bagon/shared/imagenet512/val/n02966687/ILSVRC2012_val_00040057.JPEG reached epsilon at step 172, loss sum: 69.9242, final loss: 0.00098324, weight distance: 0.0134
2025-09-22 23:29:22,378 - INFO - Example /home/projects/bagon/shared/imagenet512/val/n04590129/ILSVRC2012_val_00029620.JPEG reached epsilon at step 193, loss sum: 131.5899, final loss: 0.00099945, weight distance: 0.0118
2025-09-22 23:29:31,061 - INFO - Example /home/projects/bagon/shared/imagenet512/val/n03100240/ILSVRC2012_val_00033796.JPEG reached epsilon at step 193, loss sum: 20.7299, final loss: 0.00098801, weight distance: 0.0110
2025-09-22 23:29:39,436 - INFO - Example /home/projects/bagon/shared/imagenet512/val/n03400231/ILSVRC2012_val_00016201.JPEG reached epsilon at step 227, loss sum: 101.5315, final loss: 0.00098991, weight distance: 0.0160
2025-09-22 23:29:46,947 - INFO - Example /home/projects/bagon/shared/imagenet512/val/n03345487/ILSVRC2012_val_00048156.JPEG reached epsilon at step 201, loss sum: 114.7808, final loss: 0.00098515, weight distance: 0.0135
2025-09-22 23:29:52,779 - INFO - Example /home/projects/bagon/shared/imagenet512/val/n07693725/ILSVRC2012_val_00009646.JPEG reached epsilon at step 147, loss sum: 24.1211, final loss: 0.00099468, weight distance: 0.0095
2025-09-22 23:30:01,921 - INFO - Example /home/projects/bagon/shared/imagenet512/val/n02834397/ILSVRC2012_val_00008780.JPEG reached epsilon at step 247, loss sum: 289.8241, final loss: 0.00097847, weight distance: 0.0176
2025-09-22 23:30:14,771 - INFO - Example /home/projects/bagon/shared/imagenet512/val/n03658185/ILSVRC2012_val_00022870.JPEG reached epsilon at step 363, loss sum: 159.9247, final loss: 0.00098228, weight distance: 0.0152
2025-09-22 23:30:48,645 - INFO - Example /home/projects/bagon/shared/imagenet512/val/n02808440/ILSVRC2012_val_00002563.JPEG reached epsilon at step 1001, loss sum: 105.6233, final loss: 0.00099087, weight distance: 0.0242
2025-09-22 23:31:10,030 - INFO - Example /home/projects/bagon/shared/imagenet512/val/n09193705/ILSVRC2012_val_00025916.JPEG reached epsilon at step 622, loss sum: 299.4387, final loss: 0.00097656, weight distance: 0.0168
2025-09-22 23:31:23,832 - INFO - Example /home/projects/bagon/shared/imagenet512/val/n01984695/ILSVRC2012_val_00032851.JPEG reached epsilon at step 392, loss sum: 67.7741, final loss: 0.00097847, weight distance: 0.0144
2025-09-22 23:31:36,273 - INFO - Example /home/projects/bagon/shared/imagenet512/val/n02825657/ILSVRC2012_val_00012767.JPEG reached epsilon at step 351, loss sum: 100.7428, final loss: 0.00098896, weight distance: 0.0166
2025-09-22 23:31:49,422 - INFO - Example /home/projects/bagon/shared/imagenet512/val/n04355933/ILSVRC2012_val_00047580.JPEG reached epsilon at step 373, loss sum: 263.3289, final loss: 0.00099659, weight distance: 0.0217
2025-09-22 23:32:09,859 - INFO - Example /home/projects/bagon/shared/imagenet512/val/n03388183/ILSVRC2012_val_00048616.JPEG reached epsilon at step 593, loss sum: 188.5270, final loss: 0.00099564, weight distance: 0.0116
2025-09-22 23:32:31,285 - INFO - Example /home/projects/bagon/shared/imagenet512/val/n03691459/ILSVRC2012_val_00037867.JPEG reached epsilon at step 619, loss sum: 58.8053, final loss: 0.00099373, weight distance: 0.0147
2025-09-22 23:32:41,510 - INFO - Example /home/projects/bagon/shared/imagenet512/val/n07614500/ILSVRC2012_val_00038820.JPEG reached epsilon at step 284, loss sum: 75.8959, final loss: 0.00098133, weight distance: 0.0109
2025-09-22 23:33:06,065 - INFO - Example /home/projects/bagon/shared/imagenet512/val/n03793489/ILSVRC2012_val_00014424.JPEG reached epsilon at step 720, loss sum: 83.4006, final loss: 0.00099945, weight distance: 0.0144
2025-09-22 23:33:39,372 - INFO - Example /home/projects/bagon/shared/imagenet512/val/n02783161/ILSVRC2012_val_00035505.JPEG reached epsilon at step 985, loss sum: 65.5565, final loss: 0.00099182, weight distance: 0.0096
2025-09-22 23:34:05,778 - INFO - Example /home/projects/bagon/shared/imagenet512/val/n04154565/ILSVRC2012_val_00019817.JPEG reached epsilon at step 776, loss sum: 909.6034, final loss: 0.00099373, weight distance: 0.0226
2025-09-22 23:34:21,720 - INFO - Example /home/projects/bagon/shared/imagenet512/val/n02100735/ILSVRC2012_val_00037674.JPEG reached epsilon at step 459, loss sum: 261.6441, final loss: 0.00097322, weight distance: 0.0123
2025-09-22 23:34:34,845 - INFO - Example /home/projects/bagon/shared/imagenet512/val/n03032252/ILSVRC2012_val_00046675.JPEG reached epsilon at step 373, loss sum: 72.7962, final loss: 0.00096512, weight distance: 0.0121
2025-09-22 23:34:44,365 - INFO - Example /home/projects/bagon/shared/imagenet512/val/n02977058/ILSVRC2012_val_00035351.JPEG reached epsilon at step 260, loss sum: 124.2298, final loss: 0.00097179, weight distance: 0.0145
2025-09-22 23:34:59,604 - INFO - Example /home/projects/bagon/shared/imagenet512/val/n03633091/ILSVRC2012_val_00022704.JPEG reached epsilon at step 394, loss sum: 343.7007, final loss: 0.00099850, weight distance: 0.0184
2025-09-22 23:35:06,283 - INFO - Example /home/projects/bagon/shared/imagenet512/val/n02099849/ILSVRC2012_val_00014655.JPEG reached epsilon at step 176, loss sum: 206.0119, final loss: 0.00099754, weight distance: 0.0094
2025-09-22 23:35:12,859 - INFO - Example /home/projects/bagon/shared/imagenet512/val/n04239074/ILSVRC2012_val_00025258.JPEG reached epsilon at step 174, loss sum: 83.4899, final loss: 0.00096703, weight distance: 0.0121
2025-09-22 23:35:21,830 - INFO - Example /home/projects/bagon/shared/imagenet512/val/n02108000/ILSVRC2012_val_00033690.JPEG reached epsilon at step 247, loss sum: 36.0477, final loss: 0.00098515, weight distance: 0.0121
2025-09-22 23:35:44,633 - INFO - Example /home/projects/bagon/shared/imagenet512/val/n04380533/ILSVRC2012_val_00037697.JPEG reached epsilon at step 665, loss sum: 36.1647, final loss: 0.00099277, weight distance: 0.0145
2025-09-22 23:35:57,317 - INFO - Example /home/projects/bagon/shared/imagenet512/val/n02113799/ILSVRC2012_val_00006652.JPEG reached epsilon at step 359, loss sum: 63.4579, final loss: 0.00095367, weight distance: 0.0153
2025-09-22 23:36:03,147 - INFO - Example /home/projects/bagon/shared/imagenet512/val/n03017168/ILSVRC2012_val_00028741.JPEG reached epsilon at step 151, loss sum: 76.2231, final loss: 0.00098419, weight distance: 0.0120
2025-09-22 23:36:12,227 - INFO - Example /home/projects/bagon/shared/imagenet512/val/n02776631/ILSVRC2012_val_00021590.JPEG reached epsilon at step 249, loss sum: 221.0322, final loss: 0.00099277, weight distance: 0.0150
2025-09-22 23:36:41,270 - INFO - Example /home/projects/bagon/shared/imagenet512/val/n04355933/ILSVRC2012_val_00036674.JPEG reached epsilon at step 840, loss sum: 490.3733, final loss: 0.00099087, weight distance: 0.0285
2025-09-22 23:36:47,292 - INFO - Example /home/projects/bagon/shared/imagenet512/val/n03089624/ILSVRC2012_val_00038564.JPEG reached epsilon at step 155, loss sum: 78.7163, final loss: 0.00097656, weight distance: 0.0111
2025-09-22 23:36:53,661 - INFO - Example /home/projects/bagon/shared/imagenet512/val/n03759954/ILSVRC2012_val_00008381.JPEG reached epsilon at step 166, loss sum: 80.2281, final loss: 0.00099945, weight distance: 0.0106
2025-09-22 23:37:03,063 - INFO - Example /home/projects/bagon/shared/imagenet512/val/n01582220/ILSVRC2012_val_00041051.JPEG reached epsilon at step 258, loss sum: 96.8702, final loss: 0.00097561, weight distance: 0.0114
2025-09-22 23:37:27,857 - INFO - Example /home/projects/bagon/shared/imagenet512/val/n02108000/ILSVRC2012_val_00032659.JPEG reached epsilon at step 721, loss sum: 92.6646, final loss: 0.00099277, weight distance: 0.0176
2025-09-22 23:37:37,588 - INFO - Example /home/projects/bagon/shared/imagenet512/val/n03125729/ILSVRC2012_val_00000005.JPEG reached epsilon at step 267, loss sum: 44.6982, final loss: 0.00098991, weight distance: 0.0128
2025-09-22 23:37:43,744 - INFO - Example /home/projects/bagon/shared/imagenet512/val/n01990800/ILSVRC2012_val_00025814.JPEG reached epsilon at step 160, loss sum: 146.7138, final loss: 0.00097942, weight distance: 0.0114
2025-09-22 23:37:49,466 - INFO - Example /home/projects/bagon/shared/imagenet512/val/n02110806/ILSVRC2012_val_00030771.JPEG reached epsilon at step 147, loss sum: 100.2620, final loss: 0.00099277, weight distance: 0.0108
2025-09-22 23:37:54,522 - INFO - Example /home/projects/bagon/shared/imagenet512/val/n02091032/ILSVRC2012_val_00008997.JPEG reached epsilon at step 127, loss sum: 62.0992, final loss: 0.00098419, weight distance: 0.0093
2025-09-22 23:38:01,367 - INFO - Example /home/projects/bagon/shared/imagenet512/val/n03980874/ILSVRC2012_val_00032899.JPEG reached epsilon at step 181, loss sum: 85.8570, final loss: 0.00098228, weight distance: 0.0124
2025-09-22 23:38:09,059 - INFO - Example /home/projects/bagon/shared/imagenet512/val/n03443371/ILSVRC2012_val_00014613.JPEG reached epsilon at step 206, loss sum: 67.5966, final loss: 0.00098324, weight distance: 0.0106
2025-09-22 23:38:35,936 - INFO - Example /home/projects/bagon/shared/imagenet512/val/n04286575/ILSVRC2012_val_00008643.JPEG reached epsilon at step 785, loss sum: 530.1904, final loss: 0.00097227, weight distance: 0.0146
2025-09-22 23:38:43,600 - INFO - Example /home/projects/bagon/shared/imagenet512/val/n03970156/ILSVRC2012_val_00033787.JPEG reached epsilon at step 206, loss sum: 143.6137, final loss: 0.00098801, weight distance: 0.0128
2025-09-22 23:38:47,943 - INFO - Example /home/projects/bagon/shared/imagenet512/val/n03530642/ILSVRC2012_val_00037008.JPEG reached epsilon at step 106, loss sum: 72.1677, final loss: 0.00095987, weight distance: 0.0084
2025-09-22 23:38:56,164 - INFO - Example /home/projects/bagon/shared/imagenet512/val/n02769748/ILSVRC2012_val_00034048.JPEG reached epsilon at step 223, loss sum: 54.9007, final loss: 0.00099754, weight distance: 0.0093
2025-09-22 23:39:09,205 - INFO - Example /home/projects/bagon/shared/imagenet512/val/n03710637/ILSVRC2012_val_00048724.JPEG reached epsilon at step 368, loss sum: 61.7781, final loss: 0.00099754, weight distance: 0.0221
2025-09-22 23:39:21,186 - INFO - Example /home/projects/bagon/shared/imagenet512/val/n02098413/ILSVRC2012_val_00033577.JPEG reached epsilon at step 337, loss sum: 45.8676, final loss: 0.00098801, weight distance: 0.0150
2025-09-22 23:39:43,954 - INFO - Example /home/projects/bagon/shared/imagenet512/val/n03706229/ILSVRC2012_val_00049101.JPEG reached epsilon at step 661, loss sum: 661.9289, final loss: 0.00098896, weight distance: 0.0233
2025-09-22 23:39:56,924 - INFO - Example /home/projects/bagon/shared/imagenet512/val/n03218198/ILSVRC2012_val_00025529.JPEG reached epsilon at step 367, loss sum: 270.3650, final loss: 0.00098801, weight distance: 0.0151
2025-09-22 23:40:04,724 - INFO - Example /home/projects/bagon/shared/imagenet512/val/n03770439/ILSVRC2012_val_00047629.JPEG reached epsilon at step 211, loss sum: 206.6487, final loss: 0.00095749, weight distance: 0.0155
2025-09-22 23:40:12,002 - INFO - Example /home/projects/bagon/shared/imagenet512/val/n03345487/ILSVRC2012_val_00034340.JPEG reached epsilon at step 192, loss sum: 163.0686, final loss: 0.00096083, weight distance: 0.0123
2025-09-22 23:40:20,235 - INFO - Example /home/projects/bagon/shared/imagenet512/val/n02837789/ILSVRC2012_val_00030730.JPEG reached epsilon at step 224, loss sum: 52.9734, final loss: 0.00099468, weight distance: 0.0101
2025-09-22 23:40:29,128 - INFO - Example /home/projects/bagon/shared/imagenet512/val/n02791270/ILSVRC2012_val_00034523.JPEG reached epsilon at step 243, loss sum: 130.6524, final loss: 0.00098801, weight distance: 0.0156
2025-09-22 23:40:38,753 - INFO - Example /home/projects/bagon/shared/imagenet512/val/n02124075/ILSVRC2012_val_00031185.JPEG reached epsilon at step 265, loss sum: 413.4101, final loss: 0.00098324, weight distance: 0.0173
2025-09-22 23:41:05,434 - INFO - Example /home/projects/bagon/shared/imagenet512/val/n03658185/ILSVRC2012_val_00008145.JPEG reached epsilon at step 780, loss sum: 211.4217, final loss: 0.00099754, weight distance: 0.0203
2025-09-22 23:41:13,442 - INFO - Example /home/projects/bagon/shared/imagenet512/val/n04350905/ILSVRC2012_val_00044242.JPEG reached epsilon at step 217, loss sum: 79.8210, final loss: 0.00098991, weight distance: 0.0136
2025-09-22 23:41:21,866 - INFO - Example /home/projects/bagon/shared/imagenet512/val/n15075141/ILSVRC2012_val_00005846.JPEG reached epsilon at step 229, loss sum: 17.1176, final loss: 0.00097370, weight distance: 0.0130
2025-09-22 23:41:45,713 - INFO - Example /home/projects/bagon/shared/imagenet512/val/n04579432/ILSVRC2012_val_00004304.JPEG reached epsilon at step 696, loss sum: 141.4814, final loss: 0.00097513, weight distance: 0.0141
2025-09-22 23:42:02,040 - INFO - Example /home/projects/bagon/shared/imagenet512/val/n04505470/ILSVRC2012_val_00019503.JPEG reached epsilon at step 466, loss sum: 43.4371, final loss: 0.00099182, weight distance: 0.0218
2025-09-22 23:42:29,923 - INFO - Example /home/projects/bagon/shared/imagenet512/val/n02107908/ILSVRC2012_val_00000758.JPEG reached epsilon at step 814, loss sum: 209.9467, final loss: 0.00098324, weight distance: 0.0236
2025-09-22 23:42:38,561 - INFO - Example /home/projects/bagon/shared/imagenet512/val/n04515003/ILSVRC2012_val_00040580.JPEG reached epsilon at step 236, loss sum: 20.6958, final loss: 0.00097752, weight distance: 0.0090
2025-09-22 23:42:51,462 - INFO - Example /home/projects/bagon/shared/imagenet512/val/n02776631/ILSVRC2012_val_00013947.JPEG reached epsilon at step 364, loss sum: 423.3739, final loss: 0.00098515, weight distance: 0.0160
2025-09-22 23:43:09,470 - INFO - Example /home/projects/bagon/shared/imagenet512/val/n02783161/ILSVRC2012_val_00025837.JPEG reached epsilon at step 518, loss sum: 157.5870, final loss: 0.00098515, weight distance: 0.0166
2025-09-22 23:43:15,947 - INFO - Example /home/projects/bagon/shared/imagenet512/val/n03983396/ILSVRC2012_val_00037192.JPEG reached epsilon at step 170, loss sum: 89.3495, final loss: 0.00097561, weight distance: 0.0117
2025-09-22 23:43:23,967 - INFO - Example /home/projects/bagon/shared/imagenet512/val/n04479046/ILSVRC2012_val_00019995.JPEG reached epsilon at step 216, loss sum: 60.0816, final loss: 0.00099659, weight distance: 0.0090
2025-09-22 23:43:29,378 - INFO - Example /home/projects/bagon/shared/imagenet512/val/n02497673/ILSVRC2012_val_00033350.JPEG reached epsilon at step 139, loss sum: 20.2297, final loss: 0.00097847, weight distance: 0.0072
2025-09-22 23:43:37,049 - INFO - Example /home/projects/bagon/shared/imagenet512/val/n01871265/ILSVRC2012_val_00008028.JPEG reached epsilon at step 207, loss sum: 24.9352, final loss: 0.00099850, weight distance: 0.0125
2025-09-22 23:43:59,224 - INFO - Example /home/projects/bagon/shared/imagenet512/val/n02951585/ILSVRC2012_val_00005430.JPEG reached epsilon at step 644, loss sum: 168.1939, final loss: 0.00099087, weight distance: 0.0199
2025-09-22 23:44:09,420 - INFO - Example /home/projects/bagon/shared/imagenet512/val/n07875152/ILSVRC2012_val_00046279.JPEG reached epsilon at step 282, loss sum: 114.4360, final loss: 0.00098991, weight distance: 0.0112
2025-09-22 23:44:14,945 - INFO - Example /home/projects/bagon/shared/imagenet512/val/n02168699/ILSVRC2012_val_00001529.JPEG reached epsilon at step 141, loss sum: 49.1751, final loss: 0.00096941, weight distance: 0.0078
2025-09-22 23:44:47,223 - INFO - Example /home/projects/bagon/shared/imagenet512/val/n04152593/ILSVRC2012_val_00027099.JPEG reached epsilon at step 948, loss sum: 177.3388, final loss: 0.00099373, weight distance: 0.0225
2025-09-22 23:45:01,311 - INFO - Example /home/projects/bagon/shared/imagenet512/val/n01608432/ILSVRC2012_val_00045690.JPEG reached epsilon at step 400, loss sum: 259.5191, final loss: 0.00099182, weight distance: 0.0173
2025-09-22 23:45:09,038 - INFO - Example /home/projects/bagon/shared/imagenet512/val/n04557648/ILSVRC2012_val_00021707.JPEG reached epsilon at step 207, loss sum: 262.3123, final loss: 0.00097561, weight distance: 0.0146
2025-09-22 23:45:21,624 - INFO - Example /home/projects/bagon/shared/imagenet512/val/n04026417/ILSVRC2012_val_00001565.JPEG reached epsilon at step 355, loss sum: 189.9132, final loss: 0.00097847, weight distance: 0.0198
2025-09-22 23:45:37,907 - INFO - Example /home/projects/bagon/shared/imagenet512/val/n02093256/ILSVRC2012_val_00008532.JPEG reached epsilon at step 465, loss sum: 84.1771, final loss: 0.00098133, weight distance: 0.0216
2025-09-22 23:45:44,917 - INFO - Example /home/projects/bagon/shared/imagenet512/val/n03127747/ILSVRC2012_val_00036211.JPEG reached epsilon at step 185, loss sum: 39.6510, final loss: 0.00099945, weight distance: 0.0140
2025-09-22 23:45:58,945 - INFO - Example /home/projects/bagon/shared/imagenet512/val/n03908618/ILSVRC2012_val_00035709.JPEG reached epsilon at step 397, loss sum: 99.1953, final loss: 0.00099182, weight distance: 0.0152
2025-09-22 23:46:45,963 - INFO - Example /home/projects/bagon/shared/imagenet512/val/n03832673/ILSVRC2012_val_00032781.JPEG reached epsilon at step 1371, loss sum: 367.1804, final loss: 0.00099945, weight distance: 0.0203
2025-09-22 23:47:10,995 - INFO - Example /home/projects/bagon/shared/imagenet512/val/n02807133/ILSVRC2012_val_00006861.JPEG reached epsilon at step 726, loss sum: 432.6053, final loss: 0.00098896, weight distance: 0.0140
2025-09-22 23:47:21,307 - INFO - Example /home/projects/bagon/shared/imagenet512/val/n01751748/ILSVRC2012_val_00002154.JPEG reached epsilon at step 284, loss sum: 11.2260, final loss: 0.00098801, weight distance: 0.0096
2025-09-22 23:47:41,741 - INFO - Example /home/projects/bagon/shared/imagenet512/val/n02233338/ILSVRC2012_val_00019245.JPEG reached epsilon at step 592, loss sum: 655.8136, final loss: 0.00097942, weight distance: 0.0165
2025-09-22 23:48:07,798 - INFO - Example /home/projects/bagon/shared/imagenet512/val/n04592741/ILSVRC2012_val_00033012.JPEG reached epsilon at step 760, loss sum: 220.3864, final loss: 0.00099373, weight distance: 0.0153
2025-09-22 23:48:18,204 - INFO - Example /home/projects/bagon/shared/imagenet512/val/n02124075/ILSVRC2012_val_00029864.JPEG reached epsilon at step 287, loss sum: 86.7651, final loss: 0.00098324, weight distance: 0.0108
2025-09-22 23:48:29,147 - INFO - Example /home/projects/bagon/shared/imagenet512/val/n02097474/ILSVRC2012_val_00009764.JPEG reached epsilon at step 303, loss sum: 200.9156, final loss: 0.00099945, weight distance: 0.0180
2025-09-22 23:48:42,024 - INFO - Example /home/projects/bagon/shared/imagenet512/val/n01729977/ILSVRC2012_val_00026809.JPEG reached epsilon at step 361, loss sum: 53.4079, final loss: 0.00099564, weight distance: 0.0229
2025-09-22 23:48:51,129 - INFO - Example /home/projects/bagon/shared/imagenet512/val/n02236044/ILSVRC2012_val_00015745.JPEG reached epsilon at step 234, loss sum: 53.1325, final loss: 0.00099373, weight distance: 0.0084
2025-09-22 23:49:02,271 - INFO - Example /home/projects/bagon/shared/imagenet512/val/n04370456/ILSVRC2012_val_00038408.JPEG reached epsilon at step 311, loss sum: 120.0155, final loss: 0.00099087, weight distance: 0.0206
2025-09-22 23:49:12,325 - INFO - Example /home/projects/bagon/shared/imagenet512/val/n03075370/ILSVRC2012_val_00017880.JPEG reached epsilon at step 277, loss sum: 189.5484, final loss: 0.00096655, weight distance: 0.0127
2025-09-22 23:49:16,458 - INFO - Example /home/projects/bagon/shared/imagenet512/val/n03404251/ILSVRC2012_val_00041273.JPEG reached epsilon at step 98, loss sum: 32.2556, final loss: 0.00093555, weight distance: 0.0054
2025-09-22 23:49:24,615 - INFO - Example /home/projects/bagon/shared/imagenet512/val/n04074963/ILSVRC2012_val_00046283.JPEG reached epsilon at step 214, loss sum: 271.8244, final loss: 0.00098896, weight distance: 0.0137
2025-09-22 23:49:33,103 - INFO - Example /home/projects/bagon/shared/imagenet512/val/n04026417/ILSVRC2012_val_00037263.JPEG reached epsilon at step 225, loss sum: 93.4900, final loss: 0.00099945, weight distance: 0.0117
2025-09-22 23:49:39,007 - INFO - Example /home/projects/bagon/shared/imagenet512/val/n02087046/ILSVRC2012_val_00044441.JPEG reached epsilon at step 153, loss sum: 94.0522, final loss: 0.00098610, weight distance: 0.0104
2025-09-22 23:49:46,818 - INFO - Example /home/projects/bagon/shared/imagenet512/val/n03146219/ILSVRC2012_val_00020186.JPEG reached epsilon at step 211, loss sum: 130.9966, final loss: 0.00099850, weight distance: 0.0127
2025-09-22 23:49:54,180 - INFO - Example /home/projects/bagon/shared/imagenet512/val/n02444819/ILSVRC2012_val_00029427.JPEG reached epsilon at step 188, loss sum: 54.1873, final loss: 0.00098801, weight distance: 0.0105
2025-09-22 23:50:06,287 - INFO - Example /home/projects/bagon/shared/imagenet512/val/n03424325/ILSVRC2012_val_00008355.JPEG reached epsilon at step 327, loss sum: 579.5623, final loss: 0.00095892, weight distance: 0.0231
2025-09-22 23:50:11,362 - INFO - Example /home/projects/bagon/shared/imagenet512/val/n02500267/ILSVRC2012_val_00015669.JPEG reached epsilon at step 128, loss sum: 56.3893, final loss: 0.00098419, weight distance: 0.0077
2025-09-22 23:50:19,982 - INFO - Example /home/projects/bagon/shared/imagenet512/val/n01739381/ILSVRC2012_val_00023108.JPEG reached epsilon at step 235, loss sum: 105.1386, final loss: 0.00099277, weight distance: 0.0147
2025-09-22 23:50:27,295 - INFO - Example /home/projects/bagon/shared/imagenet512/val/n04532106/ILSVRC2012_val_00032645.JPEG reached epsilon at step 195, loss sum: 209.9502, final loss: 0.00098705, weight distance: 0.0108
2025-09-22 23:50:32,325 - INFO - Example /home/projects/bagon/shared/imagenet512/val/n04005630/ILSVRC2012_val_00039632.JPEG reached epsilon at step 126, loss sum: 71.7365, final loss: 0.00095320, weight distance: 0.0089
2025-09-22 23:50:38,137 - INFO - Example /home/projects/bagon/shared/imagenet512/val/n03478589/ILSVRC2012_val_00001324.JPEG reached epsilon at step 149, loss sum: 13.8396, final loss: 0.00098038, weight distance: 0.0090
2025-09-22 23:50:53,341 - INFO - Example /home/projects/bagon/shared/imagenet512/val/n04286575/ILSVRC2012_val_00009421.JPEG reached epsilon at step 425, loss sum: 84.4862, final loss: 0.00099373, weight distance: 0.0112
2025-09-22 23:51:13,681 - INFO - Example /home/projects/bagon/shared/imagenet512/val/n03691459/ILSVRC2012_val_00017612.JPEG reached epsilon at step 584, loss sum: 201.1039, final loss: 0.00098515, weight distance: 0.0123
2025-09-22 23:51:26,279 - INFO - Example /home/projects/bagon/shared/imagenet512/val/n03976657/ILSVRC2012_val_00015391.JPEG reached epsilon at step 352, loss sum: 113.3694, final loss: 0.00099277, weight distance: 0.0140
2025-09-22 23:51:35,815 - INFO - Example /home/projects/bagon/shared/imagenet512/val/n04208210/ILSVRC2012_val_00039977.JPEG reached epsilon at step 260, loss sum: 103.3982, final loss: 0.00097847, weight distance: 0.0120
2025-09-22 23:51:40,872 - INFO - Example /home/projects/bagon/shared/imagenet512/val/n02100877/ILSVRC2012_val_00000224.JPEG reached epsilon at step 128, loss sum: 39.6832, final loss: 0.00098419, weight distance: 0.0068
2025-09-22 23:51:52,154 - INFO - Example /home/projects/bagon/shared/imagenet512/val/n02088466/ILSVRC2012_val_00042692.JPEG reached epsilon at step 307, loss sum: 231.3107, final loss: 0.00098515, weight distance: 0.0183
2025-09-22 23:51:59,805 - INFO - Example /home/projects/bagon/shared/imagenet512/val/n03594945/ILSVRC2012_val_00016456.JPEG reached epsilon at step 205, loss sum: 218.1179, final loss: 0.00097036, weight distance: 0.0144
2025-09-22 23:52:22,686 - INFO - Example /home/projects/bagon/shared/imagenet512/val/n03016953/ILSVRC2012_val_00039848.JPEG reached epsilon at step 665, loss sum: 352.6833, final loss: 0.00098801, weight distance: 0.0148
2025-09-22 23:52:29,228 - INFO - Example /home/projects/bagon/shared/imagenet512/val/n04462240/ILSVRC2012_val_00006027.JPEG reached epsilon at step 157, loss sum: 91.2381, final loss: 0.00098324, weight distance: 0.0116
2025-09-22 23:52:36,528 - INFO - Example /home/projects/bagon/shared/imagenet512/val/n02834397/ILSVRC2012_val_00041817.JPEG reached epsilon at step 195, loss sum: 310.2794, final loss: 0.00098419, weight distance: 0.0129
2025-09-22 23:52:51,374 - INFO - Example /home/projects/bagon/shared/imagenet512/val/n03761084/ILSVRC2012_val_00023629.JPEG reached epsilon at step 420, loss sum: 130.5912, final loss: 0.00098801, weight distance: 0.0111
2025-09-22 23:53:00,916 - INFO - Example /home/projects/bagon/shared/imagenet512/val/n02098286/ILSVRC2012_val_00018069.JPEG reached epsilon at step 263, loss sum: 110.7239, final loss: 0.00098324, weight distance: 0.0109
2025-09-22 23:53:08,845 - INFO - Example /home/projects/bagon/shared/imagenet512/val/n03887697/ILSVRC2012_val_00027867.JPEG reached epsilon at step 210, loss sum: 23.3510, final loss: 0.00099468, weight distance: 0.0067
2025-09-22 23:53:45,068 - INFO - Example /home/projects/bagon/shared/imagenet512/val/n02093256/ILSVRC2012_val_00001710.JPEG reached epsilon at step 1062, loss sum: 83.4627, final loss: 0.00098515, weight distance: 0.0153
2025-09-22 23:53:51,304 - INFO - Example /home/projects/bagon/shared/imagenet512/val/n03920288/ILSVRC2012_val_00023165.JPEG reached epsilon at step 161, loss sum: 115.6996, final loss: 0.00096369, weight distance: 0.0087
2025-09-22 23:54:05,033 - INFO - Example /home/projects/bagon/shared/imagenet512/val/n03804744/ILSVRC2012_val_00028170.JPEG reached epsilon at step 387, loss sum: 246.6197, final loss: 0.00097561, weight distance: 0.0121
2025-09-22 23:54:26,028 - INFO - Example /home/projects/bagon/shared/imagenet512/val/n04208210/ILSVRC2012_val_00049240.JPEG reached epsilon at step 601, loss sum: 232.2700, final loss: 0.00098896, weight distance: 0.0169
2025-09-22 23:54:56,306 - INFO - Example /home/projects/bagon/shared/imagenet512/val/n13133613/ILSVRC2012_val_00033353.JPEG reached epsilon at step 884, loss sum: 64.0004, final loss: 0.00099659, weight distance: 0.0175
2025-09-22 23:55:01,434 - INFO - Example /home/projects/bagon/shared/imagenet512/val/n04332243/ILSVRC2012_val_00040530.JPEG reached epsilon at step 129, loss sum: 101.0616, final loss: 0.00098991, weight distance: 0.0078
2025-09-22 23:55:15,011 - INFO - Example /home/projects/bagon/shared/imagenet512/val/n04041544/ILSVRC2012_val_00048278.JPEG reached epsilon at step 371, loss sum: 88.0703, final loss: 0.00099277, weight distance: 0.0175
2025-09-22 23:55:23,699 - INFO - Example /home/projects/bagon/shared/imagenet512/val/n07718472/ILSVRC2012_val_00010447.JPEG reached epsilon at step 236, loss sum: 96.4038, final loss: 0.00097752, weight distance: 0.0131
2025-09-22 23:55:40,393 - INFO - Example /home/projects/bagon/shared/imagenet512/val/n01753488/ILSVRC2012_val_00043809.JPEG reached epsilon at step 441, loss sum: 88.6876, final loss: 0.00099468, weight distance: 0.0173
2025-09-22 23:56:16,984 - INFO - Example /home/projects/bagon/shared/imagenet512/val/n03773504/ILSVRC2012_val_00031940.JPEG reached epsilon at step 1060, loss sum: 69.6540, final loss: 0.00099945, weight distance: 0.0144
2025-09-22 23:56:33,637 - INFO - Example /home/projects/bagon/shared/imagenet512/val/n03680355/ILSVRC2012_val_00020303.JPEG reached epsilon at step 469, loss sum: 140.7462, final loss: 0.00098801, weight distance: 0.0137
2025-09-22 23:56:38,610 - INFO - Example /home/projects/bagon/shared/imagenet512/val/n13052670/ILSVRC2012_val_00048466.JPEG reached epsilon at step 124, loss sum: 62.0480, final loss: 0.00095606, weight distance: 0.0091
2025-09-22 23:56:47,743 - INFO - Example /home/projects/bagon/shared/imagenet512/val/n07930864/ILSVRC2012_val_00008181.JPEG reached epsilon at step 249, loss sum: 90.1812, final loss: 0.00099850, weight distance: 0.0143
2025-09-22 23:56:55,277 - INFO - Example /home/projects/bagon/shared/imagenet512/val/n01665541/ILSVRC2012_val_00022588.JPEG reached epsilon at step 201, loss sum: 38.4009, final loss: 0.00099277, weight distance: 0.0081
2025-09-22 23:57:09,313 - INFO - Example /home/projects/bagon/shared/imagenet512/val/n04548362/ILSVRC2012_val_00034577.JPEG reached epsilon at step 396, loss sum: 231.2001, final loss: 0.00099373, weight distance: 0.0185
2025-09-22 23:57:14,912 - INFO - Example /home/projects/bagon/shared/imagenet512/val/n04376876/ILSVRC2012_val_00012108.JPEG reached epsilon at step 141, loss sum: 139.3366, final loss: 0.00098610, weight distance: 0.0093
2025-09-22 23:57:22,579 - INFO - Example /home/projects/bagon/shared/imagenet512/val/n02105251/ILSVRC2012_val_00011212.JPEG reached epsilon at step 206, loss sum: 99.1588, final loss: 0.00098324, weight distance: 0.0130
2025-09-22 23:57:41,379 - INFO - Example /home/projects/bagon/shared/imagenet512/val/n01689811/ILSVRC2012_val_00017174.JPEG reached epsilon at step 540, loss sum: 293.6755, final loss: 0.00099945, weight distance: 0.0122
2025-09-22 23:58:13,278 - INFO - Example /home/projects/bagon/shared/imagenet512/val/n04355933/ILSVRC2012_val_00012281.JPEG reached epsilon at step 935, loss sum: 150.2360, final loss: 0.00099945, weight distance: 0.0196
2025-09-22 23:58:19,788 - INFO - Example /home/projects/bagon/shared/imagenet512/val/n02105251/ILSVRC2012_val_00012486.JPEG reached epsilon at step 170, loss sum: 128.0652, final loss: 0.00099659, weight distance: 0.0118
2025-09-22 23:58:45,079 - INFO - Example /home/projects/bagon/shared/imagenet512/val/n02226429/ILSVRC2012_val_00025061.JPEG reached epsilon at step 734, loss sum: 69.5591, final loss: 0.00099564, weight distance: 0.0176
2025-09-22 23:58:55,806 - INFO - Example /home/projects/bagon/shared/imagenet512/val/n03075370/ILSVRC2012_val_00007745.JPEG reached epsilon at step 297, loss sum: 161.3680, final loss: 0.00099564, weight distance: 0.0130
2025-09-22 23:59:09,197 - INFO - Example /home/projects/bagon/shared/imagenet512/val/n01753488/ILSVRC2012_val_00040417.JPEG reached epsilon at step 377, loss sum: 138.4892, final loss: 0.00099087, weight distance: 0.0164
2025-09-22 23:59:27,843 - INFO - Example /home/projects/bagon/shared/imagenet512/val/n03773504/ILSVRC2012_val_00027130.JPEG reached epsilon at step 535, loss sum: 51.9641, final loss: 0.00099659, weight distance: 0.0227
2025-09-22 23:59:45,364 - INFO - Example /home/projects/bagon/shared/imagenet512/val/n03532672/ILSVRC2012_val_00012674.JPEG reached epsilon at step 501, loss sum: 174.9033, final loss: 0.00099373, weight distance: 0.0192
2025-09-22 23:59:53,321 - INFO - Example /home/projects/bagon/shared/imagenet512/val/n03804744/ILSVRC2012_val_00019774.JPEG reached epsilon at step 215, loss sum: 482.5443, final loss: 0.00099468, weight distance: 0.0145
2025-09-23 00:00:08,666 - INFO - Example /home/projects/bagon/shared/imagenet512/val/n07860988/ILSVRC2012_val_00010800.JPEG reached epsilon at step 436, loss sum: 155.3885, final loss: 0.00098038, weight distance: 0.0084
2025-09-23 00:00:13,312 - INFO - Example /home/projects/bagon/shared/imagenet512/val/n03467068/ILSVRC2012_val_00047256.JPEG reached epsilon at step 114, loss sum: 64.6970, final loss: 0.00097084, weight distance: 0.0080
2025-09-23 00:00:24,663 - INFO - Example /home/projects/bagon/shared/imagenet512/val/n02108551/ILSVRC2012_val_00034181.JPEG reached epsilon at step 313, loss sum: 34.7050, final loss: 0.00097036, weight distance: 0.0109
2025-09-23 00:00:31,988 - INFO - Example /home/projects/bagon/shared/imagenet512/val/n03125729/ILSVRC2012_val_00041550.JPEG reached epsilon at step 195, loss sum: 31.1885, final loss: 0.00095940, weight distance: 0.0113
2025-09-23 00:00:48,945 - INFO - Example /home/projects/bagon/shared/imagenet512/val/n03920288/ILSVRC2012_val_00018533.JPEG reached epsilon at step 483, loss sum: 355.5360, final loss: 0.00099754, weight distance: 0.0195
2025-09-23 00:00:56,899 - INFO - Example /home/projects/bagon/shared/imagenet512/val/n02730930/ILSVRC2012_val_00015396.JPEG reached epsilon at step 213, loss sum: 84.9618, final loss: 0.00099277, weight distance: 0.0148
2025-09-23 00:01:16,751 - INFO - Example /home/projects/bagon/shared/imagenet512/val/n03160309/ILSVRC2012_val_00028044.JPEG reached epsilon at step 570, loss sum: 335.3486, final loss: 0.00098705, weight distance: 0.0101
2025-09-23 00:01:23,779 - INFO - Example /home/projects/bagon/shared/imagenet512/val/n04357314/ILSVRC2012_val_00049787.JPEG reached epsilon at step 181, loss sum: 124.3522, final loss: 0.00097466, weight distance: 0.0135
2025-09-23 00:01:43,981 - INFO - Example /home/projects/bagon/shared/imagenet512/val/n03929660/ILSVRC2012_val_00023178.JPEG reached epsilon at step 581, loss sum: 505.9036, final loss: 0.00099754, weight distance: 0.0111
2025-09-23 00:01:51,701 - INFO - Example /home/projects/bagon/shared/imagenet512/val/n03888605/ILSVRC2012_val_00019839.JPEG reached epsilon at step 207, loss sum: 65.8757, final loss: 0.00099087, weight distance: 0.0152
2025-09-23 00:02:00,887 - INFO - Example /home/projects/bagon/shared/imagenet512/val/n04049303/ILSVRC2012_val_00033460.JPEG reached epsilon at step 251, loss sum: 263.7793, final loss: 0.00099754, weight distance: 0.0143
2025-09-23 00:02:22,797 - INFO - Example /home/projects/bagon/shared/imagenet512/val/n03950228/ILSVRC2012_val_00010264.JPEG reached epsilon at step 634, loss sum: 90.6050, final loss: 0.00098991, weight distance: 0.0165
2025-09-23 00:02:27,830 - INFO - Example /home/projects/bagon/shared/imagenet512/val/n07583066/ILSVRC2012_val_00004206.JPEG reached epsilon at step 120, loss sum: 74.5365, final loss: 0.00098038, weight distance: 0.0088
2025-09-23 00:02:59,024 - INFO - Example /home/projects/bagon/shared/imagenet512/val/n03950228/ILSVRC2012_val_00023172.JPEG reached epsilon at step 915, loss sum: 299.5353, final loss: 0.00099468, weight distance: 0.0224
2025-09-23 00:03:10,435 - INFO - Example /home/projects/bagon/shared/imagenet512/val/n03777754/ILSVRC2012_val_00029857.JPEG reached epsilon at step 314, loss sum: 55.3351, final loss: 0.00098801, weight distance: 0.0088
2025-09-23 00:03:18,794 - INFO - Example /home/projects/bagon/shared/imagenet512/val/n04209239/ILSVRC2012_val_00016761.JPEG reached epsilon at step 202, loss sum: 135.0525, final loss: 0.00098896, weight distance: 0.0096
2025-09-23 00:03:32,336 - INFO - Example /home/projects/bagon/shared/imagenet512/val/n03532672/ILSVRC2012_val_00028277.JPEG reached epsilon at step 381, loss sum: 262.1021, final loss: 0.00097418, weight distance: 0.0175
2025-09-23 00:03:40,454 - INFO - Example /home/projects/bagon/shared/imagenet512/val/n02776631/ILSVRC2012_val_00007727.JPEG reached epsilon at step 219, loss sum: 43.4489, final loss: 0.00096083, weight distance: 0.0099
2025-09-23 00:03:51,193 - INFO - Example /home/projects/bagon/shared/imagenet512/val/n03187595/ILSVRC2012_val_00016249.JPEG reached epsilon at step 296, loss sum: 232.8323, final loss: 0.00098991, weight distance: 0.0121
2025-09-23 00:03:56,129 - INFO - Example /home/projects/bagon/shared/imagenet512/val/n04229816/ILSVRC2012_val_00009410.JPEG reached epsilon at step 123, loss sum: 34.3321, final loss: 0.00099087, weight distance: 0.0078
2025-09-23 00:04:03,404 - INFO - Example /home/projects/bagon/shared/imagenet512/val/n02093991/ILSVRC2012_val_00032226.JPEG reached epsilon at step 194, loss sum: 79.2411, final loss: 0.00099564, weight distance: 0.0119
2025-09-23 00:04:26,058 - INFO - Example /home/projects/bagon/shared/imagenet512/val/n03355925/ILSVRC2012_val_00045014.JPEG reached epsilon at step 656, loss sum: 124.8919, final loss: 0.00097418, weight distance: 0.0077
2025-09-23 00:04:51,938 - INFO - Example /home/projects/bagon/shared/imagenet512/val/n02317335/ILSVRC2012_val_00001748.JPEG reached epsilon at step 752, loss sum: 854.1341, final loss: 0.00099087, weight distance: 0.0182
2025-09-23 00:05:05,246 - INFO - Example /home/projects/bagon/shared/imagenet512/val/n02395406/ILSVRC2012_val_00000661.JPEG reached epsilon at step 376, loss sum: 421.0352, final loss: 0.00098515, weight distance: 0.0133
2025-09-23 00:05:25,528 - INFO - Example /home/projects/bagon/shared/imagenet512/val/n02492035/ILSVRC2012_val_00040730.JPEG reached epsilon at step 586, loss sum: 294.8072, final loss: 0.00099659, weight distance: 0.0190
2025-09-23 00:05:44,857 - INFO - Example /home/projects/bagon/shared/imagenet512/val/n04154565/ILSVRC2012_val_00004264.JPEG reached epsilon at step 558, loss sum: 505.3803, final loss: 0.00099754, weight distance: 0.0239
2025-09-23 00:05:54,217 - INFO - Example /home/projects/bagon/shared/imagenet512/val/n01667114/ILSVRC2012_val_00024666.JPEG reached epsilon at step 257, loss sum: 64.2877, final loss: 0.00098515, weight distance: 0.0159
2025-09-23 00:06:11,477 - INFO - Example /home/projects/bagon/shared/imagenet512/val/n03249569/ILSVRC2012_val_00002871.JPEG reached epsilon at step 494, loss sum: 216.0483, final loss: 0.00098515, weight distance: 0.0188
2025-09-23 00:06:18,444 - INFO - Example /home/projects/bagon/shared/imagenet512/val/n03958227/ILSVRC2012_val_00040336.JPEG reached epsilon at step 184, loss sum: 294.3141, final loss: 0.00093555, weight distance: 0.0116
2025-09-23 00:06:59,007 - INFO - Example /home/projects/bagon/shared/imagenet512/val/n01756291/ILSVRC2012_val_00011531.JPEG reached epsilon at step 1192, loss sum: 226.4575, final loss: 0.00099945, weight distance: 0.0246
2025-09-23 00:07:07,106 - INFO - Example /home/projects/bagon/shared/imagenet512/val/n03124043/ILSVRC2012_val_00049053.JPEG reached epsilon at step 212, loss sum: 140.2645, final loss: 0.00099182, weight distance: 0.0149
2025-09-23 00:07:13,603 - INFO - Example /home/projects/bagon/shared/imagenet512/val/n03627232/ILSVRC2012_val_00043163.JPEG reached epsilon at step 169, loss sum: 102.0270, final loss: 0.00099373, weight distance: 0.0091
2025-09-23 00:07:20,793 - INFO - Example /home/projects/bagon/shared/imagenet512/val/n01532829/ILSVRC2012_val_00013209.JPEG reached epsilon at step 189, loss sum: 222.4962, final loss: 0.00098228, weight distance: 0.0122
2025-09-23 00:08:03,470 - INFO - Example /home/projects/bagon/shared/imagenet512/val/n02749479/ILSVRC2012_val_00034057.JPEG reached epsilon at step 1259, loss sum: 294.9996, final loss: 0.00098610, weight distance: 0.0218
2025-09-23 00:08:08,865 - INFO - Example /home/projects/bagon/shared/imagenet512/val/n02091244/ILSVRC2012_val_00041573.JPEG reached epsilon at step 138, loss sum: 43.5728, final loss: 0.00097847, weight distance: 0.0094
2025-09-23 00:08:17,295 - INFO - Example /home/projects/bagon/shared/imagenet512/val/n03630383/ILSVRC2012_val_00004189.JPEG reached epsilon at step 218, loss sum: 37.6979, final loss: 0.00098610, weight distance: 0.0103
2025-09-23 00:08:27,590 - INFO - Example /home/projects/bagon/shared/imagenet512/val/n02094114/ILSVRC2012_val_00009338.JPEG reached epsilon at step 285, loss sum: 96.0172, final loss: 0.00099754, weight distance: 0.0177
2025-09-23 00:08:49,883 - INFO - Example /home/projects/bagon/shared/imagenet512/val/n04392985/ILSVRC2012_val_00002564.JPEG reached epsilon at step 648, loss sum: 99.1768, final loss: 0.00098801, weight distance: 0.0246
2025-09-23 00:09:00,845 - INFO - Example /home/projects/bagon/shared/imagenet512/val/n02783161/ILSVRC2012_val_00000721.JPEG reached epsilon at step 303, loss sum: 88.0450, final loss: 0.00099468, weight distance: 0.0196
2025-09-23 00:09:44,408 - INFO - Example /home/projects/bagon/shared/imagenet512/val/n04026417/ILSVRC2012_val_00010949.JPEG reached epsilon at step 1288, loss sum: 198.9201, final loss: 0.00099564, weight distance: 0.0159
2025-09-23 00:09:51,643 - INFO - Example /home/projects/bagon/shared/imagenet512/val/n03866082/ILSVRC2012_val_00005141.JPEG reached epsilon at step 193, loss sum: 63.9495, final loss: 0.00098991, weight distance: 0.0133
2025-09-23 00:09:55,308 - INFO - Example /home/projects/bagon/shared/imagenet512/val/n04209239/ILSVRC2012_val_00032539.JPEG reached epsilon at step 78, loss sum: 71.2997, final loss: 0.00092649, weight distance: 0.0059
2025-09-23 00:10:06,911 - INFO - Example /home/projects/bagon/shared/imagenet512/val/n04525038/ILSVRC2012_val_00010935.JPEG reached epsilon at step 324, loss sum: 45.5243, final loss: 0.00099373, weight distance: 0.0079
2025-09-23 00:10:20,225 - INFO - Example /home/projects/bagon/shared/imagenet512/val/n04447861/ILSVRC2012_val_00041760.JPEG reached epsilon at step 375, loss sum: 587.5516, final loss: 0.00099754, weight distance: 0.0241
2025-09-23 00:10:48,066 - INFO - Example /home/projects/bagon/shared/imagenet512/val/n02109047/ILSVRC2012_val_00006834.JPEG reached epsilon at step 814, loss sum: 119.4848, final loss: 0.00096846, weight distance: 0.0139
2025-09-23 00:10:55,434 - INFO - Example /home/projects/bagon/shared/imagenet512/val/n04366367/ILSVRC2012_val_00002301.JPEG reached epsilon at step 196, loss sum: 40.9920, final loss: 0.00099659, weight distance: 0.0115
2025-09-23 00:11:12,585 - INFO - Example /home/projects/bagon/shared/imagenet512/val/n04557648/ILSVRC2012_val_00009504.JPEG reached epsilon at step 492, loss sum: 206.5161, final loss: 0.00099564, weight distance: 0.0140
2025-09-23 00:11:20,319 - INFO - Example /home/projects/bagon/shared/imagenet512/val/n03372029/ILSVRC2012_val_00003784.JPEG reached epsilon at step 209, loss sum: 88.8197, final loss: 0.00094509, weight distance: 0.0097
2025-09-23 00:11:31,047 - INFO - Example /home/projects/bagon/shared/imagenet512/val/n04009552/ILSVRC2012_val_00001429.JPEG reached epsilon at step 288, loss sum: 100.6386, final loss: 0.00098991, weight distance: 0.0125
2025-09-23 00:11:47,141 - INFO - Example /home/projects/bagon/shared/imagenet512/val/n04398044/ILSVRC2012_val_00022342.JPEG reached epsilon at step 457, loss sum: 45.0822, final loss: 0.00098610, weight distance: 0.0095
2025-09-23 00:11:59,538 - INFO - Example /home/projects/bagon/shared/imagenet512/val/n04554684/ILSVRC2012_val_00048391.JPEG reached epsilon at step 346, loss sum: 346.7130, final loss: 0.00099850, weight distance: 0.0120
2025-09-23 00:12:12,127 - INFO - Example /home/projects/bagon/shared/imagenet512/val/n02074367/ILSVRC2012_val_00031855.JPEG reached epsilon at step 352, loss sum: 58.5295, final loss: 0.00096893, weight distance: 0.0089
2025-09-23 00:12:31,685 - INFO - Example /home/projects/bagon/shared/imagenet512/val/n02790996/ILSVRC2012_val_00028259.JPEG reached epsilon at step 563, loss sum: 6.8224, final loss: 0.00099087, weight distance: 0.0086
2025-09-23 00:12:44,906 - INFO - Example /home/projects/bagon/shared/imagenet512/val/n03534580/ILSVRC2012_val_00012439.JPEG reached epsilon at step 374, loss sum: 318.5714, final loss: 0.00099277, weight distance: 0.0172
2025-09-23 00:13:01,479 - INFO - Example /home/projects/bagon/shared/imagenet512/val/n04476259/ILSVRC2012_val_00007594.JPEG reached epsilon at step 474, loss sum: 137.0344, final loss: 0.00099754, weight distance: 0.0195
2025-09-23 00:13:36,733 - INFO - Example /home/projects/bagon/shared/imagenet512/val/n04548362/ILSVRC2012_val_00045317.JPEG reached epsilon at step 1034, loss sum: 106.0777, final loss: 0.00099373, weight distance: 0.0142
2025-09-23 00:13:46,316 - INFO - Example /home/projects/bagon/shared/imagenet512/val/n02483362/ILSVRC2012_val_00016611.JPEG reached epsilon at step 264, loss sum: 197.6597, final loss: 0.00099754, weight distance: 0.0180
2025-09-23 00:14:14,016 - INFO - Example /home/projects/bagon/shared/imagenet512/val/n04409515/ILSVRC2012_val_00017369.JPEG reached epsilon at step 809, loss sum: 58.1668, final loss: 0.00098991, weight distance: 0.0158
2025-09-23 00:14:23,512 - INFO - Example /home/projects/bagon/shared/imagenet512/val/n02492035/ILSVRC2012_val_00019432.JPEG reached epsilon at step 261, loss sum: 123.8381, final loss: 0.00098515, weight distance: 0.0183
2025-09-23 00:14:34,775 - INFO - Example /home/projects/bagon/shared/imagenet512/val/n03950228/ILSVRC2012_val_00022580.JPEG reached epsilon at step 307, loss sum: 36.6132, final loss: 0.00099754, weight distance: 0.0132
2025-09-23 00:14:46,668 - INFO - Example /home/projects/bagon/shared/imagenet512/val/n01693334/ILSVRC2012_val_00023753.JPEG reached epsilon at step 329, loss sum: 123.9625, final loss: 0.00098991, weight distance: 0.0178
2025-09-23 00:14:57,453 - INFO - Example /home/projects/bagon/shared/imagenet512/val/n02486410/ILSVRC2012_val_00046291.JPEG reached epsilon at step 297, loss sum: 84.6997, final loss: 0.00099468, weight distance: 0.0103
2025-09-23 00:15:09,677 - INFO - Example /home/projects/bagon/shared/imagenet512/val/n03125729/ILSVRC2012_val_00001864.JPEG reached epsilon at step 342, loss sum: 32.6383, final loss: 0.00099182, weight distance: 0.0139
2025-09-23 00:15:36,294 - INFO - Example /home/projects/bagon/shared/imagenet512/val/n02087046/ILSVRC2012_val_00041444.JPEG reached epsilon at step 776, loss sum: 285.3342, final loss: 0.00099945, weight distance: 0.0198
2025-09-23 00:15:55,715 - INFO - Example /home/projects/bagon/shared/imagenet512/val/n04090263/ILSVRC2012_val_00047495.JPEG reached epsilon at step 559, loss sum: 226.6508, final loss: 0.00098705, weight distance: 0.0177
2025-09-23 00:16:03,117 - INFO - Example /home/projects/bagon/shared/imagenet512/val/n03658185/ILSVRC2012_val_00042131.JPEG reached epsilon at step 197, loss sum: 48.8352, final loss: 0.00098324, weight distance: 0.0126
2025-09-23 00:16:12,891 - INFO - Example /home/projects/bagon/shared/imagenet512/val/n02791270/ILSVRC2012_val_00016974.JPEG reached epsilon at step 269, loss sum: 189.1013, final loss: 0.00097847, weight distance: 0.0108
2025-09-23 00:16:19,930 - INFO - Example /home/projects/bagon/shared/imagenet512/val/n07753592/ILSVRC2012_val_00029200.JPEG reached epsilon at step 187, loss sum: 39.9780, final loss: 0.00097942, weight distance: 0.0101
2025-09-23 00:16:32,228 - INFO - Example /home/projects/bagon/shared/imagenet512/val/n04493381/ILSVRC2012_val_00025239.JPEG reached epsilon at step 344, loss sum: 90.2071, final loss: 0.00099373, weight distance: 0.0190
2025-09-23 00:16:48,717 - INFO - Example /home/projects/bagon/shared/imagenet512/val/n04505470/ILSVRC2012_val_00049917.JPEG reached epsilon at step 467, loss sum: 54.2675, final loss: 0.00099373, weight distance: 0.0236
2025-09-23 00:17:06,212 - INFO - Example /home/projects/bagon/shared/imagenet512/val/n03791053/ILSVRC2012_val_00011611.JPEG reached epsilon at step 501, loss sum: 365.4618, final loss: 0.00099087, weight distance: 0.0162
2025-09-23 00:17:12,743 - INFO - Example /home/projects/bagon/shared/imagenet512/val/n02165456/ILSVRC2012_val_00005858.JPEG reached epsilon at step 172, loss sum: 293.7314, final loss: 0.00099659, weight distance: 0.0127
2025-09-23 00:17:45,601 - INFO - Example /home/projects/bagon/shared/imagenet512/val/n09428293/ILSVRC2012_val_00004976.JPEG reached epsilon at step 966, loss sum: 262.5890, final loss: 0.00098991, weight distance: 0.0177
2025-09-23 00:17:56,718 - INFO - Example /home/projects/bagon/shared/imagenet512/val/n03481172/ILSVRC2012_val_00045395.JPEG reached epsilon at step 310, loss sum: 317.2743, final loss: 0.00098228, weight distance: 0.0225
2025-09-23 00:18:06,848 - INFO - Example /home/projects/bagon/shared/imagenet512/val/n02098413/ILSVRC2012_val_00030555.JPEG reached epsilon at step 280, loss sum: 212.8867, final loss: 0.00099087, weight distance: 0.0160
2025-09-23 00:19:07,409 - INFO - Example /home/projects/bagon/shared/imagenet512/val/n04392985/ILSVRC2012_val_00034873.JPEG reached epsilon at step 1800, loss sum: 345.0488, final loss: 0.00099754, weight distance: 0.0278
2025-09-23 00:19:19,426 - INFO - Example /home/projects/bagon/shared/imagenet512/val/n04479046/ILSVRC2012_val_00026753.JPEG reached epsilon at step 332, loss sum: 228.9416, final loss: 0.00099945, weight distance: 0.0135
2025-09-23 00:19:30,347 - INFO - Example /home/projects/bagon/shared/imagenet512/val/n02096294/ILSVRC2012_val_00016374.JPEG reached epsilon at step 303, loss sum: 55.2283, final loss: 0.00099564, weight distance: 0.0168
2025-09-23 00:19:43,566 - INFO - Example /home/projects/bagon/shared/imagenet512/val/n03781244/ILSVRC2012_val_00033451.JPEG reached epsilon at step 371, loss sum: 71.9999, final loss: 0.00099373, weight distance: 0.0153
2025-09-23 00:19:51,506 - INFO - Example /home/projects/bagon/shared/imagenet512/val/n03884397/ILSVRC2012_val_00019227.JPEG reached epsilon at step 213, loss sum: 348.7084, final loss: 0.00096416, weight distance: 0.0141
2025-09-23 00:19:59,835 - INFO - Example /home/projects/bagon/shared/imagenet512/val/n04286575/ILSVRC2012_val_00000843.JPEG reached epsilon at step 225, loss sum: 175.9120, final loss: 0.00099468, weight distance: 0.0147
2025-09-23 00:20:06,910 - INFO - Example /home/projects/bagon/shared/imagenet512/val/n04023962/ILSVRC2012_val_00030413.JPEG reached epsilon at step 181, loss sum: 134.0495, final loss: 0.00094366, weight distance: 0.0113
2025-09-23 00:20:25,054 - INFO - Example /home/projects/bagon/shared/imagenet512/val/n07693725/ILSVRC2012_val_00011885.JPEG reached epsilon at step 523, loss sum: 388.0050, final loss: 0.00098705, weight distance: 0.0167
2025-09-23 00:21:05,595 - INFO - Example /home/projects/bagon/shared/imagenet512/val/n01491361/ILSVRC2012_val_00035405.JPEG reached epsilon at step 1203, loss sum: 128.3986, final loss: 0.00098419, weight distance: 0.0160
2025-09-23 00:21:35,842 - INFO - Example /home/projects/bagon/shared/imagenet512/val/n09428293/ILSVRC2012_val_00018113.JPEG reached epsilon at step 879, loss sum: 504.2457, final loss: 0.00095034, weight distance: 0.0177
2025-09-23 00:21:53,973 - INFO - Example /home/projects/bagon/shared/imagenet512/val/n01744401/ILSVRC2012_val_00031980.JPEG reached epsilon at step 521, loss sum: 402.8822, final loss: 0.00099468, weight distance: 0.0159
2025-09-23 00:22:11,226 - INFO - Example /home/projects/bagon/shared/imagenet512/val/n02883205/ILSVRC2012_val_00047120.JPEG reached epsilon at step 491, loss sum: 86.9605, final loss: 0.00098896, weight distance: 0.0123
2025-09-23 00:22:15,484 - INFO - Example /home/projects/bagon/shared/imagenet512/val/n04317175/ILSVRC2012_val_00039411.JPEG reached epsilon at step 103, loss sum: 40.7275, final loss: 0.00098991, weight distance: 0.0069
2025-09-23 00:22:40,227 - INFO - Example /home/projects/bagon/shared/imagenet512/val/n02787622/ILSVRC2012_val_00044408.JPEG reached epsilon at step 721, loss sum: 160.1964, final loss: 0.00098610, weight distance: 0.0156
2025-09-23 00:22:45,955 - INFO - Example /home/projects/bagon/shared/imagenet512/val/n02910353/ILSVRC2012_val_00049456.JPEG reached epsilon at step 147, loss sum: 123.2788, final loss: 0.00096512, weight distance: 0.0091
2025-09-23 00:23:42,341 - INFO - Example /home/projects/bagon/shared/imagenet512/val/n03970156/ILSVRC2012_val_00011609.JPEG reached epsilon at step 1676, loss sum: 1359.6046, final loss: 0.00099373, weight distance: 0.0200
2025-09-23 00:23:55,195 - INFO - Example /home/projects/bagon/shared/imagenet512/val/n02692877/ILSVRC2012_val_00025654.JPEG reached epsilon at step 362, loss sum: 77.6092, final loss: 0.00095844, weight distance: 0.0064
2025-09-23 00:24:05,098 - INFO - Example /home/projects/bagon/shared/imagenet512/val/n02963159/ILSVRC2012_val_00013629.JPEG reached epsilon at step 272, loss sum: 72.0717, final loss: 0.00099945, weight distance: 0.0135
2025-09-23 00:24:27,644 - INFO - Example /home/projects/bagon/shared/imagenet512/val/n04330267/ILSVRC2012_val_00044740.JPEG reached epsilon at step 650, loss sum: 189.4942, final loss: 0.00099754, weight distance: 0.0147
2025-09-23 00:24:54,556 - INFO - Example /home/projects/bagon/shared/imagenet512/val/n03933933/ILSVRC2012_val_00026135.JPEG reached epsilon at step 783, loss sum: 151.9102, final loss: 0.00098801, weight distance: 0.0150
2025-09-23 00:25:02,162 - INFO - Example /home/projects/bagon/shared/imagenet512/val/n01796340/ILSVRC2012_val_00044591.JPEG reached epsilon at step 202, loss sum: 212.6695, final loss: 0.00099754, weight distance: 0.0134
2025-09-23 00:25:15,604 - INFO - Example /home/projects/bagon/shared/imagenet512/val/n01682714/ILSVRC2012_val_00023243.JPEG reached epsilon at step 378, loss sum: 107.8759, final loss: 0.00099945, weight distance: 0.0203
2025-09-23 00:25:48,070 - INFO - Example /home/projects/bagon/shared/imagenet512/val/n04493381/ILSVRC2012_val_00021949.JPEG reached epsilon at step 949, loss sum: 50.2660, final loss: 0.00099373, weight distance: 0.0174
2025-09-23 00:26:07,799 - INFO - Example /home/projects/bagon/shared/imagenet512/val/n01773549/ILSVRC2012_val_00035063.JPEG reached epsilon at step 570, loss sum: 70.7422, final loss: 0.00098705, weight distance: 0.0118
2025-09-23 00:26:19,783 - INFO - Example /home/projects/bagon/shared/imagenet512/val/n03124043/ILSVRC2012_val_00035589.JPEG reached epsilon at step 327, loss sum: 166.3098, final loss: 0.00099182, weight distance: 0.0135
2025-09-23 00:26:24,472 - INFO - Example /home/projects/bagon/shared/imagenet512/val/n03991062/ILSVRC2012_val_00017802.JPEG reached epsilon at step 116, loss sum: 29.0408, final loss: 0.00097513, weight distance: 0.0079
2025-09-23 00:26:32,169 - INFO - Example /home/projects/bagon/shared/imagenet512/val/n07768694/ILSVRC2012_val_00012211.JPEG reached epsilon at step 207, loss sum: 153.3197, final loss: 0.00099468, weight distance: 0.0166
2025-09-23 00:26:56,148 - INFO - Example /home/projects/bagon/shared/imagenet512/val/n03658185/ILSVRC2012_val_00020956.JPEG reached epsilon at step 698, loss sum: 342.3508, final loss: 0.00099659, weight distance: 0.0246
2025-09-23 00:27:05,287 - INFO - Example /home/projects/bagon/shared/imagenet512/val/n02749479/ILSVRC2012_val_00038445.JPEG reached epsilon at step 250, loss sum: 109.1057, final loss: 0.00099754, weight distance: 0.0164
2025-09-23 00:27:20,973 - INFO - Example /home/projects/bagon/shared/imagenet512/val/n02085620/ILSVRC2012_val_00002921.JPEG reached epsilon at step 447, loss sum: 265.4430, final loss: 0.00097513, weight distance: 0.0164
2025-09-23 00:27:59,484 - INFO - Example /home/projects/bagon/shared/imagenet512/val/n03710721/ILSVRC2012_val_00001420.JPEG reached epsilon at step 1138, loss sum: 259.2464, final loss: 0.00098705, weight distance: 0.0236
2025-09-23 00:28:06,745 - INFO - Example /home/projects/bagon/shared/imagenet512/val/n02105855/ILSVRC2012_val_00036269.JPEG reached epsilon at step 194, loss sum: 134.0917, final loss: 0.00098324, weight distance: 0.0137
2025-09-23 00:28:25,014 - INFO - Example /home/projects/bagon/shared/imagenet512/val/n04522168/ILSVRC2012_val_00018049.JPEG reached epsilon at step 525, loss sum: 151.3907, final loss: 0.00098896, weight distance: 0.0135
2025-09-23 00:28:33,156 - INFO - Example /home/projects/bagon/shared/imagenet512/val/n02110063/ILSVRC2012_val_00039402.JPEG reached epsilon at step 220, loss sum: 24.4050, final loss: 0.00096273, weight distance: 0.0120
2025-09-23 00:28:46,925 - INFO - Example /home/projects/bagon/shared/imagenet512/val/n02895154/ILSVRC2012_val_00013879.JPEG reached epsilon at step 390, loss sum: 61.0430, final loss: 0.00099945, weight distance: 0.0169
2025-09-23 00:28:58,881 - INFO - Example /home/projects/bagon/shared/imagenet512/val/n03196217/ILSVRC2012_val_00011568.JPEG reached epsilon at step 332, loss sum: 76.6067, final loss: 0.00097513, weight distance: 0.0098
2025-09-23 00:29:15,935 - INFO - Example /home/projects/bagon/shared/imagenet512/val/n07932039/ILSVRC2012_val_00006310.JPEG reached epsilon at step 470, loss sum: 165.3996, final loss: 0.00099850, weight distance: 0.0100
2025-09-23 00:29:25,158 - INFO - Example /home/projects/bagon/shared/imagenet512/val/n02087046/ILSVRC2012_val_00004325.JPEG reached epsilon at step 251, loss sum: 267.7157, final loss: 0.00097847, weight distance: 0.0162
2025-09-23 00:29:34,883 - INFO - Example /home/projects/bagon/shared/imagenet512/val/n03594945/ILSVRC2012_val_00006530.JPEG reached epsilon at step 266, loss sum: 157.5773, final loss: 0.00096607, weight distance: 0.0157
2025-09-23 00:30:03,349 - INFO - Example /home/projects/bagon/shared/imagenet512/val/n04204238/ILSVRC2012_val_00002519.JPEG reached epsilon at step 826, loss sum: 621.8327, final loss: 0.00099659, weight distance: 0.0167
2025-09-23 00:30:13,440 - INFO - Example /home/projects/bagon/shared/imagenet512/val/n03530642/ILSVRC2012_val_00029028.JPEG reached epsilon at step 278, loss sum: 103.1321, final loss: 0.00099087, weight distance: 0.0072
2025-09-23 00:30:23,247 - INFO - Example /home/projects/bagon/shared/imagenet512/val/n03498962/ILSVRC2012_val_00046192.JPEG reached epsilon at step 261, loss sum: 251.3145, final loss: 0.00099468, weight distance: 0.0180
2025-09-23 00:30:29,416 - INFO - Example /home/projects/bagon/shared/imagenet512/val/n03249569/ILSVRC2012_val_00006936.JPEG reached epsilon at step 160, loss sum: 84.6572, final loss: 0.00098324, weight distance: 0.0119
2025-09-23 00:30:39,933 - INFO - Example /home/projects/bagon/shared/imagenet512/val/n04590129/ILSVRC2012_val_00023987.JPEG reached epsilon at step 292, loss sum: 138.0959, final loss: 0.00097227, weight distance: 0.0094
2025-09-23 00:30:50,402 - INFO - Example /home/projects/bagon/shared/imagenet512/val/n04356056/ILSVRC2012_val_00030640.JPEG reached epsilon at step 291, loss sum: 196.7348, final loss: 0.00099373, weight distance: 0.0172
2025-09-23 00:31:09,339 - INFO - Example /home/projects/bagon/shared/imagenet512/val/n03424325/ILSVRC2012_val_00034204.JPEG reached epsilon at step 530, loss sum: 28.2468, final loss: 0.00099468, weight distance: 0.0100
2025-09-23 00:31:28,065 - INFO - Example /home/projects/bagon/shared/imagenet512/val/n04008634/ILSVRC2012_val_00018586.JPEG reached epsilon at step 538, loss sum: 123.2207, final loss: 0.00099754, weight distance: 0.0258
2025-09-23 00:31:38,117 - INFO - Example /home/projects/bagon/shared/imagenet512/val/n03710721/ILSVRC2012_val_00035776.JPEG reached epsilon at step 278, loss sum: 40.0173, final loss: 0.00099945, weight distance: 0.0181
2025-09-23 00:31:50,325 - INFO - Example /home/projects/bagon/shared/imagenet512/val/n07932039/ILSVRC2012_val_00046179.JPEG reached epsilon at step 340, loss sum: 280.9671, final loss: 0.00099373, weight distance: 0.0225
2025-09-23 00:32:05,177 - INFO - Example /home/projects/bagon/shared/imagenet512/val/n02091032/ILSVRC2012_val_00020613.JPEG reached epsilon at step 419, loss sum: 146.7496, final loss: 0.00099945, weight distance: 0.0131
2025-09-23 00:32:11,599 - INFO - Example /home/projects/bagon/shared/imagenet512/val/n04019541/ILSVRC2012_val_00044405.JPEG reached epsilon at step 168, loss sum: 63.9331, final loss: 0.00099182, weight distance: 0.0087
2025-09-23 00:32:28,012 - INFO - Example /home/projects/bagon/shared/imagenet512/val/n03240683/ILSVRC2012_val_00049887.JPEG reached epsilon at step 470, loss sum: 47.9163, final loss: 0.00099945, weight distance: 0.0097
2025-09-23 00:32:38,809 - INFO - Example /home/projects/bagon/shared/imagenet512/val/n04548362/ILSVRC2012_val_00036253.JPEG reached epsilon at step 300, loss sum: 66.9968, final loss: 0.00097466, weight distance: 0.0132
2025-09-23 00:32:45,228 - INFO - Example /home/projects/bagon/shared/imagenet512/val/n07693725/ILSVRC2012_val_00028893.JPEG reached epsilon at step 167, loss sum: 69.0115, final loss: 0.00099468, weight distance: 0.0104
2025-09-23 00:33:12,805 - INFO - Example /home/projects/bagon/shared/imagenet512/val/n01644900/ILSVRC2012_val_00024102.JPEG reached epsilon at step 807, loss sum: 210.2487, final loss: 0.00099182, weight distance: 0.0101
2025-09-23 00:33:21,040 - INFO - Example /home/projects/bagon/shared/imagenet512/val/n04335435/ILSVRC2012_val_00029187.JPEG reached epsilon at step 224, loss sum: 96.6548, final loss: 0.00099945, weight distance: 0.0152
2025-09-23 00:33:31,015 - INFO - Example /home/projects/bagon/shared/imagenet512/val/n01694178/ILSVRC2012_val_00002077.JPEG reached epsilon at step 274, loss sum: 502.0760, final loss: 0.00097942, weight distance: 0.0149
2025-09-23 00:33:37,130 - INFO - Example /home/projects/bagon/shared/imagenet512/val/n11939491/ILSVRC2012_val_00021727.JPEG reached epsilon at step 155, loss sum: 157.2592, final loss: 0.00098801, weight distance: 0.0119
2025-09-23 00:33:56,301 - INFO - Example /home/projects/bagon/shared/imagenet512/val/n04487394/ILSVRC2012_val_00018527.JPEG reached epsilon at step 549, loss sum: 157.6970, final loss: 0.00099659, weight distance: 0.0163
2025-09-23 00:34:08,771 - INFO - Example /home/projects/bagon/shared/imagenet512/val/n04204347/ILSVRC2012_val_00011855.JPEG reached epsilon at step 342, loss sum: 102.6680, final loss: 0.00099659, weight distance: 0.0121
2025-09-23 00:34:15,158 - INFO - Example /home/projects/bagon/shared/imagenet512/val/n04501370/ILSVRC2012_val_00022562.JPEG reached epsilon at step 166, loss sum: 94.8499, final loss: 0.00099182, weight distance: 0.0123
2025-09-23 00:34:35,001 - INFO - Example /home/projects/bagon/shared/imagenet512/val/n03124170/ILSVRC2012_val_00002368.JPEG reached epsilon at step 566, loss sum: 160.7670, final loss: 0.00098228, weight distance: 0.0101
2025-09-23 00:34:41,599 - INFO - Example /home/projects/bagon/shared/imagenet512/val/n04548280/ILSVRC2012_val_00035525.JPEG reached epsilon at step 169, loss sum: 21.9753, final loss: 0.00098705, weight distance: 0.0113
2025-09-23 00:34:51,323 - INFO - Example /home/projects/bagon/shared/imagenet512/val/n01843383/ILSVRC2012_val_00032122.JPEG reached epsilon at step 268, loss sum: 279.7351, final loss: 0.00096321, weight distance: 0.0132
2025-09-23 00:34:57,611 - INFO - Example /home/projects/bagon/shared/imagenet512/val/n02364673/ILSVRC2012_val_00022152.JPEG reached epsilon at step 163, loss sum: 205.1905, final loss: 0.00096130, weight distance: 0.0108
2025-09-23 00:35:24,784 - INFO - Example /home/projects/bagon/shared/imagenet512/val/n03110669/ILSVRC2012_val_00031849.JPEG reached epsilon at step 793, loss sum: 427.5772, final loss: 0.00099373, weight distance: 0.0273
2025-09-23 00:35:38,805 - INFO - Example /home/projects/bagon/shared/imagenet512/val/n01985128/ILSVRC2012_val_00045022.JPEG reached epsilon at step 397, loss sum: 334.4237, final loss: 0.00097513, weight distance: 0.0115
2025-09-23 00:35:47,281 - INFO - Example /home/projects/bagon/shared/imagenet512/val/n03706229/ILSVRC2012_val_00047988.JPEG reached epsilon at step 225, loss sum: 69.2962, final loss: 0.00095797, weight distance: 0.0117
2025-09-23 00:36:51,472 - INFO - Example /home/projects/bagon/shared/imagenet512/val/n04592741/ILSVRC2012_val_00044184.JPEG reached epsilon at step 1861, loss sum: 153.8054, final loss: 0.00098705, weight distance: 0.0132
2025-09-23 00:37:13,520 - INFO - Example /home/projects/bagon/shared/imagenet512/val/n04560804/ILSVRC2012_val_00006573.JPEG reached epsilon at step 631, loss sum: 295.1614, final loss: 0.00099087, weight distance: 0.0219
2025-09-23 00:37:34,801 - INFO - Example /home/projects/bagon/shared/imagenet512/val/n03197337/ILSVRC2012_val_00009109.JPEG reached epsilon at step 609, loss sum: 99.8872, final loss: 0.00098610, weight distance: 0.0120
2025-09-23 00:37:47,450 - INFO - Example /home/projects/bagon/shared/imagenet512/val/n03599486/ILSVRC2012_val_00047366.JPEG reached epsilon at step 342, loss sum: 119.7662, final loss: 0.00098419, weight distance: 0.0143
2025-09-23 00:37:53,042 - INFO - Example /home/projects/bagon/shared/imagenet512/val/n03188531/ILSVRC2012_val_00010368.JPEG reached epsilon at step 141, loss sum: 88.2452, final loss: 0.00098896, weight distance: 0.0108
2025-09-23 00:38:24,856 - INFO - Example /home/projects/bagon/shared/imagenet512/val/n04033995/ILSVRC2012_val_00011029.JPEG reached epsilon at step 916, loss sum: 103.7027, final loss: 0.00099564, weight distance: 0.0172
2025-09-23 00:38:36,342 - INFO - Example /home/projects/bagon/shared/imagenet512/val/n02493509/ILSVRC2012_val_00043695.JPEG reached epsilon at step 318, loss sum: 87.5494, final loss: 0.00098515, weight distance: 0.0174
2025-09-23 00:38:42,544 - INFO - Example /home/projects/bagon/shared/imagenet512/val/n03976467/ILSVRC2012_val_00008666.JPEG reached epsilon at step 160, loss sum: 87.0796, final loss: 0.00098705, weight distance: 0.0105
2025-09-23 00:39:04,453 - INFO - Example /home/projects/bagon/shared/imagenet512/val/n03633091/ILSVRC2012_val_00019848.JPEG reached epsilon at step 631, loss sum: 234.6986, final loss: 0.00098896, weight distance: 0.0202
2025-09-23 00:39:49,848 - INFO - Example /home/projects/bagon/shared/imagenet512/val/n02988304/ILSVRC2012_val_00030976.JPEG reached epsilon at step 1332, loss sum: 322.3722, final loss: 0.00099754, weight distance: 0.0176
2025-09-23 00:40:03,549 - INFO - Example /home/projects/bagon/shared/imagenet512/val/n02869837/ILSVRC2012_val_00031092.JPEG reached epsilon at step 373, loss sum: 159.2728, final loss: 0.00099277, weight distance: 0.0150
2025-09-23 00:40:40,696 - INFO - Example /home/projects/bagon/shared/imagenet512/val/n01664065/ILSVRC2012_val_00046095.JPEG reached epsilon at step 1066, loss sum: 124.4182, final loss: 0.00096846, weight distance: 0.0152
2025-09-23 00:40:49,354 - INFO - Example /home/projects/bagon/shared/imagenet512/val/n02105412/ILSVRC2012_val_00013289.JPEG reached epsilon at step 231, loss sum: 243.4058, final loss: 0.00098228, weight distance: 0.0169
2025-09-23 00:40:54,608 - INFO - Example /home/projects/bagon/shared/imagenet512/val/n01955084/ILSVRC2012_val_00031321.JPEG reached epsilon at step 132, loss sum: 58.3563, final loss: 0.00097942, weight distance: 0.0094
2025-09-23 00:40:59,896 - INFO - Example /home/projects/bagon/shared/imagenet512/val/n02999410/ILSVRC2012_val_00047035.JPEG reached epsilon at step 133, loss sum: 61.8015, final loss: 0.00097084, weight distance: 0.0096
2025-09-23 00:41:11,074 - INFO - Example /home/projects/bagon/shared/imagenet512/val/n04120489/ILSVRC2012_val_00017120.JPEG reached epsilon at step 308, loss sum: 273.9040, final loss: 0.00097179, weight distance: 0.0178
2025-09-23 00:41:18,224 - INFO - Example /home/projects/bagon/shared/imagenet512/val/n02165456/ILSVRC2012_val_00029086.JPEG reached epsilon at step 178, loss sum: 26.2309, final loss: 0.00098133, weight distance: 0.0124
2025-09-23 00:41:25,175 - INFO - Example /home/projects/bagon/shared/imagenet512/val/n03794056/ILSVRC2012_val_00045500.JPEG reached epsilon at step 182, loss sum: 373.4208, final loss: 0.00095224, weight distance: 0.0121
2025-09-23 00:41:31,587 - INFO - Example /home/projects/bagon/shared/imagenet512/val/n03961711/ILSVRC2012_val_00006124.JPEG reached epsilon at step 166, loss sum: 141.9045, final loss: 0.00093985, weight distance: 0.0087
2025-09-23 00:41:40,049 - INFO - Example /home/projects/bagon/shared/imagenet512/val/n01496331/ILSVRC2012_val_00015555.JPEG reached epsilon at step 228, loss sum: 33.2719, final loss: 0.00096512, weight distance: 0.0076
2025-09-23 00:41:51,832 - INFO - Example /home/projects/bagon/shared/imagenet512/val/n03532672/ILSVRC2012_val_00041071.JPEG reached epsilon at step 323, loss sum: 85.9255, final loss: 0.00099945, weight distance: 0.0160
2025-09-23 00:42:16,309 - INFO - Example /home/projects/bagon/shared/imagenet512/val/n03781244/ILSVRC2012_val_00012783.JPEG reached epsilon at step 706, loss sum: 104.2273, final loss: 0.00098038, weight distance: 0.0169
2025-09-23 00:42:38,345 - INFO - Example /home/projects/bagon/shared/imagenet512/val/n04008634/ILSVRC2012_val_00040466.JPEG reached epsilon at step 630, loss sum: 99.5069, final loss: 0.00098610, weight distance: 0.0223
2025-09-23 00:42:42,790 - INFO - Example /home/projects/bagon/shared/imagenet512/val/n04254777/ILSVRC2012_val_00038657.JPEG reached epsilon at step 107, loss sum: 12.9098, final loss: 0.00097656, weight distance: 0.0080
2025-09-23 00:42:52,930 - INFO - Example /home/projects/bagon/shared/imagenet512/val/n02165105/ILSVRC2012_val_00030472.JPEG reached epsilon at step 277, loss sum: 91.2831, final loss: 0.00099659, weight distance: 0.0140
2025-09-23 00:43:05,301 - INFO - Example /home/projects/bagon/shared/imagenet512/val/n04118538/ILSVRC2012_val_00017936.JPEG reached epsilon at step 342, loss sum: 217.0137, final loss: 0.00098324, weight distance: 0.0149
2025-09-23 00:43:10,691 - INFO - Example /home/projects/bagon/shared/imagenet512/val/n02814860/ILSVRC2012_val_00007357.JPEG reached epsilon at step 135, loss sum: 6.7267, final loss: 0.00098228, weight distance: 0.0072
2025-09-23 00:43:37,210 - INFO - Example /home/projects/bagon/shared/imagenet512/val/n02110185/ILSVRC2012_val_00041840.JPEG reached epsilon at step 753, loss sum: 59.2490, final loss: 0.00099659, weight distance: 0.0171
2025-09-23 00:43:55,048 - INFO - Example /home/projects/bagon/shared/imagenet512/val/n01847000/ILSVRC2012_val_00026811.JPEG reached epsilon at step 509, loss sum: 572.0839, final loss: 0.00097752, weight distance: 0.0166
2025-09-23 00:44:08,623 - INFO - Example /home/projects/bagon/shared/imagenet512/val/n03223299/ILSVRC2012_val_00017518.JPEG reached epsilon at step 381, loss sum: 28.9138, final loss: 0.00098228, weight distance: 0.0080
2025-09-23 00:44:15,377 - INFO - Example /home/projects/bagon/shared/imagenet512/val/n03998194/ILSVRC2012_val_00008650.JPEG reached epsilon at step 177, loss sum: 24.5567, final loss: 0.00098991, weight distance: 0.0099
2025-09-23 00:44:26,372 - INFO - Example /home/projects/bagon/shared/imagenet512/val/n02097658/ILSVRC2012_val_00040875.JPEG reached epsilon at step 304, loss sum: 25.1283, final loss: 0.00099659, weight distance: 0.0173
2025-09-23 00:44:31,740 - INFO - Example /home/projects/bagon/shared/imagenet512/val/n02497673/ILSVRC2012_val_00005944.JPEG reached epsilon at step 135, loss sum: 5.5128, final loss: 0.00097609, weight distance: 0.0087
2025-09-23 00:44:38,403 - INFO - Example /home/projects/bagon/shared/imagenet512/val/n02823428/ILSVRC2012_val_00031867.JPEG reached epsilon at step 167, loss sum: 155.0309, final loss: 0.00099564, weight distance: 0.0124
2025-09-23 00:45:39,000 - INFO - Example /home/projects/bagon/shared/imagenet512/val/n01756291/ILSVRC2012_val_00001819.JPEG reached epsilon at step 1782, loss sum: 173.7702, final loss: 0.00099945, weight distance: 0.0315
2025-09-23 00:45:47,349 - INFO - Example /home/projects/bagon/shared/imagenet512/val/n04350905/ILSVRC2012_val_00032076.JPEG reached epsilon at step 225, loss sum: 90.1513, final loss: 0.00099850, weight distance: 0.0109
2025-09-23 00:45:58,303 - INFO - Example /home/projects/bagon/shared/imagenet512/val/n03877845/ILSVRC2012_val_00003804.JPEG reached epsilon at step 303, loss sum: 48.0680, final loss: 0.00098896, weight distance: 0.0155
2025-09-23 00:46:19,759 - INFO - Example /home/projects/bagon/shared/imagenet512/val/n03028079/ILSVRC2012_val_00039477.JPEG reached epsilon at step 611, loss sum: 216.8988, final loss: 0.00099850, weight distance: 0.0169
2025-09-23 00:46:30,997 - INFO - Example /home/projects/bagon/shared/imagenet512/val/n02791270/ILSVRC2012_val_00043032.JPEG reached epsilon at step 312, loss sum: 195.4719, final loss: 0.00099564, weight distance: 0.0112
2025-09-23 00:47:10,379 - INFO - Example /home/projects/bagon/shared/imagenet512/val/n04208210/ILSVRC2012_val_00043683.JPEG reached epsilon at step 1155, loss sum: 275.4691, final loss: 0.00096083, weight distance: 0.0113
2025-09-23 00:47:16,283 - INFO - Example /home/projects/bagon/shared/imagenet512/val/n03786901/ILSVRC2012_val_00009935.JPEG reached epsilon at step 148, loss sum: 62.5329, final loss: 0.00095177, weight distance: 0.0088
2025-09-23 00:47:27,086 - INFO - Example /home/projects/bagon/shared/imagenet512/val/n03063689/ILSVRC2012_val_00033518.JPEG reached epsilon at step 299, loss sum: 147.3991, final loss: 0.00098610, weight distance: 0.0165
2025-09-23 00:47:37,047 - INFO - Example /home/projects/bagon/shared/imagenet512/val/n02119789/ILSVRC2012_val_00047804.JPEG reached epsilon at step 274, loss sum: 76.0371, final loss: 0.00099659, weight distance: 0.0185
2025-09-23 00:47:51,150 - INFO - Example /home/projects/bagon/shared/imagenet512/val/n02091134/ILSVRC2012_val_00017871.JPEG reached epsilon at step 398, loss sum: 82.5222, final loss: 0.00099468, weight distance: 0.0167
2025-09-23 00:48:31,051 - INFO - Example /home/projects/bagon/shared/imagenet512/val/n02808440/ILSVRC2012_val_00003786.JPEG reached epsilon at step 1167, loss sum: 110.2313, final loss: 0.00099468, weight distance: 0.0235
2025-09-23 00:48:42,869 - INFO - Example /home/projects/bagon/shared/imagenet512/val/n07614500/ILSVRC2012_val_00001415.JPEG reached epsilon at step 328, loss sum: 63.2957, final loss: 0.00099850, weight distance: 0.0106
2025-09-23 00:49:26,367 - INFO - Example /home/projects/bagon/shared/imagenet512/val/n04376876/ILSVRC2012_val_00026871.JPEG reached epsilon at step 1275, loss sum: 889.4560, final loss: 0.00098705, weight distance: 0.0161
2025-09-23 00:49:27,120 - INFO - Time limit reached. Exiting before starting next example.
